% Position Control  theta_d=+30.0000 deg (0.523599 rad)
% Kp=72.950000  Kd=2.695000
% Vg_offset=1.338733V  K_gimbal=26.049690  samples=233

Time[s]              OmegaCmd[deg/s]      Vc[V]                Vg[V]                Pot[V]               Omega[rad/s]         Theta[rad]          
        0.0006737000      7603.7638596504         5.0000000000         1.3378393285         1.4212475511        -0.0232705635        -1.2947425640
        0.0055302000      7662.3143467595         5.0000000000         1.3327346748         1.4135919187        -0.1562452119        -1.3038382748
        0.0106474000      7649.6418171043         5.0000000000         1.3327346748         1.4161437961        -0.1562452119        -1.3008063712
        0.0156492000      7529.4926355645         5.0000000000         1.3531532897         1.4237994285         0.3756533819        -1.2917106604
        0.0205894000      7339.8843911057         5.0000000000         1.3939905194         1.4289031834         1.4394505695        -1.2856468533
        0.0256556000      6958.2618216046         5.0000000000         1.4731126519         1.4416625707         3.5005576205        -1.2704873353
        0.0304648000      6537.9795363997         5.0000000000         1.5649964188         1.4518700806         5.8941012927        -1.2583597209
        0.0355633000      6018.7230945369         5.0000000000         1.6594325125         1.4799407326         8.3541322891        -1.2250087814
        0.0406059000      5720.5163710864         5.0000000000         1.6926127616         1.5131151396         9.2184675040        -1.1855940347
        0.0457298000      5394.5585077422         5.0000000000         1.7232406839         1.5539451789        10.0163153948        -1.1370835773
        0.0505763000      5007.0019499674         5.0000000000         1.7691825673         1.5947752183        11.2130872308        -1.0885731198
        0.0556540000      4596.5064134656         5.0000000000         1.8176767776         1.6381571351        12.4763463911        -1.0370307587
        0.0605814000      4161.3079443917         5.0000000000         1.8534093535         1.6968503166        13.4071689303        -0.9672969761
        0.0655693000      3748.4063273065         5.0000000000         1.8993512370         1.7427841109        14.6039407664        -0.9127227114
        0.0705811000      3236.5305535633         5.0000000000         1.9478454472         1.8065810474        15.8671999267        -0.8369251216
        0.0756087000      2913.6208975408         5.0000000000         1.9682640621         1.8550667191        16.3990985205        -0.7793189534
        0.0806552000      2369.1818227371         5.0000000000         2.0091012918         1.9316230429        17.4628957081        -0.6883618456
        0.0862130000      1876.0749932923         5.0000000000         2.0371768872         2.0081793666        18.1942562746        -0.5974047379
        0.0905909000      1545.9470955196         5.0000000000         2.0499385215         2.0643206707        18.5266928958        -0.5307028588
        0.0955985000      1129.5175707440         4.2782463198         2.0652524826         2.1357732396        18.9256168411        -0.4458095583
        0.1006181000       690.1490672416         3.4560573764         2.0831187706         2.2097776859        19.3910281107        -0.3578843541
        0.1056383000       276.7677497877         3.0103363930         2.0882234243         2.2888858871        19.5240027592        -0.2638953427
        0.1107957000         6.4745926005         2.5688456146         2.0703571363         2.3577865785        19.0585914896        -0.1820339458
        0.1156911000      -284.3514627303         1.9490331330         2.0575955021         2.4266872699        18.7261548684        -0.1001725488
        0.1205856000      -598.1164967880         1.6039752419         2.0473861946         2.4981398388        18.4602055715        -0.0152792482
        0.1255536000      -926.9601410842         1.1019197461         2.0346245604         2.5746961625        18.1277689504         0.0756778596
        0.1305459000     -1243.1312557253         0.3061207028         2.0218629261         2.6487006088        17.7953323293         0.1636030637
        0.1354726000     -1508.6122517457         0.0000000000         2.0091012918         2.7124975453        17.4628957081         0.2394006535
        0.1404644000     -1804.2504682433         0.0000000000         1.9912350038         2.7865019916        16.9974844386         0.3273258577
        0.1456397000     -1936.9097530687         0.0000000000         1.9580547547         2.8400914183        16.1331492236         0.3909958331
        0.1504685000      -908.5008920453         1.1372462623         1.7181360302         2.8273320310         9.8833407463         0.3758363152
        0.1555135000      -138.5172116616         2.1172286549         1.5267115159         2.8273320310         4.8967914293         0.3758363152
        0.1605365000       667.0779771043         3.4277083415         1.3327346748         2.8222282761        -0.1562452119         0.3697725080
        0.1655928000      1172.5400622050         4.4036867956         1.2102229857         2.8196763986        -3.3476367748         0.3667406044
        0.1705426000      1151.3650373232         4.3405766480         1.2280892737         2.8094688888        -2.8822255052         0.3546129900
        0.1755088000      1150.7229105850         4.3387049123         1.2408509080         2.7992613789        -2.5497888841         0.3424853757
        0.1806492000      1282.9024950417         4.7799821022         1.2331939274         2.7788463592        -2.7492508568         0.3182301469
        0.1856941000      1197.7226951459         4.4823526495         1.2638218497         2.7711907269        -1.9514029661         0.3091344362
        0.1907204000      1227.8799156230         4.5819724571         1.2689265034         2.7609832170        -1.8184283176         0.2970068218
        0.1956286000      1178.9537508475         4.4233430948         1.2842404646         2.7584313396        -1.4195043722         0.2939749182
        0.2006983000      1061.2106498911         4.1003220086         1.3072114063         2.7635350945        -0.8211184542         0.3000387254
        0.2056268000        49.8067793209         2.7547230192         1.5113975548         2.8018132564         4.4978674839         0.3455172793
        0.2106017000      -918.1252143788         1.1189577801         1.7079267227         2.8375395408         9.6173914494         0.3879639295
        0.2156720000     -1684.8982610714         0.0000000000         1.8355430655         2.8885770900        12.9417576607         0.4486020014
        0.2206722000     -1845.9508125288         0.0000000000         1.8125721238         2.9396146392        12.3433717427         0.5092400732
        0.2256168000     -2025.7723082846         0.0000000000         1.8100197970         2.9778928011        12.2768844185         0.5547186271
        0.2306052000     -2120.4140041446         0.0000000000         1.7768395479         3.0238265953        11.4125492035         0.6092928918
        0.2357103000     -2228.3703563979         0.0000000000         1.7564209330         3.0621047572        10.8806506097         0.6547714456
        0.2405663000     -2448.6155217026         0.0000000000         1.7513162793         3.1105904289        10.7476759612         0.7123776139
        0.2456745000     -2403.2172646174         0.0000000000         1.7053743959         3.1386610810         9.5509041252         0.7457285534
        0.2507958000     -1293.3189377579         0.1409244367         1.4577986908         3.1156941838         3.1016336752         0.7184414211
        0.2554960000      -441.8457915382         1.7806273374         1.2587171960         3.1054866740        -2.0843776145         0.7063138067
        0.2606309000       503.1472234345         3.2445329247         1.0647403549         3.0723122670        -7.1374142557         0.6668990600
        0.2658293000       747.6156209427         3.5306885308         1.0417694132         3.0416897375        -7.7358001738         0.6305162169
        0.2706458000       687.7808803571         3.4531083449         1.0723973355         3.0289303502        -6.9379522831         0.6153566989
        0.2757260000       854.9298464578         3.6895784431         1.0749496623         2.9932040658        -6.8714649588         0.5729100487
        0.2807714000       927.9168170672         3.8164249546         1.0851589698         2.9702371687        -6.6055156619         0.5456229163
        0.2859609000      1059.4542747857         4.0960651221         1.0902636235         2.9396146392        -6.4725410135         0.5092400732
        0.2906077000      1145.1137750502         4.3224582717         1.1004729309         2.9140958646        -6.2065917166         0.4789210373
        0.2960229000      1146.8777288955         4.3275475449         1.1157868920         2.9013364773        -5.8076677712         0.4637615193
        0.3006017000      1048.3832726062         4.0695790393         1.1591764486         2.8860252125        -4.6773832593         0.4455700978
        0.3060738000       -89.2661941470         2.1803013761         1.4041998268         2.9166477420         1.7053998664         0.4819529409
        0.3105462000     -1044.5256581916         0.8507304619         1.6007289948         2.9498221490         6.8249238319         0.5213676876
        0.3155368000     -1632.5990362353         0.0000000000         1.7028220690         2.9855484334         9.4844168009         0.5638143379
        0.3205455000     -1661.4720032359         0.0000000000         1.6721941467         3.0161709629         8.6865689102         0.6001971810
        0.3255982000     -1787.5551730495         0.0000000000         1.6594325125         3.0518972474         8.3541322891         0.6426438313
        0.3305947000     -1888.2932835526         0.0000000000         1.6466708782         3.0825197769         8.0216956679         0.6790266744
        0.3355874000     -1894.8693985645         0.0000000000         1.6262522633         3.1003829191         7.4897970741         0.7002499995
        0.3406007000     -2059.6122840818         0.0000000000         1.6262522633         3.1335573261         7.4897970741         0.7396647462
        0.3455576000     -2073.4066408439         0.0000000000         1.5981766679         3.1590761006         6.7584365076         0.7699837821
        0.3505643000     -1096.9721519176         0.7226566683         1.3837812120         3.1361092035         1.1735012726         0.7426966498
        0.3555626000       -13.0610111067         2.3533027766         1.1489671412         3.1080385515        -4.9433325563         0.7093457103
        0.3605807000       934.3380844494         3.8284511409         0.9575426269         3.0723122670        -9.9298818733         0.6668990600
        0.3655206000      1073.7359106563         4.1311236146         0.9575426269         3.0442416150        -9.9298818733         0.6335481205
        0.3706007000      1214.8976907084         4.5383454418         0.9728565881         3.0034115756        -9.5309579279         0.5850376630
        0.3755284000      1313.2297206282         4.8987169343         0.9830658955         2.9753409236        -9.2650086310         0.5516867235
        0.3805187000      1485.1908478956         5.0000000000         0.9907228761         2.9345108842        -9.0655466583         0.5031762660
        0.3855156000      1646.8855260912         5.0000000000         1.0009321835         2.8936808449        -8.7995973614         0.4546658086
        0.3906003000      1722.2785772840         5.0000000000         1.0136938178         2.8681620703        -8.4671607403         0.4243467726
        0.3956098000      1446.8484061910         5.0000000000         1.0979206040         2.8554026830        -6.2730790408         0.4091872547
        0.4006343000       183.5954699930         2.9098306519         1.3710195777         2.8885770900         0.8410646515         0.4486020014
        0.4057647000      -810.3237097552         1.3086826819         1.5803103799         2.9191996195         6.2930252381         0.4849848445
        0.4105252000     -1478.1225997898         0.0000000000         1.7053743959         2.9523740265         9.5509041252         0.5243995912
        0.4157688000     -1481.6505074801         0.0000000000         1.6747464736         2.9778928011         8.7530562344         0.5547186271
        0.4206130000     -1674.1445328911         0.0000000000         1.6721941467         3.0187228404         8.6865689102         0.6032290846
        0.4257590000     -1708.4717877968         0.0000000000         1.6492232050         3.0442416150         8.0881829922         0.6335481205
        0.4305812000     -1817.0702667883         0.0000000000         1.6415662245         3.0723122670         7.8887210195         0.6668990600
        0.4356497000     -1859.2578901824         0.0000000000         1.6236999365         3.0952791642         7.4233097499         0.6941861923
        0.4406274000     -1906.2576747433         0.0000000000         1.6007289948         3.1233498162         6.8249238319         0.7275371319
        0.4456320000     -1080.7717145721         0.7633474174         1.4144091342         3.1080385515         1.9713491633         0.7093457103
        0.4506062000        64.7381206695         2.7727785298         1.1642811023         3.0799678994        -4.5444086109         0.6759947708
        0.4557105000       979.5739151651         3.9175938910         0.9651996075         3.0570010023        -9.7304199006         0.6487076385
        0.4606985000      1067.6394960131         4.1160336216         0.9779612418         3.0289303502        -9.3979832794         0.6153566989
        0.4656449000      1208.8012760651         4.5182480801         0.9932752029         2.9881003109        -8.9990593341         0.5668462415
        0.4708101000      1355.4173440222         5.0000000000         1.0009321835         2.9523740265        -8.7995973614         0.5243995912
        0.4755784000      1535.2388397780         5.0000000000         1.0034845104         2.9140958646        -8.7331100372         0.4789210373
        0.4806554000      1590.0989928273         5.0000000000         1.0213507983         2.8885770900        -8.2676987676         0.4486020014
        0.4857336000      1759.6540395113         5.0000000000         1.0264554521         2.8502989281        -8.1347241191         0.4031234475
        0.4906264000       968.0156338771         3.8940553767         1.1949090246         2.8732658252        -3.7465607202         0.4304105798
        0.4956327000      -154.5552226376         2.0975207127         1.4424847297         2.8987845998         2.7027097298         0.4607296158
        0.5006206000     -1056.7184874780         0.8218900956         1.6415662245         2.9191996195         7.8887210195         0.4849848445
        0.5056363000     -1324.7679904513         0.0311842689         1.6798511273         2.9421665166         8.8860308829         0.5122719768
        0.5109195000     -1401.9249954892         0.0000000000         1.6517755319         2.9804446785         8.1546703164         0.5577505307
        0.5157617000     -1500.2570254090         0.0000000000         1.6415662245         3.0085153306         7.8887210195         0.5911014702
        0.5207692000     -1590.7286868404         0.0000000000         1.6262522633         3.0391378601         7.4897970741         0.6274843133
        0.5256653000     -1701.7332464154         0.0000000000         1.6160429559         3.0697603896         7.2238477772         0.6638671564
        0.5308708000     -1823.0042550621         0.0000000000         1.6083859753         3.1003829191         7.0243858045         0.7002499995
        0.5357002000     -1795.7328155371         0.0000000000         1.5701010725         3.1259016937         6.0270759411         0.7305690354
        0.5409414000      -476.3354728134         1.7432655833         1.2893451183         3.0876235318        -1.2865297238         0.6850904816
        0.5456540000       612.3878291643         3.3635325894         1.0596357012         3.0544491248        -7.2703889042         0.6456757349
        0.5506923000      1172.7100673143         4.4042045286         0.9549903001         3.0263784728        -9.9963691975         0.6123247954
        0.5555522000      1181.0501361714         4.4298235404         0.9907228761         2.9957559433        -9.0655466583         0.5759419523
        0.5607121000      1327.6662041285         4.9577707279         0.9983798566         2.9600296588        -8.8660846856         0.5334953020
        0.5656292000      1464.0158230138         5.0000000000         1.0085891641         2.9243033744        -8.6001353887         0.4910486517
        0.5706027000      1577.4264631721         5.0000000000         1.0213507983         2.8911289674        -8.2676987676         0.4516339050
        0.5756155000      1686.0249421637         5.0000000000         1.0290077789         2.8630583154        -8.0682367949         0.4182829655
        0.5805642000      1789.1691332502         5.0000000000         1.0443217401         2.8298839084        -7.6693128495         0.3788682188
        0.5855472000       784.3413776919         3.5818848860         1.2689265034         2.8502989281        -1.8184283176         0.4031234475
        0.5906253000      -312.2422927742         1.9188666096         1.5037405742         2.8809214576         4.2984055113         0.4395062906
        0.5956930000     -1172.6976345892         0.5183462123         1.6798511273         2.9115439871         8.8860308829         0.4758891337
        0.6006842000     -1283.7021941642         0.1735123267         1.6696418199         2.9421665166         8.6200815860         0.5122719768
        0.6056250000     -1353.6409574520         0.0000000000         1.6492232050         2.9727890461         8.0881829922         0.5486548199
        0.6106826000     -1464.6455170269         0.0000000000         1.6390138976         3.0034115756         7.8222336953         0.5850376630
        0.6156761000     -1593.1347674238         0.0000000000         1.6236999365         3.0416897375         7.4233097499         0.6305162169
        0.6204851000     -1711.9996954871         0.0000000000         1.6185952828         3.0697603896         7.2903351015         0.6638671564
        0.6256999000     -1774.7202170248         0.0000000000         1.6058336485         3.0927272867         6.9578984803         0.6911542887
        0.6306150000     -1474.5871133597         0.0000000000         1.5343684965         3.0901754092         5.0962534020         0.6881223852
        0.6355017000      -182.2987837915         2.0642689573         1.2382985811         3.0697603896        -2.6162762083         0.6638671564
        0.6405701000       888.2977006260         3.7454152333         1.0162461446         3.0340341051        -8.4006734160         0.6214205061
        0.6456462000      1289.1689147942         4.8039373861         0.9575426269         3.0008596982        -9.9298818733         0.5820057594
        0.6505939000      1343.3869411053         5.0000000000         0.9881705492         2.9651334138        -9.1320339825         0.5395591091
        0.6556148000      1436.2646831200         5.0000000000         1.0060368372         2.9319590068        -8.6666227129         0.5001443625
        0.6605506000      1601.0075686373         5.0000000000         1.0060368372         2.8987845998        -8.6666227129         0.4607296158
        0.6658104000      1727.0907384508         5.0000000000         1.0187984715         2.8630583154        -8.3341860918         0.4182829655
        0.6707141000      1861.0342767527         5.0000000000         1.0264554521         2.8298839084        -8.1347241191         0.3788682188
        0.6757772000      1910.4401418969         5.0000000000         1.0519787206         2.7992613789        -7.4698508769         0.3424853757
        0.6806678000       723.8645103682         3.4990933209         1.3123160600         2.8273320310        -0.6881438057         0.3758363152
        0.6857099000      -326.8412026440         1.9032092326         1.5420254771         2.8528508056         5.2957153747         0.4061553511
        0.6906151000     -1138.3703796836         0.6139086648         1.7028220690         2.8860252125         9.4844168009         0.4455700978
        0.6958027000     -1269.2657106638         0.2215948211         1.6849557810         2.9268552519         9.0190055314         0.4940805553
        0.7007296000     -1405.6153295491         0.0000000000         1.6747464736         2.9625815363         8.7530562344         0.5365272056
        0.7055970000     -1501.5412788855         0.0000000000         1.6670894930         2.9881003109         8.5535942618         0.5668462415
        0.7106495000     -1484.5362884322         0.0000000000         1.6313569170         3.0136190855         7.6227717226         0.5971652774
        0.7155855000     -1687.2967629150         0.0000000000         1.6313569170         3.0544491248         7.6227717226         0.6456757349
        0.7206129000     -1775.3623437630         0.0000000000         1.6185952828         3.0825197769         7.2903351015         0.6790266744
        0.7256247000      -919.0770363765         1.1171337561         1.4246184417         3.0672085121         2.2372984602         0.6608352528
        0.7306112000       339.3637386547         3.0755621400         1.1464148143         3.0391378601        -5.0098198805         0.6274843133
        0.7356265000      1251.1513258287         4.6630761567         0.9575426269         3.0085153306        -9.9298818733         0.5911014702
        0.7406573000      1338.5747799385         5.0000000000         0.9830658955         2.9702371687        -9.2650086310         0.5456229163
        0.7456510000      1454.3915006802         5.0000000000         0.9983798566         2.9345108842        -8.8660846856         0.5031762660
        0.7506870000      1601.0075686373         5.0000000000         1.0060368372         2.8987845998        -8.6666227129         0.4607296158
        0.7557459000      1734.9511069392         5.0000000000         1.0136938178         2.8656101929        -8.4671607403         0.4213148691
        0.7644291000      1779.5448109167         5.0000000000         1.0341124326         2.8400914183        -7.9352621465         0.3909958331
        0.7661523000      1961.7723872558         5.0000000000         1.0392170863         2.7992613789        -7.8022874980         0.3424853757
        0.7708104000      1348.8336502705         5.0000000000         1.1821473903         2.8069170113        -4.0789973413         0.3515810864
        0.7779725000      -350.4223081092         1.8780491025         1.5573394382         2.8451951732         5.6946393200         0.3970596403
        0.7805132000      -844.9758173999         1.2511777847         1.6645371662         2.8579545605         8.4871069375         0.4122191583
        0.7855882000     -1210.2355231860         0.4080113691         1.7206883570         2.8860252125         9.9498280705         0.4455700978
        0.7905527000     -1274.7199985688         0.2035461649         1.6926127616         2.9217514970         9.2184675040         0.4880167481
        0.7957782000     -1423.7421471093         0.0000000000         1.6824034542         2.9600296588         8.9525182071         0.5334953020
        0.8006717000     -1539.5588678510         0.0000000000         1.6670894930         2.9957559433         8.5535942618         0.5759419523
        0.8056228000     -1611.9037117222         0.0000000000         1.6441185513         3.0289303502         7.9552083437         0.6153566989
        0.8106536000     -1741.0350888573         0.0000000000         1.6415662245         3.0570010023         7.8887210195         0.6487076385
        0.8156370000     -1411.8665918220         0.0000000000         1.5471301308         3.0672085121         5.4286900231         0.6608352528
        0.8206265000       -19.9619788576         2.2771620954         1.2357462543         3.0391378601        -2.6827635325         0.6274843133
        0.8255967000      1061.5430813699         4.1011294254         0.9983798566         3.0136190855        -8.8660846856         0.5971652774
        0.8305942000      1313.8718473663         4.9013082988         0.9703042612         2.9855484334        -9.5974452521         0.5638143379
        0.8355442000      1467.7061570736         5.0000000000         0.9856182224         2.9421665166        -9.1985213068         0.5122719768
        0.8405584000      1629.4008352692         5.0000000000         0.9958275298         2.9013364773        -8.9325720099         0.4637615193
        0.8455405000      1763.3443735711         5.0000000000         1.0034845104         2.8681620703        -8.7331100372         0.4243467726
        0.8506067000      1802.4837896436         5.0000000000         1.0315601058         2.8375395408        -8.0017494707         0.3879639295
        0.8556696000      1954.5541455057         5.0000000000         1.0315601058         2.8069170113        -8.0017494707         0.3515810864
        0.8605654000      1837.9328716562         5.0000000000         1.0826066429         2.7890538691        -6.6720029861         0.3303577613
        0.8656834000       707.5016466531         3.4779549920         1.3352870017         2.8120207662        -0.0897578877         0.3576448936
        0.8706582000      -399.3484728847         1.8260426522         1.5726533993         2.8426432957         6.0935632654         0.3940277367
        0.8756630000     -1019.5054516202         0.9081987729         1.7079267227         2.8579545605         9.6173914494         0.4122191583
        0.8806593000     -1053.1905797877         0.8302919503         1.6721941467         2.8936808449         8.6865689102         0.4546658086
        0.8856584000     -1255.9510542704         0.2650598014         1.6721941467         2.9345108842         8.6865689102         0.5031762660
        0.8906500000     -1394.7067537391         0.0000000000         1.6594325125         2.9727890461         8.3541322891         0.5486548199
        0.8956544000     -1518.3838429692         0.0000000000         1.6492232050         3.0059634531         8.0881829922         0.5880695666
        0.9007193000     -1542.4446488031         0.0000000000         1.6236999365         3.0314822277         7.4233097499         0.6183886025
        0.9056867000     -1594.8987212690         0.0000000000         1.6083859753         3.0544491248         7.0243858045         0.6456757349
        0.9106743000      -234.4355822582         2.0042293550         1.3174207137         3.0161709629        -0.5551691573         0.6001971810
        0.9156581000       926.7949899602         3.8143392290         1.0570833743         2.9932040658        -7.3368762284         0.5729100487
        0.9205982000      1512.4622874206         5.0000000000         0.9524379732         2.9600296588       -10.0628565217         0.5334953020
        0.9257106000      1479.7365599905         5.0000000000         0.9983798566         2.9294071293        -8.8660846856         0.4971124589
        0.9307081000      1601.0075686373         5.0000000000         1.0060368372         2.8987845998        -8.6666227129         0.4607296158
        0.9357287000      1783.2351449765         5.0000000000         1.0111414909         2.8579545605        -8.5336480645         0.4122191583
        0.9406300000      1952.7901916605         5.0000000000         1.0162461446         2.8196763986        -8.4006734160         0.3667406044
        0.9456613000      2063.7947512354         5.0000000000         1.0264554521         2.7890538691        -8.1347241191         0.3303577613
        0.9506596000      2021.4447014719         5.0000000000         1.0621880280         2.7686388494        -7.2039015800         0.3061025326
        0.9556649000       755.1435579523         3.5409421225         1.3454963091         2.7941576240         0.1761914092         0.3364215685
        0.9606382000      -377.6937476342         1.8490589620         1.5956243410         2.8196763986         6.6919491834         0.3667406044
        0.9658076000     -1096.8248830277         0.7230312125         1.7334499913         2.8528508056        10.2822646917         0.4061553511
        0.9706711000     -1128.1039306118         0.6415285876         1.7002697422         2.8860252125         9.4179294767         0.4455700978
        0.9756618000     -1307.9254263676         0.0905639908         1.6977174153         2.9243033744         9.3514421525         0.4910486517
        0.9807342000     -1436.4146767645         0.0000000000         1.6824034542         2.9625815363         8.9525182071         0.5365272056
        0.9856089000     -1539.5588678510         0.0000000000         1.6670894930         2.9957559433         8.5535942618         0.5759419523
        0.9905824000     -1576.2922033401         0.0000000000         1.6415662245         3.0238265953         7.8887210195         0.6092928918
        0.9956909000     -1745.8472500241         0.0000000000         1.6364615707         3.0621047572         7.7557463710         0.6547714456
        1.0005528000      -454.2010471941         1.7673101756         1.3531532897         3.0314822277         0.3756533819         0.6183886025
        1.0055730000       850.1176852910         3.6818041690         1.0698450086         2.9983078207        -7.0044396073         0.5789738558
        1.0105553000      1397.7673937858         5.0000000000         0.9651996075         2.9727890461        -9.7304199006         0.5486548199
        1.0156470000      1431.4525219533         5.0000000000         1.0009321835         2.9370627617        -8.7995973614         0.5062081696
        1.0205088000      1611.2740177091         5.0000000000         1.0034845104         2.8987845998        -8.7331100372         0.4607296158
        1.0257321000      1709.6060476288         5.0000000000         1.0136938178         2.8707139478        -8.4671607403         0.4273786762
        1.0305232000      1766.8722812615         5.0000000000         1.0341124326         2.8426432957        -7.9352621465         0.3940277367
        1.0356329000      1867.6103917646         5.0000000000         1.0468740669         2.8120207662        -7.6028255253         0.3576448936
        1.0405222000      2003.9600106499         5.0000000000         1.0570833743         2.7762944818        -7.3368762284         0.3151982433
        1.0457195000       732.8467059635         3.5109108040         1.3352870017         2.8069170113        -0.0897578877         0.3515810864
        1.0506243000      -458.5410867320         1.7626157946         1.5905196873         2.8400914183         6.5589745350         0.3909958331
        1.0555997000     -1137.2485525766         0.6169479601         1.7308976644         2.8630583154        10.2157773674         0.4182829655
        1.0605783000     -1196.2787400544         0.4497611820         1.6951650884         2.9038883547         9.2849548283         0.4667934229
        1.0656739000     -1388.7727654653         0.0000000000         1.6926127616         2.9447183941         9.2184675040         0.5153038804
        1.0707361000     -1423.1000203711         0.0000000000         1.6696418199         2.9702371687         8.6200815860         0.5456229163
        1.0755990000     -1595.0611476385         0.0000000000         1.6619848393         3.0110672080         8.4206196133         0.5941333738
        1.0806467000     -1550.3050172915         0.0000000000         1.6288045902         3.0289303502         7.5562843984         0.6153566989
        1.0857647000     -1686.6546361768         0.0000000000         1.6185952828         3.0646566347         7.2903351015         0.6578033492
        1.0905850000      -540.5026741970         1.6716623182         1.3557056165         3.0467934924         0.4421407061         0.6365800241
        1.0957204000       774.0825073600         3.5672801009         1.0698450086         3.0136190855        -7.0044396073         0.5971652774
        1.1006557000      1395.3613132024         5.0000000000         0.9626472806         2.9753409236        -9.7969072248         0.5516867235
        1.1055294000      1393.4349329878         5.0000000000         1.0009321835         2.9447183941        -8.7995973614         0.5153038804
        1.1106497000      1494.1730434909         5.0000000000         1.0136938178         2.9140958646        -8.4671607403         0.4789210373
        1.1156108000      1651.0555605197         5.0000000000         1.0187984715         2.8783695801        -8.3341860918         0.4364743870
        1.1206350000      1764.4662006780         5.0000000000         1.0315601058         2.8451951732        -8.0017494707         0.3970596403
        1.1255584000      1809.0599046555         5.0000000000         1.0519787206         2.8196763986        -7.4698508769         0.3667406044
        1.1304971000      1815.6360196675         5.0000000000         1.0723973355         2.8018132564        -6.9379522831         0.3455172793
        1.1356670000       776.9607095722         3.5713530049         1.3148683868         2.8145726437        -0.6216564815         0.3606767972
        1.1407075000      -381.8637820627         1.8446288583         1.5777580530         2.8349876633         6.2265379138         0.3849320260
        1.1455798000     -1198.2051202690         0.4440503135         1.7334499913         2.8732658252        10.2822646917         0.4304105798
        1.1505410000     -1272.9560447236         0.2093987860         1.7079267227         2.9089921097         9.6173914494         0.4728572301
        1.1556815000     -1399.0392145371         0.0000000000         1.6951650884         2.9447183941         9.2849548283         0.5153038804
        1.1606605000     -1519.6680964457         0.0000000000         1.6747464736         2.9855484334         8.7530562344         0.5638143379
