% Sweep Step 177/200  Vcmd=4.9500V  CW 
% Vg_offset=1.338069V  K_gimbal=26.049690

Time[s]              Vcmd[V]              Vg_raw[V]            Pot[V]             Omega[rad/s]
        0.0026166000         4.9500000000         1.3429439823         2.9676852912         0.1269907893
        0.0056512000         4.9500000000         1.3378393285         2.9600296588        -0.0059838592
        0.0106954000         4.9500000000         1.3327346748         2.9574777814        -0.1389585076
        0.0156259000         4.9500000000         1.5216068622         2.9727890461         4.7811034851
        0.0207392000         4.9500000000         1.7538686061         3.0085153306        10.8314499898
        0.0255338000         4.9500000000         1.7053743959         3.0442416150         9.5681908295
        0.0306281000         4.9500000000         1.8023628164         3.0978310416        12.0947091501
        0.0355766000         4.9500000000         1.8534093535         3.1386610810        13.4244556346
        0.0408822000         4.9500000000         1.8763802953         3.1896986301        14.0228415527
        0.0457367000         4.9500000000         1.9095605444         3.2534955666        14.8871767676
        0.0505467000         4.9500000000         1.9886826769         3.3121887482        16.9482838186
        0.0556405000         4.9500000000         1.9784733695         3.3734338072        16.6823345217
        0.0605461000         4.9500000000         2.0091012918         3.4448863760        17.4801824124
        0.0655535000         4.9500000000         2.0473861946         3.5137870674        18.4774922758
        0.0706471000         4.9500000000         2.0473861946         3.5877915138        18.4774922758
        0.0756364000         4.9500000000         2.0805664438         3.6592440826        19.3418274908
        0.0805892000         4.9500000000         2.0958804049         3.7383522838        19.7407514361
        0.0855658000         4.9500000000         2.1009850586         3.8098048527        19.8737260846
        0.0904651000         4.9500000000         2.1239560003         3.8838092990        20.4721120026
        0.0955532000         4.9500000000         2.1316129809         3.9756768875        20.6715739753
        0.1006547000         4.9500000000         2.1341653078         4.0471294564        20.7380612995
        0.1056343000         4.9500000000         2.1443746152         4.1389970449        21.0040105965
        0.1106250000         4.9500000000         2.1418222883         4.2104496138        20.9375232722
        0.1156077000         4.9500000000         2.1622409032         4.3048690797        21.4694218660
        0.1209588000         4.9500000000         2.1647932300         4.3865291584        21.5359091903
        0.1256065000         4.9500000000         2.1698978837         4.4758448695        21.6688838387
        0.1307106000         4.9500000000         2.1673455569         4.5575049482        21.6023965145
        0.1357635000         4.9500000000         2.1852118449         4.6417169043        22.0678077841
        0.1408786000         4.9500000000         2.1775548643         4.7386882478        21.8683458114
        0.1456659000         4.9500000000         2.1826595180         4.8229002039        22.0013204599
        0.1505134000         4.9500000000         2.1750025375         4.9096640375        21.8018584872
        0.1556848000         4.9500000000         2.1928688255         4.9964278711        22.2672697568
        0.1605346000         4.9500000000         2.1877641717         5.0066353810        22.1342951083
        0.1656743000         4.9500000000         2.1826595180         1.1099185011        22.0013204599
        0.1706616000         4.9500000000         2.2030781329         0.0100593162        22.5332190537
        0.1756670000         4.9500000000         2.1928688255         0.0406818457        22.2672697568
        0.1806422000         4.9500000000         2.1903164986         0.1248938019        22.2007824325
        0.1856175000         4.9500000000         2.2030781329         0.2193132679        22.5332190537
        0.1906250000         4.9500000000         2.2030781329         0.3086289789        22.5332190537
        0.1955244000         4.9500000000         2.1903164986         0.3953928125        22.2007824325
        0.2006340000         4.9500000000         2.2030781329         0.4898122785        22.5332190537
        0.2091922000         4.9500000000         2.2286014014         0.5842317445        23.1980922959
        0.2107992000         4.9500000000         2.1903164986         0.6633399457        22.2007824325
        0.2162107000         4.9500000000         2.2056304597         0.7526556568        22.5997063779
        0.2212834000         4.9500000000         2.2030781329         0.8496270002        22.5332190537
        0.2255641000         4.9500000000         2.2388107089         0.9312870789        23.4640415928
        0.2305795000         4.9500000000         2.1928688255         1.0180509125        22.2672697568
        0.2355221000         4.9500000000         2.2081827866         1.1022628687        22.6661937021
        0.2407419000         4.9500000000         2.1928688255         1.1941304572        22.2672697568
        0.2454726000         4.9500000000         2.2005258060         1.2681349035        22.4667317294
        0.2504426000         4.9500000000         2.2056304597         1.3574506146        22.5997063779
        0.2555613000         4.9500000000         2.2132874403         1.4518700806        22.7991683506
        0.2604783000         4.9500000000         2.1928688255         1.5335301593        22.2672697568
        0.2654631000         4.9500000000         2.2081827866         1.6126383605        22.6661937021
        0.2704727000         4.9500000000         2.2081827866         1.6968503166        22.6661937021
        0.2755359000         4.9500000000         2.2005258060         1.7861660277        22.4667317294
        0.2804783000         4.9500000000         2.2005258060         1.8703779838        22.4667317294
        0.2859334000         4.9500000000         2.2081827866         1.9571418174        22.6661937021
        0.2905547000         4.9500000000         2.2234967477         2.0388018961        23.0651176475
        0.2956292000         4.9500000000         2.2158397672         2.1357732396        22.8656556748
        0.3006012000         4.9500000000         2.2107351134         2.2225370732        22.7326810263
        0.3057614000         4.9500000000         2.1954211523         2.3067490293        22.3337570810
        0.3114749000         4.9500000000         2.1903164986         2.3884091080        22.2007824325
        0.3155799000         4.9500000000         2.2132874403         2.4828285740        22.7991683506
        0.3205377000         4.9500000000         2.2030781329         2.5695924076        22.5332190537
        0.3255544000         4.9500000000         2.2005258060         2.6563562412        22.4667317294
        0.3304718000         4.9500000000         2.1979734792         2.7456719523        22.4002444052
        0.3355051000         4.9500000000         2.2005258060         2.8324357859        22.4667317294
        0.3404227000         4.9500000000         2.2158397672         2.9294071293        22.8656556748
        0.3455118000         4.9500000000         2.1877641717         3.0034115756        22.1342951083
        0.3505178000         4.9500000000         2.1979734792         3.0978310416        22.4002444052
        0.3554813000         4.9500000000         2.1979734792         3.1743873654        22.4002444052
        0.3604303000         4.9500000000         2.2005258060         3.2662549539        22.4667317294
        0.3654446000         4.9500000000         2.2107351134         3.3606744199        22.7326810263
        0.3704257000         4.9500000000         2.1903164986         3.4346788662        22.2007824325
        0.3755025000         4.9500000000         2.2005258060         3.5342020871        22.4667317294
        0.3805668000         4.9500000000         2.2005258060         3.6056546560        22.4667317294
        0.3854471000         4.9500000000         2.2107351134         3.7102816318        22.7326810263
        0.3904167000         4.9500000000         2.1877641717         3.7791823232        22.1342951083
        0.3954318000         4.9500000000         2.2081827866         3.8787055441        22.6661937021
        0.4004102000         4.9500000000         2.1903164986         3.9603656228        22.2007824325
        0.4054190000         4.9500000000         2.2132874403         4.0471294564        22.7991683506
        0.4104342000         4.9500000000         2.1928688255         4.1389970449        22.2672697568
        0.4154518000         4.9500000000         2.2056304597         4.2308646334        22.5997063779
        0.4205838000         4.9500000000         2.1979734792         4.3125247121        22.4002444052
        0.4256680000         4.9500000000         2.2158397672         4.4094960556        22.8656556748
        0.4306585000         4.9500000000         2.1903164986         4.4937080117        22.2007824325
        0.4355937000         4.9500000000         2.1903164986         4.5753680904        22.2007824325
        0.4441718000         4.9500000000         2.2030781329         4.6697875564        22.5332190537
        0.4518704000         4.9500000000         2.2030781329         4.7718626547        22.5332190537
        0.4541914000         4.9500000000         2.2132874403         4.8969046502        22.7991683506
        0.4584908000         4.9500000000         2.2081827866         4.9555978318        22.6661937021
        0.4606446000         4.9500000000         2.2056304597         5.0142910133        22.5997063779
        0.4657152000         4.9500000000         2.2132874403         5.0117391359        22.7991683506
        0.4705748000         4.9500000000         2.2158397672         0.0100593162        22.8656556748
        0.4755353000         4.9500000000         2.2056304597        -0.0001481936        22.5997063779
        0.4806295000         4.9500000000         2.1928688255         0.0738562527        22.2672697568
        0.4863249000         4.9500000000         2.2056304597         0.1708275961        22.5997063779
        0.4907301000         4.9500000000         2.2056304597         0.2652470621        22.5997063779
        0.4957506000         4.9500000000         2.2132874403         0.3622184056        22.7991683506
        0.5005840000         4.9500000000         2.2158397672         0.4464303617        22.8656556748
        0.5057262000         4.9500000000         2.2158397672         0.5459535826        22.8656556748
        0.5105953000         4.9500000000         2.2005258060         0.6225099064        22.4667317294
        0.5159068000         4.9500000000         2.2209444209         0.7194812498        22.9986303233
        0.5205655000         4.9500000000         2.2005258060         0.7985894511        22.4667317294
        0.5256307000         4.9500000000         2.2107351134         0.8904570396        22.7326810263
        0.5305892000         4.9500000000         2.2030781329         0.9772208732        22.5332190537
        0.5355532000         4.9500000000         2.2209444209         1.0614328293        22.9986303233
        0.5405807000         4.9500000000         2.1979734792         1.1558522953        22.4002444052
        0.5455732000         4.9500000000         2.2030781329         1.2349604965        22.5332190537
        0.5505299000         4.9500000000         2.2005258060         1.3191724527        22.4667317294
        0.5565508000         4.9500000000         2.2260490746         1.4084881638        23.1316049717
        0.5605830000         4.9500000000         2.1903164986         1.4901482425        22.2007824325
        0.5655963000         4.9500000000         2.2030781329         1.5794639535        22.5332190537
        0.5705791000         4.9500000000         2.2030781329         1.6560202773        22.5332190537
        0.5756754000         4.9500000000         2.2107351134         1.7427841109        22.7326810263
        0.5805677000         4.9500000000         2.2081827866         1.8372035769        22.6661937021
        0.5855524000         4.9500000000         2.1979734792         1.9137599006        22.4002444052
        0.5907401000         4.9500000000         2.2107351134         2.0107312441        22.7326810263
        0.5955736000         4.9500000000         2.1979734792         2.0898394453        22.4002444052
        0.6005985000         4.9500000000         2.2107351134         2.1817070338        22.7326810263
        0.6056377000         4.9500000000         2.2209444209         2.2735746224        22.9986303233
        0.6104863000         4.9500000000         2.2056304597         2.3628903334        22.5997063779
        0.6156000000         4.9500000000         2.2056304597         2.4445504121        22.5997063779
        0.6205552000         4.9500000000         2.2030781329         2.5287623683        22.5332190537
        0.6255932000         4.9500000000         2.2030781329         2.6155262019        22.5332190537
        0.6306376000         4.9500000000         2.2081827866         2.7150494228        22.6661937021
        0.6356037000         4.9500000000         2.1877641717         2.7890538691        22.1342951083
        0.6406436000         4.9500000000         2.2183920940         2.8885770900        22.9321429990
        0.6455468000         4.9500000000         2.2056304597         2.9753409236        22.5997063779
        0.6529192000         4.9500000000         2.1979734792         3.0621047572        22.4002444052
        0.6563046000         4.9500000000         2.2107351134         3.1539723457        22.7326810263
        0.6606600000         4.9500000000         2.1979734792         3.2330805470        22.4002444052
        0.6660226000         4.9500000000         2.2107351134         3.3300518904        22.7326810263
        0.6706071000         4.9500000000         2.2081827866         3.4015044592        22.6661937021
        0.6756577000         4.9500000000         2.2030781329         3.4984758027        22.5332190537
        0.6806441000         4.9500000000         2.1903164986         3.5750321265        22.2007824325
        0.6856314000         4.9500000000         2.2132874403         3.6771072248        22.7991683506
        0.6905924000         4.9500000000         2.2030781329         3.7587673035        22.5332190537
        0.6956285000         4.9500000000         2.1954211523         3.8353236273        22.3337570810
        0.7005803000         4.9500000000         2.2030781329         3.9297430933        22.5332190537
        0.7055769000         4.9500000000         2.2132874403         4.0216106818        22.7991683506
        0.7107022000         4.9500000000         2.2107351134         4.1160301478        22.7326810263
        0.7156155000         4.9500000000         2.2107351134         4.2002421039        22.7326810263
        0.7207229000         4.9500000000         2.2030781329         4.2793503051        22.5332190537
        0.7256272000         4.9500000000         2.2132874403         4.3788735260        22.7991683506
        0.7306406000         4.9500000000         2.1903164986         4.4554298498        22.2007824325
        0.7359342000         4.9500000000         2.2081827866         4.5575049482        22.6661937021
        0.7406464000         4.9500000000         2.2158397672         4.6493725367        22.8656556748
        0.7455138000         4.9500000000         2.1954211523         4.7335844928        22.3337570810
        0.7506018000         4.9500000000         2.2030781329         4.8203483265        22.5332190537
        0.7561643000         4.9500000000         2.2081827866         4.9224234248        22.6661937021
        0.7605341000         4.9500000000         2.2005258060         5.0091872584        22.4667317294
        0.7655669000         4.9500000000         2.2107351134         5.0117391359        22.7326810263
        0.7705794000         4.9500000000         2.2132874403         1.1124703785        22.7991683506
        0.7761047000         4.9500000000         2.2081827866        -0.0001481936        22.6661937021
        0.7806654000         4.9500000000         2.2132874403         0.0585449879        22.7991683506
        0.7858620000         4.9500000000         2.2311537283         0.1580682088        23.2645796202
        0.7906509000         4.9500000000         2.1979734792         0.2320726552        22.4002444052
        0.7960470000         4.9500000000         2.2158397672         0.3315958761        22.8656556748
        0.8005632000         4.9500000000         2.2260490746         0.4260153420        23.1316049717
        0.8055958000         4.9500000000         2.2030781329         0.5025716658        22.5332190537
        0.8105924000         4.9500000000         2.2132874403         0.6020948867        22.7991683506
        0.8157541000         4.9500000000         2.2183920940         0.6914105978        22.9321429990
        0.8206208000         4.9500000000         2.2234967477         0.7858300638        23.0651176475
        0.8255509000         4.9500000000         2.2030781329         0.8700420199        22.5332190537
        0.8305800000         4.9500000000         2.2005258060         0.9542539761        22.4667317294
        0.8356718000         4.9500000000         2.2081827866         1.0359140547        22.6661937021
        0.8405820000         4.9500000000         2.2056304597         1.1201260109        22.5997063779
        0.8462655000         4.9500000000         2.1928688255         1.2119935994        22.2672697568
        0.8510647000         4.9500000000         2.2081827866         1.2987574330        22.6661937021
        0.8556294000         4.9500000000         2.2132874403         1.3880731441        22.7991683506
        0.8607042000         4.9500000000         2.2107351134         1.4722851002        22.7326810263
        0.8660470000         4.9500000000         2.2081827866         1.5564970564        22.6661937021
        0.8705862000         4.9500000000         2.1979734792         1.6356052576        22.4002444052
        0.8759152000         4.9500000000         2.2158397672         1.7300247236        22.8656556748
        0.8806245000         4.9500000000         2.2081827866         1.8142366797        22.6661937021
        0.8856613000         4.9500000000         2.2107351134         1.8984486359        22.7326810263
        0.8906383000         4.9500000000         2.2056304597         1.9775568371        22.5997063779
        0.8958139000         4.9500000000         2.2005258060         2.0694244256        22.4667317294
        0.9006516000         4.9500000000         2.2030781329         2.1536363818        22.5332190537
        0.9065841000         4.9500000000         2.2158397672         2.2557114802        22.8656556748
        0.9107368000         4.9500000000         2.2056304597         2.3373715588        22.5997063779
        0.9158321000         4.9500000000         2.1979734792         2.4241353924        22.4002444052
        0.9206243000         4.9500000000         2.2107351134         2.5160029810        22.7326810263
        0.9258278000         4.9500000000         2.2158397672         2.6053186920        22.8656556748
        0.9306537000         4.9500000000         2.2056304597         2.6920825256        22.5997063779
        0.9357734000         4.9500000000         2.1979734792         2.7762944818        22.4002444052
        0.9406530000         4.9500000000         2.2107351134         2.8681620703        22.7326810263
        0.9454833000         4.9500000000         2.1979734792         2.9498221490        22.4002444052
        0.9507671000         4.9500000000         2.2107351134         3.0442416150        22.7326810263
        0.9556033000         4.9500000000         2.2158397672         3.1335573261        22.8656556748
        0.9607171000         4.9500000000         2.2056304597         3.2177692822        22.5997063779
        0.9659122000         4.9500000000         2.1903164986         3.2968774834        22.2007824325
        0.9705506000         4.9500000000         2.2107351134         3.3912969494        22.7326810263
        0.9755249000         4.9500000000         2.2132874403         3.4857164154        22.7991683506
        0.9806080000         4.9500000000         2.2005258060         3.5648246166        22.4667317294
        0.9857260000         4.9500000000         2.2132874403         3.6515884502        22.7991683506
        0.9963316000         4.9500000000         2.2183920940         3.7485597937        22.9321429990
        1.0017201000         4.9500000000         2.2005258060         3.8531867695        22.4667317294
        1.0027087000         4.9500000000         2.2132874403         3.9450543580        22.7991683506
        1.0056507000         4.9500000000         2.2030781329         3.9986437847        22.5332190537
        1.0106503000         4.9500000000         2.2158397672         4.0981670056        22.8656556748
        1.0156486000         4.9500000000         2.2132874403         4.1874827166        22.7991683506
        1.0205196000         4.9500000000         2.2209444209         4.2793503051        22.9986303233
        1.0254959000         4.9500000000         2.2081827866         4.3635622613        22.6661937021
        1.0305510000         4.9500000000         2.1903164986         4.4426704625        22.2007824325
        1.0355803000         4.9500000000         2.2132874403         4.5370899285        22.7991683506
        1.0406832000         4.9500000000         2.2056304597         4.6289575170        22.5997063779
        1.0455961000         4.9500000000         2.1954211523         4.7157213506        22.3337570810
        1.0505484000         4.9500000000         2.2286014014         4.8126926941        23.1980922959
        1.0555334000         4.9500000000         2.2107351134         4.9096640375        22.7326810263
        1.0638917000         4.9500000000         2.2132874403         5.0040835035        22.7991683506
        1.0656792000         4.9500000000         2.2081827866         5.0066353810        22.6661937021
        1.0728532000         4.9500000000         2.2107351134         1.1150222560        22.7326810263
        1.0802885000         4.9500000000         2.2234967477         0.0100593162        23.0651176475
        1.0817848000         4.9500000000         2.2286014014         0.0457856007        23.1980922959
        1.0883420000         4.9500000000         2.2107351134         0.1810351060        22.7326810263
        1.0906926000         4.9500000000         2.2132874403         0.2295207777        22.7991683506
        1.0956298000         4.9500000000         2.2107351134         0.3137327338        22.7326810263
        1.1006337000         4.9500000000         2.2234967477         0.4209115871        23.0651176475
        1.1055991000         4.9500000000         2.2234967477         0.5076754207        23.0651176475
        1.1106247000         4.9500000000         2.2132874403         0.5944392543        22.7991683506
        1.1156016000         4.9500000000         2.2081827866         0.6837549654        22.6661937021
        1.1206242000         4.9500000000         2.2209444209         0.7730706765        22.9986303233
        1.1256562000         4.9500000000         2.2158397672         0.8598345101        22.8656556748
        1.1306315000         4.9500000000         2.2005258060         0.9440464662        22.4667317294
        1.1357704000         4.9500000000         2.2158397672         1.0435696871        22.8656556748
        1.1406716000         4.9500000000         2.2362583820         1.1277816433        23.3975542686
        1.1456379000         4.9500000000         2.1979734792         1.1992342121        22.4002444052
        1.1505332000         4.9500000000         2.2056304597         1.2859980457        22.5997063779
        1.1555935000         4.9500000000         2.2183920940         1.3855212666        22.9321429990
        1.1605864000         4.9500000000         2.2107351134         1.4671813453        22.7326810263
        1.1656357000         4.9500000000         2.2030781329         1.5462895465        22.5332190537
        1.1709017000         4.9500000000         2.2132874403         1.6432608900        22.7991683506
        1.1755920000         4.9500000000         2.2209444209         1.7249209687        22.9986303233
        1.1807446000         4.9500000000         2.2056304597         1.8091329248        22.5997063779
        1.1862243000         4.9500000000         2.2209444209         1.8984486359        22.9986303233
        1.1906027000         4.9500000000         2.2209444209         1.9877643470        22.9986303233
        1.1962914000         4.9500000000         2.2132874403         2.0745281806        22.7991683506
        1.2005788000         4.9500000000         2.2081827866         2.1587401367        22.6661937021
        1.2055945000         4.9500000000         2.2209444209         2.2531596027        22.9986303233
        1.2107219000         4.9500000000         2.2234967477         2.3373715588        23.0651176475
        1.2157963000         4.9500000000         2.2056304597         2.4190316375        22.5997063779
        1.2205826000         4.9500000000         2.2132874403         2.5185548584        22.7991683506
        1.2256053000         4.9500000000         2.2005258060         2.5951111822        22.4667317294
        1.2306491000         4.9500000000         2.2030781329         2.6844268933        22.5332190537
        1.2357145000         4.9500000000         2.2183920940         2.7839501142        22.9321429990
        1.2406503000         4.9500000000         2.2056304597         2.8681620703        22.5997063779
        1.2456418000         4.9500000000         2.2107351134         2.9549259039        22.7326810263
        1.2506139000         4.9500000000         2.2056304597         3.0391378601        22.5997063779
        1.2554987000         4.9500000000         2.2311537283         3.1361092035        23.2645796202
        1.2605607000         4.9500000000         2.2158397672         3.2228730371        22.8656556748
        1.2657164000         4.9500000000         2.1928688255         3.2994293609        22.2672697568
        1.2708211000         4.9500000000         2.2005258060         3.3938488269        22.4667317294
        1.2765482000         4.9500000000         2.2209444209         3.4831645379        22.9986303233
        1.2806177000         4.9500000000         2.2056304597         3.5673764941        22.5997063779
        1.2869456000         4.9500000000         2.2132874403         3.6541403277        22.7991683506
        1.2913400000         4.9500000000         2.2081827866         3.7460079162        22.6661937021
        1.2956762000         4.9500000000         2.2056304597         3.8251161174        22.5997063779
        1.3006728000         4.9500000000         2.2081827866         3.9144318285        22.6661937021
        1.3057243000         4.9500000000         2.2030781329         4.0088512945        22.5332190537
        1.3105261000         4.9500000000         2.2081827866         4.0981670056        22.6661937021
        1.3155379000         4.9500000000         2.2030781329         4.1874827166        22.5332190537
        1.3206471000         4.9500000000         2.2209444209         4.2742465502        22.9986303233
        1.3255877000         4.9500000000         2.2081827866         4.3610103838        22.6661937021
        1.3306431000         4.9500000000         2.2056304597         4.4528779724        22.5997063779
        1.3356320000         4.9500000000         2.2132874403         4.5447455609        22.7991683506
        1.3404831000         4.9500000000         2.2209444209         4.6391650269        22.9986303233
        1.3455405000         4.9500000000         2.2030781329         4.7208251056        22.5332190537
        1.3505369000         4.9500000000         2.2234967477         4.8203483265        23.0651176475
        1.3555324000         4.9500000000         2.2132874403         4.9071121601        22.7991683506
        1.3605250000         4.9500000000         2.2183920940         5.0091872584        22.9321429990
        1.3655251000         4.9500000000         2.2056304597         4.9989797486        22.5997063779
        1.3705258000         4.9500000000         2.2056304597         1.1073666236        22.5997063779
        1.3755275000         4.9500000000         2.2260490746         0.0075074388        23.1316049717
        1.3805281000         4.9500000000         2.2132874403         0.0483374781        22.7991683506
        1.3855301000         4.9500000000         2.2158397672         0.1376531892        22.8656556748
        1.3906285000         4.9500000000         2.2158397672         0.2346245326        22.8656556748
        1.3956428000         4.9500000000         2.2234967477         0.3341477535        23.0651176475
        1.4006144000         4.9500000000         2.2132874403         0.4183597097        22.7991683506
        1.4056208000         4.9500000000         2.2107351134         0.5051235433        22.7326810263
        1.4105835000         4.9500000000         2.2081827866         0.6020948867        22.6661937021
        1.4155884000         4.9500000000         2.2132874403         0.6914105978        22.7991683506
        1.4206193000         4.9500000000         2.2132874403         0.7756225539        22.7991683506
        1.4256192000         4.9500000000         2.2234967477         0.8725938974        23.0651176475
        1.4307518000         4.9500000000         2.2183920940         0.9644614859        22.9321429990
        1.4356585000         4.9500000000         2.2081827866         1.0384659322        22.6661937021
        1.4405960000         4.9500000000         2.2132874403         1.1277816433        22.7991683506
        1.4455455000         4.9500000000         2.1979734792         1.2145454769        22.4002444052
        1.4505811000         4.9500000000         2.2056304597         1.2936536781        22.5997063779
        1.4555913000         4.9500000000         2.2132874403         1.3880731441        22.7991683506
        1.4605903000         4.9500000000         2.2158397672         1.4799407326        22.8656556748
        1.4655758000         4.9500000000         2.2005258060         1.5564970564        22.4667317294
        1.4705820000         4.9500000000         2.2183920940         1.6458127674        22.9321429990
        1.4756818000         4.9500000000         2.2183920940         1.7300247236        22.9321429990
        1.4808006000         4.9500000000         2.2107351134         1.8142366797        22.7326810263
        1.4857514000         4.9500000000         2.2107351134         1.9010005134        22.7326810263
        1.4905978000         4.9500000000         2.2158397672         1.9954199793        22.8656556748
        1.4963353000         4.9500000000         2.2081827866         2.0949432002        22.6661937021
        1.5045208000         4.9500000000         2.2132874403         2.1766032789        22.7991683506
        1.5085805000         4.9500000000         2.2030781329         2.2557114802        22.5332190537
        1.5106584000         4.9500000000         2.2132874403         2.3424753138        22.7991683506
        1.5156188000         4.9500000000         2.2081827866         2.4292391474        22.6661937021
        1.5205822000         4.9500000000         2.2107351134         2.5262104908        22.7326810263
        1.5255896000         4.9500000000         2.2005258060         2.6053186920        22.4667317294
        1.5306173000         4.9500000000         2.2158397672         2.6997381580        22.8656556748
        1.5356485000         4.9500000000         2.2081827866         2.7890538691        22.6661937021
        1.5406810000         4.9500000000         2.2158397672         2.8783695801        22.8656556748
        1.5457362000         4.9500000000         2.2005258060         2.9600296588        22.4667317294
        1.5506301000         4.9500000000         2.2005258060         3.0544491248        22.4667317294
        1.5556217000         4.9500000000         2.2183920940         3.1412129584        22.9321429990
        1.5605598000         4.9500000000         2.2081827866         3.2203211597        22.6661937021
        1.5655905000         4.9500000000         2.2158397672         3.3223962580        22.8656556748
        1.5705030000         4.9500000000         2.2056304597         3.4117119691        22.5997063779
        1.5773229000         4.9500000000         2.2132874403         3.4908201703        22.7991683506
        1.5807910000         4.9500000000         2.2158397672         3.5801358814        22.8656556748
        1.5856078000         4.9500000000         2.2209444209         3.6720034699        22.9986303233
        1.5906257000         4.9500000000         2.2005258060         3.7511116711        22.4667317294
        1.5956246000         4.9500000000         2.2286014014         3.8455311371        23.1980922959
        1.6006251000         4.9500000000         2.2132874403         3.9297430933        22.7991683506
        1.6056231000         4.9500000000         2.2056304597         4.0114031719        22.5997063779
        1.6105598000         4.9500000000         2.2107351134         4.1083745154        22.7326810263
        1.6155699000         4.9500000000         2.2132874403         4.2027939814        22.7991683506
        1.6205877000         4.9500000000         2.2056304597         4.2793503051        22.5997063779
        1.6255904000         4.9500000000         2.2286014014         4.3814254035        23.1980922959
        1.6306038000         4.9500000000         2.2056304597         4.4656373597        22.5997063779
        1.6356574000         4.9500000000         2.2081827866         4.5575049482        22.6661937021
        1.6405922000         4.9500000000         2.2286014014         4.6544762916        23.1980922959
        1.6457352000         4.9500000000         2.2132874403         4.7463438801        22.7991683506
        1.6506516000         4.9500000000         2.2234967477         4.8382114687        23.0651176475
        1.6555195000         4.9500000000         2.2081827866         4.9249753023        22.6661937021
        1.6605727000         4.9500000000         2.2132874403         5.0015316260        22.7991683506
        1.6657390000         4.9500000000         2.2081827866         4.9964278711        22.6661937021
        1.6706600000         4.9500000000         2.2234967477         0.0075074388        23.0651176475
        1.6756240000         4.9500000000         2.2183920940         0.0024036839        22.9321429990
        1.6807585000         4.9500000000         2.2081827866         0.0662006203        22.6661937021
        1.6854996000         4.9500000000         2.2234967477         0.1682757187        23.0651176475
        1.6906120000         4.9500000000         2.2260490746         0.2524876748        23.1316049717
        1.6994067000         4.9500000000         2.2056304597         0.3443552634        22.5997063779
        1.7005516000         4.9500000000         2.2286014014         0.4438784843        23.1980922959
        1.7057358000         4.9500000000         2.2209444209         0.5280904404        22.9986303233
        1.7121101000         4.9500000000         2.2234967477         0.6276136613        23.0651176475
        1.7156300000         4.9500000000         2.2132874403         0.7041699851        22.7991683506
        1.7206502000         4.9500000000         2.2260490746         0.8011413285        23.1316049717
        1.7256270000         4.9500000000         2.2132874403         0.8904570396        22.7991683506
        1.7306009000         4.9500000000         2.2132874403         0.9746689957        22.7991683506
        1.7356360000         4.9500000000         2.2311537283         1.0639847068        23.2645796202
        1.7406921000         4.9500000000         2.2209444209         1.1481966629        22.9986303233
        1.7455659000         4.9500000000         2.2337060552         1.2400642515        23.3310669444
        1.7505762000         4.9500000000         2.2132874403         1.3191724527        22.7991683506
        1.7556395000         4.9500000000         2.2234967477         1.4033844088        23.0651176475
        1.7606286000         4.9500000000         2.2158397672         1.4978038748        22.8656556748
        1.7657550000         4.9500000000         2.2158397672         1.5820158310        22.8656556748
        1.7706675000         4.9500000000         2.2132874403         1.6636759097        22.7991683506
        1.7756418000         4.9500000000         2.2260490746         1.7580953756        23.1316049717
        1.7806446000         4.9500000000         2.2056304597         1.8372035769        22.5997063779
        1.7857529000         4.9500000000         2.2132874403         1.9163117781        22.7991683506
        1.7907090000         4.9500000000         2.2107351134         2.0081793666        22.7326810263
        1.7956376000         4.9500000000         2.2107351134         2.1000469552        22.7326810263
        1.8006213000         4.9500000000         2.2260490746         2.1944664211        23.1316049717
        1.8055531000         4.9500000000         2.2158397672         2.2812302547        22.8656556748
        1.8105472000         4.9500000000         2.2107351134         2.3628903334        22.7326810263
        1.8155807000         4.9500000000         2.2260490746         2.4649654318        23.1316049717
        1.8221965000         4.9500000000         2.2107351134         2.5491773879        22.7326810263
        1.8256347000         4.9500000000         2.2209444209         2.6410449765        22.9986303233
        1.8307210000         4.9500000000         2.2081827866         2.7201531777        22.6661937021
        1.8357200000         4.9500000000         2.1979734792         2.8043651338        22.4002444052
        1.8406609000         4.9500000000         2.2337060552         2.9089921097        23.3310669444
        1.8456970000         4.9500000000         2.2081827866         2.9932040658        22.6661937021
        1.8507830000         4.9500000000         2.1979734792         3.0723122670        22.4002444052
        1.8555743000         4.9500000000         2.2260490746         3.1743873654        23.1316049717
        1.8606518000         4.9500000000         2.2030781329         3.2483918117        22.5332190537
        1.8656445000         4.9500000000         2.2132874403         3.3428112777        22.7991683506
        1.8705989000         4.9500000000         2.2209444209         3.4372307437        22.9986303233
        1.8755800000         4.9500000000         2.2056304597         3.5112351900        22.5997063779
        1.8805681000         4.9500000000         2.2081827866         3.6082065334        22.6661937021
        1.8855768000         4.9500000000         2.2081827866         3.6898666121        22.6661937021
        1.8906773000         4.9500000000         2.2158397672         3.7842860781        22.8656556748
        1.8958564000         4.9500000000         2.2183920940         3.8736017892        22.9321429990
        1.9007270000         4.9500000000         2.2081827866         3.9603656228        22.6661937021
        1.9062979000         4.9500000000         2.2260490746         4.0496813338        23.1316049717
        1.9109980000         4.9500000000         2.2183920940         4.1415489224        22.9321429990
        1.9166136000         4.9500000000         2.2030781329         4.2206571236        22.5332190537
        1.9206008000         4.9500000000         2.2107351134         4.3099728347        22.7326810263
        1.9256905000         4.9500000000         2.2132874403         4.3992885457        22.7991683506
        1.9306610000         4.9500000000         2.2005258060         4.4886042568        22.4667317294
        1.9356010000         4.9500000000         2.2234967477         4.5906793551        23.0651176475
        1.9407123000         4.9500000000         2.2132874403         4.6748913113        22.7991683506
        1.9456322000         4.9500000000         2.2081827866         4.7693107773        22.6661937021
        1.9506478000         4.9500000000         2.2260490746         4.8739377531        23.1316049717
        1.9555858000         4.9500000000         2.2132874403         4.9555978318        22.7991683506
        1.9606204000         4.9500000000         2.2234967477         5.0142910133        23.0651176475
        1.9655953000         4.9500000000         2.2132874403         1.1099185011        22.7991683506
        1.9706350000         4.9500000000         2.2234967477         0.0024036839        23.0651176475
        1.9756969000         4.9500000000         2.2132874403         0.0151630711        22.7991683506
        1.9806472000         4.9500000000         2.2107351134         0.0993750273        22.7326810263
        1.9855699000         4.9500000000         2.2158397672         0.1912426158        22.8656556748
        1.9906223000         4.9500000000         2.2107351134         0.2805583269        22.7326810263
        1.9956069000         4.9500000000         2.2209444209         0.3775296703        22.9986303233
        2.0006310000         4.9500000000         2.2234967477         0.4745010138        23.0651176475
        2.0059497000         4.9500000000         2.2209444209         0.5612648474        22.9986303233
        2.0146310000         4.9500000000         2.2132874403         0.6454768035        22.7991683506
        2.0158194000         4.9500000000         2.2337060552         0.7475519019        23.3310669444
        2.0228319000         4.9500000000         2.2132874403         0.8266601031        22.7991683506
        2.0256228000         4.9500000000         2.2132874403         0.9210795691        22.7991683506
        2.0306661000         4.9500000000         2.2107351134         1.0027396478        22.7326810263
        2.0355839000         4.9500000000         2.2311537283         1.0946072363        23.2645796202
        2.0406201000         4.9500000000         2.2030781329         1.1737154375        22.5332190537
        2.0455861000         4.9500000000         2.2132874403         1.2655830261        22.7991683506
        2.0506171000         4.9500000000         2.2209444209         1.3523468597        22.9986303233
        2.0556181000         4.9500000000         2.2107351134         1.4365588158        22.7326810263
        2.0605809000         4.9500000000         2.2234967477         1.5335301593        23.0651176475
        2.0656612000         4.9500000000         2.2183920940         1.6202939929        22.9321429990
        2.0706442000         4.9500000000         2.2183920940         1.6994021941        22.9321429990
        2.0756120000         4.9500000000         2.2183920940         1.7887179052        22.9321429990
        2.0806326000         4.9500000000         2.2260490746         1.8729298613        23.1316049717
        2.0856061000         4.9500000000         2.2030781329         1.9520380625        22.5332190537
        2.0905693000         4.9500000000         2.2183920940         2.0464575285        22.9321429990
        2.0955457000         4.9500000000         2.2234967477         2.1357732396        23.0651176475
        2.1011298000         4.9500000000         2.2311537283         2.2301927056        23.2645796202
        2.1090095000         4.9500000000         2.2132874403         2.3195084166        22.7991683506
        2.1105542000         4.9500000000         2.2439153626         2.4062722502        23.5970162413
        2.1181237000         4.9500000000         2.2158397672         2.4981398388        22.8656556748
        2.1211749000         4.9500000000         2.2107351134         2.5772480400        22.7326810263
        2.1257452000         4.9500000000         2.2286014014         2.6818750158        23.1980922959
        2.1306566000         4.9500000000         2.2005258060         2.7558794621        22.4667317294
        2.1357018000         4.9500000000         2.2081827866         2.8426432957        22.6661937021
        2.1407364000         4.9500000000         2.2158397672         2.9396146392        22.8656556748
        2.1456017000         4.9500000000         2.2209444209         3.0340341051        22.9986303233
        2.1505831000         4.9500000000         2.2107351134         3.1105904289        22.7326810263
        2.1555161000         4.9500000000         2.2158397672         3.2024580174        22.8656556748
        2.1606266000         4.9500000000         2.2056304597         3.2892218510        22.5997063779
        2.1656204000         4.9500000000         2.2158397672         3.3785375621        22.8656556748
        2.1706872000         4.9500000000         2.2234967477         3.4755089056        23.0651176475
        2.1756381000         4.9500000000         2.2132874403         3.5520652293        22.7991683506
        2.1806304000         4.9500000000         2.2183920940         3.6490365728        22.9321429990
        2.1856239000         4.9500000000         2.2158397672         3.7281447740        22.8656556748
        2.1906347000         4.9500000000         2.2132874403         3.8200123625        22.7991683506
        2.1955702000         4.9500000000         2.2234967477         3.9144318285        23.0651176475
        2.2005274000         4.9500000000         2.2107351134         3.9960919072        22.7326810263
        2.2055602000         4.9500000000         2.2234967477         4.0879594957        23.0651176475
        2.2105568000         4.9500000000         2.2158397672         4.1772752068        22.8656556748
        2.2155619000         4.9500000000         2.2081827866         4.2691427953        22.6661937021
        2.2206424000         4.9500000000         2.2260490746         4.3610103838        23.1316049717
        2.2255737000         4.9500000000         2.2132874403         4.4426704625        22.7991683506
        2.2305638000         4.9500000000         2.2183920940         4.5294342961        22.9321429990
        2.2355327000         4.9500000000         2.2209444209         4.6289575170        22.9986303233
        2.2405968000         4.9500000000         2.2132874403         4.7131694732        22.7991683506
        2.2455498000         4.9500000000         2.2337060552         4.8152445715        23.3310669444
        2.2506096000         4.9500000000         2.2286014014         4.9173196699        23.1980922959
        2.2556032000         4.9500000000         2.2158397672         4.9989797486        22.8656556748
        2.2606550000         4.9500000000         2.2158397672         5.0117391359        22.8656556748
        2.2662378000         4.9500000000         2.2030781329         1.1022628687        22.5332190537
        2.2706873000         4.9500000000         2.2209444209         0.0024036839        22.9986303233
        2.2757363000         4.9500000000         2.2209444209         0.0508893556        22.9986303233
        2.2806120000         4.9500000000         2.2132874403         0.1376531892        22.7991683506
        2.2856341000         4.9500000000         2.2260490746         0.2422801650        23.1316049717
        2.2906137000         4.9500000000         2.2183920940         0.3239402437        22.9321429990
        2.2960899000         4.9500000000         2.2260490746         0.4234634646        23.1316049717
        2.3005111000         4.9500000000         2.2183920940         0.5102272982        22.9321429990
        2.3055712000         4.9500000000         2.2107351134         0.5969911318        22.7326810263
        2.3106403000         4.9500000000         2.2286014014         0.7041699851        23.1980922959
        2.3160079000         4.9500000000         2.2413630357         0.7781744314        23.5305289171
        2.3211087000         4.9500000000         2.2209444209         0.8751457748        22.9986303233
        2.3256039000         4.9500000000         2.2132874403         0.9619096084        22.7991683506
        2.3306813000         4.9500000000         2.2234967477         1.0486734420        23.0651176475
        2.3355860000         4.9500000000         2.2209444209         1.1354372756        22.9986303233
        2.3405890000         4.9500000000         2.2132874403         1.2222011093        22.7991683506
        2.3456474000         4.9500000000         2.2158397672         1.3089649429        22.8656556748
        2.3506292000         4.9500000000         2.2056304597         1.3880731441        22.5997063779
        2.3556066000         4.9500000000         2.2260490746         1.4875963650        23.1316049717
        2.3605967000         4.9500000000         2.2209444209         1.5692564437        22.9986303233
        2.3655497000         4.9500000000         2.2158397672         1.6534683998        22.8656556748
        2.3706124000         4.9500000000         2.2209444209         1.7427841109        22.9986303233
        2.3755792000         4.9500000000         2.2490200163         1.8320998220        23.7299908897
        2.3805411000         4.9500000000         2.2260490746         1.9163117781        23.1316049717
        2.3854895000         4.9500000000         2.2132874403         1.9954199793        22.7991683506
        2.3904915000         4.9500000000         2.2132874403         2.0923913228        22.7991683506
        2.3955239000         4.9500000000         2.2081827866         2.1740514015        22.6661937021
        2.4004902000         4.9500000000         2.2311537283         2.2710227449        23.2645796202
        2.4057159000         4.9500000000         2.2183920940         2.3577865785        22.9321429990
        2.4106757000         4.9500000000         2.2158397672         2.4471022896        22.8656556748
        2.4161135000         4.9500000000         2.2132874403         2.5415217556        22.7991683506
        2.4205356000         4.9500000000         2.2183920940         2.6282855892        22.9321429990
        2.4267920000         4.9500000000         2.2132874403         2.7201531777        22.7991683506
        2.4307019000         4.9500000000         2.2234967477         2.8120207662        23.0651176475
        2.4362374000         4.9500000000         2.2081827866         2.8885770900        22.6661937021
        2.4406436000         4.9500000000         2.2056304597         2.9829965560        22.5997063779
        2.4458610000         4.9500000000         2.2132874403         3.0723122670        22.7991683506
        2.4506438000         4.9500000000         2.2132874403         3.1565242232        22.7991683506
        2.4555844000         4.9500000000         2.2132874403         3.2458399342        22.7991683506
        2.4606012000         4.9500000000         2.2158397672         3.3351556453        22.8656556748
        2.4655853000         4.9500000000         2.2005258060         3.4168157240        22.4667317294
        2.4706416000         4.9500000000         2.2234967477         3.5188908224        23.0651176475
        2.4756445000         4.9500000000         2.2107351134         3.5928952687        22.7326810263
        2.4807008000         4.9500000000         2.2209444209         3.6873147347        22.9986303233
        2.4856411000         4.9500000000         2.2209444209         3.7791823232        22.9986303233
        2.4905997000         4.9500000000         2.2158397672         3.8557386469        22.8656556748
        2.4955957000         4.9500000000         2.2107351134         3.9527099904        22.7326810263
        2.5073630000         4.9500000000         2.2081827866         4.0573369662        22.6661937021
        2.5083086000         4.9500000000         2.2183920940         4.1798270842        22.9321429990
        2.5105455000         4.9500000000         2.2158397672         4.2130014912        22.8656556748
        2.5156987000         4.9500000000         2.2183920940         4.3150765896        22.9321429990
        2.5207035000         4.9500000000         2.2183920940         4.3992885457        22.9321429990
        2.5258219000         4.9500000000         2.2566769969         4.4962598892        23.9294528624
        2.5306824000         4.9500000000         2.2158397672         4.5830237228        22.8656556748
        2.5358146000         4.9500000000         2.2158397672         4.6723394338        22.8656556748
        2.5419548000         4.9500000000         2.2107351134         4.7667588998        22.7326810263
        2.5456526000         4.9500000000         2.2132874403         4.8509708560        22.7991683506
        2.5506534000         4.9500000000         2.2311537283         4.9607015867        23.2645796202
        2.5556418000         4.9500000000         2.2209444209         5.0117391359        22.9986303233
        2.5606638000         4.9500000000         2.2107351134         4.9964278711        22.7326810263
        2.5656328000         4.9500000000         2.2158397672         0.0049555613        22.8656556748
        2.5705855000         4.9500000000         2.2260490746         0.0126111937        23.1316049717
        2.5757167000         4.9500000000         2.2183920940         0.0942712724        22.9321429990
        2.5805155000         4.9500000000         2.2183920940         0.1861388609        22.9321429990
        2.5856028000         4.9500000000         2.2183920940         0.2754545720        22.9321429990
        2.5906854000         4.9500000000         2.2107351134         0.3622184056        22.7326810263
        2.5957369000         4.9500000000         2.2209444209         0.4642935039        22.9986303233
        2.6006059000         4.9500000000         2.2209444209         0.5510573375        22.9986303233
        2.6055979000         4.9500000000         2.2209444209         0.6505805584        22.9986303233
        2.6106982000         4.9500000000         2.2158397672         0.7296887597        22.8656556748
        2.6156080000         4.9500000000         2.2234967477         0.8292119806        23.0651176475
        2.6205680000         4.9500000000         2.2311537283         0.9134239367        23.2645796202
        2.6256318000         4.9500000000         2.2030781329         1.0027396478        22.5332190537
        2.6306319000         4.9500000000         2.2362583820         1.0971591138        23.3975542686
        2.6356333000         4.9500000000         2.2081827866         1.1762673150        22.6661937021
        2.6405861000         4.9500000000         2.2132874403         1.2604792711        22.7991683506
        2.6484289000         4.9500000000         2.2183920940         1.3523468597        22.9321429990
        2.6507598000         4.9500000000         2.2183920940         1.4289031834        22.9321429990
        2.6555882000         4.9500000000         2.2158397672         1.5284264043        22.8656556748
        2.6613564000         4.9500000000         2.2158397672         1.6024308506        22.8656556748
        2.6655557000         4.9500000000         2.2311537283         1.6968503166        23.2645796202
        2.6706295000         4.9500000000         2.2183920940         1.7912697826        22.9321429990
        2.6755237000         4.9500000000         2.2209444209         1.8780336162        22.9986303233
        2.6805514000         4.9500000000         2.2337060552         1.9622455724        23.3310669444
        2.6856940000         4.9500000000         2.2209444209         2.0464575285        22.9986303233
        2.6906664000         4.9500000000         2.2056304597         2.1281176072        22.5997063779
        2.6956308000         4.9500000000         2.2132874403         2.2148814408        22.7991683506
        2.7006167000         4.9500000000         2.2311537283         2.3195084166        23.2645796202
        2.7057243000         4.9500000000         2.2158397672         2.4011684953        22.8656556748
        2.7106165000         4.9500000000         2.2209444209         2.4853804515        22.9986303233
        2.7156675000         4.9500000000         2.2158397672         2.5823517949        22.8656556748
        2.7206363000         4.9500000000         2.2132874403         2.6691156285        22.7991683506
        2.7256385000         4.9500000000         2.2337060552         2.7635350945        23.3310669444
        2.7306542000         4.9500000000         2.2132874403         2.8477470506        22.7991683506
        2.7354770000         4.9500000000         2.2107351134         2.9370627617        22.7326810263
        2.7405670000         4.9500000000         2.2183920940         3.0340341051        22.9321429990
        2.7457801000         4.9500000000         2.2132874403         3.1156941838        22.7991683506
        2.7506411000         4.9500000000         2.2286014014         3.2075617724        23.1980922959
        2.7573854000         4.9500000000         2.2081827866         3.2841180961        22.6661937021
        2.7620762000         4.9500000000         2.2158397672         3.3836413170        22.8656556748
        2.7656462000         4.9500000000         2.2107351134         3.4601976408        22.7326810263
        2.7706686000         4.9500000000         2.2234967477         3.5546171068        23.0651176475
        2.7756427000         4.9500000000         2.2209444209         3.6439328179        22.9986303233
        2.7806224000         4.9500000000         2.2132874403         3.7332485289        22.7991683506
        2.7856334000         4.9500000000         2.2209444209         3.8200123625        22.9986303233
        2.7906324000         4.9500000000         2.2183920940         3.9016724412        22.9321429990
        2.7956945000         4.9500000000         2.2183920940         3.9986437847        22.9321429990
        2.8005861000         4.9500000000         2.2490200163         4.0956151281        23.7299908897
        2.8056637000         4.9500000000         2.2209444209         4.1772752068        22.9986303233
        2.8107056000         4.9500000000         2.2311537283         4.2793503051        23.2645796202
        2.8156357000         4.9500000000         2.2132874403         4.3533547515        22.7991683506
        2.8205867000         4.9500000000         2.2132874403         4.4452223400        22.7991683506
        2.8256484000         4.9500000000         2.2081827866         4.5345380510        22.6661937021
        2.8305794000         4.9500000000         2.2286014014         4.6264056396        23.1980922959
        2.8356619000         4.9500000000         2.2107351134         4.7208251056        22.7326810263
        2.8405931000         4.9500000000         2.2132874403         4.8152445715        22.7991683506
        2.8455915000         4.9500000000         2.2234967477         4.9096640375        23.0651176475
        2.8505844000         4.9500000000         2.2286014014         5.0142910133        23.1980922959
        2.8556202000         4.9500000000         2.2183920940         4.9964278711        22.9321429990
        2.8606130000         4.9500000000         2.2183920940         1.1073666236        22.9321429990
        2.8656185000         4.9500000000         2.2234967477        -0.0001481936        23.0651176475
        2.8706007000         4.9500000000         2.2234967477         0.0559931105        23.0651176475
        2.8756053000         4.9500000000         2.2234967477         0.1529644539        23.0651176475
        2.8806600000         4.9500000000         2.2234967477         0.2346245326        23.0651176475
        2.8857698000         4.9500000000         2.2260490746         0.3418033859        23.1316049717
        2.8906514000         4.9500000000         2.2183920940         0.4209115871        22.9321429990
        2.8956250000         4.9500000000         2.2209444209         0.5127791757        22.9986303233
        2.9006382000         4.9500000000         2.2260490746         0.6097505191        23.1316049717
        2.9057368000         4.9500000000         2.2132874403         0.6965143527        22.7991683506
        2.9106236000         4.9500000000         2.2413630357         0.7985894511        23.5305289171
        2.9157070000         4.9500000000         2.2158397672         0.8802495297        22.8656556748
        2.9206181000         4.9500000000         2.2132874403         0.9721171183        22.7991683506
        2.9256424000         4.9500000000         2.2286014014         1.0537771970        23.1980922959
        2.9306354000         4.9500000000         2.2183920940         1.1430929080        22.9321429990
        2.9356634000         4.9500000000         2.2081827866         1.2349604965        22.6661937021
        2.9406007000         4.9500000000         2.2286014014         1.3217243302        23.1980922959
        2.9458003000         4.9500000000         2.2234967477         1.4033844088        23.0651176475
        2.9508132000         4.9500000000         2.2081827866         1.4850444875        22.6661937021
        2.9556746000         4.9500000000         2.2209444209         1.5769120761        22.9986303233
        2.9613187000         4.9500000000         2.2260490746         1.6713315420        23.1316049717
        2.9657149000         4.9500000000         2.2234967477         1.7504397433        23.0651176475
        2.9706278000         4.9500000000         2.2132874403         1.8397554543        22.7991683506
        2.9758697000         4.9500000000         2.2234967477         1.9265192879        23.0651176475
        2.9806410000         4.9500000000         2.2183920940         2.0107312441        22.9321429990
        2.9862167000         4.9500000000         2.2286014014         2.1025988326        23.1980922959
        2.9906053000         4.9500000000         2.2209444209         2.1893626662        22.9986303233
        2.9957276000         4.9500000000         2.2209444209         2.2786783773        22.9986303233
        3.0006503000         4.9500000000         2.2056304597         2.3628903334        22.5997063779
        3.0056524000         4.9500000000         2.2362583820         2.4649654318        23.3975542686
        3.0105988000         4.9500000000         2.2081827866         2.5440736330        22.6661937021
        3.0156409000         4.9500000000         2.2107351134         2.6384930990        22.7326810263
        3.0205553000         4.9500000000         2.2234967477         2.7278088101        23.0651176475
        3.0258202000         4.9500000000         2.2209444209         2.8222282761        22.9986303233
        3.0304840000         4.9500000000         2.2234967477         2.9038883547        23.0651176475
        3.0356308000         4.9500000000         2.2132874403         2.9932040658        22.7991683506
        3.0406393000         4.9500000000         2.2056304597         3.0799678994        22.5997063779
        3.0455406000         4.9500000000         2.2286014014         3.1667317330        23.1980922959
        3.0505336000         4.9500000000         2.2234967477         3.2611511990        23.0651176475
        3.0558031000         4.9500000000         2.2107351134         3.3453631551        22.7326810263
        3.0607795000         4.9500000000         2.2107351134         3.4321269888        22.7326810263
        3.0656296000         4.9500000000         2.2107351134         3.5188908224        22.7326810263
        3.0705924000         4.9500000000         2.2234967477         3.6056546560        23.0651176475
        3.0756386000         4.9500000000         2.2234967477         3.7051778769        23.0651176475
        3.0806031000         4.9500000000         2.2158397672         3.7817342006        22.8656556748
        3.0934252000         4.9500000000         2.2132874403         3.8684980342        22.7991683506
        3.0943449000         4.9500000000         2.2158397672         4.0190588043        22.8656556748
        3.0955905000         4.9500000000         2.2209444209         4.0522332113        22.9986303233
        3.1005083000         4.9500000000         2.2234967477         4.1466526773        23.0651176475
        3.1055407000         4.9500000000         2.2132874403         4.2308646334        22.7991683506
        3.1105498000         4.9500000000         2.2107351134         4.3150765896        22.7326810263
        3.1156113000         4.9500000000         2.2107351134         4.4043923006        22.7326810263
        3.1206553000         4.9500000000         2.2132874403         4.5039155215        22.7991683506
        3.1259190000         4.9500000000         2.2183920940         4.5957831101        22.9321429990
        3.1306510000         4.9500000000         2.2132874403         4.6799950662        22.7991683506
        3.1356488000         4.9500000000         2.2234967477         4.7871739195        23.0651176475
        3.1406047000         4.9500000000         2.2311537283         4.8815933855        23.2645796202
        3.1457523000         4.9500000000         2.2260490746         4.9760128515        23.1316049717
        3.1506740000         4.9500000000         2.2132874403         4.9989797486        22.7991683506
        3.1554792000         4.9500000000         2.2158397672         1.1022628687        22.8656556748
        3.1605179000         4.9500000000         2.2311537283         0.0100593162        23.2645796202
        3.1655596000         4.9500000000         2.2183920940         0.0228187035        22.9321429990
        3.1706142000         4.9500000000         2.2234967477         0.1095825371        23.0651176475
        3.1755284000         4.9500000000         2.2337060552         0.2091057580        23.3310669444
        3.1805776000         4.9500000000         2.2234967477         0.2984214691        23.0651176475
        3.1860138000         4.9500000000         2.2209444209         0.3826334252        22.9986303233
        3.1905785000         4.9500000000         2.2234967477         0.4796047687        23.0651176475
        3.1958003000         4.9500000000         2.2311537283         0.5791279896        23.2645796202
        3.2006422000         4.9500000000         2.2286014014         0.6684437007        23.1980922959
        3.2056717000         4.9500000000         2.2286014014         0.7552075343        23.1980922959
        3.2104626000         4.9500000000         2.2209444209         0.8470751228        22.9986303233
        3.2154942000         4.9500000000         2.2132874403         0.9312870789        22.7991683506
        3.2204586000         4.9500000000         2.2260490746         1.0180509125        23.1316049717
        3.2256020000         4.9500000000         2.2183920940         1.0997109912        22.9321429990
        3.2306098000         4.9500000000         2.2107351134         1.1966823347        22.7326810263
        3.2357544000         4.9500000000         2.2132874403         1.2808942908        22.7991683506
        3.2405771000         4.9500000000         2.2132874403         1.3574506146        22.7991683506
        3.2456880000         4.9500000000         2.2234967477         1.4595257129        23.0651176475
        3.2506278000         4.9500000000         2.2107351134         1.5335301593        22.7326810263
        3.2558047000         4.9500000000         2.2132874403         1.6202939929        22.7991683506
        3.2605856000         4.9500000000         2.2234967477         1.7121615814        23.0651176475
        3.2655743000         4.9500000000         2.2209444209         1.7989254150        22.9986303233
        3.2706093000         4.9500000000         2.2234967477         1.8882411261        23.0651176475
        3.2754741000         4.9500000000         2.2209444209         1.9801087146        22.9986303233
        3.2806849000         4.9500000000         2.2209444209         2.0617687933        22.9986303233
        3.2855980000         4.9500000000         2.2234967477         2.1510845043        23.0651176475
        3.2906171000         4.9500000000         2.2209444209         2.2404002154        22.9986303233
        3.2955786000         4.9500000000         2.2132874403         2.3297159265        22.7991683506
        3.3004845000         4.9500000000         2.2234967477         2.4241353924        23.0651176475
        3.3057312000         4.9500000000         2.2439153626         2.5032435937        23.5970162413
        3.3106459000         4.9500000000         2.2158397672         2.5976630597        22.8656556748
        3.3157131000         4.9500000000         2.2209444209         2.6920825256        22.9986303233
        3.3206732000         4.9500000000         2.2183920940         2.7813982367        22.9321429990
        3.3256515000         4.9500000000         2.2107351134         2.8579545605        22.7326810263
        3.3307521000         4.9500000000         2.2260490746         2.9549259039        23.1316049717
        3.3356428000         4.9500000000         2.2056304597         3.0416897375        22.5997063779
        3.3406788000         4.9500000000         2.2081827866         3.1207979388        22.6661937021
        3.3456259000         4.9500000000         2.2158397672         3.2203211597        22.8656556748
        3.3506430000         4.9500000000         2.2132874403         3.3019812383        22.7991683506
        3.3556405000         4.9500000000         2.2158397672         3.3912969494        22.8656556748
        3.3605946000         4.9500000000         2.2234967477         3.4857164154        23.0651176475
        3.3656312000         4.9500000000         2.2132874403         3.5673764941        22.7991683506
        3.3704996000         4.9500000000         2.2183920940         3.6566922051        22.9321429990
        3.3755965000         4.9500000000         2.2107351134         3.7460079162        22.7326810263
        3.3805135000         4.9500000000         2.2234967477         3.8378755047        23.0651176475
        3.3862668000         4.9500000000         2.2183920940         3.9322949707        22.9321429990
        3.3940979000         4.9500000000         2.2183920940         4.0369219465        22.9321429990
        3.3958257000         4.9500000000         2.2132874403         4.0981670056        22.7991683506
        3.4009557000         4.9500000000         2.2081827866         4.1874827166        22.6661937021
        3.4056501000         4.9500000000         2.2234967477         4.2819021826        23.0651176475
        3.4106568000         4.9500000000         2.2056304597         4.3635622613        22.5997063779
        3.4160785000         4.9500000000         2.2209444209         4.4630854822        22.9986303233
        3.4206014000         4.9500000000         2.2107351134         4.5447455609        22.7326810263
        3.4256231000         4.9500000000         2.2234967477         4.6417169043        23.0651176475
        3.4305756000         4.9500000000         2.2056304597         4.7310326154        22.5997063779
        3.4356671000         4.9500000000         2.2311537283         4.8331077137        23.2645796202
        3.4406021000         4.9500000000         2.2209444209         4.9249753023        22.9986303233
        3.4455872000         4.9500000000         2.2209444209         5.0015316260        22.9986303233
        3.4507813000         4.9500000000         2.2234967477         5.0066353810        23.0651176475
        3.4557224000         4.9500000000         2.2132874403         0.0024036839        22.7991683506
        3.4606630000         4.9500000000         2.2337060552         0.0049555613        23.3310669444
        3.4655780000         4.9500000000         2.2260490746         0.0662006203        23.1316049717
        3.4706248000         4.9500000000         2.2209444209         0.1606200863        22.9986303233
        3.4755933000         4.9500000000         2.2183920940         0.2524876748        22.9321429990
        3.4806339000         4.9500000000         2.2362583820         0.3494590183        23.3975542686
        3.4857212000         4.9500000000         2.2234967477         0.4362228519        23.0651176475
        3.4906926000         4.9500000000         2.2132874403         0.5255385629        22.7991683506
        3.4956124000         4.9500000000         2.2183920940         0.6199580289        22.9321429990
        3.5007226000         4.9500000000         2.2337060552         0.7118256175        23.3310669444
        3.5057332000         4.9500000000         2.2337060552         0.8062450834        23.3310669444
        3.5104885000         4.9500000000         2.2260490746         0.8930089170        23.1316049717
        3.5155924000         4.9500000000         2.2209444209         0.9823246281        22.9986303233
        3.5205759000         4.9500000000         2.2439153626         1.0665365843        23.5970162413
        3.5255802000         4.9500000000         2.2158397672         1.1430929080        22.8656556748
        3.5305582000         4.9500000000         2.2107351134         1.2375123740        22.7326810263
        3.5356235000         4.9500000000         2.2132874403         1.3268280851        22.7991683506
        3.5405506000         4.9500000000         2.2234967477         1.4161437961        23.0651176475
        3.5456318000         4.9500000000         2.2311537283         1.5054595072        23.2645796202
        3.5507729000         4.9500000000         2.2107351134         1.5820158310        22.7326810263
        3.5556425000         4.9500000000         2.2132874403         1.6687796646        22.7991683506
        3.5647937000         4.9500000000         2.2234967477         1.7580953756        23.0651176475
        3.5657334000         4.9500000000         2.2260490746         1.8499629642        23.1316049717
        3.5706129000         4.9500000000         2.2260490746         1.9341749203        23.1316049717
        3.5756094000         4.9500000000         2.2183920940         2.0209387539        22.9321429990
        3.5806082000         4.9500000000         2.2183920940         2.1179100974        22.9321429990
        3.5855991000         4.9500000000         2.2183920940         2.1970182986        22.9321429990
        3.5905333000         4.9500000000         2.2234967477         2.2812302547        23.0651176475
        3.5959014000         4.9500000000         2.2234967477         2.3730978433        23.0651176475
        3.6006141000         4.9500000000         2.2056304597         2.4624135543        22.5997063779
        3.6057904000         4.9500000000         2.2132874403         2.5517292654        22.7991683506
        3.6107089000         4.9500000000         2.2234967477         2.6487006088        23.0651176475
        3.6159810000         4.9500000000         2.2158397672         2.7354644424        22.8656556748
        3.6206566000         4.9500000000         2.2030781329         2.8222282761        22.5332190537
        3.6256574000         4.9500000000         2.2132874403         2.9038883547        22.7991683506
        3.6307219000         4.9500000000         2.2132874403         3.0008596982        22.7991683506
        3.6355001000         4.9500000000         2.2158397672         3.0825197769        22.8656556748
        3.6406315000         4.9500000000         2.2132874403         3.1692836105        22.7991683506
        3.6455161000         4.9500000000         2.2056304597         3.2637030765        22.5997063779
        3.6507645000         4.9500000000         2.2107351134         3.3530187875        22.7326810263
        3.6555836000         4.9500000000         2.2286014014         3.4372307437        23.1980922959
        3.6606069000         4.9500000000         2.2183920940         3.5316502097        22.9321429990
        3.6655113000         4.9500000000         2.2209444209         3.6235177982        22.9986303233
        3.6708850000         4.9500000000         2.2107351134         3.7077297543        22.7326810263
        3.6762319000         4.9500000000         2.2260490746         3.7995973429        23.1316049717
        3.6812825000         4.9500000000         2.2183920940         3.8812574215        22.9321429990
        3.6860763000         4.9500000000         2.2209444209         3.9705731326        22.9986303233
        3.6905905000         4.9500000000         2.2566769969         4.0624407211        23.9294528624
        3.6958925000         4.9500000000         2.2132874403         4.1492045547        22.7991683506
        3.7006851000         4.9500000000         2.2311537283         4.2487277756        23.2645796202
        3.7061799000         4.9500000000         2.2158397672         4.3303878543        22.8656556748
        3.7106112000         4.9500000000         2.2209444209         4.4197035654        22.9986303233
        3.7155887000         4.9500000000         2.2132874403         4.5141230314        22.7991683506
        3.7207241000         4.9500000000         2.2132874403         4.5983349875        22.7991683506
        3.7254796000         4.9500000000         2.2183920940         4.6927544535        22.9321429990
        3.7307366000         4.9500000000         2.2183920940         4.7871739195        22.9321429990
        3.7356195000         4.9500000000         2.2260490746         4.8918008953        23.1316049717
        3.7404704000         4.9500000000         2.2286014014         4.9811166064        23.1980922959
        3.7455826000         4.9500000000         2.2541246700         4.9989797486        23.8629655382
        3.7505936000         4.9500000000         2.2132874403         1.1124703785        22.7991683506
        3.7556480000         4.9500000000         2.2234967477         0.0024036839        23.0651176475
        3.7609482000         4.9500000000         2.2311537283         0.0406818457        23.2645796202
        3.7655969000         4.9500000000         2.2158397672         0.1146862920        22.8656556748
        3.7707129000         4.9500000000         2.2081827866         0.2091057580        22.6661937021
        3.7756494000         4.9500000000         2.2286014014         0.3086289789        23.1980922959
        3.7808817000         4.9500000000         2.2311537283         0.4056003224        23.2645796202
        3.7855932000         4.9500000000         2.2209444209         0.4949160334        22.9986303233
        3.7907079000         4.9500000000         2.2158397672         0.5714723572        22.8656556748
        3.7955613000         4.9500000000         2.2311537283         0.6760993330        23.2645796202
        3.8007238000         4.9500000000         2.2362583820         0.7679669216        23.3975542686
        3.8056705000         4.9500000000         2.2234967477         0.8521788777        23.0651176475
        3.8108212000         4.9500000000         2.2132874403         0.9440464662        22.7991683506
        3.8166459000         4.9500000000         2.2413630357         1.0333621773        23.5305289171
        3.8206803000         4.9500000000         2.2209444209         1.1150222560        22.9986303233
        3.8255725000         4.9500000000         2.2158397672         1.1992342121        22.8656556748
        3.8306660000         4.9500000000         2.2132874403         1.2911018006        22.7991683506
        3.8356511000         4.9500000000         2.2286014014         1.3829693892        23.1980922959
        3.8406446000         4.9500000000         2.2260490746         1.4671813453        23.1316049717
        3.8456263000         4.9500000000         2.2260490746         1.5564970564        23.1316049717
        3.8505929000         4.9500000000         2.2158397672         1.6279496252        22.8656556748
        3.8555921000         4.9500000000         2.2209444209         1.7172653363        22.9986303233
        3.8606677000         4.9500000000         2.2132874403         1.8116848023        22.7991683506
        3.8656439000         4.9500000000         2.2234967477         1.9035523908        23.0651176475
        3.8705647000         4.9500000000         2.2234967477         1.9826605920        23.0651176475
        3.8756102000         4.9500000000         2.2132874403         2.0668725482        22.7991683506
        3.8807022000         4.9500000000         2.2209444209         2.1663957691        22.9986303233
        3.8856575000         4.9500000000         2.2234967477         2.2480558478        23.0651176475
        3.8906574000         4.9500000000         2.2183920940         2.3322678039        22.9321429990
        3.8956361000         4.9500000000         2.2311537283         2.4343429023        23.2645796202
        3.9005742000         4.9500000000         2.2234967477         2.5236586133        23.0651176475
        3.9057478000         4.9500000000         2.2107351134         2.6078705695        22.7326810263
        3.9108267000         4.9500000000         2.2260490746         2.7073937904        23.1316049717
        3.9156057000         4.9500000000         2.2311537283         2.7916057465        23.2645796202
        3.9205949000         4.9500000000         2.2081827866         2.8656101929        22.6661937021
        3.9256720000         4.9500000000         2.2107351134         2.9625815363        22.7326810263
        3.9305811000         4.9500000000         2.2081827866         3.0416897375        22.6661937021
        3.9356250000         4.9500000000         2.2158397672         3.1310054486        22.8656556748
        3.9406553000         4.9500000000         2.2081827866         3.2254249146        22.6661937021
        3.9454898000         4.9500000000         2.2183920940         3.3223962580        22.9321429990
        3.9506787000         4.9500000000         2.2158397672         3.4091600916        22.8656556748
        3.9555976000         4.9500000000         2.2132874403         3.4882682929        22.7991683506
        3.9606234000         4.9500000000         2.2209444209         3.5877915138        22.9986303233
        3.9656014000         4.9500000000         2.2056304597         3.6668997150        22.5997063779
        3.9706870000         4.9500000000         2.2132874403         3.7562154260        22.7991683506
        3.9755824000         4.9500000000         2.2183920940         3.8404273822        22.9321429990
        3.9807063000         4.9500000000         2.2132874403         3.9271912158        22.7991683506
        3.9856294000         4.9500000000         2.2158397672         4.0216106818        22.8656556748
        3.9906491000         4.9500000000         2.2132874403         4.1083745154        22.7991683506
        3.9955415000         4.9500000000         2.2260490746         4.2053458588        23.1316049717
        4.0008039000         4.9500000000         2.2158397672         4.2946615699        22.8656556748
