% Sweep Step 4/200  Vcmd=2.4800V  CCW 
% Vg_offset=1.338069V  K_gimbal=26.049690

Time[s]              Vcmd[V]              Vg_raw[V]            Pot[V]             Omega[rad/s]
        0.0020659000         2.4800000000         1.3327346748         3.3606744199        -0.1389585076
        0.0055575000         2.4800000000         1.3506009628         3.3657781748         0.3264527620
        0.0105486000         2.4800000000         1.3378393285         3.3632262974        -0.0059838592
        0.0156275000         2.4800000000         1.3352870017         3.3683300523        -0.0724711834
        0.0205797000         2.4800000000         1.3378393285         3.3657781748        -0.0059838592
        0.0255987000         2.4800000000         1.3301823480         3.3581225424        -0.2054458319
        0.0305080000         2.4800000000         1.3454963091         3.3734338072         0.1934781135
        0.0357114000         2.4800000000         1.3378393285         3.3683300523        -0.0059838592
        0.0406357000         2.4800000000         1.3327346748         3.3606744199        -0.1389585076
        0.0455947000         2.4800000000         1.3403916554         3.3708819297         0.0605034650
        0.0505522000         2.4800000000         1.3352870017         3.3683300523        -0.0724711834
        0.0556131000         2.4800000000         1.3327346748         3.3632262974        -0.1389585076
        0.0604716000         2.4800000000         1.3429439823         3.3708819297         0.1269907893
        0.0655751000         2.4800000000         1.3454963091         3.3734338072         0.1934781135
        0.0705707000         2.4800000000         1.3378393285         3.3657781748        -0.0059838592
        0.0755634000         2.4800000000         1.3301823480         3.3606744199        -0.2054458319
        0.0805522000         2.4800000000         1.3378393285         3.3657781748        -0.0059838592
        0.0855152000         2.4800000000         1.3378393285         3.3657781748        -0.0059838592
        0.0905683000         2.4800000000         1.3403916554         3.3657781748         0.0605034650
        0.0955760000         2.4800000000         1.3352870017         3.3632262974        -0.0724711834
        0.1005602000         2.4800000000         1.3352870017         3.3632262974        -0.0724711834
        0.1055075000         2.4800000000         1.3429439823         3.3734338072         0.1269907893
        0.1105215000         2.4800000000         1.3429439823         3.3734338072         0.1269907893
        0.1155469000         2.4800000000         1.3454963091         3.3708819297         0.1934781135
        0.1205133000         2.4800000000         1.3378393285         3.3657781748        -0.0059838592
        0.1255348000         2.4800000000         1.3378393285         3.3657781748        -0.0059838592
        0.1304830000         2.4800000000         1.3429439823         3.3708819297         0.1269907893
        0.1355946000         2.4800000000         1.3352870017         3.3657781748        -0.0724711834
        0.1404798000         2.4800000000         1.3327346748         3.3606744199        -0.1389585076
        0.1455151000         2.4800000000         1.3378393285         3.3657781748        -0.0059838592
        0.1505909000         2.4800000000         1.3429439823         3.3734338072         0.1269907893
        0.1555651000         2.4800000000         1.3378393285         3.3657781748        -0.0059838592
        0.1605463000         2.4800000000         1.3378393285         3.3657781748        -0.0059838592
        0.1655537000         2.4800000000         1.3403916554         3.3734338072         0.0605034650
        0.1705528000         2.4800000000         1.3378393285         3.3632262974        -0.0059838592
        0.1755475000         2.4800000000         1.3378393285         3.3657781748        -0.0059838592
        0.1805042000         2.4800000000         1.3403916554         3.3632262974         0.0605034650
        0.1855057000         2.4800000000         1.3327346748         3.3581225424        -0.1389585076
        0.1905342000         2.4800000000         1.3352870017         3.3632262974        -0.0724711834
        0.1955408000         2.4800000000         1.3378393285         3.3632262974        -0.0059838592
        0.2006481000         2.4800000000         1.3403916554         3.3632262974         0.0605034650
        0.2055161000         2.4800000000         1.3352870017         3.3657781748        -0.0724711834
        0.2106567000         2.4800000000         1.3352870017         3.3657781748        -0.0724711834
        0.2156632000         2.4800000000         1.3454963091         3.3734338072         0.1934781135
        0.2206400000         2.4800000000         1.3378393285         3.3632262974        -0.0059838592
        0.2255598000         2.4800000000         1.3454963091         3.3734338072         0.1934781135
        0.2305489000         2.4800000000         1.3378393285         3.3632262974        -0.0059838592
        0.2359190000         2.4800000000         1.3327346748         3.3581225424        -0.1389585076
        0.2404808000         2.4800000000         1.3403916554         3.3632262974         0.0605034650
        0.2454995000         2.4800000000         1.3454963091         3.3708819297         0.1934781135
        0.2504792000         2.4800000000         1.3403916554         3.3632262974         0.0605034650
        0.2554782000         2.4800000000         1.3429439823         3.3708819297         0.1269907893
        0.2604834000         2.4800000000         1.3429439823         3.3734338072         0.1269907893
        0.2655832000         2.4800000000         1.3352870017         3.3632262974        -0.0724711834
        0.2704883000         2.4800000000         1.3429439823         3.3734338072         0.1269907893
        0.2755562000         2.4800000000         1.3352870017         3.3657781748        -0.0724711834
        0.2805496000         2.4800000000         1.3327346748         3.3606744199        -0.1389585076
        0.2855830000         2.4800000000         1.3378393285         3.3657781748        -0.0059838592
        0.2906145000         2.4800000000         1.3454963091         3.3734338072         0.1934781135
        0.2954988000         2.4800000000         1.3557056165         3.3657781748         0.4594274104
        0.3005346000         2.4800000000         1.3327346748         3.3606744199        -0.1389585076
        0.3056161000         2.4800000000         1.3454963091         3.3708819297         0.1934781135
        0.3105888000         2.4800000000         1.3480486360         3.3708819297         0.2599654377
        0.3155474000         2.4800000000         1.3378393285         3.3632262974        -0.0059838592
        0.3205547000         2.4800000000         1.3378393285         3.3657781748        -0.0059838592
        0.3255702000         2.4800000000         1.3352870017         3.3657781748        -0.0724711834
        0.3305505000         2.4800000000         1.3429439823         3.3708819297         0.1269907893
        0.3355230000         2.4800000000         1.3429439823         3.3708819297         0.1269907893
        0.3405125000         2.4800000000         1.3429439823         3.3734338072         0.1269907893
        0.3456239000         2.4800000000         1.3429439823         3.3734338072         0.1269907893
        0.3506540000         2.4800000000         1.3378393285         3.3657781748        -0.0059838592
        0.3556144000         2.4800000000         1.3429439823         3.3734338072         0.1269907893
        0.3606633000         2.4800000000         1.3378393285         3.3683300523        -0.0059838592
        0.3655970000         2.4800000000         1.3327346748         3.3606744199        -0.1389585076
        0.3706100000         2.4800000000         1.3352870017         3.3632262974        -0.0724711834
        0.3756048000         2.4800000000         1.3429439823         3.3708819297         0.1269907893
        0.3806599000         2.4800000000         1.3454963091         3.3708819297         0.1934781135
        0.3856781000         2.4800000000         1.3429439823         3.3734338072         0.1269907893
        0.3905971000         2.4800000000         1.3454963091         3.3734338072         0.1934781135
        0.3956115000         2.4800000000         1.3378393285         3.3683300523        -0.0059838592
        0.4006525000         2.4800000000         1.3454963091         3.3708819297         0.1934781135
        0.4056442000         2.4800000000         1.3301823480         3.3606744199        -0.2054458319
        0.4106570000         2.4800000000         1.3403916554         3.3657781748         0.0605034650
        0.4156670000         2.4800000000         1.3301823480         3.3632262974        -0.2054458319
        0.4207179000         2.4800000000         1.3327346748         3.3581225424        -0.1389585076
        0.4256202000         2.4800000000         1.3327346748         3.3581225424        -0.1389585076
        0.4306239000         2.4800000000         1.3429439823         3.3708819297         0.1269907893
        0.4356241000         2.4800000000         1.3301823480         3.3606744199        -0.2054458319
        0.4406347000         2.4800000000         1.3378393285         3.3632262974        -0.0059838592
        0.4456300000         2.4800000000         1.3454963091         3.3708819297         0.1934781135
        0.4505576000         2.4800000000         1.3531532897         3.3606744199         0.3929400862
        0.4555575000         2.4800000000         1.3378393285         3.3632262974        -0.0059838592
        0.4605396000         2.4800000000         1.3352870017         3.3683300523        -0.0724711834
        0.4655239000         2.4800000000         1.3659149240         3.3734338072         0.7253767073
        0.4706515000         2.4800000000         1.3327346748         3.3606744199        -0.1389585076
        0.4756188000         2.4800000000         1.3327346748         3.3606744199        -0.1389585076
        0.4805816000         2.4800000000         1.3301823480         3.3606744199        -0.2054458319
        0.4855967000         2.4800000000         1.3454963091         3.3708819297         0.1934781135
        0.4907333000         2.4800000000         1.3378393285         3.3657781748        -0.0059838592
        0.4955779000         2.4800000000         1.3378393285         3.3657781748        -0.0059838592
        0.5005822000         2.4800000000         1.3352870017         3.3657781748        -0.0724711834
        0.5055062000         2.4800000000         1.3378393285         3.3632262974        -0.0059838592
        0.5104888000         2.4800000000         1.3429439823         3.3734338072         0.1269907893
        0.5155713000         2.4800000000         1.3352870017         3.3657781748        -0.0724711834
        0.5205197000         2.4800000000         1.3378393285         3.3657781748        -0.0059838592
        0.5255948000         2.4800000000         1.3378393285         3.3657781748        -0.0059838592
        0.5305754000         2.4800000000         1.3327346748         3.3632262974        -0.1389585076
        0.5356870000         2.4800000000         1.3301823480         3.3632262974        -0.2054458319
        0.5406242000         2.4800000000         1.3301823480         3.3606744199        -0.2054458319
        0.5455695000         2.4800000000         1.3352870017         3.3581225424        -0.0724711834
        0.5507068000         2.4800000000         1.3378393285         3.3632262974        -0.0059838592
        0.5555607000         2.4800000000         1.3403916554         3.3657781748         0.0605034650
        0.5605511000         2.4800000000         1.3352870017         3.3683300523        -0.0724711834
        0.5655544000         2.4800000000         1.3378393285         3.3683300523        -0.0059838592
        0.5707653000         2.4800000000         1.3327346748         3.3606744199        -0.1389585076
        0.5756133000         2.4800000000         1.3429439823         3.3734338072         0.1269907893
        0.5807275000         2.4800000000         1.3301823480         3.3632262974        -0.2054458319
        0.5856537000         2.4800000000         1.3378393285         3.3657781748        -0.0059838592
        0.5907834000         2.4800000000         1.3608102703         3.3606744199         0.5924020589
        0.5956218000         2.4800000000         1.3454963091         3.3734338072         0.1934781135
        0.6005288000         2.4800000000         1.3301823480         3.3606744199        -0.2054458319
        0.6055994000         2.4800000000         1.3378393285         3.3657781748        -0.0059838592
        0.6106786000         2.4800000000         1.3378393285         3.3632262974        -0.0059838592
        0.6156286000         2.4800000000         1.3378393285         3.3657781748        -0.0059838592
        0.6206643000         2.4800000000         1.3301823480         3.3581225424        -0.2054458319
        0.6255625000         2.4800000000         1.3352870017         3.3657781748        -0.0724711834
        0.6305904000         2.4800000000         1.3378393285         3.3632262974        -0.0059838592
        0.6356176000         2.4800000000         1.3429439823         3.3734338072         0.1269907893
        0.6406760000         2.4800000000         1.3378393285         3.3657781748        -0.0059838592
        0.6456233000         2.4800000000         1.3352870017         3.3657781748        -0.0724711834
        0.6506205000         2.4800000000         1.3378393285         3.3632262974        -0.0059838592
        0.6557080000         2.4800000000         1.3429439823         3.3734338072         0.1269907893
        0.6606767000         2.4800000000         1.3352870017         3.3657781748        -0.0724711834
        0.6655852000         2.4800000000         1.3301823480         3.3606744199        -0.2054458319
        0.6705260000         2.4800000000         1.3378393285         3.3657781748        -0.0059838592
        0.6757658000         2.4800000000         1.3480486360         3.3734338072         0.2599654377
        0.6806433000         2.4800000000         1.3352870017         3.3657781748        -0.0724711834
        0.6856842000         2.4800000000         1.3378393285         3.3632262974        -0.0059838592
        0.6906910000         2.4800000000         1.3403916554         3.3657781748         0.0605034650
        0.6956649000         2.4800000000         1.3378393285         3.3683300523        -0.0059838592
        0.7006717000         2.4800000000         1.3378393285         3.3657781748        -0.0059838592
        0.7056221000         2.4800000000         1.3403916554         3.3632262974         0.0605034650
        0.7107597000         2.4800000000         1.3378393285         3.3657781748        -0.0059838592
        0.7156743000         2.4800000000         1.3429439823         3.3708819297         0.1269907893
        0.7206191000         2.4800000000         1.3429439823         3.3708819297         0.1269907893
        0.7256734000         2.4800000000         1.3327346748         3.3606744199        -0.1389585076
        0.7306169000         2.4800000000         1.3378393285         3.3632262974        -0.0059838592
        0.7355870000         2.4800000000         1.3429439823         3.3708819297         0.1269907893
        0.7406273000         2.4800000000         1.3454963091         3.3734338072         0.1934781135
        0.7456240000         2.4800000000         1.3378393285         3.3632262974        -0.0059838592
        0.7507937000         2.4800000000         1.3301823480         3.3606744199        -0.2054458319
        0.7557662000         2.4800000000         1.3378393285         3.3657781748        -0.0059838592
        0.7607477000         2.4800000000         1.3403916554         3.3657781748         0.0605034650
        0.7656031000         2.4800000000         1.3378393285         3.3683300523        -0.0059838592
        0.7707708000         2.4800000000         1.3352870017         3.3657781748        -0.0724711834
        0.7757294000         2.4800000000         1.3454963091         3.3708819297         0.1934781135
        0.7806195000         2.4800000000         1.3352870017         3.3683300523        -0.0724711834
        0.7855170000         2.4800000000         1.3378393285         3.3657781748        -0.0059838592
        0.7906423000         2.4800000000         1.3557056165         3.3606744199         0.4594274104
        0.7954489000         2.4800000000         1.3352870017         3.3657781748        -0.0724711834
        0.8006460000         2.4800000000         1.3352870017         3.3683300523        -0.0724711834
        0.8056128000         2.4800000000         1.3378393285         3.3657781748        -0.0059838592
        0.8105564000         2.4800000000         1.3429439823         3.3708819297         0.1269907893
        0.8154771000         2.4800000000         1.3352870017         3.3683300523        -0.0724711834
        0.8205664000         2.4800000000         1.3301823480         3.3606744199        -0.2054458319
        0.8256002000         2.4800000000         1.3378393285         3.3657781748        -0.0059838592
        0.8306386000         2.4800000000         1.3327346748         3.3581225424        -0.1389585076
        0.8356831000         2.4800000000         1.3327346748         3.3606744199        -0.1389585076
        0.8406124000         2.4800000000         1.3352870017         3.3657781748        -0.0724711834
        0.8454788000         2.4800000000         1.3454963091         3.3708819297         0.1934781135
        0.8506045000         2.4800000000         1.3301823480         3.3606744199        -0.2054458319
        0.8555802000         2.4800000000         1.3429439823         3.3734338072         0.1269907893
        0.8605504000         2.4800000000         1.3454963091         3.3734338072         0.1934781135
        0.8655486000         2.4800000000         1.3557056165         3.3734338072         0.4594274104
        0.8705060000         2.4800000000         1.3327346748         3.3606744199        -0.1389585076
        0.8757893000         2.4800000000         1.3327346748         3.3581225424        -0.1389585076
        0.8806074000         2.4800000000         1.3378393285         3.3632262974        -0.0059838592
        0.8856434000         2.4800000000         1.3429439823         3.3708819297         0.1269907893
        0.8906486000         2.4800000000         1.3454963091         3.3734338072         0.1934781135
        0.8956576000         2.4800000000         1.3454963091         3.3734338072         0.1934781135
        0.9006624000         2.4800000000         1.3480486360         3.3708819297         0.2599654377
        0.9056717000         2.4800000000         1.3429439823         3.3734338072         0.1269907893
        0.9106385000         2.4800000000         1.3429439823         3.3708819297         0.1269907893
        0.9156206000         2.4800000000         1.3378393285         3.3683300523        -0.0059838592
        0.9206515000         2.4800000000         1.3429439823         3.3734338072         0.1269907893
        0.9257651000         2.4800000000         1.3454963091         3.3734338072         0.1934781135
        0.9305766000         2.4800000000         1.3378393285         3.3657781748        -0.0059838592
        0.9355941000         2.4800000000         1.3403916554         3.3632262974         0.0605034650
        0.9405623000         2.4800000000         1.3378393285         3.3632262974        -0.0059838592
        0.9456079000         2.4800000000         1.3378393285         3.3683300523        -0.0059838592
        0.9506099000         2.4800000000         1.3378393285         3.3657781748        -0.0059838592
        0.9556057000         2.4800000000         1.3378393285         3.3657781748        -0.0059838592
        0.9605271000         2.4800000000         1.3301823480         3.3632262974        -0.2054458319
        0.9655279000         2.4800000000         1.3327346748         3.3581225424        -0.1389585076
        0.9705700000         2.4800000000         1.3378393285         3.3632262974        -0.0059838592
        0.9755673000         2.4800000000         1.3378393285         3.3632262974        -0.0059838592
        0.9804963000         2.4800000000         1.3327346748         3.3581225424        -0.1389585076
        0.9855824000         2.4800000000         1.3301823480         3.3581225424        -0.2054458319
        0.9906266000         2.4800000000         1.3378393285         3.3657781748        -0.0059838592
        0.9957582000         2.4800000000         1.3301823480         3.3606744199        -0.2054458319
        1.0006739000         2.4800000000         1.3454963091         3.3708819297         0.1934781135
        1.0057753000         2.4800000000         1.3327346748         3.3606744199        -0.1389585076
        1.0107150000         2.4800000000         1.3378393285         3.3657781748        -0.0059838592
        1.0155946000         2.4800000000         1.3378393285         3.3657781748        -0.0059838592
        1.0205126000         2.4800000000         1.3429439823         3.3708819297         0.1269907893
        1.0255905000         2.4800000000         1.3327346748         3.3606744199        -0.1389585076
        1.0310575000         2.4800000000         1.3352870017         3.3683300523        -0.0724711834
        1.0356502000         2.4800000000         1.3429439823         3.3708819297         0.1269907893
        1.0407445000         2.4800000000         1.3403916554         3.3632262974         0.0605034650
        1.0455670000         2.4800000000         1.3378393285         3.3657781748        -0.0059838592
        1.0505626000         2.4800000000         1.3327346748         3.3606744199        -0.1389585076
        1.0555300000         2.4800000000         1.3301823480         3.3581225424        -0.2054458319
        1.0605913000         2.4800000000         1.3378393285         3.3657781748        -0.0059838592
        1.0656197000         2.4800000000         1.3454963091         3.3683300523         0.1934781135
        1.0707954000         2.4800000000         1.3429439823         3.3708819297         0.1269907893
        1.0756093000         2.4800000000         1.3454963091         3.3708819297         0.1934781135
        1.0804521000         2.4800000000         1.3429439823         3.3708819297         0.1269907893
        1.0855766000         2.4800000000         1.3454963091         3.3708819297         0.1934781135
        1.0906982000         2.4800000000         1.3454963091         3.3708819297         0.1934781135
        1.0955842000         2.4800000000         1.3378393285         3.3683300523        -0.0059838592
        1.1004867000         2.4800000000         1.3327346748         3.3606744199        -0.1389585076
        1.1055478000         2.4800000000         1.3301823480         3.3581225424        -0.2054458319
        1.1105564000         2.4800000000         1.3378393285         3.3632262974        -0.0059838592
        1.1155318000         2.4800000000         1.3352870017         3.3683300523        -0.0724711834
        1.1206617000         2.4800000000         1.3429439823         3.3708819297         0.1269907893
        1.1255670000         2.4800000000         1.3327346748         3.3606744199        -0.1389585076
        1.1306499000         2.4800000000         1.3378393285         3.3657781748        -0.0059838592
        1.1356447000         2.4800000000         1.3403916554         3.3657781748         0.0605034650
        1.1406643000         2.4800000000         1.3429439823         3.3734338072         0.1269907893
        1.1456999000         2.4800000000         1.3378393285         3.3657781748        -0.0059838592
        1.1506765000         2.4800000000         1.3301823480         3.3632262974        -0.2054458319
        1.1555988000         2.4800000000         1.3327346748         3.3581225424        -0.1389585076
        1.1605907000         2.4800000000         1.3403916554         3.3657781748         0.0605034650
        1.1654887000         2.4800000000         1.3327346748         3.3581225424        -0.1389585076
        1.1704659000         2.4800000000         1.3378393285         3.3683300523        -0.0059838592
        1.1782104000         2.4800000000         1.3378393285         3.3657781748        -0.0059838592
        1.1809116000         2.4800000000         1.3378393285         3.3657781748        -0.0059838592
        1.1856288000         2.4800000000         1.3378393285         3.3657781748        -0.0059838592
        1.1906769000         2.4800000000         1.3378393285         3.3657781748        -0.0059838592
        1.1956803000         2.4800000000         1.3454963091         3.3708819297         0.1934781135
        1.2006837000         2.4800000000         1.3429439823         3.3708819297         0.1269907893
        1.2056240000         2.4800000000         1.3454963091         3.3734338072         0.1934781135
        1.2107549000         2.4800000000         1.3429439823         3.3734338072         0.1269907893
        1.2156195000         2.4800000000         1.3429439823         3.3734338072         0.1269907893
        1.2205402000         2.4800000000         1.3582579434         3.3606744199         0.5259147346
        1.2257302000         2.4800000000         1.3327346748         3.3606744199        -0.1389585076
        1.2307731000         2.4800000000         1.3454963091         3.3759856847         0.1934781135
        1.2355076000         2.4800000000         1.3378393285         3.3657781748        -0.0059838592
        1.2405921000         2.4800000000         1.3327346748         3.3606744199        -0.1389585076
        1.2456481000         2.4800000000         1.3378393285         3.3632262974        -0.0059838592
        1.2505748000         2.4800000000         1.3429439823         3.3708819297         0.1269907893
        1.2556377000         2.4800000000         1.3429439823         3.3734338072         0.1269907893
        1.2606346000         2.4800000000         1.3378393285         3.3657781748        -0.0059838592
        1.2661539000         2.4800000000         1.3429439823         3.3734338072         0.1269907893
        1.2705591000         2.4800000000         1.3301823480         3.3632262974        -0.2054458319
        1.2756858000         2.4800000000         1.3454963091         3.3734338072         0.1934781135
        1.2805075000         2.4800000000         1.3506009628         3.3606744199         0.3264527620
        1.2854863000         2.4800000000         1.3378393285         3.3632262974        -0.0059838592
        1.2905109000         2.4800000000         1.3378393285         3.3632262974        -0.0059838592
        1.2955273000         2.4800000000         1.3608102703         3.3657781748         0.5924020589
        1.3006175000         2.4800000000         1.3352870017         3.3657781748        -0.0724711834
        1.3057509000         2.4800000000         1.3301823480         3.3632262974        -0.2054458319
        1.3105235000         2.4800000000         1.3352870017         3.3657781748        -0.0724711834
        1.3155457000         2.4800000000         1.3378393285         3.3657781748        -0.0059838592
        1.3205884000         2.4800000000         1.3301823480         3.3606744199        -0.2054458319
        1.3256162000         2.4800000000         1.3403916554         3.3632262974         0.0605034650
        1.3305832000         2.4800000000         1.3352870017         3.3657781748        -0.0724711834
        1.3355635000         2.4800000000         1.3327346748         3.3606744199        -0.1389585076
        1.3405820000         2.4800000000         1.3301823480         3.3606744199        -0.2054458319
        1.3455663000         2.4800000000         1.3352870017         3.3657781748        -0.0724711834
        1.3506041000         2.4800000000         1.3429439823         3.3708819297         0.1269907893
        1.3555022000         2.4800000000         1.3378393285         3.3657781748        -0.0059838592
        1.3606251000         2.4800000000         1.3454963091         3.3734338072         0.1934781135
        1.3655749000         2.4800000000         1.3429439823         3.3657781748         0.1269907893
        1.3706202000         2.4800000000         1.3403916554         3.3632262974         0.0605034650
        1.3756433000         2.4800000000         1.3429439823         3.3734338072         0.1269907893
        1.3805921000         2.4800000000         1.3352870017         3.3657781748        -0.0724711834
        1.3855941000         2.4800000000         1.3352870017         3.3683300523        -0.0724711834
        1.3907347000         2.4800000000         1.3403916554         3.3657781748         0.0605034650
        1.3955947000         2.4800000000         1.3429439823         3.3734338072         0.1269907893
        1.4006874000         2.4800000000         1.3429439823         3.3708819297         0.1269907893
        1.4056205000         2.4800000000         1.3378393285         3.3657781748        -0.0059838592
        1.4105536000         2.4800000000         1.3378393285         3.3657781748        -0.0059838592
        1.4155917000         2.4800000000         1.3429439823         3.3708819297         0.1269907893
        1.4206106000         2.4800000000         1.3403916554         3.3632262974         0.0605034650
        1.4255362000         2.4800000000         1.3429439823         3.3708819297         0.1269907893
        1.4305384000         2.4800000000         1.3429439823         3.3708819297         0.1269907893
        1.4356110000         2.4800000000         1.3429439823         3.3708819297         0.1269907893
        1.4405600000         2.4800000000         1.3480486360         3.3632262974         0.2599654377
        1.4455743000         2.4800000000         1.3327346748         3.3606744199        -0.1389585076
        1.4505899000         2.4800000000         1.3429439823         3.3734338072         0.1269907893
        1.4555365000         2.4800000000         1.3301823480         3.3581225424        -0.2054458319
        1.4606325000         2.4800000000         1.3378393285         3.3657781748        -0.0059838592
        1.4656098000         2.4800000000         1.3276300211         3.3606744199        -0.2719331561
        1.4705739000         2.4800000000         1.3378393285         3.3632262974        -0.0059838592
        1.4756231000         2.4800000000         1.3301823480         3.3606744199        -0.2054458319
        1.4805336000         2.4800000000         1.3454963091         3.3734338072         0.1934781135
        1.4855199000         2.4800000000         1.3403916554         3.3657781748         0.0605034650
        1.4905891000         2.4800000000         1.3352870017         3.3657781748        -0.0724711834
        1.4956002000         2.4800000000         1.3454963091         3.3708819297         0.1934781135
        1.5007227000         2.4800000000         1.3352870017         3.3657781748        -0.0724711834
        1.5056865000         2.4800000000         1.3378393285         3.3683300523        -0.0059838592
        1.5106765000         2.4800000000         1.3403916554         3.3683300523         0.0605034650
        1.5155898000         2.4800000000         1.3506009628         3.3657781748         0.3264527620
        1.5205867000         2.4800000000         1.3352870017         3.3632262974        -0.0724711834
        1.5256755000         2.4800000000         1.3378393285         3.3683300523        -0.0059838592
        1.5305851000         2.4800000000         1.3403916554         3.3657781748         0.0605034650
        1.5355847000         2.4800000000         1.3301823480         3.3606744199        -0.2054458319
        1.5406008000         2.4800000000         1.3403916554         3.3734338072         0.0605034650
        1.5456867000         2.4800000000         1.3378393285         3.3632262974        -0.0059838592
        1.5507081000         2.4800000000         1.3454963091         3.3708819297         0.1934781135
        1.5555794000         2.4800000000         1.3301823480         3.3606744199        -0.2054458319
        1.5604539000         2.4800000000         1.3429439823         3.3708819297         0.1269907893
        1.5656935000         2.4800000000         1.3429439823         3.3734338072         0.1269907893
        1.5706369000         2.4800000000         1.3301823480         3.3606744199        -0.2054458319
        1.5755797000         2.4800000000         1.3403916554         3.3657781748         0.0605034650
        1.5805854000         2.4800000000         1.3378393285         3.3657781748        -0.0059838592
        1.5855430000         2.4800000000         1.3480486360         3.3657781748         0.2599654377
        1.5906269000         2.4800000000         1.3301823480         3.3606744199        -0.2054458319
        1.5955961000         2.4800000000         1.3454963091         3.3734338072         0.1934781135
        1.6005614000         2.4800000000         1.3378393285         3.3657781748        -0.0059838592
        1.6055225000         2.4800000000         1.3454963091         3.3708819297         0.1934781135
        1.6107127000         2.4800000000         1.3378393285         3.3657781748        -0.0059838592
        1.6155996000         2.4800000000         1.3327346748         3.3606744199        -0.1389585076
        1.6205587000         2.4800000000         1.3378393285         3.3657781748        -0.0059838592
        1.6256430000         2.4800000000         1.3378393285         3.3657781748        -0.0059838592
        1.6306702000         2.4800000000         1.3403916554         3.3657781748         0.0605034650
        1.6357546000         2.4800000000         1.3378393285         3.3657781748        -0.0059838592
        1.6408303000         2.4800000000         1.3429439823         3.3734338072         0.1269907893
        1.6456189000         2.4800000000         1.3352870017         3.3632262974        -0.0724711834
        1.6507565000         2.4800000000         1.3378393285         3.3657781748        -0.0059838592
        1.6556854000         2.4800000000         1.3352870017         3.3632262974        -0.0724711834
        1.6606233000         2.4800000000         1.3301823480         3.3606744199        -0.2054458319
        1.6656600000         2.4800000000         1.3506009628         3.3632262974         0.3264527620
        1.6706595000         2.4800000000         1.3429439823         3.3708819297         0.1269907893
        1.6758259000         2.4800000000         1.3429439823         3.3708819297         0.1269907893
        1.6806093000         2.4800000000         1.3378393285         3.3657781748        -0.0059838592
        1.6855779000         2.4800000000         1.3429439823         3.3708819297         0.1269907893
        1.6904953000         2.4800000000         1.3378393285         3.3657781748        -0.0059838592
        1.6956157000         2.4800000000         1.3352870017         3.3657781748        -0.0724711834
        1.7006374000         2.4800000000         1.3327346748         3.3581225424        -0.1389585076
        1.7055975000         2.4800000000         1.3327346748         3.3606744199        -0.1389585076
        1.7108024000         2.4800000000         1.3378393285         3.3657781748        -0.0059838592
        1.7155949000         2.4800000000         1.3327346748         3.3632262974        -0.1389585076
        1.7207555000         2.4800000000         1.3378393285         3.3683300523        -0.0059838592
        1.7257789000         2.4800000000         1.3378393285         3.3657781748        -0.0059838592
        1.7307376000         2.4800000000         1.3352870017         3.3657781748        -0.0724711834
        1.7355753000         2.4800000000         1.3378393285         3.3657781748        -0.0059838592
        1.7406059000         2.4800000000         1.3327346748         3.3581225424        -0.1389585076
        1.7455448000         2.4800000000         1.3378393285         3.3657781748        -0.0059838592
        1.7505671000         2.4800000000         1.3454963091         3.3657781748         0.1934781135
        1.7556440000         2.4800000000         1.3633625971         3.3708819297         0.6588893831
        1.7606773000         2.4800000000         1.3403916554         3.3683300523         0.0605034650
        1.7657116000         2.4800000000         1.3378393285         3.3657781748        -0.0059838592
        1.7706861000         2.4800000000         1.3327346748         3.3606744199        -0.1389585076
        1.7756243000         2.4800000000         1.3327346748         3.3606744199        -0.1389585076
        1.7805776000         2.4800000000         1.3378393285         3.3657781748        -0.0059838592
        1.7856089000         2.4800000000         1.3352870017         3.3683300523        -0.0724711834
        1.7906518000         2.4800000000         1.3327346748         3.3606744199        -0.1389585076
        1.7956203000         2.4800000000         1.3276300211         3.3606744199        -0.2719331561
        1.8006530000         2.4800000000         1.3378393285         3.3657781748        -0.0059838592
        1.8056263000         2.4800000000         1.3454963091         3.3606744199         0.1934781135
        1.8109168000         2.4800000000         1.3301823480         3.3606744199        -0.2054458319
        1.8156224000         2.4800000000         1.3403916554         3.3683300523         0.0605034650
        1.8207672000         2.4800000000         1.3378393285         3.3632262974        -0.0059838592
        1.8256501000         2.4800000000         1.3352870017         3.3632262974        -0.0724711834
        1.8305554000         2.4800000000         1.3352870017         3.3657781748        -0.0724711834
        1.8356570000         2.4800000000         1.3352870017         3.3657781748        -0.0724711834
        1.8408223000         2.4800000000         1.3301823480         3.3581225424        -0.2054458319
        1.8456135000         2.4800000000         1.3352870017         3.3632262974        -0.0724711834
        1.8507719000         2.4800000000         1.3352870017         3.3683300523        -0.0724711834
        1.8555448000         2.4800000000         1.3378393285         3.3657781748        -0.0059838592
        1.8605527000         2.4800000000         1.3327346748         3.3606744199        -0.1389585076
        1.8657272000         2.4800000000         1.3429439823         3.3734338072         0.1269907893
        1.8706055000         2.4800000000         1.3352870017         3.3683300523        -0.0724711834
        1.8755323000         2.4800000000         1.3352870017         3.3657781748        -0.0724711834
        1.8805605000         2.4800000000         1.3429439823         3.3734338072         0.1269907893
        1.8855125000         2.4800000000         1.3378393285         3.3657781748        -0.0059838592
        1.8904886000         2.4800000000         1.3454963091         3.3708819297         0.1934781135
        1.8954888000         2.4800000000         1.3352870017         3.3657781748        -0.0724711834
        1.9005126000         2.4800000000         1.3378393285         3.3632262974        -0.0059838592
        1.9056095000         2.4800000000         1.3403916554         3.3657781748         0.0605034650
        1.9106658000         2.4800000000         1.3378393285         3.3632262974        -0.0059838592
        1.9155924000         2.4800000000         1.3454963091         3.3734338072         0.1934781135
        1.9205478000         2.4800000000         1.3403916554         3.3683300523         0.0605034650
        1.9256371000         2.4800000000         1.3429439823         3.3683300523         0.1269907893
        1.9307641000         2.4800000000         1.3378393285         3.3657781748        -0.0059838592
        1.9356595000         2.4800000000         1.3352870017         3.3657781748        -0.0724711834
        1.9406071000         2.4800000000         1.3327346748         3.3606744199        -0.1389585076
        1.9455826000         2.4800000000         1.3327346748         3.3632262974        -0.1389585076
        1.9504661000         2.4800000000         1.3327346748         3.3606744199        -0.1389585076
        1.9557336000         2.4800000000         1.3327346748         3.3606744199        -0.1389585076
        1.9605671000         2.4800000000         1.3327346748         3.3606744199        -0.1389585076
        1.9655198000         2.4800000000         1.3301823480         3.3581225424        -0.2054458319
        1.9705423000         2.4800000000         1.3454963091         3.3708819297         0.1934781135
        1.9755067000         2.4800000000         1.3582579434         3.3657781748         0.5259147346
        1.9805890000         2.4800000000         1.3429439823         3.3734338072         0.1269907893
        1.9854765000         2.4800000000         1.3403916554         3.3657781748         0.0605034650
        1.9904564000         2.4800000000         1.3429439823         3.3734338072         0.1269907893
        1.9954690000         2.4800000000         1.3301823480         3.3581225424        -0.2054458319
        2.0005223000         2.4800000000         1.3403916554         3.3657781748         0.0605034650
        2.0054883000         2.4800000000         1.3429439823         3.3708819297         0.1269907893
        2.0104787000         2.4800000000         1.3378393285         3.3657781748        -0.0059838592
        2.0154785000         2.4800000000         1.3352870017         3.3632262974        -0.0724711834
        2.0204761000         2.4800000000         1.3403916554         3.3657781748         0.0605034650
        2.0255372000         2.4800000000         1.3352870017         3.3657781748        -0.0724711834
        2.0304808000         2.4800000000         1.3352870017         3.3657781748        -0.0724711834
        2.0354849000         2.4800000000         1.3327346748         3.3632262974        -0.1389585076
        2.0405925000         2.4800000000         1.3403916554         3.3657781748         0.0605034650
        2.0456116000         2.4800000000         1.3454963091         3.3708819297         0.1934781135
        2.0504996000         2.4800000000         1.3506009628         3.3657781748         0.3264527620
        2.0555229000         2.4800000000         1.3352870017         3.3657781748        -0.0724711834
        2.0606751000         2.4800000000         1.3301823480         3.3632262974        -0.2054458319
        2.0656851000         2.4800000000         1.3352870017         3.3657781748        -0.0724711834
        2.0707087000         2.4800000000         1.3454963091         3.3734338072         0.1934781135
        2.0755086000         2.4800000000         1.3454963091         3.3734338072         0.1934781135
        2.0806048000         2.4800000000         1.3378393285         3.3657781748        -0.0059838592
        2.0856785000         2.4800000000         1.3378393285         3.3657781748        -0.0059838592
        2.0905266000         2.4800000000         1.3378393285         3.3657781748        -0.0059838592
        2.0956950000         2.4800000000         1.3327346748         3.3581225424        -0.1389585076
        2.1005398000         2.4800000000         1.3429439823         3.3734338072         0.1269907893
        2.1055473000         2.4800000000         1.3429439823         3.3708819297         0.1269907893
        2.1105323000         2.4800000000         1.3327346748         3.3581225424        -0.1389585076
        2.1156080000         2.4800000000         1.3327346748         3.3606744199        -0.1389585076
        2.1205662000         2.4800000000         1.3352870017         3.3581225424        -0.0724711834
        2.1255973000         2.4800000000         1.3480486360         3.3657781748         0.2599654377
        2.1306158000         2.4800000000         1.3352870017         3.3632262974        -0.0724711834
        2.1355566000         2.4800000000         1.3454963091         3.3734338072         0.1934781135
        2.1406234000         2.4800000000         1.3378393285         3.3632262974        -0.0059838592
        2.1455146000         2.4800000000         1.3378393285         3.3632262974        -0.0059838592
        2.1506035000         2.4800000000         1.3429439823         3.3734338072         0.1269907893
        2.1556734000         2.4800000000         1.3327346748         3.3581225424        -0.1389585076
        2.1606083000         2.4800000000         1.3454963091         3.3708819297         0.1934781135
        2.1655515000         2.4800000000         1.3327346748         3.3606744199        -0.1389585076
        2.1705922000         2.4800000000         1.3454963091         3.3708819297         0.1934781135
        2.1756001000         2.4800000000         1.3429439823         3.3734338072         0.1269907893
        2.1806957000         2.4800000000         1.3378393285         3.3657781748        -0.0059838592
        2.1855981000         2.4800000000         1.3454963091         3.3708819297         0.1934781135
        2.1905402000         2.4800000000         1.3378393285         3.3683300523        -0.0059838592
        2.1956081000         2.4800000000         1.3352870017         3.3581225424        -0.0724711834
        2.2005688000         2.4800000000         1.3327346748         3.3632262974        -0.1389585076
        2.2056048000         2.4800000000         1.3378393285         3.3632262974        -0.0059838592
        2.2106781000         2.4800000000         1.3352870017         3.3657781748        -0.0724711834
        2.2155196000         2.4800000000         1.3327346748         3.3606744199        -0.1389585076
        2.2208442000         2.4800000000         1.3608102703         3.3657781748         0.5924020589
        2.2255855000         2.4800000000         1.3276300211         3.3632262974        -0.2719331561
        2.2310575000         2.4800000000         1.3378393285         3.3683300523        -0.0059838592
        2.2356107000         2.4800000000         1.3327346748         3.3606744199        -0.1389585076
        2.2405933000         2.4800000000         1.3429439823         3.3734338072         0.1269907893
        2.2456696000         2.4800000000         1.3352870017         3.3657781748        -0.0724711834
        2.2506102000         2.4800000000         1.3403916554         3.3632262974         0.0605034650
        2.2557443000         2.4800000000         1.3378393285         3.3657781748        -0.0059838592
        2.2608200000         2.4800000000         1.3352870017         3.3657781748        -0.0724711834
        2.2655453000         2.4800000000         1.3352870017         3.3683300523        -0.0724711834
        2.2705940000         2.4800000000         1.3352870017         3.3657781748        -0.0724711834
        2.2756025000         2.4800000000         1.3301823480         3.3632262974        -0.2054458319
        2.2805650000         2.4800000000         1.3327346748         3.3632262974        -0.1389585076
        2.2856098000         2.4800000000         1.3403916554         3.3632262974         0.0605034650
        2.2905640000         2.4800000000         1.3276300211         3.3606744199        -0.2719331561
        2.2956039000         2.4800000000         1.3352870017         3.3657781748        -0.0724711834
        2.3005384000         2.4800000000         1.3327346748         3.3581225424        -0.1389585076
        2.3055269000         2.4800000000         1.3378393285         3.3657781748        -0.0059838592
        2.3107581000         2.4800000000         1.3378393285         3.3632262974        -0.0059838592
        2.3156294000         2.4800000000         1.3352870017         3.3657781748        -0.0724711834
        2.3204442000         2.4800000000         1.3429439823         3.3708819297         0.1269907893
        2.3254868000         2.4800000000         1.3454963091         3.3708819297         0.1934781135
        2.3304032000         2.4800000000         1.3378393285         3.3657781748        -0.0059838592
        2.3355512000         2.4800000000         1.3301823480         3.3606744199        -0.2054458319
        2.3405496000         2.4800000000         1.3454963091         3.3708819297         0.1934781135
        2.3455466000         2.4800000000         1.3378393285         3.3657781748        -0.0059838592
        2.3504973000         2.4800000000         1.3378393285         3.3657781748        -0.0059838592
        2.3555185000         2.4800000000         1.3378393285         3.3657781748        -0.0059838592
        2.3605604000         2.4800000000         1.3327346748         3.3606744199        -0.1389585076
        2.3654145000         2.4800000000         1.3352870017         3.3632262974        -0.0724711834
        2.3705320000         2.4800000000         1.3429439823         3.3708819297         0.1269907893
        2.3755866000         2.4800000000         1.3301823480         3.3581225424        -0.2054458319
        2.3805665000         2.4800000000         1.3403916554         3.3632262974         0.0605034650
        2.3856317000         2.4800000000         1.3378393285         3.3657781748        -0.0059838592
        2.3905350000         2.4800000000         1.3454963091         3.3734338072         0.1934781135
        2.3955961000         2.4800000000         1.3454963091         3.3734338072         0.1934781135
        2.4005872000         2.4800000000         1.3378393285         3.3632262974        -0.0059838592
        2.4055473000         2.4800000000         1.3378393285         3.3657781748        -0.0059838592
        2.4106053000         2.4800000000         1.3378393285         3.3657781748        -0.0059838592
        2.4154884000         2.4800000000         1.3352870017         3.3657781748        -0.0724711834
        2.4205387000         2.4800000000         1.3352870017         3.3657781748        -0.0724711834
        2.4254762000         2.4800000000         1.3378393285         3.3657781748        -0.0059838592
        2.4304541000         2.4800000000         1.3352870017         3.3657781748        -0.0724711834
        2.4354939000         2.4800000000         1.3429439823         3.3734338072         0.1269907893
        2.4404345000         2.4800000000         1.3352870017         3.3657781748        -0.0724711834
        2.4454388000         2.4800000000         1.3608102703         3.3657781748         0.5924020589
        2.4504335000         2.4800000000         1.3378393285         3.3683300523        -0.0059838592
        2.4554045000         2.4800000000         1.3429439823         3.3708819297         0.1269907893
        2.4604763000         2.4800000000         1.3531532897         3.3657781748         0.3929400862
        2.4654926000         2.4800000000         1.3378393285         3.3683300523        -0.0059838592
        2.4704320000         2.4800000000         1.3429439823         3.3734338072         0.1269907893
        2.4754342000         2.4800000000         1.3429439823         3.3708819297         0.1269907893
        2.4804415000         2.4800000000         1.3378393285         3.3657781748        -0.0059838592
        2.4854688000         2.4800000000         1.3276300211         3.3606744199        -0.2719331561
        2.4904336000         2.4800000000         1.3403916554         3.3657781748         0.0605034650
        2.4954401000         2.4800000000         1.3352870017         3.3632262974        -0.0724711834
        2.5003996000         2.4800000000         1.3429439823         3.3734338072         0.1269907893
        2.5054617000         2.4800000000         1.3327346748         3.3581225424        -0.1389585076
        2.5104449000         2.4800000000         1.3429439823         3.3734338072         0.1269907893
        2.5156357000         2.4800000000         1.3454963091         3.3734338072         0.1934781135
        2.5207140000         2.4800000000         1.3557056165         3.3632262974         0.4594274104
        2.5254395000         2.4800000000         1.3429439823         3.3734338072         0.1269907893
        2.5304376000         2.4800000000         1.3454963091         3.3734338072         0.1934781135
        2.5354887000         2.4800000000         1.3378393285         3.3683300523        -0.0059838592
        2.5404391000         2.4800000000         1.3506009628         3.3606744199         0.3264527620
        2.5454512000         2.4800000000         1.3403916554         3.3657781748         0.0605034650
        2.5504368000         2.4800000000         1.3327346748         3.3606744199        -0.1389585076
        2.5553860000         2.4800000000         1.3429439823         3.3734338072         0.1269907893
        2.5605099000         2.4800000000         1.3378393285         3.3657781748        -0.0059838592
        2.5654810000         2.4800000000         1.3378393285         3.3657781748        -0.0059838592
        2.5704829000         2.4800000000         1.3454963091         3.3708819297         0.1934781135
        2.5755494000         2.4800000000         1.3327346748         3.3606744199        -0.1389585076
        2.5805234000         2.4800000000         1.3454963091         3.3734338072         0.1934781135
        2.5854441000         2.4800000000         1.3378393285         3.3657781748        -0.0059838592
        2.5904347000         2.4800000000         1.3429439823         3.3734338072         0.1269907893
        2.5954783000         2.4800000000         1.3378393285         3.3683300523        -0.0059838592
        2.6005874000         2.4800000000         1.3378393285         3.3632262974        -0.0059838592
        2.6054832000         2.4800000000         1.3327346748         3.3632262974        -0.1389585076
        2.6104991000         2.4800000000         1.3378393285         3.3657781748        -0.0059838592
        2.6155260000         2.4800000000         1.3327346748         3.3606744199        -0.1389585076
        2.6205889000         2.4800000000         1.3378393285         3.3657781748        -0.0059838592
        2.6254953000         2.4800000000         1.3327346748         3.3606744199        -0.1389585076
        2.6305687000         2.4800000000         1.3378393285         3.3632262974        -0.0059838592
        2.6355383000         2.4800000000         1.3378393285         3.3657781748        -0.0059838592
        2.6406175000         2.4800000000         1.3378393285         3.3657781748        -0.0059838592
        2.6455217000         2.4800000000         1.3327346748         3.3581225424        -0.1389585076
        2.6505836000         2.4800000000         1.3378393285         3.3657781748        -0.0059838592
        2.6555475000         2.4800000000         1.3301823480         3.3606744199        -0.2054458319
        2.6605134000         2.4800000000         1.3352870017         3.3657781748        -0.0724711834
        2.6656176000         2.4800000000         1.3378393285         3.3657781748        -0.0059838592
        2.6706444000         2.4800000000         1.3429439823         3.3708819297         0.1269907893
        2.6756029000         2.4800000000         1.3403916554         3.3657781748         0.0605034650
        2.6806363000         2.4800000000         1.3454963091         3.3734338072         0.1934781135
        2.6856017000         2.4800000000         1.3378393285         3.3632262974        -0.0059838592
        2.6905739000         2.4800000000         1.3454963091         3.3708819297         0.1934781135
        2.6955244000         2.4800000000         1.3352870017         3.3657781748        -0.0724711834
        2.7005719000         2.4800000000         1.3352870017         3.3683300523        -0.0724711834
        2.7056814000         2.4800000000         1.3327346748         3.3606744199        -0.1389585076
        2.7104728000         2.4800000000         1.3301823480         3.3606744199        -0.2054458319
        2.7155464000         2.4800000000         1.3352870017         3.3657781748        -0.0724711834
        2.7205520000         2.4800000000         1.3327346748         3.3606744199        -0.1389585076
        2.7255562000         2.4800000000         1.3506009628         3.3683300523         0.3264527620
        2.7306133000         2.4800000000         1.3301823480         3.3606744199        -0.2054458319
        2.7355085000         2.4800000000         1.3429439823         3.3734338072         0.1269907893
        2.7405346000         2.4800000000         1.3429439823         3.3708819297         0.1269907893
        2.7455481000         2.4800000000         1.3378393285         3.3632262974        -0.0059838592
        2.7506032000         2.4800000000         1.3301823480         3.3632262974        -0.2054458319
        2.7556641000         2.4800000000         1.3301823480         3.3606744199        -0.2054458319
        2.7604778000         2.4800000000         1.3506009628         3.3632262974         0.3264527620
        2.7656000000         2.4800000000         1.3301823480         3.3606744199        -0.2054458319
        2.7705874000         2.4800000000         1.3327346748         3.3581225424        -0.1389585076
        2.7756545000         2.4800000000         1.3454963091         3.3734338072         0.1934781135
        2.7806150000         2.4800000000         1.3378393285         3.3632262974        -0.0059838592
        2.7855406000         2.4800000000         1.3327346748         3.3606744199        -0.1389585076
        2.7906300000         2.4800000000         1.3301823480         3.3606744199        -0.2054458319
        2.7955279000         2.4800000000         1.3403916554         3.3657781748         0.0605034650
        2.8005667000         2.4800000000         1.3378393285         3.3657781748        -0.0059838592
        2.8056666000         2.4800000000         1.3352870017         3.3632262974        -0.0724711834
        2.8105629000         2.4800000000         1.3429439823         3.3734338072         0.1269907893
        2.8157258000         2.4800000000         1.3378393285         3.3683300523        -0.0059838592
        2.8205766000         2.4800000000         1.3378393285         3.3632262974        -0.0059838592
        2.8255782000         2.4800000000         1.3378393285         3.3657781748        -0.0059838592
        2.8306329000         2.4800000000         1.3403916554         3.3657781748         0.0605034650
        2.8356627000         2.4800000000         1.3378393285         3.3657781748        -0.0059838592
        2.8406526000         2.4800000000         1.3352870017         3.3683300523        -0.0724711834
        2.8455886000         2.4800000000         1.3327346748         3.3632262974        -0.1389585076
        2.8506197000         2.4800000000         1.3403916554         3.3632262974         0.0605034650
        2.8554915000         2.4800000000         1.3403916554         3.3657781748         0.0605034650
        2.8604497000         2.4800000000         1.3327346748         3.3606744199        -0.1389585076
        2.8655158000         2.4800000000         1.3378393285         3.3657781748        -0.0059838592
        2.8705445000         2.4800000000         1.3378393285         3.3632262974        -0.0059838592
        2.8758454000         2.4800000000         1.3352870017         3.3657781748        -0.0724711834
        2.8806642000         2.4800000000         1.3454963091         3.3734338072         0.1934781135
        2.8856293000         2.4800000000         1.3582579434         3.3657781748         0.5259147346
        2.8905834000         2.4800000000         1.3429439823         3.3708819297         0.1269907893
        2.8956507000         2.4800000000         1.3429439823         3.3734338072         0.1269907893
        2.9006514000         2.4800000000         1.3454963091         3.3734338072         0.1934781135
        2.9055868000         2.4800000000         1.3378393285         3.3734338072        -0.0059838592
        2.9104325000         2.4800000000         1.3378393285         3.3657781748        -0.0059838592
        2.9155639000         2.4800000000         1.3378393285         3.3657781748        -0.0059838592
        2.9206016000         2.4800000000         1.3378393285         3.3683300523        -0.0059838592
        2.9255534000         2.4800000000         1.3301823480         3.3632262974        -0.2054458319
        2.9305286000         2.4800000000         1.3378393285         3.3657781748        -0.0059838592
        2.9355391000         2.4800000000         1.3454963091         3.3734338072         0.1934781135
        2.9406849000         2.4800000000         1.3378393285         3.3683300523        -0.0059838592
        2.9455430000         2.4800000000         1.3403916554         3.3708819297         0.0605034650
        2.9506045000         2.4800000000         1.3352870017         3.3657781748        -0.0724711834
        2.9556229000         2.4800000000         1.3378393285         3.3657781748        -0.0059838592
        2.9605191000         2.4800000000         1.3429439823         3.3734338072         0.1269907893
        2.9656174000         2.4800000000         1.3429439823         3.3734338072         0.1269907893
        2.9706562000         2.4800000000         1.3327346748         3.3606744199        -0.1389585076
        2.9757885000         2.4800000000         1.3378393285         3.3657781748        -0.0059838592
        2.9806564000         2.4800000000         1.3378393285         3.3657781748        -0.0059838592
        2.9857599000         2.4800000000         1.3403916554         3.3683300523         0.0605034650
        2.9905297000         2.4800000000         1.3454963091         3.3708819297         0.1934781135
        2.9954907000         2.4800000000         1.3378393285         3.3657781748        -0.0059838592
        3.0006173000         2.4800000000         1.3429439823         3.3708819297         0.1269907893
        3.0056478000         2.4800000000         1.3327346748         3.3632262974        -0.1389585076
        3.0104937000         2.4800000000         1.3378393285         3.3683300523        -0.0059838592
        3.0155749000         2.4800000000         1.3378393285         3.3657781748        -0.0059838592
        3.0205954000         2.4800000000         1.3429439823         3.3708819297         0.1269907893
        3.0255712000         2.4800000000         1.3429439823         3.3734338072         0.1269907893
        3.0306739000         2.4800000000         1.3378393285         3.3657781748        -0.0059838592
        3.0355055000         2.4800000000         1.3327346748         3.3606744199        -0.1389585076
        3.0405502000         2.4800000000         1.3327346748         3.3606744199        -0.1389585076
        3.0456233000         2.4800000000         1.3352870017         3.3657781748        -0.0724711834
        3.0506348000         2.4800000000         1.3327346748         3.3581225424        -0.1389585076
        3.0555090000         2.4800000000         1.3327346748         3.3606744199        -0.1389585076
        3.0605047000         2.4800000000         1.3327346748         3.3606744199        -0.1389585076
        3.0656128000         2.4800000000         1.3352870017         3.3657781748        -0.0724711834
        3.0705579000         2.4800000000         1.3352870017         3.3632262974        -0.0724711834
        3.0756062000         2.4800000000         1.3352870017         3.3632262974        -0.0724711834
        3.0806070000         2.4800000000         1.3378393285         3.3683300523        -0.0059838592
        3.0856179000         2.4800000000         1.3531532897         3.3657781748         0.3929400862
        3.0906134000         2.4800000000         1.3352870017         3.3657781748        -0.0724711834
        3.0956978000         2.4800000000         1.3352870017         3.3657781748        -0.0724711834
        3.1006010000         2.4800000000         1.3352870017         3.3657781748        -0.0724711834
        3.1056238000         2.4800000000         1.3378393285         3.3657781748        -0.0059838592
        3.1105066000         2.4800000000         1.3429439823         3.3708819297         0.1269907893
        3.1156155000         2.4800000000         1.3378393285         3.3632262974        -0.0059838592
        3.1205671000         2.4800000000         1.3454963091         3.3708819297         0.1934781135
        3.1255801000         2.4800000000         1.3429439823         3.3708819297         0.1269907893
        3.1307228000         2.4800000000         1.3378393285         3.3657781748        -0.0059838592
        3.1355541000         2.4800000000         1.3327346748         3.3581225424        -0.1389585076
        3.1404670000         2.4800000000         1.3429439823         3.3734338072         0.1269907893
        3.1455859000         2.4800000000         1.3378393285         3.3657781748        -0.0059838592
        3.1506584000         2.4800000000         1.3403916554         3.3657781748         0.0605034650
        3.1556161000         2.4800000000         1.3403916554         3.3657781748         0.0605034650
        3.1604864000         2.4800000000         1.3454963091         3.3606744199         0.1934781135
        3.1657292000         2.4800000000         1.3378393285         3.3657781748        -0.0059838592
        3.1707159000         2.4800000000         1.3301823480         3.3606744199        -0.2054458319
        3.1756796000         2.4800000000         1.3301823480         3.3581225424        -0.2054458319
        3.1805164000         2.4800000000         1.3378393285         3.3657781748        -0.0059838592
        3.1855981000         2.4800000000         1.3352870017         3.3657781748        -0.0724711834
        3.1906102000         2.4800000000         1.3352870017         3.3657781748        -0.0724711834
        3.1955210000         2.4800000000         1.3429439823         3.3734338072         0.1269907893
        3.2005297000         2.4800000000         1.3403916554         3.3657781748         0.0605034650
        3.2055309000         2.4800000000         1.3352870017         3.3657781748        -0.0724711834
        3.2104570000         2.4800000000         1.3327346748         3.3606744199        -0.1389585076
        3.2156311000         2.4800000000         1.3352870017         3.3632262974        -0.0724711834
        3.2206009000         2.4800000000         1.3378393285         3.3632262974        -0.0059838592
        3.2255616000         2.4800000000         1.3378393285         3.3632262974        -0.0059838592
        3.2305639000         2.4800000000         1.3378393285         3.3657781748        -0.0059838592
        3.2354735000         2.4800000000         1.3352870017         3.3606744199        -0.0724711834
        3.2405951000         2.4800000000         1.3506009628         3.3657781748         0.3264527620
        3.2455144000         2.4800000000         1.3506009628         3.3708819297         0.3264527620
        3.2504991000         2.4800000000         1.3454963091         3.3734338072         0.1934781135
        3.2555636000         2.4800000000         1.3301823480         3.3606744199        -0.2054458319
        3.2605387000         2.4800000000         1.3327346748         3.3606744199        -0.1389585076
        3.2655728000         2.4800000000         1.3327346748         3.3606744199        -0.1389585076
        3.2706494000         2.4800000000         1.3378393285         3.3657781748        -0.0059838592
        3.2755537000         2.4800000000         1.3454963091         3.3734338072         0.1934781135
        3.2805217000         2.4800000000         1.3429439823         3.3734338072         0.1269907893
        3.2855076000         2.4800000000         1.3403916554         3.3657781748         0.0605034650
        3.2905708000         2.4800000000         1.3378393285         3.3632262974        -0.0059838592
        3.2955766000         2.4800000000         1.3454963091         3.3734338072         0.1934781135
        3.3005608000         2.4800000000         1.3378393285         3.3632262974        -0.0059838592
        3.3056097000         2.4800000000         1.3378393285         3.3657781748        -0.0059838592
        3.3104592000         2.4800000000         1.3429439823         3.3657781748         0.1269907893
        3.3155618000         2.4800000000         1.3557056165         3.3657781748         0.4594274104
        3.3205187000         2.4800000000         1.3429439823         3.3734338072         0.1269907893
        3.3257630000         2.4800000000         1.3429439823         3.3734338072         0.1269907893
        3.3305976000         2.4800000000         1.3429439823         3.3734338072         0.1269907893
        3.3356233000         2.4800000000         1.3429439823         3.3708819297         0.1269907893
        3.3406081000         2.4800000000         1.3454963091         3.3708819297         0.1934781135
        3.3455959000         2.4800000000         1.3429439823         3.3632262974         0.1269907893
        3.3506183000         2.4800000000         1.3301823480         3.3606744199        -0.2054458319
        3.3555171000         2.4800000000         1.3301823480         3.3606744199        -0.2054458319
        3.3605271000         2.4800000000         1.3454963091         3.3708819297         0.1934781135
        3.3654732000         2.4800000000         1.3454963091         3.3708819297         0.1934781135
        3.3705146000         2.4800000000         1.3378393285         3.3657781748        -0.0059838592
        3.3755009000         2.4800000000         1.3352870017         3.3657781748        -0.0724711834
        3.3805476000         2.4800000000         1.3352870017         3.3657781748        -0.0724711834
        3.3854376000         2.4800000000         1.3327346748         3.3632262974        -0.1389585076
        3.3905433000         2.4800000000         1.3327346748         3.3606744199        -0.1389585076
        3.3955467000         2.4800000000         1.3327346748         3.3606744199        -0.1389585076
        3.4005651000         2.4800000000         1.3403916554         3.3657781748         0.0605034650
        3.4054897000         2.4800000000         1.3454963091         3.3708819297         0.1934781135
        3.4105777000         2.4800000000         1.3454963091         3.3606744199         0.1934781135
        3.4155740000         2.4800000000         1.3403916554         3.3657781748         0.0605034650
        3.4205394000         2.4800000000         1.3378393285         3.3657781748        -0.0059838592
        3.4256683000         2.4800000000         1.3378393285         3.3632262974        -0.0059838592
        3.4306425000         2.4800000000         1.3378393285         3.3683300523        -0.0059838592
        3.4356549000         2.4800000000         1.3378393285         3.3657781748        -0.0059838592
        3.4406695000         2.4800000000         1.3378393285         3.3657781748        -0.0059838592
        3.4456419000         2.4800000000         1.3378393285         3.3657781748        -0.0059838592
        3.4505448000         2.4800000000         1.3378393285         3.3657781748        -0.0059838592
        3.4555582000         2.4800000000         1.3378393285         3.3632262974        -0.0059838592
        3.4605744000         2.4800000000         1.3429439823         3.3734338072         0.1269907893
        3.4656491000         2.4800000000         1.3301823480         3.3632262974        -0.2054458319
        3.4706052000         2.4800000000         1.3352870017         3.3657781748        -0.0724711834
        3.4756500000         2.4800000000         1.3454963091         3.3734338072         0.1934781135
        3.4806333000         2.4800000000         1.3352870017         3.3683300523        -0.0724711834
        3.4856659000         2.4800000000         1.3608102703         3.3734338072         0.5924020589
        3.4906177000         2.4800000000         1.3352870017         3.3657781748        -0.0724711834
        3.4956532000         2.4800000000         1.3378393285         3.3734338072        -0.0059838592
        3.5006137000         2.4800000000         1.3403916554         3.3657781748         0.0605034650
        3.5056779000         2.4800000000         1.3378393285         3.3657781748        -0.0059838592
        3.5105204000         2.4800000000         1.3352870017         3.3657781748        -0.0724711834
        3.5157718000         2.4800000000         1.3378393285         3.3632262974        -0.0059838592
        3.5206106000         2.4800000000         1.3429439823         3.3708819297         0.1269907893
        3.5256548000         2.4800000000         1.3352870017         3.3632262974        -0.0724711834
        3.5307911000         2.4800000000         1.3301823480         3.3606744199        -0.2054458319
        3.5357469000         2.4800000000         1.3378393285         3.3657781748        -0.0059838592
        3.5406538000         2.4800000000         1.3378393285         3.3632262974        -0.0059838592
        3.5456807000         2.4800000000         1.3378393285         3.3683300523        -0.0059838592
        3.5506399000         2.4800000000         1.3378393285         3.3657781748        -0.0059838592
        3.5556275000         2.4800000000         1.3327346748         3.3581225424        -0.1389585076
        3.5607596000         2.4800000000         1.3429439823         3.3708819297         0.1269907893
        3.5655529000         2.4800000000         1.3276300211         3.3581225424        -0.2719331561
        3.5706445000         2.4800000000         1.3301823480         3.3606744199        -0.2054458319
        3.5755458000         2.4800000000         1.3378393285         3.3683300523        -0.0059838592
        3.5806269000         2.4800000000         1.3327346748         3.3632262974        -0.1389585076
        3.5856740000         2.4800000000         1.3378393285         3.3657781748        -0.0059838592
        3.5905078000         2.4800000000         1.3327346748         3.3632262974        -0.1389585076
        3.5956811000         2.4800000000         1.3378393285         3.3683300523        -0.0059838592
        3.6006509000         2.4800000000         1.3327346748         3.3606744199        -0.1389585076
        3.6055756000         2.4800000000         1.3454963091         3.3734338072         0.1934781135
        3.6105172000         2.4800000000         1.3403916554         3.3657781748         0.0605034650
        3.6156910000         2.4800000000         1.3378393285         3.3657781748        -0.0059838592
        3.6206067000         2.4800000000         1.3378393285         3.3632262974        -0.0059838592
        3.6255911000         2.4800000000         1.3429439823         3.3734338072         0.1269907893
        3.6305206000         2.4800000000         1.3531532897         3.3657781748         0.3929400862
        3.6355335000         2.4800000000         1.3429439823         3.3734338072         0.1269907893
        3.6405358000         2.4800000000         1.3429439823         3.3734338072         0.1269907893
        3.6455467000         2.4800000000         1.3378393285         3.3683300523        -0.0059838592
        3.6505483000         2.4800000000         1.3352870017         3.3657781748        -0.0724711834
        3.6555906000         2.4800000000         1.3403916554         3.3683300523         0.0605034650
        3.6605530000         2.4800000000         1.3403916554         3.3657781748         0.0605034650
        3.6655517000         2.4800000000         1.3352870017         3.3657781748        -0.0724711834
        3.6706193000         2.4800000000         1.3378393285         3.3683300523        -0.0059838592
        3.6756715000         2.4800000000         1.3327346748         3.3632262974        -0.1389585076
        3.6805668000         2.4800000000         1.3352870017         3.3683300523        -0.0724711834
        3.6855881000         2.4800000000         1.3378393285         3.3657781748        -0.0059838592
        3.6906309000         2.4800000000         1.3378393285         3.3657781748        -0.0059838592
        3.6957565000         2.4800000000         1.3454963091         3.3734338072         0.1934781135
        3.7007445000         2.4800000000         1.3454963091         3.3734338072         0.1934781135
        3.7055809000         2.4800000000         1.3429439823         3.3708819297         0.1269907893
        3.7104668000         2.4800000000         1.3327346748         3.3632262974        -0.1389585076
        3.7156148000         2.4800000000         1.3352870017         3.3632262974        -0.0724711834
        3.7205103000         2.4800000000         1.3378393285         3.3657781748        -0.0059838592
        3.7256045000         2.4800000000         1.3608102703         3.3657781748         0.5924020589
        3.7304482000         2.4800000000         1.3378393285         3.3657781748        -0.0059838592
        3.7356279000         2.4800000000         1.3327346748         3.3606744199        -0.1389585076
        3.7409581000         2.4800000000         1.3352870017         3.3657781748        -0.0724711834
        3.7457751000         2.4800000000         1.3301823480         3.3606744199        -0.2054458319
        3.7506117000         2.4800000000         1.3327346748         3.3606744199        -0.1389585076
        3.7555451000         2.4800000000         1.3454963091         3.3708819297         0.1934781135
        3.7605818000         2.4800000000         1.3352870017         3.3632262974        -0.0724711834
        3.7656162000         2.4800000000         1.3378393285         3.3683300523        -0.0059838592
        3.7705432000         2.4800000000         1.3429439823         3.3708819297         0.1269907893
        3.7754948000         2.4800000000         1.3480486360         3.3708819297         0.2599654377
        3.7805546000         2.4800000000         1.3378393285         3.3657781748        -0.0059838592
        3.7856670000         2.4800000000         1.3454963091         3.3708819297         0.1934781135
        3.7906685000         2.4800000000         1.3429439823         3.3708819297         0.1269907893
        3.7955706000         2.4800000000         1.3403916554         3.3683300523         0.0605034650
        3.8005858000         2.4800000000         1.3378393285         3.3632262974        -0.0059838592
        3.8055872000         2.4800000000         1.3378393285         3.3632262974        -0.0059838592
        3.8106988000         2.4800000000         1.3378393285         3.3657781748        -0.0059838592
        3.8155285000         2.4800000000         1.3327346748         3.3606744199        -0.1389585076
        3.8204512000         2.4800000000         1.3429439823         3.3734338072         0.1269907893
        3.8256367000         2.4800000000         1.3429439823         3.3734338072         0.1269907893
        3.8305748000         2.4800000000         1.3378393285         3.3683300523        -0.0059838592
        3.8356896000         2.4800000000         1.3378393285         3.3657781748        -0.0059838592
        3.8406514000         2.4800000000         1.3378393285         3.3683300523        -0.0059838592
        3.8455536000         2.4800000000         1.3352870017         3.3657781748        -0.0724711834
        3.8506476000         2.4800000000         1.3301823480         3.3581225424        -0.2054458319
        3.8556726000         2.4800000000         1.3378393285         3.3657781748        -0.0059838592
        3.8606739000         2.4800000000         1.3352870017         3.3657781748        -0.0724711834
        3.8655165000         2.4800000000         1.3378393285         3.3657781748        -0.0059838592
        3.8706630000         2.4800000000         1.3429439823         3.3708819297         0.1269907893
        3.8755273000         2.4800000000         1.3327346748         3.3606744199        -0.1389585076
        3.8806229000         2.4800000000         1.3327346748         3.3606744199        -0.1389585076
        3.8857487000         2.4800000000         1.3429439823         3.3708819297         0.1269907893
        3.8905905000         2.4800000000         1.3301823480         3.3606744199        -0.2054458319
        3.8957087000         2.4800000000         1.3378393285         3.3657781748        -0.0059838592
        3.9005197000         2.4800000000         1.3403916554         3.3657781748         0.0605034650
        3.9055580000         2.4800000000         1.3403916554         3.3657781748         0.0605034650
        3.9106466000         2.4800000000         1.3378393285         3.3657781748        -0.0059838592
        3.9155276000         2.4800000000         1.3378393285         3.3657781748        -0.0059838592
        3.9206382000         2.4800000000         1.3403916554         3.3657781748         0.0605034650
        3.9262196000         2.4800000000         1.3378393285         3.3657781748        -0.0059838592
        3.9321808000         2.4800000000         1.3403916554         3.3657781748         0.0605034650
        3.9355453000         2.4800000000         1.3352870017         3.3657781748        -0.0724711834
        3.9404654000         2.4800000000         1.3429439823         3.3632262974         0.1269907893
        3.9456089000         2.4800000000         1.3429439823         3.3734338072         0.1269907893
        3.9506417000         2.4800000000         1.3378393285         3.3632262974        -0.0059838592
        3.9556808000         2.4800000000         1.3403916554         3.3657781748         0.0605034650
        3.9606654000         2.4800000000         1.3378393285         3.3657781748        -0.0059838592
        3.9655821000         2.4800000000         1.3429439823         3.3734338072         0.1269907893
        3.9706466000         2.4800000000         1.3378393285         3.3657781748        -0.0059838592
        3.9756638000         2.4800000000         1.3454963091         3.3734338072         0.1934781135
        3.9806454000         2.4800000000         1.3327346748         3.3581225424        -0.1389585076
        3.9854958000         2.4800000000         1.3301823480         3.3606744199        -0.2054458319
        3.9906040000         2.4800000000         1.3454963091         3.3708819297         0.1934781135
        3.9955691000         2.4800000000         1.3403916554         3.3632262974         0.0605034650
        4.0005238000         2.4800000000         1.3301823480         3.3606744199        -0.2054458319
