% Sweep Step 139/200  Vcmd=4.0000V  CW 
% Vg_offset=1.338069V  K_gimbal=26.049690

Time[s]              Vcmd[V]              Vg_raw[V]            Pot[V]             Omega[rad/s]
        0.0017929000         4.0000000000         1.3301823480         0.7960375736        -0.2054458319
        0.0056508000         4.0000000000         1.3429439823         0.8062450834         0.1269907893
        0.0108329000         4.0000000000         1.3327346748         0.7934856961        -0.1389585076
        0.0156143000         4.0000000000         1.3480486360         0.8036932060         0.2599654377
        0.0206527000         4.0000000000         1.6415662245         0.8215563482         7.9060077238
        0.0257326000         4.0000000000         1.6007289948         0.8419713679         6.8422105362
        0.0308416000         4.0000000000         1.6007289948         0.8802495297         6.8422105362
        0.0355518000         4.0000000000         1.6211476096         0.8930089170         7.3741091300
        0.0406759000         4.0000000000         1.7002697422         0.9338389564         9.4352161810
        0.0455842000         4.0000000000         1.6594325125         0.9644614859         8.3714189934
        0.0506269000         4.0000000000         1.7283453376         1.0027396478        10.1665767475
        0.0556586000         4.0000000000         1.7079267227         1.0333621773         9.6346781537
        0.0605553000         4.0000000000         1.7334499913         1.0792959716        10.2995513960
        0.0657691000         4.0000000000         1.7615255867         1.1252297658        11.0309119624
        0.0705384000         4.0000000000         1.7640779136         1.1609560502        11.0973992867
        0.0757359000         4.0000000000         1.7640779136         1.2017860896        11.0973992867
        0.0806592000         4.0000000000         1.7844965284         1.2426161289        11.6292978805
        0.0856359000         4.0000000000         1.7844965284         1.2885499232        11.6292978805
        0.0907238000         4.0000000000         1.8151244507         1.3395874724        12.4271457712
        0.0956142000         4.0000000000         1.8406477193         1.3753137568        13.0920190135
        0.1005338000         4.0000000000         1.8125721238         1.4289031834        12.3606584470
        0.1054647000         4.0000000000         1.8278860850         1.4799407326        12.7595823923
        0.1105404000         4.0000000000         1.8329907387         1.5233226494        12.8925570408
        0.1155442000         4.0000000000         1.8253337581         1.5743601986        12.6930950681
        0.1206002000         4.0000000000         1.8457523730         1.6202939929        13.2249936619
        0.1257129000         4.0000000000         1.8457523730         1.6713315420        13.2249936619
        0.1307152000         4.0000000000         1.8483046998         1.7223690912        13.2914809862
        0.1355136000         4.0000000000         1.8534093535         1.7708547629        13.4244556346
        0.1406107000         4.0000000000         1.8687233147         1.8295479445        13.8233795800
        0.1456981000         4.0000000000         1.8559616804         1.8754817388        13.4909429588
        0.1506121000         4.0000000000         1.8610663341         1.9290711654        13.6239176073
        0.1554636000         4.0000000000         1.8712756415         1.9801087146        13.8898669042
        0.1605579000         4.0000000000         1.8789326221         2.0362500187        14.0893288769
        0.1655935000         4.0000000000         1.8789326221         2.0872875679        14.0893288769
        0.1705440000         4.0000000000         1.8763802953         2.1408769945        14.0228415527
        0.1756244000         4.0000000000         1.8814849490         2.1868107888        14.1558162011
        0.1805546000         4.0000000000         1.8840372758         2.2480558478        14.2223035253
        0.1856407000         4.0000000000         1.8738279684         2.2990933970        13.9563542284
        0.1905135000         4.0000000000         1.8865896027         2.3577865785        14.2887908496
        0.1955485000         4.0000000000         1.8993512370         2.4164797601        14.6212274707
        0.2006132000         4.0000000000         1.8865896027         2.4675173092        14.2887908496
        0.2054629000         4.0000000000         1.8942465832         2.5338661232        14.4882528222
        0.2105810000         4.0000000000         1.8865896027         2.5849036724        14.2887908496
        0.2156336000         4.0000000000         1.9121128712         2.6487006088        14.9536640918
        0.2205494000         4.0000000000         1.9019035638         2.6946344031        14.6877147949
        0.2256846000         4.0000000000         1.8942465832         2.7507757072        14.4882528222
        0.2305893000         4.0000000000         1.9121128712         2.8196763986        14.9536640918
        0.2355475000         4.0000000000         1.9427407935         2.8783695801        15.7515119825
        0.2405676000         4.0000000000         1.8967989101         2.9294071293        14.5547401465
        0.2455567000         4.0000000000         1.9146651981         2.9881003109        15.0201514161
        0.2505558000         4.0000000000         1.9019035638         3.0391378601        14.6877147949
        0.2554490000         4.0000000000         1.9146651981         3.1003829191        15.0201514161
        0.2604349000         4.0000000000         1.9121128712         3.1590761006        14.9536640918
        0.2654096000         4.0000000000         1.9274268324         3.2203211597        15.3525880372
        0.2704312000         4.0000000000         1.9274268324         3.2815662187        15.3525880372
        0.2754875000         4.0000000000         1.9121128712         3.3249481355        14.9536640918
        0.2804411000         4.0000000000         1.9223221787         3.3912969494        15.2196133887
        0.2854386000         4.0000000000         1.9197698518         3.4525420084        15.1531260645
        0.2903988000         4.0000000000         1.9350838130         3.5163389449        15.5520500099
        0.2954620000         4.0000000000         1.9248745055         3.5673764941        15.2861007130
        0.3004477000         4.0000000000         1.9299791592         3.6286215531        15.4190753614
        0.3055351000         4.0000000000         1.9427407935         3.6924184896        15.7515119825
        0.3104442000         4.0000000000         1.9478454472         3.7536635486        15.8844866310
        0.3154748000         4.0000000000         1.9325314861         3.8021492203        15.4855626856
        0.3204293000         4.0000000000         1.9299791592         3.8557386469        15.4190753614
        0.3254708000         4.0000000000         1.9376361398         3.9271912158        15.6185373341
        0.3304440000         4.0000000000         1.9376361398         3.9833325199        15.6185373341
        0.3354416000         4.0000000000         1.9376361398         4.0445775789        15.6185373341
        0.3404086000         4.0000000000         1.9376361398         4.1109263928        15.6185373341
        0.3455110000         4.0000000000         1.9376361398         4.1645158195        15.6185373341
        0.3504109000         4.0000000000         1.9350838130         4.2283127560        15.5520500099
        0.3556350000         4.0000000000         1.9350838130         4.2870059375        15.5520500099
        0.3604642000         4.0000000000         1.9427407935         4.3456991191        15.7515119825
        0.3654398000         4.0000000000         1.9376361398         4.4120479330        15.6185373341
        0.3704324000         4.0000000000         1.9350838130         4.4707411146        15.5520500099
        0.3754053000         4.0000000000         1.9478454472         4.5370899285        15.8844866310
        0.3804660000         4.0000000000         1.9452931204         4.5957831101        15.8179993068
        0.3854009000         4.0000000000         1.9401884667         4.6570281691        15.6850246583
        0.3904398000         4.0000000000         1.9452931204         4.7208251056        15.8179993068
        0.3962133000         4.0000000000         1.9529501009         4.7846220420        16.0174612795
        0.4005084000         4.0000000000         1.9427407935         4.8586264883        15.7515119825
        0.4054237000         4.0000000000         1.9376361398         4.9122159150        15.6185373341
        0.4103998000         4.0000000000         1.9401884667         4.9734609740        15.6850246583
        0.4155180000         4.0000000000         1.9274268324         4.9964278711        15.3525880372
        0.4204384000         4.0000000000         1.9503977741         4.9989797486        15.9509739552
        0.4254357000         4.0000000000         1.9452931204         1.1252297658        15.8179993068
        0.4304374000         4.0000000000         1.9555024278         0.0024036839        16.0839486037
        0.4354208000         4.0000000000         1.9401884667         0.0049555613        15.6850246583
        0.4404675000         4.0000000000         1.9452931204         0.0432337232        15.8179993068
        0.4454347000         4.0000000000         1.9555024278         0.1070306597        16.0839486037
        0.4505932000         4.0000000000         1.9580547547         0.1657238412        16.1504359279
        0.4555791000         4.0000000000         1.9376361398         0.2218651453        15.6185373341
        0.4606064000         4.0000000000         1.9606070815         0.2984214691        16.2169232521
        0.4655405000         4.0000000000         1.9503977741         0.3596665281        15.9509739552
        0.4704715000         4.0000000000         1.9555024278         0.4234634646        16.0839486037
        0.4754307000         4.0000000000         1.9401884667         0.4796047687        15.6850246583
        0.4804319000         4.0000000000         1.9606070815         0.5459535826        16.2169232521
        0.4854660000         4.0000000000         1.9478454472         0.6123023966        15.8844866310
        0.4904342000         4.0000000000         1.9631594084         0.6812030879        16.2834105764
        0.4954346000         4.0000000000         1.9529501009         0.7398962695        16.0174612795
        0.5004554000         4.0000000000         1.9478454472         0.8062450834        15.8844866310
        0.5054086000         4.0000000000         1.9555024278         0.8674901425        16.0839486037
        0.5105427000         4.0000000000         1.9427407935         0.9236314466        15.7515119825
        0.5154407000         4.0000000000         1.9682640621         0.9899802605        16.4163852248
        0.5205039000         4.0000000000         1.9376361398         1.0384659322        15.6185373341
        0.5254986000         4.0000000000         1.9631594084         1.1124703785        16.2834105764
        0.5304200000         4.0000000000         1.9478454472         1.1660598052        15.8844866310
        0.5354075000         4.0000000000         1.9427407935         1.2170973543        15.7515119825
        0.5404569000         4.0000000000         1.9452931204         1.2885499232        15.8179993068
        0.5454302000         4.0000000000         1.9478454472         1.3395874724        15.8844866310
        0.5504635000         4.0000000000         1.9529501009         1.4033844088        16.0174612795
        0.5554015000         4.0000000000         1.9427407935         1.4697332228        15.7515119825
        0.5605937000         4.0000000000         1.9427407935         1.5258745269        15.7515119825
        0.5655578000         4.0000000000         1.9427407935         1.5845677084        15.7515119825
        0.5708611000         4.0000000000         1.9427407935         1.6432608900        15.7515119825
        0.5755918000         4.0000000000         1.9452931204         1.7019540715        15.8179993068
        0.5806188000         4.0000000000         1.9401884667         1.7580953756        15.6850246583
        0.5854720000         4.0000000000         1.9555024278         1.8295479445        16.0839486037
        0.5905860000         4.0000000000         1.9478454472         1.8856892486        15.8844866310
        0.5956802000         4.0000000000         1.9427407935         1.9418305527        15.7515119825
        0.6006553000         4.0000000000         1.9452931204         1.9979718568        15.8179993068
        0.6056405000         4.0000000000         1.9427407935         2.0592169158        15.7515119825
        0.6105985000         4.0000000000         1.9733687158         2.1255657297        16.5493598733
        0.6154607000         4.0000000000         1.9580547547         2.1842589113        16.1504359279
        0.6205722000         4.0000000000         1.9580547547         2.2506077252        16.1504359279
        0.6255144000         4.0000000000         1.9427407935         2.3093009068        15.7515119825
        0.6305468000         4.0000000000         1.9376361398         2.3705459658        15.6185373341
        0.6355943000         4.0000000000         1.9503977741         2.4292391474        15.9509739552
        0.6406141000         4.0000000000         1.9452931204         2.4904842064        15.8179993068
        0.6455562000         4.0000000000         1.9580547547         2.5593848978        16.1504359279
        0.6505530000         4.0000000000         1.9452931204         2.6104224470        15.8179993068
        0.6554646000         4.0000000000         1.9529501009         2.6818750158        16.0174612795
        0.6606025000         4.0000000000         1.9555024278         2.7431200748        16.0839486037
        0.6655314000         4.0000000000         1.9529501009         2.8094688888        16.0174612795
        0.6705808000         4.0000000000         1.9631594084         2.8630583154        16.2834105764
        0.6756503000         4.0000000000         1.9503977741         2.9268552519        15.9509739552
        0.6807210000         4.0000000000         1.9529501009         2.9804446785        16.0174612795
        0.6855755000         4.0000000000         1.9401884667         3.0442416150        15.6850246583
        0.6906309000         4.0000000000         1.9478454472         3.1054866740        15.8844866310
        0.6956200000         4.0000000000         1.9452931204         3.1667317330        15.8179993068
        0.7005465000         4.0000000000         1.9401884667         3.2203211597        15.6850246583
        0.7055301000         4.0000000000         1.9631594084         3.2994293609        16.2834105764
        0.7105775000         4.0000000000         1.9401884667         3.3453631551        15.6850246583
        0.7153978000         4.0000000000         1.9529501009         3.4142638465        16.0174612795
        0.7204765000         4.0000000000         1.9478454472         3.4755089056        15.8844866310
        0.7254304000         4.0000000000         1.9427407935         3.5316502097        15.7515119825
        0.7305624000         4.0000000000         1.9452931204         3.5979990236        15.8179993068
        0.7354280000         4.0000000000         1.9555024278         3.6541403277        16.0839486037
        0.7404048000         4.0000000000         1.9784733695         3.7153853867        16.6823345217
        0.7453980000         4.0000000000         1.9376361398         3.7842860781        15.6185373341
        0.7505757000         4.0000000000         1.9580547547         3.8531867695        16.1504359279
        0.7555074000         4.0000000000         1.9503977741         3.9093280736        15.9509739552
        0.7604618000         4.0000000000         1.9529501009         3.9654693777        16.0174612795
        0.7654738000         4.0000000000         1.9580547547         4.0318181916        16.1504359279
        0.7705174000         4.0000000000         1.9529501009         4.0956151281        16.0174612795
        0.7754418000         4.0000000000         1.9503977741         4.1568601871        15.9509739552
        0.7804427000         4.0000000000         1.9452931204         4.2181052461        15.8179993068
        0.7853986000         4.0000000000         1.9555024278         4.2793503051        16.0839486037
        0.7904119000         4.0000000000         1.9478454472         4.3405953642        15.8844866310
        0.7954417000         4.0000000000         1.9682640621         4.4145998105        16.4163852248
        0.8004307000         4.0000000000         1.9657117352         4.4681892371        16.3498979006
        0.8054070000         4.0000000000         1.9503977741         4.5370899285        15.9509739552
        0.8104386000         4.0000000000         1.9529501009         4.5957831101        16.0174612795
        0.8154076000         4.0000000000         1.9759210427         4.6621319240        16.6158471975
        0.8203986000         4.0000000000         1.9478454472         4.7284807379        15.8844866310
        0.8254866000         4.0000000000         1.9682640621         4.7973814293        16.4163852248
        0.8304423000         4.0000000000         1.9657117352         4.8637302433        16.3498979006
        0.8354321000         4.0000000000         1.9478454472         4.9173196699        15.8844866310
        0.8404307000         4.0000000000         1.9606070815         4.9964278711        16.2169232521
        0.8454121000         4.0000000000         1.9529501009         4.9989797486        16.0174612795
        0.8504395000         4.0000000000         1.9452931204         4.9989797486        15.8179993068
        0.8554451000         4.0000000000         1.9580547547         1.1073666236        16.1504359279
        0.8604284000         4.0000000000         1.9682640621        -0.0001481936        16.4163852248
        0.8654497000         4.0000000000         1.9401884667        -0.0027000711        15.6850246583
        0.8704301000         4.0000000000         1.9631594084         0.0559931105        16.2834105764
        0.8756017000         4.0000000000         1.9555024278         0.1248938019        16.0839486037
        0.8805990000         4.0000000000         1.9452931204         0.1861388609        15.8179993068
        0.8855790000         4.0000000000         1.9657117352         0.2601433072        16.3498979006
        0.8905391000         4.0000000000         1.9580547547         0.3162846113        16.1504359279
        0.8955948000         4.0000000000         1.9708163889         0.3928409351        16.4828725490
        0.9004753000         4.0000000000         1.9503977741         0.4489822392        15.9509739552
        0.9055512000         4.0000000000         1.9682640621         0.5178829306        16.4163852248
        0.9104705000         4.0000000000         1.9503977741         0.5740242347        15.9509739552
        0.9155546000         4.0000000000         1.9529501009         0.6327174162        16.0174612795
        0.9204308000         4.0000000000         1.9682640621         0.7092737400        16.4163852248
        0.9255135000         4.0000000000         1.9657117352         0.7730706765        16.3498979006
        0.9304173000         4.0000000000         1.9401884667         0.8215563482        15.6850246583
        0.9354820000         4.0000000000         1.9682640621         0.8930089170        16.4163852248
        0.9404043000         4.0000000000         1.9427407935         0.9491502211        15.7515119825
        0.9455654000         4.0000000000         1.9580547547         1.0103952802        16.1504359279
        0.9504337000         4.0000000000         1.9452931204         1.0716403392        15.8179993068
        0.9555395000         4.0000000000         1.9708163889         1.1405410306        16.4828725490
        0.9604430000         4.0000000000         1.9376361398         1.1839229474        15.6185373341
        0.9655622000         4.0000000000         1.9555024278         1.2477198838        16.0839486037
        0.9705196000         4.0000000000         1.9401884667         1.3115168203        15.6850246583
        0.9754899000         4.0000000000         1.9503977741         1.3727618793        15.9509739552
        0.9804092000         4.0000000000         1.9401884667         1.4289031834        15.6850246583
        0.9855341000         4.0000000000         1.9529501009         1.4952519974        16.0174612795
        0.9904615000         4.0000000000         1.9529501009         1.5590489338        16.0174612795
        0.9955521000         4.0000000000         1.9452931204         1.6151902379        15.8179993068
        1.0003985000         4.0000000000         1.9555024278         1.6789871744        16.0839486037
        1.0055110000         4.0000000000         1.9376361398         1.7300247236        15.6185373341
        1.0104893000         4.0000000000         1.9503977741         1.7963735375        15.9509739552
        1.0155805000         4.0000000000         1.9580547547         1.8576185965        16.1504359279
        1.0204603000         4.0000000000         1.9606070815         1.9214155330        16.2169232521
        1.0254437000         4.0000000000         1.9401884667         1.9699012047        15.6850246583
        1.0306173000         4.0000000000         1.9478454472         2.0285943863        15.8844866310
        1.0356865000         4.0000000000         1.9350838130         2.0923913228        15.5520500099
        1.0405288000         4.0000000000         1.9580547547         2.1561882593        16.1504359279
        1.0454355000         4.0000000000         1.9452931204         2.2174333183        15.8179993068
        1.0504038000         4.0000000000         1.9580547547         2.2812302547        16.1504359279
        1.0554452000         4.0000000000         1.9376361398         2.3399234363        15.6185373341
        1.0604683000         4.0000000000         1.9580547547         2.4037203728        16.1504359279
        1.0654295000         4.0000000000         1.9376361398         2.4624135543        15.6185373341
        1.0704353000         4.0000000000         1.9580547547         2.5287623683        16.1504359279
        1.0755791000         4.0000000000         1.9478454472         2.5925593047        15.8844866310
        1.0805910000         4.0000000000         1.9503977741         2.6487006088        15.9509739552
        1.0855563000         4.0000000000         1.9529501009         2.7252569326        16.0174612795
        1.0905567000         4.0000000000         1.9478454472         2.7839501142        15.8844866310
        1.0955259000         4.0000000000         1.9580547547         2.8400914183        16.1504359279
        1.1004322000         4.0000000000         1.9427407935         2.8962327224        15.7515119825
        1.1054590000         4.0000000000         1.9503977741         2.9625815363        15.9509739552
        1.1103987000         4.0000000000         1.9452931204         3.0187228404        15.8179993068
        1.1155165000         4.0000000000         1.9606070815         3.0927272867        16.2169232521
        1.1204398000         4.0000000000         1.9401884667         3.1412129584        15.6850246583
        1.1254360000         4.0000000000         1.9452931204         3.2075617724        15.8179993068
        1.1305683000         4.0000000000         1.9631594084         3.2790143412        16.2834105764
        1.1354804000         4.0000000000         1.9452931204         3.3249481355        15.8179993068
        1.1404643000         4.0000000000         1.9580547547         3.3938488269        16.1504359279
        1.1455439000         4.0000000000         1.9631594084         3.4601976408        16.2834105764
        1.1504776000         4.0000000000         1.9529501009         3.5163389449        16.0174612795
        1.1554931000         4.0000000000         1.9529501009         3.5724802490        16.0174612795
        1.1604504000         4.0000000000         1.9682640621         3.6464846953        16.4163852248
        1.1654294000         4.0000000000         1.9555024278         3.7077297543        16.0839486037
        1.1704003000         4.0000000000         1.9886826769         3.7638710584        16.9482838186
        1.1754360000         4.0000000000         1.9555024278         3.8353236273        16.0839486037
        1.1804331000         4.0000000000         1.9555024278         3.8863611765        16.0839486037
        1.1854026000         4.0000000000         1.9452931204         3.9476062355        15.8179993068
        1.1905619000         4.0000000000         1.9708163889         4.0165069269        16.4828725490
        1.1954863000         4.0000000000         1.9606070815         4.0803038633        16.2169232521
        1.2003986000         4.0000000000         1.9555024278         4.1364451674        16.0839486037
        1.2055582000         4.0000000000         1.9503977741         4.1951383490        15.9509739552
        1.2103988000         4.0000000000         1.9580547547         4.2614871629        16.1504359279
        1.2154768000         4.0000000000         1.9503977741         4.3278359769        15.9509739552
        1.2204030000         4.0000000000         1.9580547547         4.3967366683        16.1504359279
        1.2255750000         4.0000000000         1.9555024278         4.4528779724        16.0839486037
        1.2304639000         4.0000000000         1.9606070815         4.5192267863        16.2169232521
        1.2355657000         4.0000000000         1.9631594084         4.5830237228        16.2834105764
        1.2404083000         4.0000000000         1.9682640621         4.6417169043        16.4163852248
        1.2454267000         4.0000000000         1.9452931204         4.7106175957        15.8179993068
        1.2504916000         4.0000000000         1.9606070815         4.7744145322        16.2169232521
        1.2554081000         4.0000000000         1.9555024278         4.8382114687        16.0839486037
        1.2604069000         4.0000000000         1.9606070815         4.9096640375        16.2169232521
        1.2654299000         4.0000000000         1.9555024278         4.9658053416        16.0839486037
        1.2704077000         4.0000000000         1.9452931204         5.0117391359        15.8179993068
        1.2754394000         4.0000000000         1.9529501009         5.0040835035        16.0174612795
        1.2805464000         4.0000000000         1.9503977741         1.1124703785        15.9509739552
        1.2854541000         4.0000000000         1.9555024278         0.0049555613        16.0839486037
        1.2905159000         4.0000000000         1.9529501009         0.0024036839        16.0174612795
        1.2954317000         4.0000000000         1.9631594084         0.0406818457        16.2834105764
        1.3005149000         4.0000000000         1.9580547547         0.1019269048        16.1504359279
        1.3054460000         4.0000000000         1.9682640621         0.1708275961        16.4163852248
        1.3104079000         4.0000000000         1.9580547547         0.2371764101        16.1504359279
        1.3153969000         4.0000000000         1.9529501009         0.3035252240        16.0174612795
        1.3204050000         4.0000000000         1.9606070815         0.3596665281        16.2169232521
        1.3254370000         4.0000000000         1.9555024278         0.4234634646        16.0839486037
        1.3304095000         4.0000000000         1.9478454472         0.4872604011        15.8844866310
        1.3354298000         4.0000000000         1.9631594084         0.5485054601        16.2834105764
        1.3404697000         4.0000000000         1.9503977741         0.6097505191        15.9509739552
        1.3454616000         4.0000000000         1.9580547547         0.6760993330        16.1504359279
        1.3504053000         4.0000000000         1.9555024278         0.7398962695        16.0839486037
        1.3554011000         4.0000000000         1.9580547547         0.8087969609        16.1504359279
        1.3605035000         4.0000000000         1.9529501009         0.8674901425        16.0174612795
        1.3654033000         4.0000000000         1.9606070815         0.9363908338        16.2169232521
        1.3704935000         4.0000000000         1.9529501009         0.9874283830        16.0174612795
        1.3754419000         4.0000000000         1.9503977741         1.0537771970        15.9509739552
        1.3804066000         4.0000000000         1.9478454472         1.1124703785        15.8844866310
        1.3854290000         4.0000000000         1.9478454472         1.1737154375        15.8844866310
        1.3906186000         4.0000000000         1.9606070815         1.2324086191        16.2169232521
        1.3955775000         4.0000000000         1.9503977741         1.2859980457        15.9509739552
        1.4005774000         4.0000000000         1.9937873306         1.3625543695        17.0812584671
        1.4054380000         4.0000000000         1.9580547547         1.4186956736        16.1504359279
        1.4105498000         4.0000000000         1.9452931204         1.4671813453        15.8179993068
        1.4155387000         4.0000000000         1.9452931204         1.5284264043        15.8179993068
        1.4204336000         4.0000000000         1.9555024278         1.5973270957        16.0839486037
        1.4255390000         4.0000000000         1.9452931204         1.6509165224        15.8179993068
        1.4304518000         4.0000000000         1.9657117352         1.7249209687        16.3498979006
        1.4354356000         4.0000000000         1.9478454472         1.7785103953        15.8844866310
        1.4404470000         4.0000000000         1.9478454472         1.8295479445        15.8844866310
        1.4454684000         4.0000000000         1.9682640621         1.9035523908        16.4163852248
        1.4504065000         4.0000000000         1.9580547547         1.9545899400        16.1504359279
        1.4582550000         4.0000000000         1.9529501009         2.0260425088        16.0174612795
        1.4604371000         4.0000000000         1.9784733695         2.0796319355        16.6823345217
        1.4654888000         4.0000000000         1.9580547547         2.1485326269        16.1504359279
        1.4704659000         4.0000000000         1.9427407935         2.1944664211        15.7515119825
        1.4754884000         4.0000000000         1.9708163889         2.2684708674        16.4828725490
        1.4804343000         4.0000000000         1.9478454472         2.3297159265        15.8844866310
        1.4855480000         4.0000000000         1.9555024278         2.3909609855        16.0839486037
        1.4907153000         4.0000000000         1.9529501009         2.4547579220        16.0174612795
        1.4955359000         4.0000000000         1.9555024278         2.5134511035        16.0839486037
        1.5005514000         4.0000000000         1.9478454472         2.5772480400        15.8844866310
        1.5054823000         4.0000000000         1.9580547547         2.6461487314        16.1504359279
        1.5104713000         4.0000000000         1.9580547547         2.7073937904        16.1504359279
        1.5154066000         4.0000000000         1.9529501009         2.7609832170        16.0174612795
        1.5204014000         4.0000000000         1.9427407935         2.8171245211        15.7515119825
        1.5256440000         4.0000000000         1.9580547547         2.8885770900        16.1504359279
        1.5305474000         4.0000000000         1.9606070815         2.9421665166        16.2169232521
        1.5354165000         4.0000000000         1.9580547547         3.0110672080        16.1504359279
        1.5404159000         4.0000000000         1.9657117352         3.0799678994        16.3498979006
        1.5454516000         4.0000000000         1.9555024278         3.1386610810        16.0839486037
        1.5504150000         4.0000000000         1.9580547547         3.2024580174        16.1504359279
        1.5554194000         4.0000000000         1.9555024278         3.2560474441        16.0839486037
        1.5604081000         4.0000000000         1.9555024278         3.3198443806        16.0839486037
        1.5654440000         4.0000000000         1.9555024278         3.3836413170        16.0839486037
        1.5704474000         4.0000000000         1.9631594084         3.4474382535        16.2834105764
        1.5756383000         4.0000000000         1.9478454472         3.5086833125        15.8844866310
        1.5805093000         4.0000000000         1.9606070815         3.5648246166        16.2169232521
        1.5855902000         4.0000000000         1.9503977741         3.6286215531        15.9509739552
        1.5905244000         4.0000000000         1.9503977741         3.6898666121        15.9509739552
        1.5955953000         4.0000000000         1.9529501009         3.7587673035        16.0174612795
        1.6005289000         4.0000000000         1.9759210427         3.8200123625        16.6158471975
        1.6055381000         4.0000000000         1.9503977741         3.8761536666        15.9509739552
        1.6105111000         4.0000000000         1.9606070815         3.9425024806        16.2169232521
        1.6155588000         4.0000000000         1.9580547547         3.9986437847        16.1504359279
        1.6205703000         4.0000000000         1.9657117352         4.0777519859        16.3498979006
        1.6255953000         4.0000000000         1.9503977741         4.1287895351        15.9509739552
        1.6305778000         4.0000000000         1.9733687158         4.1976902265        16.5493598733
        1.6355715000         4.0000000000         1.9631594084         4.2614871629        16.2834105764
        1.6406066000         4.0000000000         1.9708163889         4.3303878543        16.4828725490
        1.6456164000         4.0000000000         1.9657117352         4.3890810359        16.3498979006
        1.6505065000         4.0000000000         1.9452931204         4.4503260949        15.8179993068
        1.6556399000         4.0000000000         1.9631594084         4.5166749088        16.2834105764
        1.6605127000         4.0000000000         1.9657117352         4.5855756002        16.3498979006
        1.6655036000         4.0000000000         1.9580547547         4.6391650269        16.1504359279
        1.6705592000         4.0000000000         1.9580547547         4.7182732281        16.1504359279
        1.6755302000         4.0000000000         1.9606070815         4.7795182871        16.2169232521
        1.6805530000         4.0000000000         1.9631594084         4.8509708560        16.2834105764
        1.6855642000         4.0000000000         1.9682640621         4.9173196699        16.4163852248
        1.6904458000         4.0000000000         1.9708163889         4.9811166064        16.4828725490
        1.6954471000         4.0000000000         1.9631594084         5.0066353810        16.2834105764
        1.7004915000         4.0000000000         1.9682640621         5.0117391359        16.4163852248
        1.7054688000         4.0000000000         1.9580547547         1.1048147461        16.1504359279
        1.7104688000         4.0000000000         1.9708163889        -0.0001481936        16.4828725490
        1.7154939000         4.0000000000         1.9606070815         0.0024036839        16.2169232521
        1.7203956000         4.0000000000         1.9606070815         0.0457856007        16.2169232521
        1.7253995000         4.0000000000         1.9606070815         0.1070306597        16.2169232521
        1.7304317000         4.0000000000         1.9733687158         0.1835869834        16.5493598733
        1.7356370000         4.0000000000         1.9682640621         0.2499357974        16.4163852248
        1.7404050000         4.0000000000         1.9657117352         0.3086289789        16.3498979006
        1.7456693000         4.0000000000         1.9708163889         0.3724259154        16.4828725490
        1.7506502000         4.0000000000         1.9631594084         0.4413266068        16.2834105764
        1.7554995000         4.0000000000         1.9784733695         0.5102272982        16.6823345217
        1.7604320000         4.0000000000         1.9708163889         0.5740242347        16.4828725490
        1.7654406000         4.0000000000         1.9657117352         0.6352692937        16.3498979006
        1.7703969000         4.0000000000         1.9657117352         0.6990662302        16.3498979006
        1.7754332000         4.0000000000         1.9708163889         0.7577594117        16.4828725490
        1.7803969000         4.0000000000         1.9555024278         0.8190044707        16.0839486037
        1.7855077000         4.0000000000         1.9784733695         0.9006645494        16.6823345217
        1.7905024000         4.0000000000         1.9555024278         0.9593577310        16.0839486037
        1.7954798000         4.0000000000         1.9784733695         1.0154990351        16.6823345217
        1.8004014000         4.0000000000         1.9350838130         1.0665365843        15.5520500099
        1.8055075000         4.0000000000         1.9733687158         1.1379891531        16.5493598733
        1.8104381000         4.0000000000         1.9376361398         1.1966823347        15.6185373341
        1.8154344000         4.0000000000         1.9708163889         1.2604792711        16.4828725490
        1.8206195000         4.0000000000         1.9529501009         1.3166205752        16.0174612795
        1.8254880000         4.0000000000         1.9708163889         1.3855212666        16.4828725490
        1.8304932000         4.0000000000         1.9580547547         1.4416625707        16.1504359279
        1.8354082000         4.0000000000         1.9555024278         1.5029076297        16.0839486037
        1.8404351000         4.0000000000         1.9657117352         1.5641526888        16.3498979006
        1.8453958000         4.0000000000         1.9478454472         1.6151902379        15.8844866310
        1.8504584000         4.0000000000         1.9682640621         1.6789871744        16.4163852248
        1.8554861000         4.0000000000         1.9580547547         1.7504397433        16.1504359279
        1.8604935000         4.0000000000         1.9478454472         1.8014772924        15.8844866310
        1.8654262000         4.0000000000         1.9631594084         1.8601704740        16.2834105764
        1.8704698000         4.0000000000         1.9657117352         1.9341749203        16.3498979006
        1.8753967000         4.0000000000         1.9606070815         1.9877643470        16.2169232521
        1.8804044000         4.0000000000         1.9682640621         2.0515612834        16.4163852248
        1.8854364000         4.0000000000         1.9708163889         2.1153582199        16.4828725490
        1.8906417000         4.0000000000         1.9580547547         2.1817070338        16.1504359279
        1.8955462000         4.0000000000         1.9555024278         2.2327445830        16.0839486037
        1.9005173000         4.0000000000         1.9580547547         2.3016452744        16.1504359279
        1.9054719000         4.0000000000         1.9529501009         2.3628903334        16.0174612795
        1.9104699000         4.0000000000         1.9682640621         2.4241353924        16.4163852248
        1.9154309000         4.0000000000         1.9580547547         2.4904842064        16.1504359279
        1.9204963000         4.0000000000         1.9478454472         2.5466255105        15.8844866310
        1.9254333000         4.0000000000         1.9606070815         2.6129743244        16.2169232521
        1.9304320000         4.0000000000         1.9657117352         2.6844268933        16.3498979006
        1.9353953000         4.0000000000         1.9555024278         2.7405681974        16.0839486037
        1.9405043000         4.0000000000         1.9708163889         2.8094688888        16.4828725490
        1.9454381000         4.0000000000         1.9580547547         2.8656101929        16.1504359279
        1.9515112000         4.0000000000         1.9555024278         2.9294071293        16.0839486037
        1.9554940000         4.0000000000         1.9555024278         2.9906521883        16.0839486037
        1.9607829000         4.0000000000         1.9580547547         3.0442416150        16.1504359279
        1.9654808000         4.0000000000         1.9555024278         3.1156941838        16.0839486037
        1.9703955000         4.0000000000         1.9682640621         3.1743873654        16.4163852248
        1.9754385000         4.0000000000         1.9580547547         3.2407361793        16.1504359279
        1.9804369000         4.0000000000         1.9606070815         3.3019812383        16.2169232521
        1.9854950000         4.0000000000         1.9555024278         3.3657781748        16.0839486037
        1.9904508000         4.0000000000         1.9784733695         3.4270232338        16.6823345217
        1.9954293000         4.0000000000         1.9503977741         3.4831645379        15.9509739552
        2.0004309000         4.0000000000         1.9478454472         3.5444095970        15.8844866310
        2.0054629000         4.0000000000         1.9657117352         3.6107584109        16.3498979006
        2.0104334000         4.0000000000         1.9555024278         3.6796591023        16.0839486037
        2.0154928000         4.0000000000         1.9708163889         3.7434560388        16.4828725490
        2.0204080000         4.0000000000         1.9682640621         3.8098048527        16.4163852248
        2.0255683000         4.0000000000         1.9733687158         3.8710499117        16.5493598733
        2.0304396000         4.0000000000         1.9631594084         3.9246393383        16.2834105764
        2.0354727000         4.0000000000         1.9733687158         3.9960919072        16.5493598733
        2.0403993000         4.0000000000         1.9784733695         4.0598888437        16.6823345217
        2.0453989000         4.0000000000         1.9555024278         4.1160301478        16.0839486037
        2.0504442000         4.0000000000         1.9529501009         4.1772752068        16.0174612795
        2.0553983000         4.0000000000         1.9759210427         4.2512796531        16.6158471975
        2.0604308000         4.0000000000         1.9580547547         4.3023172023        16.1504359279
        2.0654943000         4.0000000000         1.9657117352         4.3635622613        16.3498979006
        2.0704019000         4.0000000000         1.9452931204         4.4299110752        15.8179993068
        2.0754974000         4.0000000000         1.9861303501         4.5013636441        16.8817964944
        2.0803965000         4.0000000000         1.9555024278         4.5626087031        16.0839486037
        2.0854192000         4.0000000000         1.9657117352         4.6289575170        16.3498979006
        2.0903979000         4.0000000000         1.9580547547         4.6927544535        16.1504359279
        2.0955361000         4.0000000000         1.9682640621         4.7539995125        16.4163852248
        2.1004410000         4.0000000000         1.9529501009         4.8177964490        16.0174612795
        2.1054878000         4.0000000000         1.9580547547         4.8918008953        16.1504359279
        2.1105223000         4.0000000000         1.9784733695         4.9683572191        16.6823345217
        2.1155405000         4.0000000000         1.9580547547         5.0066353810        16.1504359279
        2.1205359000         4.0000000000         1.9682640621         5.0040835035        16.4163852248
        2.1255825000         4.0000000000         1.9580547547         1.0997109912        16.1504359279
        2.1304038000         4.0000000000         1.9682640621         0.0049555613        16.4163852248
        2.1355778000         4.0000000000         1.9606070815         0.0024036839        16.2169232521
        2.1404311000         4.0000000000         1.9606070815         0.0304743359        16.2169232521
        2.1454331000         4.0000000000         1.9657117352         0.1044787822        16.3498979006
        2.1504737000         4.0000000000         1.9708163889         0.1708275961        16.4828725490
        2.1554539000         4.0000000000         1.9657117352         0.2269689002        16.3498979006
        2.1604907000         4.0000000000         1.9631594084         0.2933177142        16.2834105764
        2.1655008000         4.0000000000         1.9657117352         0.3622184056        16.3498979006
        2.1704531000         4.0000000000         1.9784733695         0.4260153420        16.6823345217
        2.1754372000         4.0000000000         1.9580547547         0.4898122785        16.1504359279
        2.1804818000         4.0000000000         1.9810256964         0.5638167248        16.7488218459
        2.1854714000         4.0000000000         1.9503977741         0.6174061515        15.9509739552
        2.1904480000         4.0000000000         1.9733687158         0.6863068429        16.5493598733
        2.1955037000         4.0000000000         1.9606070815         0.7526556568        16.2169232521
        2.2005754000         4.0000000000         1.9606070815         0.8113488384        16.2169232521
        2.2055655000         4.0000000000         1.9606070815         0.8751457748        16.2169232521
        2.2105709000         4.0000000000         1.9503977741         0.9338389564        15.9509739552
        2.2155373000         4.0000000000         1.9759210427         1.0052915252        16.6158471975
        2.2205645000         4.0000000000         1.9452931204         1.0741922166        15.8179993068
        2.2255590000         4.0000000000         1.9631594084         1.1201260109        16.2834105764
        2.2306466000         4.0000000000         1.9708163889         1.1941304572        16.4828725490
        2.2355104000         4.0000000000         1.9784733695         1.2553755162        16.6823345217
        2.2405027000         4.0000000000         1.9452931204         1.3064130654        15.8179993068
        2.2455109000         4.0000000000         1.9631594084         1.3676581244        16.2834105764
        2.2504064000         4.0000000000         1.9606070815         1.4391106933        16.2169232521
        2.2555814000         4.0000000000         1.9580547547         1.4978038748        16.1504359279
        2.2603966000         4.0000000000         1.9657117352         1.5539451789        16.3498979006
        2.2656514000         4.0000000000         1.9555024278         1.6100864830        16.0839486037
        2.2705384000         4.0000000000         1.9682640621         1.6789871744        16.4163852248
        2.2755276000         4.0000000000         1.9682640621         1.7478878658        16.4163852248
        2.2804436000         4.0000000000         1.9631594084         1.7963735375        16.2834105764
        2.2854552000         4.0000000000         1.9529501009         1.8550667191        16.0174612795
        2.2903977000         4.0000000000         1.9784733695         1.9316230429        16.6823345217
        2.2954370000         4.0000000000         1.9555024278         1.9775568371        16.0839486037
        2.3004432000         4.0000000000         1.9733687158         2.0541131609        16.5493598733
        2.3054364000         4.0000000000         1.9784733695         2.1179100974        16.6823345217
        2.3103978000         4.0000000000         1.9631594084         2.1740514015        16.2834105764
        2.3154287000         4.0000000000         1.9657117352         2.2404002154        16.3498979006
        2.3204377000         4.0000000000         1.9580547547         2.2914377646        16.1504359279
        2.3254485000         4.0000000000         1.9631594084         2.3679940883        16.2834105764
        2.3305616000         4.0000000000         1.9631594084         2.4266872699        16.2834105764
        2.3354512000         4.0000000000         1.9733687158         2.4955879613        16.5493598733
        2.3404344000         4.0000000000         1.9606070815         2.5517292654        16.2169232521
        2.3454349000         4.0000000000         1.9631594084         2.6129743244        16.2834105764
        2.3505607000         4.0000000000         1.9606070815         2.6767712609        16.2169232521
        2.3554352000         4.0000000000         1.9606070815         2.7354644424        16.2169232521
        2.3606840000         4.0000000000         1.9580547547         2.8043651338        16.1504359279
        2.3655351000         4.0000000000         1.9784733695         2.8630583154        16.6823345217
        2.3704042000         4.0000000000         1.9580547547         2.9294071293        16.1504359279
        2.3754800000         4.0000000000         1.9580547547         2.9957559433        16.1504359279
        2.3804305000         4.0000000000         1.9580547547         3.0544491248        16.1504359279
        2.3854281000         4.0000000000         1.9733687158         3.1182460613        16.5493598733
        2.3905375000         4.0000000000         1.9606070815         3.1871467527        16.2169232521
        2.3954417000         4.0000000000         1.9580547547         3.2356324244        16.1504359279
        2.4005428000         4.0000000000         1.9580547547         3.3019812383        16.1504359279
        2.4054668000         4.0000000000         1.9529501009         3.3606744199        16.0174612795
        2.4105469000         4.0000000000         1.9784733695         3.4372307437        16.6823345217
        2.4155431000         4.0000000000         1.9580547547         3.4959239252        16.1504359279
        2.4204073000         4.0000000000         1.9478454472         3.5495133519        15.8844866310
        2.4254440000         4.0000000000         1.9657117352         3.6133102883        16.3498979006
        2.4304519000         4.0000000000         1.9708163889         3.6796591023        16.4828725490
        2.4354293000         4.0000000000         1.9657117352         3.7485597937        16.3498979006
        2.4404566000         4.0000000000         1.9580547547         3.7995973429        16.1504359279
        2.4453961000         4.0000000000         1.9733687158         3.8659461568        16.5493598733
        2.4504982000         4.0000000000         1.9606070815         3.9373987256        16.2169232521
        2.4553981000         4.0000000000         1.9784733695         4.0011956621        16.6823345217
        2.4604924000         4.0000000000         1.9784733695         4.0675444760        16.6823345217
        2.4654357000         4.0000000000         1.9503977741         4.1160301478        15.9509739552
        2.4704000000         4.0000000000         1.9708163889         4.1925864715        16.4828725490
        2.4754725000         4.0000000000         1.9682640621         4.2461758982        16.4163852248
        2.4804937000         4.0000000000         1.9606070815         4.3227322219        16.2169232521
        2.4853960000         4.0000000000         1.9631594084         4.3763216486        16.2834105764
        2.4904511000         4.0000000000         1.9606070815         4.4426704625        16.2169232521
        2.4954363000         4.0000000000         1.9759210427         4.5064673990        16.6158471975
        2.5004394000         4.0000000000         1.9861303501         4.5728162129        16.8817964944
        2.5054546000         4.0000000000         1.9733687158         4.6366131494        16.5493598733
        2.5104905000         4.0000000000         1.9427407935         4.7029619633        15.7515119825
        2.5154277000         4.0000000000         1.9708163889         4.7642070224        16.4828725490
        2.5203963000         4.0000000000         1.9963396575         4.8382114687        17.1477457913
        2.5254019000         4.0000000000         1.9708163889         4.9096640375        16.4828725490
        2.5304963000         4.0000000000         1.9631594084         4.9683572191        16.2834105764
        2.5355816000         4.0000000000         1.9657117352         5.0066353810        16.3498979006
        2.5406073000         4.0000000000         1.9682640621         5.0066353810        16.4163852248
        2.5455879000         4.0000000000         1.9682640621         1.0997109912        16.4163852248
        2.5505098000         4.0000000000         1.9733687158        -0.0052519485        16.5493598733
        2.5554384000         4.0000000000         1.9631594084         0.0049555613        16.2834105764
        2.5605068000         4.0000000000         1.9657117352         0.0406818457        16.3498979006
        2.5655552000         4.0000000000         1.9631594084         0.1121344146        16.2834105764
        2.5704102000         4.0000000000         1.9835780232         0.1861388609        16.8153091702
        2.5754443000         4.0000000000         1.9555024278         0.2397282875        16.0839486037
        2.5806416000         4.0000000000         1.9784733695         0.3137327338        16.6823345217
        2.5854394000         4.0000000000         1.9733687158         0.3826334252        16.5493598733
        2.5905567000         4.0000000000         1.9682640621         0.4438784843        16.4163852248
        2.5955544000         4.0000000000         1.9631594084         0.4974679109        16.2834105764
        2.6004585000         4.0000000000         1.9580547547         0.5714723572        16.1504359279
        2.6054336000         4.0000000000         1.9835780232         0.6429249261        16.8153091702
        2.6105604000         4.0000000000         1.9759210427         0.7067218625        16.6158471975
        2.6155545000         4.0000000000         1.9580547547         0.7628631666        16.1504359279
        2.6204492000         4.0000000000         1.9631594084         0.8292119806        16.2834105764
        2.6254402000         4.0000000000         1.9835780232         0.9006645494        16.8153091702
        2.6304419000         4.0000000000         1.9529501009         0.9542539761        16.0174612795
        2.6354368000         4.0000000000         1.9784733695         1.0206027900        16.6823345217
        2.6404635000         4.0000000000         1.9555024278         1.0818478490        16.0839486037
        2.6454298000         4.0000000000         1.9503977741         1.1379891531        15.9509739552
        2.6504619000         4.0000000000         1.9631594084         1.2068898445        16.2834105764
        2.6555687000         4.0000000000         1.9784733695         1.2681349035        16.6823345217
        2.6605380000         4.0000000000         1.9452931204         1.3191724527        15.8179993068
        2.6655430000         4.0000000000         1.9580547547         1.3880731441        16.1504359279
        2.6705892000         4.0000000000         1.9606070815         1.4442144482        16.2169232521
        2.6755639000         4.0000000000         1.9606070815         1.5080113847        16.2169232521
        2.6805645000         4.0000000000         1.9631594084         1.5743601986        16.2834105764
        2.6855036000         4.0000000000         1.9606070815         1.6253977478        16.2169232521
        2.6905772000         4.0000000000         1.9682640621         1.6917465617        16.4163852248
        2.6955609000         4.0000000000         1.9606070815         1.7529916207        16.2169232521
        2.7005356000         4.0000000000         1.9682640621         1.8167885572        16.4163852248
        2.7056119000         4.0000000000         1.9708163889         1.8856892486        16.4828725490
        2.7105612000         4.0000000000         1.9503977741         1.9341749203        15.9509739552
        2.7155871000         4.0000000000         1.9631594084         2.0005237343        16.2834105764
        2.7206161000         4.0000000000         1.9555024278         2.0643206707        16.0839486037
        2.7255401000         4.0000000000         1.9784733695         2.1357732396        16.6823345217
        2.7306009000         4.0000000000         1.9555024278         2.1817070338        16.0839486037
        2.7355404000         4.0000000000         1.9657117352         2.2480558478        16.3498979006
        2.7405339000         4.0000000000         1.9682640621         2.3195084166        16.4163852248
        2.7455335000         4.0000000000         1.9555024278         2.3756497207        16.0839486037
        2.7504910000         4.0000000000         1.9682640621         2.4445504121        16.4163852248
        2.7556126000         4.0000000000         1.9682640621         2.5134511035        16.4163852248
        2.7606744000         4.0000000000         1.9682640621         2.5695924076        16.4163852248
        2.7655934000         4.0000000000         1.9708163889         2.6384930990        16.4828725490
        2.7705800000         4.0000000000         1.9606070815         2.6920825256        16.2169232521
        2.7755655000         4.0000000000         1.9631594084         2.7584313396        16.2834105764
        2.7806409000         4.0000000000         1.9631594084         2.8196763986        16.2834105764
        2.7855762000         4.0000000000         1.9682640621         2.8834733351        16.4163852248
        2.7905997000         4.0000000000         1.9580547547         2.9472702715        16.1504359279
        2.7955410000         4.0000000000         1.9708163889         3.0187228404        16.4828725490
        2.8007285000         4.0000000000         1.9657117352         3.0723122670        16.3498979006
        2.8054843000         4.0000000000         1.9631594084         3.1412129584        16.2834105764
        2.8104363000         4.0000000000         1.9606070815         3.1973542625        16.2169232521
        2.8154279000         4.0000000000         1.9759210427         3.2662549539        16.6158471975
        2.8204385000         4.0000000000         1.9606070815         3.3223962580        16.2169232521
        2.8254126000         4.0000000000         1.9784733695         3.3887450720        16.6823345217
        2.8304031000         4.0000000000         1.9682640621         3.4448863760        16.4163852248
        2.8354579000         4.0000000000         1.9708163889         3.5163389449        16.4828725490
        2.8404517000         4.0000000000         1.9682640621         3.5750321265        16.4163852248
        2.8454287000         4.0000000000         1.9835780232         3.6439328179        16.8153091702
        2.8504356000         4.0000000000         1.9503977741         3.6949703670        15.9509739552
        2.8555922000         4.0000000000         1.9784733695         3.7715266908        16.6823345217
        2.8603954000         4.0000000000         1.9631594084         3.8276679949        16.2834105764
        2.8655192000         4.0000000000         1.9733687158         3.8889130539        16.5493598733
        2.8704082000         4.0000000000         1.9657117352         3.9603656228        16.3498979006
        2.8754402000         4.0000000000         1.9784733695         4.0165069269        16.6823345217
        2.8804398000         4.0000000000         1.9631594084         4.0828557408        16.2834105764
        2.8855825000         4.0000000000         1.9784733695         4.1543083097        16.6823345217
        2.8904837000         4.0000000000         1.9784733695         4.2130014912        16.6823345217
        2.8954060000         4.0000000000         1.9631594084         4.2691427953        16.2834105764
        2.9004684000         4.0000000000         1.9733687158         4.3354916092        16.5493598733
        2.9056534000         4.0000000000         1.9580547547         4.3941847908        16.1504359279
        2.9105371000         4.0000000000         1.9733687158         4.4681892371        16.5493598733
        2.9154299000         4.0000000000         1.9784733695         4.5370899285        16.6823345217
        2.9204336000         4.0000000000         1.9784733695         4.5957831101        16.6823345217
        2.9255820000         4.0000000000         1.9503977741         4.6646838015        15.9509739552
        2.9305472000         4.0000000000         1.9631594084         4.7284807379        16.2834105764
        2.9358535000         4.0000000000         1.9784733695         4.7948295519        16.6823345217
        2.9404677000         4.0000000000         1.9708163889         4.8662821207        16.4828725490
        2.9453951000         4.0000000000         1.9657117352         4.9275271797        16.3498979006
        2.9504924000         4.0000000000         1.9682640621         4.9913241162        16.4163852248
        2.9554326000         4.0000000000         1.9682640621         4.9989797486        16.4163852248
        2.9605078000         4.0000000000         1.9631594084         4.9938759937        16.2834105764
        2.9656167000         4.0000000000         1.9784733695         1.1124703785        16.6823345217
        2.9706534000         4.0000000000         1.9708163889        -0.0052519485        16.4828725490
        2.9755572000         4.0000000000         1.9784733695         0.0151630711        16.6823345217
        2.9804359000         4.0000000000         1.9682640621         0.0764081302        16.4163852248
        2.9854686000         4.0000000000         1.9861303501         0.1478606990        16.8817964944
        2.9904605000         4.0000000000         1.9912350038         0.2040020031        17.0147711429
        2.9954082000         4.0000000000         1.9555024278         0.2729026945        16.0839486037
        3.0004324000         4.0000000000         1.9708163889         0.3418033859        16.4828725490
        3.0054140000         4.0000000000         1.9784733695         0.4030484449        16.6823345217
        3.0104978000         4.0000000000         1.9580547547         0.4719491363        16.1504359279
        3.0154297000         4.0000000000         1.9784733695         0.5357460728        16.6823345217
        3.0204422000         4.0000000000         1.9682640621         0.6020948867        16.4163852248
        3.0254009000         4.0000000000         1.9835780232         0.6684437007        16.8153091702
        3.0304069000         4.0000000000         1.9784733695         0.7322406371        16.6823345217
        3.0354350000         4.0000000000         1.9759210427         0.8062450834        16.6158471975
        3.0405572000         4.0000000000         1.9733687158         0.8649382650        16.5493598733
        3.0454947000         4.0000000000         1.9682640621         0.9312870789        16.4163852248
        3.0504960000         4.0000000000         1.9733687158         0.9874283830        16.5493598733
        3.0554461000         4.0000000000         1.9759210427         1.0512253195        16.6158471975
        3.0605048000         4.0000000000         1.9759210427         1.1150222560        16.6158471975
        3.0654306000         4.0000000000         1.9708163889         1.1813710699        16.4828725490
        3.0704453000         4.0000000000         1.9606070815         1.2324086191        16.2169232521
        3.0754285000         4.0000000000         1.9682640621         1.3038611879        16.4163852248
        3.0804247000         4.0000000000         1.9682640621         1.3600024920        16.4163852248
        3.0854389000         4.0000000000         1.9682640621         1.4237994285        16.4163852248
        3.0904056000         4.0000000000         1.9606070815         1.4850444875        16.2169232521
        3.0954341000         4.0000000000         1.9682640621         1.5411857916        16.4163852248
        3.1004077000         4.0000000000         1.9580547547         1.6075346056        16.1504359279
        3.1053966000         4.0000000000         1.9631594084         1.6713315420        16.2834105764
        3.1105866000         4.0000000000         1.9733687158         1.7351284785        16.5493598733
        3.1154331000         4.0000000000         1.9606070815         1.7938216601        16.2169232521
        3.1207546000         4.0000000000         1.9682640621         1.8627223515        16.4163852248
        3.1255349000         4.0000000000         1.9784733695         1.9163117781        16.6823345217
        3.1303960000         4.0000000000         1.9555024278         1.9750049597        16.0839486037
        3.1354840000         4.0000000000         1.9529501009         2.0336981412        16.0174612795
        3.1404320000         4.0000000000         1.9657117352         2.1000469552        16.3498979006
        3.1453961000         4.0000000000         1.9682640621         2.1689476465        16.4163852248
        3.1506223000         4.0000000000         1.9555024278         2.2174333183        16.0839486037
        3.1554226000         4.0000000000         1.9784733695         2.2965415195        16.6823345217
        3.1604320000         4.0000000000         1.9606070815         2.3552347011        16.2169232521
        3.1654017000         4.0000000000         1.9733687158         2.4164797601        16.5493598733
        3.1704287000         4.0000000000         1.9733687158         2.4853804515        16.5493598733
        3.1755524000         4.0000000000         1.9708163889         2.5517292654        16.4828725490
        3.1805794000         4.0000000000         1.9606070815         2.6078705695        16.2169232521
        3.1855978000         4.0000000000         1.9708163889         2.6716675060        16.4828725490
        3.1903978000         4.0000000000         1.9733687158         2.7380163199        16.5493598733
        3.1955779000         4.0000000000         1.9580547547         2.7967095015        16.1504359279
        3.2003952000         4.0000000000         1.9631594084         2.8605064379        16.2834105764
        3.2054982000         4.0000000000         1.9478454472         2.9191996195        15.8844866310
        3.2104381000         4.0000000000         1.9784733695         2.9932040658        16.6823345217
        3.2154038000         4.0000000000         1.9631594084         3.0442416150        16.2834105764
        3.2204289000         4.0000000000         1.9682640621         3.1131423064        16.4163852248
        3.2254058000         4.0000000000         1.9529501009         3.1692836105        16.0174612795
        3.2304663000         4.0000000000         1.9631594084         3.2330805470        16.2834105764
        3.2354473000         4.0000000000         1.9708163889         3.3019812383        16.4828725490
        3.2404465000         4.0000000000         1.9657117352         3.3683300523        16.3498979006
        3.2454924000         4.0000000000         1.9708163889         3.4244713564        16.4828725490
        3.2504088000         4.0000000000         1.9682640621         3.4857164154        16.4163852248
        3.2554870000         4.0000000000         1.9759210427         3.5571689842        16.6158471975
        3.2604303000         4.0000000000         1.9733687158         3.6184140433        16.5493598733
        3.2654898000         4.0000000000         1.9555024278         3.6720034699        16.0839486037
        3.2704365000         4.0000000000         1.9733687158         3.7358004064        16.5493598733
        3.2754370000         4.0000000000         1.9912350038         3.8047010978        17.0147711429
        3.2803957000         4.0000000000         1.9631594084         3.8582905244        16.2834105764
        3.2855097000         4.0000000000         1.9580547547         3.9246393383        16.1504359279
        3.2904376000         4.0000000000         1.9708163889         3.9935400297        16.4828725490
        3.2954572000         4.0000000000         1.9631594084         4.0522332113        16.2834105764
        3.3004328000         4.0000000000         1.9682640621         4.1236857801        16.4163852248
        3.3054925000         4.0000000000         1.9759210427         4.1798270842        16.6158471975
        3.3104360000         4.0000000000         1.9733687158         4.2512796531        16.5493598733
        3.3154920000         4.0000000000         1.9606070815         4.3125247121        16.2169232521
        3.3204084000         4.0000000000         1.9810256964         4.3839772810        16.7488218459
        3.3254163000         4.0000000000         1.9555024278         4.4350148301        16.0839486037
        3.3304019000         4.0000000000         1.9682640621         4.5064673990        16.4163852248
        3.3354137000         4.0000000000         1.9810256964         4.5702643355        16.7488218459
        3.3404520000         4.0000000000         1.9657117352         4.6315093945        16.3498979006
        3.3454939000         4.0000000000         1.9708163889         4.7080657183        16.4828725490
        3.3504283000         4.0000000000         1.9810256964         4.7667588998        16.7488218459
        3.3554066000         4.0000000000         1.9682640621         4.8458671010        16.4163852248
        3.3604374000         4.0000000000         1.9733687158         4.9147677924        16.5493598733
        3.3654626000         4.0000000000         1.9810256964         4.9709090965        16.7488218459
        3.3703953000         4.0000000000         1.9682640621         5.0066353810        16.4163852248
        3.3755154000         4.0000000000         1.9759210427         5.0091872584        16.6158471975
        3.3805636000         4.0000000000         1.9631594084         1.1124703785        16.2834105764
        3.3855376000         4.0000000000         1.9861303501         0.0024036839        16.8817964944
        3.3904381000         4.0000000000         1.9529501009        -0.0052519485        16.0174612795
        3.3954295000         4.0000000000         1.9784733695         0.0508893556        16.6823345217
        3.4004404000         4.0000000000         1.9733687158         0.1223419244        16.5493598733
        3.4053959000         4.0000000000         1.9682640621         0.1784832285        16.4163852248
        3.4104100000         4.0000000000         1.9631594084         0.2499357974        16.2834105764
        3.4155252000         4.0000000000         1.9835780232         0.3264921211        16.8153091702
        3.4204303000         4.0000000000         1.9631594084         0.3826334252        16.2834105764
        3.4253959000         4.0000000000         1.9682640621         0.4489822392        16.4163852248
        3.4304291000         4.0000000000         1.9784733695         0.5127791757        16.6823345217
        3.4354487000         4.0000000000         1.9657117352         0.5816798670        16.3498979006
        3.4404416000         4.0000000000         1.9708163889         0.6505805584        16.4828725490
        3.4454385000         4.0000000000         1.9784733695         0.7092737400        16.6823345217
        3.4504756000         4.0000000000         1.9810256964         0.7807263088        16.7488218459
        3.4554861000         4.0000000000         1.9657117352         0.8317638580        16.3498979006
        3.4604364000         4.0000000000         1.9835780232         0.9032164269        16.8153091702
        3.4654412000         4.0000000000         1.9580547547         0.9619096084        16.1504359279
        3.4704287000         4.0000000000         1.9708163889         1.0308102998        16.4828725490
        3.4754459000         4.0000000000         1.9682640621         1.0920553588        16.4163852248
        3.4804077000         4.0000000000         1.9606070815         1.1456447855        16.2169232521
        3.4854474000         4.0000000000         1.9631594084         1.2145454769        16.2834105764
        3.4904006000         4.0000000000         1.9657117352         1.2681349035        16.3498979006
        3.4954427000         4.0000000000         1.9606070815         1.3344837175        16.2169232521
        3.5004678000         4.0000000000         1.9657117352         1.3906250215        16.3498979006
        3.5055213000         4.0000000000         1.9631594084         1.4620775904        16.2834105764
        3.5105479000         4.0000000000         1.9733687158         1.5309782818        16.5493598733
        3.5156819000         4.0000000000         1.9606070815         1.5845677084        16.2169232521
        3.5204716000         4.0000000000         1.9682640621         1.6458127674        16.4163852248
        3.5254628000         4.0000000000         1.9606070815         1.7045059490        16.2169232521
        3.5304736000         4.0000000000         1.9682640621         1.7734066404        16.4163852248
        3.5354334000         4.0000000000         1.9733687158         1.8295479445        16.5493598733
        3.5404615000         4.0000000000         1.9631594084         1.8958967584        16.2834105764
        3.5454358000         4.0000000000         1.9912350038         1.9622455724        17.0147711429
        3.5504222000         4.0000000000         1.9580547547         2.0107312441        16.1504359279
        3.5554504000         4.0000000000         1.9759210427         2.0770800580        16.6158471975
        3.5604415000         4.0000000000         1.9682640621         2.1485326269        16.4163852248
        3.5653955000         4.0000000000         1.9733687158         2.2046739310        16.5493598733
        3.5704950000         4.0000000000         1.9682640621         2.2684708674        16.4163852248
        3.5754830000         4.0000000000         1.9529501009         2.3271640490        16.0174612795
        3.5805453000         4.0000000000         1.9886826769         2.4011684953        16.9482838186
        3.5855415000         4.0000000000         1.9631594084         2.4598616769        16.2834105764
        3.5906240000         4.0000000000         1.9529501009         2.5211067359        16.0174612795
        3.5955567000         4.0000000000         1.9682640621         2.5849036724        16.4163852248
        3.6005508000         4.0000000000         1.9708163889         2.6563562412        16.4828725490
        3.6056378000         4.0000000000         1.9631594084         2.7073937904        16.2834105764
        3.6105939000         4.0000000000         1.9657117352         2.7762944818        16.3498979006
        3.6155772000         4.0000000000         1.9708163889         2.8502989281        16.4828725490
        3.6205421000         4.0000000000         1.9682640621         2.9115439871        16.4163852248
        3.6255521000         4.0000000000         1.9606070815         2.9625815363        16.2169232521
        3.6307203000         4.0000000000         1.9682640621         3.0289303502        16.4163852248
        3.6356684000         4.0000000000         1.9631594084         3.0927272867        16.2834105764
        3.6405901000         4.0000000000         1.9708163889         3.1539723457        16.4828725490
        3.6456675000         4.0000000000         1.9555024278         3.2126655273        16.0839486037
        3.6507454000         4.0000000000         1.9657117352         3.2790143412        16.3498979006
        3.6554890000         4.0000000000         1.9503977741         3.3326037679        15.9509739552
        3.6605885000         4.0000000000         1.9631594084         3.4040563367        16.2834105764
        3.6655716000         4.0000000000         1.9631594084         3.4704051506        16.2834105764
        3.6707344000         4.0000000000         1.9810256964         3.5290983322        16.7488218459
        3.6756980000         4.0000000000         1.9606070815         3.5928952687        16.2169232521
        3.6807209000         4.0000000000         1.9657117352         3.6566922051        16.3498979006
        3.6856910000         4.0000000000         1.9733687158         3.7255928965        16.5493598733
        3.6907329000         4.0000000000         1.9657117352         3.7766304457        16.3498979006
        3.6957943000         4.0000000000         1.9733687158         3.8506348920        16.5493598733
        3.7005902000         4.0000000000         1.9733687158         3.9067761961        16.5493598733
        3.7056305000         4.0000000000         1.9657117352         3.9680212551        16.3498979006
        3.7106606000         4.0000000000         1.9682640621         4.0318181916        16.4163852248
        3.7156062000         4.0000000000         1.9631594084         4.0981670056        16.2834105764
        3.7206096000         4.0000000000         1.9682640621         4.1594120646        16.4163852248
        3.7255152000         4.0000000000         1.9759210427         4.2334165109        16.6158471975
        3.7306188000         4.0000000000         1.9682640621         4.2844540601        16.4163852248
        3.7355766000         4.0000000000         1.9759210427         4.3533547515        16.6158471975
        3.7405830000         4.0000000000         1.9606070815         4.4171516879        16.2169232521
        3.7455459000         4.0000000000         1.9810256964         4.4835005019        16.7488218459
        3.7505600000         4.0000000000         1.9682640621         4.5549530707        16.4163852248
        3.7555731000         4.0000000000         1.9759210427         4.6110943748        16.6158471975
        3.7606224000         4.0000000000         1.9708163889         4.6902025760        16.4828725490
        3.7656343000         4.0000000000         1.9682640621         4.7488957576        16.4163852248
        3.7705998000         4.0000000000         1.9657117352         4.8152445715        16.3498979006
        3.7755528000         4.0000000000         1.9759210427         4.8866971404        16.6158471975
        3.7806046000         4.0000000000         1.9733687158         4.9504940769        16.5493598733
        3.7855815000         4.0000000000         1.9810256964         5.0142910133        16.7488218459
        3.7905516000         4.0000000000         1.9784733695         5.0117391359        16.6823345217
        3.7955874000         4.0000000000         1.9580547547         1.0971591138        16.1504359279
        3.8006350000         4.0000000000         1.9784733695        -0.0001481936        16.6823345217
        3.8056049000         4.0000000000         1.9657117352        -0.0001481936        16.3498979006
        3.8105190000         4.0000000000         1.9784733695         0.0330262134        16.6823345217
        3.8156267000         4.0000000000         1.9733687158         0.0942712724        16.5493598733
        3.8206488000         4.0000000000         1.9886826769         0.1631719638        16.9482838186
        3.8254434000         4.0000000000         1.9657117352         0.2218651453        16.3498979006
        3.8305471000         4.0000000000         1.9835780232         0.3009733466        16.8153091702
        3.8355380000         4.0000000000         1.9682640621         0.3571146507        16.4163852248
        3.8404830000         4.0000000000         1.9912350038         0.4260153420        17.0147711429
        3.8454736000         4.0000000000         1.9784733695         0.4898122785        16.6823345217
        3.8504288000         4.0000000000         1.9810256964         0.5561610925        16.7488218459
        3.8555068000         4.0000000000         1.9708163889         0.6174061515        16.4828725490
        3.8604045000         4.0000000000         1.9784733695         0.6888587203        16.6823345217
        3.8654048000         4.0000000000         1.9810256964         0.7552075343        16.7488218459
        3.8704348000         4.0000000000         1.9606070815         0.8190044707        16.2169232521
        3.8755765000         4.0000000000         1.9810256964         0.8828014072        16.7488218459
        3.8804028000         4.0000000000         1.9657117352         0.9465983437        16.3498979006
        3.8854457000         4.0000000000         1.9835780232         1.0154990351        16.8153091702
        3.8904180000         4.0000000000         1.9682640621         1.0767440941        16.4163852248
        3.8954519000         4.0000000000         1.9733687158         1.1328853982        16.5493598733
        3.9004015000         4.0000000000         1.9580547547         1.1941304572        16.1504359279
        3.9055938000         4.0000000000         1.9886826769         1.2604792711        16.9482838186
        3.9103980000         4.0000000000         1.9555024278         1.3089649429        16.0839486037
        3.9154927000         4.0000000000         1.9682640621         1.3804175117        16.4163852248
        3.9204273000         4.0000000000         1.9606070815         1.4340069384        16.2169232521
        3.9254541000         4.0000000000         1.9682640621         1.5080113847        16.4163852248
        3.9304145000         4.0000000000         1.9708163889         1.5641526888        16.4828725490
        3.9354903000         4.0000000000         1.9733687158         1.6330533802        16.5493598733
        3.9404415000         4.0000000000         1.9835780232         1.6942984392        16.8153091702
        3.9453985000         4.0000000000         1.9580547547         1.7453359884        16.1504359279
        3.9504295000         4.0000000000         1.9733687158         1.8142366797        16.5493598733
        3.9554334000         4.0000000000         1.9580547547         1.8703779838        16.1504359279
        3.9604296000         4.0000000000         1.9733687158         1.9341749203        16.5493598733
        3.9654367000         4.0000000000         1.9606070815         1.9903162244        16.2169232521
        3.9703965000         4.0000000000         1.9682640621         2.0566650383        16.4163852248
        3.9753971000         4.0000000000         1.9937873306         2.1306694847        17.0812584671
        3.9804343000         4.0000000000         1.9733687158         2.1868107888        16.5493598733
        3.9854402000         4.0000000000         1.9759210427         2.2582633576        16.6158471975
        3.9903985000         4.0000000000         1.9682640621         2.3144046617        16.4163852248
        3.9955042000         4.0000000000         1.9631594084         2.3730978433        16.2834105764
        4.0005453000         4.0000000000         1.9784733695         2.4522060445        16.6823345217
