% Sweep Step 112/200  Vcmd=1.7000V  CCW 
% Vg_offset=1.338069V  K_gimbal=26.049690

Time[s]              Vcmd[V]              Vg_raw[V]            Pot[V]             Omega[rad/s]
        0.0020702000         1.7000000000         1.3429439823         0.0738562527         0.1269907893
        0.0055109000         1.7000000000         1.3301823480         0.0738562527        -0.2054458319
        0.0106442000         1.7000000000         1.3378393285         0.0764081302        -0.0059838592
        0.0156695000         1.7000000000         1.3454963091         0.0840637625         0.1934781135
        0.0206292000         1.7000000000         1.3250776943         0.0738562527        -0.3384204803
        0.0255110000         1.7000000000         1.1438624875         0.0687524978        -5.0590205004
        0.0304644000         1.7000000000         1.2076706589         0.0508893556        -3.3968373947
        0.0356032000         1.7000000000         1.2229846200         0.0406818457        -2.9979134494
        0.0405640000         1.7000000000         1.1617287755         0.0177149486        -4.5936092308
        0.0455384000         1.7000000000         1.1719380829         0.0202668261        -4.3276599339
        0.0505376000         1.7000000000         1.1693857560        -0.0052519485        -4.3941472581
        0.0555012000         1.7000000000         1.1464148143        -0.0001481936        -4.9925331762
        0.0608139000         1.7000000000         1.1515194680         0.0024036839        -4.8595585277
        0.0654873000         1.7000000000         1.1464148143        -0.0052519485        -4.9925331762
        0.0704935000         1.7000000000         1.1311008532         0.0049555613        -5.3914571215
        0.0756569000         1.7000000000         1.1362055069        -0.0052519485        -5.2584824731
        0.0805064000         1.7000000000         1.1387578337         1.1124703785        -5.1919951489
        0.0855248000         1.7000000000         1.1132345652         1.1099185011        -5.8568683911
        0.0904926000         1.7000000000         1.1259961995         1.0971591138        -5.5244317700
        0.0955197000         1.7000000000         1.1234438726         5.0091872584        -5.5909190942
        0.1005183000         1.7000000000         1.1132345652         5.0066353810        -5.8568683911
        0.1055032000         1.7000000000         1.1055775846         5.0015316260        -6.0563303638
        0.1105139000         1.7000000000         1.1157868920         5.0142910133        -5.7903810669
        0.1155172000         1.7000000000         1.0902636235         5.0091872584        -6.4552543092
        0.1204771000         1.7000000000         1.1081299115         4.9964278711        -5.9898430396
        0.1255616000         1.7000000000         1.1055775846         4.9811166064        -6.0563303638
        0.1305327000         1.7000000000         1.0953682772         4.9530459543        -6.3222796607
        0.1354648000         1.7000000000         1.0953682772         4.9275271797        -6.3222796607
        0.1405239000         1.7000000000         1.0800543160         4.9020084051        -6.7212036061
        0.1454764000         1.7000000000         1.0979206040         4.8815933855        -6.2557923365
        0.1505147000         1.7000000000         1.0826066429         4.8458671010        -6.6547162818
        0.1555491000         1.7000000000         1.0851589698         4.8229002039        -6.5882289576
        0.1605717000         1.7000000000         1.0723973355         4.7846220420        -6.9206655788
        0.1654652000         1.7000000000         1.0775019892         4.7616551449        -6.7876909303
        0.1704457000         1.7000000000         1.0800543160         4.7284807379        -6.7212036061
        0.1754605000         1.7000000000         1.0826066429         4.7106175957        -6.6547162818
        0.1804457000         1.7000000000         1.0647403549         4.6748913113        -7.1201275514
        0.1855895000         1.7000000000         1.0647403549         4.6519244142        -7.1201275514
        0.1904681000         1.7000000000         1.0723973355         4.6264056396        -6.9206655788
        0.1954454000         1.7000000000         1.0775019892         4.5957831101        -6.7876909303
        0.2005172000         1.7000000000         1.0621880280         4.5677124580        -7.1866148757
        0.2055219000         1.7000000000         1.0545310475         4.5345380510        -7.3860768483
        0.2104556000         1.7000000000         1.0723973355         4.5217786637        -6.9206655788
        0.2160111000         1.7000000000         1.0621880280         4.4809486244        -7.1866148757
        0.2204933000         1.7000000000         1.0519787206         4.4503260949        -7.4525641726
        0.2255334000         1.7000000000         1.0596357012         4.4273591978        -7.2531021999
        0.2304645000         1.7000000000         1.0494263938         4.3992885457        -7.5190514968
        0.2354696000         1.7000000000         1.0647403549         4.3737697711        -7.1201275514
        0.2404714000         1.7000000000         1.0698450086         4.3508028740        -6.9871529030
        0.2455493000         1.7000000000         1.0596357012         4.3125247121        -7.2531021999
        0.2505299000         1.7000000000         1.0494263938         4.2844540601        -7.5190514968
        0.2554735000         1.7000000000         1.0468740669         4.2563834080        -7.5855388210
        0.2605187000         1.7000000000         1.0570833743         4.2181052461        -7.3195895241
        0.2655156000         1.7000000000         1.0443217401         4.1951383490        -7.6520261452
        0.2704589000         1.7000000000         1.0392170863         4.1594120646        -7.7850007937
        0.2754695000         1.7000000000         1.0545310475         4.1441007998        -7.3860768483
        0.2804378000         1.7000000000         1.0443217401         4.1083745154        -7.6520261452
        0.2854608000         1.7000000000         1.0290077789         4.0777519859        -8.0509500906
        0.2904446000         1.7000000000         1.0749496623         4.0573369662        -6.8541782545
        0.2954549000         1.7000000000         1.0392170863         4.0165069269        -7.7850007937
        0.3004671000         1.7000000000         1.0443217401         3.9884362748        -7.6520261452
        0.3054565000         1.7000000000         1.0213507983         3.9501581129        -8.2504120633
        0.3105021000         1.7000000000         1.0366647595         3.9220874609        -7.8514881179
        0.3154732000         1.7000000000         1.0290077789         3.8940168088        -8.0509500906
        0.3204773000         1.7000000000         1.0417694132         3.8633942793        -7.7185134695
        0.3254759000         1.7000000000         1.0187984715         3.8276679949        -8.3168993875
        0.3304511000         1.7000000000         1.0366647595         3.8098048527        -7.8514881179
        0.3354568000         1.7000000000         1.0315601058         3.7817342006        -7.9844627664
        0.3404844000         1.7000000000         1.0417694132         3.7485597937        -7.7185134695
        0.3455648000         1.7000000000         1.0341124326         3.7179372642        -7.9179754422
        0.3505510000         1.7000000000         1.0290077789         3.6873147347        -8.0509500906
        0.3554293000         1.7000000000         1.0290077789         3.6439328179        -8.0509500906
        0.3604943000         1.7000000000         1.0341124326         3.6107584109        -7.9179754422
        0.3655579000         1.7000000000         1.0187984715         3.5826877588        -8.3168993875
        0.3704898000         1.7000000000         1.0239031252         3.5520652293        -8.1839247391
        0.3754591000         1.7000000000         1.0366647595         3.5290983322        -7.8514881179
        0.3804827000         1.7000000000         1.0417694132         3.5035795576        -7.7185134695
        0.3854958000         1.7000000000         1.0187984715         3.4601976408        -8.3168993875
        0.3905185000         1.7000000000         1.0213507983         3.4372307437        -8.2504120633
        0.3955534000         1.7000000000         1.0366647595         3.4091600916        -7.8514881179
        0.4004595000         1.7000000000         1.0366647595         3.3708819297        -7.8514881179
        0.4055890000         1.7000000000         1.0264554521         3.3479150326        -8.1174374148
        0.4105739000         1.7000000000         1.0315601058         3.3172925031        -7.9844627664
        0.4155268000         1.7000000000         1.0239031252         3.2739105863        -8.1839247391
        0.4205251000         1.7000000000         1.0315601058         3.2458399342        -7.9844627664
        0.4254823000         1.7000000000         1.0264554521         3.2203211597        -8.1174374148
        0.4306044000         1.7000000000         1.0290077789         3.1871467527        -8.0509500906
        0.4354908000         1.7000000000         1.0213507983         3.1488685908        -8.2504120633
        0.4405718000         1.7000000000         1.0392170863         3.1335573261        -7.7850007937
        0.4454994000         1.7000000000         1.0187984715         3.0952791642        -8.3168993875
        0.4504852000         1.7000000000         1.0239031252         3.0646566347        -8.1839247391
        0.4555283000         1.7000000000         1.0341124326         3.0263784728        -7.9179754422
        0.4605903000         1.7000000000         1.0264554521         3.0008596982        -8.1174374148
        0.4654884000         1.7000000000         1.0136938178         2.9702371687        -8.4498740360
        0.4706174000         1.7000000000         1.0315601058         2.9319590068        -7.9844627664
        0.4755679000         1.7000000000         1.0596357012         2.9140958646        -7.2531021999
        0.4806413000         1.7000000000         1.0239031252         2.8834733351        -8.1839247391
        0.4855223000         1.7000000000         1.0366647595         2.8451951732        -7.8514881179
        0.4905269000         1.7000000000         1.0187984715         2.8094688888        -8.3168993875
        0.4954985000         1.7000000000         1.0417694132         2.7890538691        -7.7185134695
        0.5006227000         1.7000000000         1.0290077789         2.7584313396        -8.0509500906
        0.5055591000         1.7000000000         1.0264554521         2.7227050552        -8.1174374148
        0.5105456000         1.7000000000         1.0213507983         2.6920825256        -8.2504120633
        0.5155783000         1.7000000000         1.0290077789         2.6538043638        -8.0509500906
        0.5204975000         1.7000000000         1.0239031252         2.6333893441        -8.1839247391
        0.5255146000         1.7000000000         1.0264554521         2.5951111822        -8.1174374148
        0.5305726000         1.7000000000         1.0187984715         2.5593848978        -8.3168993875
        0.5355948000         1.7000000000         1.0366647595         2.5415217556        -7.8514881179
        0.5405504000         1.7000000000         1.0264554521         2.5032435937        -8.1174374148
        0.5455004000         1.7000000000         1.0136938178         2.4624135543        -8.4498740360
        0.5505129000         1.7000000000         1.0366647595         2.4368947797        -7.8514881179
        0.5554976000         1.7000000000         1.0187984715         2.4062722502        -8.3168993875
        0.5605898000         1.7000000000         1.0417694132         2.3807534756        -7.7185134695
        0.5654907000         1.7000000000         1.0239031252         2.3424753138        -8.1839247391
        0.5707733000         1.7000000000         1.0341124326         2.3144046617        -7.9179754422
        0.5755053000         1.7000000000         1.0290077789         2.2888858871        -8.0509500906
        0.5805020000         1.7000000000         1.0213507983         2.2455039703        -8.2504120633
        0.5855605000         1.7000000000         1.0187984715         2.2097776859        -8.3168993875
        0.5905083000         1.7000000000         1.0366647595         2.1919145437        -7.8514881179
        0.5955263000         1.7000000000         1.0187984715         2.1485326269        -8.3168993875
        0.6005727000         1.7000000000         1.0264554521         2.1179100974        -8.1174374148
        0.6055294000         1.7000000000         1.0264554521         2.0923913228        -8.1174374148
        0.6104705000         1.7000000000         1.0290077789         2.0617687933        -8.0509500906
        0.6154724000         1.7000000000         1.0264554521         2.0362500187        -8.1174374148
        0.6204430000         1.7000000000         1.0468740669         2.0005237343        -7.5855388210
        0.6254390000         1.7000000000         1.0187984715         1.9699012047        -8.3168993875
        0.6304370000         1.7000000000         1.0545310475         1.9469343076        -7.3860768483
        0.6354738000         1.7000000000         1.0290077789         1.9112080232        -8.0509500906
        0.6405660000         1.7000000000         1.0468740669         1.8907930035        -7.5855388210
        0.6454682000         1.7000000000         1.0341124326         1.8474110867        -7.9179754422
        0.6505572000         1.7000000000         1.0417694132         1.8269960670        -7.7185134695
        0.6554912000         1.7000000000         1.0315601058         1.7912697826        -7.9844627664
        0.6604571000         1.7000000000         1.0366647595         1.7606472531        -7.8514881179
        0.6657018000         1.7000000000         1.0494263938         1.7478878658        -7.5190514968
        0.6705249000         1.7000000000         1.0494263938         1.7147134588        -7.5190514968
        0.6755553000         1.7000000000         1.0519787206         1.6789871744        -7.4525641726
        0.6805554000         1.7000000000         1.0545310475         1.6509165224        -7.3860768483
        0.6855680000         1.7000000000         1.0494263938         1.6228458703        -7.5190514968
        0.6906662000         1.7000000000         1.0468740669         1.5896714634        -7.5855388210
        0.6955554000         1.7000000000         1.0443217401         1.5667045662        -7.6520261452
        0.7005573000         1.7000000000         1.0596357012         1.5462895465        -7.2531021999
        0.7055668000         1.7000000000         1.0519787206         1.5080113847        -7.4525641726
        0.7105511000         1.7000000000         1.0545310475         1.4901482425        -7.3860768483
        0.7155120000         1.7000000000         1.0366647595         1.4493182031        -7.8514881179
        0.7205479000         1.7000000000         1.0596357012         1.4340069384        -7.2531021999
        0.7255397000         1.7000000000         1.0519787206         1.3931768990        -7.4525641726
        0.7306767000         1.7000000000         1.0494263938         1.3753137568        -7.5190514968
        0.7355956000         1.7000000000         1.0545310475         1.3421393498        -7.3860768483
        0.7406297000         1.7000000000         1.0468740669         1.3038611879        -7.5855388210
        0.7455256000         1.7000000000         1.0570833743         1.2911018006        -7.3195895241
        0.7506616000         1.7000000000         1.0545310475         1.2553755162        -7.3860768483
        0.7554596000         1.7000000000         1.0596357012         1.2324086191        -7.2531021999
        0.7605314000         1.7000000000         1.0443217401         1.1992342121        -7.6520261452
        0.7655491000         1.7000000000         1.0494263938         1.1762673150        -7.5190514968
        0.7705154000         1.7000000000         1.0570833743         1.1533004179        -7.3195895241
        0.7755279000         1.7000000000         1.0494263938         1.1124703785        -7.5190514968
        0.7805379000         1.7000000000         1.0545310475         1.0971591138        -7.3860768483
        0.7854887000         1.7000000000         1.0596357012         1.0614328293        -7.2531021999
        0.7905151000         1.7000000000         1.0570833743         1.0410178097        -7.3195895241
        0.7955126000         1.7000000000         1.0519787206         1.0027396478        -7.4525641726
        0.8005560000         1.7000000000         1.0596357012         0.9823246281        -7.2531021999
        0.8055565000         1.7000000000         1.0621880280         0.9517020986        -7.1866148757
        0.8105174000         1.7000000000         1.0621880280         0.9261833240        -7.1866148757
        0.8155498000         1.7000000000         1.0647403549         0.8955607945        -7.1201275514
        0.8204970000         1.7000000000         1.0698450086         0.8751457748        -6.9871529030
        0.8254561000         1.7000000000         1.0672926818         0.8445232453        -7.0536402272
        0.8305158000         1.7000000000         1.0545310475         0.8113488384        -7.3860768483
        0.8354881000         1.7000000000         1.0570833743         0.7807263088        -7.3195895241
        0.8404868000         1.7000000000         1.0647403549         0.7654150441        -7.1201275514
        0.8455341000         1.7000000000         1.0596357012         0.7296887597        -7.2531021999
        0.8505556000         1.7000000000         1.0494263938         0.6965143527        -7.5190514968
        0.8556337000         1.7000000000         1.0596357012         0.6786512105        -7.2531021999
        0.8605162000         1.7000000000         1.0596357012         0.6480286810        -7.2531021999
        0.8654650000         1.7000000000         1.0545310475         0.6174061515        -7.3860768483
        0.8706110000         1.7000000000         1.0621880280         0.5918873769        -7.1866148757
        0.8754541000         1.7000000000         1.0494263938         0.5561610925        -7.5190514968
        0.8805204000         1.7000000000         1.0545310475         0.5280904404        -7.3860768483
        0.8854335000         1.7000000000         1.0596357012         0.5051235433        -7.2531021999
        0.8904832000         1.7000000000         1.0392170863         0.4642935039        -7.7850007937
        0.8955187000         1.7000000000         1.0443217401         0.4464303617        -7.6520261452
        0.9005635000         1.7000000000         1.0749496623         0.4107040773        -6.8541782545
        0.9056010000         1.7000000000         1.0417694132         0.3800815478        -7.7185134695
        0.9105431000         1.7000000000         1.0570833743         0.3494590183        -7.3195895241
        0.9155360000         1.7000000000         1.0264554521         0.3213883662        -8.1174374148
        0.9205731000         1.7000000000         1.0494263938         0.2907658367        -7.5190514968
        0.9255524000         1.7000000000         1.0443217401         0.2550395523        -7.6520261452
        0.9304969000         1.7000000000         1.0596357012         0.2371764101        -7.2531021999
        0.9355044000         1.7000000000         1.0392170863         0.1988982482        -7.7850007937
        0.9406267000         1.7000000000         1.0417694132         0.1631719638        -7.7185134695
        0.9455572000         1.7000000000         1.0443217401         0.1325494343        -7.6520261452
        0.9505633000         1.7000000000         1.0698450086         0.1172381695        -6.9871529030
        0.9556239000         1.7000000000         1.0545310475         0.0738562527        -7.3860768483
        0.9605921000         1.7000000000         1.0443217401         0.0483374781        -7.6520261452
        0.9654873000         1.7000000000         1.0519787206         0.0202668261        -7.4525641726
        0.9704738000         1.7000000000         1.0443217401         0.0024036839        -7.6520261452
        0.9755789000         1.7000000000         1.0417694132         0.0024036839        -7.7185134695
        0.9805487000         1.7000000000         1.0494263938         0.0075074388        -7.5190514968
        0.9854641000         1.7000000000         1.0545310475         0.0024036839        -7.3860768483
        0.9905610000         1.7000000000         1.0392170863         1.0971591138        -7.7850007937
        0.9955950000         1.7000000000         1.0468740669         1.1150222560        -7.5855388210
        1.0005295000         1.7000000000         1.0417694132         4.9989797486        -7.7185134695
        1.0055480000         1.7000000000         1.0468740669         5.0117391359        -7.5855388210
        1.0105526000         1.7000000000         1.0468740669         5.0040835035        -7.5855388210
        1.0155855000         1.7000000000         1.0366647595         5.0066353810        -7.8514881179
        1.0205102000         1.7000000000         1.0519787206         5.0091872584        -7.4525641726
        1.0254967000         1.7000000000         1.0443217401         4.9683572191        -7.6520261452
        1.0305951000         1.7000000000         1.0468740669         4.9504940769        -7.5855388210
        1.0354948000         1.7000000000         1.0417694132         4.9096640375        -7.7185134695
        1.0404319000         1.7000000000         1.0417694132         4.8739377531        -7.7185134695
        1.0454996000         1.7000000000         1.0443217401         4.8509708560        -7.6520261452
        1.0505014000         1.7000000000         1.0392170863         4.8203483265        -7.7850007937
        1.0555607000         1.7000000000         1.0392170863         4.7897257969        -7.7850007937
        1.0605652000         1.7000000000         1.0443217401         4.7565513900        -7.6520261452
        1.0655963000         1.7000000000         1.0468740669         4.7259288605        -7.5855388210
        1.0704481000         1.7000000000         1.0341124326         4.6953063310        -7.9179754422
        1.0755043000         1.7000000000         1.0443217401         4.6621319240        -7.6520261452
        1.0806141000         1.7000000000         1.0392170863         4.6340612719        -7.7850007937
        1.0856532000         1.7000000000         1.0443217401         4.6085424974        -7.6520261452
        1.0905750000         1.7000000000         1.0366647595         4.5728162129        -7.8514881179
        1.0955253000         1.7000000000         1.0315601058         4.5370899285        -7.9844627664
        1.1004967000         1.7000000000         1.0341124326         4.5064673990        -7.9179754422
        1.1055546000         1.7000000000         1.0468740669         4.4758448695        -7.5855388210
        1.1105589000         1.7000000000         1.0009321835         4.4426704625        -8.7823106571
        1.1156369000         1.7000000000         1.0392170863         4.4145998105        -7.7850007937
        1.1205257000         1.7000000000         1.0315601058         4.3788735260        -7.9844627664
        1.1255303000         1.7000000000         1.0545310475         4.3610103838        -7.3860768483
        1.1305456000         1.7000000000         1.0239031252         4.3150765896        -8.1839247391
        1.1355793000         1.7000000000         1.0417694132         4.2972134474        -7.7185134695
        1.1405025000         1.7000000000         1.0264554521         4.2614871629        -8.1174374148
        1.1455622000         1.7000000000         1.0468740669         4.2308646334        -7.5855388210
        1.1505803000         1.7000000000         1.0239031252         4.2053458588        -8.1839247391
        1.1555354000         1.7000000000         1.0366647595         4.1619639420        -7.8514881179
        1.1606496000         1.7000000000         1.0187984715         4.1364451674        -8.3168993875
        1.1655042000         1.7000000000         1.0443217401         4.1058226379        -7.6520261452
        1.1705777000         1.7000000000         1.0187984715         4.0752001084        -8.3168993875
        1.1755012000         1.7000000000         1.0443217401         4.0471294564        -7.6520261452
        1.1804623000         1.7000000000         1.0162461446         4.0114031719        -8.3833867117
        1.1855111000         1.7000000000         1.0468740669         3.9833325199        -7.5855388210
        1.1907394000         1.7000000000         1.0187984715         3.9476062355        -8.3168993875
        1.1954685000         1.7000000000         1.0468740669         3.9169837060        -7.5855388210
        1.2005230000         1.7000000000         1.0366647595         3.8940168088        -7.8514881179
        1.2055200000         1.7000000000         1.0341124326         3.8506348920        -7.9179754422
        1.2105793000         1.7000000000         1.0264554521         3.8251161174        -8.1174374148
        1.2155310000         1.7000000000         1.0187984715         3.7868379556        -8.3168993875
        1.2206142000         1.7000000000         1.0366647595         3.7689748133        -7.8514881179
        1.2255504000         1.7000000000         1.0443217401         3.7383522838        -7.6520261452
        1.2304964000         1.7000000000         1.0034845104         3.6949703670        -8.7158233329
        1.2355677000         1.7000000000         1.0213507983         3.6694515924        -8.2504120633
        1.2405467000         1.7000000000         1.0315601058         3.6362771855        -7.9844627664
        1.2454916000         1.7000000000         1.0315601058         3.6005509010        -7.9844627664
        1.2506870000         1.7000000000         1.0136938178         3.5673764941        -8.4498740360
        1.2554892000         1.7000000000         1.0290077789         3.5393058420        -8.0509500906
        1.2604963000         1.7000000000         1.0417694132         3.5163389449        -7.7185134695
        1.2655233000         1.7000000000         1.0264554521         3.4780607830        -8.1174374148
        1.2705750000         1.7000000000         1.0187984715         3.4474382535        -8.3168993875
        1.2755543000         1.7000000000         1.0290077789         3.4193676015        -8.0509500906
        1.2805466000         1.7000000000         1.0366647595         3.3964007043        -7.8514881179
        1.2855355000         1.7000000000         1.0239031252         3.3530187875        -8.1839247391
        1.2905421000         1.7000000000         1.0213507983         3.3300518904        -8.2504120633
        1.2955549000         1.7000000000         1.0315601058         3.2968774834        -7.9844627664
        1.3005434000         1.7000000000         1.0443217401         3.2713587088        -7.6520261452
        1.3055571000         1.7000000000         1.0162461446         3.2356324244        -8.3833867117
        1.3105437000         1.7000000000         1.0239031252         3.2101136498        -8.1839247391
        1.3156151000         1.7000000000         1.0315601058         3.1692836105        -7.9844627664
        1.3205565000         1.7000000000         1.0443217401         3.1463167133        -7.6520261452
        1.3254808000         1.7000000000         1.0213507983         3.1182460613        -8.2504120633
        1.3305444000         1.7000000000         1.0290077789         3.0850716543        -8.0509500906
        1.3356745000         1.7000000000         1.0315601058         3.0467934924        -7.9844627664
        1.3406901000         1.7000000000         1.0341124326         3.0238265953        -7.9179754422
        1.3455701000         1.7000000000         1.0239031252         2.9906521883        -8.1839247391
        1.3506315000         1.7000000000         1.0468740669         2.9447183941        -7.5855388210
        1.3555568000         1.7000000000         1.0239031252         2.9268552519        -8.1839247391
        1.3606084000         1.7000000000         1.0136938178         2.8885770900        -8.4498740360
        1.3655082000         1.7000000000         1.0213507983         2.8502989281        -8.2504120633
        1.3706605000         1.7000000000         1.0290077789         2.8298839084        -8.0509500906
        1.3755763000         1.7000000000         1.0315601058         2.7916057465        -7.9844627664
        1.3806065000         1.7000000000         1.0239031252         2.7686388494        -8.1839247391
        1.3856181000         1.7000000000         1.0187984715         2.7303606875        -8.3168993875
        1.3905634000         1.7000000000         1.0239031252         2.6971862806        -8.1839247391
        1.3955569000         1.7000000000         1.0341124326         2.6665637511        -7.9179754422
        1.4005117000         1.7000000000         1.0060368372         2.6359412215        -8.6493360086
        1.4055708000         1.7000000000         1.0239031252         2.6053186920        -8.1839247391
        1.4105012000         1.7000000000         1.0136938178         2.5721442851        -8.4498740360
        1.4155290000         1.7000000000         1.0366647595         2.5466255105        -7.8514881179
        1.4205159000         1.7000000000         1.0111414909         2.5057954711        -8.5163613602
        1.4255033000         1.7000000000         1.0187984715         2.4751729416        -8.3168993875
        1.4305101000         1.7000000000         1.0187984715         2.4419985347        -8.3168993875
        1.4354675000         1.7000000000         1.0596357012         2.4190316375        -7.2531021999
        1.4404649000         1.7000000000         1.0162461446         2.3782015982        -8.3833867117
        1.4455578000         1.7000000000         1.0213507983         2.3424753138        -8.2504120633
        1.4505000000         1.7000000000         1.0085891641         2.3118527843        -8.5828486844
        1.4555262000         1.7000000000         1.0290077789         2.2812302547        -8.0509500906
        1.4604940000         1.7000000000         1.0239031252         2.2506077252        -8.1839247391
        1.4654964000         1.7000000000         1.0187984715         2.2123295633        -8.3168993875
        1.4705171000         1.7000000000         1.0085891641         2.1842589113        -8.5828486844
        1.4754982000         1.7000000000         1.0417694132         2.1638438916        -7.7185134695
        1.4805814000         1.7000000000         1.0213507983         2.1306694847        -8.2504120633
        1.4856577000         1.7000000000         1.0290077789         2.0949432002        -8.0509500906
        1.4906467000         1.7000000000         1.0341124326         2.0617687933        -7.9179754422
        1.4955873000         1.7000000000         1.0085891641         2.0260425088        -8.5828486844
        1.5005322000         1.7000000000         1.0264554521         1.9928681019        -8.1174374148
        1.5055907000         1.7000000000         1.0366647595         1.9647974498        -7.8514881179
        1.5105236000         1.7000000000         1.0187984715         1.9341749203        -8.3168993875
        1.5154428000         1.7000000000         1.0264554521         1.9086561457        -8.1174374148
        1.5205531000         1.7000000000         1.0187984715         1.8754817388        -8.3168993875
        1.5256194000         1.7000000000         1.0315601058         1.8525148416        -7.9844627664
        1.5306063000         1.7000000000         1.0239031252         1.8167885572        -8.1839247391
        1.5356564000         1.7000000000         1.0392170863         1.7938216601        -7.7850007937
        1.5406411000         1.7000000000         1.0187984715         1.7606472531        -8.3168993875
        1.5456249000         1.7000000000         1.0341124326         1.7300247236        -7.9179754422
        1.5507016000         1.7000000000         1.0264554521         1.6994021941        -8.1174374148
        1.5556420000         1.7000000000         1.0341124326         1.6687796646        -7.9179754422
        1.5604628000         1.7000000000         1.0392170863         1.6458127674        -7.7850007937
        1.5654940000         1.7000000000         1.0315601058         1.6075346056        -7.9844627664
        1.5705763000         1.7000000000         1.0341124326         1.5820158310        -7.9179754422
        1.5755865000         1.7000000000         1.0443217401         1.5513933015        -7.6520261452
        1.5805802000         1.7000000000         1.0545310475         1.5182188945        -7.3860768483
        1.5855781000         1.7000000000         1.0341124326         1.4927001199        -7.9179754422
        1.5905349000         1.7000000000         1.0366647595         1.4671813453        -7.8514881179
        1.5955781000         1.7000000000         1.0264554521         1.4263513060        -8.1174374148
        1.6006098000         1.7000000000         1.0366647595         1.4033844088        -7.8514881179
        1.6055642000         1.7000000000         1.0417694132         1.3702100019        -7.7185134695
        1.6105607000         1.7000000000         1.0264554521         1.3395874724        -8.1174374148
        1.6154358000         1.7000000000         1.0392170863         1.3115168203        -7.7850007937
        1.6205030000         1.7000000000         1.0417694132         1.2834461683        -7.7185134695
        1.6254837000         1.7000000000         1.0392170863         1.2553755162        -7.7850007937
        1.6305518000         1.7000000000         1.0468740669         1.2273048642        -7.5855388210
        1.6355610000         1.7000000000         1.0366647595         1.1915785797        -7.8514881179
        1.6405276000         1.7000000000         1.0392170863         1.1737154375        -7.7850007937
        1.6455333000         1.7000000000         1.0468740669         1.1430929080        -7.5855388210
        1.6504094000         1.7000000000         1.0417694132         1.1022628687        -7.7185134695
        1.6553932000         1.7000000000         1.0468740669         1.0895034814        -7.5855388210
        1.6605833000         1.7000000000         1.0290077789         1.0461215646        -8.0509500906
        1.6654506000         1.7000000000         1.0443217401         1.0257065449        -7.6520261452
        1.6705102000         1.7000000000         1.0494263938         0.9976358929        -7.5190514968
        1.6754206000         1.7000000000         1.0468740669         0.9721171183        -7.5855388210
        1.6805445000         1.7000000000         1.0315601058         0.9338389564        -7.9844627664
        1.6855717000         1.7000000000         1.0519787206         0.9083201818        -7.4525641726
        1.6905365000         1.7000000000         1.0468740669         0.8700420199        -7.5855388210
        1.6955401000         1.7000000000         1.0519787206         0.8521788777        -7.4525641726
        1.7005669000         1.7000000000         1.0545310475         0.8241082257        -7.3860768483
        1.7055441000         1.7000000000         1.0392170863         0.7832781863        -7.7850007937
        1.7104763000         1.7000000000         1.0468740669         0.7679669216        -7.5855388210
        1.7154383000         1.7000000000         1.0392170863         0.7220331273        -7.7850007937
        1.7205931000         1.7000000000         1.0417694132         0.6990662302        -7.7185134695
        1.7255074000         1.7000000000         1.0570833743         0.6735474556        -7.3195895241
        1.7306788000         1.7000000000         1.0417694132         0.6378211711        -7.7185134695
        1.7355766000         1.7000000000         1.0443217401         0.6071986416        -7.6520261452
        1.7406069000         1.7000000000         1.0366647595         0.5791279896        -7.8514881179
        1.7456111000         1.7000000000         1.0494263938         0.5485054601        -7.5190514968
        1.7505999000         1.7000000000         1.0417694132         0.5178829306        -7.7185134695
        1.7556584000         1.7000000000         1.0570833743         0.4949160334        -7.3195895241
        1.7606379000         1.7000000000         1.0366647595         0.4617416265        -7.8514881179
        1.7654844000         1.7000000000         1.0392170863         0.4285672195        -7.7850007937
        1.7706571000         1.7000000000         1.0417694132         0.3928409351        -7.7185134695
        1.7756619000         1.7000000000         1.0417694132         0.3673221605        -7.7185134695
        1.7806444000         1.7000000000         1.0494263938         0.3469071408        -7.5190514968
        1.7856370000         1.7000000000         1.0239031252         0.3137327338        -8.1839247391
        1.7906525000         1.7000000000         1.0417694132         0.2754545720        -7.7185134695
        1.7956644000         1.7000000000         1.0698450086         0.2473839199        -6.9871529030
        1.8006367000         1.7000000000         1.0315601058         0.2167613904        -7.9844627664
        1.8055697000         1.7000000000         1.0392170863         0.1810351060        -7.7850007937
        1.8105862000         1.7000000000         1.0392170863         0.1504125765        -7.7850007937
        1.8155314000         1.7000000000         1.0290077789         0.1197900470        -8.0509500906
        1.8205813000         1.7000000000         1.0392170863         0.0942712724        -7.7850007937
        1.8255625000         1.7000000000         1.0290077789         0.0610968654        -8.0509500906
        1.8305237000         1.7000000000         1.0366647595         0.0279224584        -7.8514881179
        1.8355810000         1.7000000000         1.0341124326         0.0075074388        -7.9179754422
        1.8405523000         1.7000000000         1.0468740669         0.0024036839        -7.5855388210
        1.8456190000         1.7000000000         1.0290077789        -0.0052519485        -8.0509500906
        1.8506491000         1.7000000000         1.0519787206         0.0100593162        -7.4525641726
        1.8556031000         1.7000000000         1.0366647595         1.1099185011        -7.8514881179
        1.8606236000         1.7000000000         1.0392170863         1.1048147461        -7.7850007937
        1.8654700000         1.7000000000         1.0264554521         4.9989797486        -8.1174374148
        1.8705440000         1.7000000000         1.0494263938         5.0066353810        -7.5190514968
        1.8755416000         1.7000000000         1.0341124326         5.0066353810        -7.9179754422
        1.8806084000         1.7000000000         1.0545310475         5.0091872584        -7.3860768483
        1.8855027000         1.7000000000         1.0392170863         5.0066353810        -7.7850007937
        1.8905293000         1.7000000000         1.0494263938         4.9785647289        -7.5190514968
        1.8956642000         1.7000000000         1.0239031252         4.9453903219        -8.1839247391
        1.9005755000         1.7000000000         1.0468740669         4.9198715474        -7.5855388210
        1.9055004000         1.7000000000         1.0290077789         4.8841452629        -8.0509500906
        1.9106687000         1.7000000000         1.0392170863         4.8637302433        -7.7850007937
        1.9155826000         1.7000000000         1.0392170863         4.8203483265        -7.7850007937
        1.9205800000         1.7000000000         1.0392170863         4.7897257969        -7.7850007937
        1.9255155000         1.7000000000         1.0392170863         4.7667588998        -7.7850007937
        1.9305948000         1.7000000000         1.0392170863         4.7310326154        -7.7850007937
        1.9355360000         1.7000000000         1.0366647595         4.6902025760        -7.8514881179
        1.9405878000         1.7000000000         1.0519787206         4.6697875564        -7.4525641726
        1.9459159000         1.7000000000         1.0315601058         4.6289575170        -7.9844627664
        1.9506052000         1.7000000000         1.0341124326         4.5957831101        -7.9179754422
        1.9555531000         1.7000000000         1.0290077789         4.5651605806        -8.0509500906
        1.9606666000         1.7000000000         1.0443217401         4.5472974383        -7.6520261452
        1.9655122000         1.7000000000         1.0239031252         4.5039155215        -8.1839247391
        1.9705748000         1.7000000000         1.0341124326         4.4707411146        -7.9179754422
        1.9755879000         1.7000000000         1.0315601058         4.4426704625        -7.9844627664
        1.9806688000         1.7000000000         1.0392170863         4.4222554428        -7.7850007937
        1.9856387000         1.7000000000         1.0187984715         4.3763216486        -8.3168993875
        1.9906409000         1.7000000000         1.0494263938         4.3584585064        -7.5190514968
        1.9956165000         1.7000000000         1.0239031252         4.3150765896        -8.1839247391
        2.0006395000         1.7000000000         1.0213507983         4.2844540601        -8.2504120633
        2.0056177000         1.7000000000         1.0290077789         4.2589352855        -8.0509500906
        2.0105851000         1.7000000000         1.0443217401         4.2283127560        -7.6520261452
        2.0154739000         1.7000000000         1.0162461446         4.1951383490        -8.3833867117
        2.0206676000         1.7000000000         1.0392170863         4.1670676969        -7.7850007937
        2.0256655000         1.7000000000         1.0264554521         4.1287895351        -8.1174374148
        2.0306881000         1.7000000000         1.0392170863         4.1007188830        -7.7850007937
        2.0356528000         1.7000000000         1.0239031252         4.0752001084        -8.1839247391
        2.0406602000         1.7000000000         1.0392170863         4.0445775789        -7.7850007937
        2.0456494000         1.7000000000         1.0290077789         4.0114031719        -8.0509500906
        2.0505770000         1.7000000000         1.0494263938         3.9858843974        -7.5190514968
        2.0556469000         1.7000000000         1.0213507983         3.9450543580        -8.2504120633
        2.0606567000         1.7000000000         1.0187984715         3.9118799510        -8.3168993875
        2.0654679000         1.7000000000         1.0392170863         3.8940168088        -7.7850007937
        2.0705986000         1.7000000000         1.0443217401         3.8557386469        -7.6520261452
        2.0756225000         1.7000000000         1.0162461446         3.8225642400        -8.3833867117
        2.0805822000         1.7000000000         1.0341124326         3.7944935879        -7.9179754422
        2.0856643000         1.7000000000         1.0341124326         3.7689748133        -7.9179754422
        2.0905510000         1.7000000000         1.0417694132         3.7383522838        -7.7185134695
        2.0955603000         1.7000000000         1.0213507983         3.7026259994        -8.2504120633
        2.1005757000         1.7000000000         1.0392170863         3.6796591023        -7.7850007937
        2.1054845000         1.7000000000         1.0187984715         3.6362771855        -8.3168993875
        2.1105373000         1.7000000000         1.0315601058         3.6056546560        -7.9844627664
        2.1155533000         1.7000000000         1.0341124326         3.5826877588        -7.9179754422
        2.1206372000         1.7000000000         1.0085891641         3.5495133519        -8.5828486844
        2.1256058000         1.7000000000         1.0392170863         3.5137870674        -7.7850007937
        2.1306093000         1.7000000000         1.0239031252         3.4882682929        -8.1839247391
        2.1356107000         1.7000000000         1.0213507983         3.4550938859        -8.2504120633
        2.1405760000         1.7000000000         1.0315601058         3.4295751113        -7.9844627664
        2.1456468000         1.7000000000         1.0392170863         3.3964007043        -7.7850007937
        2.1505738000         1.7000000000         1.0290077789         3.3734338072        -8.0509500906
        2.1556454000         1.7000000000         1.0315601058         3.3428112777        -7.9844627664
        2.1604974000         1.7000000000         1.0162461446         3.2943256060        -8.3833867117
        2.1654974000         1.7000000000         1.0417694132         3.2713587088        -7.7185134695
        2.1705259000         1.7000000000         1.0187984715         3.2458399342        -8.3168993875
        2.1756791000         1.7000000000         1.0290077789         3.2075617724        -8.0509500906
        2.1805713000         1.7000000000         1.0239031252         3.1769392429        -8.1839247391
        2.1856590000         1.7000000000         1.0264554521         3.1437648359        -8.1174374148
        2.1905780000         1.7000000000         1.0315601058         3.1131423064        -7.9844627664
        2.1955965000         1.7000000000         1.0239031252         3.0901754092        -8.1839247391
        2.2006717000         1.7000000000         1.0264554521         3.0518972474        -8.1174374148
        2.2055481000         1.7000000000         1.0392170863         3.0238265953        -7.7850007937
        2.2106715000         1.7000000000         1.0239031252         2.9906521883        -8.1839247391
        2.2155521000         1.7000000000         1.0187984715         2.9600296588        -8.3168993875
        2.2204775000         1.7000000000         1.0213507983         2.9217514970        -8.2504120633
        2.2255969000         1.7000000000         1.0239031252         2.8911289674        -8.1839247391
        2.2305728000         1.7000000000         1.0187984715         2.8579545605        -8.3168993875
        2.2354866000         1.7000000000         1.0187984715         2.8273320310        -8.3168993875
        2.2408440000         1.7000000000         1.0366647595         2.8069170113        -7.8514881179
        2.2456116000         1.7000000000         1.0341124326         2.7762944818        -7.9179754422
        2.2509444000         1.7000000000         1.0341124326         2.7354644424        -7.9179754422
        2.2556548000         1.7000000000         1.0162461446         2.7073937904        -8.3833867117
        2.2606539000         1.7000000000         1.0443217401         2.6844268933        -7.6520261452
        2.2655315000         1.7000000000         1.0187984715         2.6461487314        -8.3168993875
        2.2705642000         1.7000000000         1.0392170863         2.6231818342        -7.7850007937
        2.2755793000         1.7000000000         1.0290077789         2.5900074273        -8.0509500906
        2.2806847000         1.7000000000         1.0290077789         2.5517292654        -8.0509500906
        2.2855581000         1.7000000000         1.0085891641         2.5160029810        -8.5828486844
        2.2906951000         1.7000000000         1.0443217401         2.4955879613        -7.6520261452
        2.2955756000         1.7000000000         1.0111414909         2.4547579220        -8.5163613602
        2.3005369000         1.7000000000         1.0315601058         2.4292391474        -7.9844627664
        2.3054870000         1.7000000000         1.0136938178         2.3884091080        -8.4498740360
        2.3105486000         1.7000000000         1.0264554521         2.3628903334        -8.1174374148
        2.3154763000         1.7000000000         1.0085891641         2.3246121715        -8.5828486844
        2.3206915000         1.7000000000         1.0366647595         2.2965415195        -7.8514881179
        2.3256829000         1.7000000000         1.0264554521         2.2684708674        -8.1174374148
        2.3307217000         1.7000000000         1.0264554521         2.2378483379        -8.1174374148
        2.3355751000         1.7000000000         1.0315601058         2.2072258084        -7.9844627664
        2.3406591000         1.7000000000         1.0213507983         2.1740514015        -8.2504120633
        2.3455896000         1.7000000000         1.0392170863         2.1536363818        -7.7850007937
        2.3506452000         1.7000000000         1.0136938178         2.1102544650        -8.4498740360
        2.3555738000         1.7000000000         1.0417694132         2.0847356904        -7.7185134695
        2.3605702000         1.7000000000         1.0239031252         2.0515612834        -8.1839247391
        2.3655891000         1.7000000000         1.0264554521         2.0132831215        -8.1174374148
        2.3705718000         1.7000000000         1.0468740669         1.9928681019        -7.5855388210
        2.3755457000         1.7000000000         1.0468740669         1.9647974498        -7.5855388210
        2.3806482000         1.7000000000         1.0264554521         1.9239674105        -8.1174374148
        2.3855617000         1.7000000000         1.0341124326         1.9010005134        -7.9179754422
        2.3906376000         1.7000000000         1.0417694132         1.8703779838        -7.7185134695
        2.3956470000         1.7000000000         1.0315601058         1.8372035769        -7.9844627664
        2.4006456000         1.7000000000         1.0341124326         1.8167885572        -7.9179754422
        2.4055268000         1.7000000000         1.0443217401         1.7912697826        -7.6520261452
        2.4105389000         1.7000000000         1.0392170863         1.7478878658        -7.7850007937
        2.4155174000         1.7000000000         1.0417694132         1.7249209687        -7.7185134695
        2.4206481000         1.7000000000         1.0417694132         1.6968503166        -7.7185134695
        2.4256451000         1.7000000000         1.0417694132         1.6611240322        -7.7185134695
        2.4305970000         1.7000000000         1.0494263938         1.6458127674        -7.5190514968
        2.4356638000         1.7000000000         1.0468740669         1.6177421154        -7.5855388210
        2.4406787000         1.7000000000         1.0570833743         1.5896714634        -7.3195895241
        2.4455282000         1.7000000000         1.0545310475         1.5590489338        -7.3860768483
        2.4505861000         1.7000000000         1.0723973355         1.5309782818        -6.9206655788
        2.4555345000         1.7000000000         1.0443217401         1.4978038748        -7.6520261452
        2.4606469000         1.7000000000         1.0494263938         1.4671813453        -7.5190514968
        2.4654913000         1.7000000000         1.0468740669         1.4365588158        -7.5855388210
        2.4705092000         1.7000000000         1.0545310475         1.4161437961        -7.3860768483
        2.4754679000         1.7000000000         1.0468740669         1.3753137568        -7.5855388210
        2.4804570000         1.7000000000         1.0417694132         1.3625543695        -7.7185134695
        2.4855616000         1.7000000000         1.0468740669         1.3217243302        -7.5855388210
        2.4904988000         1.7000000000         1.0341124326         1.2936536781        -7.9179754422
        2.4959573000         1.7000000000         1.0468740669         1.2681349035        -7.5855388210
        2.5004764000         1.7000000000         1.0417694132         1.2400642515        -7.7185134695
        2.5054452000         1.7000000000         1.0596357012         1.2196492318        -7.2531021999
        2.5105187000         1.7000000000         1.0519787206         1.1915785797        -7.4525641726
        2.5155589000         1.7000000000         1.0519787206         1.1635079277        -7.4525641726
        2.5205255000         1.7000000000         1.0519787206         1.1303335207        -7.4525641726
        2.5255325000         1.7000000000         1.0494263938         1.0971591138        -7.5190514968
        2.5305095000         1.7000000000         1.0545310475         1.0716403392        -7.3860768483
        2.5355452000         1.7000000000         1.0392170863         1.0410178097        -7.7850007937
        2.5406029000         1.7000000000         1.0519787206         1.0154990351        -7.4525641726
        2.5455260000         1.7000000000         1.0443217401         0.9899802605        -7.6520261452
        2.5504901000         1.7000000000         1.0596357012         0.9568058535        -7.2531021999
        2.5555563000         1.7000000000         1.0417694132         0.9287352015        -7.7185134695
        2.5605686000         1.7000000000         1.0545310475         0.9032164269        -7.3860768483
        2.5654657000         1.7000000000         1.0596357012         0.8802495297        -7.2531021999
        2.5705122000         1.7000000000         1.0723973355         0.8547307552        -6.9206655788
        2.5754064000         1.7000000000         1.0417694132         0.8215563482        -7.7185134695
        2.5804727000         1.7000000000         1.0494263938         0.7807263088        -7.5190514968
        2.5854602000         1.7000000000         1.0545310475         0.7603112892        -7.3860768483
        2.5904544000         1.7000000000         1.0545310475         0.7322406371        -7.3860768483
        2.5954946000         1.7000000000         1.0545310475         0.7041699851        -7.3860768483
        2.6004726000         1.7000000000         1.0494263938         0.6684437007        -7.5190514968
        2.6054423000         1.7000000000         1.0570833743         0.6505805584        -7.3195895241
        2.6104835000         1.7000000000         1.0647403549         0.6225099064        -7.1201275514
        2.6154368000         1.7000000000         1.0519787206         0.5816798670        -7.4525641726
        2.6205394000         1.7000000000         1.0519787206         0.5587129699        -7.4525641726
        2.6254779000         1.7000000000         1.0519787206         0.5306423179        -7.4525641726
        2.6304382000         1.7000000000         1.0596357012         0.5000197884        -7.2531021999
        2.6355593000         1.7000000000         1.0545310475         0.4693972588        -7.3860768483
        2.6404557000         1.7000000000         1.0315601058         0.4387747293        -7.9844627664
        2.6454427000         1.7000000000         1.0570833743         0.4132559548        -7.3195895241
        2.6505283000         1.7000000000         1.0494263938         0.3826334252        -7.5190514968
        2.6555198000         1.7000000000         1.0519787206         0.3545627732        -7.4525641726
        2.6604973000         1.7000000000         1.0494263938         0.3290439986        -7.5190514968
        2.6655887000         1.7000000000         1.0443217401         0.2958695916        -7.6520261452
        2.6705664000         1.7000000000         1.0392170863         0.2601433072        -7.7850007937
        2.6754764000         1.7000000000         1.0417694132         0.2397282875        -7.7185134695
        2.6805091000         1.7000000000         1.0239031252         0.1963463707        -8.1839247391
        2.6854655000         1.7000000000         1.0468740669         0.1708275961        -7.5855388210
        2.6905189000         1.7000000000         1.0187984715         0.1325494343        -8.3168993875
        2.6954794000         1.7000000000         1.0392170863         0.1019269048        -7.7850007937
        2.7005193000         1.7000000000         1.0239031252         0.0764081302        -8.1839247391
        2.7054263000         1.7000000000         1.0468740669         0.0534412330        -7.5855388210
        2.7104002000         1.7000000000         1.0443217401         0.0177149486        -7.6520261452
        2.7154341000         1.7000000000         1.0315601058         0.0024036839        -7.9844627664
        2.7204464000         1.7000000000         1.0315601058        -0.0027000711        -7.9844627664
        2.7254861000         1.7000000000         1.0341124326        -0.0001481936        -7.9179754422
        2.7304188000         1.7000000000         1.0290077789        -0.0027000711        -8.0509500906
        2.7354927000         1.7000000000         1.0417694132         1.0946072363        -7.7185134695
        2.7404556000         1.7000000000         1.0213507983         1.0946072363        -8.2504120633
        2.7455524000         1.7000000000         1.0366647595         5.0040835035        -7.8514881179
        2.7504386000         1.7000000000         1.0341124326         5.0015316260        -7.9179754422
        2.7554362000         1.7000000000         1.0519787206         5.0091872584        -7.4525641726
        2.7604377000         1.7000000000         1.0162461446         5.0066353810        -8.3833867117
        2.7654410000         1.7000000000         1.0519787206         4.9938759937        -7.4525641726
        2.7704569000         1.7000000000         1.0315601058         4.9581497092        -7.9844627664
        2.7755138000         1.7000000000         1.0341124326         4.9224234248        -7.9179754422
        2.7804799000         1.7000000000         1.0264554521         4.8969046502        -8.1174374148
        2.7855859000         1.7000000000         1.0264554521         4.8586264883        -8.1174374148
        2.7904895000         1.7000000000         1.0315601058         4.8356595912        -7.9844627664
        2.7954471000         1.7000000000         1.0392170863         4.7948295519        -7.7850007937
        2.8004835000         1.7000000000         1.0264554521         4.7667588998        -8.1174374148
        2.8055381000         1.7000000000         1.0315601058         4.7310326154        -7.9844627664
        2.8104423000         1.7000000000         1.0213507983         4.6978582084        -8.2504120633
        2.8155915000         1.7000000000         1.0341124326         4.6697875564        -7.9179754422
        2.8204231000         1.7000000000         1.0239031252         4.6289575170        -8.1839247391
        2.8253972000         1.7000000000         1.0315601058         4.5983349875        -7.9844627664
        2.8305750000         1.7000000000         1.0366647595         4.5728162129        -7.8514881179
        2.8355439000         1.7000000000         1.0315601058         4.5421936834        -7.9844627664
        2.8405508000         1.7000000000         1.0264554521         4.5064673990        -8.1174374148
        2.8455814000         1.7000000000         1.0290077789         4.4809486244        -8.0509500906
        2.8505531000         1.7000000000         1.0366647595         4.4528779724        -7.8514881179
        2.8555610000         1.7000000000         1.0366647595         4.4120479330        -7.8514881179
        2.8605791000         1.7000000000         1.0162461446         4.3788735260        -8.3833867117
        2.8655474000         1.7000000000         1.0315601058         4.3508028740        -7.9844627664
        2.8705798000         1.7000000000         1.0519787206         4.3278359769        -7.4525641726
        2.8755599000         1.7000000000         1.0136938178         4.2844540601        -8.4498740360
        2.8804713000         1.7000000000         1.0162461446         4.2538315306        -8.3833867117
        2.8854927000         1.7000000000         1.0417694132         4.2283127560        -7.7185134695
        2.8904251000         1.7000000000         1.0290077789         4.1976902265        -8.0509500906
        2.8954794000         1.7000000000         1.0085891641         4.1594120646        -8.5828486844
        2.9004189000         1.7000000000         1.0417694132         4.1415489224        -7.7185134695
        2.9054537000         1.7000000000         1.0341124326         4.1032707605        -7.9179754422
        2.9104860000         1.7000000000         1.0136938178         4.0700963535        -8.4498740360
        2.9154505000         1.7000000000         1.0392170863         4.0445775789        -7.7850007937
        2.9204287000         1.7000000000         1.0264554521         4.0062994170        -8.1174374148
        2.9254330000         1.7000000000         1.0494263938         3.9731250101        -7.5190514968
        2.9305162000         1.7000000000         1.0187984715         3.9425024806        -8.3168993875
        2.9354206000         1.7000000000         1.0162461446         3.9067761961        -8.3833867117
        2.9406021000         1.7000000000         1.0290077789         3.8838092990        -8.0509500906
        2.9455619000         1.7000000000         1.0239031252         3.8429792597        -8.1839247391
        2.9504420000         1.7000000000         1.0136938178         3.8149086076        -8.4498740360
        2.9554820000         1.7000000000         1.0111414909         3.7868379556        -8.5163613602
        2.9605332000         1.7000000000         1.0392170863         3.7638710584        -7.7850007937
        2.9655038000         1.7000000000         1.0290077789         3.7306966515        -8.0509500906
        2.9706550000         1.7000000000         1.0136938178         3.6898666121        -8.4498740360
        2.9755253000         1.7000000000         1.0187984715         3.6592440826        -8.3168993875
        2.9804988000         1.7000000000         1.0290077789         3.6260696756        -8.0509500906
        2.9855199000         1.7000000000         1.0009321835         3.5928952687        -8.7823106571
        2.9905027000         1.7000000000         1.0213507983         3.5622727392        -8.2504120633
        2.9954902000         1.7000000000         1.0136938178         3.5290983322        -8.4498740360
        3.0006490000         1.7000000000         1.0290077789         3.5010276801        -8.0509500906
        3.0055739000         1.7000000000         1.0085891641         3.4627495183        -8.5828486844
        3.0104492000         1.7000000000         1.0187984715         3.4346788662        -8.3168993875
        3.0156204000         1.7000000000         1.0136938178         3.4015044592        -8.4498740360
        3.0205481000         1.7000000000         1.0366647595         3.3785375621        -7.8514881179
        3.0255192000         1.7000000000         1.0162461446         3.3428112777        -8.3833867117
        3.0304686000         1.7000000000         1.0213507983         3.3096368707        -8.2504120633
        3.0355897000         1.7000000000         1.0315601058         3.2790143412        -7.9844627664
        3.0407384000         1.7000000000         1.0136938178         3.2509436892        -8.4498740360
        3.0456385000         1.7000000000         1.0136938178         3.2101136498        -8.4498740360
        3.0507162000         1.7000000000         1.0366647595         3.1820429978        -7.8514881179
        3.0556469000         1.7000000000         1.0213507983         3.1514204683        -8.2504120633
        3.0606937000         1.7000000000         1.0264554521         3.1182460613        -8.1174374148
        3.0656445000         1.7000000000         1.0162461446         3.0876235318        -8.3833867117
        3.0704440000         1.7000000000         1.0162461446         3.0595528797        -8.3833867117
        3.0756167000         1.7000000000         1.0468740669         3.0314822277        -7.5855388210
        3.0805005000         1.7000000000         1.0366647595         2.9932040658        -7.8514881179
        3.0855878000         1.7000000000         1.0162461446         2.9625815363        -8.3833867117
        3.0905315000         1.7000000000         1.0341124326         2.9319590068        -7.9179754422
        3.0956203000         1.7000000000         1.0213507983         2.9013364773        -8.2504120633
        3.1011889000         1.7000000000         1.0136938178         2.8681620703        -8.4498740360
        3.1055553000         1.7000000000         1.0239031252         2.8298839084        -8.1839247391
        3.1105468000         1.7000000000         1.0187984715         2.8043651338        -8.3168993875
        3.1155036000         1.7000000000         1.0162461446         2.7737426043        -8.3833867117
        3.1205269000         1.7000000000         1.0239031252         2.7354644424        -8.1839247391
        3.1255997000         1.7000000000         1.0085891641         2.7022900355        -8.5828486844
        3.1305803000         1.7000000000         1.0468740669         2.6818750158        -7.5855388210
        3.1357184000         1.7000000000         1.0162461446         2.6435968539        -8.3833867117
        3.1406226000         1.7000000000         1.0162461446         2.6129743244        -8.3833867117
        3.1455971000         1.7000000000         1.0239031252         2.5874555498        -8.1839247391
        3.1505978000         1.7000000000         1.0290077789         2.5517292654        -8.0509500906
        3.1555658000         1.7000000000         1.0187984715         2.5236586133        -8.3168993875
        3.1604945000         1.7000000000         1.0136938178         2.4802766965        -8.4498740360
        3.1655240000         1.7000000000         1.0162461446         2.4471022896        -8.3833867117
        3.1706150000         1.7000000000         1.0213507983         2.4215835150        -8.2504120633
        3.1756775000         1.7000000000         1.0162461446         2.3935128629        -8.3833867117
        3.1806305000         1.7000000000         1.0213507983         2.3552347011        -8.2504120633
        3.1856840000         1.7000000000         1.0136938178         2.3220602941        -8.4498740360
        3.1906577000         1.7000000000         1.0290077789         2.2939896420        -8.0509500906
        3.1956517000         1.7000000000         1.0239031252         2.2582633576        -8.1839247391
        3.2006881000         1.7000000000         1.0290077789         2.2352964605        -8.0509500906
        3.2055792000         1.7000000000         1.0264554521         2.1970182986        -8.1174374148
        3.2106490000         1.7000000000         1.0290077789         2.1663957691        -8.0509500906
        3.2156974000         1.7000000000         1.0239031252         2.1332213621        -8.1839247391
        3.2206722000         1.7000000000         1.0315601058         2.1128063424        -7.9844627664
        3.2256023000         1.7000000000         1.0468740669         2.0745281806        -7.5855388210
        3.2306290000         1.7000000000         1.0264554521         2.0439056511        -8.1174374148
        3.2356363000         1.7000000000         1.0417694132         2.0107312441        -7.7185134695
        3.2406179000         1.7000000000         1.0341124326         1.9826605920        -7.9179754422
        3.2455584000         1.7000000000         1.0468740669         1.9545899400        -7.5855388210
        3.2506233000         1.7000000000         1.0290077789         1.9290711654        -8.0509500906
        3.2555689000         1.7000000000         1.0468740669         1.8933448810        -7.5855388210
        3.2606598000         1.7000000000         1.0443217401         1.8729298613        -7.6520261452
        3.2656741000         1.7000000000         1.0392170863         1.8372035769        -7.7850007937
        3.2705678000         1.7000000000         1.0366647595         1.8142366797        -7.8514881179
        3.2755759000         1.7000000000         1.0468740669         1.7887179052        -7.5855388210
        3.2805569000         1.7000000000         1.0519787206         1.7606472531        -7.4525641726
        3.2856244000         1.7000000000         1.0468740669         1.7249209687        -7.5855388210
        3.2905943000         1.7000000000         1.0494263938         1.7070578265        -7.5190514968
        3.2955942000         1.7000000000         1.0341124326         1.6662277871        -7.9179754422
        3.3005859000         1.7000000000         1.0443217401         1.6432608900        -7.6520261452
        3.3055393000         1.7000000000         1.0392170863         1.6126383605        -7.7850007937
        3.3105950000         1.7000000000         1.0392170863         1.5794639535        -7.7850007937
        3.3156720000         1.7000000000         1.0494263938         1.5616008113        -7.5190514968
        3.3205821000         1.7000000000         1.0366647595         1.5207707720        -7.8514881179
        3.3254626000         1.7000000000         1.0392170863         1.5003557523        -7.7850007937
        3.3305791000         1.7000000000         1.0494263938         1.4620775904        -7.5190514968
        3.3355739000         1.7000000000         1.0443217401         1.4416625707        -7.6520261452
        3.3406127000         1.7000000000         1.0596357012         1.4161437961        -7.2531021999
        3.3455941000         1.7000000000         1.0672926818         1.3880731441        -7.0536402272
        3.3505976000         1.7000000000         1.0494263938         1.3523468597        -7.5190514968
        3.3556633000         1.7000000000         1.0392170863         1.3268280851        -7.7850007937
        3.3606191000         1.7000000000         1.0494263938         1.2936536781        -7.5190514968
        3.3656215000         1.7000000000         1.0494263938         1.2732386584        -7.5190514968
        3.3705722000         1.7000000000         1.0494263938         1.2400642515        -7.5190514968
        3.3755073000         1.7000000000         1.0519787206         1.2196492318        -7.4525641726
        3.3805827000         1.7000000000         1.0417694132         1.1788191925        -7.7185134695
        3.3857063000         1.7000000000         1.0519787206         1.1609560502        -7.4525641726
        3.3905448000         1.7000000000         1.0417694132         1.1226778884        -7.7185134695
        3.3955972000         1.7000000000         1.0468740669         1.0997109912        -7.5855388210
        3.4006058000         1.7000000000         1.0519787206         1.0741922166        -7.4525641726
        3.4054929000         1.7000000000         1.0468740669         1.0461215646        -7.5855388210
        3.4105588000         1.7000000000         1.0468740669         1.0103952802        -7.5855388210
        3.4155712000         1.7000000000         1.0596357012         0.9925321379        -7.2531021999
        3.4205797000         1.7000000000         1.0621880280         0.9593577310        -7.1866148757
        3.4255555000         1.7000000000         1.0468740669         0.9338389564        -7.5855388210
        3.4305898000         1.7000000000         1.0545310475         0.8955607945        -7.3860768483
        3.4355567000         1.7000000000         1.0494263938         0.8725938974        -7.5190514968
        3.4405776000         1.7000000000         1.0621880280         0.8470751228        -7.1866148757
        3.4456187000         1.7000000000         1.0417694132         0.8215563482        -7.7185134695
        3.4505374000         1.7000000000         1.0621880280         0.7985894511        -7.1866148757
        3.4555289000         1.7000000000         1.0570833743         0.7603112892        -7.3195895241
        3.4605746000         1.7000000000         1.0519787206         0.7398962695        -7.4525641726
        3.4657120000         1.7000000000         1.0468740669         0.6990662302        -7.5855388210
        3.4707332000         1.7000000000         1.0596357012         0.6837549654        -7.2531021999
        3.4756489000         1.7000000000         1.0621880280         0.6531324359        -7.1866148757
        3.4806021000         1.7000000000         1.0443217401         0.6174061515        -7.6520261452
        3.4856032000         1.7000000000         1.0545310475         0.5867836220        -7.3860768483
        3.4906581000         1.7000000000         1.0392170863         0.5561610925        -7.7850007937
        3.4956228000         1.7000000000         1.0545310475         0.5306423179        -7.3860768483
        3.5005699000         1.7000000000         1.0417694132         0.4974679109        -7.7185134695
        3.5056885000         1.7000000000         1.0417694132         0.4617416265        -7.7185134695
        3.5106265000         1.7000000000         1.0366647595         0.4438784843        -7.8514881179
        3.5156134000         1.7000000000         1.0494263938         0.4004965675        -7.5190514968
        3.5205696000         1.7000000000         1.0341124326         0.3724259154        -7.9179754422
        3.5255013000         1.7000000000         1.0596357012         0.3545627732        -7.2531021999
        3.5306007000         1.7000000000         1.0341124326         0.3188364888        -7.9179754422
        3.5354669000         1.7000000000         1.0468740669         0.2907658367        -7.5855388210
        3.5405624000         1.7000000000         1.0494263938         0.2652470621        -7.5190514968
        3.5454341000         1.7000000000         1.0443217401         0.2244170228        -7.6520261452
        3.5505752000         1.7000000000         1.0392170863         0.2040020031        -7.7850007937
        3.5555715000         1.7000000000         1.0468740669         0.1682757187        -7.5855388210
        3.5605926000         1.7000000000         1.0366647595         0.1427569441        -7.8514881179
        3.5656184000         1.7000000000         1.0494263938         0.1044787822        -7.5190514968
        3.5706002000         1.7000000000         1.0366647595         0.0738562527        -7.8514881179
        3.5755687000         1.7000000000         1.0443217401         0.0457856007        -7.6520261452
        3.5806381000         1.7000000000         1.0417694132         0.0228187035        -7.7185134695
        3.5854678000         1.7000000000         1.0392170863        -0.0052519485        -7.7850007937
        3.5905004000         1.7000000000         1.0519787206         0.0075074388        -7.4525641726
        3.5954494000         1.7000000000         1.0417694132        -0.0001481936        -7.7185134695
        3.6004193000         1.7000000000         1.0392170863        -0.0052519485        -7.7850007937
        3.6054499000         1.7000000000         1.0545310475         1.1175741334        -7.3860768483
        3.6104865000         1.7000000000         1.0443217401         1.1175741334        -7.6520261452
        3.6154749000         1.7000000000         1.0417694132         5.0066353810        -7.7185134695
        3.6203960000         1.7000000000         1.0443217401         5.0066353810        -7.6520261452
        3.6254477000         1.7000000000         1.0596357012         5.0066353810        -7.2531021999
        3.6304140000         1.7000000000         1.0290077789         5.0015316260        -8.0509500906
        3.6354452000         1.7000000000         1.0366647595         4.9887722387        -7.8514881179
        3.6404992000         1.7000000000         1.0468740669         4.9683572191        -7.5855388210
        3.6454378000         1.7000000000         1.0417694132         4.9351828121        -7.7185134695
        3.6504734000         1.7000000000         1.0290077789         4.8994565277        -8.0509500906
        3.6554296000         1.7000000000         1.0392170863         4.8713858756        -7.7850007937
        3.6604446000         1.7000000000         1.0519787206         4.8484189785        -7.4525641726
        3.6654741000         1.7000000000         1.0264554521         4.8050370617        -8.1174374148
        3.6704385000         1.7000000000         1.0366647595         4.7820701646        -7.8514881179
        3.6754436000         1.7000000000         1.0162461446         4.7386882478        -8.3833867117
        3.6804211000         1.7000000000         1.0290077789         4.7131694732        -8.0509500906
        3.6853955000         1.7000000000         1.0341124326         4.6876506986        -7.9179754422
        3.6904691000         1.7000000000         1.0341124326         4.6442687818        -7.9179754422
        3.6954698000         1.7000000000         1.0162461446         4.6110943748        -8.3833867117
        3.7004871000         1.7000000000         1.0315601058         4.5779199678        -7.9844627664
        3.7054445000         1.7000000000         1.0366647595         4.5549530707        -7.8514881179
        3.7104132000         1.7000000000         1.0111414909         4.5217786637        -8.5163613602
        3.7154447000         1.7000000000         1.0366647595         4.4988117666        -7.8514881179
        3.7204297000         1.7000000000         1.0392170863         4.4554298498        -7.7850007937
        3.7254511000         1.7000000000         1.0290077789         4.4273591978        -8.0509500906
        3.7305627000         1.7000000000         1.0239031252         4.4018404232        -8.1839247391
        3.7354643000         1.7000000000         1.0366647595         4.3635622613        -7.8514881179
        3.7407537000         1.7000000000         1.0392170863         4.3329397318        -7.7850007937
        3.7454946000         1.7000000000         1.0315601058         4.3023172023        -7.9844627664
        3.7505403000         1.7000000000         1.0290077789         4.2767984277        -8.0509500906
        3.7554437000         1.7000000000         1.0290077789         4.2308646334        -8.0509500906
        3.7604308000         1.7000000000         1.0264554521         4.2078977363        -8.1174374148
        3.7654672000         1.7000000000         1.0290077789         4.1747233293        -8.0509500906
        3.7704817000         1.7000000000         1.0085891641         4.1441007998        -8.5828486844
        3.7754186000         1.7000000000         1.0366647595         4.1134782703        -7.8514881179
        3.7804005000         1.7000000000         1.0290077789         4.0879594957        -8.0509500906
        3.7854281000         1.7000000000         1.0213507983         4.0496813338        -8.2504120633
        3.7904115000         1.7000000000         1.0239031252         4.0165069269        -8.1839247391
        3.7954967000         1.7000000000         1.0341124326         3.9858843974        -7.9179754422
        3.8004515000         1.7000000000         1.0162461446         3.9527099904        -8.3833867117
        3.8054854000         1.7000000000         1.0264554521         3.9297430933        -8.1174374148
        3.8104854000         1.7000000000         1.0239031252         3.8889130539        -8.1839247391
        3.8155821000         1.7000000000         1.0468740669         3.8633942793        -7.5855388210
        3.8204651000         1.7000000000         1.0136938178         3.8327717498        -8.4498740360
        3.8254774000         1.7000000000         1.0290077789         3.8021492203        -8.0509500906
        3.8304427000         1.7000000000         1.0341124326         3.7740785683        -7.9179754422
        3.8354306000         1.7000000000         1.0392170863         3.7332485289        -7.7850007937
        3.8404720000         1.7000000000         1.0239031252         3.7077297543        -8.1839247391
        3.8455099000         1.7000000000         1.0213507983         3.6668997150        -8.2504120633
        3.8506502000         1.7000000000         1.0264554521         3.6413809404        -8.1174374148
        3.8556146000         1.7000000000         1.0290077789         3.6107584109        -8.0509500906
        3.8606027000         1.7000000000         1.0264554521         3.5852396363        -8.1174374148
        3.8656139000         1.7000000000         1.0290077789         3.5469614744        -8.0509500906
        3.8706040000         1.7000000000         1.0290077789         3.5239945773        -8.0509500906
        3.8756135000         1.7000000000         1.0264554521         3.4933720478        -8.1174374148
        3.8806453000         1.7000000000         1.0264554521         3.4601976408        -8.1174374148
        3.8855022000         1.7000000000         1.0315601058         3.4244713564        -7.9844627664
        3.8905797000         1.7000000000         1.0264554521         3.3887450720        -8.1174374148
        3.8955434000         1.7000000000         1.0264554521         3.3657781748        -8.1174374148
        3.9006178000         1.7000000000         1.0187984715         3.3249481355        -8.3168993875
        3.9056153000         1.7000000000         1.0136938178         3.2892218510        -8.4498740360
        3.9105228000         1.7000000000         1.0366647595         3.2662549539        -7.8514881179
        3.9155375000         1.7000000000         1.0085891641         3.2279767920        -8.5828486844
        3.9205817000         1.7000000000         1.0187984715         3.2050098949        -8.3168993875
        3.9256861000         1.7000000000         1.0290077789         3.1692836105        -8.0509500906
        3.9306935000         1.7000000000         1.0213507983         3.1386610810        -8.2504120633
        3.9355248000         1.7000000000         1.0136938178         3.1029347965        -8.4498740360
        3.9406526000         1.7000000000         1.0085891641         3.0748641445        -8.5828486844
        3.9455194000         1.7000000000         1.0264554521         3.0442416150        -8.1174374148
        3.9505820000         1.7000000000         1.0136938178         3.0161709629        -8.4498740360
        3.9556051000         1.7000000000         1.0239031252         2.9804446785        -8.1839247391
        3.9605405000         1.7000000000         1.0187984715         2.9472702715        -8.3168993875
        3.9655819000         1.7000000000         1.0213507983         2.9140958646        -8.2504120633
        3.9705800000         1.7000000000         1.0162461446         2.8783695801        -8.3833867117
        3.9755305000         1.7000000000         1.0264554521         2.8630583154        -8.1174374148
        3.9806360000         1.7000000000         1.0136938178         2.8120207662        -8.4498740360
        3.9854926000         1.7000000000         1.0187984715         2.7890538691        -8.3168993875
        3.9905786000         1.7000000000         1.0111414909         2.7482238297        -8.5163613602
        3.9954944000         1.7000000000         1.0162461446         2.7278088101        -8.3833867117
        4.0005236000         1.7000000000         1.0264554521         2.6946344031        -8.1174374148
