% Sweep Step 131/200  Vcmd=3.8000V  CW 
% Vg_offset=1.338069V  K_gimbal=26.049690

Time[s]              Vcmd[V]              Vg_raw[V]            Pot[V]             Omega[rad/s]
        0.0092176000         3.8000000000         1.3327346748         0.7832781863        -0.1389585076
        0.0098045000         3.8000000000         1.3276300211         0.7858300638        -0.2719331561
        0.0105822000         3.8000000000         1.3327346748         0.7832781863        -0.1389585076
        0.0155734000         3.8000000000         1.3403916554         0.7909338187         0.0605034650
        0.0207801000         3.8000000000         1.3378393285         0.7909338187        -0.0059838592
        0.0255493000         3.8000000000         1.4348277491         0.8036932060         2.5205344614
        0.0306157000         3.8000000000         1.6288045902         0.8190044707         7.5735711027
        0.0355297000         3.8000000000         1.5241591891         0.8317638580         4.8475908094
        0.0405445000         3.8000000000         1.5803103799         0.8598345101         6.3103119424
        0.0455700000         3.8000000000         1.6185952828         0.8879051621         7.3076218058
        0.0506292000         3.8000000000         1.6313569170         0.9210795691         7.6400584269
        0.0555226000         3.8000000000         1.6288045902         0.9389427113         7.5735711027
        0.0606855000         3.8000000000         1.6798511273         0.9772208732         8.9033175872
        0.0655489000         3.8000000000         1.6721941467         1.0154990351         8.7038556145
        0.0705336000         3.8000000000         1.6696418199         1.0410178097         8.6373682903
        0.0755715000         3.8000000000         1.7053743959         1.0792959716         9.5681908295
        0.0805592000         3.8000000000         1.6926127616         1.1150222560         9.2357542083
        0.0855343000         3.8000000000         1.7028220690         1.1430929080         9.5017035052
        0.0905423000         3.8000000000         1.7385546450         1.1966823347        10.4325260444
        0.0964017000         3.8000000000         1.7206883570         1.2247529867         9.9671147748
        0.1007471000         3.8000000000         1.7385546450         1.2706867810        10.4325260444
        0.1056086000         3.8000000000         1.7436592987         1.2987574330        10.5655006929
        0.1104901000         3.8000000000         1.7487639524         1.3421393498        10.6984753413
        0.1155380000         3.8000000000         1.7615255867         1.3957287765        11.0309119624
        0.1205576000         3.8000000000         1.7513162793         1.4212475511        10.7649626655
        0.1255378000         3.8000000000         1.7691825673         1.4671813453        11.2303739351
        0.1305367000         3.8000000000         1.7691825673         1.5182188945        11.2303739351
        0.1356740000         3.8000000000         1.7768395479         1.5488414240        11.4298359078
        0.1404620000         3.8000000000         1.7819442016         1.5998789732        11.5628105563
        0.1455811000         3.8000000000         1.7819442016         1.6432608900        11.5628105563
        0.1504510000         3.8000000000         1.7921535090         1.6891946843        11.8287598532
        0.1555442000         3.8000000000         1.7717348941         1.7300247236        11.2968612594
        0.1604464000         3.8000000000         1.7947058358         1.7708547629        11.8952471774
        0.1655151000         3.8000000000         1.8074674701         1.8295479445        12.2276837985
        0.1705112000         3.8000000000         1.8074674701         1.8729298613        12.2276837985
        0.1755045000         3.8000000000         1.8202291044         1.9188636556        12.5601204197
        0.1804755000         3.8000000000         1.8125721238         1.9647974498        12.3606584470
        0.1855780000         3.8000000000         1.8202291044         2.0132831215        12.5601204197
        0.1905431000         3.8000000000         1.8202291044         2.0592169158        12.5601204197
        0.1954892000         3.8000000000         1.8176767776         2.0974950777        12.4936330954
        0.2004083000         3.8000000000         1.8125721238         2.1434288720        12.3606584470
        0.2054749000         3.8000000000         1.8380953924         2.1995701761        13.0255316893
        0.2105184000         3.8000000000         1.8227814313         2.2480558478        12.6266077439
        0.2155071000         3.8000000000         1.8202291044         2.2965415195        12.5601204197
        0.2205170000         3.8000000000         1.8380953924         2.3526828236        13.0255316893
        0.2254795000         3.8000000000         1.8304384118         2.3960647404        12.8260697166
        0.2304819000         3.8000000000         1.8253337581         2.4471022896        12.6930950681
        0.2355271000         3.8000000000         1.8329907387         2.5032435937        12.8925570408
        0.2404549000         3.8000000000         1.8380953924         2.5542811429        13.0255316893
        0.2454357000         3.8000000000         1.8278860850         2.5925593047        12.7595823923
        0.2504450000         3.8000000000         1.8534093535         2.6512524863        13.4244556346
        0.2555415000         3.8000000000         1.8406477193         2.7048419129        13.0920190135
        0.2604829000         3.8000000000         1.8432000461         2.7482238297        13.1585063377
        0.2654663000         3.8000000000         1.8355430655         2.7941576240        12.9590443650
        0.2704015000         3.8000000000         1.8559616804         2.8528508056        13.4909429588
        0.2754833000         3.8000000000         1.8534093535         2.8987845998        13.4244556346
        0.2805117000         3.8000000000         1.8534093535         2.9523740265        13.4244556346
        0.2855050000         3.8000000000         1.8559616804         3.0161709629        13.4909429588
        0.2905439000         3.8000000000         1.8534093535         3.0570010023        13.4244556346
        0.2955017000         3.8000000000         1.8559616804         3.1054866740        13.4909429588
        0.3005119000         3.8000000000         1.8534093535         3.1616279781        13.4244556346
        0.3054618000         3.8000000000         1.8432000461         3.2075617724        13.1585063377
        0.3105127000         3.8000000000         1.8610663341         3.2662549539        13.6239176073
        0.3154377000         3.8000000000         1.8585140073         3.3172925031        13.5574302831
        0.3204834000         3.8000000000         1.8636186610         3.3759856847        13.6904049315
        0.3254734000         3.8000000000         1.8763802953         3.4321269888        14.0228415527
        0.3304471000         3.8000000000         1.8738279684         3.4831645379        13.9563542284
        0.3354450000         3.8000000000         1.8534093535         3.5239945773        13.4244556346
        0.3404276000         3.8000000000         1.8738279684         3.5877915138        13.9563542284
        0.3455034000         3.8000000000         1.8789326221         3.6413809404        14.0893288769
        0.3504891000         3.8000000000         1.8636186610         3.6822109797        13.6904049315
        0.3555500000         3.8000000000         1.8738279684         3.7511116711        13.9563542284
        0.3606401000         3.8000000000         1.8661709878         3.7919417105        13.7568922557
        0.3655513000         3.8000000000         1.8789326221         3.8531867695        14.0893288769
        0.3705238000         3.8000000000         1.8661709878         3.9016724412        13.7568922557
        0.3755026000         3.8000000000         1.8763802953         3.9603656228        14.0228415527
        0.3805158000         3.8000000000         1.8763802953         4.0062994170        14.0228415527
        0.3854618000         3.8000000000         1.8687233147         4.0649925986        13.8233795800
        0.3904504000         3.8000000000         1.8687233147         4.1185820252        13.8233795800
        0.3955484000         3.8000000000         1.8891419295         4.1823789617        14.3552781738
        0.4005013000         3.8000000000         1.8942465832         4.2308646334        14.4882528222
        0.4054512000         3.8000000000         1.8763802953         4.2870059375        14.0228415527
        0.4104475000         3.8000000000         1.8687233147         4.3329397318        13.8233795800
        0.4154514000         3.8000000000         1.8789326221         4.3941847908        14.0893288769
        0.4204479000         3.8000000000         1.8712756415         4.4477742174        13.8898669042
        0.4254768000         3.8000000000         1.8814849490         4.5039155215        14.1558162011
        0.4304488000         3.8000000000         1.8942465832         4.5677124580        14.4882528222
        0.4354431000         3.8000000000         1.8840372758         4.6187500072        14.2223035253
        0.4404128000         3.8000000000         1.8840372758         4.6825469437        14.2223035253
        0.4454457000         3.8000000000         1.8687233147         4.7233769830        13.8233795800
        0.4504074000         3.8000000000         1.8865896027         4.7948295519        14.2887908496
        0.4554899000         3.8000000000         1.8865896027         4.8458671010        14.2887908496
        0.4604502000         3.8000000000         1.8763802953         4.9071121601        14.0228415527
        0.4654058000         3.8000000000         1.8865896027         4.9607015867        14.2887908496
        0.4704795000         3.8000000000         1.8840372758         5.0117391359        14.2223035253
        0.4754635000         3.8000000000         1.8840372758         5.0091872584        14.2223035253
        0.4805326000         3.8000000000         1.8738279684         4.9964278711        13.9563542284
        0.4854522000         3.8000000000         1.8942465832         1.1124703785        14.4882528222
        0.4905222000         3.8000000000         1.8967989101         0.0075074388        14.5547401465
        0.4954530000         3.8000000000         1.8789326221        -0.0027000711        14.0893288769
        0.5004563000         3.8000000000         1.8942465832         0.0534412330        14.4882528222
        0.5054504000         3.8000000000         1.8865896027         0.0993750273        14.2887908496
        0.5104863000         3.8000000000         1.8993512370         0.1606200863        14.6212274707
        0.5154482000         3.8000000000         1.8763802953         0.2142095129        14.0228415527
        0.5204519000         3.8000000000         1.8993512370         0.2805583269        14.6212274707
        0.5254333000         3.8000000000         1.8814849490         0.3315958761        14.1558162011
        0.5304703000         3.8000000000         1.8942465832         0.3902890576        14.4882528222
        0.5354489000         3.8000000000         1.8865896027         0.4464303617        14.2887908496
        0.5404376000         3.8000000000         1.8840372758         0.4974679109        14.2223035253
        0.5455325000         3.8000000000         1.8840372758         0.5663686023        14.2223035253
        0.5504654000         3.8000000000         1.8814849490         0.6148542740        14.1558162011
        0.5554350000         3.8000000000         1.8891419295         0.6709955781        14.3552781738
        0.5604362000         3.8000000000         1.8840372758         0.7296887597        14.2223035253
        0.5654424000         3.8000000000         1.8967989101         0.7909338187        14.5547401465
        0.5704076000         3.8000000000         1.8712756415         0.8317638580        13.8898669042
        0.5754834000         3.8000000000         1.8967989101         0.8981126720        14.5547401465
        0.5804770000         3.8000000000         1.8763802953         0.9542539761        14.0228415527
        0.5854783000         3.8000000000         1.8814849490         1.0001877703        14.1558162011
        0.5904989000         3.8000000000         1.8661709878         1.0563290744        13.7568922557
        0.5954862000         3.8000000000         1.8916942564         1.1150222560        14.4217654980
        0.6004982000         3.8000000000         1.8687233147         1.1609560502        13.8233795800
        0.6054778000         3.8000000000         1.8865896027         1.2094417220        14.2887908496
        0.6104569000         3.8000000000         1.8763802953         1.2681349035        14.0228415527
        0.6154913000         3.8000000000         1.8763802953         1.3140686978        14.0228415527
        0.6205099000         3.8000000000         1.8763802953         1.3702100019        14.0228415527
        0.6254375000         3.8000000000         1.8712756415         1.4237994285        13.8898669042
        0.6306120000         3.8000000000         1.8789326221         1.4773888552        14.0893288769
        0.6354870000         3.8000000000         1.8789326221         1.5309782818        14.0893288769
        0.6404368000         3.8000000000         1.8840372758         1.5871195859        14.2223035253
        0.6454796000         3.8000000000         1.8738279684         1.6381571351        13.9563542284
        0.6504973000         3.8000000000         1.8891419295         1.6968503166        14.3552781738
        0.6555030000         3.8000000000         1.8789326221         1.7478878658        14.0893288769
        0.6604537000         3.8000000000         1.8712756415         1.7989254150        13.8898669042
        0.6654978000         3.8000000000         1.8891419295         1.8499629642        14.3552781738
        0.6704240000         3.8000000000         1.8865896027         1.9112080232        14.2887908496
        0.6754833000         3.8000000000         1.8814849490         1.9571418174        14.1558162011
        0.6805037000         3.8000000000         1.8967989101         2.0158349990        14.5547401465
        0.6855069000         3.8000000000         1.8865896027         2.0796319355        14.2887908496
        0.6905150000         3.8000000000         1.8789326221         2.1230138523        14.0893288769
        0.6957563000         3.8000000000         1.8840372758         2.1842589113        14.2223035253
        0.7005642000         3.8000000000         1.8865896027         2.2404002154        14.2887908496
        0.7056178000         3.8000000000         1.8814849490         2.2888858871        14.1558162011
        0.7104707000         3.8000000000         1.9223221787         2.3501309461        15.2196133887
        0.7156128000         3.8000000000         1.8916942564         2.4011684953        14.4217654980
        0.7205431000         3.8000000000         1.8865896027         2.4675173092        14.2887908496
        0.7256267000         3.8000000000         1.8967989101         2.5185548584        14.5547401465
        0.7306118000         3.8000000000         1.8865896027         2.5746961625        14.2887908496
        0.7356648000         3.8000000000         1.8967989101         2.6282855892        14.5547401465
        0.7405873000         3.8000000000         1.8814849490         2.6793231383        14.1558162011
        0.7455718000         3.8000000000         1.8967989101         2.7405681974        14.5547401465
        0.7506459000         3.8000000000         1.8789326221         2.7967095015        14.0893288769
        0.7555364000         3.8000000000         1.8891419295         2.8477470506        14.3552781738
        0.7606059000         3.8000000000         1.8891419295         2.9115439871        14.3552781738
        0.7656609000         3.8000000000         1.8814849490         2.9600296588        14.1558162011
        0.7706391000         3.8000000000         1.8814849490         3.0187228404        14.1558162011
        0.7756086000         3.8000000000         1.9044558907         3.0774160220        14.7542021191
        0.7805919000         3.8000000000         1.8840372758         3.1233498162        14.2223035253
        0.7855715000         3.8000000000         1.8789326221         3.1794911203        14.0893288769
        0.7905857000         3.8000000000         1.8967989101         3.2381843019        14.5547401465
        0.7955676000         3.8000000000         1.8840372758         3.2917737285        14.2223035253
        0.8005132000         3.8000000000         1.8814849490         3.3479150326        14.1558162011
        0.8055328000         3.8000000000         1.8967989101         3.4091600916        14.5547401465
        0.8105610000         3.8000000000         1.8967989101         3.4627495183        14.5547401465
        0.8157259000         3.8000000000         1.8942465832         3.5214426998        14.4882528222
        0.8206237000         3.8000000000         1.8814849490         3.5622727392        14.1558162011
        0.8257107000         3.8000000000         1.8865896027         3.6286215531        14.2887908496
        0.8306405000         3.8000000000         1.8840372758         3.6771072248        14.2223035253
        0.8357651000         3.8000000000         1.8840372758         3.7306966515        14.2223035253
        0.8406397000         3.8000000000         1.8993512370         3.7893898330        14.6212274707
        0.8455288000         3.8000000000         1.8840372758         3.8429792597        14.2223035253
        0.8505545000         3.8000000000         1.8916942564         3.8991205638        14.4217654980
        0.8555353000         3.8000000000         1.8891419295         3.9552618679        14.3552781738
        0.8605879000         3.8000000000         1.9070082175         4.0165069269        14.8206894434
        0.8654357000         3.8000000000         1.8789326221         4.0700963535        14.0893288769
        0.8705943000         3.8000000000         1.8789326221         4.1160301478        14.0893288769
        0.8755283000         3.8000000000         1.8967989101         4.1772752068        14.5547401465
        0.8805493000         3.8000000000         1.8967989101         4.2385202658        14.5547401465
        0.8855606000         3.8000000000         1.8865896027         4.2895578150        14.2887908496
        0.8906221000         3.8000000000         1.8967989101         4.3508028740        14.5547401465
        0.8955556000         3.8000000000         1.8814849490         4.4018404232        14.1558162011
        0.9006628000         3.8000000000         1.8967989101         4.4630854822        14.5547401465
        0.9056484000         3.8000000000         1.8891419295         4.5141230314        14.3552781738
        0.9105689000         3.8000000000         1.8891419295         4.5753680904        14.3552781738
        0.9154606000         3.8000000000         1.8916942564         4.6289575170        14.4217654980
        0.9204562000         3.8000000000         1.8942465832         4.7004100859        14.4882528222
        0.9255773000         3.8000000000         1.8942465832         4.7463438801        14.4882528222
        0.9305794000         3.8000000000         1.8967989101         4.8075889392        14.5547401465
        0.9356661000         3.8000000000         1.8942465832         4.8688339982        14.4882528222
        0.9406269000         3.8000000000         1.9121128712         4.9402865670        14.9536640918
        0.9456141000         3.8000000000         1.8942465832         4.9836684838        14.4882528222
        0.9505426000         3.8000000000         1.8967989101         5.0066353810        14.5547401465
        0.9555680000         3.8000000000         1.8967989101         5.0066353810        14.5547401465
        0.9605990000         3.8000000000         1.8967989101         1.0997109912        14.5547401465
        0.9656132000         3.8000000000         1.8993512370         0.0075074388        14.6212274707
        0.9706328000         3.8000000000         1.8865896027        -0.0027000711        14.2887908496
        0.9755940000         3.8000000000         1.8967989101         0.0228187035        14.5547401465
        0.9807157000         3.8000000000         1.8993512370         0.0840637625        14.6212274707
        0.9856894000         3.8000000000         1.9121128712         0.1402050666        14.9536640918
        0.9905116000         3.8000000000         1.8967989101         0.1988982482        14.5547401465
        0.9956822000         3.8000000000         1.8942465832         0.2550395523        14.4882528222
        1.0005789000         3.8000000000         1.8942465832         0.3060771015        14.4882528222
        1.0055322000         3.8000000000         1.8942465832         0.3673221605        14.4882528222
        1.0107185000         3.8000000000         1.8993512370         0.4311190970        14.6212274707
        1.0155736000         3.8000000000         1.8814849490         0.4821566461        14.1558162011
        1.0205970000         3.8000000000         1.9121128712         0.5510573375        14.9536640918
        1.0257245000         3.8000000000         1.8865896027         0.5944392543        14.2887908496
        1.0307344000         3.8000000000         1.9019035638         0.6607880683        14.6877147949
        1.0355614000         3.8000000000         1.8967989101         0.7194812498        14.5547401465
        1.0406075000         3.8000000000         1.8942465832         0.7730706765        14.4882528222
        1.0457335000         3.8000000000         1.8993512370         0.8343157355        14.6212274707
        1.0506207000         3.8000000000         1.8967989101         0.8853532847        14.5547401465
        1.0556312000         3.8000000000         1.8891419295         0.9440464662        14.3552781738
        1.0605201000         3.8000000000         1.9044558907         1.0001877703        14.7542021191
        1.0656023000         3.8000000000         1.8840372758         1.0563290744        14.2223035253
        1.0704786000         3.8000000000         1.9019035638         1.1099185011        14.6877147949
        1.0756823000         3.8000000000         1.8840372758         1.1660598052        14.2223035253
        1.0806187000         3.8000000000         1.8865896027         1.2094417220        14.2887908496
        1.0856012000         3.8000000000         1.8865896027         1.2732386584        14.2887908496
        1.0906687000         3.8000000000         1.8942465832         1.3191724527        14.4882528222
        1.0955968000         3.8000000000         1.8891419295         1.3778656343        14.3552781738
        1.1006599000         3.8000000000         1.8891419295         1.4340069384        14.3552781738
        1.1055918000         3.8000000000         1.8865896027         1.4850444875        14.2887908496
        1.1106240000         3.8000000000         1.8916942564         1.5411857916        14.4217654980
        1.1157251000         3.8000000000         1.8865896027         1.6024308506        14.2887908496
        1.1204998000         3.8000000000         1.8967989101         1.6509165224        14.5547401465
        1.1256214000         3.8000000000         1.8942465832         1.7045059490        14.4882528222
        1.1306585000         3.8000000000         1.8789326221         1.7504397433        14.0893288769
        1.1355143000         3.8000000000         1.8916942564         1.8116848023        14.4217654980
        1.1405660000         3.8000000000         1.8865896027         1.8627223515        14.2887908496
        1.1454905000         3.8000000000         1.8840372758         1.9163117781        14.2223035253
        1.1504667000         3.8000000000         1.8840372758         1.9647974498        14.2223035253
        1.1554728000         3.8000000000         1.8993512370         2.0336981412        14.6212274707
        1.1605081000         3.8000000000         1.9044558907         2.0898394453        14.7542021191
        1.1654788000         3.8000000000         1.8814849490         2.1306694847        14.1558162011
        1.1704242000         3.8000000000         1.9044558907         2.1970182986        14.7542021191
        1.1755277000         3.8000000000         1.8865896027         2.2480558478        14.2887908496
        1.1804513000         3.8000000000         1.8942465832         2.3041971519        14.4882528222
        1.1855292000         3.8000000000         1.8891419295         2.3577865785        14.3552781738
        1.1905108000         3.8000000000         1.8993512370         2.4164797601        14.6212274707
        1.1954305000         3.8000000000         1.8916942564         2.4675173092        14.4217654980
        1.2005450000         3.8000000000         1.8967989101         2.5313142457        14.5547401465
        1.2054436000         3.8000000000         1.8840372758         2.5849036724        14.2223035253
        1.2105255000         3.8000000000         1.8916942564         2.6410449765        14.4217654980
        1.2154406000         3.8000000000         1.8814849490         2.6895306482        14.1558162011
        1.2205177000         3.8000000000         1.8865896027         2.7533275847        14.2887908496
        1.2254808000         3.8000000000         1.8916942564         2.8094688888        14.4217654980
        1.2304906000         3.8000000000         1.9019035638         2.8656101929        14.6877147949
        1.2355505000         3.8000000000         1.8814849490         2.9191996195        14.1558162011
        1.2405568000         3.8000000000         1.8993512370         2.9829965560        14.6212274707
        1.2454986000         3.8000000000         1.8865896027         3.0263784728        14.2887908496
        1.2504685000         3.8000000000         1.8967989101         3.0876235318        14.5547401465
        1.2554898000         3.8000000000         1.8916942564         3.1437648359        14.4217654980
        1.2604739000         3.8000000000         1.8865896027         3.1922505076        14.2887908496
        1.2655668000         3.8000000000         1.8942465832         3.2534955666        14.4882528222
        1.2704211000         3.8000000000         1.8993512370         3.3147406256        14.6212274707
        1.2756158000         3.8000000000         1.8891419295         3.3657781748        14.3552781738
        1.2806219000         3.8000000000         1.8891419295         3.4168157240        14.3552781738
        1.2856230000         3.8000000000         1.8967989101         3.4780607830        14.5547401465
        1.2906893000         3.8000000000         1.8942465832         3.5316502097        14.4882528222
        1.2956684000         3.8000000000         1.8967989101         3.5852396363        14.5547401465
        1.3004712000         3.8000000000         1.9044558907         3.6439328179        14.7542021191
        1.3056403000         3.8000000000         1.8814849490         3.6924184896        14.1558162011
        1.3105075000         3.8000000000         1.9019035638         3.7638710584        14.6877147949
        1.3156402000         3.8000000000         1.8942465832         3.8098048527        14.4882528222
        1.3205691000         3.8000000000         1.9095605444         3.8633942793        14.8871767676
        1.3255693000         3.8000000000         1.8942465832         3.9271912158        14.4882528222
        1.3304641000         3.8000000000         1.8865896027         3.9756768875        14.2887908496
        1.3356337000         3.8000000000         1.8916942564         4.0343700691        14.4217654980
        1.3406163000         3.8000000000         1.8942465832         4.0879594957        14.4882528222
        1.3456406000         3.8000000000         1.9044558907         4.1568601871        14.7542021191
        1.3506372000         3.8000000000         1.8967989101         4.2027939814        14.5547401465
        1.3555299000         3.8000000000         1.9044558907         4.2691427953        14.7542021191
        1.3605450000         3.8000000000         1.8942465832         4.3176284670        14.4882528222
        1.3656233000         3.8000000000         1.9146651981         4.3788735260        15.0201514161
        1.3706234000         3.8000000000         1.8891419295         4.4324629527        14.3552781738
        1.3754718000         3.8000000000         1.8916942564         4.4835005019        14.4217654980
        1.3808551000         3.8000000000         1.9146651981         4.5575049482        15.0201514161
        1.3856373000         3.8000000000         1.8967989101         4.6059906199        14.5547401465
        1.3904365000         3.8000000000         1.8993512370         4.6697875564        14.6212274707
        1.3955870000         3.8000000000         1.9070082175         4.7233769830        14.8206894434
        1.4006182000         3.8000000000         1.9070082175         4.7846220420        14.8206894434
        1.4056609000         3.8000000000         1.8942465832         4.8458671010        14.4882528222
        1.4104887000         3.8000000000         1.9019035638         4.9071121601        14.6877147949
        1.4156028000         3.8000000000         1.8993512370         4.9607015867        14.6212274707
        1.4205907000         3.8000000000         1.8840372758         4.9989797486        14.2223035253
        1.4254952000         3.8000000000         1.9146651981         5.0066353810        15.0201514161
        1.4305174000         3.8000000000         1.8993512370         4.9811166064        14.6212274707
        1.4356093000         3.8000000000         1.8967989101         1.0997109912        14.5547401465
        1.4404794000         3.8000000000         1.9044558907         0.0024036839        14.7542021191
        1.4455536000         3.8000000000         1.8942465832         0.0024036839        14.4882528222
        1.4504288000         3.8000000000         1.9019035638         0.0585449879        14.6877147949
        1.4554457000         3.8000000000         1.9070082175         0.1146862920        14.8206894434
        1.4604440000         3.8000000000         1.9070082175         0.1708275961        14.8206894434
        1.4654397000         3.8000000000         1.8916942564         0.2320726552        14.4217654980
        1.4704389000         3.8000000000         1.9172175250         0.2984214691        15.0866387403
        1.4755309000         3.8000000000         1.8967989101         0.3494590183        14.5547401465
        1.4805295000         3.8000000000         1.9121128712         0.4132559548        14.9536640918
        1.4855064000         3.8000000000         1.8916942564         0.4668453814        14.4217654980
        1.4904143000         3.8000000000         1.9146651981         0.5306423179        15.0201514161
        1.4955143000         3.8000000000         1.8865896027         0.5740242347        14.2887908496
        1.5004952000         3.8000000000         1.9044558907         0.6378211711        14.7542021191
        1.5055830000         3.8000000000         1.9019035638         0.6990662302        14.6877147949
        1.5104540000         3.8000000000         1.9197698518         0.7628631666        15.1531260645
        1.5155507000         3.8000000000         1.9121128712         0.8087969609        14.9536640918
        1.5205086000         3.8000000000         1.9019035638         0.8700420199        14.6877147949
        1.5254790000         3.8000000000         1.8916942564         0.9236314466        14.4217654980
        1.5304523000         3.8000000000         1.9146651981         0.9823246281        15.0201514161
        1.5355828000         3.8000000000         1.8967989101         1.0435696871        14.5547401465
        1.5405122000         3.8000000000         1.9044558907         1.0946072363        14.7542021191
        1.5454066000         3.8000000000         1.8865896027         1.1456447855        14.2887908496
        1.5505069000         3.8000000000         1.8967989101         1.2043379670        14.5547401465
        1.5554277000         3.8000000000         1.8942465832         1.2502717613        14.4882528222
        1.5604599000         3.8000000000         1.8891419295         1.3064130654        14.3552781738
        1.5654710000         3.8000000000         1.9070082175         1.3727618793        14.8206894434
        1.5705149000         3.8000000000         1.8865896027         1.4135919187        14.2887908496
        1.5753955000         3.8000000000         1.8993512370         1.4773888552        14.6212274707
        1.5804506000         3.8000000000         1.8942465832         1.5284264043        14.4882528222
        1.5854991000         3.8000000000         1.8891419295         1.5794639535        14.3552781738
        1.5904739000         3.8000000000         1.9019035638         1.6407090125        14.6877147949
        1.5955101000         3.8000000000         1.8967989101         1.6866428068        14.5547401465
        1.6005502000         3.8000000000         1.9019035638         1.7580953756        14.6877147949
        1.6055324000         3.8000000000         1.8942465832         1.7989254150        14.4882528222
        1.6104493000         3.8000000000         1.9019035638         1.8550667191        14.6877147949
        1.6154560000         3.8000000000         1.8942465832         1.9086561457        14.4882528222
        1.6204429000         3.8000000000         1.9019035638         1.9750049597        14.6877147949
        1.6255669000         3.8000000000         1.8942465832         2.0183868765        14.4882528222
        1.6305242000         3.8000000000         1.8916942564         2.0745281806        14.4217654980
        1.6356154000         3.8000000000         1.8942465832         2.1306694847        14.4882528222
        1.6404661000         3.8000000000         1.9044558907         2.1944664211        14.7542021191
        1.6455258000         3.8000000000         1.9044558907         2.2531596027        14.7542021191
        1.6504574000         3.8000000000         1.8993512370         2.3118527843        14.6212274707
        1.6555158000         3.8000000000         1.8814849490         2.3577865785        14.1558162011
        1.6604739000         3.8000000000         1.9044558907         2.4215835150        14.7542021191
        1.6655319000         3.8000000000         1.8967989101         2.4751729416        14.5547401465
        1.6705379000         3.8000000000         1.8916942564         2.5262104908        14.4217654980
        1.6755176000         3.8000000000         1.9070082175         2.5951111822        14.8206894434
        1.6804502000         3.8000000000         1.8993512370         2.6461487314        14.6212274707
        1.6854591000         3.8000000000         1.8916942564         2.7022900355        14.4217654980
        1.6904759000         3.8000000000         1.9044558907         2.7584313396        14.7542021191
        1.6955790000         3.8000000000         1.8865896027         2.8094688888        14.2887908496
        1.7005202000         3.8000000000         1.9121128712         2.8732658252        14.9536640918
        1.7054964000         3.8000000000         1.8916942564         2.9294071293        14.4217654980
        1.7105954000         3.8000000000         1.9070082175         2.9906521883        14.8206894434
        1.7154562000         3.8000000000         1.8942465832         3.0416897375        14.4882528222
        1.7205410000         3.8000000000         1.9070082175         3.0978310416        14.8206894434
        1.7255490000         3.8000000000         1.8967989101         3.1539723457        14.5547401465
        1.7304831000         3.8000000000         1.8916942564         3.2101136498        14.4217654980
        1.7355502000         3.8000000000         1.9121128712         3.2713587088        14.9536640918
        1.7404530000         3.8000000000         1.9095605444         3.3300518904        14.8871767676
        1.7454859000         3.8000000000         1.8967989101         3.3785375621        14.5547401465
        1.7505260000         3.8000000000         1.8942465832         3.4321269888        14.4882528222
        1.7555730000         3.8000000000         1.8891419295         3.4959239252        14.3552781738
        1.7604891000         3.8000000000         1.8916942564         3.5444095970        14.4217654980
        1.7654413000         3.8000000000         1.9019035638         3.6082065334        14.6877147949
        1.7704680000         3.8000000000         1.9044558907         3.6643478375        14.7542021191
        1.7755155000         3.8000000000         1.8967989101         3.7128335092        14.5547401465
        1.7804491000         3.8000000000         1.9044558907         3.7740785683        14.7542021191
        1.7855342000         3.8000000000         1.9019035638         3.8327717498        14.6877147949
        1.7905321000         3.8000000000         1.9070082175         3.8838092990        14.8206894434
        1.7954555000         3.8000000000         1.9044558907         3.9450543580        14.7542021191
        1.8005388000         3.8000000000         1.9248745055         3.9986437847        15.2861007130
        1.8055443000         3.8000000000         1.8967989101         4.0547850888        14.5547401465
        1.8106291000         3.8000000000         1.9019035638         4.1185820252        14.6877147949
        1.8155265000         3.8000000000         1.9146651981         4.1823789617        15.0201514161
        1.8205704000         3.8000000000         1.8967989101         4.2257608785        14.5547401465
        1.8254526000         3.8000000000         1.9044558907         4.2895578150        14.7542021191
        1.8306151000         3.8000000000         1.9146651981         4.3533547515        15.0201514161
        1.8356496000         3.8000000000         1.8993512370         4.4120479330        14.6212274707
        1.8407173000         3.8000000000         1.9146651981         4.4656373597        15.0201514161
        1.8456050000         3.8000000000         1.9019035638         4.5268824187        14.6877147949
        1.8510807000         3.8000000000         1.8967989101         4.5753680904        14.5547401465
        1.8556072000         3.8000000000         1.9146651981         4.6442687818        15.0201514161
        1.8606316000         3.8000000000         1.8891419295         4.6927544535        14.3552781738
        1.8656864000         3.8000000000         1.9172175250         4.7667588998        15.0866387403
        1.8706422000         3.8000000000         1.8993512370         4.8126926941        14.6212274707
        1.8756586000         3.8000000000         1.9019035638         4.8739377531        14.6877147949
        1.8806385000         3.8000000000         1.8993512370         4.9377346896        14.6212274707
        1.8856656000         3.8000000000         1.9121128712         4.9964278711        14.9536640918
        1.8906738000         3.8000000000         1.9019035638         5.0091872584        14.6877147949
        1.8956021000         3.8000000000         1.9019035638         5.0040835035        14.6877147949
        1.9006366000         3.8000000000         1.9019035638         1.1099185011        14.6877147949
        1.9055871000         3.8000000000         1.9248745055         0.0049555613        15.2861007130
        1.9105861000         3.8000000000         1.8993512370         0.0024036839        14.6212274707
        1.9156336000         3.8000000000         1.9274268324         0.0381299683        15.3525880372
        1.9206424000         3.8000000000         1.8993512370         0.0968231498        14.6212274707
        1.9256533000         3.8000000000         1.9223221787         0.1631719638        15.2196133887
        1.9306699000         3.8000000000         1.8967989101         0.2167613904        14.5547401465
        1.9356706000         3.8000000000         1.9095605444         0.2780064494        14.8871767676
        1.9405881000         3.8000000000         1.9095605444         0.3418033859        14.8871767676
        1.9456550000         3.8000000000         1.9095605444         0.3877371802        14.8871767676
        1.9506674000         3.8000000000         1.9070082175         0.4540859941        14.8206894434
        1.9555291000         3.8000000000         1.9019035638         0.5051235433        14.6877147949
        1.9606470000         3.8000000000         1.8916942564         0.5612648474        14.4217654980
        1.9654862000         3.8000000000         1.9095605444         0.6250617838        14.8871767676
        1.9705574000         3.8000000000         1.9121128712         0.6863068429        14.9536640918
        1.9756658000         3.8000000000         1.9095605444         0.7398962695        14.8871767676
        1.9806265000         3.8000000000         1.8993512370         0.8087969609        14.6212274707
        1.9855623000         3.8000000000         1.9146651981         0.8649382650        15.0201514161
        1.9905662000         3.8000000000         1.9095605444         0.9134239367        14.8871767676
        1.9957076000         3.8000000000         1.8967989101         0.9670133634        14.5547401465
        2.0006123000         3.8000000000         1.8993512370         1.0308102998        14.6212274707
        2.0056450000         3.8000000000         1.8916942564         1.0792959716        14.4217654980
        2.0106188000         3.8000000000         1.9070082175         1.1456447855        14.8206894434
        2.0157464000         3.8000000000         1.8967989101         1.1966823347        14.5547401465
        2.0205209000         3.8000000000         1.9146651981         1.2502717613        15.0201514161
        2.0254586000         3.8000000000         1.8891419295         1.2987574330        14.3552781738
        2.0305404000         3.8000000000         1.9019035638         1.3651062470        14.6877147949
        2.0355045000         3.8000000000         1.8942465832         1.4110400412        14.4882528222
        2.0404852000         3.8000000000         1.8942465832         1.4671813453        14.4882528222
        2.0454891000         3.8000000000         1.8993512370         1.5309782818        14.6212274707
        2.0504581000         3.8000000000         1.8967989101         1.5743601986        14.5547401465
        2.0555105000         3.8000000000         1.8967989101         1.6381571351        14.5547401465
        2.0604473000         3.8000000000         1.8916942564         1.6764352970        14.4217654980
        2.0653946000         3.8000000000         1.8942465832         1.7402322334        14.4882528222
        2.0704678000         3.8000000000         1.8967989101         1.7912697826        14.5547401465
        2.0754427000         3.8000000000         1.9095605444         1.8550667191        14.8871767676
        2.0804793000         3.8000000000         1.9019035638         1.9035523908        14.6877147949
        2.0855056000         3.8000000000         1.8916942564         1.9571418174        14.4217654980
        2.0904468000         3.8000000000         1.8967989101         2.0107312441        14.5547401465
        2.0955010000         3.8000000000         1.8967989101         2.0668725482        14.5547401465
        2.1004567000         3.8000000000         1.8916942564         2.1230138523        14.4217654980
        2.1054366000         3.8000000000         1.8967989101         2.1791551564        14.5547401465
        2.1104502000         3.8000000000         1.9044558907         2.2429520929        14.7542021191
        2.1154736000         3.8000000000         1.8942465832         2.2939896420        14.4882528222
        2.1205221000         3.8000000000         1.8865896027         2.3450271912        14.2887908496
        2.1254429000         3.8000000000         1.9070082175         2.4062722502        14.8206894434
        2.1304129000         3.8000000000         1.8865896027         2.4624135543        14.2887908496
        2.1355832000         3.8000000000         1.8942465832         2.5134511035        14.4882528222
        2.1405291000         3.8000000000         1.8763802953         2.5670405302        14.0228415527
        2.1455713000         3.8000000000         1.9070082175         2.6333893441        14.8206894434
        2.1506008000         3.8000000000         1.8916942564         2.6869787707        14.4217654980
        2.1555430000         3.8000000000         1.8865896027         2.7380163199        14.2887908496
        2.1605295000         3.8000000000         1.8916942564         2.7992613789        14.4217654980
        2.1655541000         3.8000000000         1.9146651981         2.8605064379        15.0201514161
        2.1704519000         3.8000000000         1.8840372758         2.9038883547        14.2223035253
        2.1755375000         3.8000000000         1.9044558907         2.9753409236        14.7542021191
        2.1804615000         3.8000000000         1.8865896027         3.0161709629        14.2887908496
        2.1854927000         3.8000000000         1.9019035638         3.0774160220        14.6877147949
        2.1904298000         3.8000000000         1.8840372758         3.1310054486        14.2223035253
        2.1955693000         3.8000000000         1.8942465832         3.1948023851        14.4882528222
        2.2005756000         3.8000000000         1.8993512370         3.2483918117        14.6212274707
        2.2056398000         3.8000000000         1.9070082175         3.2943256060        14.8206894434
        2.2105520000         3.8000000000         1.8916942564         3.3581225424        14.4217654980
        2.2156443000         3.8000000000         1.9070082175         3.4142638465        14.8206894434
        2.2206620000         3.8000000000         1.8891419295         3.4653013957        14.3552781738
        2.2255942000         3.8000000000         1.8865896027         3.5265464547        14.2887908496
        2.2306564000         3.8000000000         1.9070082175         3.5877915138        14.8206894434
        2.2356527000         3.8000000000         1.9070082175         3.6388290629        14.8206894434
        2.2405258000         3.8000000000         1.8993512370         3.7026259994        14.6212274707
        2.2456374000         3.8000000000         1.8993512370         3.7511116711        14.6212274707
        2.2504815000         3.8000000000         1.9095605444         3.8149086076        14.8871767676
        2.2556481000         3.8000000000         1.8993512370         3.8582905244        14.6212274707
        2.2605716000         3.8000000000         1.8942465832         3.9195355834        14.4882528222
        2.2656407000         3.8000000000         1.8942465832         3.9756768875        14.4882528222
        2.2706393000         3.8000000000         1.9070082175         4.0369219465        14.8206894434
        2.2755144000         3.8000000000         1.9019035638         4.0879594957        14.6877147949
        2.2805637000         3.8000000000         1.9095605444         4.1517564322        14.8871767676
        2.2856207000         3.8000000000         1.9019035638         4.2053458588        14.6877147949
        2.2904341000         3.8000000000         1.9095605444         4.2716946728        14.8871767676
        2.2955464000         3.8000000000         1.8916942564         4.3150765896        14.4217654980
        2.3006898000         3.8000000000         1.9070082175         4.3890810359        14.8206894434
        2.3056370000         3.8000000000         1.8942465832         4.4350148301        14.4882528222
        2.3106231000         3.8000000000         1.9044558907         4.4937080117        14.7542021191
        2.3156080000         3.8000000000         1.9044558907         4.5524011933        14.7542021191
        2.3206242000         3.8000000000         1.9044558907         4.6059906199        14.7542021191
        2.3255663000         3.8000000000         1.8916942564         4.6672356789        14.4217654980
        2.3305887000         3.8000000000         1.8993512370         4.7208251056        14.6212274707
        2.3355838000         3.8000000000         1.8942465832         4.7871739195        14.4882528222
        2.3404740000         3.8000000000         1.9019035638         4.8484189785        14.6877147949
        2.3456243000         3.8000000000         1.8942465832         4.9071121601        14.4882528222
        2.3504681000         3.8000000000         1.9019035638         4.9607015867        14.6877147949
        2.3555899000         3.8000000000         1.8840372758         4.9989797486        14.2223035253
        2.3604531000         3.8000000000         1.9044558907         5.0066353810        14.7542021191
        2.3655887000         3.8000000000         1.8942465832         2.4215835150        14.4882528222
        2.3706477000         3.8000000000         1.8942465832         1.1048147461        14.4882528222
        2.3755859000         3.8000000000         1.8967989101         0.0024036839        14.5547401465
        2.3806852000         3.8000000000         1.9095605444         0.0075074388        14.8871767676
        2.3856272000         3.8000000000         1.8916942564         0.0508893556        14.4217654980
        2.3909798000         3.8000000000         1.9070082175         0.1172381695        14.8206894434
        2.3955893000         3.8000000000         1.8916942564         0.1733794736        14.4217654980
        2.4008027000         3.8000000000         1.9044558907         0.2397282875        14.7542021191
        2.4057063000         3.8000000000         1.8967989101         0.2984214691        14.5547401465
        2.4107093000         3.8000000000         1.8967989101         0.3443552634        14.5547401465
        2.4155825000         3.8000000000         1.9044558907         0.4056003224        14.7542021191
        2.4207119000         3.8000000000         1.8814849490         0.4617416265        14.1558162011
        2.4254946000         3.8000000000         1.9070082175         0.5255385629        14.8206894434
        2.4305871000         3.8000000000         1.9019035638         0.5893354994        14.6877147949
        2.4356082000         3.8000000000         1.8993512370         0.6327174162        14.6212274707
        2.4404457000         3.8000000000         1.9095605444         0.7041699851        14.8871767676
        2.4454930000         3.8000000000         1.9044558907         0.7577594117        14.7542021191
        2.4505192000         3.8000000000         1.8967989101         0.8113488384        14.5547401465
        2.4555163000         3.8000000000         1.9095605444         0.8802495297        14.8871767676
        2.4604855000         3.8000000000         1.8865896027         0.9236314466        14.2887908496
        2.4656886000         3.8000000000         1.8993512370         0.9772208732        14.6212274707
        2.4705720000         3.8000000000         1.8865896027         1.0359140547        14.2887908496
        2.4755268000         3.8000000000         1.8916942564         1.0997109912        14.4217654980
        2.4805528000         3.8000000000         1.8840372758         1.1379891531        14.2223035253
        2.4855103000         3.8000000000         1.9095605444         1.2043379670        14.8871767676
        2.4905647000         3.8000000000         1.8916942564         1.2528236388        14.4217654980
        2.4955410000         3.8000000000         1.8865896027         1.3115168203        14.2887908496
        2.5004981000         3.8000000000         1.8942465832         1.3625543695        14.4882528222
        2.5055446000         3.8000000000         1.8916942564         1.4186956736        14.4217654980
        2.5104706000         3.8000000000         1.8993512370         1.4773888552        14.6212274707
        2.5154850000         3.8000000000         1.8993512370         1.5258745269        14.6212274707
        2.5204641000         3.8000000000         1.8993512370         1.5896714634        14.6212274707
        2.5255507000         3.8000000000         1.8865896027         1.6305015027        14.2887908496
        2.5304903000         3.8000000000         1.9325314861         1.6994021941        15.4855626856
        2.5354811000         3.8000000000         1.8916942564         1.7453359884        14.4217654980
        2.5404535000         3.8000000000         1.8891419295         1.7963735375        14.3552781738
        2.5455221000         3.8000000000         1.8967989101         1.8550667191        14.5547401465
        2.5504876000         3.8000000000         1.9070082175         1.9035523908        14.8206894434
        2.5554895000         3.8000000000         1.8942465832         1.9699012047        14.4882528222
        2.5605370000         3.8000000000         1.8993512370         2.0260425088        14.6212274707
        2.5655942000         3.8000000000         1.8993512370         2.0821838129        14.6212274707
        2.5705341000         3.8000000000         1.8993512370         2.1332213621        14.6212274707
        2.5756906000         3.8000000000         1.8840372758         2.1791551564        14.2223035253
        2.5805602000         3.8000000000         1.9070082175         2.2506077252        14.8206894434
        2.5855368000         3.8000000000         1.8993512370         2.3016452744        14.6212274707
        2.5904954000         3.8000000000         1.8814849490         2.3552347011        14.1558162011
        2.5956915000         3.8000000000         1.9070082175         2.4139278826        14.8206894434
        2.6006829000         3.8000000000         1.8891419295         2.4675173092        14.3552781738
        2.6055344000         3.8000000000         1.9070082175         2.5338661232        14.8206894434
        2.6106072000         3.8000000000         1.8865896027         2.5823517949        14.2887908496
        2.6157087000         3.8000000000         1.9044558907         2.6384930990        14.7542021191
        2.6205292000         3.8000000000         1.8865896027         2.6844268933        14.2887908496
        2.6256820000         3.8000000000         1.9044558907         2.7558794621        14.7542021191
        2.6306170000         3.8000000000         1.8814849490         2.7967095015        14.1558162011
        2.6356276000         3.8000000000         1.9019035638         2.8630583154        14.6877147949
        2.6404829000         3.8000000000         1.8967989101         2.9243033744        14.5547401465
        2.6457067000         3.8000000000         1.8891419295         2.9676852912        14.3552781738
        2.6505976000         3.8000000000         1.8891419295         3.0238265953        14.3552781738
        2.6555558000         3.8000000000         1.9095605444         3.0927272867        14.8871767676
        2.6605634000         3.8000000000         1.8967989101         3.1412129584        14.5547401465
        2.6655826000         3.8000000000         1.8967989101         3.2024580174        14.5547401465
        2.6704830000         3.8000000000         1.9070082175         3.2560474441        14.8206894434
        2.6755947000         3.8000000000         1.9044558907         3.3121887482        14.7542021191
        2.6806417000         3.8000000000         1.9044558907         3.3657781748        14.7542021191
        2.6856864000         3.8000000000         1.9019035638         3.4219194789        14.6877147949
        2.6904945000         3.8000000000         1.8993512370         3.4857164154        14.6212274707
        2.6955876000         3.8000000000         1.8916942564         3.5265464547        14.4217654980
        2.7006139000         3.8000000000         1.9019035638         3.5877915138        14.6877147949
        2.7056039000         3.8000000000         1.8967989101         3.6464846953        14.5547401465
        2.7106119000         3.8000000000         1.8942465832         3.7026259994        14.4882528222
        2.7156359000         3.8000000000         1.9070082175         3.7638710584        14.8206894434
        2.7206121000         3.8000000000         1.9070082175         3.8149086076        14.8206894434
        2.7256507000         3.8000000000         1.9044558907         3.8787055441        14.7542021191
        2.7307165000         3.8000000000         1.8993512370         3.9271912158        14.6212274707
        2.7356290000         3.8000000000         1.8916942564         3.9807806424        14.4217654980
        2.7404474000         3.8000000000         1.8993512370         4.0420257015        14.6212274707
        2.7455704000         3.8000000000         1.9070082175         4.1058226379        14.8206894434
        2.7506032000         3.8000000000         1.9019035638         4.1492045547        14.6877147949
        2.7556152000         3.8000000000         1.9095605444         4.2206571236        14.8871767676
        2.7605883000         3.8000000000         1.8967989101         4.2640390404        14.5547401465
        2.7655880000         3.8000000000         1.9121128712         4.3303878543        14.9536640918
        2.7705448000         3.8000000000         1.9044558907         4.3941847908        14.7542021191
        2.7755819000         3.8000000000         1.8942465832         4.4452223400        14.4882528222
        2.7804869000         3.8000000000         1.9095605444         4.5013636441        14.8871767676
        2.7855341000         3.8000000000         1.8993512370         4.5651605806        14.6212274707
        2.7904465000         3.8000000000         1.9070082175         4.6187500072        14.8206894434
        2.7955738000         3.8000000000         1.8967989101         4.6825469437        14.5547401465
        2.8005485000         3.8000000000         1.9044558907         4.7361363703        14.7542021191
        2.8056008000         3.8000000000         1.8916942564         4.8050370617        14.4217654980
        2.8106047000         3.8000000000         1.9172175250         4.8611783658        15.0866387403
        2.8156120000         3.8000000000         1.8942465832         4.9173196699        14.4882528222
        2.8206369000         3.8000000000         1.9044558907         4.9760128515        14.7542021191
        2.8255706000         3.8000000000         1.8942465832         5.0015316260        14.4882528222
        2.8306906000         3.8000000000         1.9019035638         5.0040835035        14.6877147949
        2.8355063000         3.8000000000         1.8865896027         1.1099185011        14.2887908496
        2.8405281000         3.8000000000         1.9095605444         0.0024036839        14.8871767676
        2.8455610000         3.8000000000         1.8942465832        -0.0001481936        14.4882528222
        2.8506770000         3.8000000000         1.9121128712         0.0075074388        14.9536640918
        2.8556053000         3.8000000000         1.9019035638         0.0662006203        14.6877147949
        2.8604604000         3.8000000000         1.9121128712         0.1274456793        14.9536640918
        2.8655043000         3.8000000000         1.9044558907         0.1861388609        14.7542021191
        2.8704799000         3.8000000000         1.9146651981         0.2550395523        15.0201514161
        2.8757036000         3.8000000000         1.9044558907         0.3111808564        14.7542021191
        2.8807349000         3.8000000000         1.9146651981         0.3647702830        15.0201514161
        2.8856597000         3.8000000000         1.9095605444         0.4285672195        14.8871767676
        2.8905547000         3.8000000000         1.9146651981         0.4872604011        15.0201514161
        2.8956346000         3.8000000000         1.9146651981         0.5459535826        15.0201514161
        2.9004205000         3.8000000000         1.9070082175         0.6020948867        14.8206894434
        2.9054952000         3.8000000000         1.9146651981         0.6633399457        15.0201514161
        2.9104401000         3.8000000000         1.9146651981         0.7220331273        15.0201514161
        2.9155241000         3.8000000000         1.9095605444         0.7756225539        14.8871767676
        2.9204385000         3.8000000000         1.9019035638         0.8317638580        14.6877147949
        2.9255586000         3.8000000000         1.9248745055         0.8879051621        15.2861007130
        2.9305507000         3.8000000000         1.8916942564         0.9440464662        14.4217654980
        2.9355136000         3.8000000000         1.9121128712         0.9950840154        14.9536640918
        2.9404487000         3.8000000000         1.8840372758         1.0588809519        14.2223035253
        2.9454813000         3.8000000000         1.9044558907         1.1048147461        14.7542021191
        2.9505795000         3.8000000000         1.8891419295         1.1711635601        14.3552781738
        2.9556292000         3.8000000000         1.8993512370         1.2196492318        14.6212274707
        2.9605629000         3.8000000000         1.9019035638         1.2757905359        14.6877147949
        2.9657177000         3.8000000000         1.8993512370         1.3370355949        14.6212274707
        2.9706853000         3.8000000000         1.8942465832         1.3804175117        14.4882528222
        2.9755604000         3.8000000000         1.8993512370         1.4442144482        14.6212274707
        2.9805533000         3.8000000000         1.8993512370         1.4978038748        14.6212274707
        2.9855397000         3.8000000000         1.8967989101         1.5539451789        14.5547401465
        2.9905157000         3.8000000000         1.8916942564         1.6024308506        14.4217654980
        2.9955371000         3.8000000000         1.9146651981         1.6687796646        15.0201514161
        3.0006139000         3.8000000000         1.8916942564         1.7121615814        14.4217654980
        3.0056645000         3.8000000000         1.8865896027         1.7657510080        14.2887908496
        3.0106313000         3.8000000000         1.9019035638         1.8218923121        14.6877147949
        3.0156029000         3.8000000000         1.8967989101         1.8805854937        14.5547401465
        3.0206570000         3.8000000000         1.8967989101         1.9341749203        14.5547401465
        3.0256001000         3.8000000000         1.9044558907         1.9954199793        14.7542021191
        3.0306436000         3.8000000000         1.9019035638         2.0413537736        14.6877147949
        3.0355806000         3.8000000000         1.8942465832         2.1051507101        14.4882528222
        3.0405301000         3.8000000000         1.8891419295         2.1510845043        14.3552781738
        3.0456681000         3.8000000000         1.8916942564         2.2097776859        14.4217654980
        3.0506674000         3.8000000000         1.9044558907         2.2710227449        14.7542021191
        3.0556652000         3.8000000000         1.8865896027         2.3297159265        14.2887908496
        3.0606571000         3.8000000000         1.9197698518         2.3935128629        15.1531260645
        3.0656573000         3.8000000000         1.8942465832         2.4368947797        14.4882528222
        3.0706637000         3.8000000000         1.8916942564         2.4930360838        14.4217654980
        3.0755422000         3.8000000000         1.8865896027         2.5491773879        14.2887908496
        3.0805134000         3.8000000000         1.8942465832         2.6078705695        14.4882528222
        3.0856316000         3.8000000000         1.8942465832         2.6691156285        14.4882528222
        3.0905222000         3.8000000000         1.9019035638         2.7252569326        14.6877147949
        3.0956558000         3.8000000000         1.8967989101         2.7813982367        14.5547401465
        3.1006985000         3.8000000000         1.8993512370         2.8375395408        14.6212274707
        3.1055739000         3.8000000000         1.9070082175         2.8936808449        14.8206894434
        3.1105227000         3.8000000000         1.8840372758         2.9447183941        14.2223035253
        3.1155658000         3.8000000000         1.8967989101         3.0085153306        14.5547401465
        3.1205177000         3.8000000000         1.8967989101         3.0646566347        14.5547401465
        3.1255519000         3.8000000000         1.8916942564         3.1131423064        14.4217654980
        3.1305187000         3.8000000000         1.9121128712         3.1820429978        14.9536640918
        3.1355354000         3.8000000000         1.9070082175         3.2407361793        14.8206894434
        3.1405615000         3.8000000000         1.9274268324         3.2943256060        15.3525880372
        3.1456749000         3.8000000000         1.8967989101         3.3428112777        14.5547401465
        3.1507009000         3.8000000000         1.9095605444         3.4066082142        14.8871767676
        3.1555035000         3.8000000000         1.8840372758         3.4525420084        14.2223035253
        3.1606630000         3.8000000000         1.9044558907         3.5214426998        14.7542021191
        3.1655018000         3.8000000000         1.9095605444         3.5673764941        14.8871767676
        3.1705080000         3.8000000000         1.9019035638         3.6260696756        14.6877147949
        3.1756646000         3.8000000000         1.9044558907         3.6898666121        14.7542021191
        3.1807092000         3.8000000000         1.9044558907         3.7358004064        14.7542021191
        3.1855589000         3.8000000000         1.9070082175         3.8021492203        14.8206894434
        3.1905898000         3.8000000000         1.9044558907         3.8531867695        14.7542021191
        3.1954411000         3.8000000000         1.9044558907         3.9093280736        14.7542021191
        3.2004854000         3.8000000000         1.8942465832         3.9603656228        14.4882528222
        3.2056233000         3.8000000000         1.9070082175         4.0216106818        14.8206894434
        3.2106772000         3.8000000000         1.9019035638         4.0854076183        14.6877147949
        3.2155776000         3.8000000000         1.9044558907         4.1441007998        14.7542021191
        3.2204995000         3.8000000000         1.9095605444         4.1976902265        14.8871767676
        3.2255815000         3.8000000000         1.9070082175         4.2589352855        14.8206894434
        3.2305804000         3.8000000000         1.8942465832         4.3023172023        14.4882528222
        3.2356744000         3.8000000000         1.9172175250         4.3686660162        15.0866387403
        3.2406354000         3.8000000000         1.8891419295         4.4248073203        14.3552781738
        3.2456497000         3.8000000000         1.9197698518         4.4886042568        15.1531260645
        3.2505833000         3.8000000000         1.8916942564         4.5421936834        14.4217654980
        3.2556461000         3.8000000000         1.9070082175         4.6034387424        14.8206894434
        3.2606458000         3.8000000000         1.8942465832         4.6570281691        14.4882528222
        3.2655553000         3.8000000000         1.9044558907         4.7106175957        14.7542021191
        3.2705587000         3.8000000000         1.9070082175         4.7820701646        14.8206894434
        3.2756320000         3.8000000000         1.9019035638         4.8356595912        14.6877147949
        3.2805030000         3.8000000000         1.8916942564         4.8892490178        14.4217654980
        3.2860982000         3.8000000000         1.9070082175         4.9555978318        14.8206894434
        3.2905899000         3.8000000000         1.8993512370         5.0117391359        14.6212274707
        3.2957292000         3.8000000000         1.9044558907         5.0040835035        14.7542021191
        3.3005870000         3.8000000000         1.8916942564         4.9989797486        14.4217654980
        3.3055792000         3.8000000000         1.9044558907         1.1124703785        14.7542021191
        3.3106113000         3.8000000000         1.9070082175         0.0075074388        14.8206894434
        3.3156539000         3.8000000000         1.9146651981         0.0075074388        15.0201514161
        3.3205922000         3.8000000000         1.8942465832         0.0483374781        14.4882528222
        3.3256617000         3.8000000000         1.8967989101         0.1019269048        14.5547401465
        3.3305569000         3.8000000000         1.9172175250         0.1708275961        15.0866387403
        3.3355716000         3.8000000000         1.9019035638         0.2167613904        14.6877147949
        3.3406640000         3.8000000000         1.9044558907         0.2831102043        14.7542021191
        3.3456097000         3.8000000000         1.8967989101         0.3418033859        14.5547401465
        3.3506753000         3.8000000000         1.9197698518         0.4107040773        15.1531260645
        3.3556595000         3.8000000000         1.8916942564         0.4591897490        14.4217654980
        3.3606469000         3.8000000000         1.9095605444         0.5204348080        14.8871767676
        3.3655975000         3.8000000000         1.8942465832         0.5714723572        14.4882528222
        3.3705180000         3.8000000000         1.8993512370         0.6327174162        14.6212274707
        3.3755950000         3.8000000000         1.9146651981         0.6990662302        15.0201514161
        3.3807229000         3.8000000000         1.8916942564         0.7450000244        14.4217654980
        3.3856343000         3.8000000000         1.9044558907         0.8139007158        14.7542021191
        3.3905125000         3.8000000000         1.9044558907         0.8649382650        14.7542021191
        3.3956121000         3.8000000000         1.8891419295         0.9134239367        14.3552781738
        3.4006081000         3.8000000000         1.9019035638         0.9746689957        14.6877147949
        3.4056593000         3.8000000000         1.8891419295         1.0257065449        14.3552781738
        3.4106739000         3.8000000000         1.8789326221         1.0818478490        14.0893288769
        3.4156359000         3.8000000000         1.8840372758         1.1354372756        14.2223035253
        3.4206376000         3.8000000000         1.9019035638         1.1915785797        14.6877147949
        3.4256208000         3.8000000000         1.9019035638         1.2477198838        14.6877147949
        3.4306268000         3.8000000000         1.8814849490         1.3013093105        14.1558162011
        3.4355442000         3.8000000000         1.9121128712         1.3625543695        14.9536640918
        3.4406888000         3.8000000000         1.8814849490         1.4084881638        14.1558162011
        3.4456596000         3.8000000000         1.8916942564         1.4671813453        14.4217654980
        3.4506382000         3.8000000000         1.8916942564         1.5233226494        14.4217654980
        3.4555832000         3.8000000000         1.8916942564         1.5692564437        14.4217654980
        3.4605917000         3.8000000000         1.8891419295         1.6305015027        14.3552781738
        3.4656092000         3.8000000000         1.9121128712         1.6866428068        14.9536640918
        3.4706183000         3.8000000000         1.9070082175         1.7478878658        14.8206894434
        3.4756331000         3.8000000000         1.8942465832         1.7963735375        14.4882528222
        3.4806377000         3.8000000000         1.8967989101         1.8499629642        14.5547401465
        3.4854698000         3.8000000000         1.9044558907         1.9086561457        14.7542021191
        3.4904833000         3.8000000000         1.8865896027         1.9545899400        14.2887908496
        3.4955270000         3.8000000000         1.8993512370         2.0132831215        14.6212274707
        3.5006045000         3.8000000000         1.8967989101         2.0668725482        14.5547401465
        3.5055116000         3.8000000000         1.9121128712         2.1383251170        14.9536640918
        3.5104861000         3.8000000000         1.8967989101         2.1868107888        14.5547401465
        3.5155568000         3.8000000000         1.8993512370         2.2404002154        14.6212274707
        3.5206539000         3.8000000000         1.8993512370         2.2990933970        14.6212274707
        3.5256589000         3.8000000000         1.8967989101         2.3552347011        14.5547401465
        3.5306193000         3.8000000000         1.9070082175         2.4113760052        14.8206894434
        3.5356125000         3.8000000000         1.9019035638         2.4726210642        14.6877147949
        3.5406500000         3.8000000000         1.9019035638         2.5262104908        14.6877147949
        3.5456506000         3.8000000000         1.9019035638         2.5772480400        14.6877147949
        3.5506512000         3.8000000000         1.9044558907         2.6435968539        14.7542021191
        3.5556292000         3.8000000000         1.8967989101         2.6920825256        14.5547401465
        3.5606600000         3.8000000000         1.9376361398         2.7482238297        15.6185373341
        3.5654861000         3.8000000000         1.9044558907         2.7992613789        14.7542021191
        3.5704967000         3.8000000000         1.9274268324         2.8732658252        15.3525880372
        3.5756943000         3.8000000000         1.8942465832         2.9217514970        14.4882528222
        3.5806308000         3.8000000000         1.8916942564         2.9778928011        14.4217654980
        3.5855686000         3.8000000000         1.9019035638         3.0365859826        14.6877147949
        3.5906413000         3.8000000000         1.9044558907         3.0901754092        14.7542021191
        3.5955674000         3.8000000000         1.8942465832         3.1386610810        14.4882528222
        3.6006327000         3.8000000000         1.8942465832         3.2024580174        14.4882528222
        3.6057167000         3.8000000000         1.9044558907         3.2585993215        14.7542021191
        3.6104426000         3.8000000000         1.9121128712         3.3198443806        14.9536640918
        3.6154256000         3.8000000000         1.8993512370         3.3734338072        14.6212274707
        3.6204083000         3.8000000000         1.9095605444         3.4346788662        14.8871767676
        3.6256020000         3.8000000000         1.9095605444         3.4933720478        14.8871767676
        3.6305845000         3.8000000000         1.8942465832         3.5342020871        14.4882528222
        3.6355876000         3.8000000000         1.9044558907         3.5928952687        14.7542021191
        3.6406253000         3.8000000000         1.9019035638         3.6541403277        14.6877147949
        3.6462415000         3.8000000000         1.9044558907         3.7102816318        14.7542021191
        3.6506280000         3.8000000000         1.8993512370         3.7664229359        14.6212274707
        3.6557916000         3.8000000000         1.9070082175         3.8327717498        14.8206894434
        3.6605569000         3.8000000000         1.9146651981         3.8863611765        15.0201514161
        3.6656453000         3.8000000000         1.9070082175         3.9425024806        14.8206894434
        3.6707911000         3.8000000000         1.9070082175         3.9935400297        14.8206894434
        3.6756284000         3.8000000000         1.9121128712         4.0547850888        14.9536640918
        3.6805623000         3.8000000000         1.9019035638         4.1109263928        14.6877147949
        3.6855721000         3.8000000000         1.9070082175         4.1721714519        14.8206894434
        3.6906644000         3.8000000000         1.9146651981         4.2359683883        15.0201514161
        3.6955753000         3.8000000000         1.9070082175         4.2870059375        14.8206894434
        3.7004978000         3.8000000000         1.8891419295         4.3303878543        14.3552781738
        3.7055821000         3.8000000000         1.9121128712         4.3992885457        14.9536640918
        3.7105745000         3.8000000000         1.9121128712         4.4605336047        14.9536640918
        3.7156494000         3.8000000000         1.8993512370         4.5064673990        14.6212274707
        3.7206824000         3.8000000000         1.8993512370         4.5728162129        14.6212274707
        3.7256806000         3.8000000000         1.9197698518         4.6391650269        15.1531260645
        3.7306737000         3.8000000000         1.8993512370         4.6876506986        14.6212274707
        3.7356961000         3.8000000000         1.9146651981         4.7514476351        15.0201514161
        3.7407196000         3.8000000000         1.8993512370         4.8050370617        14.6212274707
        3.7456044000         3.8000000000         1.9044558907         4.8713858756        14.7542021191
        3.7505563000         3.8000000000         1.9070082175         4.9326309346        14.8206894434
        3.7556063000         3.8000000000         1.8993512370         4.9836684838        14.6212274707
        3.7605798000         3.8000000000         1.9070082175         5.0066353810        14.8206894434
        3.7656478000         3.8000000000         1.9095605444         5.0091872584        14.8871767676
        3.7705839000         3.8000000000         1.9146651981         1.1175741334        15.0201514161
        3.7755975000         3.8000000000         1.9172175250        -0.0001481936        15.0866387403
        3.7805754000         3.8000000000         1.9248745055         0.0024036839        15.2861007130
        3.7856365000         3.8000000000         1.9172175250         0.0355780908        15.0866387403
        3.7906645000         3.8000000000         1.9019035638         0.0891675175        14.6877147949
        3.7956211000         3.8000000000         1.9146651981         0.1504125765        15.0201514161
        3.8006824000         3.8000000000         1.9044558907         0.2091057580        14.7542021191
        3.8056691000         3.8000000000         1.9172175250         0.2677989396        15.0866387403
        3.8104510000         3.8000000000         1.9044558907         0.3290439986        14.7542021191
        3.8154418000         3.8000000000         1.9070082175         0.3826334252        14.8206894434
        3.8205202000         3.8000000000         1.9121128712         0.4540859941        14.9536640918
        3.8255913000         3.8000000000         1.9121128712         0.5051235433        14.9536640918
        3.8305241000         3.8000000000         1.8967989101         0.5587129699        14.5547401465
        3.8356346000         3.8000000000         1.9044558907         0.6225099064        14.7542021191
        3.8411849000         3.8000000000         1.9172175250         0.6863068429        15.0866387403
        3.8456854000         3.8000000000         1.9070082175         0.7475519019        14.8206894434
        3.8511517000         3.8000000000         1.9070082175         0.7960375736        14.8206894434
        3.8556778000         3.8000000000         1.9044558907         0.8547307552        14.7542021191
        3.8608239000         3.8000000000         1.9095605444         0.9134239367        14.8871767676
        3.8655222000         3.8000000000         1.8967989101         0.9670133634        14.5547401465
        3.8706640000         3.8000000000         1.9044558907         1.0231546675        14.7542021191
        3.8755483000         3.8000000000         1.8916942564         1.0792959716        14.4217654980
        3.8806036000         3.8000000000         1.8942465832         1.1328853982        14.4882528222
        3.8856644000         3.8000000000         1.8865896027         1.1813710699        14.2887908496
        3.8906330000         3.8000000000         1.8967989101         1.2477198838        14.5547401465
        3.8955851000         3.8000000000         1.8814849490         1.2885499232        14.1558162011
        3.9005470000         3.8000000000         1.9044558907         1.3574506146        14.7542021191
        3.9055203000         3.8000000000         1.8916942564         1.4059362863        14.4217654980
        3.9106105000         3.8000000000         1.9095605444         1.4620775904        14.8871767676
        3.9156589000         3.8000000000         1.8865896027         1.5156670170        14.2887908496
        3.9206837000         3.8000000000         1.8865896027         1.5667045662        14.2887908496
        3.9255118000         3.8000000000         1.9070082175         1.6253977478        14.8206894434
        3.9306582000         3.8000000000         1.8993512370         1.6840909293        14.6212274707
        3.9356422000         3.8000000000         1.8967989101         1.7376803560        14.5547401465
        3.9406859000         3.8000000000         1.9044558907         1.7989254150        14.7542021191
        3.9456418000         3.8000000000         1.9121128712         1.8474110867        14.9536640918
        3.9506200000         3.8000000000         1.8967989101         1.8933448810        14.5547401465
        3.9555294000         3.8000000000         1.9019035638         1.9571418174        14.6877147949
        3.9605564000         3.8000000000         1.8942465832         2.0056274892        14.4882528222
        3.9656555000         3.8000000000         1.8993512370         2.0694244256        14.6212274707
        3.9705892000         3.8000000000         1.9070082175         2.1255657297        14.8206894434
        3.9756560000         3.8000000000         1.8993512370         2.1817070338        14.6212274707
        3.9806115000         3.8000000000         1.9121128712         2.2378483379        14.9536640918
        3.9857345000         3.8000000000         1.8942465832         2.2990933970        14.4882528222
        3.9906889000         3.8000000000         1.9044558907         2.3526828236        14.7542021191
        3.9956316000         3.8000000000         1.9121128712         2.4139278826        14.9536640918
        4.0006337000         3.8000000000         1.8891419295         2.4598616769        14.3552781738
