% Sweep Step 50/200  Vcmd=2.2500V  CCW 
% Vg_offset=1.338069V  K_gimbal=26.049690

Time[s]              Vcmd[V]              Vg_raw[V]            Pot[V]             Omega[rad/s]
        0.0019052000         2.2500000000         1.3327346748         4.6646838015        -0.1389585076
        0.0056874000         2.2500000000         1.3429439823         4.6748913113         0.1269907893
        0.0107012000         2.2500000000         1.3454963091         4.6799950662         0.1934781135
        0.0155662000         2.2500000000         1.3454963091         4.6774431887         0.1934781135
        0.0205192000         2.2500000000         1.3378393285         4.6697875564        -0.0059838592
        0.0257343000         2.2500000000         1.3327346748         4.6672356789        -0.1389585076
        0.0306880000         2.2500000000         1.3378393285         4.6723394338        -0.0059838592
        0.0355826000         2.2500000000         1.3454963091         4.6774431887         0.1934781135
        0.0406844000         2.2500000000         1.3352870017         4.6723394338        -0.0724711834
        0.0456633000         2.2500000000         1.3429439823         4.6774431887         0.1269907893
        0.0507503000         2.2500000000         1.3174207137         4.6774431887        -0.5378824530
        0.0556265000         2.2500000000         1.3021067526         4.6672356789        -0.9368063984
        0.0607048000         2.2500000000         1.3123160600         4.6621319240        -0.6708571014
        0.0656245000         2.2500000000         1.3480486360         4.6646838015         0.2599654377
        0.0705603000         2.2500000000         1.3097637331         4.6621319240        -0.7373444257
        0.0755357000         2.2500000000         1.3174207137         4.6544762916        -0.5378824530
        0.0806212000         2.2500000000         1.3123160600         4.6595800465        -0.6708571014
        0.0855638000         2.2500000000         1.3148683868         4.6519244142        -0.6043697772
        0.0906063000         2.2500000000         1.3199730405         4.6468206592        -0.4713951288
        0.0957105000         2.2500000000         1.3123160600         4.6442687818        -0.6708571014
        0.1005913000         2.2500000000         1.3148683868         4.6442687818        -0.6043697772
        0.1055824000         2.2500000000         1.3148683868         4.6391650269        -0.6043697772
        0.1106963000         2.2500000000         1.3148683868         4.6391650269        -0.6043697772
        0.1155083000         2.2500000000         1.3097637331         4.6417169043        -0.7373444257
        0.1206105000         2.2500000000         1.3148683868         4.6340612719        -0.6043697772
        0.1256416000         2.2500000000         1.3174207137         4.6340612719        -0.5378824530
        0.1305600000         2.2500000000         1.3250776943         4.6289575170        -0.3384204803
        0.1356636000         2.2500000000         1.3250776943         4.6366131494        -0.3384204803
        0.1406458000         2.2500000000         1.3250776943         4.6264056396        -0.3384204803
        0.1455147000         2.2500000000         1.3225253674         4.6264056396        -0.4049078045
        0.1506129000         2.2500000000         1.3225253674         4.6238537621        -0.4049078045
        0.1555795000         2.2500000000         1.3148683868         4.6161981297        -0.6043697772
        0.1606088000         2.2500000000         1.3276300211         4.6264056396        -0.2719331561
        0.1655209000         2.2500000000         1.3301823480         4.6264056396        -0.2054458319
        0.1705076000         2.2500000000         1.3148683868         4.6187500072        -0.6043697772
        0.1755479000         2.2500000000         1.3301823480         4.6238537621        -0.2054458319
        0.1806126000         2.2500000000         1.3301823480         4.6213018847        -0.2054458319
        0.1855180000         2.2500000000         1.3327346748         4.6213018847        -0.1389585076
        0.1904665000         2.2500000000         1.3352870017         4.6213018847        -0.0724711834
        0.1954879000         2.2500000000         1.3250776943         4.6110943748        -0.3384204803
        0.2004601000         2.2500000000         1.3250776943         4.6085424974        -0.3384204803
        0.2054925000         2.2500000000         1.3250776943         4.6085424974        -0.3384204803
        0.2105529000         2.2500000000         1.3225253674         4.6085424974        -0.4049078045
        0.2155914000         2.2500000000         1.3301823480         4.6110943748        -0.2054458319
        0.2204608000         2.2500000000         1.3148683868         4.6059906199        -0.6043697772
        0.2254645000         2.2500000000         1.3148683868         4.5957831101        -0.6043697772
        0.2306450000         2.2500000000         1.3199730405         4.6008868650        -0.4713951288
        0.2355384000         2.2500000000         1.3148683868         4.5957831101        -0.6043697772
        0.2406266000         2.2500000000         1.3250776943         4.6034387424        -0.3384204803
        0.2456147000         2.2500000000         1.3174207137         4.5932312326        -0.5378824530
        0.2506160000         2.2500000000         1.3199730405         4.5957831101        -0.4713951288
        0.2554479000         2.2500000000         1.3199730405         4.5932312326        -0.4713951288
        0.2605284000         2.2500000000         1.3225253674         4.5881274777        -0.4049078045
        0.2654703000         2.2500000000         1.3174207137         4.5881274777        -0.5378824530
        0.2706371000         2.2500000000         1.3199730405         4.5906793551        -0.4713951288
        0.2756082000         2.2500000000         1.3097637331         4.5753680904        -0.7373444257
        0.2806494000         2.2500000000         1.3148683868         4.5804718453        -0.6043697772
        0.2856538000         2.2500000000         1.3174207137         4.5779199678        -0.5378824530
        0.2907697000         2.2500000000         1.3148683868         4.5779199678        -0.6043697772
        0.2957762000         2.2500000000         1.3199730405         4.5702643355        -0.4713951288
        0.3007447000         2.2500000000         1.3174207137         4.5702643355        -0.5378824530
        0.3056530000         2.2500000000         1.3174207137         4.5702643355        -0.5378824530
        0.3105993000         2.2500000000         1.3199730405         4.5677124580        -0.4713951288
        0.3155362000         2.2500000000         1.3174207137         4.5677124580        -0.5378824530
        0.3205537000         2.2500000000         1.3199730405         4.5626087031        -0.4713951288
        0.3256199000         2.2500000000         1.3250776943         4.5677124580        -0.3384204803
        0.3306289000         2.2500000000         1.3276300211         4.5677124580        -0.2719331561
        0.3356190000         2.2500000000         1.3327346748         4.5651605806        -0.1389585076
        0.3405167000         2.2500000000         1.3276300211         4.5626087031        -0.2719331561
        0.3455244000         2.2500000000         1.3225253674         4.5549530707        -0.4049078045
        0.3506138000         2.2500000000         1.3148683868         4.5447455609        -0.6043697772
        0.3556157000         2.2500000000         1.3174207137         4.5498493158        -0.5378824530
        0.3604876000         2.2500000000         1.3174207137         4.5447455609        -0.5378824530
        0.3655339000         2.2500000000         1.3250776943         4.5498493158        -0.3384204803
        0.3706993000         2.2500000000         1.3225253674         4.5472974383        -0.4049078045
        0.3755240000         2.2500000000         1.3225253674         4.5447455609        -0.4049078045
        0.3805473000         2.2500000000         1.3250776943         4.5524011933        -0.3384204803
        0.3855569000         2.2500000000         1.3250776943         4.5421936834        -0.3384204803
        0.3906596000         2.2500000000         1.3174207137         4.5345380510        -0.5378824530
        0.3957414000         2.2500000000         1.3174207137         4.5345380510        -0.5378824530
        0.4005998000         2.2500000000         1.3225253674         4.5396418060        -0.4049078045
        0.4057061000         2.2500000000         1.3276300211         4.5370899285        -0.2719331561
        0.4105917000         2.2500000000         1.3276300211         4.5396418060        -0.2719331561
        0.4157451000         2.2500000000         1.3250776943         4.5345380510        -0.3384204803
        0.4207764000         2.2500000000         1.3276300211         4.5396418060        -0.2719331561
        0.4256290000         2.2500000000         1.3301823480         4.5370899285        -0.2054458319
        0.4306689000         2.2500000000         1.3301823480         4.5345380510        -0.2054458319
        0.4356430000         2.2500000000         1.3174207137         4.5217786637        -0.5378824530
        0.4406427000         2.2500000000         1.3250776943         4.5268824187        -0.3384204803
        0.4457013000         2.2500000000         1.3250776943         4.5268824187        -0.3384204803
        0.4506198000         2.2500000000         1.3250776943         4.5166749088        -0.3384204803
        0.4557214000         2.2500000000         1.3250776943         4.5243305412        -0.3384204803
        0.4606296000         2.2500000000         1.3276300211         4.5192267863        -0.2719331561
        0.4657523000         2.2500000000         1.3352870017         4.5243305412        -0.0724711834
        0.4706188000         2.2500000000         1.3327346748         4.5243305412        -0.1389585076
        0.4756813000         2.2500000000         1.3225253674         4.5141230314        -0.4049078045
        0.4808736000         2.2500000000         1.3352870017         4.5217786637        -0.0724711834
        0.4857955000         2.2500000000         1.3301823480         4.5217786637        -0.2054458319
        0.4905914000         2.2500000000         1.3403916554         4.5115711539         0.0605034650
        0.4956756000         2.2500000000         1.3276300211         4.5115711539        -0.2719331561
        0.5006271000         2.2500000000         1.3250776943         4.5141230314        -0.3384204803
        0.5057786000         2.2500000000         1.3199730405         4.5039155215        -0.4713951288
        0.5106983000         2.2500000000         1.3276300211         4.5115711539        -0.2719331561
        0.5157901000         2.2500000000         1.3301823480         4.5013636441        -0.2054458319
        0.5207589000         2.2500000000         1.3276300211         4.5064673990        -0.2719331561
        0.5257008000         2.2500000000         1.3352870017         4.5064673990        -0.0724711834
        0.5306768000         2.2500000000         1.3301823480         4.5115711539        -0.2054458319
        0.5357918000         2.2500000000         1.3276300211         4.5013636441        -0.2719331561
        0.5407498000         2.2500000000         1.3250776943         4.5013636441        -0.3384204803
        0.5456426000         2.2500000000         1.3250776943         4.4937080117        -0.3384204803
        0.5505117000         2.2500000000         1.3276300211         4.4988117666        -0.2719331561
        0.5557414000         2.2500000000         1.3352870017         4.5064673990        -0.0724711834
        0.5609818000         2.2500000000         1.3327346748         4.5013636441        -0.1389585076
        0.5657172000         2.2500000000         1.3199730405         4.4886042568        -0.4713951288
        0.5707194000         2.2500000000         1.3174207137         4.4886042568        -0.5378824530
        0.5756399000         2.2500000000         1.3225253674         4.4937080117        -0.4049078045
        0.5806670000         2.2500000000         1.3301823480         4.4988117666        -0.2054458319
        0.5855431000         2.2500000000         1.3199730405         4.4937080117        -0.4713951288
        0.5906897000         2.2500000000         1.3250776943         4.4911561342        -0.3384204803
        0.5955751000         2.2500000000         1.3225253674         4.4860523793        -0.4049078045
        0.6006228000         2.2500000000         1.3148683868         4.4835005019        -0.6043697772
        0.6055803000         2.2500000000         1.3148683868         4.4783967469        -0.6043697772
        0.6111284000         2.2500000000         1.3225253674         4.4835005019        -0.4049078045
        0.6157046000         2.2500000000         1.3225253674         4.4809486244        -0.4049078045
        0.6207424000         2.2500000000         1.3250776943         4.4860523793        -0.3384204803
        0.6257491000         2.2500000000         1.3327346748         4.4860523793        -0.1389585076
        0.6308353000         2.2500000000         1.3429439823         4.4835005019         0.1269907893
        0.6357271000         2.2500000000         1.3276300211         4.4783967469        -0.2719331561
        0.6407360000         2.2500000000         1.3199730405         4.4758448695        -0.4713951288
        0.6457371000         2.2500000000         1.3276300211         4.4783967469        -0.2719331561
        0.6507412000         2.2500000000         1.3225253674         4.4681892371        -0.4049078045
        0.6557405000         2.2500000000         1.3250776943         4.4656373597        -0.3384204803
        0.6607410000         2.2500000000         1.3199730405         4.4656373597        -0.4713951288
        0.6657081000         2.2500000000         1.3072114063         4.4630854822        -0.8038317499
        0.6706747000         2.2500000000         1.3225253674         4.4605336047        -0.4049078045
        0.6757083000         2.2500000000         1.3276300211         4.4656373597        -0.2719331561
        0.6806793000         2.2500000000         1.3250776943         4.4630854822        -0.3384204803
        0.6856237000         2.2500000000         1.3250776943         4.4579817273        -0.3384204803
        0.6906134000         2.2500000000         1.3148683868         4.4503260949        -0.6043697772
        0.6957384000         2.2500000000         1.3174207137         4.4528779724        -0.5378824530
        0.7006846000         2.2500000000         1.3123160600         4.4477742174        -0.6708571014
        0.7056387000         2.2500000000         1.3097637331         4.4426704625        -0.7373444257
        0.7107340000         2.2500000000         1.3174207137         4.4477742174        -0.5378824530
        0.7157218000         2.2500000000         1.3174207137         4.4452223400        -0.5378824530
        0.7207155000         2.2500000000         1.3148683868         4.4426704625        -0.6043697772
        0.7256927000         2.2500000000         1.3123160600         4.4350148301        -0.6708571014
        0.7307367000         2.2500000000         1.3174207137         4.4375667076        -0.5378824530
        0.7356771000         2.2500000000         1.2944497720         4.4299110752        -1.1362683710
        0.7407343000         2.2500000000         1.3225253674         4.4401185851        -0.4049078045
        0.7458081000         2.2500000000         1.3148683868         4.4299110752        -0.6043697772
        0.7507436000         2.2500000000         1.3148683868         4.4273591978        -0.6043697772
        0.7556601000         2.2500000000         1.3225253674         4.4248073203        -0.4049078045
        0.7607739000         2.2500000000         1.3072114063         4.4197035654        -0.8038317499
        0.7657877000         2.2500000000         1.3174207137         4.4222554428        -0.5378824530
        0.7707496000         2.2500000000         1.3276300211         4.4248073203        -0.2719331561
        0.7757992000         2.2500000000         1.3097637331         4.4120479330        -0.7373444257
        0.7806493000         2.2500000000         1.3250776943         4.4222554428        -0.3384204803
        0.7856053000         2.2500000000         1.3276300211         4.4197035654        -0.2719331561
        0.7905148000         2.2500000000         1.3225253674         4.4120479330        -0.4049078045
        0.7955110000         2.2500000000         1.3199730405         4.4120479330        -0.4713951288
        0.8006367000         2.2500000000         1.3276300211         4.4145998105        -0.2719331561
        0.8055522000         2.2500000000         1.3148683868         4.4043923006        -0.6043697772
        0.8106412000         2.2500000000         1.3148683868         4.4018404232        -0.6043697772
        0.8159718000         2.2500000000         1.3225253674         4.4043923006        -0.4049078045
        0.8206938000         2.2500000000         1.3327346748         4.4094960556        -0.1389585076
        0.8256183000         2.2500000000         1.3250776943         4.4018404232        -0.3384204803
        0.8306317000         2.2500000000         1.3250776943         4.3992885457        -0.3384204803
        0.8356105000         2.2500000000         1.3301823480         4.4043923006        -0.2054458319
        0.8406352000         2.2500000000         1.3250776943         4.4018404232        -0.3384204803
        0.8457269000         2.2500000000         1.3199730405         4.3916329133        -0.4713951288
        0.8506466000         2.2500000000         1.3250776943         4.3992885457        -0.3384204803
        0.8556556000         2.2500000000         1.3199730405         4.3916329133        -0.4713951288
        0.8607274000         2.2500000000         1.3250776943         4.3941847908        -0.3384204803
        0.8656591000         2.2500000000         1.3225253674         4.3890810359        -0.4049078045
        0.8705201000         2.2500000000         1.3199730405         4.3839772810        -0.4713951288
        0.8755938000         2.2500000000         1.3148683868         4.3788735260        -0.6043697772
        0.8807181000         2.2500000000         1.3250776943         4.3916329133        -0.3384204803
        0.8857171000         2.2500000000         1.3225253674         4.3839772810        -0.4049078045
        0.8907050000         2.2500000000         1.3199730405         4.3839772810        -0.4713951288
        0.8955543000         2.2500000000         1.3199730405         4.3814254035        -0.4713951288
        0.9005245000         2.2500000000         1.3174207137         4.3788735260        -0.5378824530
        0.9055964000         2.2500000000         1.3046590794         4.3763216486        -0.8703190741
        0.9105130000         2.2500000000         1.3276300211         4.3788735260        -0.2719331561
        0.9155800000         2.2500000000         1.3199730405         4.3686660162        -0.4713951288
        0.9204724000         2.2500000000         1.3148683868         4.3712178937        -0.6043697772
        0.9255582000         2.2500000000         1.3199730405         4.3737697711        -0.4713951288
        0.9306328000         2.2500000000         1.3250776943         4.3712178937        -0.3384204803
        0.9357900000         2.2500000000         1.3148683868         4.3635622613        -0.6043697772
        0.9406738000         2.2500000000         1.3123160600         4.3610103838        -0.6708571014
        0.9456481000         2.2500000000         1.3046590794         4.3508028740        -0.8703190741
        0.9507285000         2.2500000000         1.3148683868         4.3559066289        -0.6043697772
        0.9557913000         2.2500000000         1.3148683868         4.3584585064        -0.6043697772
        0.9607308000         2.2500000000         1.3148683868         4.3456991191        -0.6043697772
        0.9656460000         2.2500000000         1.3148683868         4.3482509965        -0.6043697772
        0.9707204000         2.2500000000         1.3123160600         4.3380434867        -0.6708571014
        0.9757823000         2.2500000000         1.3123160600         4.3431472416        -0.6708571014
        0.9806733000         2.2500000000         1.3250776943         4.3482509965        -0.3384204803
        0.9857501000         2.2500000000         1.3148683868         4.3380434867        -0.6043697772
        0.9906030000         2.2500000000         1.3199730405         4.3252840994        -0.4713951288
        0.9955587000         2.2500000000         1.3148683868         4.3329397318        -0.6043697772
        1.0005882000         2.2500000000         1.3199730405         4.3380434867        -0.4713951288
        1.0055546000         2.2500000000         1.3174207137         4.3303878543        -0.5378824530
        1.0105847000         2.2500000000         1.3199730405         4.3303878543        -0.4713951288
        1.0155422000         2.2500000000         1.3225253674         4.3278359769        -0.4049078045
        1.0207414000         2.2500000000         1.3174207137         4.3227322219        -0.5378824530
        1.0257825000         2.2500000000         1.3250776943         4.3252840994        -0.3384204803
        1.0307558000         2.2500000000         1.3174207137         4.3176284670        -0.5378824530
        1.0359488000         2.2500000000         1.3199730405         4.3176284670        -0.4713951288
        1.0407624000         2.2500000000         1.3199730405         4.3150765896        -0.4713951288
        1.0456068000         2.2500000000         1.3225253674         4.3125247121        -0.4049078045
        1.0505550000         2.2500000000         1.3199730405         4.3125247121        -0.4713951288
        1.0556414000         2.2500000000         1.3301823480         4.3150765896        -0.2054458319
        1.0607976000         2.2500000000         1.3225253674         4.3074209572        -0.4049078045
        1.0657623000         2.2500000000         1.3199730405         4.3048690797        -0.4713951288
        1.0707915000         2.2500000000         1.3276300211         4.3125247121        -0.2719331561
        1.0757163000         2.2500000000         1.3276300211         4.3099728347        -0.2719331561
        1.0806776000         2.2500000000         1.3225253674         4.2997653248        -0.4049078045
        1.0858051000         2.2500000000         1.3250776943         4.3048690797        -0.3384204803
        1.0905967000         2.2500000000         1.3250776943         4.2997653248        -0.3384204803
        1.0956305000         2.2500000000         1.3199730405         4.2895578150        -0.4713951288
        1.1006576000         2.2500000000         1.3225253674         4.2972134474        -0.4049078045
        1.1057873000         2.2500000000         1.3148683868         4.2895578150        -0.6043697772
        1.1106659000         2.2500000000         1.3199730405         4.2844540601        -0.4713951288
        1.1156569000         2.2500000000         1.3352870017         4.2997653248        -0.0724711834
        1.1207750000         2.2500000000         1.3174207137         4.2844540601        -0.5378824530
        1.1257811000         2.2500000000         1.3225253674         4.2870059375        -0.4049078045
        1.1307935000         2.2500000000         1.3148683868         4.2819021826        -0.6043697772
        1.1358059000         2.2500000000         1.3199730405         4.2870059375        -0.4713951288
        1.1406639000         2.2500000000         1.3250776943         4.2921096924        -0.3384204803
        1.1456530000         2.2500000000         1.3250776943         4.2844540601        -0.3384204803
        1.1506882000         2.2500000000         1.3199730405         4.2819021826        -0.4713951288
        1.1557882000         2.2500000000         1.3276300211         4.2844540601        -0.2719331561
        1.1606186000         2.2500000000         1.3225253674         4.2716946728        -0.4049078045
        1.1657707000         2.2500000000         1.3276300211         4.2819021826        -0.2719331561
        1.1706218000         2.2500000000         1.3148683868         4.2691427953        -0.6043697772
        1.1755846000         2.2500000000         1.3276300211         4.2793503051        -0.2719331561
        1.1805976000         2.2500000000         1.3199730405         4.2691427953        -0.4713951288
        1.1855968000         2.2500000000         1.3276300211         4.2767984277        -0.2719331561
        1.1906677000         2.2500000000         1.3148683868         4.2665909178        -0.6043697772
        1.1956965000         2.2500000000         1.3225253674         4.2691427953        -0.4049078045
        1.2006937000         2.2500000000         1.3174207137         4.2589352855        -0.5378824530
        1.2054591000         2.2500000000         1.3148683868         4.2538315306        -0.6043697772
        1.2105067000         2.2500000000         1.3225253674         4.2589352855        -0.4049078045
        1.2155495000         2.2500000000         1.3225253674         4.2614871629        -0.4049078045
        1.2205596000         2.2500000000         1.3225253674         4.2589352855        -0.4049078045
        1.2254397000         2.2500000000         1.3225253674         4.2538315306        -0.4049078045
        1.2306033000         2.2500000000         1.3301823480         4.2563834080        -0.2054458319
        1.2354275000         2.2500000000         1.3225253674         4.2512796531        -0.4049078045
        1.2406451000         2.2500000000         1.3250776943         4.2538315306        -0.3384204803
        1.2455931000         2.2500000000         1.3199730405         4.2436240207        -0.4713951288
        1.2504231000         2.2500000000         1.3454963091         4.2589352855         0.1934781135
        1.2555192000         2.2500000000         1.3276300211         4.2512796531        -0.2719331561
        1.2605026000         2.2500000000         1.3276300211         4.2563834080        -0.2719331561
        1.2655620000         2.2500000000         1.3250776943         4.2461758982        -0.3384204803
        1.2707017000         2.2500000000         1.3199730405         4.2436240207        -0.4713951288
        1.2756291000         2.2500000000         1.3301823480         4.2512796531        -0.2054458319
        1.2806157000         2.2500000000         1.3225253674         4.2410721433        -0.4049078045
        1.2855702000         2.2500000000         1.3250776943         4.2410721433        -0.3384204803
        1.2907042000         2.2500000000         1.3123160600         4.2308646334        -0.6708571014
        1.2957721000         2.2500000000         1.3199730405         4.2359683883        -0.4713951288
        1.3006193000         2.2500000000         1.3225253674         4.2359683883        -0.4049078045
        1.3055295000         2.2500000000         1.3301823480         4.2410721433        -0.2054458319
        1.3107319000         2.2500000000         1.3199730405         4.2308646334        -0.4713951288
        1.3155261000         2.2500000000         1.3199730405         4.2283127560        -0.4713951288
        1.3206343000         2.2500000000         1.3199730405         4.2232090010        -0.4713951288
        1.3254821000         2.2500000000         1.3403916554         4.2257608785         0.0605034650
        1.3305586000         2.2500000000         1.3250776943         4.2257608785        -0.3384204803
        1.3356382000         2.2500000000         1.3250776943         4.2232090010        -0.3384204803
        1.3406612000         2.2500000000         1.3199730405         4.2181052461        -0.4713951288
        1.3456778000         2.2500000000         1.3072114063         4.2181052461        -0.8038317499
        1.3506635000         2.2500000000         1.3199730405         4.2206571236        -0.4713951288
        1.3558204000         2.2500000000         1.3225253674         4.2181052461        -0.4049078045
        1.3606875000         2.2500000000         1.3250776943         4.2232090010        -0.3384204803
        1.3658196000         2.2500000000         1.3250776943         4.2206571236        -0.3384204803
        1.3705087000         2.2500000000         1.3250776943         4.2181052461        -0.3384204803
        1.3755161000         2.2500000000         1.3148683868         4.2027939814        -0.6043697772
        1.3806215000         2.2500000000         1.3174207137         4.2104496138        -0.5378824530
        1.3857173000         2.2500000000         1.3276300211         4.2130014912        -0.2719331561
        1.3907149000         2.2500000000         1.3123160600         4.2002421039        -0.6708571014
        1.3957784000         2.2500000000         1.3199730405         4.2027939814        -0.4713951288
        1.4006313000         2.2500000000         1.3174207137         4.2002421039        -0.5378824530
        1.4057694000         2.2500000000         1.3225253674         4.1976902265        -0.4049078045
        1.4106802000         2.2500000000         1.3174207137         4.1951383490        -0.5378824530
        1.4156456000         2.2500000000         1.3123160600         4.1900345941        -0.6708571014
        1.4206033000         2.2500000000         1.3225253674         4.1976902265        -0.4049078045
        1.4255173000         2.2500000000         1.3199730405         4.1900345941        -0.4713951288
        1.4307144000         2.2500000000         1.3097637331         4.1849308392        -0.7373444257
        1.4357917000         2.2500000000         1.3174207137         4.1874827166        -0.5378824530
        1.4407531000         2.2500000000         1.3276300211         4.1900345941        -0.2719331561
        1.4457856000         2.2500000000         1.3327346748         4.1823789617        -0.1389585076
        1.4506274000         2.2500000000         1.3225253674         4.1798270842        -0.4049078045
        1.4556605000         2.2500000000         1.3225253674         4.1772752068        -0.4049078045
        1.4607322000         2.2500000000         1.3148683868         4.1696195744        -0.6043697772
        1.4657749000         2.2500000000         1.3148683868         4.1696195744        -0.6043697772
        1.4708270000         2.2500000000         1.3148683868         4.1696195744        -0.6043697772
        1.4756651000         2.2500000000         1.3123160600         4.1670676969        -0.6708571014
        1.4807103000         2.2500000000         1.3225253674         4.1772752068        -0.4049078045
        1.4857022000         2.2500000000         1.3199730405         4.1696195744        -0.4713951288
        1.4905829000         2.2500000000         1.3199730405         4.1670676969        -0.4713951288
        1.4957060000         2.2500000000         1.3199730405         4.1645158195        -0.4713951288
        1.5006065000         2.2500000000         1.3199730405         4.1645158195        -0.4713951288
        1.5057124000         2.2500000000         1.3199730405         4.1568601871        -0.4713951288
        1.5106286000         2.2500000000         1.3123160600         4.1543083097        -0.6708571014
        1.5156410000         2.2500000000         1.3148683868         4.1543083097        -0.6043697772
        1.5206926000         2.2500000000         1.3225253674         4.1517564322        -0.4049078045
        1.5256942000         2.2500000000         1.3199730405         4.1568601871        -0.4713951288
        1.5305244000         2.2500000000         1.3199730405         4.1543083097        -0.4713951288
        1.5356542000         2.2500000000         1.3148683868         4.1517564322        -0.6043697772
        1.5405441000         2.2500000000         1.3199730405         4.1492045547        -0.4713951288
        1.5457215000         2.2500000000         1.3148683868         4.1492045547        -0.6043697772
        1.5509213000         2.2500000000         1.3225253674         4.1517564322        -0.4049078045
        1.5557580000         2.2500000000         1.3148683868         4.1415489224        -0.6043697772
        1.5606065000         2.2500000000         1.3225253674         4.1466526773        -0.4049078045
        1.5655206000         2.2500000000         1.3072114063         4.1338932900        -0.8038317499
        1.5705536000         2.2500000000         1.3123160600         4.1415489224        -0.6708571014
        1.5758013000         2.2500000000         1.3148683868         4.1338932900        -0.6043697772
        1.5809438000         2.2500000000         1.3123160600         4.1287895351        -0.6708571014
        1.5854562000         2.2500000000         1.3174207137         4.1287895351        -0.5378824530
        1.5907949000         2.2500000000         1.3072114063         4.1211339027        -0.8038317499
        1.5957577000         2.2500000000         1.3174207137         4.1262376576        -0.5378824530
        1.6004431000         2.2500000000         1.3148683868         4.1236857801        -0.6043697772
        1.6056686000         2.2500000000         1.3250776943         4.1287895351        -0.3384204803
        1.6106573000         2.2500000000         1.3174207137         4.1160301478        -0.5378824530
        1.6157670000         2.2500000000         1.3225253674         4.1185820252        -0.4049078045
        1.6206053000         2.2500000000         1.3250776943         4.1211339027        -0.3384204803
        1.6256285000         2.2500000000         1.3301823480         4.1185820252        -0.2054458319
        1.6306203000         2.2500000000         1.3250776943         4.1134782703        -0.3384204803
        1.6355550000         2.2500000000         1.3250776943         4.1109263928        -0.3384204803
        1.6405534000         2.2500000000         1.3327346748         4.1160301478        -0.1389585076
        1.6456446000         2.2500000000         1.3276300211         4.1083745154        -0.2719331561
        1.6505803000         2.2500000000         1.3250776943         4.1007188830        -0.3384204803
        1.6555394000         2.2500000000         1.3225253674         4.0981670056        -0.4049078045
        1.6606335000         2.2500000000         1.3276300211         4.1032707605        -0.2719331561
        1.6656361000         2.2500000000         1.3276300211         4.1058226379        -0.2719331561
        1.6706453000         2.2500000000         1.3352870017         4.1083745154        -0.0724711834
        1.6757848000         2.2500000000         1.3301823480         4.1007188830        -0.2054458319
        1.6807792000         2.2500000000         1.3225253674         4.0981670056        -0.4049078045
        1.6857635000         2.2500000000         1.3276300211         4.1007188830        -0.2719331561
        1.6907081000         2.2500000000         1.3301823480         4.1058226379        -0.2054458319
        1.6957867000         2.2500000000         1.3327346748         4.1058226379        -0.1389585076
        1.7006759000         2.2500000000         1.3250776943         4.0930632506        -0.3384204803
        1.7056182000         2.2500000000         1.3225253674         4.0981670056        -0.4049078045
        1.7106942000         2.2500000000         1.3148683868         4.0905113732        -0.6043697772
        1.7157855000         2.2500000000         1.3225253674         4.0930632506        -0.4049078045
        1.7206891000         2.2500000000         1.3174207137         4.0854076183        -0.5378824530
        1.7256925000         2.2500000000         1.3301823480         4.0956151281        -0.2054458319
        1.7307397000         2.2500000000         1.3225253674         4.0879594957        -0.4049078045
        1.7362281000         2.2500000000         1.3199730405         4.0879594957        -0.4713951288
        1.7407395000         2.2500000000         1.3199730405         4.0828557408        -0.4713951288
        1.7457538000         2.2500000000         1.3250776943         4.0879594957        -0.3384204803
        1.7505319000         2.2500000000         1.3174207137         4.0828557408        -0.5378824530
        1.7556775000         2.2500000000         1.3046590794         4.0726482310        -0.8703190741
        1.7606942000         2.2500000000         1.3123160600         4.0700963535        -0.6708571014
        1.7656733000         2.2500000000         1.3199730405         4.0700963535        -0.4713951288
        1.7706396000         2.2500000000         1.3123160600         4.0752001084        -0.6708571014
        1.7757771000         2.2500000000         1.3148683868         4.0726482310        -0.6043697772
        1.7807477000         2.2500000000         1.3148683868         4.0675444760        -0.6043697772
        1.7855551000         2.2500000000         1.3123160600         4.0675444760        -0.6708571014
        1.7907705000         2.2500000000         1.3097637331         4.0573369662        -0.7373444257
        1.7957954000         2.2500000000         1.3174207137         4.0649925986        -0.5378824530
        1.8005156000         2.2500000000         1.3174207137         4.0624407211        -0.5378824530
        1.8056814000         2.2500000000         1.3199730405         4.0573369662        -0.4713951288
        1.8106284000         2.2500000000         1.3174207137         4.0573369662        -0.5378824530
        1.8156377000         2.2500000000         1.3097637331         4.0471294564        -0.7373444257
        1.8206893000         2.2500000000         1.3123160600         4.0471294564        -0.6708571014
        1.8257169000         2.2500000000         1.3072114063         4.0369219465        -0.8038317499
        1.8307027000         2.2500000000         1.3046590794         4.0369219465        -0.8703190741
        1.8357848000         2.2500000000         1.3046590794         4.0318181916        -0.8703190741
        1.8406877000         2.2500000000         1.3199730405         4.0420257015        -0.4713951288
        1.8457668000         2.2500000000         1.3148683868         4.0318181916        -0.6043697772
        1.8506002000         2.2500000000         1.3046590794         4.0267144367        -0.8703190741
        1.8555772000         2.2500000000         1.3072114063         4.0216106818        -0.8038317499
        1.8605981000         2.2500000000         1.3123160600         4.0292663142        -0.6708571014
        1.8655118000         2.2500000000         1.3123160600         4.0216106818        -0.6708571014
        1.8705754000         2.2500000000         1.3225253674         4.0165069269        -0.4049078045
        1.8756565000         2.2500000000         1.3097637331         4.0114031719        -0.7373444257
        1.8807111000         2.2500000000         1.3097637331         4.0062994170        -0.7373444257
        1.8857853000         2.2500000000         1.3148683868         4.0114031719        -0.6043697772
        1.8905981000         2.2500000000         1.3148683868         4.0114031719        -0.6043697772
        1.8956008000         2.2500000000         1.3148683868         4.0088512945        -0.6043697772
        1.9004161000         2.2500000000         1.3174207137         4.0011956621        -0.5378824530
        1.9055955000         2.2500000000         1.3148683868         4.0037475396        -0.6043697772
        1.9104895000         2.2500000000         1.3046590794         3.9960919072        -0.8703190741
        1.9154790000         2.2500000000         1.3123160600         3.9909881523        -0.6708571014
        1.9205661000         2.2500000000         1.3148683868         3.9960919072        -0.6043697772
        1.9257201000         2.2500000000         1.3199730405         3.9986437847        -0.4713951288
        1.9305612000         2.2500000000         1.3225253674         3.9960919072        -0.4049078045
        1.9356249000         2.2500000000         1.3148683868         3.9909881523        -0.6043697772
        1.9409389000         2.2500000000         1.3097637331         3.9782287650        -0.7373444257
        1.9456799000         2.2500000000         1.3123160600         3.9782287650        -0.6708571014
        1.9504799000         2.2500000000         1.3148683868         3.9807806424        -0.6043697772
        1.9556351000         2.2500000000         1.3123160600         3.9705731326        -0.6708571014
        1.9605178000         2.2500000000         1.3148683868         3.9782287650        -0.6043697772
        1.9655867000         2.2500000000         1.3148683868         3.9756768875        -0.6043697772
        1.9707235000         2.2500000000         1.3250776943         3.9782287650        -0.3384204803
        1.9757313000         2.2500000000         1.3352870017         3.9756768875        -0.0724711834
        1.9807044000         2.2500000000         1.3250776943         3.9782287650        -0.3384204803
        1.9857032000         2.2500000000         1.3199730405         3.9705731326        -0.4713951288
        1.9906041000         2.2500000000         1.3148683868         3.9680212551        -0.6043697772
        1.9956045000         2.2500000000         1.3174207137         3.9654693777        -0.5378824530
        2.0004425000         2.2500000000         1.3199730405         3.9603656228        -0.4713951288
        2.0055651000         2.2500000000         1.3199730405         3.9680212551        -0.4713951288
        2.0106009000         2.2500000000         1.3174207137         3.9654693777        -0.5378824530
        2.0156135000         2.2500000000         1.3174207137         3.9578137453        -0.5378824530
        2.0204542000         2.2500000000         1.3148683868         3.9552618679        -0.6043697772
        2.0254622000         2.2500000000         1.3148683868         3.9501581129        -0.6043697772
        2.0304438000         2.2500000000         1.3199730405         3.9501581129        -0.4713951288
        2.0355774000         2.2500000000         1.3123160600         3.9476062355        -0.6708571014
        2.0404223000         2.2500000000         1.3097637331         3.9425024806        -0.7373444257
        2.0454579000         2.2500000000         1.3123160600         3.9348468482        -0.6708571014
        2.0505588000         2.2500000000         1.3174207137         3.9348468482        -0.5378824530
        2.0554711000         2.2500000000         1.3174207137         3.9348468482        -0.5378824530
        2.0604887000         2.2500000000         1.3148683868         3.9373987256        -0.6043697772
        2.0655126000         2.2500000000         1.3199730405         3.9348468482        -0.4713951288
        2.0705489000         2.2500000000         1.3148683868         3.9322949707        -0.6043697772
        2.0755708000         2.2500000000         1.3225253674         3.9373987256        -0.4049078045
        2.0806143000         2.2500000000         1.3225253674         3.9348468482        -0.4049078045
        2.0857166000         2.2500000000         1.3148683868         3.9271912158        -0.6043697772
        2.0907498000         2.2500000000         1.3148683868         3.9246393383        -0.6043697772
        2.0957377000         2.2500000000         1.3148683868         3.9246393383        -0.6043697772
        2.1005491000         2.2500000000         1.3148683868         3.9195355834        -0.6043697772
        2.1056484000         2.2500000000         1.3174207137         3.9144318285        -0.5378824530
        2.1106710000         2.2500000000         1.3199730405         3.9195355834        -0.4713951288
        2.1157468000         2.2500000000         1.3174207137         3.9169837060        -0.5378824530
        2.1207564000         2.2500000000         1.3199730405         3.9169837060        -0.4713951288
        2.1257263000         2.2500000000         1.3276300211         3.9042243187        -0.2719331561
        2.1307444000         2.2500000000         1.3123160600         3.9042243187        -0.6708571014
        2.1356983000         2.2500000000         1.3046590794         3.8940168088        -0.8703190741
        2.1406317000         2.2500000000         1.3174207137         3.9067761961        -0.5378824530
        2.1456424000         2.2500000000         1.3097637331         3.8965686863        -0.7373444257
        2.1505673000         2.2500000000         1.3097637331         3.8940168088        -0.7373444257
        2.1555766000         2.2500000000         1.3097637331         3.8914649314        -0.7373444257
        2.1606094000         2.2500000000         1.3097637331         3.8889130539        -0.7373444257
        2.1655568000         2.2500000000         1.3123160600         3.8838092990        -0.6708571014
        2.1705909000         2.2500000000         1.3097637331         3.8838092990        -0.7373444257
        2.1756084000         2.2500000000         1.3046590794         3.8761536666        -0.8703190741
        2.1806902000         2.2500000000         1.3123160600         3.8838092990        -0.6708571014
        2.1856612000         2.2500000000         1.3199730405         3.8838092990        -0.4713951288
        2.1906371000         2.2500000000         1.3123160600         3.8710499117        -0.6708571014
        2.1955452000         2.2500000000         1.3097637331         3.8684980342        -0.7373444257
        2.2004523000         2.2500000000         1.3097637331         3.8582905244        -0.7373444257
        2.2055029000         2.2500000000         1.3148683868         3.8633942793        -0.6043697772
        2.2105098000         2.2500000000         1.3072114063         3.8531867695        -0.8038317499
        2.2155886000         2.2500000000         1.3097637331         3.8531867695        -0.7373444257
        2.2205435000         2.2500000000         1.3123160600         3.8557386469        -0.6708571014
        2.2256068000         2.2500000000         1.3123160600         3.8455311371        -0.6708571014
        2.2307660000         2.2500000000         1.3148683868         3.8531867695        -0.6043697772
        2.2357731000         2.2500000000         1.3250776943         3.8582905244        -0.3384204803
        2.2406911000         2.2500000000         1.3199730405         3.8531867695        -0.4713951288
        2.2457968000         2.2500000000         1.3123160600         3.8378755047        -0.6708571014
        2.2505080000         2.2500000000         1.3199730405         3.8506348920        -0.4713951288
        2.2555609000         2.2500000000         1.3174207137         3.8429792597        -0.5378824530
        2.2607208000         2.2500000000         1.3072114063         3.8327717498        -0.8038317499
        2.2660084000         2.2500000000         1.3174207137         3.8429792597        -0.5378824530
        2.2707154000         2.2500000000         1.3199730405         3.8429792597        -0.4713951288
        2.2758699000         2.2500000000         1.3276300211         3.8302198724        -0.2719331561
        2.2806055000         2.2500000000         1.3174207137         3.8327717498        -0.5378824530
        2.2859153000         2.2500000000         1.3072114063         3.8200123625        -0.8038317499
        2.2906022000         2.2500000000         1.3072114063         3.8200123625        -0.8038317499
        2.2955778000         2.2500000000         1.3072114063         3.8149086076        -0.8038317499
        2.3005562000         2.2500000000         1.3123160600         3.8174604851        -0.6708571014
        2.3056240000         2.2500000000         1.3046590794         3.8123567301        -0.8703190741
        2.3105649000         2.2500000000         1.3174207137         3.8149086076        -0.5378824530
        2.3157336000         2.2500000000         1.3174207137         3.8174604851        -0.5378824530
        2.3206867000         2.2500000000         1.3225253674         3.8149086076        -0.4049078045
        2.3256896000         2.2500000000         1.3097637331         3.7995973429        -0.7373444257
        2.3306861000         2.2500000000         1.3148683868         3.8072529752        -0.6043697772
        2.3355827000         2.2500000000         1.3072114063         3.8021492203        -0.8038317499
        2.3406733000         2.2500000000         1.3250776943         3.8098048527        -0.3384204803
        2.3455801000         2.2500000000         1.3123160600         3.7970454654        -0.6708571014
        2.3505108000         2.2500000000         1.3250776943         3.8047010978        -0.3384204803
        2.3555914000         2.2500000000         1.3506009628         3.8021492203         0.3264527620
        2.3606356000         2.2500000000         1.3199730405         3.7970454654        -0.4713951288
        2.3656178000         2.2500000000         1.3123160600         3.7919417105        -0.6708571014
        2.3705867000         2.2500000000         1.3148683868         3.7868379556        -0.6043697772
        2.3757496000         2.2500000000         1.3097637331         3.7868379556        -0.7373444257
        2.3806650000         2.2500000000         1.3250776943         3.7919417105        -0.3384204803
        2.3857090000         2.2500000000         1.3250776943         3.7868379556        -0.3384204803
        2.3906352000         2.2500000000         1.3072114063         3.7715266908        -0.8038317499
        2.3956144000         2.2500000000         1.3123160600         3.7766304457        -0.6708571014
        2.4007123000         2.2500000000         1.3148683868         3.7715266908        -0.6043697772
        2.4057422000         2.2500000000         1.3046590794         3.7664229359        -0.8703190741
        2.4106769000         2.2500000000         1.3148683868         3.7689748133        -0.6043697772
        2.4158189000         2.2500000000         1.3123160600         3.7664229359        -0.6708571014
        2.4205692000         2.2500000000         1.3123160600         3.7638710584        -0.6708571014
        2.4257418000         2.2500000000         1.3123160600         3.7613191810        -0.6708571014
        2.4307475000         2.2500000000         1.3123160600         3.7536635486        -0.6708571014
        2.4357608000         2.2500000000         1.3123160600         3.7587673035        -0.6708571014
        2.4407084000         2.2500000000         1.3021067526         3.7485597937        -0.9368063984
        2.4457427000         2.2500000000         1.3250776943         3.7485597937        -0.3384204803
        2.4506901000         2.2500000000         1.3148683868         3.7409041613        -0.6043697772
        2.4557537000         2.2500000000         1.3123160600         3.7460079162        -0.6708571014
        2.4606581000         2.2500000000         1.3225253674         3.7511116711        -0.4049078045
        2.4657795000         2.2500000000         1.3072114063         3.7358004064        -0.8038317499
        2.4707290000         2.2500000000         1.3148683868         3.7409041613        -0.6043697772
        2.4757093000         2.2500000000         1.3174207137         3.7383522838        -0.5378824530
        2.4807159000         2.2500000000         1.3174207137         3.7332485289        -0.5378824530
        2.4857859000         2.2500000000         1.3148683868         3.7358004064        -0.6043697772
        2.4907219000         2.2500000000         1.3097637331         3.7255928965        -0.7373444257
        2.4957502000         2.2500000000         1.3199730405         3.7306966515        -0.4713951288
        2.5008008000         2.2500000000         1.3199730405         3.7255928965        -0.4713951288
        2.5055718000         2.2500000000         1.3199730405         3.7230410191        -0.4713951288
        2.5105446000         2.2500000000         1.3250776943         3.7281447740        -0.3384204803
        2.5157226000         2.2500000000         1.3123160600         3.7102816318        -0.6708571014
        2.5207197000         2.2500000000         1.3454963091         3.7179372642         0.1934781135
        2.5257175000         2.2500000000         1.3174207137         3.7179372642        -0.5378824530
        2.5307168000         2.2500000000         1.3250776943         3.7204891416        -0.3384204803
        2.5356442000         2.2500000000         1.3174207137         3.7128335092        -0.5378824530
        2.5407087000         2.2500000000         1.3174207137         3.7102816318        -0.5378824530
        2.5456436000         2.2500000000         1.3148683868         3.7102816318        -0.6043697772
        2.5506117000         2.2500000000         1.3123160600         3.7000741219        -0.6708571014
        2.5557395000         2.2500000000         1.3072114063         3.6975222445        -0.8038317499
        2.5605665000         2.2500000000         1.3097637331         3.6924184896        -0.7373444257
        2.5656229000         2.2500000000         1.3174207137         3.6975222445        -0.5378824530
        2.5706048000         2.2500000000         1.3174207137         3.7051778769        -0.5378824530
        2.5757027000         2.2500000000         1.3250776943         3.7000741219        -0.3384204803
        2.5804955000         2.2500000000         1.3148683868         3.6924184896        -0.6043697772
        2.5856410000         2.2500000000         1.3148683868         3.6898666121        -0.6043697772
        2.5907171000         2.2500000000         1.3148683868         3.6847628572        -0.6043697772
        2.5957562000         2.2500000000         1.3123160600         3.6822109797        -0.6708571014
        2.6005810000         2.2500000000         1.3123160600         3.6847628572        -0.6708571014
        2.6057309000         2.2500000000         1.3148683868         3.6796591023        -0.6043697772
        2.6105575000         2.2500000000         1.3174207137         3.6771072248        -0.5378824530
        2.6155926000         2.2500000000         1.3148683868         3.6720034699        -0.6043697772
        2.6204225000         2.2500000000         1.3123160600         3.6668997150        -0.6708571014
        2.6256289000         2.2500000000         1.3199730405         3.6694515924        -0.4713951288
        2.6307778000         2.2500000000         1.3199730405         3.6694515924        -0.4713951288
        2.6357797000         2.2500000000         1.3250776943         3.6745553474        -0.3384204803
        2.6407015000         2.2500000000         1.3199730405         3.6643478375        -0.4713951288
        2.6456479000         2.2500000000         1.3327346748         3.6643478375        -0.1389585076
        2.6506376000         2.2500000000         1.3225253674         3.6643478375        -0.4049078045
        2.6555985000         2.2500000000         1.3174207137         3.6490365728        -0.5378824530
        2.6605351000         2.2500000000         1.3148683868         3.6541403277        -0.6043697772
        2.6657000000         2.2500000000         1.3199730405         3.6566922051        -0.4713951288
        2.6707480000         2.2500000000         1.3225253674         3.6541403277        -0.4049078045
        2.6756906000         2.2500000000         1.3225253674         3.6541403277        -0.4049078045
        2.6806079000         2.2500000000         1.3199730405         3.6515884502        -0.4713951288
        2.6856991000         2.2500000000         1.3225253674         3.6490365728        -0.4049078045
        2.6906259000         2.2500000000         1.3199730405         3.6490365728        -0.4713951288
        2.6956887000         2.2500000000         1.3225253674         3.6464846953        -0.4049078045
        2.7007366000         2.2500000000         1.3276300211         3.6388290629        -0.2719331561
        2.7055390000         2.2500000000         1.3225253674         3.6490365728        -0.4049078045
        2.7105217000         2.2500000000         1.3250776943         3.6490365728        -0.3384204803
        2.7155488000         2.2500000000         1.3199730405         3.6388290629        -0.4713951288
        2.7207414000         2.2500000000         1.3174207137         3.6362771855        -0.5378824530
        2.7257195000         2.2500000000         1.3250776943         3.6439328179        -0.3384204803
        2.7306430000         2.2500000000         1.3174207137         3.6286215531        -0.5378824530
        2.7357026000         2.2500000000         1.3174207137         3.6311734306        -0.5378824530
        2.7406269000         2.2500000000         1.3174207137         3.6286215531        -0.5378824530
        2.7457468000         2.2500000000         1.3199730405         3.6286215531        -0.4713951288
        2.7507191000         2.2500000000         1.3250776943         3.6311734306        -0.3384204803
        2.7559008000         2.2500000000         1.3250776943         3.6286215531        -0.3384204803
        2.7607057000         2.2500000000         1.3174207137         3.6209659207        -0.5378824530
        2.7657468000         2.2500000000         1.3174207137         3.6184140433        -0.5378824530
        2.7706576000         2.2500000000         1.3148683868         3.6184140433        -0.6043697772
        2.7756259000         2.2500000000         1.3097637331         3.6082065334        -0.7373444257
        2.7807500000         2.2500000000         1.3148683868         3.6133102883        -0.6043697772
        2.7857282000         2.2500000000         1.3123160600         3.6082065334        -0.6708571014
        2.7906422000         2.2500000000         1.3199730405         3.6082065334        -0.4713951288
        2.7957908000         2.2500000000         1.3250776943         3.6082065334        -0.3384204803
        2.8007213000         2.2500000000         1.3072114063         3.5979990236        -0.8038317499
        2.8056782000         2.2500000000         1.3097637331         3.5954471461        -0.7373444257
        2.8105639000         2.2500000000         1.3148683868         3.6031027785        -0.6043697772
        2.8156391000         2.2500000000         1.3148683868         3.5903433912        -0.6043697772
        2.8206408000         2.2500000000         1.3174207137         3.6005509010        -0.5378824530
        2.8255475000         2.2500000000         1.3148683868         3.5903433912        -0.6043697772
        2.8306339000         2.2500000000         1.3123160600         3.5877915138        -0.6708571014
        2.8355814000         2.2500000000         1.3225253674         3.5928952687        -0.4049078045
        2.8407041000         2.2500000000         1.3097637331         3.5826877588        -0.7373444257
        2.8456343000         2.2500000000         1.3199730405         3.5852396363        -0.4713951288
        2.8506361000         2.2500000000         1.3225253674         3.5877915138        -0.4049078045
        2.8557645000         2.2500000000         1.3199730405         3.5826877588        -0.4713951288
        2.8607373000         2.2500000000         1.3199730405         3.5801358814        -0.4713951288
        2.8657812000         2.2500000000         1.3225253674         3.5775840039        -0.4049078045
        2.8708029000         2.2500000000         1.3123160600         3.5673764941        -0.6708571014
        2.8758074000         2.2500000000         1.3148683868         3.5648246166        -0.6043697772
        2.8807590000         2.2500000000         1.3250776943         3.5648246166        -0.3384204803
        2.8857243000         2.2500000000         1.3148683868         3.5622727392        -0.6043697772
        2.8906219000         2.2500000000         1.3123160600         3.5622727392        -0.6708571014
        2.8955105000         2.2500000000         1.3199730405         3.5648246166        -0.4713951288
        2.9006666000         2.2500000000         1.3199730405         3.5597208617        -0.4713951288
        2.9055097000         2.2500000000         1.3148683868         3.5520652293        -0.6043697772
        2.9105642000         2.2500000000         1.3123160600         3.5520652293        -0.6708571014
        2.9156830000         2.2500000000         1.3072114063         3.5444095970        -0.8038317499
        2.9205799000         2.2500000000         1.3123160600         3.5469614744        -0.6708571014
        2.9257660000         2.2500000000         1.3097637331         3.5418577195        -0.7373444257
        2.9307157000         2.2500000000         1.3046590794         3.5342020871        -0.8703190741
        2.9356269000         2.2500000000         1.2970020988         3.5367539646        -1.0697810468
        2.9406707000         2.2500000000         1.3148683868         3.5316502097        -0.6043697772
        2.9456094000         2.2500000000         1.3148683868         3.5393058420        -0.6043697772
        2.9507701000         2.2500000000         1.3097637331         3.5265464547        -0.7373444257
        2.9557609000         2.2500000000         1.3199730405         3.5265464547        -0.4713951288
        2.9606539000         2.2500000000         1.3097637331         3.5214426998        -0.7373444257
        2.9657791000         2.2500000000         1.3123160600         3.5163389449        -0.6708571014
        2.9707449000         2.2500000000         1.3123160600         3.5188908224        -0.6708571014
        2.9759374000         2.2500000000         1.3021067526         3.5112351900        -0.9368063984
        2.9805694000         2.2500000000         1.3046590794         3.5086833125        -0.8703190741
        2.9857356000         2.2500000000         1.3097637331         3.5086833125        -0.7373444257
        2.9907823000         2.2500000000         1.3123160600         3.5061314351        -0.6708571014
        2.9959722000         2.2500000000         1.3123160600         3.5061314351        -0.6708571014
        3.0005734000         2.2500000000         1.3072114063         3.4959239252        -0.8038317499
        3.0055789000         2.2500000000         1.3148683868         3.5035795576        -0.6043697772
        3.0105331000         2.2500000000         1.3123160600         3.4984758027        -0.6708571014
        3.0156906000         2.2500000000         1.3225253674         3.5010276801        -0.4049078045
        3.0206741000         2.2500000000         1.3072114063         3.4857164154        -0.8038317499
        3.0258531000         2.2500000000         1.3225253674         3.4984758027        -0.4049078045
        3.0307164000         2.2500000000         1.3199730405         3.4959239252        -0.4713951288
        3.0357767000         2.2500000000         1.3225253674         3.4908201703        -0.4049078045
        3.0406150000         2.2500000000         1.3148683868         3.4831645379        -0.6043697772
        3.0457438000         2.2500000000         1.3174207137         3.4882682929        -0.5378824530
        3.0507790000         2.2500000000         1.3123160600         3.4806126605        -0.6708571014
        3.0556426000         2.2500000000         1.3148683868         3.4755089056        -0.6043697772
        3.0605016000         2.2500000000         1.3046590794         3.4678532732        -0.8703190741
        3.0654095000         2.2500000000         1.3123160600         3.4704051506        -0.6708571014
        3.0704708000         2.2500000000         1.3123160600         3.4678532732        -0.6708571014
        3.0755359000         2.2500000000         1.3097637331         3.4653013957        -0.7373444257
        3.0803878000         2.2500000000         1.3097637331         3.4653013957        -0.7373444257
        3.0853986000         2.2500000000         1.3097637331         3.4627495183        -0.7373444257
        3.0904784000         2.2500000000         1.3097637331         3.4576457633        -0.7373444257
        3.0954589000         2.2500000000         1.3097637331         3.4525420084        -0.7373444257
        3.1005913000         2.2500000000         1.3174207137         3.4576457633        -0.5378824530
        3.1055921000         2.2500000000         1.3046590794         3.4499901310        -0.8703190741
        3.1105127000         2.2500000000         1.3097637331         3.4474382535        -0.7373444257
        3.1155132000         2.2500000000         1.3097637331         3.4448863760        -0.7373444257
        3.1205650000         2.2500000000         1.3097637331         3.4423344986        -0.7373444257
        3.1257224000         2.2500000000         1.3046590794         3.4321269888        -0.8703190741
        3.1306470000         2.2500000000         1.3046590794         3.4295751113        -0.8703190741
        3.1354233000         2.2500000000         1.3199730405         3.4397826211        -0.4713951288
        3.1404190000         2.2500000000         1.3123160600         3.4321269888        -0.6708571014
        3.1454565000         2.2500000000         1.3199730405         3.4321269888        -0.4713951288
        3.1504429000         2.2500000000         1.3123160600         3.4244713564        -0.6708571014
        3.1556243000         2.2500000000         1.3123160600         3.4244713564        -0.6708571014
        3.1606397000         2.2500000000         1.3123160600         3.4270232338        -0.6708571014
        3.1655755000         2.2500000000         1.3123160600         3.4193676015        -0.6708571014
        3.1705976000         2.2500000000         1.3097637331         3.4193676015        -0.7373444257
        3.1756394000         2.2500000000         1.3148683868         3.4142638465        -0.6043697772
        3.1806481000         2.2500000000         1.3174207137         3.4117119691        -0.5378824530
        3.1856759000         2.2500000000         1.3123160600         3.4117119691        -0.6708571014
        3.1907150000         2.2500000000         1.3174207137         3.4066082142        -0.5378824530
        3.1956392000         2.2500000000         1.3072114063         3.3989525818        -0.8038317499
        3.2007098000         2.2500000000         1.3123160600         3.3964007043        -0.6708571014
        3.2056423000         2.2500000000         1.3072114063         3.3938488269        -0.8038317499
        3.2107806000         2.2500000000         1.3097637331         3.3912969494        -0.7373444257
        3.2156778000         2.2500000000         1.3072114063         3.3887450720        -0.8038317499
        3.2207081000         2.2500000000         1.3225253674         3.3989525818        -0.4049078045
        3.2256229000         2.2500000000         1.3148683868         3.3887450720        -0.6043697772
        3.2306272000         2.2500000000         1.3097637331         3.3810894396        -0.7373444257
        3.2357228000         2.2500000000         1.3148683868         3.3836413170        -0.6043697772
        3.2406295000         2.2500000000         1.3148683868         3.3810894396        -0.6043697772
        3.2457278000         2.2500000000         1.3148683868         3.3810894396        -0.6043697772
        3.2507184000         2.2500000000         1.3199730405         3.3759856847        -0.4713951288
        3.2556082000         2.2500000000         1.3276300211         3.3759856847        -0.2719331561
        3.2607484000         2.2500000000         1.3148683868         3.3759856847        -0.6043697772
        3.2656913000         2.2500000000         1.3276300211         3.3785375621        -0.2719331561
        3.2705692000         2.2500000000         1.3250776943         3.3785375621        -0.3384204803
        3.2756668000         2.2500000000         1.3199730405         3.3657781748        -0.4713951288
        3.2806483000         2.2500000000         1.3123160600         3.3632262974        -0.6708571014
        3.2857270000         2.2500000000         1.3199730405         3.3632262974        -0.4713951288
        3.2907347000         2.2500000000         1.3174207137         3.3657781748        -0.5378824530
        3.2957287000         2.2500000000         1.3199730405         3.3606744199        -0.4713951288
        3.3007142000         2.2500000000         1.2995544257         3.3606744199        -1.0032937226
        3.3057842000         2.2500000000         1.3276300211         3.3657781748        -0.2719331561
        3.3107316000         2.2500000000         1.3250776943         3.3632262974        -0.3384204803
        3.3156496000         2.2500000000         1.3199730405         3.3530187875        -0.4713951288
        3.3205642000         2.2500000000         1.3225253674         3.3504669101        -0.4049078045
        3.3256053000         2.2500000000         1.3250776943         3.3555706650        -0.3384204803
        3.3306037000         2.2500000000         1.3276300211         3.3530187875        -0.2719331561
        3.3357163000         2.2500000000         1.3199730405         3.3453631551        -0.4713951288
        3.3407170000         2.2500000000         1.3199730405         3.3428112777        -0.4713951288
        3.3457181000         2.2500000000         1.3250776943         3.3479150326        -0.3384204803
        3.3507804000         2.2500000000         1.3123160600         3.3351556453        -0.6708571014
        3.3557026000         2.2500000000         1.3148683868         3.3402594002        -0.6043697772
        3.3606001000         2.2500000000         1.3199730405         3.3351556453        -0.4713951288
        3.3656123000         2.2500000000         1.2995544257         3.3351556453        -1.0032937226
        3.3705638000         2.2500000000         1.3225253674         3.3377075228        -0.4049078045
        3.3757129000         2.2500000000         1.3225253674         3.3326037679        -0.4049078045
        3.3806334000         2.2500000000         1.3148683868         3.3249481355        -0.6043697772
        3.3855900000         2.2500000000         1.3148683868         3.3223962580        -0.6043697772
        3.3906189000         2.2500000000         1.3072114063         3.3172925031        -0.8038317499
        3.3955441000         2.2500000000         1.3072114063         3.3147406256        -0.8038317499
        3.4005413000         2.2500000000         1.3123160600         3.3198443806        -0.6708571014
        3.4054548000         2.2500000000         1.3123160600         3.3172925031        -0.6708571014
        3.4104260000         2.2500000000         1.3046590794         3.3121887482        -0.8703190741
        3.4154643000         2.2500000000         1.3148683868         3.3121887482        -0.6043697772
        3.4204275000         2.2500000000         1.3148683868         3.3121887482        -0.6043697772
        3.4255157000         2.2500000000         1.3174207137         3.3121887482        -0.5378824530
        3.4307179000         2.2500000000         1.3199730405         3.3096368707        -0.4713951288
        3.4357515000         2.2500000000         1.3123160600         3.3045331158        -0.6708571014
        3.4406746000         2.2500000000         1.3225253674         3.3019812383        -0.4049078045
        3.4457031000         2.2500000000         1.3174207137         3.3019812383        -0.5378824530
        3.4505863000         2.2500000000         1.3123160600         3.2917737285        -0.6708571014
        3.4555856000         2.2500000000         1.3148683868         3.2841180961        -0.6043697772
        3.4607616000         2.2500000000         1.3072114063         3.2815662187        -0.8038317499
        3.4656892000         2.2500000000         1.3072114063         3.2790143412        -0.8038317499
        3.4707000000         2.2500000000         1.3148683868         3.2815662187        -0.6043697772
        3.4755787000         2.2500000000         1.3123160600         3.2815662187        -0.6708571014
        3.4806215000         2.2500000000         1.3225253674         3.2815662187        -0.4049078045
        3.4855519000         2.2500000000         1.3148683868         3.2764624638        -0.6043697772
        3.4905627000         2.2500000000         1.3199730405         3.2739105863        -0.4713951288
        3.4957287000         2.2500000000         1.3148683868         3.2739105863        -0.6043697772
        3.5007292000         2.2500000000         1.3225253674         3.2739105863        -0.4049078045
        3.5056280000         2.2500000000         1.3072114063         3.2611511990        -0.8038317499
        3.5106947000         2.2500000000         1.3148683868         3.2662549539        -0.6043697772
        3.5160271000         2.2500000000         1.3174207137         3.2662549539        -0.5378824530
        3.5205946000         2.2500000000         1.3148683868         3.2585993215        -0.6043697772
        3.5255259000         2.2500000000         1.3148683868         3.2585993215        -0.6043697772
        3.5305445000         2.2500000000         1.3148683868         3.2560474441        -0.6043697772
        3.5357262000         2.2500000000         1.3097637331         3.2509436892        -0.7373444257
        3.5406262000         2.2500000000         1.3199730405         3.2509436892        -0.4713951288
        3.5457693000         2.2500000000         1.3148683868         3.2509436892        -0.6043697772
        3.5507007000         2.2500000000         1.3072114063         3.2407361793        -0.8038317499
        3.5557161000         2.2500000000         1.3327346748         3.2509436892        -0.1389585076
        3.5605793000         2.2500000000         1.3046590794         3.2381843019        -0.8703190741
        3.5657868000         2.2500000000         1.3174207137         3.2483918117        -0.5378824530
        3.5707635000         2.2500000000         1.3123160600         3.2356324244        -0.6708571014
        3.5757515000         2.2500000000         1.3097637331         3.2381843019        -0.7373444257
        3.5806232000         2.2500000000         1.3123160600         3.2305286695        -0.6708571014
        3.5857114000         2.2500000000         1.3123160600         3.2279767920        -0.6708571014
        3.5906339000         2.2500000000         1.3072114063         3.2203211597        -0.8038317499
        3.5956452000         2.2500000000         1.3148683868         3.2228730371        -0.6043697772
        3.6007117000         2.2500000000         1.3148683868         3.2203211597        -0.6043697772
        3.6056474000         2.2500000000         1.3097637331         3.2279767920        -0.7373444257
        3.6106104000         2.2500000000         1.3250776943         3.2254249146        -0.3384204803
        3.6156567000         2.2500000000         1.3199730405         3.2228730371        -0.4713951288
        3.6206954000         2.2500000000         1.3199730405         3.2126655273        -0.4713951288
        3.6256363000         2.2500000000         1.3148683868         3.2101136498        -0.6043697772
        3.6305821000         2.2500000000         1.3174207137         3.2024580174        -0.5378824530
        3.6354520000         2.2500000000         1.3199730405         3.2075617724        -0.4713951288
        3.6405376000         2.2500000000         1.3250776943         3.2126655273        -0.3384204803
        3.6454945000         2.2500000000         1.3352870017         3.1999061400        -0.0724711834
        3.6505775000         2.2500000000         1.3225253674         3.2050098949        -0.4049078045
        3.6555605000         2.2500000000         1.3250776943         3.1999061400        -0.3384204803
        3.6606880000         2.2500000000         1.3250776943         3.1999061400        -0.3384204803
        3.6657763000         2.2500000000         1.3225253674         3.1948023851        -0.4049078045
        3.6706882000         2.2500000000         1.3276300211         3.1973542625        -0.2719331561
        3.6758354000         2.2500000000         1.3250776943         3.1973542625        -0.3384204803
        3.6807154000         2.2500000000         1.3250776943         3.1896986301        -0.3384204803
        3.6857484000         2.2500000000         1.3327346748         3.2024580174        -0.1389585076
        3.6905838000         2.2500000000         1.3276300211         3.1948023851        -0.2719331561
        3.6957285000         2.2500000000         1.3403916554         3.1871467527         0.0605034650
        3.7005467000         2.2500000000         1.3250776943         3.1922505076        -0.3384204803
        3.7057172000         2.2500000000         1.3225253674         3.1820429978        -0.4049078045
        3.7108220000         2.2500000000         1.3225253674         3.1896986301        -0.4049078045
        3.7158370000         2.2500000000         1.3250776943         3.1871467527        -0.3384204803
        3.7207832000         2.2500000000         1.3250776943         3.1871467527        -0.3384204803
        3.7255257000         2.2500000000         1.3301823480         3.1896986301        -0.2054458319
        3.7306325000         2.2500000000         1.3199730405         3.1769392429        -0.4713951288
        3.7357144000         2.2500000000         1.2995544257         3.1794911203        -1.0032937226
        3.7407495000         2.2500000000         1.3148683868         3.1718354879        -0.6043697772
        3.7457213000         2.2500000000         1.3148683868         3.1692836105        -0.6043697772
        3.7507496000         2.2500000000         1.3148683868         3.1692836105        -0.6043697772
        3.7557424000         2.2500000000         1.3276300211         3.1794911203        -0.2719331561
        3.7606920000         2.2500000000         1.3174207137         3.1743873654        -0.5378824530
        3.7657172000         2.2500000000         1.3148683868         3.1718354879        -0.6043697772
        3.7707092000         2.2500000000         1.3250776943         3.1718354879        -0.3384204803
        3.7757561000         2.2500000000         1.3123160600         3.1641798556        -0.6708571014
        3.7806353000         2.2500000000         1.3148683868         3.1641798556        -0.6043697772
        3.7856402000         2.2500000000         1.3174207137         3.1692836105        -0.5378824530
        3.7906342000         2.2500000000         1.3072114063         3.1514204683        -0.8038317499
        3.7956327000         2.2500000000         1.3148683868         3.1565242232        -0.6043697772
        3.8007467000         2.2500000000         1.3403916554         3.1590761006         0.0605034650
        3.8057049000         2.2500000000         1.3174207137         3.1565242232        -0.5378824530
        3.8106005000         2.2500000000         1.3046590794         3.1437648359        -0.8703190741
        3.8155904000         2.2500000000         1.3046590794         3.1437648359        -0.8703190741
        3.8205894000         2.2500000000         1.3174207137         3.1463167133        -0.5378824530
        3.8257298000         2.2500000000         1.3123160600         3.1386610810        -0.6708571014
        3.8307225000         2.2500000000         1.3097637331         3.1412129584        -0.7373444257
        3.8356511000         2.2500000000         1.3148683868         3.1361092035        -0.6043697772
        3.8405814000         2.2500000000         1.3174207137         3.1386610810        -0.5378824530
        3.8455769000         2.2500000000         1.3148683868         3.1284535711        -0.6043697772
        3.8507101000         2.2500000000         1.3072114063         3.1233498162        -0.8038317499
        3.8557142000         2.2500000000         1.3097637331         3.1207979388        -0.7373444257
        3.8607441000         2.2500000000         1.3174207137         3.1233498162        -0.5378824530
        3.8656875000         2.2500000000         1.3174207137         3.1284535711        -0.5378824530
        3.8706346000         2.2500000000         1.3174207137         3.1182460613        -0.5378824530
        3.8756970000         2.2500000000         1.3123160600         3.1131423064        -0.6708571014
        3.8806623000         2.2500000000         1.3199730405         3.1182460613        -0.4713951288
        3.8857318000         2.2500000000         1.3174207137         3.1156941838        -0.5378824530
        3.8907468000         2.2500000000         1.3199730405         3.1105904289        -0.4713951288
        3.8957249000         2.2500000000         1.3148683868         3.1029347965        -0.6043697772
        3.9007759000         2.2500000000         1.3225253674         3.1080385515        -0.4049078045
        3.9057445000         2.2500000000         1.3174207137         3.1029347965        -0.5378824530
        3.9106127000         2.2500000000         1.3225253674         3.1054866740        -0.4049078045
        3.9155245000         2.2500000000         1.3199730405         3.1054866740        -0.4713951288
        3.9206961000         2.2500000000         1.3429439823         3.1029347965         0.1269907893
        3.9256087000         2.2500000000         1.3199730405         3.1003829191        -0.4713951288
        3.9307156000         2.2500000000         1.3225253674         3.1003829191        -0.4049078045
        3.9355531000         2.2500000000         1.3250776943         3.1029347965        -0.3384204803
        3.9415584000         2.2500000000         1.3250776943         3.0978310416        -0.3384204803
        3.9455753000         2.2500000000         1.3174207137         3.0876235318        -0.5378824530
        3.9505417000         2.2500000000         1.3225253674         3.0978310416        -0.4049078045
        3.9557163000         2.2500000000         1.3148683868         3.0901754092        -0.6043697772
        3.9606381000         2.2500000000         1.3174207137         3.0876235318        -0.5378824530
        3.9655489000         2.2500000000         1.3148683868         3.0876235318        -0.6043697772
        3.9706328000         2.2500000000         1.3199730405         3.0927272867        -0.4713951288
        3.9757637000         2.2500000000         1.3199730405         3.0927272867        -0.4713951288
        3.9806196000         2.2500000000         1.3199730405         3.0850716543        -0.4713951288
        3.9857547000         2.2500000000         1.3174207137         3.0825197769        -0.5378824530
        3.9905808000         2.2500000000         1.3021067526         3.0672085121        -0.9368063984
        3.9955618000         2.2500000000         1.3046590794         3.0646566347        -0.8703190741
        4.0005536000         2.2500000000         1.3046590794         3.0595528797        -0.8703190741
