% Sweep Step 124/200  Vcmd=1.4000V  CCW 
% Vg_offset=1.338069V  K_gimbal=26.049690

Time[s]              Vcmd[V]              Vg_raw[V]            Pot[V]             Omega[rad/s]
        0.0042870000         1.4000000000         1.3480486360         3.6082065334         0.2599654377
        0.0055511000         1.4000000000         1.3378393285         3.6056546560        -0.0059838592
        0.0105547000         1.4000000000         1.3352870017         3.5979990236        -0.0724711834
        0.0156000000         1.4000000000         1.3403916554         3.6005509010         0.0605034650
        0.0205775000         1.4000000000         1.3174207137         3.5979990236        -0.5378824530
        0.0257539000         1.4000000000         1.0519787206         3.5750321265        -7.4525641726
        0.0305280000         1.4000000000         1.1566241217         3.5597208617        -4.7265838793
        0.0355587000         1.4000000000         1.1642811023         3.5469614744        -4.5271219066
        0.0407262000         1.4000000000         1.1157868920         3.5265464547        -5.7903810669
        0.0454955000         1.4000000000         1.1081299115         3.5061314351        -5.9898430396
        0.0505499000         1.4000000000         1.0749496623         3.4653013957        -6.8541782545
        0.0556054000         1.4000000000         1.0443217401         3.4397826211        -7.6520261452
        0.0606183000         1.4000000000         1.0775019892         3.4244713564        -6.7876909303
        0.0655963000         1.4000000000         1.0647403549         3.3938488269        -7.1201275514
        0.0705458000         1.4000000000         1.0162461446         3.3530187875        -8.3833867117
        0.0756943000         1.4000000000         1.0290077789         3.3223962580        -8.0509500906
        0.0806127000         1.4000000000         1.0392170863         3.2994293609        -7.7850007937
        0.0856978000         1.4000000000         1.0290077789         3.2713587088        -8.0509500906
        0.0906228000         1.4000000000         1.0009321835         3.2305286695        -8.7823106571
        0.0956286000         1.4000000000         1.0034845104         3.2024580174        -8.7158233329
        0.1006259000         1.4000000000         1.0162461446         3.1692836105        -8.3833867117
        0.1055229000         1.4000000000         1.0060368372         3.1386610810        -8.6493360086
        0.1105450000         1.4000000000         0.9958275298         3.1080385515        -8.9152853056
        0.1156733000         1.4000000000         0.9856182224         3.0672085121        -9.1812346025
        0.1205172000         1.4000000000         0.9907228761         3.0365859826        -9.0482599540
        0.1254828000         1.4000000000         0.9779612418         3.0059634531        -9.3806965751
        0.1305355000         1.4000000000         0.9754089149         2.9574777814        -9.4471838994
        0.1355034000         1.4000000000         0.9651996075         2.9268552519        -9.7131331963
        0.1405219000         1.4000000000         0.9779612418         2.8885770900        -9.3806965751
        0.1454850000         1.4000000000         0.9600949538         2.8502989281        -9.8461078447
        0.1505498000         1.4000000000         0.9549903001         2.8069170113        -9.9790824932
        0.1556885000         1.4000000000         0.9549903001         2.7737426043        -9.9790824932
        0.1605230000         1.4000000000         0.9473333195         2.7329125650       -10.1785444659
        0.1655371000         1.4000000000         0.9524379732         2.6946344031       -10.0455698174
        0.1705111000         1.4000000000         0.9447809927         2.6563562412       -10.2450317901
        0.1755163000         1.4000000000         0.9345716852         2.6180780793       -10.5109810870
        0.1805142000         1.4000000000         0.9422286658         2.5823517949       -10.3115191143
        0.1854846000         1.4000000000         0.9345716852         2.5364180006       -10.5109810870
        0.1904760000         1.4000000000         0.9345716852         2.5032435937       -10.5109810870
        0.1955169000         1.4000000000         0.9218100509         2.4471022896       -10.8434177081
        0.2004747000         1.4000000000         0.9294670315         2.4139278826       -10.6439557355
        0.2054815000         1.4000000000         0.9218100509         2.3705459658       -10.8434177081
        0.2105172000         1.4000000000         0.9167053972         2.3246121715       -10.9763923566
        0.2154669000         1.4000000000         0.9243623778         2.2812302547       -10.7769303839
        0.2205025000         1.4000000000         0.9116007435         2.2480558478       -11.1093670050
        0.2256612000         1.4000000000         0.9243623778         2.1995701761       -10.7769303839
        0.2305036000         1.4000000000         0.9218100509         2.1638438916       -10.8434177081
        0.2354966000         1.4000000000         0.9345716852         2.1230138523       -10.5109810870
        0.2403985000         1.4000000000         0.9192577241         2.0796319355       -10.9099050324
        0.2456211000         1.4000000000         0.9218100509         2.0336981412       -10.8434177081
        0.2505723000         1.4000000000         0.9064960898         1.9903162244       -11.2423416535
        0.2555464000         1.4000000000         0.9294670315         1.9545899400       -10.6439557355
        0.2604602000         1.4000000000         0.9167053972         1.9086561457       -10.9763923566
        0.2655680000         1.4000000000         0.9218100509         1.8754817388       -10.8434177081
        0.2704981000         1.4000000000         0.9269147047         1.8295479445       -10.7104430597
        0.2755615000         1.4000000000         0.9524379732         1.7912697826       -10.0455698174
        0.2805630000         1.4000000000         0.9116007435         1.7402322334       -11.1093670050
        0.2854806000         1.4000000000         0.9243623778         1.7045059490       -10.7769303839
        0.2904809000         1.4000000000         0.9064960898         1.6585721547       -11.2423416535
        0.2954982000         1.4000000000         0.9269147047         1.6279496252       -10.7104430597
        0.3004566000         1.4000000000         0.9269147047         1.5820158310       -10.7104430597
        0.3055467000         1.4000000000         0.9116007435         1.5411857916       -11.1093670050
        0.3105677000         1.4000000000         0.9167053972         1.5054595072       -10.9763923566
        0.3154702000         1.4000000000         0.9116007435         1.4569738355       -11.1093670050
        0.3206088000         1.4000000000         0.9167053972         1.4135919187       -10.9763923566
        0.3255380000         1.4000000000         0.9116007435         1.3676581244       -11.1093670050
        0.3307207000         1.4000000000         0.9192577241         1.3344837175       -10.9099050324
        0.3354841000         1.4000000000         0.9039437630         1.2834461683       -11.3088289777
        0.3404912000         1.4000000000         0.9090484167         1.2477198838       -11.1758543293
        0.3454973000         1.4000000000         0.9218100509         1.2068898445       -10.8434177081
        0.3504329000         1.4000000000         0.9141530704         1.1660598052       -11.0428796808
        0.3554434000         1.4000000000         0.9167053972         1.1328853982       -10.9763923566
        0.3604466000         1.4000000000         0.9167053972         1.0869516039       -10.9763923566
        0.3654476000         1.4000000000         0.9141530704         1.0435696871       -11.0428796808
        0.3704435000         1.4000000000         0.9167053972         1.0001877703       -10.9763923566
        0.3754416000         1.4000000000         0.9064960898         0.9517020986       -11.2423416535
        0.3804461000         1.4000000000         0.9192577241         0.9236314466       -10.9099050324
        0.3854470000         1.4000000000         0.9090484167         0.8751457748       -11.1758543293
        0.3904470000         1.4000000000         0.9320193584         0.8317638580       -10.5774684112
        0.3954418000         1.4000000000         0.9039437630         0.7909338187       -11.3088289777
        0.4004454000         1.4000000000         0.9294670315         0.7526556568       -10.6439557355
        0.4054449000         1.4000000000         0.9141530704         0.7092737400       -11.0428796808
        0.4106155000         1.4000000000         0.9218100509         0.6684437007       -10.8434177081
        0.4155934000         1.4000000000         0.9090484167         0.6123023966       -11.1758543293
        0.4212195000         1.4000000000         0.9013914361         0.5663686023       -11.3753163019
        0.4259040000         1.4000000000         0.9141530704         0.5331941953       -11.0428796808
        0.4306820000         1.4000000000         0.9141530704         0.4847085236       -11.0428796808
        0.4357788000         1.4000000000         0.9167053972         0.4489822392       -10.9763923566
        0.4405040000         1.4000000000         0.9013914361         0.4030484449       -11.3753163019
        0.4465017000         1.4000000000         0.9218100509         0.3520108957       -10.8434177081
        0.4507220000         1.4000000000         0.9039437630         0.3188364888       -11.3088289777
        0.4556318000         1.4000000000         0.9064960898         0.2652470621       -11.2423416535
        0.4605881000         1.4000000000         0.9192577241         0.2244170228       -10.9099050324
        0.4655553000         1.4000000000         0.9090484167         0.1810351060       -11.1758543293
        0.4706959000         1.4000000000         0.9064960898         0.1325494343       -11.2423416535
        0.4756441000         1.4000000000         0.9192577241         0.0942712724       -10.9099050324
        0.4806691000         1.4000000000         0.9013914361         0.0483374781       -11.3753163019
        0.4856244000         1.4000000000         0.9167053972         0.0126111937       -10.9763923566
        0.4905508000         1.4000000000         0.9039437630        -0.0052519485       -11.3088289777
        0.4955388000         1.4000000000         0.9192577241         0.0100593162       -10.9099050324
        0.5005384000         1.4000000000         0.9039437630         1.1201260109       -11.3088289777
        0.5055731000         1.4000000000         0.9090484167         1.0971591138       -11.1758543293
        0.5106801000         1.4000000000         0.9039437630         5.0066353810       -11.3088289777
        0.5156423000         1.4000000000         0.9167053972         5.0142910133       -10.9763923566
        0.5205366000         1.4000000000         0.8988391092         5.0015316260       -11.4418036262
        0.5255509000         1.4000000000         0.9116007435         4.9683572191       -11.1093670050
        0.5305867000         1.4000000000         0.9064960898         4.9249753023       -11.2423416535
        0.5355685000         1.4000000000         0.9090484167         4.8764896306       -11.1758543293
        0.5405752000         1.4000000000         0.9116007435         4.8407633461       -11.1093670050
        0.5455870000         1.4000000000         0.9090484167         4.7820701646       -11.1758543293
        0.5504642000         1.4000000000         0.8937344555         4.7361363703       -11.5747782746
        0.5555550000         1.4000000000         0.9116007435         4.6953063310       -11.1093670050
        0.5605131000         1.4000000000         0.8937344555         4.6417169043       -11.5747782746
        0.5655212000         1.4000000000         0.9345716852         4.5983349875       -10.5109810870
        0.5705363000         1.4000000000         0.8962867824         4.5651605806       -11.5082909504
        0.5755864000         1.4000000000         0.9013914361         4.5166749088       -11.3753163019
        0.5807148000         1.4000000000         0.8988391092         4.4732929920       -11.4418036262
        0.5856064000         1.4000000000         0.9064960898         4.4222554428       -11.2423416535
        0.5906201000         1.4000000000         0.8886298018         4.3814254035       -11.7077529231
        0.5956965000         1.4000000000         0.9167053972         4.3405953642       -10.9763923566
        0.6005892000         1.4000000000         0.9013914361         4.2895578150       -11.3753163019
        0.6055463000         1.4000000000         0.8860774750         4.2461758982       -11.7742402473
        0.6106550000         1.4000000000         0.9039437630         4.1951383490       -11.3088289777
        0.6156171000         1.4000000000         0.8835251481         4.1543083097       -11.8407275715
        0.6207213000         1.4000000000         0.8860774750         4.1058226379       -11.7742402473
        0.6255909000         1.4000000000         0.8886298018         4.0598888437       -11.7077529231
        0.6306051000         1.4000000000         0.8937344555         4.0267144367       -11.5747782746
        0.6355475000         1.4000000000         0.8962867824         3.9731250101       -11.5082909504
        0.6405313000         1.4000000000         0.8937344555         3.9271912158       -11.5747782746
        0.6455710000         1.4000000000         0.8784204944         3.8838092990       -11.9737022200
        0.6504864000         1.4000000000         0.9064960898         3.8353236273       -11.2423416535
        0.6555938000         1.4000000000         0.8605542064         3.7842860781       -12.4391134896
        0.6604858000         1.4000000000         0.8988391092         3.7587673035       -11.4418036262
        0.6655736000         1.4000000000         0.8911821287         3.6975222445       -11.6412655989
        0.6705059000         1.4000000000         0.8784204944         3.6566922051       -11.9737022200
        0.6755901000         1.4000000000         0.8937344555         3.6133102883       -11.5747782746
        0.6807051000         1.4000000000         0.8962867824         3.5673764941       -11.5082909504
        0.6855676000         1.4000000000         0.8886298018         3.5290983322       -11.7077529231
        0.6904760000         1.4000000000         0.9013914361         3.4729570281       -11.3753163019
        0.6955037000         1.4000000000         0.8835251481         3.4397826211       -11.8407275715
        0.7005129000         1.4000000000         0.8911821287         3.3861931945       -11.6412655989
        0.7054568000         1.4000000000         0.8886298018         3.3428112777       -11.7077529231
        0.7104782000         1.4000000000         0.8809728212         3.2994293609       -11.9072148958
        0.7154450000         1.4000000000         0.9039437630         3.2611511990       -11.3088289777
        0.7204489000         1.4000000000         0.8886298018         3.2101136498       -11.7077529231
        0.7254465000         1.4000000000         0.8886298018         3.1743873654       -11.7077529231
        0.7304806000         1.4000000000         0.9013914361         3.1207979388       -11.3753163019
        0.7354911000         1.4000000000         0.8835251481         3.0774160220       -11.8407275715
        0.7404479000         1.4000000000         0.8835251481         3.0289303502       -11.8407275715
        0.7454414000         1.4000000000         0.9064960898         2.9906521883       -11.2423416535
        0.7505361000         1.4000000000         0.8809728212         2.9421665166       -11.9072148958
        0.7555580000         1.4000000000         0.9013914361         2.8911289674       -11.3753163019
        0.7604834000         1.4000000000         0.8809728212         2.8528508056       -11.9072148958
        0.7655362000         1.4000000000         0.8937344555         2.8069170113       -11.5747782746
        0.7704818000         1.4000000000         0.8860774750         2.7609832170       -11.7742402473
        0.7755292000         1.4000000000         0.8937344555         2.7150494228       -11.5747782746
        0.7804749000         1.4000000000         0.8886298018         2.6665637511       -11.7077529231
        0.7855118000         1.4000000000         0.8962867824         2.6257337117       -11.5082909504
        0.7905462000         1.4000000000         0.8835251481         2.5797999174       -11.8407275715
        0.7956259000         1.4000000000         0.9192577241         2.5415217556       -10.9099050324
        0.8006268000         1.4000000000         0.8835251481         2.4904842064       -11.8407275715
        0.8056572000         1.4000000000         0.8860774750         2.4419985347       -11.7742402473
        0.8106114000         1.4000000000         0.9064960898         2.4088241277       -11.2423416535
        0.8156366000         1.4000000000         0.8860774750         2.3552347011       -11.7742402473
        0.8207405000         1.4000000000         0.8962867824         2.3169565392       -11.5082909504
        0.8256256000         1.4000000000         0.8937344555         2.2633671125       -11.5747782746
        0.8305404000         1.4000000000         0.8784204944         2.2174333183       -11.9737022200
        0.8355398000         1.4000000000         0.8962867824         2.1766032789       -11.5082909504
        0.8405690000         1.4000000000         0.8835251481         2.1306694847       -11.8407275715
        0.8456303000         1.4000000000         0.8911821287         2.0898394453       -11.6412655989
        0.8505118000         1.4000000000         0.9039437630         2.0413537736       -11.3088289777
        0.8555661000         1.4000000000         0.8758681675         1.9928681019       -12.0401895442
        0.8606053000         1.4000000000         0.9090484167         1.9622455724       -11.1758543293
        0.8655410000         1.4000000000         0.8860774750         1.9035523908       -11.7742402473
        0.8705965000         1.4000000000         0.8962867824         1.8678261064       -11.5082909504
        0.8755742000         1.4000000000         0.9039437630         1.8320998220       -11.3088289777
        0.8805694000         1.4000000000         0.8860774750         1.7734066404       -11.7742402473
        0.8856084000         1.4000000000         0.9039437630         1.7453359884       -11.3088289777
        0.8904412000         1.4000000000         0.9064960898         1.7019540715       -11.2423416535
        0.8955927000         1.4000000000         0.8988391092         1.6534683998       -11.4418036262
        0.9004387000         1.4000000000         0.9013914361         1.6100864830       -11.3753163019
        0.9055459000         1.4000000000         0.9039437630         1.5667045662       -11.3088289777
        0.9105169000         1.4000000000         0.8809728212         1.5258745269       -11.9072148958
        0.9155063000         1.4000000000         0.9064960898         1.4901482425       -11.2423416535
        0.9208952000         1.4000000000         0.8911821287         1.4340069384       -11.6412655989
        0.9255449000         1.4000000000         0.8988391092         1.3906250215       -11.4418036262
        0.9305739000         1.4000000000         0.9039437630         1.3523468597       -11.3088289777
        0.9355017000         1.4000000000         0.9141530704         1.3140686978       -11.0428796808
        0.9404910000         1.4000000000         0.8988391092         1.2655830261       -11.4418036262
        0.9456464000         1.4000000000         0.9116007435         1.2247529867       -11.1093670050
        0.9504993000         1.4000000000         0.9064960898         1.1839229474       -11.2423416535
        0.9555330000         1.4000000000         0.8962867824         1.1354372756       -11.5082909504
        0.9605577000         1.4000000000         0.9090484167         1.1048147461       -11.1758543293
        0.9654664000         1.4000000000         0.9243623778         1.0665365843       -10.7769303839
        0.9705191000         1.4000000000         0.8886298018         1.0103952802       -11.7077529231
        0.9756875000         1.4000000000         0.9269147047         0.9823246281       -10.7104430597
        0.9806022000         1.4000000000         0.8911821287         0.9287352015       -11.6412655989
        0.9855984000         1.4000000000         0.9116007435         0.8879051621       -11.1093670050
        0.9904818000         1.4000000000         0.9090484167         0.8368676129       -11.1758543293
        0.9955190000         1.4000000000         0.9013914361         0.8036932060       -11.3753163019
        1.0006504000         1.4000000000         0.9039437630         0.7552075343       -11.3088289777
        1.0057111000         1.4000000000         0.9064960898         0.7143774949       -11.2423416535
        1.0106047000         1.4000000000         0.9090484167         0.6709955781       -11.1758543293
        1.0156149000         1.4000000000         0.9064960898         0.6276136613       -11.2423416535
        1.0205153000         1.4000000000         0.9090484167         0.5842317445       -11.1758543293
        1.0255291000         1.4000000000         0.9039437630         0.5357460728       -11.3088289777
        1.0306280000         1.4000000000         0.9141530704         0.4974679109       -11.0428796808
        1.0355485000         1.4000000000         0.9141530704         0.4566378716       -11.0428796808
        1.0405357000         1.4000000000         0.9064960898         0.4056003224       -11.2423416535
        1.0455931000         1.4000000000         0.8962867824         0.3596665281       -11.5082909504
        1.0505500000         1.4000000000         0.8988391092         0.3137327338       -11.4418036262
        1.0555088000         1.4000000000         0.8911821287         0.2754545720       -11.6412655989
        1.0605412000         1.4000000000         0.9167053972         0.2269689002       -10.9763923566
        1.0656888000         1.4000000000         0.8937344555         0.1784832285       -11.5747782746
        1.0705030000         1.4000000000         0.9167053972         0.1478606990       -10.9763923566
        1.0755566000         1.4000000000         0.8962867824         0.0917193949       -11.5082909504
        1.0805093000         1.4000000000         0.9116007435         0.0559931105       -11.1093670050
        1.0855866000         1.4000000000         0.8962867824         0.0075074388       -11.5082909504
        1.0905382000         1.4000000000         0.9116007435         0.0049555613       -11.1093670050
        1.0956476000         1.4000000000         0.8988391092        -0.0001481936       -11.4418036262
        1.1006088000         1.4000000000         0.9013914361         1.1073666236       -11.3753163019
        1.1055074000         1.4000000000         0.8988391092         1.1201260109       -11.4418036262
        1.1108138000         1.4000000000         0.8962867824         5.0117391359       -11.5082909504
        1.1154695000         1.4000000000         0.9116007435         4.9989797486       -11.1093670050
        1.1204634000         1.4000000000         0.8860774750         5.0066353810       -11.7742402473
        1.1256026000         1.4000000000         0.8988391092         4.9555978318       -11.4418036262
        1.1305720000         1.4000000000         0.8988391092         4.9096640375       -11.4418036262
        1.1354800000         1.4000000000         0.8962867824         4.8713858756       -11.5082909504
        1.1406060000         1.4000000000         0.8962867824         4.8280039588       -11.5082909504
        1.1455900000         1.4000000000         0.9039437630         4.7744145322       -11.3088289777
        1.1506487000         1.4000000000         0.8809728212         4.7208251056       -11.9072148958
        1.1555980000         1.4000000000         0.9039437630         4.6799950662       -11.3088289777
        1.1606674000         1.4000000000         0.8911821287         4.6340612719       -11.6412655989
        1.1657310000         1.4000000000         0.8988391092         4.5906793551       -11.4418036262
        1.1705758000         1.4000000000         0.9039437630         4.5421936834       -11.3088289777
        1.1756952000         1.4000000000         0.8809728212         4.4962598892       -11.9072148958
        1.1806534000         1.4000000000         0.9039437630         4.4452223400       -11.3088289777
        1.1856681000         1.4000000000         0.8860774750         4.4043923006       -11.7742402473
        1.1905249000         1.4000000000         0.8937344555         4.3610103838       -11.5747782746
        1.1954590000         1.4000000000         0.8809728212         4.3125247121       -11.9072148958
        1.2007418000         1.4000000000         0.8835251481         4.2640390404       -11.8407275715
        1.2054890000         1.4000000000         0.8988391092         4.2308646334       -11.4418036262
        1.2106647000         1.4000000000         0.8937344555         4.1747233293       -11.5747782746
        1.2157131000         1.4000000000         0.8835251481         4.1287895351       -11.8407275715
        1.2205928000         1.4000000000         0.9141530704         4.0956151281       -11.0428796808
        1.2257081000         1.4000000000         0.8809728212         4.0369219465       -11.9072148958
        1.2307409000         1.4000000000         0.8886298018         3.9935400297       -11.7077529231
        1.2357062000         1.4000000000         0.8937344555         3.9578137453       -11.5747782746
        1.2405811000         1.4000000000         0.8911821287         3.9093280736       -11.6412655989
        1.2455596000         1.4000000000         0.8860774750         3.8608424019       -11.7742402473
        1.2505463000         1.4000000000         0.9064960898         3.8123567301       -11.2423416535
        1.2555639000         1.4000000000         0.8733158407         3.7740785683       -12.1066768684
        1.2605810000         1.4000000000         0.9090484167         3.7358004064       -11.1758543293
        1.2655929000         1.4000000000         0.8784204944         3.6898666121       -11.9737022200
        1.2707216000         1.4000000000         0.8962867824         3.6388290629       -11.5082909504
        1.2756935000         1.4000000000         0.8809728212         3.5928952687       -11.9072148958
        1.2805497000         1.4000000000         0.8937344555         3.5469614744       -11.5747782746
        1.2856018000         1.4000000000         0.8911821287         3.5035795576       -11.6412655989
        1.2906314000         1.4000000000         0.8937344555         3.4601976408       -11.5747782746
        1.2955781000         1.4000000000         0.8809728212         3.4193676015       -11.9072148958
        1.3005654000         1.4000000000         0.8937344555         3.3606744199       -11.5747782746
        1.3055795000         1.4000000000         0.8860774750         3.3275000129       -11.7742402473
        1.3105049000         1.4000000000         0.8835251481         3.2764624638       -11.8407275715
        1.3155914000         1.4000000000         0.9039437630         3.2407361793       -11.3088289777
        1.3205905000         1.4000000000         0.8631065332         3.1794911203       -12.3726261653
        1.3255450000         1.4000000000         0.8886298018         3.1412129584       -11.7077529231
        1.3305280000         1.4000000000         0.8911821287         3.0927272867       -11.6412655989
        1.3355610000         1.4000000000         0.8707635138         3.0570010023       -12.1731641927
        1.3405469000         1.4000000000         0.8886298018         3.0034115756       -11.7077529231
        1.3456817000         1.4000000000         0.8758681675         2.9549259039       -12.0401895442
        1.3506207000         1.4000000000         0.8784204944         2.9140958646       -11.9737022200
        1.3556093000         1.4000000000         0.8835251481         2.8630583154       -11.8407275715
        1.3606923000         1.4000000000         0.8886298018         2.8298839084       -11.7077529231
        1.3656094000         1.4000000000         0.8860774750         2.7762944818       -11.7742402473
        1.3706287000         1.4000000000         0.8860774750         2.7303606875       -11.7742402473
        1.3755931000         1.4000000000         0.8758681675         2.6793231383       -12.0401895442
        1.3805393000         1.4000000000         0.8784204944         2.6333893441       -11.9737022200
        1.3855897000         1.4000000000         0.8733158407         2.5900074273       -12.1066768684
        1.3905477000         1.4000000000         0.8860774750         2.5491773879       -11.7742402473
        1.3954766000         1.4000000000         0.8707635138         2.4981398388       -12.1731641927
        1.4005300000         1.4000000000         0.8758681675         2.4573097994       -12.0401895442
        1.4055851000         1.4000000000         0.8911821287         2.4139278826       -11.6412655989
        1.4106356000         1.4000000000         0.8656588601         2.3603384560       -12.3061388411
        1.4155480000         1.4000000000         0.8835251481         2.3195084166       -11.8407275715
        1.4205624000         1.4000000000         0.8962867824         2.2812302547       -11.5082909504
        1.4255499000         1.4000000000         0.8758681675         2.2250889506       -12.0401895442
        1.4305347000         1.4000000000         0.8988391092         2.1817070338       -11.4418036262
        1.4356716000         1.4000000000         0.8733158407         2.1306694847       -12.1066768684
        1.4406294000         1.4000000000         0.8707635138         2.0898394453       -12.1731641927
        1.4455722000         1.4000000000         0.9064960898         2.0566650383       -11.2423416535
        1.4507006000         1.4000000000         0.8733158407         1.9954199793       -12.1066768684
        1.4555845000         1.4000000000         0.8962867824         1.9571418174       -11.5082909504
        1.4604871000         1.4000000000         0.8886298018         1.9112080232       -11.7077529231
        1.4655789000         1.4000000000         0.8962867824         1.8754817388       -11.5082909504
        1.4705831000         1.4000000000         0.8860774750         1.8218923121       -11.7742402473
        1.4756157000         1.4000000000         0.8962867824         1.7887179052       -11.5082909504
        1.4805759000         1.4000000000         0.8886298018         1.7325766011       -11.7077529231
        1.4855484000         1.4000000000         0.8860774750         1.6891946843       -11.7742402473
        1.4905714000         1.4000000000         0.9039437630         1.6534683998       -11.3088289777
        1.4956013000         1.4000000000         0.8937344555         1.6075346056       -11.5747782746
        1.5006264000         1.4000000000         0.8988391092         1.5667045662       -11.4418036262
        1.5056028000         1.4000000000         0.8962867824         1.5233226494       -11.5082909504
        1.5106304000         1.4000000000         0.8962867824         1.4748369777       -11.5082909504
        1.5156117000         1.4000000000         0.8733158407         1.4340069384       -12.1066768684
        1.5204580000         1.4000000000         0.9192577241         1.4033844088       -10.9099050324
        1.5255791000         1.4000000000         0.8962867824         1.3574506146       -11.5082909504
        1.5307226000         1.4000000000         0.9064960898         1.3089649429       -11.2423416535
        1.5356960000         1.4000000000         0.9064960898         1.2706867810       -11.2423416535
        1.5406135000         1.4000000000         0.9141530704         1.2222011093       -11.0428796808
        1.5455999000         1.4000000000         0.9064960898         1.1890267023       -11.2423416535
        1.5505807000         1.4000000000         0.9064960898         1.1405410306       -11.2423416535
        1.5556993000         1.4000000000         0.9013914361         1.0971591138       -11.3753163019
        1.5605610000         1.4000000000         0.9064960898         1.0588809519       -11.2423416535
        1.5655775000         1.4000000000         0.8962867824         1.0206027900       -11.5082909504
        1.5706024000         1.4000000000         0.9116007435         0.9644614859       -11.1093670050
        1.5756062000         1.4000000000         0.8809728212         0.9185276916       -11.9072148958
        1.5807208000         1.4000000000         0.9218100509         0.8930089170       -10.8434177081
        1.5855384000         1.4000000000         0.9141530704         0.8394194904       -11.0428796808
        1.5907186000         1.4000000000         0.8988391092         0.7985894511       -11.4418036262
        1.5955402000         1.4000000000         0.9064960898         0.7526556568       -11.2423416535
        1.6005436000         1.4000000000         0.9090484167         0.7092737400       -11.1758543293
        1.6055862000         1.4000000000         0.8988391092         0.6684437007       -11.4418036262
        1.6106883000         1.4000000000         0.9064960898         0.6225099064       -11.2423416535
        1.6155055000         1.4000000000         0.9039437630         0.5765761121       -11.3088289777
        1.6205415000         1.4000000000         0.9013914361         0.5331941953       -11.3753163019
        1.6255465000         1.4000000000         0.9141530704         0.4898122785       -11.0428796808
        1.6305107000         1.4000000000         0.9371240121         0.4515341166       -10.4444937628
        1.6355898000         1.4000000000         0.9013914361         0.4004965675       -11.3753163019
        1.6405390000         1.4000000000         0.9064960898         0.3494590183       -11.2423416535
        1.6455740000         1.4000000000         0.9090484167         0.3213883662       -11.1758543293
        1.6505313000         1.4000000000         0.8988391092         0.2703508170       -11.4418036262
        1.6555423000         1.4000000000         0.9064960898         0.2244170228       -11.2423416535
        1.6605201000         1.4000000000         0.8937344555         0.1733794736       -11.5747782746
        1.6655080000         1.4000000000         0.8962867824         0.1325494343       -11.5082909504
        1.6705004000         1.4000000000         0.9064960898         0.0891675175       -11.2423416535
        1.6755855000         1.4000000000         0.8962867824         0.0406818457       -11.5082909504
        1.6805457000         1.4000000000         0.9167053972         0.0126111937       -10.9763923566
        1.6857219000         1.4000000000         0.8911821287        -0.0052519485       -11.6412655989
        1.6905679000         1.4000000000         0.9039437630         0.0126111937       -11.3088289777
        1.6955038000         1.4000000000         0.8911821287         1.0971591138       -11.6412655989
        1.7005670000         1.4000000000         0.8962867824         5.0015316260       -11.5082909504
        1.7054411000         1.4000000000         0.8988391092         5.0066353810       -11.4418036262
        1.7105970000         1.4000000000         0.9039437630         5.0040835035       -11.3088289777
        1.7155457000         1.4000000000         0.8911821287         4.9938759937       -11.6412655989
        1.7205895000         1.4000000000         0.8988391092         4.9581497092       -11.4418036262
        1.7256195000         1.4000000000         0.8988391092         4.9020084051       -11.4418036262
        1.7306087000         1.4000000000         0.8937344555         4.8637302433       -11.5747782746
        1.7355216000         1.4000000000         0.8962867824         4.8101408166       -11.5082909504
        1.7406237000         1.4000000000         0.8886298018         4.7616551449       -11.7077529231
        1.7454830000         1.4000000000         0.8962867824         4.7080657183       -11.5082909504
        1.7507027000         1.4000000000         0.8886298018         4.6646838015       -11.7077529231
        1.7555290000         1.4000000000         0.8860774750         4.6187500072       -11.7742402473
        1.7605427000         1.4000000000         0.9013914361         4.5728162129       -11.3753163019
        1.7656044000         1.4000000000         0.8937344555         4.5294342961       -11.5747782746
        1.7706410000         1.4000000000         0.8809728212         4.4809486244       -11.9072148958
        1.7755655000         1.4000000000         0.9039437630         4.4324629527       -11.3088289777
        1.7804918000         1.4000000000         0.8682111870         4.3839772810       -12.2396515169
        1.7855713000         1.4000000000         0.8988391092         4.3508028740       -11.4418036262
        1.7906059000         1.4000000000         0.8835251481         4.2921096924       -11.8407275715
        1.7955930000         1.4000000000         0.8835251481         4.2538315306       -11.8407275715
        1.8005940000         1.4000000000         0.8911821287         4.2130014912       -11.6412655989
        1.8054960000         1.4000000000         0.8886298018         4.1619639420       -11.7077529231
        1.8105115000         1.4000000000         0.8835251481         4.1160301478       -11.8407275715
        1.8154820000         1.4000000000         0.8835251481         4.0675444760       -11.8407275715
        1.8205914000         1.4000000000         0.8707635138         4.0241625592       -12.1731641927
        1.8256011000         1.4000000000         0.8962867824         3.9756768875       -11.5082909504
        1.8305274000         1.4000000000         0.8758681675         3.9322949707       -12.0401895442
        1.8354649000         1.4000000000         0.8911821287         3.8914649314       -11.6412655989
        1.8404394000         1.4000000000         0.8911821287         3.8404273822       -11.6412655989
        1.8454324000         1.4000000000         0.8809728212         3.8021492203       -11.9072148958
        1.8504514000         1.4000000000         0.8758681675         3.7511116711       -12.0401895442
        1.8555000000         1.4000000000         0.9116007435         3.7102816318       -11.1093670050
        1.8604199000         1.4000000000         0.8580018795         3.6592440826       -12.5056008138
        1.8654365000         1.4000000000         0.8860774750         3.6107584109       -11.7742402473
        1.8704577000         1.4000000000         0.8886298018         3.5571689842       -11.7077529231
        1.8754720000         1.4000000000         0.8656588601         3.5188908224       -12.3061388411
        1.8804398000         1.4000000000         0.8784204944         3.4653013957       -11.9737022200
        1.8854584000         1.4000000000         0.8707635138         3.4270232338       -12.1731641927
        1.8904287000         1.4000000000         0.8809728212         3.3836413170       -11.9072148958
        1.8954528000         1.4000000000         0.8886298018         3.3351556453       -11.7077529231
        1.9004560000         1.4000000000         0.8605542064         3.2841180961       -12.4391134896
        1.9056172000         1.4000000000         0.8860774750         3.2458399342       -11.7742402473
        1.9104234000         1.4000000000         0.8631065332         3.1973542625       -12.3726261653
        1.9163262000         1.4000000000         0.8911821287         3.1565242232       -11.6412655989
        1.9204127000         1.4000000000         0.8835251481         3.1080385515       -11.8407275715
        1.9254340000         1.4000000000         0.8733158407         3.0672085121       -12.1066768684
        1.9305542000         1.4000000000         0.8809728212         3.0110672080       -11.9072148958
        1.9355024000         1.4000000000         0.8733158407         2.9753409236       -12.1066768684
        1.9405508000         1.4000000000         0.8809728212         2.9294071293       -11.9072148958
        1.9454989000         1.4000000000         0.8758681675         2.8758177027       -12.0401895442
        1.9504406000         1.4000000000         0.8682111870         2.8298839084       -12.2396515169
        1.9558113000         1.4000000000         0.8784204944         2.7813982367       -11.9737022200
        1.9604416000         1.4000000000         0.8784204944         2.7431200748       -11.9737022200
        1.9654807000         1.4000000000         0.8707635138         2.6869787707       -12.1731641927
        1.9704564000         1.4000000000         0.8835251481         2.6487006088       -11.8407275715
        1.9754760000         1.4000000000         0.8631065332         2.5874555498       -12.3726261653
        1.9806740000         1.4000000000         0.8835251481         2.5491773879       -11.8407275715
        1.9856927000         1.4000000000         0.8580018795         2.5006917162       -12.5056008138
        1.9907358000         1.4000000000         0.8835251481         2.4598616769       -11.8407275715
        1.9955755000         1.4000000000         0.8911821287         2.4139278826       -11.6412655989
        2.0006265000         1.4000000000         0.8733158407         2.3679940883       -12.1066768684
        2.0055977000         1.4000000000         0.8682111870         2.3169565392       -12.2396515169
        2.0106073000         1.4000000000         0.8835251481         2.2608152351       -11.8407275715
        2.0156757000         1.4000000000         0.8733158407         2.2123295633       -12.1066768684
        2.0204561000         1.4000000000         0.8860774750         2.1817070338       -11.7742402473
        2.0255409000         1.4000000000         0.8886298018         2.1383251170       -11.7077529231
        2.0305168000         1.4000000000         0.8707635138         2.0796319355       -12.1731641927
        2.0355650000         1.4000000000         0.8809728212         2.0336981412       -11.9072148958
        2.0405801000         1.4000000000         0.8758681675         1.9928681019       -12.0401895442
        2.0455910000         1.4000000000         0.8937344555         1.9494861851       -11.5747782746
        2.0506995000         1.4000000000         0.8784204944         1.9061042683       -11.9737022200
        2.0555385000         1.4000000000         0.8962867824         1.8678261064       -11.5082909504
        2.0604602000         1.4000000000         0.8758681675         1.8167885572       -12.0401895442
        2.0655361000         1.4000000000         0.8911821287         1.7708547629       -11.6412655989
        2.0705365000         1.4000000000         0.8809728212         1.7300247236       -11.9072148958
        2.0755620000         1.4000000000         0.8835251481         1.6840909293       -11.8407275715
        2.0806327000         1.4000000000         0.8860774750         1.6407090125       -11.7742402473
        2.0855883000         1.4000000000         0.8733158407         1.5922233408       -12.1066768684
        2.0906075000         1.4000000000         0.8937344555         1.5564970564       -11.5747782746
        2.0955966000         1.4000000000         0.8937344555         1.5003557523       -11.5747782746
        2.1006029000         1.4000000000         0.8988391092         1.4722851002       -11.4418036262
        2.1055315000         1.4000000000         0.8784204944         1.4135919187       -11.9737022200
        2.1105120000         1.4000000000         0.8937344555         1.3676581244       -11.5747782746
        2.1156118000         1.4000000000         0.8860774750         1.3395874724       -11.7742402473
        2.1205125000         1.4000000000         0.8886298018         1.2885499232       -11.7077529231
        2.1255089000         1.4000000000         0.8886298018         1.2400642515       -11.7077529231
        2.1306411000         1.4000000000         0.8937344555         1.1966823347       -11.5747782746
        2.1355261000         1.4000000000         0.8809728212         1.1584041728       -11.9072148958
        2.1405046000         1.4000000000         0.9013914361         1.1124703785       -11.3753163019
        2.1455482000         1.4000000000         0.8886298018         1.0741922166       -11.7077529231
        2.1507110000         1.4000000000         0.8988391092         1.0333621773       -11.4418036262
        2.1555754000         1.4000000000         0.8911821287         0.9797727506       -11.6412655989
        2.1605622000         1.4000000000         0.8937344555         0.9389427113       -11.5747782746
        2.1655387000         1.4000000000         0.8860774750         0.8904570396       -11.7742402473
        2.1705841000         1.4000000000         0.8962867824         0.8547307552       -11.5082909504
        2.1756619000         1.4000000000         0.9013914361         0.8036932060       -11.3753163019
        2.1805591000         1.4000000000         0.8937344555         0.7705187990       -11.5747782746
        2.1855231000         1.4000000000         0.8962867824         0.7143774949       -11.5082909504
        2.1906075000         1.4000000000         0.8988391092         0.6786512105       -11.4418036262
        2.1956105000         1.4000000000         0.9064960898         0.6276136613       -11.2423416535
        2.2006368000         1.4000000000         0.9013914361         0.5867836220       -11.3753163019
        2.2055374000         1.4000000000         0.8937344555         0.5331941953       -11.5747782746
        2.2104948000         1.4000000000         0.8937344555         0.4847085236       -11.5747782746
        2.2155280000         1.4000000000         0.9064960898         0.4540859941       -11.2423416535
        2.2205053000         1.4000000000         0.8809728212         0.3979446900       -11.9072148958
        2.2255541000         1.4000000000         0.9039437630         0.3596665281       -11.3088289777
        2.2305557000         1.4000000000         0.8937344555         0.3137327338       -11.5747782746
        2.2355817000         1.4000000000         0.8962867824         0.2729026945       -11.5082909504
        2.2406858000         1.4000000000         0.8988391092         0.2193132679       -11.4418036262
        2.2456054000         1.4000000000         0.8835251481         0.1733794736       -11.8407275715
        2.2506381000         1.4000000000         0.8962867824         0.1274456793       -11.5082909504
        2.2555105000         1.4000000000         0.8937344555         0.0789600076       -11.5747782746
        2.2605463000         1.4000000000         0.8962867824         0.0432337232       -11.5082909504
        2.2656400000         1.4000000000         0.8860774750        -0.0027000711       -11.7742402473
        2.2706435000         1.4000000000         0.8886298018        -0.0052519485       -11.7077529231
        2.2755886000         1.4000000000         0.8886298018         0.0024036839       -11.7077529231
        2.2806287000         1.4000000000         0.9064960898         1.1252297658       -11.2423416535
        2.2856246000         1.4000000000         0.8886298018         5.0091872584       -11.7077529231
        2.2905643000         1.4000000000         0.9064960898         5.0117391359       -11.2423416535
        2.2955892000         1.4000000000         0.8962867824         5.0066353810       -11.5082909504
        2.3005887000         1.4000000000         0.8835251481         4.9785647289       -11.8407275715
        2.3055893000         1.4000000000         0.8911821287         4.9377346896       -11.6412655989
        2.3104802000         1.4000000000         0.9013914361         4.8969046502       -11.3753163019
        2.3156926000         1.4000000000         0.8784204944         4.8382114687       -11.9737022200
        2.3205982000         1.4000000000         0.8937344555         4.7922776744       -11.5747782746
        2.3255448000         1.4000000000         0.8809728212         4.7463438801       -11.9072148958
        2.3306026000         1.4000000000         0.9064960898         4.7080657183       -11.2423416535
        2.3354836000         1.4000000000         0.8682111870         4.6468206592       -12.2396515169
        2.3405969000         1.4000000000         0.8937344555         4.6085424974       -11.5747782746
        2.3455667000         1.4000000000         0.8860774750         4.5600568256       -11.7742402473
        2.3505437000         1.4000000000         0.8911821287         4.5192267863       -11.6412655989
        2.3555960000         1.4000000000         0.8835251481         4.4630854822       -11.8407275715
        2.3605336000         1.4000000000         0.8962867824         4.4248073203       -11.5082909504
        2.3655369000         1.4000000000         0.8656588601         4.3686660162       -12.3061388411
        2.3705985000         1.4000000000         0.8911821287         4.3252840994       -11.6412655989
        2.3755291000         1.4000000000         0.8886298018         4.2921096924       -11.7077529231
        2.3807364000         1.4000000000         0.8886298018         4.2436240207       -11.7077529231
        2.3856005000         1.4000000000         0.8962867824         4.1849308392       -11.5082909504
        2.3906474000         1.4000000000         0.8758681675         4.1492045547       -12.0401895442
        2.3955823000         1.4000000000         0.8886298018         4.0981670056       -11.7077529231
        2.4006027000         1.4000000000         0.8835251481         4.0598888437       -11.8407275715
        2.4056632000         1.4000000000         0.8835251481         4.0062994170       -11.8407275715
        2.4104440000         1.4000000000         0.8758681675         3.9552618679       -12.0401895442
        2.4155215000         1.4000000000         0.8860774750         3.9169837060       -11.7742402473
        2.4206971000         1.4000000000         0.8707635138         3.8633942793       -12.1731641927
        2.4256564000         1.4000000000         0.8860774750         3.8225642400       -11.7742402473
        2.4305296000         1.4000000000         0.8809728212         3.7842860781       -11.9072148958
        2.4354803000         1.4000000000         0.8937344555         3.7358004064       -11.5747782746
        2.4404907000         1.4000000000         0.8911821287         3.6898666121       -11.6412655989
        2.4456529000         1.4000000000         0.8784204944         3.6362771855       -11.9737022200
        2.4505806000         1.4000000000         0.8835251481         3.5954471461       -11.8407275715
        2.4559198000         1.4000000000         0.8707635138         3.5520652293       -12.1731641927
        2.4604604000         1.4000000000         0.8758681675         3.5035795576       -12.0401895442
        2.4655864000         1.4000000000         0.8784204944         3.4525420084       -11.9737022200
        2.4706317000         1.4000000000         0.8733158407         3.4142638465       -12.1066768684
        2.4754498000         1.4000000000         0.8911821287         3.3632262974       -11.6412655989
        2.4805788000         1.4000000000         0.8631065332         3.3249481355       -12.3726261653
        2.4855487000         1.4000000000         0.8733158407         3.2662549539       -12.1066768684
        2.4905921000         1.4000000000         0.8835251481         3.2305286695       -11.8407275715
        2.4956068000         1.4000000000         0.8631065332         3.1718354879       -12.3726261653
        2.5006796000         1.4000000000         0.8809728212         3.1361092035       -11.9072148958
        2.5055586000         1.4000000000         0.8656588601         3.0799678994       -12.3061388411
        2.5105331000         1.4000000000         0.8656588601         3.0416897375       -12.3061388411
        2.5155806000         1.4000000000         0.8707635138         2.9906521883       -12.1731641927
        2.5206971000         1.4000000000         0.8682111870         2.9549259039       -12.2396515169
        2.5255850000         1.4000000000         0.8784204944         2.8987845998       -11.9737022200
        2.5306185000         1.4000000000         0.8656588601         2.8528508056       -12.3061388411
        2.5356351000         1.4000000000         0.8758681675         2.8043651338       -12.0401895442
        2.5405863000         1.4000000000         0.8631065332         2.7533275847       -12.3726261653
        2.5454942000         1.4000000000         0.8733158407         2.7176013002       -12.1066768684
        2.5505082000         1.4000000000         0.8733158407         2.6665637511       -12.1066768684
        2.5555965000         1.4000000000         0.8809728212         2.6257337117       -11.9072148958
        2.5604545000         1.4000000000         0.8784204944         2.5746961625       -11.9737022200
        2.5655246000         1.4000000000         0.8886298018         2.5338661232       -11.7077529231
        2.5705842000         1.4000000000         0.8682111870         2.4802766965       -12.2396515169
        2.5755997000         1.4000000000         0.8733158407         2.4292391474       -12.1066768684
        2.5807107000         1.4000000000         0.8707635138         2.3858572306       -12.1731641927
        2.5856796000         1.4000000000         0.8733158407         2.3348196814       -12.1066768684
        2.5905498000         1.4000000000         0.8758681675         2.3016452744       -12.0401895442
        2.5955842000         1.4000000000         0.8835251481         2.2429520929       -11.8407275715
        2.6005720000         1.4000000000         0.8656588601         2.1995701761       -12.3061388411
        2.6055835000         1.4000000000         0.8758681675         2.1536363818       -12.0401895442
        2.6106605000         1.4000000000         0.8835251481         2.1077025875       -11.8407275715
        2.6156348000         1.4000000000         0.8758681675         2.0617687933       -12.0401895442
        2.6206022000         1.4000000000         0.8707635138         2.0132831215       -12.1731641927
        2.6255816000         1.4000000000         0.8835251481         1.9699012047       -11.8407275715
        2.6305330000         1.4000000000         0.8860774750         1.9290711654       -11.7742402473
        2.6355818000         1.4000000000         0.8733158407         1.8729298613       -12.1066768684
        2.6404800000         1.4000000000         0.8835251481         1.8423073318       -11.8407275715
        2.6455414000         1.4000000000         0.8707635138         1.7861660277       -12.1731641927
        2.6506472000         1.4000000000         0.9141530704         1.7427841109       -11.0428796808
        2.6583614000         1.4000000000         0.8860774750         1.6738834195       -11.7742402473
        2.6611307000         1.4000000000         0.8860774750         1.6560202773       -11.7742402473
        2.6656543000         1.4000000000         0.8784204944         1.6151902379       -11.9737022200
        2.6706122000         1.4000000000         0.8911821287         1.5667045662       -11.6412655989
        2.6756318000         1.4000000000         0.8911821287         1.5284264043       -11.6412655989
        2.6806797000         1.4000000000         0.8911821287         1.4824926101       -11.6412655989
        2.6856442000         1.4000000000         0.8911821287         1.4365588158       -11.6412655989
        2.6905993000         1.4000000000         0.8937344555         1.3957287765       -11.5747782746
        2.6955979000         1.4000000000         0.9039437630         1.3548987371       -11.3088289777
        2.7005804000         1.4000000000         0.8937344555         1.3064130654       -11.5747782746
        2.7055918000         1.4000000000         0.8784204944         1.2604792711       -11.9737022200
        2.7107157000         1.4000000000         0.9039437630         1.2170973543       -11.3088289777
        2.7155561000         1.4000000000         0.8860774750         1.1762673150       -11.7742402473
        2.7204855000         1.4000000000         0.8886298018         1.1252297658       -11.7077529231
        2.7255253000         1.4000000000         0.8809728212         1.0818478490       -11.9072148958
        2.7304997000         1.4000000000         0.9013914361         1.0435696871       -11.3753163019
        2.7355043000         1.4000000000         0.8784204944         0.9950840154       -11.9737022200
        2.7404456000         1.4000000000         0.8988391092         0.9517020986       -11.4418036262
        2.7454417000         1.4000000000         0.8886298018         0.9159758142       -11.7077529231
        2.7504496000         1.4000000000         0.9013914361         0.8700420199       -11.3753163019
        2.7555011000         1.4000000000         0.8911821287         0.8190044707       -11.6412655989
        2.7607165000         1.4000000000         0.8937344555         0.7858300638       -11.5747782746
        2.7655904000         1.4000000000         0.8835251481         0.7296887597       -11.8407275715
        2.7708812000         1.4000000000         0.8962867824         0.6863068429       -11.5082909504
        2.7756307000         1.4000000000         0.8886298018         0.6454768035       -11.7077529231
        2.7807554000         1.4000000000         0.8911821287         0.5995430093       -11.6412655989
        2.7856322000         1.4000000000         0.8835251481         0.5510573375       -11.8407275715
        2.7906078000         1.4000000000         0.9064960898         0.5102272982       -11.2423416535
        2.7957339000         1.4000000000         0.8937344555         0.4617416265       -11.5747782746
        2.8005733000         1.4000000000         0.8835251481         0.4132559548       -11.8407275715
        2.8056547000         1.4000000000         0.8962867824         0.3647702830       -11.5082909504
        2.8104971000         1.4000000000         0.8962867824         0.3315958761       -11.5082909504
        2.8155886000         1.4000000000         0.8860774750         0.2780064494       -11.7742402473
        2.8205791000         1.4000000000         0.8911821287         0.2269689002       -11.6412655989
        2.8255380000         1.4000000000         0.8809728212         0.1810351060       -11.9072148958
        2.8305673000         1.4000000000         0.8835251481         0.1351013117       -11.8407275715
        2.8355952000         1.4000000000         0.8886298018         0.0891675175       -11.7077529231
        2.8406141000         1.4000000000         0.8937344555         0.0559931105       -11.5747782746
        2.8455696000         1.4000000000         0.8937344555         0.0100593162       -11.5747782746
        2.8505885000         1.4000000000         0.8860774750        -0.0001481936       -11.7742402473
        2.8556342000         1.4000000000         0.9013914361         0.0075074388       -11.3753163019
        2.8605381000         1.4000000000         0.8860774750         1.0971591138       -11.7742402473
        2.8654555000         1.4000000000         0.8937344555         5.0015316260       -11.5747782746
        2.8706165000         1.4000000000         0.8784204944         4.9989797486       -11.9737022200
        2.8754558000         1.4000000000         0.9064960898         5.0066353810       -11.2423416535
        2.8806983000         1.4000000000         0.8733158407         5.0015316260       -12.1066768684
        2.8854570000         1.4000000000         0.8988391092         4.9453903219       -11.4418036262
        2.8904754000         1.4000000000         0.8835251481         4.9020084051       -11.8407275715
        2.8955062000         1.4000000000         0.8911821287         4.8535227334       -11.6412655989
        2.9004710000         1.4000000000         0.8835251481         4.7999333068       -11.8407275715
        2.9054449000         1.4000000000         0.8988391092         4.7667588998       -11.4418036262
        2.9105380000         1.4000000000         0.8835251481         4.7055138408       -11.8407275715
        2.9155669000         1.4000000000         0.8809728212         4.6672356789       -11.9072148958
        2.9204411000         1.4000000000         0.8707635138         4.6110943748       -12.1731641927
        2.9255035000         1.4000000000         0.8937344555         4.5677124580       -11.5747782746
        2.9305613000         1.4000000000         0.8707635138         4.5217786637       -12.1731641927
        2.9355461000         1.4000000000         0.8860774750         4.4758448695       -11.7742402473
        2.9404873000         1.4000000000         0.8886298018         4.4299110752       -11.7077529231
        2.9454788000         1.4000000000         0.8911821287         4.3865291584       -11.6412655989
        2.9504675000         1.4000000000         0.8911821287         4.3405953642       -11.6412655989
        2.9555418000         1.4000000000         0.8911821287         4.2870059375       -11.6412655989
        2.9605157000         1.4000000000         0.8962867824         4.2487277756       -11.5082909504
        2.9654735000         1.4000000000         0.8937344555         4.2002421039       -11.5747782746
        2.9704815000         1.4000000000         0.8707635138         4.1568601871       -12.1731641927
        2.9754808000         1.4000000000         0.8784204944         4.0981670056       -11.9737022200
        2.9805269000         1.4000000000         0.8758681675         4.0598888437       -12.0401895442
        2.9854937000         1.4000000000         0.8860774750         4.0062994170       -11.7742402473
        2.9905114000         1.4000000000         0.8784204944         3.9629175002       -11.9737022200
        2.9954419000         1.4000000000         0.8707635138         3.9220874609       -12.1731641927
        3.0004874000         1.4000000000         0.8733158407         3.8684980342       -12.1066768684
        3.0054594000         1.4000000000         0.8835251481         3.8327717498       -11.8407275715
        3.0104709000         1.4000000000         0.8554495527         3.7817342006       -12.5720881380
        3.0155746000         1.4000000000         0.8835251481         3.7434560388       -11.8407275715
        3.0204466000         1.4000000000         0.8835251481         3.6924184896       -11.8407275715
        3.0255275000         1.4000000000         0.8631065332         3.6388290629       -12.3726261653
        3.0305851000         1.4000000000         0.8962867824         3.6031027785       -11.5082909504
        3.0356306000         1.4000000000         0.8580018795         3.5418577195       -12.5056008138
        3.0405252000         1.4000000000         0.8937344555         3.5010276801       -11.5747782746
        3.0455028000         1.4000000000         0.8758681675         3.4576457633       -12.0401895442
        3.0504854000         1.4000000000         0.8682111870         3.4091600916       -12.2396515169
        3.0554999000         1.4000000000         0.8809728212         3.3632262974       -11.9072148958
        3.0604949000         1.4000000000         0.8580018795         3.3121887482       -12.5056008138
        3.0655027000         1.4000000000         0.8707635138         3.2637030765       -12.1731641927
        3.0704768000         1.4000000000         0.8758681675         3.2254249146       -12.0401895442
        3.0754382000         1.4000000000         0.8631065332         3.1769392429       -12.3726261653
        3.0804836000         1.4000000000         0.8886298018         3.1361092035       -11.7077529231
        3.0855998000         1.4000000000         0.8656588601         3.0825197769       -12.3061388411
        3.0907625000         1.4000000000         0.8682111870         3.0340341051       -12.2396515169
        3.0954893000         1.4000000000         0.8860774750         3.0008596982       -11.7742402473
        3.1004879000         1.4000000000         0.8554495527         2.9396146392       -12.5720881380
        3.1055271000         1.4000000000         0.8911821287         2.8987845998       -11.6412655989
        3.1105140000         1.4000000000         0.8631065332         2.8477470506       -12.3726261653
        3.1156274000         1.4000000000         0.8809728212         2.8069170113       -11.9072148958
        3.1205631000         1.4000000000         0.8733158407         2.7609832170       -12.1066768684
        3.1255655000         1.4000000000         0.8682111870         2.7150494228       -12.2396515169
        3.1305029000         1.4000000000         0.8758681675         2.6665637511       -12.0401895442
        3.1355115000         1.4000000000         0.8707635138         2.6206299568       -12.1731641927
        3.1405511000         1.4000000000         0.8707635138         2.5746961625       -12.1731641927
        3.1455977000         1.4000000000         0.8784204944         2.5287623683       -11.9737022200
        3.1506328000         1.4000000000         0.8631065332         2.4802766965       -12.3726261653
        3.1555551000         1.4000000000         0.8784204944         2.4343429023       -11.9737022200
        3.1604890000         1.4000000000         0.8707635138         2.3833053531       -12.1731641927
        3.1657880000         1.4000000000         0.8605542064         2.3373715588       -12.4391134896
        3.1705908000         1.4000000000         0.8656588601         2.2914377646       -12.3061388411
        3.1755851000         1.4000000000         0.8656588601         2.2378483379       -12.3061388411
        3.1806544000         1.4000000000         0.8733158407         2.2021220535       -12.1066768684
        3.1856179000         1.4000000000         0.8605542064         2.1434288720       -12.4391134896
        3.1906146000         1.4000000000         0.8656588601         2.0974950777       -12.3061388411
        3.1957515000         1.4000000000         0.8835251481         2.0541131609       -11.8407275715
        3.2005809000         1.4000000000         0.8784204944         2.0132831215       -11.9737022200
        3.2056282000         1.4000000000         0.8656588601         1.9596936949       -12.3061388411
        3.2106936000         1.4000000000         0.8911821287         1.9163117781       -11.6412655989
        3.2156484000         1.4000000000         0.8707635138         1.8729298613       -12.1731641927
        3.2205567000         1.4000000000         0.8707635138         1.8193404347       -12.1731641927
        3.2255795000         1.4000000000         0.8809728212         1.7861660277       -11.9072148958
        3.2306410000         1.4000000000         0.8860774750         1.7376803560       -11.7742402473
        3.2355321000         1.4000000000         0.8631065332         1.6840909293       -12.3726261653
        3.2405990000         1.4000000000         0.8937344555         1.6534683998       -11.5747782746
        3.2454880000         1.4000000000         0.8733158407         1.5947752183       -12.1066768684
        3.2505826000         1.4000000000         0.8784204944         1.5564970564       -11.9737022200
        3.2554413000         1.4000000000         0.8911821287         1.5182188945       -11.6412655989
        3.2604565000         1.4000000000         0.8784204944         1.4620775904       -11.9737022200
        3.2654720000         1.4000000000         0.8784204944         1.4263513060       -11.9737022200
        3.2704949000         1.4000000000         0.8911821287         1.3727618793       -11.6412655989
        3.2754535000         1.4000000000         0.8758681675         1.3344837175       -12.0401895442
        3.2804416000         1.4000000000         0.8835251481         1.2859980457       -11.8407275715
        3.2854418000         1.4000000000         0.8860774750         1.2451680064       -11.7742402473
        3.2907322000         1.4000000000         0.8937344555         1.1915785797       -11.5747782746
        3.2954777000         1.4000000000         0.8809728212         1.1609560502       -11.9072148958
        3.3005460000         1.4000000000         0.8962867824         1.1150222560       -11.5082909504
        3.3054567000         1.4000000000         0.8784204944         1.0665365843       -11.9737022200
        3.3104210000         1.4000000000         0.8962867824         1.0308102998       -11.5082909504
        3.3154469000         1.4000000000         0.8886298018         0.9797727506       -11.7077529231
        3.3204449000         1.4000000000         0.8809728212         0.9363908338       -11.9072148958
        3.3254990000         1.4000000000         0.8911821287         0.8904570396       -11.6412655989
        3.3304434000         1.4000000000         0.8937344555         0.8419713679       -11.5747782746
        3.3355175000         1.4000000000         0.8937344555         0.8087969609       -11.5747782746
        3.3404723000         1.4000000000         0.8911821287         0.7603112892       -11.6412655989
        3.3454795000         1.4000000000         0.8937344555         0.7143774949       -11.5747782746
        3.3505221000         1.4000000000         0.9116007435         0.6633399457       -11.1093670050
        3.3555414000         1.4000000000         0.8962867824         0.6225099064       -11.5082909504
        3.3604455000         1.4000000000         0.8911821287         0.5765761121       -11.6412655989
        3.3654768000         1.4000000000         0.8937344555         0.5357460728       -11.5747782746
        3.3705029000         1.4000000000         0.8962867824         0.4847085236       -11.5082909504
        3.3754786000         1.4000000000         0.8962867824         0.4413266068       -11.5082909504
        3.3804380000         1.4000000000         0.8707635138         0.3877371802       -12.1731641927
        3.3855982000         1.4000000000         0.9039437630         0.3469071408       -11.3088289777
        3.3905980000         1.4000000000         0.8758681675         0.3009733466       -12.0401895442
        3.3956421000         1.4000000000         0.8886298018         0.2524876748       -11.7077529231
        3.4006347000         1.4000000000         0.8962867824         0.2065538806       -11.5082909504
        3.4056494000         1.4000000000         0.8835251481         0.1606200863       -11.8407275715
        3.4107214000         1.4000000000         0.8860774750         0.1095825371       -11.7742402473
        3.4156994000         1.4000000000         0.8937344555         0.0764081302       -11.5747782746
        3.4206721000         1.4000000000         0.8758681675         0.0177149486       -12.0401895442
        3.4256449000         1.4000000000         0.9064960898         0.0049555613       -11.2423416535
        3.4307035000         1.4000000000         0.8835251481         0.0100593162       -11.8407275715
        3.4355505000         1.4000000000         0.8835251481         1.0716403392       -11.8407275715
        3.4406555000         1.4000000000         0.8911821287         1.1150222560       -11.6412655989
        3.4456133000         1.4000000000         0.8835251481         5.0040835035       -11.8407275715
        3.4506575000         1.4000000000         0.8860774750         5.0066353810       -11.7742402473
        3.4555652000         1.4000000000         0.8911821287         5.0117391359       -11.6412655989
        3.4606536000         1.4000000000         0.8835251481         4.9607015867       -11.8407275715
        3.4655554000         1.4000000000         0.8835251481         4.9198715474       -11.8407275715
        3.4706536000         1.4000000000         0.8758681675         4.8637302433       -12.0401895442
        3.4756666000         1.4000000000         0.8886298018         4.8203483265       -11.7077529231
        3.4806619000         1.4000000000         0.8809728212         4.7795182871       -11.9072148958
        3.4857504000         1.4000000000         0.8886298018         4.7259288605       -11.7077529231
        3.4907035000         1.4000000000         0.8860774750         4.6774431887       -11.7742402473
        3.4954771000         1.4000000000         0.8860774750         4.6340612719       -11.7742402473
        3.5005984000         1.4000000000         0.8784204944         4.5779199678       -11.9737022200
        3.5056250000         1.4000000000         0.8809728212         4.5345380510       -11.9072148958
        3.5106119000         1.4000000000         0.8656588601         4.4860523793       -12.3061388411
        3.5156722000         1.4000000000         0.8860774750         4.4401185851       -11.7742402473
        3.5206397000         1.4000000000         0.8580018795         4.3890810359       -12.5056008138
        3.5255538000         1.4000000000         0.8886298018         4.3456991191       -11.7077529231
        3.5305849000         1.4000000000         0.8937344555         4.3048690797       -11.5747782746
        3.5354590000         1.4000000000         0.8682111870         4.2538315306       -12.2396515169
        3.5406016000         1.4000000000         0.8860774750         4.2078977363       -11.7742402473
        3.5456079000         1.4000000000         0.8809728212         4.1670676969       -11.9072148958
        3.5505797000         1.4000000000         0.8656588601         4.1109263928       -12.3061388411
        3.5556471000         1.4000000000         0.8809728212         4.0675444760       -11.9072148958
        3.5606442000         1.4000000000         0.8707635138         4.0216106818       -12.1731641927
        3.5655056000         1.4000000000         0.8758681675         3.9654693777       -12.0401895442
        3.5706414000         1.4000000000         0.8707635138         3.9322949707       -12.1731641927
        3.5755950000         1.4000000000         0.8758681675         3.8787055441       -12.0401895442
        3.5806552000         1.4000000000         0.8809728212         3.8302198724       -11.9072148958
        3.5856512000         1.4000000000         0.8580018795         3.7919417105       -12.5056008138
        3.5905344000         1.4000000000         0.8733158407         3.7332485289       -12.1066768684
        3.5955983000         1.4000000000         0.8758681675         3.6898666121       -12.0401895442
        3.6006751000         1.4000000000         0.8631065332         3.6439328179       -12.3726261653
        3.6056681000         1.4000000000         0.8784204944         3.5979990236       -11.9737022200
        3.6105706000         1.4000000000         0.8682111870         3.5418577195       -12.2396515169
        3.6155974000         1.4000000000         0.8860774750         3.4984758027       -11.7742402473
        3.6205665000         1.4000000000         0.8707635138         3.4576457633       -12.1731641927
        3.6255529000         1.4000000000         0.8758681675         3.4168157240       -12.0401895442
        3.6306309000         1.4000000000         0.8733158407         3.3581225424       -12.1066768684
        3.6366100000         1.4000000000         0.8580018795         3.3070849933       -12.5056008138
        3.6406544000         1.4000000000         0.8733158407         3.2662549539       -12.1066768684
        3.6456074000         1.4000000000         0.8707635138         3.2177692822       -12.1731641927
        3.6506208000         1.4000000000         0.8554495527         3.1743873654       -12.5720881380
        3.6557731000         1.4000000000         0.8809728212         3.1284535711       -11.9072148958
        3.6607426000         1.4000000000         0.8758681675         3.0876235318       -12.0401895442
        3.6656326000         1.4000000000         0.8580018795         3.0340341051       -12.5056008138
        3.6705984000         1.4000000000         0.8707635138         2.9957559433       -12.1731641927
        3.6755368000         1.4000000000         0.8733158407         2.9523740265       -12.1066768684
        3.6806108000         1.4000000000         0.8656588601         2.8911289674       -12.3061388411
        3.6856538000         1.4000000000         0.8656588601         2.8502989281       -12.3061388411
        3.6906549000         1.4000000000         0.8733158407         2.8094688888       -12.1066768684
        3.6955869000         1.4000000000         0.8809728212         2.7558794621       -11.9072148958
        3.7005616000         1.4000000000         0.8656588601         2.7073937904       -12.3061388411
        3.7056492000         1.4000000000         0.8886298018         2.6665637511       -11.7077529231
        3.7106091000         1.4000000000         0.8631065332         2.6180780793       -12.3726261653
        3.7155227000         1.4000000000         0.8605542064         2.5619367752       -12.4391134896
        3.7205645000         1.4000000000         0.8656588601         2.5134511035       -12.3061388411
        3.7255886000         1.4000000000         0.8656588601         2.4777248191       -12.3061388411
        3.7307120000         1.4000000000         0.8758681675         2.4266872699       -12.0401895442
        3.7356586000         1.4000000000         0.8656588601         2.3705459658       -12.3061388411
        3.7406368000         1.4000000000         0.8707635138         2.3271640490       -12.1731641927
        3.7456719000         1.4000000000         0.8426879184         2.2786783773       -12.9045247592
        3.7505777000         1.4000000000         0.8809728212         2.2276408281       -11.9072148958
        3.7556531000         1.4000000000         0.8528972258         2.1868107888       -12.6385754623
        3.7607044000         1.4000000000         0.8784204944         2.1383251170       -11.9737022200
        3.7656690000         1.4000000000         0.8707635138         2.1000469552       -12.1731641927
        3.7706559000         1.4000000000         0.8886298018         2.0464575285       -11.7077529231
        3.7756059000         1.4000000000         0.8477925721         1.9903162244       -12.7715501107
        3.7806029000         1.4000000000         0.8911821287         1.9545899400       -11.6412655989
        3.7857365000         1.4000000000         0.8656588601         1.9112080232       -12.3061388411
        3.7907462000         1.4000000000         0.8758681675         1.8652742289       -12.0401895442
        3.7957135000         1.4000000000         0.8809728212         1.8244441896       -11.9072148958
        3.8005809000         1.4000000000         0.8656588601         1.7683028855       -12.3061388411
        3.8056179000         1.4000000000         0.8758681675         1.7274728461       -12.0401895442
        3.8107330000         1.4000000000         0.8656588601         1.6738834195       -12.3061388411
        3.8156609000         1.4000000000         0.8758681675         1.6381571351       -12.0401895442
        3.8205726000         1.4000000000         0.8835251481         1.5896714634       -11.8407275715
        3.8255561000         1.4000000000         0.8809728212         1.5539451789       -11.9072148958
        3.8309020000         1.4000000000         0.8784204944         1.5054595072       -11.9737022200
        3.8356507000         1.4000000000         0.8937344555         1.4646294679       -11.5747782746
        3.8406234000         1.4000000000         0.8631065332         1.4033844088       -12.3726261653
        3.8456739000         1.4000000000         0.8962867824         1.3676581244       -11.5082909504
        3.8506241000         1.4000000000         0.8707635138         1.3242762076       -12.1731641927
        3.8555987000         1.4000000000         0.9141530704         1.2834461683       -11.0428796808
        3.8607435000         1.4000000000         0.8886298018         1.2400642515       -11.7077529231
        3.8656138000         1.4000000000         0.8860774750         1.1839229474       -11.7742402473
        3.8706562000         1.4000000000         0.8758681675         1.1481966629       -12.0401895442
        3.8756127000         1.4000000000         0.8988391092         1.1022628687       -11.4418036262
        3.8805974000         1.4000000000         0.8784204944         1.0563290744       -11.9737022200
        3.8856189000         1.4000000000         0.8809728212         1.0129471576       -11.9072148958
        3.8905181000         1.4000000000         0.8860774750         0.9644614859       -11.7742402473
        3.8956968000         1.4000000000         0.8886298018         0.9338389564       -11.7077529231
        3.9007227000         1.4000000000         0.8937344555         0.8802495297       -11.5747782746
        3.9055785000         1.4000000000         0.9090484167         0.8445232453       -11.1758543293
        3.9106908000         1.4000000000         0.8911821287         0.7909338187       -11.6412655989
        3.9156669000         1.4000000000         0.8835251481         0.7501037793       -11.8407275715
        3.9206565000         1.4000000000         0.9039437630         0.7092737400       -11.3088289777
        3.9255699000         1.4000000000         0.8937344555         0.6658918232       -11.5747782746
        3.9304449000         1.4000000000         0.8911821287         0.6071986416       -11.6412655989
        3.9355230000         1.4000000000         0.8962867824         0.5714723572       -11.5082909504
        3.9405769000         1.4000000000         0.8911821287         0.5204348080       -11.6412655989
        3.9456170000         1.4000000000         0.8962867824         0.4745010138       -11.5082909504
        3.9505763000         1.4000000000         0.8860774750         0.4285672195       -11.7742402473
        3.9555711000         1.4000000000         0.9013914361         0.3902890576       -11.3753163019
        3.9605811000         1.4000000000         0.8835251481         0.3315958761       -11.8407275715
        3.9655616000         1.4000000000         0.8860774750         0.2984214691       -11.7742402473
        3.9706570000         1.4000000000         0.8911821287         0.2448320425       -11.6412655989
        3.9757156000         1.4000000000         0.8937344555         0.2065538806       -11.5747782746
        3.9806158000         1.4000000000         0.8758681675         0.1478606990       -12.0401895442
        3.9858247000         1.4000000000         0.9064960898         0.1121344146       -11.2423416535
        3.9905503000         1.4000000000         0.8835251481         0.0585449879       -11.8407275715
        3.9957484000         1.4000000000         0.8733158407         0.0100593162       -12.1066768684
        4.0005409000         1.4000000000         0.8937344555         0.0024036839       -11.5747782746
