% Sweep Step 37/200  Vcmd=2.6900V  CW 
% Vg_offset=1.338069V  K_gimbal=26.049690

Time[s]              Vcmd[V]              Vg_raw[V]            Pot[V]             Omega[rad/s]
        0.0022864000         2.6900000000         1.3403916554         3.3657781748         0.0605034650
        0.0055248000         2.6900000000         1.3454963091         3.3759856847         0.1934781135
        0.0105215000         2.6900000000         1.3659149240         3.3632262974         0.7253767073
        0.0155558000         2.6900000000         1.3378393285         3.3683300523        -0.0059838592
        0.0205782000         2.6900000000         1.3327346748         3.3606744199        -0.1389585076
        0.0255048000         2.6900000000         1.3378393285         3.3683300523        -0.0059838592
        0.0305138000         2.6900000000         1.3301823480         3.3632262974        -0.2054458319
        0.0356196000         2.6900000000         1.3327346748         3.3606744199        -0.1389585076
        0.0405661000         2.6900000000         1.3429439823         3.3734338072         0.1269907893
        0.0455841000         2.6900000000         1.3403916554         3.3657781748         0.0605034650
        0.0507834000         2.6900000000         1.3327346748         3.3606744199        -0.1389585076
        0.0555766000         2.6900000000         1.3352870017         3.3657781748        -0.0724711834
        0.0605726000         2.6900000000         1.3454963091         3.3734338072         0.1934781135
        0.0656772000         2.6900000000         1.3429439823         3.3657781748         0.1269907893
        0.0707182000         2.6900000000         1.3633625971         3.3683300523         0.6588893831
        0.0754473000         2.6900000000         1.3582579434         3.3708819297         0.5259147346
        0.0805202000         2.6900000000         1.3582579434         3.3785375621         0.5259147346
        0.0854735000         2.6900000000         1.3608102703         3.3708819297         0.5924020589
        0.0906567000         2.6900000000         1.3429439823         3.3734338072         0.1269907893
        0.0955078000         2.6900000000         1.3480486360         3.3810894396         0.2599654377
        0.1004887000         2.6900000000         1.3429439823         3.3759856847         0.1269907893
        0.1056530000         2.6900000000         1.3454963091         3.3861931945         0.1934781135
        0.1106832000         2.6900000000         1.3403916554         3.3759856847         0.0605034650
        0.1155637000         2.6900000000         1.3403916554         3.3734338072         0.0605034650
        0.1204443000         2.6900000000         1.3378393285         3.3759856847        -0.0059838592
        0.1255127000         2.6900000000         1.3429439823         3.3836413170         0.1269907893
        0.1304984000         2.6900000000         1.3301823480         3.3683300523        -0.2054458319
        0.1354666000         2.6900000000         1.3403916554         3.3734338072         0.0605034650
        0.1406291000         2.6900000000         1.3327346748         3.3708819297        -0.1389585076
        0.1455546000         2.6900000000         1.3454963091         3.3734338072         0.1934781135
        0.1505350000         2.6900000000         1.3352870017         3.3810894396        -0.0724711834
        0.1555321000         2.6900000000         1.3403916554         3.3734338072         0.0605034650
        0.1604815000         2.6900000000         1.3378393285         3.3734338072        -0.0059838592
        0.1654928000         2.6900000000         1.3276300211         3.3708819297        -0.2719331561
        0.1705907000         2.6900000000         1.3378393285         3.3759856847        -0.0059838592
        0.1754963000         2.6900000000         1.3454963091         3.3810894396         0.1934781135
        0.1805411000         2.6900000000         1.3378393285         3.3759856847        -0.0059838592
        0.1855175000         2.6900000000         1.3301823480         3.3683300523        -0.2054458319
        0.1906433000         2.6900000000         1.3352870017         3.3683300523        -0.0724711834
        0.1957763000         2.6900000000         1.3454963091         3.3810894396         0.1934781135
        0.2004692000         2.6900000000         1.3327346748         3.3683300523        -0.1389585076
        0.2054562000         2.6900000000         1.3327346748         3.3683300523        -0.1389585076
        0.2104342000         2.6900000000         1.3403916554         3.3759856847         0.0605034650
        0.2155712000         2.6900000000         1.3301823480         3.3759856847        -0.2054458319
        0.2204896000         2.6900000000         1.3327346748         3.3734338072        -0.1389585076
        0.2255322000         2.6900000000         1.3454963091         3.3810894396         0.1934781135
        0.2305525000         2.6900000000         1.3327346748         3.3708819297        -0.1389585076
        0.2355813000         2.6900000000         1.3352870017         3.3734338072        -0.0724711834
        0.2404821000         2.6900000000         1.3429439823         3.3810894396         0.1269907893
        0.2455251000         2.6900000000         1.3531532897         3.3810894396         0.3929400862
        0.2504740000         2.6900000000         1.3659149240         3.3810894396         0.7253767073
        0.2554924000         2.6900000000         1.3429439823         3.3785375621         0.1269907893
        0.2604926000         2.6900000000         1.3378393285         3.3734338072        -0.0059838592
        0.2656454000         2.6900000000         1.3378393285         3.3759856847        -0.0059838592
        0.2704845000         2.6900000000         1.3301823480         3.3683300523        -0.2054458319
        0.2755481000         2.6900000000         1.3429439823         3.3810894396         0.1269907893
        0.2805878000         2.6900000000         1.3429439823         3.3810894396         0.1269907893
        0.2855381000         2.6900000000         1.3327346748         3.3683300523        -0.1389585076
        0.2907297000         2.6900000000         1.3429439823         3.3810894396         0.1269907893
        0.2956498000         2.6900000000         1.3429439823         3.3887450720         0.1269907893
        0.3008145000         2.6900000000         1.3352870017         3.3759856847        -0.0724711834
        0.3057866000         2.6900000000         1.3352870017         3.3708819297        -0.0724711834
        0.3105070000         2.6900000000         1.3352870017         3.3708819297        -0.0724711834
        0.3154754000         2.6900000000         1.3352870017         3.3734338072        -0.0724711834
        0.3205174000         2.6900000000         1.3429439823         3.3810894396         0.1269907893
        0.3255649000         2.6900000000         1.3352870017         3.3734338072        -0.0724711834
        0.3306092000         2.6900000000         1.3429439823         3.3810894396         0.1269907893
        0.3355054000         2.6900000000         1.3301823480         3.3759856847        -0.2054458319
        0.3405171000         2.6900000000         1.3429439823         3.3785375621         0.1269907893
        0.3455197000         2.6900000000         1.3352870017         3.3759856847        -0.0724711834
        0.3504893000         2.6900000000         1.3454963091         3.3810894396         0.1934781135
        0.3555138000         2.6900000000         1.3582579434         3.3759856847         0.5259147346
        0.3605192000         2.6900000000         1.3352870017         3.3785375621        -0.0724711834
        0.3654967000         2.6900000000         1.3352870017         3.3785375621        -0.0724711834
        0.3705235000         2.6900000000         1.3301823480         3.3683300523        -0.2054458319
        0.3755161000         2.6900000000         1.3378393285         3.3759856847        -0.0059838592
        0.3804525000         2.6900000000         1.3429439823         3.3810894396         0.1269907893
        0.3854246000         2.6900000000         1.3352870017         3.3759856847        -0.0724711834
        0.3904213000         2.6900000000         1.3403916554         3.3734338072         0.0605034650
        0.3954530000         2.6900000000         1.3378393285         3.3759856847        -0.0059838592
        0.4003908000         2.6900000000         1.3403916554         3.3759856847         0.0605034650
        0.4054692000         2.6900000000         1.3429439823         3.3836413170         0.1269907893
        0.4103903000         2.6900000000         1.3403916554         3.3734338072         0.0605034650
        0.4154535000         2.6900000000         1.3378393285         3.3734338072        -0.0059838592
        0.4204247000         2.6900000000         1.3403916554         3.3759856847         0.0605034650
        0.4254675000         2.6900000000         1.3327346748         3.3683300523        -0.1389585076
        0.4304603000         2.6900000000         1.3454963091         3.3836413170         0.1934781135
        0.4355082000         2.6900000000         1.3327346748         3.3708819297        -0.1389585076
        0.4405549000         2.6900000000         1.3327346748         3.3708819297        -0.1389585076
        0.4454269000         2.6900000000         1.3301823480         3.3657781748        -0.2054458319
        0.4504784000         2.6900000000         1.3403916554         3.3734338072         0.0605034650
        0.4554364000         2.6900000000         1.3378393285         3.3759856847        -0.0059838592
        0.4604002000         2.6900000000         1.3403916554         3.3734338072         0.0605034650
        0.4654839000         2.6900000000         1.3378393285         3.3759856847        -0.0059838592
        0.4704011000         2.6900000000         1.3378393285         3.3759856847        -0.0059838592
        0.4754192000         2.6900000000         1.3327346748         3.3708819297        -0.1389585076
        0.4804013000         2.6900000000         1.3327346748         3.3657781748        -0.1389585076
        0.4854576000         2.6900000000         1.3403916554         3.3734338072         0.0605034650
        0.4904464000         2.6900000000         1.3403916554         3.3734338072         0.0605034650
        0.4954091000         2.6900000000         1.3454963091         3.3836413170         0.1934781135
        0.5004270000         2.6900000000         1.3454963091         3.3785375621         0.1934781135
        0.5054770000         2.6900000000         1.3429439823         3.3810894396         0.1269907893
        0.5105010000         2.6900000000         1.3378393285         3.3734338072        -0.0059838592
        0.5154832000         2.6900000000         1.3454963091         3.3810894396         0.1934781135
        0.5205144000         2.6900000000         1.3429439823         3.3810894396         0.1269907893
        0.5256399000         2.6900000000         1.3429439823         3.3810894396         0.1269907893
        0.5304717000         2.6900000000         1.3454963091         3.3810894396         0.1934781135
        0.5354503000         2.6900000000         1.3429439823         3.3810894396         0.1269907893
        0.5405670000         2.6900000000         1.3403916554         3.3734338072         0.0605034650
        0.5455912000         2.6900000000         1.3327346748         3.3708819297        -0.1389585076
        0.5504430000         2.6900000000         1.3378393285         3.3759856847        -0.0059838592
        0.5555221000         2.6900000000         1.3327346748         3.3683300523        -0.1389585076
        0.5605077000         2.6900000000         1.3429439823         3.3759856847         0.1269907893
        0.5654557000         2.6900000000         1.3378393285         3.3734338072        -0.0059838592
        0.5704198000         2.6900000000         1.3352870017         3.3708819297        -0.0724711834
        0.5754346000         2.6900000000         1.3403916554         3.3759856847         0.0605034650
        0.5805083000         2.6900000000         1.3429439823         3.3810894396         0.1269907893
        0.5855514000         2.6900000000         1.3327346748         3.3683300523        -0.1389585076
        0.5907026000         2.6900000000         1.3403916554         3.3734338072         0.0605034650
        0.5955853000         2.6900000000         1.3454963091         3.3810894396         0.1934781135
        0.6005870000         2.6900000000         1.3378393285         3.3734338072        -0.0059838592
        0.6055714000         2.6900000000         1.3378393285         3.3759856847        -0.0059838592
        0.6107131000         2.6900000000         1.3454963091         3.3810894396         0.1934781135
        0.6155615000         2.6900000000         1.3352870017         3.3759856847        -0.0724711834
        0.6205917000         2.6900000000         1.3378393285         3.3734338072        -0.0059838592
        0.6255460000         2.6900000000         1.3352870017         3.3734338072        -0.0724711834
        0.6306355000         2.6900000000         1.3352870017         3.3759856847        -0.0724711834
        0.6355585000         2.6900000000         1.3378393285         3.3683300523        -0.0059838592
        0.6405926000         2.6900000000         1.3378393285         3.3759856847        -0.0059838592
        0.6454950000         2.6900000000         1.3301823480         3.3708819297        -0.2054458319
        0.6505602000         2.6900000000         1.3352870017         3.3683300523        -0.0724711834
        0.6556127000         2.6900000000         1.3327346748         3.3683300523        -0.1389585076
        0.6606410000         2.6900000000         1.3352870017         3.3785375621        -0.0724711834
        0.6656553000         2.6900000000         1.3352870017         3.3734338072        -0.0724711834
        0.6706098000         2.6900000000         1.3352870017         3.3759856847        -0.0724711834
        0.6757650000         2.6900000000         1.3378393285         3.3759856847        -0.0059838592
        0.6806067000         2.6900000000         1.3454963091         3.3785375621         0.1934781135
        0.6858901000         2.6900000000         1.3429439823         3.3810894396         0.1269907893
        0.6906425000         2.6900000000         1.3403916554         3.3734338072         0.0605034650
        0.6957877000         2.6900000000         1.3327346748         3.3683300523        -0.1389585076
        0.7006126000         2.6900000000         1.3429439823         3.3785375621         0.1269907893
        0.7056282000         2.6900000000         1.3378393285         3.3785375621        -0.0059838592
        0.7106309000         2.6900000000         1.3327346748         3.3708819297        -0.1389585076
        0.7156689000         2.6900000000         1.3352870017         3.3759856847        -0.0724711834
        0.7204906000         2.6900000000         1.3327346748         3.3683300523        -0.1389585076
        0.7256312000         2.6900000000         1.3327346748         3.3708819297        -0.1389585076
        0.7305994000         2.6900000000         1.3403916554         3.3734338072         0.0605034650
        0.7354819000         2.6900000000         1.3378393285         3.3759856847        -0.0059838592
        0.7406699000         2.6900000000         1.3429439823         3.3785375621         0.1269907893
        0.7455734000         2.6900000000         1.3454963091         3.3810894396         0.1934781135
        0.7506377000         2.6900000000         1.3378393285         3.3734338072        -0.0059838592
        0.7557667000         2.6900000000         1.3352870017         3.3734338072        -0.0724711834
        0.7606013000         2.6900000000         1.3378393285         3.3785375621        -0.0059838592
        0.7656444000         2.6900000000         1.3327346748         3.3708819297        -0.1389585076
        0.7705098000         2.6900000000         1.3378393285         3.3759856847        -0.0059838592
        0.7756992000         2.6900000000         1.3429439823         3.3810894396         0.1269907893
        0.7807103000         2.6900000000         1.3429439823         3.3810894396         0.1269907893
        0.7857383000         2.6900000000         1.3429439823         3.3836413170         0.1269907893
        0.7906489000         2.6900000000         1.3454963091         3.3785375621         0.1934781135
        0.7956373000         2.6900000000         1.3352870017         3.3708819297        -0.0724711834
        0.8005762000         2.6900000000         1.3429439823         3.3836413170         0.1269907893
        0.8056096000         2.6900000000         1.3301823480         3.3708819297        -0.2054458319
        0.8105847000         2.6900000000         1.3327346748         3.3683300523        -0.1389585076
        0.8155769000         2.6900000000         1.3327346748         3.3708819297        -0.1389585076
        0.8205073000         2.6900000000         1.3327346748         3.3683300523        -0.1389585076
        0.8255892000         2.6900000000         1.3378393285         3.3734338072        -0.0059838592
        0.8306902000         2.6900000000         1.3352870017         3.3759856847        -0.0724711834
        0.8355539000         2.6900000000         1.3327346748         3.3708819297        -0.1389585076
        0.8405635000         2.6900000000         1.3327346748         3.3708819297        -0.1389585076
        0.8456139000         2.6900000000         1.3378393285         3.3759856847        -0.0059838592
        0.8506944000         2.6900000000         1.3352870017         3.3734338072        -0.0724711834
        0.8556147000         2.6900000000         1.3429439823         3.3810894396         0.1269907893
        0.8605218000         2.6900000000         1.3352870017         3.3734338072        -0.0724711834
        0.8656399000         2.6900000000         1.3403916554         3.3759856847         0.0605034650
        0.8705939000         2.6900000000         1.3454963091         3.3836413170         0.1934781135
        0.8755549000         2.6900000000         1.3403916554         3.3785375621         0.0605034650
        0.8806038000         2.6900000000         1.3454963091         3.3810894396         0.1934781135
        0.8857302000         2.6900000000         1.3378393285         3.3657781748        -0.0059838592
        0.8906009000         2.6900000000         1.3352870017         3.3759856847        -0.0724711834
        0.8955108000         2.6900000000         1.3352870017         3.3708819297        -0.0724711834
        0.9004905000         2.6900000000         1.3429439823         3.3759856847         0.1269907893
        0.9055369000         2.6900000000         1.3454963091         3.3810894396         0.1934781135
        0.9105891000         2.6900000000         1.3327346748         3.3708819297        -0.1389585076
        0.9155325000         2.6900000000         1.3378393285         3.3759856847        -0.0059838592
        0.9206033000         2.6900000000         1.3378393285         3.3785375621        -0.0059838592
        0.9255336000         2.6900000000         1.3429439823         3.3836413170         0.1269907893
        0.9305809000         2.6900000000         1.3429439823         3.3810894396         0.1269907893
        0.9355564000         2.6900000000         1.3352870017         3.3734338072        -0.0724711834
        0.9405117000         2.6900000000         1.3557056165         3.3836413170         0.4594274104
        0.9454616000         2.6900000000         1.3403916554         3.3785375621         0.0605034650
        0.9505476000         2.6900000000         1.3378393285         3.3810894396        -0.0059838592
        0.9554851000         2.6900000000         1.3403916554         3.3759856847         0.0605034650
        0.9604106000         2.6900000000         1.3352870017         3.3708819297        -0.0724711834
        0.9654878000         2.6900000000         1.3429439823         3.3810894396         0.1269907893
        0.9704408000         2.6900000000         1.3352870017         3.3785375621        -0.0724711834
        0.9755566000         2.6900000000         1.3378393285         3.3785375621        -0.0059838592
        0.9804353000         2.6900000000         1.3327346748         3.3657781748        -0.1389585076
        0.9854952000         2.6900000000         1.3429439823         3.3810894396         0.1269907893
        0.9903961000         2.6900000000         1.3327346748         3.3683300523        -0.1389585076
        0.9954972000         2.6900000000         1.3327346748         3.3683300523        -0.1389585076
        1.0004643000         2.6900000000         1.3378393285         3.3734338072        -0.0059838592
        1.0055067000         2.6900000000         1.3378393285         3.3759856847        -0.0059838592
        1.0104341000         2.6900000000         1.3301823480         3.3683300523        -0.2054458319
        1.0154478000         2.6900000000         1.3378393285         3.3734338072        -0.0059838592
        1.0204652000         2.6900000000         1.3250776943         3.3734338072        -0.3384204803
        1.0254963000         2.6900000000         1.3352870017         3.3759856847        -0.0724711834
        1.0304189000         2.6900000000         1.3403916554         3.3759856847         0.0605034650
        1.0354091000         2.6900000000         1.3327346748         3.3836413170        -0.1389585076
        1.0404368000         2.6900000000         1.3378393285         3.3785375621        -0.0059838592
        1.0455183000         2.6900000000         1.3301823480         3.3683300523        -0.2054458319
        1.0504410000         2.6900000000         1.3429439823         3.3708819297         0.1269907893
        1.0554411000         2.6900000000         1.3327346748         3.3683300523        -0.1389585076
        1.0604142000         2.6900000000         1.3327346748         3.3708819297        -0.1389585076
        1.0654696000         2.6900000000         1.3454963091         3.3810894396         0.1934781135
        1.0704214000         2.6900000000         1.3378393285         3.3759856847        -0.0059838592
        1.0754134000         2.6900000000         1.3301823480         3.3683300523        -0.2054458319
        1.0804712000         2.6900000000         1.3327346748         3.3708819297        -0.1389585076
        1.0854892000         2.6900000000         1.3403916554         3.3759856847         0.0605034650
        1.0904275000         2.6900000000         1.3403916554         3.3759856847         0.0605034650
        1.0955053000         2.6900000000         1.3429439823         3.3810894396         0.1269907893
        1.1004015000         2.6900000000         1.3301823480         3.3708819297        -0.2054458319
        1.1054500000         2.6900000000         1.3327346748         3.3683300523        -0.1389585076
        1.1104233000         2.6900000000         1.3352870017         3.3734338072        -0.0724711834
        1.1154774000         2.6900000000         1.3174207137         3.3708819297        -0.5378824530
        1.1204004000         2.6900000000         1.3454963091         3.3836413170         0.1934781135
        1.1254378000         2.6900000000         1.3403916554         3.3734338072         0.0605034650
        1.1304570000         2.6900000000         1.3352870017         3.3759856847        -0.0724711834
        1.1354773000         2.6900000000         1.3378393285         3.3759856847        -0.0059838592
        1.1404510000         2.6900000000         1.3454963091         3.3810894396         0.1934781135
        1.1454465000         2.6900000000         1.3327346748         3.3708819297        -0.1389585076
        1.1505428000         2.6900000000         1.3429439823         3.3810894396         0.1269907893
        1.1554636000         2.6900000000         1.3378393285         3.3759856847        -0.0059838592
        1.1604808000         2.6900000000         1.3327346748         3.3683300523        -0.1389585076
        1.1654538000         2.6900000000         1.3327346748         3.3683300523        -0.1389585076
        1.1704008000         2.6900000000         1.3454963091         3.3836413170         0.1934781135
        1.1754842000         2.6900000000         1.3429439823         3.3785375621         0.1269907893
        1.1804115000         2.6900000000         1.3352870017         3.3708819297        -0.0724711834
        1.1855240000         2.6900000000         1.3327346748         3.3708819297        -0.1389585076
        1.1905346000         2.6900000000         1.3454963091         3.3810894396         0.1934781135
        1.1954618000         2.6900000000         1.3352870017         3.3734338072        -0.0724711834
        1.2004431000         2.6900000000         1.3378393285         3.3708819297        -0.0059838592
        1.2054298000         2.6900000000         1.3429439823         3.3759856847         0.1269907893
        1.2104233000         2.6900000000         1.3327346748         3.3683300523        -0.1389585076
        1.2154742000         2.6900000000         1.3429439823         3.3810894396         0.1269907893
        1.2204592000         2.6900000000         1.3378393285         3.3759856847        -0.0059838592
        1.2254214000         2.6900000000         1.3480486360         3.3810894396         0.2599654377
        1.2303897000         2.6900000000         1.3378393285         3.3759856847        -0.0059838592
        1.2353832000         2.6900000000         1.3378393285         3.3734338072        -0.0059838592
        1.2405446000         2.6900000000         1.3378393285         3.3683300523        -0.0059838592
        1.2454756000         2.6900000000         1.3429439823         3.3836413170         0.1269907893
        1.2504179000         2.6900000000         1.3454963091         3.3836413170         0.1934781135
        1.2554214000         2.6900000000         1.3378393285         3.3734338072        -0.0059838592
        1.2604095000         2.6900000000         1.3352870017         3.3759856847        -0.0724711834
        1.2654209000         2.6900000000         1.3403916554         3.3810894396         0.0605034650
        1.2704576000         2.6900000000         1.3327346748         3.3708819297        -0.1389585076
        1.2754578000         2.6900000000         1.3454963091         3.3836413170         0.1934781135
        1.2804340000         2.6900000000         1.3327346748         3.3683300523        -0.1389585076
        1.2854594000         2.6900000000         1.3378393285         3.3785375621        -0.0059838592
        1.2904814000         2.6900000000         1.3454963091         3.3759856847         0.1934781135
        1.2954920000         2.6900000000         1.3352870017         3.3734338072        -0.0724711834
        1.3004782000         2.6900000000         1.3633625971         3.3708819297         0.6588893831
        1.3054665000         2.6900000000         1.3378393285         3.3759856847        -0.0059838592
        1.3103961000         2.6900000000         1.3403916554         3.3810894396         0.0605034650
        1.3155222000         2.6900000000         1.3633625971         3.3734338072         0.6588893831
        1.3204906000         2.6900000000         1.3327346748         3.3683300523        -0.1389585076
        1.3254066000         2.6900000000         1.3454963091         3.3836413170         0.1934781135
        1.3304541000         2.6900000000         1.3403916554         3.3759856847         0.0605034650
        1.3354690000         2.6900000000         1.3454963091         3.3810894396         0.1934781135
        1.3404808000         2.6900000000         1.3454963091         3.3861931945         0.1934781135
        1.3454479000         2.6900000000         1.3378393285         3.3734338072        -0.0059838592
        1.3504433000         2.6900000000         1.3301823480         3.3708819297        -0.2054458319
        1.3554899000         2.6900000000         1.3352870017         3.3759856847        -0.0724711834
        1.3604216000         2.6900000000         1.3352870017         3.3734338072        -0.0724711834
        1.3654611000         2.6900000000         1.3378393285         3.3734338072        -0.0059838592
        1.3704786000         2.6900000000         1.3454963091         3.3836413170         0.1934781135
        1.3755034000         2.6900000000         1.3403916554         3.3734338072         0.0605034650
        1.3804990000         2.6900000000         1.3684672508         3.3734338072         0.7918640315
        1.3854276000         2.6900000000         1.3327346748         3.3683300523        -0.1389585076
        1.3904744000         2.6900000000         1.3454963091         3.3810894396         0.1934781135
        1.3954414000         2.6900000000         1.3557056165         3.3759856847         0.4594274104
        1.4004100000         2.6900000000         1.3454963091         3.3810894396         0.1934781135
        1.4054244000         2.6900000000         1.3378393285         3.3759856847        -0.0059838592
        1.4105423000         2.6900000000         1.3352870017         3.3759856847        -0.0724711834
        1.4154188000         2.6900000000         1.3378393285         3.3759856847        -0.0059838592
        1.4203958000         2.6900000000         1.3378393285         3.3734338072        -0.0059838592
        1.4254593000         2.6900000000         1.3378393285         3.3734338072        -0.0059838592
        1.4304272000         2.6900000000         1.3403916554         3.3810894396         0.0605034650
        1.4354757000         2.6900000000         1.3454963091         3.3810894396         0.1934781135
        1.4403922000         2.6900000000         1.3378393285         3.3759856847        -0.0059838592
        1.4455606000         2.6900000000         1.3378393285         3.3734338072        -0.0059838592
        1.4504903000         2.6900000000         1.3429439823         3.3810894396         0.1269907893
        1.4555026000         2.6900000000         1.3301823480         3.3708819297        -0.2054458319
        1.4605226000         2.6900000000         1.3327346748         3.3708819297        -0.1389585076
        1.4654891000         2.6900000000         1.3327346748         3.3683300523        -0.1389585076
        1.4704557000         2.6900000000         1.3786765582         3.3836413170         1.0578133284
        1.4754828000         2.6900000000         1.3352870017         3.3759856847        -0.0724711834
        1.4805056000         2.6900000000         1.3378393285         3.3759856847        -0.0059838592
        1.4854642000         2.6900000000         1.3378393285         3.3759856847        -0.0059838592
        1.4904518000         2.6900000000         1.3327346748         3.3708819297        -0.1389585076
        1.4954243000         2.6900000000         1.3352870017         3.3734338072        -0.0724711834
        1.5004958000         2.6900000000         1.3327346748         3.3734338072        -0.1389585076
        1.5054571000         2.6900000000         1.3378393285         3.3734338072        -0.0059838592
        1.5104759000         2.6900000000         1.3327346748         3.3810894396        -0.1389585076
        1.5155011000         2.6900000000         1.3429439823         3.3734338072         0.1269907893
        1.5204685000         2.6900000000         1.3352870017         3.3708819297        -0.0724711834
        1.5254366000         2.6900000000         1.3301823480         3.3632262974        -0.2054458319
        1.5304429000         2.6900000000         1.3327346748         3.3708819297        -0.1389585076
        1.5355129000         2.6900000000         1.3454963091         3.3810894396         0.1934781135
        1.5405223000         2.6900000000         1.3352870017         3.3759856847        -0.0724711834
        1.5454393000         2.6900000000         1.3352870017         3.3759856847        -0.0724711834
        1.5504531000         2.6900000000         1.3327346748         3.3708819297        -0.1389585076
        1.5554650000         2.6900000000         1.3378393285         3.3759856847        -0.0059838592
        1.5604893000         2.6900000000         1.3378393285         3.3759856847        -0.0059838592
        1.5655690000         2.6900000000         1.3225253674         3.3734338072        -0.4049078045
        1.5704464000         2.6900000000         1.3378393285         3.3759856847        -0.0059838592
        1.5755219000         2.6900000000         1.3301823480         3.3683300523        -0.2054458319
        1.5804740000         2.6900000000         1.3174207137         3.3683300523        -0.5378824530
        1.5855116000         2.6900000000         1.3429439823         3.3810894396         0.1269907893
        1.5904707000         2.6900000000         1.3429439823         3.3810894396         0.1269907893
        1.5955923000         2.6900000000         1.3301823480         3.3708819297        -0.2054458319
        1.6004707000         2.6900000000         1.3582579434         3.3759856847         0.5259147346
        1.6054641000         2.6900000000         1.3429439823         3.3810894396         0.1269907893
        1.6104824000         2.6900000000         1.3352870017         3.3759856847        -0.0724711834
        1.6155004000         2.6900000000         1.3403916554         3.3759856847         0.0605034650
        1.6204467000         2.6900000000         1.3352870017         3.3759856847        -0.0724711834
        1.6254527000         2.6900000000         1.3429439823         3.3836413170         0.1269907893
        1.6305215000         2.6900000000         1.3378393285         3.3734338072        -0.0059838592
        1.6354253000         2.6900000000         1.3378393285         3.3734338072        -0.0059838592
        1.6404132000         2.6900000000         1.3327346748         3.3683300523        -0.1389585076
        1.6454486000         2.6900000000         1.3378393285         3.3759856847        -0.0059838592
        1.6504374000         2.6900000000         1.3352870017         3.3734338072        -0.0724711834
        1.6554290000         2.6900000000         1.3454963091         3.3810894396         0.1934781135
        1.6605729000         2.6900000000         1.3378393285         3.3759856847        -0.0059838592
        1.6655160000         2.6900000000         1.3378393285         3.3683300523        -0.0059838592
        1.6704756000         2.6900000000         1.3378393285         3.3734338072        -0.0059838592
        1.6754644000         2.6900000000         1.3352870017         3.3759856847        -0.0724711834
        1.6804619000         2.6900000000         1.3429439823         3.3810894396         0.1269907893
        1.6854672000         2.6900000000         1.3429439823         3.3836413170         0.1269907893
        1.6904566000         2.6900000000         1.3327346748         3.3708819297        -0.1389585076
        1.6953988000         2.6900000000         1.3352870017         3.3759856847        -0.0724711834
        1.7003911000         2.6900000000         1.3429439823         3.3810894396         0.1269907893
        1.7054569000         2.6900000000         1.3454963091         3.3810894396         0.1934781135
        1.7104440000         2.6900000000         1.3301823480         3.3708819297        -0.2054458319
        1.7154263000         2.6900000000         1.3276300211         3.3785375621        -0.2719331561
        1.7205125000         2.6900000000         1.3327346748         3.3683300523        -0.1389585076
        1.7254650000         2.6900000000         1.3327346748         3.3683300523        -0.1389585076
        1.7305053000         2.6900000000         1.3429439823         3.3734338072         0.1269907893
        1.7355282000         2.6900000000         1.3710195777         3.3759856847         0.8583513558
        1.7404614000         2.6900000000         1.3327346748         3.3683300523        -0.1389585076
        1.7454479000         2.6900000000         1.3454963091         3.3810894396         0.1934781135
        1.7504489000         2.6900000000         1.3327346748         3.3708819297        -0.1389585076
        1.7555405000         2.6900000000         1.3378393285         3.3734338072        -0.0059838592
        1.7605030000         2.6900000000         1.3327346748         3.3683300523        -0.1389585076
        1.7654978000         2.6900000000         1.3301823480         3.3708819297        -0.2054458319
        1.7704746000         2.6900000000         1.3378393285         3.3734338072        -0.0059838592
        1.7755051000         2.6900000000         1.3352870017         3.3759856847        -0.0724711834
        1.7805369000         2.6900000000         1.3378393285         3.3759856847        -0.0059838592
        1.7855045000         2.6900000000         1.3352870017         3.3734338072        -0.0724711834
        1.7905307000         2.6900000000         1.3301823480         3.3708819297        -0.2054458319
        1.7955070000         2.6900000000         1.3429439823         3.3836413170         0.1269907893
        1.8004684000         2.6900000000         1.3352870017         3.3759856847        -0.0724711834
        1.8055694000         2.6900000000         1.3378393285         3.3759856847        -0.0059838592
        1.8105185000         2.6900000000         1.3327346748         3.3683300523        -0.1389585076
        1.8155087000         2.6900000000         1.3352870017         3.3759856847        -0.0724711834
        1.8205132000         2.6900000000         1.3352870017         3.3734338072        -0.0724711834
        1.8254577000         2.6900000000         1.3352870017         3.3759856847        -0.0724711834
        1.8304402000         2.6900000000         1.3403916554         3.3734338072         0.0605034650
        1.8355207000         2.6900000000         1.3378393285         3.3734338072        -0.0059838592
        1.8404257000         2.6900000000         1.3327346748         3.3683300523        -0.1389585076
        1.8454847000         2.6900000000         1.3429439823         3.3810894396         0.1269907893
        1.8504593000         2.6900000000         1.3327346748         3.3683300523        -0.1389585076
        1.8554207000         2.6900000000         1.3378393285         3.3734338072        -0.0059838592
        1.8605095000         2.6900000000         1.3403916554         3.3759856847         0.0605034650
        1.8654913000         2.6900000000         1.3352870017         3.3708819297        -0.0724711834
        1.8704790000         2.6900000000         1.3352870017         3.3785375621        -0.0724711834
        1.8755101000         2.6900000000         1.3352870017         3.3759856847        -0.0724711834
        1.8805481000         2.6900000000         1.3429439823         3.3810894396         0.1269907893
        1.8854660000         2.6900000000         1.3786765582         3.3810894396         1.0578133284
        1.8905042000         2.6900000000         1.3301823480         3.3683300523        -0.2054458319
        1.8954758000         2.6900000000         1.3378393285         3.3734338072        -0.0059838592
        1.9005089000         2.6900000000         1.3378393285         3.3785375621        -0.0059838592
        1.9054709000         2.6900000000         1.3301823480         3.3708819297        -0.2054458319
        1.9105888000         2.6900000000         1.3378393285         3.3734338072        -0.0059838592
        1.9155373000         2.6900000000         1.3327346748         3.3708819297        -0.1389585076
        1.9204868000         2.6900000000         1.3327346748         3.3708819297        -0.1389585076
        1.9254293000         2.6900000000         1.3352870017         3.3759856847        -0.0724711834
        1.9308701000         2.6900000000         1.3403916554         3.3759856847         0.0605034650
        1.9354926000         2.6900000000         1.3301823480         3.3657781748        -0.2054458319
        1.9404973000         2.6900000000         1.3378393285         3.3734338072        -0.0059838592
        1.9454899000         2.6900000000         1.3352870017         3.3759856847        -0.0724711834
        1.9504585000         2.6900000000         1.3608102703         3.3759856847         0.5924020589
        1.9554599000         2.6900000000         1.3429439823         3.3810894396         0.1269907893
        1.9605108000         2.6900000000         1.3327346748         3.3683300523        -0.1389585076
        1.9654464000         2.6900000000         1.3454963091         3.3810894396         0.1934781135
        1.9704751000         2.6900000000         1.3301823480         3.3683300523        -0.2054458319
        1.9754872000         2.6900000000         1.3378393285         3.3734338072        -0.0059838592
        1.9805126000         2.6900000000         1.3403916554         3.3759856847         0.0605034650
        1.9855195000         2.6900000000         1.3378393285         3.3759856847        -0.0059838592
        1.9905149000         2.6900000000         1.3327346748         3.3708819297        -0.1389585076
        1.9954411000         2.6900000000         1.3378393285         3.3708819297        -0.0059838592
        2.0005986000         2.6900000000         1.3301823480         3.3657781748        -0.2054458319
        2.0055007000         2.6900000000         1.3327346748         3.3657781748        -0.1389585076
        2.0104798000         2.6900000000         1.3378393285         3.3734338072        -0.0059838592
        2.0155087000         2.6900000000         1.3378393285         3.3734338072        -0.0059838592
        2.0205874000         2.6900000000         1.3378393285         3.3759856847        -0.0059838592
        2.0255535000         2.6900000000         1.3352870017         3.3759856847        -0.0724711834
        2.0305485000         2.6900000000         1.3454963091         3.3836413170         0.1934781135
        2.0355123000         2.6900000000         1.3378393285         3.3759856847        -0.0059838592
        2.0405584000         2.6900000000         1.3378393285         3.3785375621        -0.0059838592
        2.0454710000         2.6900000000         1.3378393285         3.3759856847        -0.0059838592
        2.0506475000         2.6900000000         1.3327346748         3.3683300523        -0.1389585076
        2.0557525000         2.6900000000         1.3378393285         3.3759856847        -0.0059838592
        2.0604664000         2.6900000000         1.3378393285         3.3785375621        -0.0059838592
        2.0654806000         2.6900000000         1.3327346748         3.3683300523        -0.1389585076
        2.0704542000         2.6900000000         1.3352870017         3.3759856847        -0.0724711834
        2.0754407000         2.6900000000         1.3429439823         3.3836413170         0.1269907893
        2.0804646000         2.6900000000         1.3454963091         3.3810894396         0.1934781135
        2.0854983000         2.6900000000         1.3301823480         3.3708819297        -0.2054458319
        2.0904753000         2.6900000000         1.3378393285         3.3759856847        -0.0059838592
        2.0954652000         2.6900000000         1.3378393285         3.3708819297        -0.0059838592
        2.1005086000         2.6900000000         1.3429439823         3.3810894396         0.1269907893
        2.1054854000         2.6900000000         1.3301823480         3.3683300523        -0.2054458319
        2.1104858000         2.6900000000         1.3378393285         3.3759856847        -0.0059838592
        2.1154771000         2.6900000000         1.3327346748         3.3683300523        -0.1389585076
        2.1204593000         2.6900000000         1.3327346748         3.3683300523        -0.1389585076
        2.1254842000         2.6900000000         1.3327346748         3.3708819297        -0.1389585076
        2.1304615000         2.6900000000         1.3301823480         3.3683300523        -0.2054458319
        2.1354773000         2.6900000000         1.3327346748         3.3734338072        -0.1389585076
        2.1404921000         2.6900000000         1.3403916554         3.3759856847         0.0605034650
        2.1454858000         2.6900000000         1.3301823480         3.3708819297        -0.2054458319
        2.1504683000         2.6900000000         1.3378393285         3.3734338072        -0.0059838592
        2.1554783000         2.6900000000         1.3378393285         3.3734338072        -0.0059838592
        2.1604595000         2.6900000000         1.3429439823         3.3836413170         0.1269907893
        2.1654527000         2.6900000000         1.3352870017         3.3708819297        -0.0724711834
        2.1704833000         2.6900000000         1.3378393285         3.3734338072        -0.0059838592
        2.1754874000         2.6900000000         1.3378393285         3.3759856847        -0.0059838592
        2.1805203000         2.6900000000         1.3403916554         3.3734338072         0.0605034650
        2.1854901000         2.6900000000         1.3429439823         3.3836413170         0.1269907893
        2.1904351000         2.6900000000         1.3352870017         3.3734338072        -0.0724711834
        2.1954392000         2.6900000000         1.3352870017         3.3708819297        -0.0724711834
        2.2005476000         2.6900000000         1.3378393285         3.3734338072        -0.0059838592
        2.2055143000         2.6900000000         1.3352870017         3.3759856847        -0.0724711834
        2.2105161000         2.6900000000         1.3378393285         3.3810894396        -0.0059838592
        2.2154909000         2.6900000000         1.3429439823         3.3810894396         0.1269907893
        2.2204846000         2.6900000000         1.3327346748         3.3683300523        -0.1389585076
        2.2255124000         2.6900000000         1.3378393285         3.3759856847        -0.0059838592
        2.2306399000         2.6900000000         1.3352870017         3.3708819297        -0.0724711834
        2.2354614000         2.6900000000         1.3327346748         3.3683300523        -0.1389585076
        2.2404818000         2.6900000000         1.3454963091         3.3810894396         0.1934781135
        2.2454456000         2.6900000000         1.3378393285         3.3759856847        -0.0059838592
        2.2506996000         2.6900000000         1.3327346748         3.3683300523        -0.1389585076
        2.2555664000         2.6900000000         1.3454963091         3.3810894396         0.1934781135
        2.2605199000         2.6900000000         1.3378393285         3.3683300523        -0.0059838592
        2.2656135000         2.6900000000         1.3454963091         3.3810894396         0.1934781135
        2.2705243000         2.6900000000         1.3378393285         3.3734338072        -0.0059838592
        2.2754730000         2.6900000000         1.3378393285         3.3759856847        -0.0059838592
        2.2805208000         2.6900000000         1.3378393285         3.3759856847        -0.0059838592
        2.2855250000         2.6900000000         1.3403916554         3.3759856847         0.0605034650
        2.2904002000         2.6900000000         1.3429439823         3.3810894396         0.1269907893
        2.2955268000         2.6900000000         1.3327346748         3.3683300523        -0.1389585076
        2.3009158000         2.6900000000         1.3301823480         3.3708819297        -0.2054458319
        2.3055562000         2.6900000000         1.3378393285         3.3785375621        -0.0059838592
        2.3124460000         2.6900000000         1.3378393285         3.3759856847        -0.0059838592
        2.3154515000         2.6900000000         1.3327346748         3.3708819297        -0.1389585076
        2.3204998000         2.6900000000         1.3454963091         3.3836413170         0.1934781135
        2.3254119000         2.6900000000         1.3531532897         3.3708819297         0.3929400862
        2.3305379000         2.6900000000         1.3378393285         3.3734338072        -0.0059838592
        2.3354816000         2.6900000000         1.3378393285         3.3734338072        -0.0059838592
        2.3404629000         2.6900000000         1.3378393285         3.3785375621        -0.0059838592
        2.3454701000         2.6900000000         1.3352870017         3.3734338072        -0.0724711834
        2.3504853000         2.6900000000         1.3378393285         3.3734338072        -0.0059838592
        2.3556675000         2.6900000000         1.3327346748         3.3759856847        -0.1389585076
        2.3604746000         2.6900000000         1.3378393285         3.3734338072        -0.0059838592
        2.3657502000         2.6900000000         1.3378393285         3.3734338072        -0.0059838592
        2.3707402000         2.6900000000         1.3378393285         3.3785375621        -0.0059838592
        2.3754978000         2.6900000000         1.3327346748         3.3810894396        -0.1389585076
        2.3805271000         2.6900000000         1.3454963091         3.3810894396         0.1934781135
        2.3855740000         2.6900000000         1.3378393285         3.3759856847        -0.0059838592
        2.3906459000         2.6900000000         1.3378393285         3.3759856847        -0.0059838592
        2.3954971000         2.6900000000         1.3429439823         3.3810894396         0.1269907893
        2.4004999000         2.6900000000         1.3327346748         3.3683300523        -0.1389585076
        2.4055280000         2.6900000000         1.3378393285         3.3759856847        -0.0059838592
        2.4105028000         2.6900000000         1.3454963091         3.3810894396         0.1934781135
        2.4154687000         2.6900000000         1.3429439823         3.3836413170         0.1269907893
        2.4205200000         2.6900000000         1.3403916554         3.3708819297         0.0605034650
        2.4254685000         2.6900000000         1.3378393285         3.3759856847        -0.0059838592
        2.4304755000         2.6900000000         1.3378393285         3.3785375621        -0.0059838592
        2.4355126000         2.6900000000         1.3429439823         3.3810894396         0.1269907893
        2.4405048000         2.6900000000         1.3327346748         3.3734338072        -0.1389585076
        2.4454972000         2.6900000000         1.3429439823         3.3810894396         0.1269907893
        2.4505603000         2.6900000000         1.3429439823         3.3810894396         0.1269907893
        2.4555072000         2.6900000000         1.3378393285         3.3759856847        -0.0059838592
        2.4605406000         2.6900000000         1.3378393285         3.3759856847        -0.0059838592
        2.4655397000         2.6900000000         1.3378393285         3.3683300523        -0.0059838592
        2.4705262000         2.6900000000         1.3378393285         3.3759856847        -0.0059838592
        2.4755557000         2.6900000000         1.3352870017         3.3759856847        -0.0724711834
        2.4805268000         2.6900000000         1.3352870017         3.3734338072        -0.0724711834
        2.4854530000         2.6900000000         1.3454963091         3.3810894396         0.1934781135
        2.4905052000         2.6900000000         1.3378393285         3.3734338072        -0.0059838592
        2.4955525000         2.6900000000         1.3378393285         3.3734338072        -0.0059838592
        2.5005661000         2.6900000000         1.3250776943         3.3759856847        -0.3384204803
        2.5054878000         2.6900000000         1.3378393285         3.3759856847        -0.0059838592
        2.5104594000         2.6900000000         1.3378393285         3.3785375621        -0.0059838592
        2.5156174000         2.6900000000         1.3327346748         3.3683300523        -0.1389585076
        2.5204461000         2.6900000000         1.3378393285         3.3734338072        -0.0059838592
        2.5254536000         2.6900000000         1.3352870017         3.3759856847        -0.0724711834
        2.5304896000         2.6900000000         1.3327346748         3.3657781748        -0.1389585076
        2.5354594000         2.6900000000         1.3352870017         3.3734338072        -0.0724711834
        2.5405008000         2.6900000000         1.3327346748         3.3683300523        -0.1389585076
        2.5455276000         2.6900000000         1.3429439823         3.3836413170         0.1269907893
        2.5504598000         2.6900000000         1.3352870017         3.3759856847        -0.0724711834
        2.5554352000         2.6900000000         1.3327346748         3.3708819297        -0.1389585076
        2.5605760000         2.6900000000         1.3454963091         3.3810894396         0.1934781135
        2.5654596000         2.6900000000         1.3454963091         3.3836413170         0.1934781135
        2.5704895000         2.6900000000         1.3403916554         3.3734338072         0.0605034650
        2.5754179000         2.6900000000         1.3327346748         3.3708819297        -0.1389585076
        2.5804488000         2.6900000000         1.3429439823         3.3759856847         0.1269907893
        2.5854093000         2.6900000000         1.3454963091         3.3810894396         0.1934781135
        2.5905634000         2.6900000000         1.3327346748         3.3683300523        -0.1389585076
        2.5954789000         2.6900000000         1.3352870017         3.3734338072        -0.0724711834
        2.6004235000         2.6900000000         1.3352870017         3.3734338072        -0.0724711834
        2.6054146000         2.6900000000         1.3352870017         3.3759856847        -0.0724711834
        2.6106278000         2.6900000000         1.3327346748         3.3657781748        -0.1389585076
        2.6154975000         2.6900000000         1.3429439823         3.3836413170         0.1269907893
        2.6204366000         2.6900000000         1.3378393285         3.3734338072        -0.0059838592
        2.6254822000         2.6900000000         1.3327346748         3.3683300523        -0.1389585076
        2.6305372000         2.6900000000         1.3378393285         3.3734338072        -0.0059838592
        2.6354461000         2.6900000000         1.3327346748         3.3683300523        -0.1389585076
        2.6404302000         2.6900000000         1.3735719045         3.3836413170         0.9248386800
        2.6455525000         2.6900000000         1.3403916554         3.3759856847         0.0605034650
        2.6505172000         2.6900000000         1.3429439823         3.3734338072         0.1269907893
        2.6555603000         2.6900000000         1.3378393285         3.3734338072        -0.0059838592
        2.6605004000         2.6900000000         1.3301823480         3.3708819297        -0.2054458319
        2.6654382000         2.6900000000         1.3378393285         3.3759856847        -0.0059838592
        2.6704989000         2.6900000000         1.3378393285         3.3759856847        -0.0059838592
        2.6756092000         2.6900000000         1.3301823480         3.3683300523        -0.2054458319
        2.6805628000         2.6900000000         1.3378393285         3.3734338072        -0.0059838592
        2.6854870000         2.6900000000         1.3301823480         3.3708819297        -0.2054458319
        2.6906662000         2.6900000000         1.3378393285         3.3759856847        -0.0059838592
        2.6956377000         2.6900000000         1.3429439823         3.3836413170         0.1269907893
        2.7005453000         2.6900000000         1.3378393285         3.3759856847        -0.0059838592
        2.7056525000         2.6900000000         1.3429439823         3.3836413170         0.1269907893
        2.7105261000         2.6900000000         1.3454963091         3.3810894396         0.1934781135
        2.7155939000         2.6900000000         1.3378393285         3.3734338072        -0.0059838592
        2.7205263000         2.6900000000         1.3327346748         3.3683300523        -0.1389585076
        2.7255751000         2.6900000000         1.3199730405         3.3734338072        -0.4713951288
        2.7305958000         2.6900000000         1.3301823480         3.3683300523        -0.2054458319
        2.7359489000         2.6900000000         1.3403916554         3.3759856847         0.0605034650
        2.7404619000         2.6900000000         1.3327346748         3.3632262974        -0.1389585076
        2.7457084000         2.6900000000         1.3352870017         3.3759856847        -0.0724711834
        2.7505773000         2.6900000000         1.3454963091         3.3810894396         0.1934781135
        2.7555811000         2.6900000000         1.3659149240         3.3810894396         0.7253767073
        2.7605643000         2.6900000000         1.3429439823         3.3810894396         0.1269907893
        2.7656637000         2.6900000000         1.3429439823         3.3810894396         0.1269907893
        2.7705705000         2.6900000000         1.3378393285         3.3759856847        -0.0059838592
        2.7755849000         2.6900000000         1.3429439823         3.3836413170         0.1269907893
        2.7805009000         2.6900000000         1.3378393285         3.3759856847        -0.0059838592
        2.7854635000         2.6900000000         1.3429439823         3.3836413170         0.1269907893
        2.7904275000         2.6900000000         1.3327346748         3.3708819297        -0.1389585076
        2.7955236000         2.6900000000         1.3250776943         3.3759856847        -0.3384204803
        2.8005295000         2.6900000000         1.3429439823         3.3734338072         0.1269907893
        2.8055780000         2.6900000000         1.3327346748         3.3708819297        -0.1389585076
        2.8104297000         2.6900000000         1.3378393285         3.3734338072        -0.0059838592
        2.8154512000         2.6900000000         1.3378393285         3.3759856847        -0.0059838592
        2.8204056000         2.6900000000         1.3378393285         3.3759856847        -0.0059838592
        2.8254486000         2.6900000000         1.3352870017         3.3734338072        -0.0724711834
        2.8305674000         2.6900000000         1.3429439823         3.3810894396         0.1269907893
        2.8355123000         2.6900000000         1.3378393285         3.3759856847        -0.0059838592
        2.8405307000         2.6900000000         1.3301823480         3.3708819297        -0.2054458319
        2.8455079000         2.6900000000         1.3454963091         3.3810894396         0.1934781135
        2.8505434000         2.6900000000         1.3429439823         3.3810894396         0.1269907893
        2.8554789000         2.6900000000         1.3403916554         3.3734338072         0.0605034650
        2.8606658000         2.6900000000         1.3301823480         3.3683300523        -0.2054458319
        2.8655274000         2.6900000000         1.3301823480         3.3708819297        -0.2054458319
        2.8705258000         2.6900000000         1.3378393285         3.3759856847        -0.0059838592
        2.8756081000         2.6900000000         1.3403916554         3.3759856847         0.0605034650
        2.8804778000         2.6900000000         1.3327346748         3.3708819297        -0.1389585076
        2.8854633000         2.6900000000         1.3352870017         3.3759856847        -0.0724711834
        2.8904688000         2.6900000000         1.3378393285         3.3759856847        -0.0059838592
        2.8955071000         2.6900000000         1.3429439823         3.3810894396         0.1269907893
        2.9004680000         2.6900000000         1.3454963091         3.3810894396         0.1934781135
        2.9056353000         2.6900000000         1.3327346748         3.3734338072        -0.1389585076
        2.9106395000         2.6900000000         1.3378393285         3.3759856847        -0.0059838592
        2.9154837000         2.6900000000         1.3352870017         3.3759856847        -0.0724711834
        2.9205232000         2.6900000000         1.3378393285         3.3759856847        -0.0059838592
        2.9254895000         2.6900000000         1.3378393285         3.3734338072        -0.0059838592
        2.9305195000         2.6900000000         1.3429439823         3.3785375621         0.1269907893
        2.9357698000         2.6900000000         1.3352870017         3.3759856847        -0.0724711834
        2.9404889000         2.6900000000         1.3250776943         3.3759856847        -0.3384204803
        2.9454924000         2.6900000000         1.3378393285         3.3734338072        -0.0059838592
        2.9505138000         2.6900000000         1.3403916554         3.3759856847         0.0605034650
        2.9555075000         2.6900000000         1.3352870017         3.3759856847        -0.0724711834
        2.9605561000         2.6900000000         1.3301823480         3.3657781748        -0.2054458319
        2.9656128000         2.6900000000         1.3378393285         3.3759856847        -0.0059838592
        2.9705019000         2.6900000000         1.3454963091         3.3810894396         0.1934781135
        2.9755738000         2.6900000000         1.3378393285         3.3759856847        -0.0059838592
        2.9805072000         2.6900000000         1.3659149240         3.3810894396         0.7253767073
        2.9855056000         2.6900000000         1.3378393285         3.3734338072        -0.0059838592
        2.9905024000         2.6900000000         1.3429439823         3.3836413170         0.1269907893
        2.9956185000         2.6900000000         1.3378393285         3.3759856847        -0.0059838592
        3.0005202000         2.6900000000         1.3429439823         3.3810894396         0.1269907893
        3.0055076000         2.6900000000         1.3301823480         3.3708819297        -0.2054458319
        3.0105332000         2.6900000000         1.3327346748         3.3683300523        -0.1389585076
        3.0156716000         2.6900000000         1.3378393285         3.3734338072        -0.0059838592
        3.0205311000         2.6900000000         1.3378393285         3.3683300523        -0.0059838592
        3.0257069000         2.6900000000         1.3403916554         3.3759856847         0.0605034650
        3.0305420000         2.6900000000         1.3301823480         3.3708819297        -0.2054458319
        3.0355847000         2.6900000000         1.3352870017         3.3759856847        -0.0724711834
        3.0405049000         2.6900000000         1.3454963091         3.3810894396         0.1934781135
        3.0454990000         2.6900000000         1.3378393285         3.3734338072        -0.0059838592
        3.0504584000         2.6900000000         1.3454963091         3.3836413170         0.1934781135
        3.0554490000         2.6900000000         1.3454963091         3.3810894396         0.1934781135
        3.0604065000         2.6900000000         1.3327346748         3.3683300523        -0.1389585076
        3.0656507000         2.6900000000         1.3301823480         3.3683300523        -0.2054458319
        3.0704657000         2.6900000000         1.3454963091         3.3810894396         0.1934781135
        3.0755454000         2.6900000000         1.3378393285         3.3759856847        -0.0059838592
        3.0805032000         2.6900000000         1.3378393285         3.3759856847        -0.0059838592
        3.0855706000         2.6900000000         1.3403916554         3.3759856847         0.0605034650
        3.0904994000         2.6900000000         1.3301823480         3.3708819297        -0.2054458319
        3.0962308000         2.6900000000         1.3352870017         3.3759856847        -0.0724711834
        3.1004920000         2.6900000000         1.3429439823         3.3734338072         0.1269907893
        3.1055926000         2.6900000000         1.3429439823         3.3810894396         0.1269907893
        3.1105699000         2.6900000000         1.3352870017         3.3759856847        -0.0724711834
        3.1156257000         2.6900000000         1.3301823480         3.3708819297        -0.2054458319
        3.1204845000         2.6900000000         1.3352870017         3.3708819297        -0.0724711834
        3.1255691000         2.6900000000         1.3378393285         3.3759856847        -0.0059838592
        3.1304662000         2.6900000000         1.3403916554         3.3785375621         0.0605034650
        3.1354560000         2.6900000000         1.3378393285         3.3734338072        -0.0059838592
        3.1404987000         2.6900000000         1.3429439823         3.3759856847         0.1269907893
        3.1456843000         2.6900000000         1.3378393285         3.3734338072        -0.0059838592
        3.1504755000         2.6900000000         1.3327346748         3.3708819297        -0.1389585076
        3.1554179000         2.6900000000         1.3352870017         3.3785375621        -0.0724711834
        3.1604638000         2.6900000000         1.3557056165         3.3836413170         0.4594274104
        3.1655791000         2.6900000000         1.3378393285         3.3734338072        -0.0059838592
        3.1704481000         2.6900000000         1.3429439823         3.3810894396         0.1269907893
        3.1754433000         2.6900000000         1.3403916554         3.3759856847         0.0605034650
        3.1804576000         2.6900000000         1.3403916554         3.3759856847         0.0605034650
        3.1854187000         2.6900000000         1.3378393285         3.3759856847        -0.0059838592
        3.1904883000         2.6900000000         1.3378393285         3.3734338072        -0.0059838592
        3.1954773000         2.6900000000         1.3429439823         3.3810894396         0.1269907893
        3.2004629000         2.6900000000         1.3403916554         3.3759856847         0.0605034650
        3.2054801000         2.6900000000         1.3352870017         3.3759856847        -0.0724711834
        3.2104607000         2.6900000000         1.3327346748         3.3708819297        -0.1389585076
        3.2154902000         2.6900000000         1.3378393285         3.3759856847        -0.0059838592
        3.2204271000         2.6900000000         1.3352870017         3.3683300523        -0.0724711834
        3.2254582000         2.6900000000         1.3352870017         3.3785375621        -0.0724711834
        3.2304579000         2.6900000000         1.3301823480         3.3683300523        -0.2054458319
        3.2354252000         2.6900000000         1.3378393285         3.3759856847        -0.0059838592
        3.2404280000         2.6900000000         1.3378393285         3.3759856847        -0.0059838592
        3.2454278000         2.6900000000         1.3480486360         3.3810894396         0.2599654377
        3.2504802000         2.6900000000         1.3378393285         3.3759856847        -0.0059838592
        3.2554476000         2.6900000000         1.3454963091         3.3810894396         0.1934781135
        3.2604146000         2.6900000000         1.3352870017         3.3759856847        -0.0724711834
        3.2654091000         2.6900000000         1.3429439823         3.3810894396         0.1269907893
        3.2704486000         2.6900000000         1.3301823480         3.3734338072        -0.2054458319
        3.2755021000         2.6900000000         1.3301823480         3.3759856847        -0.2054458319
        3.2808361000         2.6900000000         1.3378393285         3.3734338072        -0.0059838592
        3.2854478000         2.6900000000         1.3327346748         3.3708819297        -0.1389585076
        3.2904517000         2.6900000000         1.3378393285         3.3708819297        -0.0059838592
        3.2954272000         2.6900000000         1.3403916554         3.3785375621         0.0605034650
        3.3004639000         2.6900000000         1.3352870017         3.3759856847        -0.0724711834
        3.3054165000         2.6900000000         1.3301823480         3.3708819297        -0.2054458319
        3.3104491000         2.6900000000         1.3454963091         3.3810894396         0.1934781135
        3.3154234000         2.6900000000         1.3429439823         3.3810894396         0.1269907893
        3.3205870000         2.6900000000         1.3378393285         3.3759856847        -0.0059838592
        3.3255227000         2.6900000000         1.3352870017         3.3734338072        -0.0724711834
        3.3304663000         2.6900000000         1.3378393285         3.3734338072        -0.0059838592
        3.3354412000         2.6900000000         1.3327346748         3.3683300523        -0.1389585076
        3.3405379000         2.6900000000         1.3403916554         3.3734338072         0.0605034650
        3.3454336000         2.6900000000         1.3378393285         3.3759856847        -0.0059838592
        3.3504878000         2.6900000000         1.3352870017         3.3759856847        -0.0724711834
        3.3554469000         2.6900000000         1.3352870017         3.3734338072        -0.0724711834
        3.3605230000         2.6900000000         1.3378393285         3.3810894396        -0.0059838592
        3.3655009000         2.6900000000         1.3327346748         3.3683300523        -0.1389585076
        3.3704670000         2.6900000000         1.3327346748         3.3708819297        -0.1389585076
        3.3754469000         2.6900000000         1.3454963091         3.3861931945         0.1934781135
        3.3805252000         2.6900000000         1.3327346748         3.3708819297        -0.1389585076
        3.3854330000         2.6900000000         1.3403916554         3.3734338072         0.0605034650
        3.3904487000         2.6900000000         1.3301823480         3.3708819297        -0.2054458319
        3.3954365000         2.6900000000         1.3429439823         3.3734338072         0.1269907893
        3.4004749000         2.6900000000         1.3352870017         3.3734338072        -0.0724711834
        3.4054068000         2.6900000000         1.3454963091         3.3810894396         0.1934781135
        3.4104213000         2.6900000000         1.3378393285         3.3759856847        -0.0059838592
        3.4154605000         2.6900000000         1.3378393285         3.3734338072        -0.0059838592
        3.4204307000         2.6900000000         1.3301823480         3.3683300523        -0.2054458319
        3.4254120000         2.6900000000         1.3301823480         3.3708819297        -0.2054458319
        3.4304035000         2.6900000000         1.3557056165         3.3759856847         0.4594274104
        3.4355024000         2.6900000000         1.3378393285         3.3734338072        -0.0059838592
        3.4404315000         2.6900000000         1.3352870017         3.3759856847        -0.0724711834
        3.4454630000         2.6900000000         1.3454963091         3.3810894396         0.1934781135
        3.4504662000         2.6900000000         1.3378393285         3.3810894396        -0.0059838592
        3.4554621000         2.6900000000         1.3327346748         3.3708819297        -0.1389585076
        3.4604390000         2.6900000000         1.3327346748         3.3657781748        -0.1389585076
        3.4654637000         2.6900000000         1.3327346748         3.3708819297        -0.1389585076
        3.4704221000         2.6900000000         1.3301823480         3.3708819297        -0.2054458319
        3.4754280000         2.6900000000         1.3557056165         3.3810894396         0.4594274104
        3.4804593000         2.6900000000         1.3429439823         3.3785375621         0.1269907893
        3.4854565000         2.6900000000         1.3327346748         3.3708819297        -0.1389585076
        3.4905049000         2.6900000000         1.3378393285         3.3759856847        -0.0059838592
        3.4956650000         2.6900000000         1.3378393285         3.3759856847        -0.0059838592
        3.5004542000         2.6900000000         1.3352870017         3.3683300523        -0.0724711834
        3.5054860000         2.6900000000         1.3378393285         3.3734338072        -0.0059838592
        3.5104493000         2.6900000000         1.3378393285         3.3734338072        -0.0059838592
        3.5155107000         2.6900000000         1.3378393285         3.3759856847        -0.0059838592
        3.5204062000         2.6900000000         1.3403916554         3.3759856847         0.0605034650
        3.5254793000         2.6900000000         1.3429439823         3.3810894396         0.1269907893
        3.5304643000         2.6900000000         1.3582579434         3.3734338072         0.5259147346
        3.5355080000         2.6900000000         1.3429439823         3.3810894396         0.1269907893
        3.5405291000         2.6900000000         1.3352870017         3.3759856847        -0.0724711834
        3.5454605000         2.6900000000         1.3429439823         3.3734338072         0.1269907893
        3.5504686000         2.6900000000         1.3378393285         3.3759856847        -0.0059838592
        3.5554180000         2.6900000000         1.3352870017         3.3759856847        -0.0724711834
        3.5604426000         2.6900000000         1.3429439823         3.3810894396         0.1269907893
        3.5654610000         2.6900000000         1.3403916554         3.3734338072         0.0605034650
        3.5704864000         2.6900000000         1.3454963091         3.3810894396         0.1934781135
        3.5756145000         2.6900000000         1.3301823480         3.3683300523        -0.2054458319
        3.5804427000         2.6900000000         1.3403916554         3.3759856847         0.0605034650
        3.5854453000         2.6900000000         1.3352870017         3.3734338072        -0.0724711834
        3.5904749000         2.6900000000         1.3352870017         3.3810894396        -0.0724711834
        3.5959209000         2.6900000000         1.3429439823         3.3836413170         0.1269907893
        3.6005231000         2.6900000000         1.3378393285         3.3683300523        -0.0059838592
        3.6054385000         2.6900000000         1.3429439823         3.3810894396         0.1269907893
        3.6104385000         2.6900000000         1.3429439823         3.3810894396         0.1269907893
        3.6155774000         2.6900000000         1.3429439823         3.3810894396         0.1269907893
        3.6204584000         2.6900000000         1.3429439823         3.3759856847         0.1269907893
        3.6254452000         2.6900000000         1.3327346748         3.3683300523        -0.1389585076
        3.6305616000         2.6900000000         1.3429439823         3.3810894396         0.1269907893
        3.6355098000         2.6900000000         1.3378393285         3.3759856847        -0.0059838592
        3.6404957000         2.6900000000         1.3403916554         3.3734338072         0.0605034650
        3.6456662000         2.6900000000         1.3352870017         3.3759856847        -0.0724711834
        3.6504825000         2.6900000000         1.3327346748         3.3683300523        -0.1389585076
        3.6554286000         2.6900000000         1.3429439823         3.3810894396         0.1269907893
        3.6604377000         2.6900000000         1.3429439823         3.3810894396         0.1269907893
        3.6655031000         2.6900000000         1.3378393285         3.3759856847        -0.0059838592
        3.6704329000         2.6900000000         1.3403916554         3.3759856847         0.0605034650
        3.6754231000         2.6900000000         1.3352870017         3.3683300523        -0.0724711834
        3.6804867000         2.6900000000         1.3429439823         3.3810894396         0.1269907893
        3.6854215000         2.6900000000         1.3403916554         3.3759856847         0.0605034650
        3.6904649000         2.6900000000         1.3429439823         3.3810894396         0.1269907893
        3.6955471000         2.6900000000         1.3429439823         3.3836413170         0.1269907893
        3.7004810000         2.6900000000         1.3454963091         3.3810894396         0.1934781135
        3.7054413000         2.6900000000         1.3327346748         3.3708819297        -0.1389585076
        3.7104885000         2.6900000000         1.3327346748         3.3683300523        -0.1389585076
        3.7154919000         2.6900000000         1.3301823480         3.3708819297        -0.2054458319
        3.7205168000         2.6900000000         1.3327346748         3.3708819297        -0.1389585076
        3.7254122000         2.6900000000         1.3301823480         3.3708819297        -0.2054458319
        3.7304842000         2.6900000000         1.3403916554         3.3785375621         0.0605034650
        3.7355432000         2.6900000000         1.3454963091         3.3836413170         0.1934781135
        3.7405705000         2.6900000000         1.3378393285         3.3734338072        -0.0059838592
        3.7454341000         2.6900000000         1.3429439823         3.3836413170         0.1269907893
        3.7504861000         2.6900000000         1.3608102703         3.3734338072         0.5924020589
        3.7554992000         2.6900000000         1.3378393285         3.3734338072        -0.0059838592
        3.7604742000         2.6900000000         1.3403916554         3.3734338072         0.0605034650
        3.7656299000         2.6900000000         1.3378393285         3.3759856847        -0.0059838592
        3.7705722000         2.6900000000         1.3327346748         3.3683300523        -0.1389585076
        3.7754119000         2.6900000000         1.3327346748         3.3683300523        -0.1389585076
        3.7807020000         2.6900000000         1.3454963091         3.3836413170         0.1934781135
        3.7855506000         2.6900000000         1.3327346748         3.3683300523        -0.1389585076
        3.7904587000         2.6900000000         1.3327346748         3.3708819297        -0.1389585076
        3.7954448000         2.6900000000         1.3403916554         3.3734338072         0.0605034650
        3.8005052000         2.6900000000         1.3378393285         3.3734338072        -0.0059838592
        3.8054584000         2.6900000000         1.3352870017         3.3759856847        -0.0724711834
        3.8104184000         2.6900000000         1.3301823480         3.3708819297        -0.2054458319
        3.8154653000         2.6900000000         1.3454963091         3.3785375621         0.1934781135
        3.8204934000         2.6900000000         1.3352870017         3.3708819297        -0.0724711834
        3.8255059000         2.6900000000         1.3378393285         3.3734338072        -0.0059838592
        3.8304951000         2.6900000000         1.3327346748         3.3708819297        -0.1389585076
        3.8354979000         2.6900000000         1.3352870017         3.3759856847        -0.0724711834
        3.8405452000         2.6900000000         1.3403916554         3.3734338072         0.0605034650
        3.8455159000         2.6900000000         1.3454963091         3.3810894396         0.1934781135
        3.8505065000         2.6900000000         1.3429439823         3.3785375621         0.1269907893
        3.8554459000         2.6900000000         1.3378393285         3.3683300523        -0.0059838592
        3.8604699000         2.6900000000         1.3378393285         3.3734338072        -0.0059838592
        3.8655074000         2.6900000000         1.3454963091         3.3785375621         0.1934781135
        3.8704371000         2.6900000000         1.3327346748         3.3708819297        -0.1389585076
        3.8755194000         2.6900000000         1.3378393285         3.3759856847        -0.0059838592
        3.8805075000         2.6900000000         1.3301823480         3.3708819297        -0.2054458319
        3.8854508000         2.6900000000         1.3327346748         3.3708819297        -0.1389585076
        3.8905654000         2.6900000000         1.3429439823         3.3810894396         0.1269907893
        3.8954948000         2.6900000000         1.3327346748         3.3734338072        -0.1389585076
        3.9007117000         2.6900000000         1.3378393285         3.3759856847        -0.0059838592
        3.9055484000         2.6900000000         1.3327346748         3.3657781748        -0.1389585076
        3.9104834000         2.6900000000         1.3352870017         3.3785375621        -0.0724711834
        3.9154931000         2.6900000000         1.3378393285         3.3734338072        -0.0059838592
        3.9205116000         2.6900000000         1.3429439823         3.3785375621         0.1269907893
        3.9255370000         2.6900000000         1.3454963091         3.3810894396         0.1934781135
        3.9305208000         2.6900000000         1.3378393285         3.3734338072        -0.0059838592
        3.9354912000         2.6900000000         1.3429439823         3.3708819297         0.1269907893
        3.9404924000         2.6900000000         1.3403916554         3.3734338072         0.0605034650
        3.9454983000         2.6900000000         1.3352870017         3.3759856847        -0.0724711834
        3.9504945000         2.6900000000         1.3327346748         3.3708819297        -0.1389585076
        3.9555553000         2.6900000000         1.3454963091         3.3836413170         0.1934781135
        3.9604966000         2.6900000000         1.3378393285         3.3734338072        -0.0059838592
        3.9654910000         2.6900000000         1.3378393285         3.3759856847        -0.0059838592
        3.9706320000         2.6900000000         1.3378393285         3.3734338072        -0.0059838592
        3.9755322000         2.6900000000         1.3454963091         3.3785375621         0.1934781135
        3.9805636000         2.6900000000         1.3327346748         3.3708819297        -0.1389585076
        3.9855025000         2.6900000000         1.3378393285         3.3759856847        -0.0059838592
        3.9904677000         2.6900000000         1.3378393285         3.3734338072        -0.0059838592
        3.9954532000         2.6900000000         1.3429439823         3.3836413170         0.1269907893
        4.0005203000         2.6900000000         1.3403916554         3.3810894396         0.0605034650
