% Sweep Step 81/200  Vcmd=2.9100V  CW 
% Vg_offset=1.338069V  K_gimbal=26.049690

Time[s]              Vcmd[V]              Vg_raw[V]            Pot[V]             Omega[rad/s]
        0.0019240000         2.9100000000         1.3301823480         2.3016452744        -0.2054458319
        0.0057341000         2.9100000000         1.3378393285         2.3067490293        -0.0059838592
        0.0106382000         2.9100000000         1.3352870017         2.3093009068        -0.0724711834
        0.0154719000         2.9100000000         1.3378393285         2.3093009068        -0.0059838592
        0.0205339000         2.9100000000         1.3403916554         2.3067490293         0.0605034650
        0.0255402000         2.9100000000         1.3352870017         2.3093009068        -0.0724711834
        0.0305804000         2.9100000000         1.3454963091         2.3144046617         0.1934781135
        0.0357718000         2.9100000000         1.4220661148         2.3195084166         2.1880978403
        0.0407272000         2.9100000000         1.4067521537         2.3271640490         1.7891738949
        0.0456407000         2.9100000000         1.3965428462         2.3220602941         1.5232245980
        0.0504847000         2.9100000000         1.4041998268         2.3399234363         1.7226865707
        0.0555541000         2.9100000000         1.4169614611         2.3399234363         2.0551231918
        0.0604677000         2.9100000000         1.3914381925         2.3475790687         1.3902499496
        0.0656485000         2.9100000000         1.4271707685         2.3603384560         2.3210724888
        0.0704902000         2.9100000000         1.4093044805         2.3603384560         1.8556612192
        0.0756846000         2.9100000000         1.4220661148         2.3730978433         2.1880978403
        0.0805878000         2.9100000000         1.4144091342         2.3730978433         1.9886358676
        0.0854752000         2.9100000000         1.4220661148         2.3858572306         2.1880978403
        0.0908049000         2.9100000000         1.4118568074         2.3935128629         1.9221485434
        0.0955348000         2.9100000000         1.4220661148         2.3986166179         2.1880978403
        0.1005801000         2.9100000000         1.4220661148         2.4139278826         2.1880978403
        0.1055932000         2.9100000000         1.4144091342         2.4088241277         1.9886358676
        0.1107129000         2.9100000000         1.4271707685         2.4266872699         2.3210724888
        0.1156661000         2.9100000000         1.4246184417         2.4343429023         2.2545851645
        0.1205203000         2.9100000000         1.4348277491         2.4445504121         2.5205344614
        0.1256463000         2.9100000000         1.4373800759         2.4522060445         2.5870217857
        0.1304722000         2.9100000000         1.4297230954         2.4624135543         2.3875598130
        0.1354856000         2.9100000000         1.4246184417         2.4649654318         2.2545851645
        0.1405417000         2.9100000000         1.4271707685         2.4751729416         2.3210724888
        0.1456361000         2.9100000000         1.4322754222         2.4904842064         2.4540471372
        0.1506618000         2.9100000000         1.4399324028         2.5083473486         2.6535091099
        0.1555431000         2.9100000000         1.4424847297         2.5185548584         2.7199964341
        0.1606014000         2.9100000000         1.4271707685         2.5160029810         2.3210724888
        0.1654715000         2.9100000000         1.4450370565         2.5389698781         2.7864837583
        0.1706655000         2.9100000000         1.4322754222         2.5338661232         2.4540471372
        0.1755158000         2.9100000000         1.4322754222         2.5491773879         2.4540471372
        0.1804309000         2.9100000000         1.4373800759         2.5619367752         2.5870217857
        0.1854583000         2.9100000000         1.4322754222         2.5644886527         2.4540471372
        0.1904666000         2.9100000000         1.4348277491         2.5746961625         2.5205344614
        0.1954890000         2.9100000000         1.4680079982         2.5925593047         3.3848696764
        0.2006101000         2.9100000000         1.4399324028         2.6027668146         2.6535091099
        0.2055255000         2.9100000000         1.4475893834         2.6180780793         2.8529710826
        0.2104924000         2.9100000000         1.4373800759         2.6180780793         2.5870217857
        0.2154485000         2.9100000000         1.4373800759         2.6257337117         2.5870217857
        0.2204911000         2.9100000000         1.4475893834         2.6435968539         2.8529710826
        0.2255764000         2.9100000000         1.4552463639         2.6640118736         3.0524330552
        0.2304273000         2.9100000000         1.4577986908         2.6742193834         3.1189203795
        0.2354643000         2.9100000000         1.4501417102         2.6818750158         2.9194584068
        0.2405466000         2.9100000000         1.4501417102         2.6818750158         2.9194584068
        0.2454619000         2.9100000000         1.4475893834         2.6971862806         2.8529710826
        0.2504367000         2.9100000000         1.4450370565         2.7022900355         2.7864837583
        0.2555096000         2.9100000000         1.4399324028         2.7150494228         2.6535091099
        0.2604750000         2.9100000000         1.4577986908         2.7380163199         3.1189203795
        0.2655652000         2.9100000000         1.4450370565         2.7456719523         2.7864837583
        0.2704943000         2.9100000000         1.4475893834         2.7533275847         2.8529710826
        0.2755766000         2.9100000000         1.4450370565         2.7609832170         2.7864837583
        0.2805678000         2.9100000000         1.4450370565         2.7762944818         2.7864837583
        0.2854520000         2.9100000000         1.4603510177         2.7916057465         3.1854077037
        0.2905522000         2.9100000000         1.4501417102         2.7992613789         2.9194584068
        0.2954696000         2.9100000000         1.4475893834         2.8094688888         2.8529710826
        0.3004620000         2.9100000000         1.4475893834         2.8222282761         2.8529710826
        0.3054811000         2.9100000000         1.4577986908         2.8375395408         3.1189203795
        0.3106969000         2.9100000000         1.4399324028         2.8400914183         2.6535091099
        0.3155385000         2.9100000000         1.4552463639         2.8579545605         3.0524330552
        0.3206130000         2.9100000000         1.4501417102         2.8681620703         2.9194584068
        0.3256552000         2.9100000000         1.4577986908         2.8885770900         3.1189203795
        0.3307632000         2.9100000000         1.4475893834         2.8860252125         2.8529710826
        0.3355156000         2.9100000000         1.4501417102         2.9038883547         2.9194584068
        0.3405210000         2.9100000000         1.4577986908         2.9217514970         3.1189203795
        0.3454602000         2.9100000000         1.4552463639         2.9345108842         3.0524330552
        0.3504455000         2.9100000000         1.4526940371         2.9319590068         2.9859457310
        0.3556011000         2.9100000000         1.4552463639         2.9447183941         3.0524330552
        0.3604918000         2.9100000000         1.4526940371         2.9625815363         2.9859457310
        0.3655612000         2.9100000000         1.4552463639         2.9778928011         3.0524330552
        0.3704412000         2.9100000000         1.4552463639         2.9829965560         3.0524330552
        0.3754843000         2.9100000000         1.4501417102         2.9983078207         2.9194584068
        0.3804469000         2.9100000000         1.4629033445         3.0110672080         3.2518950279
        0.3854757000         2.9100000000         1.4552463639         3.0238265953         3.0524330552
        0.3904703000         2.9100000000         1.4501417102         3.0340341051         2.9194584068
        0.3955846000         2.9100000000         1.4501417102         3.0467934924         2.9194584068
        0.4005009000         2.9100000000         1.4782173056         3.0595528797         3.6508189733
        0.4055354000         2.9100000000         1.4603510177         3.0748641445         3.1854077037
        0.4104637000         2.9100000000         1.4475893834         3.0774160220         2.8529710826
        0.4154753000         2.9100000000         1.4577986908         3.0901754092         3.1189203795
        0.4204588000         2.9100000000         1.4475893834         3.0978310416         2.8529710826
        0.4254092000         2.9100000000         1.4577986908         3.1156941838         3.1189203795
        0.4304571000         2.9100000000         1.4577986908         3.1335573261         3.1189203795
        0.4353947000         2.9100000000         1.4577986908         3.1412129584         3.1189203795
        0.4405366000         2.9100000000         1.4552463639         3.1514204683         3.0524330552
        0.4454065000         2.9100000000         1.4475893834         3.1539723457         2.8529710826
        0.4510043000         2.9100000000         1.4552463639         3.1692836105         3.0524330552
        0.4559582000         2.9100000000         1.4577986908         3.1845948752         3.1189203795
        0.4609451000         2.9100000000         1.4552463639         3.2024580174         3.0524330552
        0.4655705000         2.9100000000         1.4603510177         3.2126655273         3.1854077037
        0.4710177000         2.9100000000         1.4552463639         3.2126655273         3.0524330552
        0.4756858000         2.9100000000         1.4552463639         3.2330805470         3.0524330552
        0.4808362000         2.9100000000         1.4577986908         3.2432880568         3.1189203795
        0.4858876000         2.9100000000         1.4501417102         3.2483918117         2.9194584068
        0.4905758000         2.9100000000         1.4475893834         3.2611511990         2.8529710826
        0.4955894000         2.9100000000         1.4680079982         3.2841180961         3.3848696764
        0.5004552000         2.9100000000         1.4552463639         3.2943256060         3.0524330552
        0.5054298000         2.9100000000         1.4705603251         3.3070849933         3.4513570006
        0.5105275000         2.9100000000         1.4577986908         3.3121887482         3.1189203795
        0.5155410000         2.9100000000         1.4654556714         3.3300518904         3.3183823522
        0.5204638000         2.9100000000         1.4680079982         3.3479150326         3.3848696764
        0.5255030000         2.9100000000         1.4603510177         3.3530187875         3.1854077037
        0.5305415000         2.9100000000         1.4731126519         3.3581225424         3.5178443248
        0.5353947000         2.9100000000         1.4654556714         3.3785375621         3.3183823522
        0.5404452000         2.9100000000         1.4577986908         3.3810894396         3.1189203795
        0.5454459000         2.9100000000         1.4629033445         3.4015044592         3.2518950279
        0.5504824000         2.9100000000         1.4629033445         3.4066082142         3.2518950279
        0.5554757000         2.9100000000         1.4577986908         3.4219194789         3.1189203795
        0.5604665000         2.9100000000         1.4577986908         3.4346788662         3.1189203795
        0.5653959000         2.9100000000         1.4654556714         3.4474382535         3.3183823522
        0.5705078000         2.9100000000         1.4705603251         3.4729570281         3.4513570006
        0.5755817000         2.9100000000         1.4603510177         3.4806126605         3.1854077037
        0.5805311000         2.9100000000         1.4731126519         3.4984758027         3.5178443248
        0.5854684000         2.9100000000         1.4705603251         3.5061314351         3.4513570006
        0.5905356000         2.9100000000         1.4654556714         3.5163389449         3.3183823522
        0.5954727000         2.9100000000         1.4782173056         3.5342020871         3.6508189733
        0.6004816000         2.9100000000         1.4629033445         3.5393058420         3.2518950279
        0.6054947000         2.9100000000         1.4603510177         3.5546171068         3.1854077037
        0.6105852000         2.9100000000         1.4705603251         3.5699283715         3.4513570006
        0.6154309000         2.9100000000         1.4629033445         3.5826877588         3.2518950279
        0.6210179000         2.9100000000         1.4577986908         3.5954471461         3.1189203795
        0.6255203000         2.9100000000         1.4705603251         3.6082065334         3.4513570006
        0.6305817000         2.9100000000         1.4680079982         3.6260696756         3.3848696764
        0.6354887000         2.9100000000         1.4552463639         3.6260696756         3.0524330552
        0.6405077000         2.9100000000         1.4654556714         3.6413809404         3.3183823522
        0.6454824000         2.9100000000         1.4629033445         3.6566922051         3.2518950279
        0.6505316000         2.9100000000         1.4577986908         3.6694515924         3.1189203795
        0.6556642000         2.9100000000         1.4603510177         3.6822109797         3.1854077037
        0.6605083000         2.9100000000         1.4526940371         3.6873147347         2.9859457310
        0.6656978000         2.9100000000         1.4577986908         3.7000741219         3.1189203795
        0.6704476000         2.9100000000         1.4552463639         3.7128335092         3.0524330552
        0.6756636000         2.9100000000         1.4577986908         3.7306966515         3.1189203795
        0.6804939000         2.9100000000         1.4603510177         3.7409041613         3.1854077037
        0.6855918000         2.9100000000         1.4654556714         3.7613191810         3.3183823522
        0.6905979000         2.9100000000         1.4526940371         3.7664229359         2.9859457310
        0.6956094000         2.9100000000         1.4731126519         3.7868379556         3.5178443248
        0.7005168000         2.9100000000         1.4603510177         3.7995973429         3.1854077037
        0.7056698000         2.9100000000         1.4705603251         3.8123567301         3.4513570006
        0.7106642000         2.9100000000         1.4629033445         3.8174604851         3.2518950279
        0.7156783000         2.9100000000         1.4654556714         3.8404273822         3.3183823522
        0.7204998000         2.9100000000         1.4782173056         3.8429792597         3.6508189733
        0.7256226000         2.9100000000         1.4705603251         3.8608424019         3.4513570006
        0.7306357000         2.9100000000         1.4629033445         3.8710499117         3.2518950279
        0.7354734000         2.9100000000         1.4629033445         3.8863611765         3.2518950279
        0.7405490000         2.9100000000         1.4629033445         3.8889130539         3.2518950279
        0.7456937000         2.9100000000         1.4577986908         3.9042243187         3.1189203795
        0.7506856000         2.9100000000         1.4577986908         3.9144318285         3.1189203795
        0.7555424000         2.9100000000         1.4629033445         3.9271912158         3.2518950279
        0.7604634000         2.9100000000         1.4603510177         3.9450543580         3.1854077037
        0.7656713000         2.9100000000         1.4475893834         3.9450543580         2.8529710826
        0.7705874000         2.9100000000         1.4552463639         3.9629175002         3.0524330552
        0.7755321000         2.9100000000         1.4577986908         3.9782287650         3.1189203795
        0.7805362000         2.9100000000         1.4526940371         3.9884362748         2.9859457310
        0.7856968000         2.9100000000         1.4475893834         3.9909881523         2.8529710826
        0.7905417000         2.9100000000         1.4603510177         4.0165069269         3.1854077037
        0.7955628000         2.9100000000         1.4475893834         4.0165069269         2.8529710826
        0.8005749000         2.9100000000         1.4501417102         4.0343700691         2.9194584068
        0.8056493000         2.9100000000         1.4577986908         4.0471294564         3.1189203795
        0.8105740000         2.9100000000         1.4475893834         4.0496813338         2.8529710826
        0.8155891000         2.9100000000         1.4501417102         4.0700963535         2.9194584068
        0.8205781000         2.9100000000         1.4552463639         4.0803038633         3.0524330552
        0.8256994000         2.9100000000         1.4475893834         4.0930632506         2.8529710826
        0.8306256000         2.9100000000         1.4501417102         4.1083745154         2.9194584068
        0.8356763000         2.9100000000         1.4501417102         4.1134782703         2.9194584068
        0.8405571000         2.9100000000         1.4450370565         4.1185820252         2.7864837583
        0.8454936000         2.9100000000         1.4552463639         4.1364451674         3.0524330552
        0.8505116000         2.9100000000         1.4450370565         4.1415489224         2.7864837583
        0.8555670000         2.9100000000         1.4475893834         4.1568601871         2.8529710826
        0.8607145000         2.9100000000         1.4884266131         4.1670676969         3.9167682702
        0.8656705000         2.9100000000         1.4526940371         4.1823789617         2.9859457310
        0.8705525000         2.9100000000         1.4501417102         4.1925864715         2.9194584068
        0.8755803000         2.9100000000         1.4552463639         4.2078977363         3.0524330552
        0.8807255000         2.9100000000         1.4501417102         4.2155533687         2.9194584068
        0.8856205000         2.9100000000         1.4450370565         4.2206571236         2.7864837583
        0.8906978000         2.9100000000         1.4526940371         4.2487277756         2.9859457310
        0.8955436000         2.9100000000         1.4501417102         4.2512796531         2.9194584068
        0.9004988000         2.9100000000         1.4577986908         4.2691427953         3.1189203795
        0.9056214000         2.9100000000         1.4577986908         4.2793503051         3.1189203795
        0.9106007000         2.9100000000         1.4475893834         4.2844540601         2.8529710826
        0.9157152000         2.9100000000         1.4526940371         4.2972134474         2.9859457310
        0.9204951000         2.9100000000         1.4424847297         4.3099728347         2.7199964341
        0.9256899000         2.9100000000         1.4552463639         4.3227322219         3.0524330552
        0.9305976000         2.9100000000         1.4501417102         4.3303878543         2.9194584068
        0.9357182000         2.9100000000         1.4399324028         4.3354916092         2.6535091099
        0.9404601000         2.9100000000         1.4526940371         4.3610103838         2.9859457310
        0.9456242000         2.9100000000         1.4552463639         4.3737697711         3.0524330552
        0.9506911000         2.9100000000         1.4552463639         4.3763216486         3.0524330552
        0.9555800000         2.9100000000         1.4450370565         4.3865291584         2.7864837583
        0.9604444000         2.9100000000         1.4424847297         4.3941847908         2.7199964341
        0.9655004000         2.9100000000         1.4501417102         4.4094960556         2.9194584068
        0.9705710000         2.9100000000         1.4526940371         4.4248073203         2.9859457310
        0.9755886000         2.9100000000         1.4552463639         4.4350148301         3.0524330552
        0.9804539000         2.9100000000         1.4526940371         4.4477742174         2.9859457310
        0.9856387000         2.9100000000         1.4603510177         4.4605336047         3.1854077037
        0.9907373000         2.9100000000         1.4450370565         4.4656373597         2.7864837583
        0.9955923000         2.9100000000         1.4501417102         4.4835005019         2.9194584068
        1.0005932000         2.9100000000         1.4424847297         4.4835005019         2.7199964341
        1.0055955000         2.9100000000         1.4501417102         4.4988117666         2.9194584068
        1.0104667000         2.9100000000         1.4577986908         4.5166749088         3.1189203795
        1.0155500000         2.9100000000         1.4475893834         4.5166749088         2.8529710826
        1.0205776000         2.9100000000         1.4526940371         4.5345380510         2.9859457310
        1.0658656000         2.9100000000         1.4577986908         4.6417169043         3.1189203795
        1.0668676000         2.9100000000         1.4654556714         4.6493725367         3.3183823522
        1.0674648000         2.9100000000         1.4577986908         4.6493725367         3.1189203795
        1.0681038000         2.9100000000         1.4552463639         4.6468206592         3.0524330552
        1.0695182000         2.9100000000         1.4501417102         4.6417169043         2.9194584068
        1.0703083000         2.9100000000         1.4552463639         4.6493725367         3.0524330552
        1.0710257000         2.9100000000         1.4629033445         4.6595800465         3.2518950279
        1.0715892000         2.9100000000         1.4577986908         4.6570281691         3.1189203795
        1.0723031000         2.9100000000         1.4552463639         4.6570281691         3.0524330552
        1.0729105000         2.9100000000         1.4475893834         4.6493725367         2.8529710826
        1.0756949000         2.9100000000         1.4552463639         4.6646838015         3.0524330552
        1.0805482000         2.9100000000         1.4654556714         4.6825469437         3.3183823522
        1.0857389000         2.9100000000         1.4271707685         4.6850988211         2.3210724888
        1.0907993000         2.9100000000         1.4526940371         4.7055138408         2.9859457310
        1.0955342000         2.9100000000         1.4552463639         4.7131694732         3.0524330552
        1.1005992000         2.9100000000         1.4577986908         4.7259288605         3.1189203795
        1.1055414000         2.9100000000         1.4526940371         4.7386882478         2.9859457310
        1.1106112000         2.9100000000         1.4629033445         4.7539995125         3.2518950279
        1.1156669000         2.9100000000         1.4603510177         4.7667588998         3.1854077037
        1.1207489000         2.9100000000         1.4424847297         4.7718626547         2.7199964341
        1.1254747000         2.9100000000         1.4680079982         4.7922776744         3.3848696764
        1.1305768000         2.9100000000         1.4501417102         4.7948295519         2.9194584068
        1.1355696000         2.9100000000         1.4654556714         4.8050370617         3.3183823522
        1.1406367000         2.9100000000         1.4501417102         4.8203483265         2.9194584068
        1.1456741000         2.9100000000         1.4552463639         4.8331077137         3.0524330552
        1.1508275000         2.9100000000         1.4577986908         4.8560746109         3.1189203795
        1.1556733000         2.9100000000         1.4424847297         4.8637302433         2.7199964341
        1.1605276000         2.9100000000         1.4603510177         4.8739377531         3.1854077037
        1.1654914000         2.9100000000         1.4552463639         4.8918008953         3.0524330552
        1.1704762000         2.9100000000         1.4475893834         4.8943527728         2.8529710826
        1.1755061000         2.9100000000         1.4552463639         4.9071121601         3.0524330552
        1.1805182000         2.9100000000         1.4475893834         4.9224234248         2.8529710826
        1.1854728000         2.9100000000         1.4526940371         4.9351828121         2.9859457310
        1.1905060000         2.9100000000         1.4475893834         4.9479421994         2.8529710826
        1.1954645000         2.9100000000         1.4526940371         4.9581497092         2.9859457310
        1.2004895000         2.9100000000         1.4526940371         4.9734609740         2.9859457310
        1.2057132000         2.9100000000         1.4450370565         4.9760128515         2.7864837583
        1.2105652000         2.9100000000         1.4475893834         4.9862203613         2.8529710826
        1.2156877000         2.9100000000         1.4552463639         5.0040835035         3.0524330552
        1.2204977000         2.9100000000         1.4475893834         5.0066353810         2.8529710826
        1.2254583000         2.9100000000         1.4603510177         5.0066353810         3.1854077037
        1.2304519000         2.9100000000         1.4577986908         5.0142910133         3.1189203795
        1.2354993000         2.9100000000         1.4475893834         5.0015316260         2.8529710826
        1.2404526000         2.9100000000         1.4475893834         5.0066353810         2.8529710826
        1.2455268000         2.9100000000         1.4629033445         5.0142910133         3.2518950279
        1.2505350000         2.9100000000         1.4475893834         5.0040835035         2.8529710826
        1.2555523000         2.9100000000         1.4475893834         4.9989797486         2.8529710826
        1.2605850000         2.9100000000         1.4501417102         5.0040835035         2.9194584068
        1.2655582000         2.9100000000         1.4552463639         5.0040835035         3.0524330552
        1.2704830000         2.9100000000         1.4501417102         4.9964278711         2.9194584068
        1.2755842000         2.9100000000         1.4501417102         1.0971591138         2.9194584068
        1.2804179000         2.9100000000         1.4552463639         1.1073666236         3.0524330552
        1.2854746000         2.9100000000         1.4475893834         1.1099185011         2.8529710826
        1.2905947000         2.9100000000         1.4577986908         1.1175741334         3.1189203795
        1.2955004000         2.9100000000         1.4552463639         1.1201260109         3.0524330552
        1.3005552000         2.9100000000         1.4475893834         0.0024036839         2.8529710826
        1.3055990000         2.9100000000         1.4501417102         0.0024036839         2.9194584068
        1.3105663000         2.9100000000         1.4475893834         0.0024036839         2.8529710826
        1.3155349000         2.9100000000         1.4526940371        -0.0001481936         2.9859457310
        1.3207190000         2.9100000000         1.4501417102        -0.0052519485         2.9194584068
        1.3255031000         2.9100000000         1.4629033445         0.0075074388         3.2518950279
        1.3304913000         2.9100000000         1.4552463639        -0.0001481936         3.0524330552
        1.3354740000         2.9100000000         1.4552463639         0.0075074388         3.0524330552
        1.3404961000         2.9100000000         1.4450370565        -0.0027000711         2.7864837583
        1.3454816000         2.9100000000         1.4552463639         0.0024036839         3.0524330552
        1.3506603000         2.9100000000         1.4475893834         0.0126111937         2.8529710826
        1.3555748000         2.9100000000         1.4577986908         0.0177149486         3.1189203795
        1.3617660000         2.9100000000         1.4501417102         0.0381299683         2.9194584068
        1.3655244000         2.9100000000         1.4501417102         0.0432337232         2.9194584068
        1.3704838000         2.9100000000         1.4603510177         0.0483374781         3.1854077037
        1.3757606000         2.9100000000         1.4526940371         0.0662006203         2.9859457310
        1.3804557000         2.9100000000         1.4552463639         0.0789600076         3.0524330552
        1.3855470000         2.9100000000         1.4475893834         0.0840637625         2.8529710826
        1.3905075000         2.9100000000         1.4552463639         0.1019269048         3.0524330552
        1.3954774000         2.9100000000         1.4501417102         0.1146862920         2.9194584068
        1.4005163000         2.9100000000         1.4501417102         0.1248938019         2.9194584068
        1.4055129000         2.9100000000         1.4577986908         0.1427569441         3.1189203795
        1.4105561000         2.9100000000         1.4424847297         0.1427569441         2.7199964341
        1.4157161000         2.9100000000         1.4577986908         0.1657238412         3.1189203795
        1.4205265000         2.9100000000         1.4526940371         0.1733794736         2.9859457310
        1.4256057000         2.9100000000         1.4450370565         0.1784832285         2.7864837583
        1.4305027000         2.9100000000         1.4526940371         0.2014501257         2.9859457310
        1.4355737000         2.9100000000         1.4475893834         0.1988982482         2.8529710826
        1.4407104000         2.9100000000         1.4475893834         0.2193132679         2.8529710826
        1.4454422000         2.9100000000         1.4450370565         0.2244170228         2.7864837583
        1.4504605000         2.9100000000         1.4450370565         0.2371764101         2.7864837583
        1.4554831000         2.9100000000         1.4501417102         0.2550395523         2.9194584068
        1.4604672000         2.9100000000         1.4552463639         0.2703508170         3.0524330552
        1.4654922000         2.9100000000         1.4501417102         0.2780064494         2.9194584068
        1.4705217000         2.9100000000         1.4450370565         0.2907658367         2.7864837583
        1.4754590000         2.9100000000         1.4629033445         0.3060771015         3.2518950279
        1.4804881000         2.9100000000         1.4450370565         0.3060771015         2.7864837583
        1.4855716000         2.9100000000         1.4526940371         0.3239402437         2.9859457310
        1.4905398000         2.9100000000         1.4475893834         0.3315958761         2.8529710826
        1.4955102000         2.9100000000         1.4526940371         0.3443552634         2.9859457310
        1.5005277000         2.9100000000         1.4603510177         0.3647702830         3.1854077037
        1.5055039000         2.9100000000         1.4552463639         0.3775296703         3.0524330552
        1.5105505000         2.9100000000         1.4526940371         0.3800815478         2.9859457310
        1.5155186000         2.9100000000         1.4552463639         0.3928409351         3.0524330552
        1.5204905000         2.9100000000         1.4603510177         0.4132559548         3.1854077037
        1.5255328000         2.9100000000         1.4603510177         0.4234634646         3.1854077037
        1.5304301000         2.9100000000         1.4935312668         0.4285672195         4.0497429186
        1.5355245000         2.9100000000         1.4552463639         0.4387747293         3.0524330552
        1.5405260000         2.9100000000         1.4526940371         0.4464303617         2.9859457310
        1.5454525000         2.9100000000         1.4629033445         0.4693972588         3.2518950279
        1.5505224000         2.9100000000         1.4501417102         0.4745010138         2.9194584068
        1.5554745000         2.9100000000         1.4552463639         0.4898122785         3.0524330552
        1.5605062000         2.9100000000         1.4603510177         0.5051235433         3.1854077037
        1.5655801000         2.9100000000         1.4526940371         0.5204348080         2.9859457310
        1.5704943000         2.9100000000         1.4603510177         0.5306423179         3.1854077037
        1.5754933000         2.9100000000         1.4450370565         0.5357460728         2.7864837583
        1.5805354000         2.9100000000         1.4552463639         0.5434017052         3.0524330552
        1.5854597000         2.9100000000         1.4552463639         0.5587129699         3.0524330552
        1.5904821000         2.9100000000         1.4475893834         0.5638167248         2.8529710826
        1.5955075000         2.9100000000         1.4552463639         0.5842317445         3.0524330552
        1.6005437000         2.9100000000         1.4577986908         0.5944392543         3.1189203795
        1.6056211000         2.9100000000         1.4577986908         0.6071986416         3.1189203795
        1.6104078000         2.9100000000         1.4577986908         0.6174061515         3.1189203795
        1.6154623000         2.9100000000         1.4603510177         0.6352692937         3.1854077037
        1.6206822000         2.9100000000         1.4552463639         0.6378211711         3.0524330552
        1.6254696000         2.9100000000         1.4577986908         0.6582361908         3.1189203795
        1.6307291000         2.9100000000         1.4577986908         0.6633399457         3.1189203795
        1.6354296000         2.9100000000         1.4629033445         0.6888587203         3.2518950279
        1.6404622000         2.9100000000         1.4577986908         0.6914105978         3.1189203795
        1.6454410000         2.9100000000         1.4680079982         0.7118256175         3.3848696764
        1.6505042000         2.9100000000         1.4577986908         0.7220331273         3.1189203795
        1.6554453000         2.9100000000         1.4552463639         0.7220331273         3.0524330552
        1.6605042000         2.9100000000         1.4577986908         0.7475519019         3.1189203795
        1.6654711000         2.9100000000         1.4552463639         0.7552075343         3.0524330552
        1.6705392000         2.9100000000         1.4552463639         0.7654150441         3.0524330552
        1.6754899000         2.9100000000         1.4526940371         0.7781744314         2.9859457310
        1.6805411000         2.9100000000         1.4629033445         0.7858300638         3.2518950279
        1.6854651000         2.9100000000         1.4424847297         0.7934856961         2.7199964341
        1.6905299000         2.9100000000         1.4526940371         0.8062450834         2.9859457310
        1.6954827000         2.9100000000         1.4552463639         0.8241082257         3.0524330552
        1.7004775000         2.9100000000         1.4603510177         0.8419713679         3.1854077037
        1.7055221000         2.9100000000         1.4552463639         0.8470751228         3.0524330552
        1.7104965000         2.9100000000         1.4526940371         0.8521788777         2.9859457310
        1.7155060000         2.9100000000         1.4552463639         0.8649382650         3.0524330552
        1.7204945000         2.9100000000         1.4475893834         0.8828014072         2.8529710826
        1.7255794000         2.9100000000         1.4399324028         0.8904570396         2.6535091099
        1.7305379000         2.9100000000         1.4475893834         0.8955607945         2.8529710826
        1.7355158000         2.9100000000         1.4450370565         0.9134239367         2.7864837583
        1.7404831000         2.9100000000         1.4501417102         0.9312870789         2.9194584068
        1.7460551000         2.9100000000         1.4399324028         0.9338389564         2.6535091099
        1.7505021000         2.9100000000         1.4348277491         0.9389427113         2.5205344614
        1.7554997000         2.9100000000         1.4373800759         0.9619096084         2.5870217857
        1.7609384000         2.9100000000         1.4373800759         0.9644614859         2.5870217857
        1.7656196000         2.9100000000         1.4067521537         0.9746689957         1.7891738949
        1.7707077000         2.9100000000         1.4297230954         0.9848765056         2.3875598130
        1.7755198000         2.9100000000         1.4271707685         0.9925321379         2.3210724888
        1.7805346000         2.9100000000         1.4220661148         1.0001877703         2.1880978403
        1.7855008000         2.9100000000         1.4271707685         1.0129471576         2.3210724888
        1.7904971000         2.9100000000         1.4271707685         1.0154990351         2.3210724888
        1.7955444000         2.9100000000         1.4220661148         1.0180509125         2.1880978403
        1.8004501000         2.9100000000         1.4144091342         1.0257065449         1.9886358676
        1.8055405000         2.9100000000         1.4271707685         1.0461215646         2.3210724888
        1.8105557000         2.9100000000         1.4220661148         1.0486734420         2.1880978403
        1.8154443000         2.9100000000         1.4118568074         1.0512253195         1.9221485434
        1.8204404000         2.9100000000         1.4322754222         1.0665365843         2.4540471372
        1.8254514000         2.9100000000         1.4271707685         1.0767440941         2.3210724888
        1.8304880000         2.9100000000         1.4271707685         1.0843997265         2.3210724888
        1.8354180000         2.9100000000         1.4322754222         1.0946072363         2.4540471372
        1.8404340000         2.9100000000         1.4271707685         1.0946072363         2.3210724888
        1.8455883000         2.9100000000         1.4297230954         1.1124703785         2.3875598130
        1.8505775000         2.9100000000         1.4373800759         1.1277816433         2.5870217857
        1.8555427000         2.9100000000         1.4297230954         1.1252297658         2.3875598130
        1.8604763000         2.9100000000         1.4348277491         1.1354372756         2.5205344614
        1.8656069000         2.9100000000         1.4705603251         1.1481966629         3.4513570006
        1.8705771000         2.9100000000         1.4322754222         1.1533004179         2.4540471372
        1.8754670000         2.9100000000         1.4399324028         1.1762673150         2.6535091099
        1.8805216000         2.9100000000         1.4424847297         1.1762673150         2.7199964341
        1.8854848000         2.9100000000         1.4322754222         1.1890267023         2.4540471372
        1.8904698000         2.9100000000         1.4348277491         1.1915785797         2.5205344614
        1.8954963000         2.9100000000         1.4322754222         1.2043379670         2.4540471372
        1.9005597000         2.9100000000         1.4373800759         1.2196492318         2.5870217857
        1.9055661000         2.9100000000         1.4373800759         1.2222011093         2.5870217857
        1.9105154000         2.9100000000         1.4475893834         1.2426161289         2.8529710826
        1.9156737000         2.9100000000         1.4373800759         1.2451680064         2.5870217857
        1.9205206000         2.9100000000         1.4501417102         1.2630311486         2.9194584068
        1.9254505000         2.9100000000         1.4450370565         1.2655830261         2.7864837583
        1.9305321000         2.9100000000         1.4424847297         1.2783424134         2.7199964341
        1.9354577000         2.9100000000         1.4399324028         1.2859980457         2.6535091099
        1.9406212000         2.9100000000         1.4450370565         1.2962055556         2.7864837583
        1.9454770000         2.9100000000         1.4399324028         1.3064130654         2.6535091099
        1.9504833000         2.9100000000         1.4399324028         1.3115168203         2.6535091099
        1.9554730000         2.9100000000         1.4424847297         1.3344837175         2.7199964341
        1.9604136000         2.9100000000         1.4424847297         1.3370355949         2.7199964341
        1.9654751000         2.9100000000         1.4399324028         1.3421393498         2.6535091099
        1.9704991000         2.9100000000         1.4552463639         1.3625543695         3.0524330552
        1.9754788000         2.9100000000         1.4450370565         1.3702100019         2.7864837583
        1.9804567000         2.9100000000         1.4552463639         1.3880731441         3.0524330552
        1.9854765000         2.9100000000         1.4450370565         1.3957287765         2.7864837583
        1.9904626000         2.9100000000         1.4475893834         1.4059362863         2.8529710826
        1.9954983000         2.9100000000         1.4475893834         1.4110400412         2.8529710826
        2.0005811000         2.9100000000         1.4501417102         1.4263513060         2.9194584068
        2.0055423000         2.9100000000         1.4501417102         1.4365588158         2.9194584068
        2.0105020000         2.9100000000         1.4526940371         1.4518700806         2.9859457310
        2.0154470000         2.9100000000         1.4501417102         1.4595257129         2.9194584068
        2.0205734000         2.9100000000         1.4501417102         1.4697332228         2.9194584068
        2.0254932000         2.9100000000         1.4450370565         1.4824926101         2.7864837583
        2.0304257000         2.9100000000         1.4475893834         1.4927001199         2.8529710826
        2.0355419000         2.9100000000         1.4577986908         1.5029076297         3.1189203795
        2.0404448000         2.9100000000         1.4501417102         1.5080113847         2.9194584068
        2.0456222000         2.9100000000         1.4526940371         1.5258745269         2.9859457310
        2.0505199000         2.9100000000         1.4475893834         1.5309782818         2.8529710826
        2.0555267000         2.9100000000         1.4450370565         1.5462895465         2.7864837583
        2.0604534000         2.9100000000         1.4501417102         1.5513933015         2.9194584068
        2.0655064000         2.9100000000         1.4501417102         1.5667045662         2.9194584068
        2.0706451000         2.9100000000         1.4501417102         1.5820158310         2.9194584068
        2.0755714000         2.9100000000         1.4475893834         1.5922233408         2.8529710826
        2.0804891000         2.9100000000         1.4424847297         1.5947752183         2.7199964341
        2.0856959000         2.9100000000         1.4501417102         1.6126383605         2.9194584068
        2.0904945000         2.9100000000         1.4526940371         1.6253977478         2.9859457310
        2.0955470000         2.9100000000         1.4526940371         1.6356052576         2.9859457310
        2.1005301000         2.9100000000         1.4501417102         1.6458127674         2.9194584068
        2.1056884000         2.9100000000         1.4577986908         1.6636759097         3.1189203795
        2.1105376000         2.9100000000         1.4501417102         1.6687796646         2.9194584068
        2.1156771000         2.9100000000         1.4577986908         1.6891946843         3.1189203795
        2.1205451000         2.9100000000         1.4654556714         1.6968503166         3.3183823522
        2.1256907000         2.9100000000         1.4577986908         1.7019540715         3.1189203795
        2.1304476000         2.9100000000         1.4629033445         1.7198172138         3.2518950279
        2.1355221000         2.9100000000         1.4577986908         1.7325766011         3.1189203795
        2.1405300000         2.9100000000         1.4629033445         1.7351284785         3.2518950279
        2.1456413000         2.9100000000         1.4501417102         1.7504397433         2.9194584068
        2.1505822000         2.9100000000         1.4501417102         1.7529916207         2.9194584068
        2.1555202000         2.9100000000         1.4884266131         1.7708547629         3.9167682702
        2.1605001000         2.9100000000         1.4526940371         1.7759585179         2.9859457310
        2.1655626000         2.9100000000         1.4603510177         1.8014772924         3.1854077037
        2.1706459000         2.9100000000         1.4526940371         1.8014772924         2.9859457310
        2.1755200000         2.9100000000         1.4577986908         1.8193404347         3.1189203795
        2.1805546000         2.9100000000         1.4450370565         1.8372035769         2.7864837583
        2.1856804000         2.9100000000         1.4629033445         1.8499629642         3.2518950279
        2.1906515000         2.9100000000         1.4705603251         1.8601704740         3.4513570006
        2.1956362000         2.9100000000         1.4552463639         1.8627223515         3.0524330552
        2.2005187000         2.9100000000         1.4629033445         1.8831373711         3.2518950279
        2.2055614000         2.9100000000         1.4603510177         1.8882411261         3.1854077037
        2.2106691000         2.9100000000         1.4577986908         1.9061042683         3.1189203795
        2.2154592000         2.9100000000         1.4577986908         1.9086561457         3.1189203795
        2.2205175000         2.9100000000         1.4680079982         1.9290711654         3.3848696764
        2.2256168000         2.9100000000         1.4705603251         1.9392786752         3.4513570006
        2.2305654000         2.9100000000         1.4552463639         1.9392786752         3.0524330552
        2.2357471000         2.9100000000         1.4680079982         1.9647974498         3.3848696764
        2.2405073000         2.9100000000         1.4552463639         1.9647974498         3.0524330552
        2.2456406000         2.9100000000         1.4577986908         1.9775568371         3.1189203795
        2.2505844000         2.9100000000         1.4884266131         1.9954199793         3.9167682702
        2.2556800000         2.9100000000         1.4629033445         2.0056274892         3.2518950279
        2.2605472000         2.9100000000         1.4603510177         2.0209387539         3.1854077037
        2.2656533000         2.9100000000         1.4705603251         2.0362500187         3.4513570006
        2.2706563000         2.9100000000         1.4603510177         2.0439056511         3.1854077037
        2.2756476000         2.9100000000         1.4654556714         2.0592169158         3.3183823522
        2.2805546000         2.9100000000         1.4680079982         2.0770800580         3.3848696764
        2.2858682000         2.9100000000         1.4526940371         2.0847356904         2.9859457310
        2.2906886000         2.9100000000         1.4680079982         2.1000469552         3.3848696764
        2.2956399000         2.9100000000         1.4526940371         2.1025988326         2.9859457310
        2.3005356000         2.9100000000         1.4501417102         2.1128063424         2.9194584068
        2.3055055000         2.9100000000         1.4629033445         2.1281176072         3.2518950279
        2.3104847000         2.9100000000         1.4577986908         2.1383251170         3.1189203795
        2.3155011000         2.9100000000         1.4526940371         2.1510845043         2.9859457310
        2.3204724000         2.9100000000         1.4629033445         2.1638438916         3.2518950279
        2.3256125000         2.9100000000         1.4552463639         2.1766032789         3.0524330552
        2.3306365000         2.9100000000         1.4501417102         2.1842589113         2.9194584068
        2.3356396000         2.9100000000         1.4475893834         2.1919145437         2.8529710826
        2.3405069000         2.9100000000         1.4629033445         2.2123295633         3.2518950279
        2.3456359000         2.9100000000         1.4629033445         2.2327445830         3.2518950279
        2.3504927000         2.9100000000         1.4475893834         2.2301927056         2.8529710826
        2.3556105000         2.9100000000         1.4577986908         2.2455039703         3.1189203795
        2.3606247000         2.9100000000         1.4526940371         2.2582633576         2.9859457310
        2.3656052000         2.9100000000         1.4501417102         2.2710227449         2.9194584068
        2.3705328000         2.9100000000         1.4629033445         2.2837821322         3.2518950279
        2.3755622000         2.9100000000         1.4603510177         2.3041971519         3.1854077037
        2.3805082000         2.9100000000         1.4526940371         2.3067490293         2.9859457310
        2.3857645000         2.9100000000         1.4475893834         2.3169565392         2.8529710826
        2.3905847000         2.9100000000         1.4577986908         2.3297159265         3.1189203795
        2.3955050000         2.9100000000         1.4475893834         2.3399234363         2.8529710826
        2.4005524000         2.9100000000         1.4552463639         2.3526828236         3.0524330552
        2.4055868000         2.9100000000         1.4552463639         2.3730978433         3.0524330552
        2.4106721000         2.9100000000         1.4603510177         2.3807534756         3.1854077037
        2.4156486000         2.9100000000         1.4475893834         2.3858572306         2.8529710826
        2.4205145000         2.9100000000         1.4450370565         2.3960647404         2.7864837583
        2.4256480000         2.9100000000         1.4603510177         2.4164797601         3.1854077037
        2.4305955000         2.9100000000         1.4501417102         2.4266872699         2.9194584068
        2.4356639000         2.9100000000         1.4526940371         2.4317910248         2.9859457310
        2.4405869000         2.9100000000         1.4526940371         2.4445504121         2.9859457310
        2.4455885000         2.9100000000         1.4475893834         2.4471022896         2.8529710826
        2.4506410000         2.9100000000         1.4577986908         2.4726210642         3.1189203795
        2.4555581000         2.9100000000         1.4424847297         2.4726210642         2.7199964341
        2.4604513000         2.9100000000         1.4577986908         2.4955879613         3.1189203795
        2.4654550000         2.9100000000         1.4526940371         2.5006917162         2.9859457310
        2.4704944000         2.9100000000         1.4526940371         2.5160029810         2.9859457310
        2.4755003000         2.9100000000         1.4603510177         2.5313142457         3.1854077037
        2.4804083000         2.9100000000         1.4577986908         2.5389698781         3.1189203795
        2.4854637000         2.9100000000         1.4450370565         2.5440736330         2.7864837583
        2.4905575000         2.9100000000         1.4577986908         2.5670405302         3.1189203795
        2.4954925000         2.9100000000         1.4501417102         2.5644886527         2.9194584068
        2.5004414000         2.9100000000         1.4552463639         2.5823517949         3.0524330552
        2.5055174000         2.9100000000         1.4501417102         2.5874555498         2.9194584068
        2.5105760000         2.9100000000         1.4475893834         2.6002149371         2.8529710826
        2.5154781000         2.9100000000         1.4603510177         2.6180780793         3.1854077037
        2.5205282000         2.9100000000         1.4501417102         2.6257337117         2.9194584068
        2.5255438000         2.9100000000         1.4475893834         2.6359412215         2.8529710826
        2.5305048000         2.9100000000         1.4629033445         2.6563562412         3.2518950279
        2.5354705000         2.9100000000         1.4475893834         2.6614599961         2.8529710826
        2.5404632000         2.9100000000         1.4654556714         2.6844268933         3.3183823522
        2.5455621000         2.9100000000         1.4577986908         2.6895306482         3.1189203795
        2.5504900000         2.9100000000         1.4577986908         2.6997381580         3.1189203795
        2.5555224000         2.9100000000         1.4501417102         2.7048419129         2.9194584068
        2.5605317000         2.9100000000         1.4526940371         2.7278088101         2.9859457310
        2.5654385000         2.9100000000         1.4756649788         2.7303606875         3.5843316491
        2.5705372000         2.9100000000         1.4501417102         2.7456719523         2.9194584068
        2.5754849000         2.9100000000         1.4603510177         2.7635350945         3.1854077037
        2.5805039000         2.9100000000         1.4629033445         2.7737426043         3.2518950279
        2.5854559000         2.9100000000         1.4629033445         2.7916057465         3.2518950279
        2.5904757000         2.9100000000         1.4603510177         2.8043651338         3.1854077037
        2.5955379000         2.9100000000         1.4629033445         2.8196763986         3.2518950279
        2.6004758000         2.9100000000         1.4552463639         2.8145726437         3.0524330552
        2.6055151000         2.9100000000         1.4629033445         2.8349876633         3.2518950279
        2.6105270000         2.9100000000         1.4577986908         2.8502989281         3.1189203795
        2.6154830000         2.9100000000         1.4577986908         2.8605064379         3.1189203795
        2.6204990000         2.9100000000         1.4552463639         2.8681620703         3.0524330552
        2.6254775001         2.9100000000         1.4654556714         2.8936808449         3.3183823522
        2.6306096000         2.9100000000         1.4552463639         2.8911289674         3.0524330552
        2.6354615000         2.9100000000         1.4577986908         2.9089921097         3.1189203795
        2.6405042000         2.9100000000         1.4629033445         2.9217514970         3.2518950279
        2.6455318000         2.9100000000         1.4629033445         2.9345108842         3.2518950279
        2.6505302000         2.9100000000         1.4629033445         2.9472702715         3.2518950279
        2.6556548000         2.9100000000         1.4577986908         2.9600296588         3.1189203795
        2.6605216000         2.9100000000         1.4654556714         2.9702371687         3.3183823522
        2.6656029000         2.9100000000         1.4680079982         2.9906521883         3.3848696764
        2.6706358000         2.9100000000         1.4552463639         2.9957559433         3.0524330552
        2.6756940000         2.9100000000         1.4629033445         3.0034115756         3.2518950279
        2.6806552000         2.9100000000         1.4629033445         3.0212747179         3.2518950279
        2.6856470000         2.9100000000         1.4552463639         3.0289303502         3.0524330552
        2.6905560000         2.9100000000         1.4629033445         3.0467934924         3.2518950279
        2.6956348000         2.9100000000         1.4756649788         3.0621047572         3.5843316491
        2.7006284000         2.9100000000         1.4526940371         3.0672085121         2.9859457310
        2.7055065000         2.9100000000         1.4654556714         3.0850716543         3.3183823522
        2.7105774000         2.9100000000         1.4603510177         3.0927272867         3.1854077037
        2.7155319000         2.9100000000         1.4654556714         3.1182460613         3.3183823522
        2.7205611000         2.9100000000         1.4654556714         3.1207979388         3.3183823522
        2.7255036000         2.9100000000         1.4705603251         3.1437648359         3.4513570006
        2.7305223000         2.9100000000         1.4552463639         3.1437648359         3.0524330552
        2.7354819000         2.9100000000         1.4654556714         3.1590761006         3.3183823522
        2.7404943000         2.9100000000         1.4654556714         3.1769392429         3.3183823522
        2.7454992000         2.9100000000         1.4705603251         3.1922505076         3.4513570006
        2.7504245000         2.9100000000         1.4629033445         3.1973542625         3.2518950279
        2.7554552000         2.9100000000         1.4731126519         3.2177692822         3.5178443248
        2.7605670000         2.9100000000         1.4629033445         3.2228730371         3.2518950279
        2.7655498000         2.9100000000         1.4654556714         3.2356324244         3.3183823522
        2.7705444000         2.9100000000         1.4399324028         3.2458399342         2.6535091099
        2.7754340000         2.9100000000         1.4629033445         3.2611511990         3.2518950279
        2.7804686000         2.9100000000         1.4654556714         3.2764624638         3.3183823522
        2.7855405000         2.9100000000         1.4629033445         3.2866699736         3.2518950279
        2.7905338000         2.9100000000         1.4680079982         3.2968774834         3.3848696764
        2.7954935000         2.9100000000         1.4629033445         3.3121887482         3.2518950279
        2.8005158000         2.9100000000         1.4654556714         3.3300518904         3.3183823522
        2.8055205000         2.9100000000         1.4680079982         3.3351556453         3.3848696764
        2.8104776000         2.9100000000         1.4526940371         3.3428112777         2.9859457310
        2.8155706000         2.9100000000         1.4603510177         3.3632262974         3.1854077037
        2.8205274000         2.9100000000         1.4629033445         3.3759856847         3.2518950279
        2.8255576000         2.9100000000         1.4603510177         3.3836413170         3.1854077037
        2.8304561000         2.9100000000         1.4603510177         3.4015044592         3.1854077037
        2.8354989000         2.9100000000         1.4731126519         3.4193676015         3.5178443248
        2.8405884000         2.9100000000         1.4629033445         3.4295751113         3.2518950279
        2.8456918000         2.9100000000         1.4501417102         3.4295751113         2.9194584068
        2.8505671000         2.9100000000         1.4629033445         3.4499901310         3.2518950279
        2.8554963000         2.9100000000         1.4629033445         3.4627495183         3.2518950279
        2.8605251000         2.9100000000         1.5037405742         3.4806126605         4.3156922156
        2.8654239000         2.9100000000         1.4629033445         3.4857164154         3.2518950279
        2.8705430000         2.9100000000         1.4373800759         3.4933720478         2.5870217857
        2.8754871000         2.9100000000         1.4577986908         3.5086833125         3.1189203795
        2.8805017000         2.9100000000         1.4577986908         3.5137870674         3.1189203795
        2.8856158000         2.9100000000         1.4756649788         3.5418577195         3.5843316491
        2.8905543000         2.9100000000         1.4680079982         3.5546171068         3.3848696764
        2.8955364000         2.9100000000         1.4654556714         3.5673764941         3.3183823522
        2.9005127000         2.9100000000         1.4756649788         3.5775840039         3.5843316491
        2.9055643000         2.9100000000         1.4680079982         3.5928952687         3.3848696764
        2.9105212000         2.9100000000         1.4680079982         3.5979990236         3.3848696764
        2.9155223000         2.9100000000         1.4603510177         3.6056546560         3.1854077037
        2.9205198000         2.9100000000         1.4552463639         3.6184140433         3.0524330552
        2.9254636000         2.9100000000         1.4654556714         3.6362771855         3.3183823522
        2.9305949000         2.9100000000         1.4603510177         3.6490365728         3.1854077037
        2.9354918000         2.9100000000         1.4526940371         3.6566922051         2.9859457310
        2.9405605000         2.9100000000         1.4526940371         3.6694515924         2.9859457310
        2.9455050000         2.9100000000         1.4680079982         3.6873147347         3.3848696764
        2.9505554000         2.9100000000         1.4577986908         3.6975222445         3.1189203795
        2.9555425000         2.9100000000         1.4654556714         3.7153853867         3.3183823522
        2.9604938000         2.9100000000         1.4526940371         3.7153853867         2.9859457310
        2.9655028000         2.9100000000         1.4577986908         3.7358004064         3.1189203795
        2.9708086000         2.9100000000         1.4680079982         3.7511116711         3.3848696764
        2.9754931000         2.9100000000         1.4552463639         3.7485597937         3.0524330552
        2.9805069000         2.9100000000         1.4629033445         3.7740785683         3.2518950279
        2.9854909000         2.9100000000         1.4629033445         3.7893898330         3.2518950279
        2.9905038000         2.9100000000         1.4577986908         3.7944935879         3.1189203795
        2.9954904000         2.9100000000         1.4526940371         3.7995973429         2.9859457310
        3.0004365000         2.9100000000         1.4603510177         3.8174604851         3.1854077037
        3.0054783000         2.9100000000         1.4577986908         3.8302198724         3.1189203795
        3.0104383000         2.9100000000         1.4654556714         3.8480830146         3.3183823522
        3.0155032000         2.9100000000         1.4654556714         3.8531867695         3.3183823522
        3.0204577000         2.9100000000         1.4526940371         3.8633942793         2.9859457310
        3.0254914000         2.9100000000         1.4603510177         3.8838092990         3.1854077037
        3.0304858000         2.9100000000         1.4501417102         3.8838092990         2.9194584068
        3.0354478000         2.9100000000         1.4552463639         3.9042243187         3.0524330552
        3.0404644000         2.9100000000         1.4526940371         3.9118799510         2.9859457310
        3.0455455000         2.9100000000         1.4526940371         3.9246393383         2.9859457310
        3.0505093000         2.9100000000         1.4577986908         3.9348468482         3.1189203795
        3.0555423000         2.9100000000         1.4577986908         3.9552618679         3.1189203795
        3.0605204000         2.9100000000         1.4577986908         3.9603656228         3.1189203795
        3.0656040000         2.9100000000         1.4603510177         3.9807806424         3.1854077037
        3.0706409000         2.9100000000         1.4552463639         3.9833325199         3.0524330552
        3.0755174000         2.9100000000         1.4552463639         3.9935400297         3.0524330552
        3.0805083000         2.9100000000         1.4501417102         4.0037475396         2.9194584068
        3.0855349000         2.9100000000         1.4501417102         4.0139550494         2.9194584068
        3.0904750000         2.9100000000         1.4501417102         4.0318181916         2.9194584068
        3.0954735000         2.9100000000         1.4501417102         4.0369219465         2.9194584068
        3.1005024000         2.9100000000         1.4552463639         4.0547850888         3.0524330552
        3.1055457000         2.9100000000         1.4526940371         4.0649925986         2.9859457310
        3.1104722000         2.9100000000         1.4501417102         4.0777519859         2.9194584068
        3.1154607000         2.9100000000         1.4475893834         4.0828557408         2.8529710826
        3.1204842000         2.9100000000         1.4450370565         4.1007188830         2.7864837583
        3.1254448000         2.9100000000         1.4577986908         4.1160301478         3.1189203795
        3.1304310000         2.9100000000         1.4552463639         4.1185820252         3.0524330552
        3.1357417000         2.9100000000         1.4577986908         4.1441007998         3.1189203795
        3.1404848000         2.9100000000         1.4552463639         4.1466526773         3.0524330552
        3.1454132000         2.9100000000         1.4526940371         4.1594120646         2.9859457310
        3.1507765000         2.9100000000         1.4552463639         4.1696195744         3.0524330552
        3.1555207000         2.9100000000         1.4475893834         4.1747233293         2.8529710826
        3.1604574000         2.9100000000         1.4552463639         4.1951383490         3.0524330552
        3.1654344001         2.9100000000         1.4475893834         4.1976902265         2.8529710826
        3.1704570000         2.9100000000         1.4577986908         4.2155533687         3.1189203795
        3.1755025000         2.9100000000         1.4526940371         4.2257608785         2.9859457310
        3.1804777000         2.9100000000         1.4552463639         4.2410721433         3.0524330552
        3.1854344000         2.9100000000         1.4526940371         4.2512796531         2.9859457310
        3.1905367000         2.9100000000         1.4577986908         4.2640390404         3.1189203795
        3.1984494000         2.9100000000         1.4577986908         4.2895578150         3.1189203795
        3.2004583000         2.9100000000         1.4577986908         4.2844540601         3.1189203795
        3.2063906000         2.9100000000         1.4475893834         4.2946615699         2.8529710826
        3.2104567000         2.9100000000         1.4475893834         4.3023172023         2.8529710826
        3.2154266000         2.9100000000         1.4475893834         4.3201803445         2.8529710826
        3.2204443000         2.9100000000         1.4577986908         4.3329397318         3.1189203795
        3.2254787000         2.9100000000         1.4501417102         4.3431472416         2.9194584068
        3.2304765000         2.9100000000         1.4501417102         4.3559066289         2.9194584068
        3.2354760000         2.9100000000         1.4475893834         4.3661141388         2.8529710826
        3.2404816000         2.9100000000         1.4552463639         4.3763216486         3.0524330552
        3.2454744000         2.9100000000         1.4450370565         4.3916329133         2.7864837583
        3.2505258000         2.9100000000         1.4577986908         4.4094960556         3.1189203795
        3.2554397000         2.9100000000         1.4526940371         4.4145998105         2.9859457310
        3.2604462000         2.9100000000         1.4603510177         4.4299110752         3.1854077037
        3.2654644000         2.9100000000         1.4373800759         4.4299110752         2.5870217857
        3.2704682000         2.9100000000         1.4552463639         4.4503260949         3.0524330552
        3.2756524000         2.9100000000         1.4450370565         4.4605336047         2.7864837583
        3.2804836000         2.9100000000         1.4526940371         4.4783967469         2.9859457310
        3.2854928000         2.9100000000         1.4526940371         4.4886042568         2.9859457310
        3.2905542000         2.9100000000         1.4552463639         4.4988117666         3.0524330552
        3.2955436000         2.9100000000         1.4552463639         4.5115711539         3.0524330552
        3.3004430000         2.9100000000         1.4552463639         4.5243305412         3.0524330552
        3.3055659000         2.9100000000         1.4577986908         4.5345380510         3.1189203795
        3.3105215000         2.9100000000         1.4475893834         4.5421936834         2.8529710826
        3.3157864000         2.9100000000         1.4501417102         4.5575049482         2.9194584068
        3.3205175000         2.9100000000         1.4475893834         4.5575049482         2.8529710826
        3.3255501000         2.9100000000         1.4577986908         4.5702643355         3.1189203795
        3.3304836000         2.9100000000         1.4450370565         4.5855756002         2.7864837583
        3.3355739000         2.9100000000         1.4501417102         4.5957831101         2.9194584068
        3.3405953000         2.9100000000         1.4475893834         4.6085424974         2.8529710826
        3.3455176000         2.9100000000         1.4475893834         4.6187500072         2.8529710826
        3.3504923000         2.9100000000         1.4373800759         4.6264056396         2.5870217857
        3.3554699000         2.9100000000         1.4731126519         4.6442687818         3.5178443248
        3.3605296000         2.9100000000         1.4475893834         4.6570281691         2.8529710826
        3.3654842000         2.9100000000         1.4450370565         4.6570281691         2.7864837583
        3.3704595000         2.9100000000         1.4577986908         4.6825469437         3.1189203795
        3.3754596000         2.9100000000         1.4526940371         4.6876506986         2.9859457310
        3.3805151000         2.9100000000         1.4450370565         4.6953063310         2.7864837583
        3.3854776000         2.9100000000         1.4501417102         4.7131694732         2.9194584068
        3.3904868000         2.9100000000         1.4501417102         4.7259288605         2.9194584068
        3.3955007000         2.9100000000         1.4526940371         4.7412401252         2.9859457310
        3.4005526000         2.9100000000         1.4577986908         4.7514476351         3.1189203795
        3.4055284000         2.9100000000         1.4501417102         4.7667588998         2.9194584068
        3.4104748000         2.9100000000         1.4501417102         4.7795182871         2.9194584068
        3.4156305000         2.9100000000         1.4475893834         4.7820701646         2.8529710826
        3.4204356000         2.9100000000         1.4475893834         4.7922776744         2.8529710826
        3.4254596000         2.9100000000         1.4475893834         4.8050370617         2.8529710826
        3.4304974000         2.9100000000         1.4475893834         4.8229002039         2.8529710826
        3.4354842000         2.9100000000         1.4526940371         4.8331077137         2.9859457310
        3.4405007000         2.9100000000         1.4373800759         4.8356595912         2.5870217857
        3.4455587000         2.9100000000         1.4450370565         4.8509708560         2.7864837583
        3.4505208000         2.9100000000         1.4424847297         4.8637302433         2.7199964341
        3.4555444000         2.9100000000         1.4577986908         4.8739377531         3.1189203795
        3.4604178000         2.9100000000         1.4424847297         4.8841452629         2.7199964341
        3.4654886000         2.9100000000         1.4475893834         4.8994565277         2.8529710826
        3.4704892000         2.9100000000         1.4501417102         4.9147677924         2.9194584068
        3.4755377000         2.9100000000         1.4373800759         4.9147677924         2.5870217857
        3.4805588000         2.9100000000         1.4424847297         4.9326309346         2.7199964341
        3.4854824000         2.9100000000         1.4475893834         4.9453903219         2.8529710826
        3.4905220000         2.9100000000         1.4475893834         4.9555978318         2.8529710826
        3.4958010000         2.9100000000         1.4552463639         4.9734609740         3.0524330552
        3.5006401000         2.9100000000         1.4475893834         4.9760128515         2.8529710826
        3.5056530000         2.9100000000         1.4373800759         4.9862203613         2.5870217857
        3.5105167000         2.9100000000         1.4475893834         4.9887722387         2.8529710826
        3.5154816000         2.9100000000         1.4424847297         5.0040835035         2.7199964341
        3.5204921000         2.9100000000         1.4424847297         4.9989797486         2.7199964341
        3.5256820000         2.9100000000         1.4577986908         5.0142910133         3.1189203795
        3.5305585000         2.9100000000         1.4450370565         4.9989797486         2.7864837583
        3.5354651000         2.9100000000         1.4526940371         5.0117391359         2.9859457310
        3.5405614000         2.9100000000         1.4501417102         5.0066353810         2.9194584068
        3.5454700000         2.9100000000         1.4348277491         5.0040835035         2.5205344614
        3.5506087000         2.9100000000         1.4526940371         5.0142910133         2.9859457310
        3.5556275000         2.9100000000         1.4450370565         5.0040835035         2.7864837583
        3.5606607000         2.9100000000         1.4424847297         5.0040835035         2.7199964341
        3.5656869000         2.9100000000         1.4501417102         4.9964278711         2.9194584068
        3.5704758000         2.9100000000         1.4501417102         5.0040835035         2.9194584068
        3.5755644000         2.9100000000         1.4501417102         1.1150222560         2.9194584068
        3.5804844000         2.9100000000         1.4475893834         1.1048147461         2.8529710826
        3.5854814000         2.9100000000         1.4399324028         1.1048147461         2.6535091099
        3.5904680000         2.9100000000         1.4501417102         1.1099185011         2.9194584068
        3.5955375000         2.9100000000         1.4450370565         1.1048147461         2.7864837583
        3.6004988000         2.9100000000         1.4552463639         0.0100593162         3.0524330552
        3.6054817000         2.9100000000         1.4450370565        -0.0052519485         2.7864837583
        3.6104057000         2.9100000000         1.4475893834         0.0024036839         2.8529710826
        3.6154563000         2.9100000000         1.4475893834         0.0024036839         2.8529710826
        3.6204771000         2.9100000000         1.4526940371        -0.0052519485         2.9859457310
        3.6254213000         2.9100000000         1.4526940371        -0.0001481936         2.9859457310
        3.6304260000         2.9100000000         1.4475893834         0.0024036839         2.8529710826
        3.6357147000         2.9100000000         1.4526940371        -0.0027000711         2.9859457310
        3.6404914000         2.9100000000         1.4807696325        -0.0052519485         3.7173062975
        3.6454556000         2.9100000000         1.4629033445         0.0075074388         3.2518950279
        3.6504734000         2.9100000000         1.4450370565         0.0049555613         2.7864837583
        3.6557065000         2.9100000000         1.4577986908         0.0177149486         3.1189203795
        3.6605142000         2.9100000000         1.4603510177         0.0355780908         3.1854077037
        3.6655403000         2.9100000000         1.4552463639         0.0406818457         3.0524330552
        3.6704723000         2.9100000000         1.4629033445         0.0508893556         3.2518950279
        3.6754515000         2.9100000000         1.4501417102         0.0636487429         2.9194584068
        3.6804391000         2.9100000000         1.4552463639         0.0738562527         3.0524330552
        3.6854498000         2.9100000000         1.4552463639         0.0789600076         3.0524330552
        3.6904780000         2.9100000000         1.4629033445         0.1070306597         3.2518950279
        3.6954809000         2.9100000000         1.4603510177         0.1146862920         3.1854077037
        3.7005741000         2.9100000000         1.4475893834         0.1172381695         2.8529710826
        3.7055347000         2.9100000000         1.4577986908         0.1376531892         3.1189203795
        3.7104501000         2.9100000000         1.4782173056         0.1555163314         3.6508189733
        3.7155767000         2.9100000000         1.4577986908         0.1606200863         3.1189203795
        3.7206248000         2.9100000000         1.4577986908         0.1733794736         3.1189203795
        3.7254618000         2.9100000000         1.4526940371         0.1810351060         2.9859457310
        3.7304369000         2.9100000000         1.4450370565         0.1937944933         2.7864837583
        3.7357115000         2.9100000000         1.4731126519         0.2065538806         3.5178443248
        3.7404935000         2.9100000000         1.4475893834         0.2167613904         2.8529710826
        3.7454929000         2.9100000000         1.4603510177         0.2397282875         3.1854077037
        3.7504812000         2.9100000000         1.4552463639         0.2473839199         3.0524330552
        3.7555558000         2.9100000000         1.4629033445         0.2575914298         3.2518950279
        3.7605029000         2.9100000000         1.4552463639         0.2677989396         3.0524330552
        3.7654557000         2.9100000000         1.4629033445         0.2882139593         3.2518950279
        3.7705204000         2.9100000000         1.4629033445         0.3009733466         3.2518950279
        3.7755455000         2.9100000000         1.4629033445         0.3137327338         3.2518950279
        3.7805555000         2.9100000000         1.4603510177         0.3264921211         3.1854077037
        3.7854310000         2.9100000000         1.4577986908         0.3315958761         3.1189203795
        3.7906039000         2.9100000000         1.4603510177         0.3494590183         3.1854077037
        3.7954806000         2.9100000000         1.4526940371         0.3494590183         2.9859457310
        3.8006096000         2.9100000000         1.4577986908         0.3724259154         3.1189203795
        3.8054864000         2.9100000000         1.4629033445         0.3826334252         3.2518950279
        3.8104859000         2.9100000000         1.4475893834         0.3851853027         2.8529710826
        3.8155124000         2.9100000000         1.4526940371         0.4030484449         2.9859457310
        3.8205114000         2.9100000000         1.4603510177         0.4183597097         3.1854077037
        3.8255062000         2.9100000000         1.4577986908         0.4260153420         3.1189203795
        3.8304555000         2.9100000000         1.4552463639         0.4438784843         3.0524330552
        3.8355908000         2.9100000000         1.4450370565         0.4438784843         2.7864837583
        3.8405968000         2.9100000000         1.4654556714         0.4693972588         3.3183823522
        3.8454240000         2.9100000000         1.4501417102         0.4719491363         2.9194584068
        3.8504566000         2.9100000000         1.4629033445         0.4898122785         3.2518950279
        3.8555356000         2.9100000000         1.4475893834         0.4949160334         2.8529710826
        3.8605468000         2.9100000000         1.4526940371         0.5102272982         2.9859457310
        3.8655207000         2.9100000000         1.4501417102         0.5204348080         2.9194584068
        3.8704744000         2.9100000000         1.4501417102         0.5280904404         2.9194584068
        3.8756268000         2.9100000000         1.4603510177         0.5485054601         3.1854077037
        3.8805511000         2.9100000000         1.4475893834         0.5536092150         2.8529710826
        3.8854440000         2.9100000000         1.4501417102         0.5663686023         2.9194584068
        3.8905178000         2.9100000000         1.4552463639         0.5765761121         3.0524330552
        3.8955289000         2.9100000000         1.4552463639         0.5944392543         3.0524330552
        3.9004631000         2.9100000000         1.4450370565         0.5995430093         2.7864837583
        3.9054323000         2.9100000000         1.4577986908         0.6174061515         3.1189203795
        3.9106208000         2.9100000000         1.4501417102         0.6301655388         2.9194584068
        3.9154825000         2.9100000000         1.4629033445         0.6352692937         3.2518950279
        3.9205519000         2.9100000000         1.4577986908         0.6531324359         3.1189203795
        3.9255272000         2.9100000000         1.4450370565         0.6531324359         2.7864837583
        3.9304778000         2.9100000000         1.4526940371         0.6658918232         2.9859457310
        3.9357583000         2.9100000000         1.4424847297         0.6760993330         2.7199964341
        3.9404693000         2.9100000000         1.4475893834         0.6888587203         2.8529710826
        3.9455085000         2.9100000000         1.4654556714         0.7016181076         3.3183823522
        3.9504906000         2.9100000000         1.4450370565         0.7143774949         2.7864837583
        3.9555103000         2.9100000000         1.4577986908         0.7245850047         3.1189203795
        3.9605611000         2.9100000000         1.4399324028         0.7296887597         2.6535091099
        3.9655362000         2.9100000000         1.4577986908         0.7552075343         3.1189203795
        3.9704329000         2.9100000000         1.4450370565         0.7577594117         2.7864837583
        3.9755986000         2.9100000000         1.4475893834         0.7654150441         2.8529710826
        3.9806362000         2.9100000000         1.4603510177         0.7883819412         3.1854077037
        3.9854686000         2.9100000000         1.4577986908         0.7985894511         3.1189203795
        3.9905249000         2.9100000000         1.4450370565         0.7960375736         2.7864837583
        3.9956293000         2.9100000000         1.4577986908         0.8215563482         3.1189203795
        4.0005083000         2.9100000000         1.4475893834         0.8215563482         2.8529710826
