% Sweep Step 48/200  Vcmd=2.2600V  CCW 
% Vg_offset=1.338069V  K_gimbal=26.049690

Time[s]              Vcmd[V]              Vg_raw[V]            Pot[V]             Omega[rad/s]
        0.0018240000         2.2600000000         1.3327346748         4.0879594957        -0.1389585076
        0.0055420000         2.2600000000         1.3327346748         4.0879594957        -0.1389585076
        0.0105909000         2.2600000000         1.3378393285         4.0930632506        -0.0059838592
        0.0155330000         2.2600000000         1.3429439823         4.0981670056         0.1269907893
        0.0205820000         2.2600000000         1.3301823480         4.0854076183        -0.2054458319
        0.0255308000         2.2600000000         1.3378393285         4.0905113732        -0.0059838592
        0.0306064000         2.2600000000         1.3378393285         4.0930632506        -0.0059838592
        0.0356154000         2.2600000000         1.3403916554         4.0956151281         0.0605034650
        0.0406190000         2.2600000000         1.3327346748         4.0879594957        -0.1389585076
        0.0455435000         2.2600000000         1.3301823480         4.0930632506        -0.2054458319
        0.0506242000         2.2600000000         1.2893451183         4.0879594957        -1.2692430195
        0.0556400000         2.2600000000         1.3123160600         4.0879594957        -0.6708571014
        0.0604809000         2.2600000000         1.3097637331         4.0777519859        -0.7373444257
        0.0654619000         2.2600000000         1.3021067526         4.0752001084        -0.9368063984
        0.0706665000         2.2600000000         1.3174207137         4.0803038633        -0.5378824530
        0.0754351000         2.2600000000         1.3046590794         4.0675444760        -0.8703190741
        0.0805441000         2.2600000000         1.3097637331         4.0726482310        -0.7373444257
        0.0854757000         2.2600000000         1.3199730405         4.0752001084        -0.4713951288
        0.0905127000         2.2600000000         1.3148683868         4.0675444760        -0.6043697772
        0.0954635000         2.2600000000         1.3199730405         4.0700963535        -0.4713951288
        0.1004605000         2.2600000000         1.3225253674         4.0624407211        -0.4049078045
        0.1054821000         2.2600000000         1.3148683868         4.0573369662        -0.6043697772
        0.1105069000         2.2600000000         1.3199730405         4.0573369662        -0.4713951288
        0.1154957000         2.2600000000         1.3148683868         4.0547850888        -0.6043697772
        0.1204912000         2.2600000000         1.3148683868         4.0522332113        -0.6043697772
        0.1254839000         2.2600000000         1.3250776943         4.0573369662        -0.3384204803
        0.1304800000         2.2600000000         1.3250776943         4.0547850888        -0.3384204803
        0.1354970000         2.2600000000         1.3276300211         4.0547850888        -0.2719331561
        0.1404565000         2.2600000000         1.3301823480         4.0471294564        -0.2054458319
        0.1455256000         2.2600000000         1.3199730405         4.0420257015        -0.4713951288
        0.1504528000         2.2600000000         1.3225253674         4.0471294564        -0.4049078045
        0.1554838000         2.2600000000         1.3199730405         4.0394738240        -0.4713951288
        0.1604944000         2.2600000000         1.3123160600         4.0318181916        -0.6708571014
        0.1654762000         2.2600000000         1.3174207137         4.0267144367        -0.5378824530
        0.1704450000         2.2600000000         1.3276300211         4.0369219465        -0.2719331561
        0.1754747000         2.2600000000         1.3225253674         4.0292663142        -0.4049078045
        0.1804985000         2.2600000000         1.3199730405         4.0241625592        -0.4713951288
        0.1854894000         2.2600000000         1.3199730405         4.0267144367        -0.4713951288
        0.1905881000         2.2600000000         1.3225253674         4.0267144367        -0.4049078045
        0.1955064000         2.2600000000         1.3250776943         4.0267144367        -0.3384204803
        0.2004876000         2.2600000000         1.3276300211         4.0292663142        -0.2719331561
        0.2055202000         2.2600000000         1.3276300211         4.0216106818        -0.2719331561
        0.2104992000         2.2600000000         1.3225253674         4.0190588043        -0.4049078045
        0.2156324000         2.2600000000         1.3225253674         4.0165069269        -0.4049078045
        0.2206387000         2.2600000000         1.3174207137         4.0114031719        -0.5378824530
        0.2255371000         2.2600000000         1.3225253674         4.0165069269        -0.4049078045
        0.2305351000         2.2600000000         1.3148683868         4.0088512945        -0.6043697772
        0.2355284000         2.2600000000         1.3225253674         4.0139550494        -0.4049078045
        0.2405189000         2.2600000000         1.3174207137         4.0037475396        -0.5378824530
        0.2455147000         2.2600000000         1.3250776943         4.0088512945        -0.3384204803
        0.2505743000         2.2600000000         1.3301823480         4.0165069269        -0.2054458319
        0.2555350000         2.2600000000         1.3123160600         4.0037475396        -0.6708571014
        0.2605230000         2.2600000000         1.3276300211         4.0114031719        -0.2719331561
        0.2654797000         2.2600000000         1.3174207137         3.9960919072        -0.5378824530
        0.2705343000         2.2600000000         1.3199730405         4.0037475396        -0.4713951288
        0.2755297000         2.2600000000         1.3199730405         4.0011956621        -0.4713951288
        0.2805237000         2.2600000000         1.3148683868         3.9935400297        -0.6043697772
        0.2854552000         2.2600000000         1.3225253674         3.9935400297        -0.4049078045
        0.2904145000         2.2600000000         1.3174207137         3.9909881523        -0.5378824530
        0.2954673000         2.2600000000         1.3174207137         3.9909881523        -0.5378824530
        0.3004757000         2.2600000000         1.3199730405         3.9884362748        -0.4713951288
        0.3053968000         2.2600000000         1.3276300211         3.9935400297        -0.2719331561
        0.3104425000         2.2600000000         1.3199730405         3.9858843974        -0.4713951288
        0.3154249000         2.2600000000         1.3174207137         3.9833325199        -0.5378824530
        0.3205009000         2.2600000000         1.3148683868         3.9756768875        -0.6043697772
        0.3254329000         2.2600000000         1.3174207137         3.9833325199        -0.5378824530
        0.3305680000         2.2600000000         1.3148683868         3.9705731326        -0.6043697772
        0.3354161000         2.2600000000         1.3123160600         3.9680212551        -0.6708571014
        0.3404204000         2.2600000000         1.3174207137         3.9680212551        -0.5378824530
        0.3454403000         2.2600000000         1.3199730405         3.9680212551        -0.4713951288
        0.3504686000         2.2600000000         1.3276300211         3.9782287650        -0.2719331561
        0.3554330000         2.2600000000         1.3148683868         3.9629175002        -0.6043697772
        0.3604480000         2.2600000000         1.3174207137         3.9629175002        -0.5378824530
        0.3654384000         2.2600000000         1.3174207137         3.9629175002        -0.5378824530
        0.3705648000         2.2600000000         1.3276300211         3.9731250101        -0.2719331561
        0.3754213000         2.2600000000         1.3250776943         3.9705731326        -0.3384204803
        0.3804512000         2.2600000000         1.3174207137         3.9578137453        -0.5378824530
        0.3854604000         2.2600000000         1.3199730405         3.9629175002        -0.4713951288
        0.3904672000         2.2600000000         1.3250776943         3.9680212551        -0.3384204803
        0.3954541000         2.2600000000         1.3250776943         3.9578137453        -0.3384204803
        0.4008155000         2.2600000000         1.3199730405         3.9578137453        -0.4713951288
        0.4054329000         2.2600000000         1.3276300211         3.9629175002        -0.2719331561
        0.4105363000         2.2600000000         1.3199730405         3.9552618679        -0.4713951288
        0.4154183000         2.2600000000         1.3174207137         3.9527099904        -0.5378824530
        0.4203957000         2.2600000000         1.3225253674         3.9501581129        -0.4049078045
        0.4254781000         2.2600000000         1.3148683868         3.9425024806        -0.6043697772
        0.4304381000         2.2600000000         1.3097637331         3.9373987256        -0.7373444257
        0.4354018000         2.2600000000         1.3199730405         3.9425024806        -0.4713951288
        0.4403966000         2.2600000000         1.3148683868         3.9348468482        -0.6043697772
        0.4454488000         2.2600000000         1.3276300211         3.9476062355        -0.2719331561
        0.4504093000         2.2600000000         1.3174207137         3.9399506031        -0.5378824530
        0.4554748000         2.2600000000         1.3225253674         3.9373987256        -0.4049078045
        0.4604326000         2.2600000000         1.3148683868         3.9297430933        -0.6043697772
        0.4654026000         2.2600000000         1.3148683868         3.9297430933        -0.6043697772
        0.4704471000         2.2600000000         1.3199730405         3.9348468482        -0.4713951288
        0.4754852000         2.2600000000         1.3123160600         3.9271912158        -0.6708571014
        0.4804666000         2.2600000000         1.3199730405         3.9297430933        -0.4713951288
        0.4854451000         2.2600000000         1.3097637331         3.9348468482        -0.7373444257
        0.4904176000         2.2600000000         1.3301823480         3.9297430933        -0.2054458319
        0.4954482000         2.2600000000         1.3199730405         3.9246393383        -0.4713951288
        0.5004133000         2.2600000000         1.3250776943         3.9220874609        -0.3384204803
        0.5053964000         2.2600000000         1.3250776943         3.9246393383        -0.3384204803
        0.5105397000         2.2600000000         1.3148683868         3.9144318285        -0.6043697772
        0.5154224000         2.2600000000         1.3250776943         3.9220874609        -0.3384204803
        0.5205941000         2.2600000000         1.3174207137         3.9144318285        -0.5378824530
        0.5253967000         2.2600000000         1.3199730405         3.9144318285        -0.4713951288
        0.5305642000         2.2600000000         1.3250776943         3.9169837060        -0.3384204803
        0.5354011000         2.2600000000         1.3250776943         3.9144318285        -0.3384204803
        0.5403865000         2.2600000000         1.3174207137         3.9093280736        -0.5378824530
        0.5454305000         2.2600000000         1.3148683868         3.9016724412        -0.6043697772
        0.5504632000         2.2600000000         1.3174207137         3.9067761961        -0.5378824530
        0.5554815000         2.2600000000         1.3148683868         3.8965686863        -0.6043697772
        0.5604310000         2.2600000000         1.3046590794         3.8965686863        -0.8703190741
        0.5654120000         2.2600000000         1.3250776943         3.8965686863        -0.3384204803
        0.5704231000         2.2600000000         1.3123160600         3.8889130539        -0.6708571014
        0.5754889000         2.2600000000         1.3276300211         3.8991205638        -0.2719331561
        0.5804352000         2.2600000000         1.3174207137         3.8940168088        -0.5378824530
        0.5854723000         2.2600000000         1.3097637331         3.8889130539        -0.7373444257
        0.5904839000         2.2600000000         1.3174207137         3.8889130539        -0.5378824530
        0.5955220000         2.2600000000         1.3148683868         3.8914649314        -0.6043697772
        0.6003966000         2.2600000000         1.3174207137         3.8863611765        -0.5378824530
        0.6054856000         2.2600000000         1.3250776943         3.8889130539        -0.3384204803
        0.6104022000         2.2600000000         1.3199730405         3.8838092990        -0.4713951288
        0.6154217000         2.2600000000         1.3225253674         3.8863611765        -0.4049078045
        0.6203950000         2.2600000000         1.3174207137         3.8761536666        -0.5378824530
        0.6254414000         2.2600000000         1.3225253674         3.8761536666        -0.4049078045
        0.6304588000         2.2600000000         1.3250776943         3.8761536666        -0.3384204803
        0.6354720000         2.2600000000         1.3174207137         3.8710499117        -0.5378824530
        0.6404393000         2.2600000000         1.3174207137         3.8710499117        -0.5378824530
        0.6454531000         2.2600000000         1.3199730405         3.8684980342        -0.4713951288
        0.6503865000         2.2600000000         1.3148683868         3.8582905244        -0.6043697772
        0.6554501000         2.2600000000         1.3174207137         3.8633942793        -0.5378824530
        0.6604097000         2.2600000000         1.3148683868         3.8582905244        -0.6043697772
        0.6654706000         2.2600000000         1.3199730405         3.8582905244        -0.4713951288
        0.6704488000         2.2600000000         1.3250776943         3.8659461568        -0.3384204803
        0.6754577000         2.2600000000         1.3199730405         3.8557386469        -0.4713951288
        0.6803948000         2.2600000000         1.3199730405         3.8531867695        -0.4713951288
        0.6854956000         2.2600000000         1.3225253674         3.8557386469        -0.4049078045
        0.6904251000         2.2600000000         1.3148683868         3.8480830146        -0.6043697772
        0.6956660000         2.2600000000         1.3174207137         3.8455311371        -0.5378824530
        0.7004105000         2.2600000000         1.3327346748         3.8557386469        -0.1389585076
        0.7054319000         2.2600000000         1.3225253674         3.8480830146        -0.4049078045
        0.7103971000         2.2600000000         1.3276300211         3.8531867695        -0.2719331561
        0.7153993000         2.2600000000         1.3148683868         3.8353236273        -0.6043697772
        0.7203925000         2.2600000000         1.3276300211         3.8506348920        -0.2719331561
        0.7254248000         2.2600000000         1.3199730405         3.8404273822        -0.4713951288
        0.7304087000         2.2600000000         1.3148683868         3.8327717498        -0.6043697772
        0.7355716000         2.2600000000         1.3199730405         3.8378755047        -0.4713951288
        0.7404784000         2.2600000000         1.3174207137         3.8353236273        -0.5378824530
        0.7455846000         2.2600000000         1.3225253674         3.8404273822        -0.4049078045
        0.7504391000         2.2600000000         1.3123160600         3.8251161174        -0.6708571014
        0.7554164000         2.2600000000         1.3148683868         3.8276679949        -0.6043697772
        0.7604787000         2.2600000000         1.3097637331         3.8200123625        -0.7373444257
        0.7654643000         2.2600000000         1.3225253674         3.8302198724        -0.4049078045
        0.7704170000         2.2600000000         1.3148683868         3.8251161174        -0.6043697772
        0.7753967000         2.2600000000         1.3327346748         3.8251161174        -0.1389585076
        0.7804484000         2.2600000000         1.3148683868         3.8200123625        -0.6043697772
        0.7853870000         2.2600000000         1.3174207137         3.8174604851        -0.5378824530
        0.7906574000         2.2600000000         1.3174207137         3.8149086076        -0.5378824530
        0.7955050000         2.2600000000         1.3327346748         3.8123567301        -0.1389585076
        0.8004467000         2.2600000000         1.3174207137         3.8123567301        -0.5378824530
        0.8053965000         2.2600000000         1.3199730405         3.8098048527        -0.4713951288
        0.8104751000         2.2600000000         1.3250776943         3.8123567301        -0.3384204803
        0.8153987000         2.2600000000         1.3276300211         3.8123567301        -0.2719331561
        0.8204270000         2.2600000000         1.3250776943         3.8047010978        -0.3384204803
        0.8254446000         2.2600000000         1.3199730405         3.8021492203        -0.4713951288
        0.8304200000         2.2600000000         1.3276300211         3.8072529752        -0.2719331561
        0.8354938000         2.2600000000         1.3225253674         3.8047010978        -0.4049078045
        0.8404066000         2.2600000000         1.3072114063         3.7995973429        -0.8038317499
        0.8454598000         2.2600000000         1.3250776943         3.7944935879        -0.3384204803
        0.8504234000         2.2600000000         1.3199730405         3.7970454654        -0.4713951288
        0.8554059000         2.2600000000         1.3123160600         3.7842860781        -0.6708571014
        0.8603970000         2.2600000000         1.3097637331         3.7842860781        -0.7373444257
        0.8654730000         2.2600000000         1.3123160600         3.7842860781        -0.6708571014
        0.8704452000         2.2600000000         1.3199730405         3.7842860781        -0.4713951288
        0.8754346000         2.2600000000         1.3097637331         3.7791823232        -0.7373444257
        0.8803875000         2.2600000000         1.3199730405         3.7817342006        -0.4713951288
        0.8854173000         2.2600000000         1.3250776943         3.7868379556        -0.3384204803
        0.8905083000         2.2600000000         1.3174207137         3.7791823232        -0.5378824530
        0.8954297000         2.2600000000         1.3174207137         3.7766304457        -0.5378824530
        0.9004686000         2.2600000000         1.3148683868         3.7766304457        -0.6043697772
        0.9054271000         2.2600000000         1.3174207137         3.7715266908        -0.5378824530
        0.9104070000         2.2600000000         1.3199730405         3.7715266908        -0.4713951288
        0.9154430000         2.2600000000         1.3097637331         3.7638710584        -0.7373444257
        0.9203873000         2.2600000000         1.3097637331         3.7613191810        -0.7373444257
        0.9254194000         2.2600000000         1.3199730405         3.7715266908        -0.4713951288
        0.9304287000         2.2600000000         1.3148683868         3.7638710584        -0.6043697772
        0.9354267000         2.2600000000         1.3199730405         3.7664229359        -0.4713951288
        0.9404598000         2.2600000000         1.3225253674         3.7638710584        -0.4049078045
        0.9454487000         2.2600000000         1.3148683868         3.7562154260        -0.6043697772
        0.9504187000         2.2600000000         1.3174207137         3.7613191810        -0.5378824530
        0.9554167000         2.2600000000         1.3148683868         3.7511116711        -0.6043697772
        0.9604887000         2.2600000000         1.3225253674         3.7562154260        -0.4049078045
        0.9654628000         2.2600000000         1.3225253674         3.7536635486        -0.4049078045
        0.9705370000         2.2600000000         1.3250776943         3.7511116711        -0.3384204803
        0.9754544000         2.2600000000         1.3225253674         3.7511116711        -0.4049078045
        0.9804262000         2.2600000000         1.3301823480         3.7485597937        -0.2054458319
        0.9855105000         2.2600000000         1.3174207137         3.7358004064        -0.5378824530
        0.9904343000         2.2600000000         1.3250776943         3.7358004064        -0.3384204803
        0.9955173000         2.2600000000         1.3199730405         3.7358004064        -0.4713951288
        1.0005173000         2.2600000000         1.3276300211         3.7255928965        -0.2719331561
        1.0054331000         2.2600000000         1.3123160600         3.7281447740        -0.6708571014
        1.0104545000         2.2600000000         1.3250776943         3.7281447740        -0.3384204803
        1.0154362000         2.2600000000         1.3225253674         3.7306966515        -0.4049078045
        1.0203963000         2.2600000000         1.3480486360         3.7306966515         0.2599654377
        1.0254122000         2.2600000000         1.3301823480         3.7306966515        -0.2054458319
        1.0304185000         2.2600000000         1.3225253674         3.7255928965        -0.4049078045
        1.0354241000         2.2600000000         1.3250776943         3.7230410191        -0.3384204803
        1.0404260000         2.2600000000         1.3250776943         3.7204891416        -0.3384204803
        1.0455314000         2.2600000000         1.3250776943         3.7204891416        -0.3384204803
        1.0505440000         2.2600000000         1.3174207137         3.7128335092        -0.5378824530
        1.0554046000         2.2600000000         1.3250776943         3.7153853867        -0.3384204803
        1.0604488000         2.2600000000         1.3301823480         3.7204891416        -0.2054458319
        1.0654291000         2.2600000000         1.3148683868         3.7077297543        -0.6043697772
        1.0703812000         2.2600000000         1.3225253674         3.7102816318        -0.4049078045
        1.0754600000         2.2600000000         1.3123160600         3.7026259994        -0.6708571014
        1.0804463000         2.2600000000         1.3225253674         3.7051778769        -0.4049078045
        1.0854979000         2.2600000000         1.3097637331         3.6949703670        -0.7373444257
        1.0904121000         2.2600000000         1.3250776943         3.7102816318        -0.3384204803
        1.0955010000         2.2600000000         1.3123160600         3.6949703670        -0.6708571014
        1.1004099000         2.2600000000         1.3327346748         3.7000741219        -0.1389585076
        1.1054738000         2.2600000000         1.3123160600         3.6898666121        -0.6708571014
        1.1104070000         2.2600000000         1.3199730405         3.6975222445        -0.4713951288
        1.1154692000         2.2600000000         1.3123160600         3.6873147347        -0.6708571014
        1.1204301000         2.2600000000         1.3174207137         3.6898666121        -0.5378824530
        1.1254142000         2.2600000000         1.3123160600         3.6847628572        -0.6708571014
        1.1304290000         2.2600000000         1.3148683868         3.6847628572        -0.6043697772
        1.1354053000         2.2600000000         1.3148683868         3.6873147347        -0.6043697772
        1.1404201000         2.2600000000         1.3148683868         3.6873147347        -0.6043697772
        1.1454019000         2.2600000000         1.3148683868         3.6822109797        -0.6043697772
        1.1503963000         2.2600000000         1.3225253674         3.6873147347        -0.4049078045
        1.1554542000         2.2600000000         1.3148683868         3.6796591023        -0.6043697772
        1.1603978000         2.2600000000         1.3199730405         3.6745553474        -0.4713951288
        1.1654192000         2.2600000000         1.3276300211         3.6796591023        -0.2719331561
        1.1704556000         2.2600000000         1.3301823480         3.6771072248        -0.2054458319
        1.1754039000         2.2600000000         1.3276300211         3.6720034699        -0.2719331561
        1.1804094000         2.2600000000         1.3250776943         3.6694515924        -0.3384204803
        1.1855408000         2.2600000000         1.3250776943         3.6694515924        -0.3384204803
        1.1904171000         2.2600000000         1.3250776943         3.6668997150        -0.3384204803
        1.1954467000         2.2600000000         1.3250776943         3.6668997150        -0.3384204803
        1.2004632000         2.2600000000         1.3250776943         3.6668997150        -0.3384204803
        1.2056394000         2.2600000000         1.3276300211         3.6617959601        -0.2719331561
        1.2104212000         2.2600000000         1.3276300211         3.6592440826        -0.2719331561
        1.2153986000         2.2600000000         1.3250776943         3.6592440826        -0.3384204803
        1.2204253000         2.2600000000         1.3327346748         3.6643478375        -0.1389585076
        1.2254009000         2.2600000000         1.3301823480         3.6643478375        -0.2054458319
        1.2304198000         2.2600000000         1.3276300211         3.6541403277        -0.2719331561
        1.2353949000         2.2600000000         1.3352870017         3.6617959601        -0.0724711834
        1.2404179000         2.2600000000         1.3250776943         3.6541403277        -0.3384204803
        1.2456354000         2.2600000000         1.3250776943         3.6515884502        -0.3384204803
        1.2504323000         2.2600000000         1.3531532897         3.6515884502         0.3929400862
        1.2553952000         2.2600000000         1.3250776943         3.6490365728        -0.3384204803
        1.2603982000         2.2600000000         1.3199730405         3.6439328179        -0.4713951288
        1.2654365000         2.2600000000         1.3250776943         3.6413809404        -0.3384204803
        1.2704538000         2.2600000000         1.3301823480         3.6541403277        -0.2054458319
        1.2754322000         2.2600000000         1.3301823480         3.6490365728        -0.2054458319
        1.2804546000         2.2600000000         1.3301823480         3.6515884502        -0.2054458319
        1.2854289000         2.2600000000         1.3174207137         3.6337253080        -0.5378824530
        1.2904125000         2.2600000000         1.3199730405         3.6388290629        -0.4713951288
        1.2954256000         2.2600000000         1.3174207137         3.6337253080        -0.5378824530
        1.3004336000         2.2600000000         1.3276300211         3.6439328179        -0.2719331561
        1.3054419000         2.2600000000         1.3301823480         3.6439328179        -0.2054458319
        1.3105121000         2.2600000000         1.3250776943         3.6311734306        -0.3384204803
        1.3154344000         2.2600000000         1.3301823480         3.6388290629        -0.2054458319
        1.3204566000         2.2600000000         1.3199730405         3.6286215531        -0.4713951288
        1.3254502000         2.2600000000         1.3301823480         3.6260696756        -0.2054458319
        1.3305030000         2.2600000000         1.3199730405         3.6260696756        -0.4713951288
        1.3354396000         2.2600000000         1.3327346748         3.6362771855        -0.1389585076
        1.3404320000         2.2600000000         1.3199730405         3.6209659207        -0.4713951288
        1.3455876000         2.2600000000         1.3531532897         3.6337253080         0.3929400862
        1.3505776000         2.2600000000         1.3250776943         3.6260696756        -0.3384204803
        1.3555587000         2.2600000000         1.3199730405         3.6209659207        -0.4713951288
        1.3605604000         2.2600000000         1.3225253674         3.6260696756        -0.4049078045
        1.3655415000         2.2600000000         1.3225253674         3.6158621658        -0.4049078045
        1.3705704000         2.2600000000         1.3250776943         3.6209659207        -0.3384204803
        1.3755570000         2.2600000000         1.3250776943         3.6184140433        -0.3384204803
        1.3805888000         2.2600000000         1.3301823480         3.6260696756        -0.2054458319
        1.3855393000         2.2600000000         1.3276300211         3.6158621658        -0.2719331561
        1.3905402000         2.2600000000         1.3225253674         3.6082065334        -0.4049078045
        1.3954066000         2.2600000000         1.3148683868         3.6082065334        -0.6043697772
        1.4004740000         2.2600000000         1.3250776943         3.6158621658        -0.3384204803
        1.4054675000         2.2600000000         1.3199730405         3.6133102883        -0.4713951288
        1.4104638000         2.2600000000         1.3250776943         3.6158621658        -0.3384204803
        1.4155160000         2.2600000000         1.3199730405         3.6056546560        -0.4713951288
        1.4205019000         2.2600000000         1.3174207137         3.6031027785        -0.5378824530
        1.4254449000         2.2600000000         1.3072114063         3.5979990236        -0.8038317499
        1.4304704000         2.2600000000         1.3148683868         3.6005509010        -0.6043697772
        1.4353950000         2.2600000000         1.3123160600         3.5928952687        -0.6708571014
        1.4404311000         2.2600000000         1.3123160600         3.5928952687        -0.6708571014
        1.4454484000         2.2600000000         1.3174207137         3.5928952687        -0.5378824530
        1.4504487000         2.2600000000         1.3174207137         3.5877915138        -0.5378824530
        1.4559730000         2.2600000000         1.3250776943         3.5954471461        -0.3384204803
        1.4609448000         2.2600000000         1.3250776943         3.5954471461        -0.3384204803
        1.4657287000         2.2600000000         1.3148683868         3.5877915138        -0.6043697772
        1.4705491000         2.2600000000         1.3250776943         3.5877915138        -0.3384204803
        1.4756432000         2.2600000000         1.3250776943         3.5877915138        -0.3384204803
        1.4806697000         2.2600000000         1.3276300211         3.5877915138        -0.2719331561
        1.4858394000         2.2600000000         1.3148683868         3.5801358814        -0.6043697772
        1.4905534000         2.2600000000         1.3123160600         3.5724802490        -0.6708571014
        1.4954376000         2.2600000000         1.3378393285         3.5673764941        -0.0059838592
        1.5004514000         2.2600000000         1.3225253674         3.5801358814        -0.4049078045
        1.5054260000         2.2600000000         1.3199730405         3.5673764941        -0.4713951288
        1.5104542000         2.2600000000         1.3174207137         3.5673764941        -0.5378824530
        1.5154308000         2.2600000000         1.3250776943         3.5750321265        -0.3384204803
        1.5207372000         2.2600000000         1.3123160600         3.5597208617        -0.6708571014
        1.5254798000         2.2600000000         1.3250776943         3.5673764941        -0.3384204803
        1.5304609000         2.2600000000         1.3199730405         3.5597208617        -0.4713951288
        1.5354602000         2.2600000000         1.3199730405         3.5622727392        -0.4713951288
        1.5405183000         2.2600000000         1.3097637331         3.5571689842        -0.7373444257
        1.5454447000         2.2600000000         1.3148683868         3.5571689842        -0.6043697772
        1.5505262000         2.2600000000         1.3148683868         3.5469614744        -0.6043697772
        1.5554481000         2.2600000000         1.3199730405         3.5520652293        -0.4713951288
        1.5604585000         2.2600000000         1.3174207137         3.5495133519        -0.5378824530
        1.5654004000         2.2600000000         1.3148683868         3.5495133519        -0.6043697772
        1.5704025000         2.2600000000         1.3148683868         3.5444095970        -0.6043697772
        1.5754183000         2.2600000000         1.3199730405         3.5418577195        -0.4713951288
        1.5804195000         2.2600000000         1.3123160600         3.5367539646        -0.6708571014
        1.5854452000         2.2600000000         1.3225253674         3.5469614744        -0.4049078045
        1.5904387000         2.2600000000         1.3123160600         3.5367539646        -0.6708571014
        1.5954557000         2.2600000000         1.3225253674         3.5418577195        -0.4049078045
        1.6004040000         2.2600000000         1.3123160600         3.5316502097        -0.6708571014
        1.6054578000         2.2600000000         1.3123160600         3.5290983322        -0.6708571014
        1.6104656000         2.2600000000         1.3123160600         3.5214426998        -0.6708571014
        1.6154543000         2.2600000000         1.3072114063         3.5163389449        -0.8038317499
        1.6204384000         2.2600000000         1.3148683868         3.5239945773        -0.6043697772
        1.6254962000         2.2600000000         1.3123160600         3.5163389449        -0.6708571014
        1.6305687000         2.2600000000         1.3199730405         3.5239945773        -0.4713951288
        1.6354839000         2.2600000000         1.3123160600         3.5188908224        -0.6708571014
        1.6404000000         2.2600000000         1.3174207137         3.5086833125        -0.5378824530
        1.6455178000         2.2600000000         1.3225253674         3.5137870674        -0.4049078045
        1.6506349000         2.2600000000         1.3250776943         3.5163389449        -0.3384204803
        1.6555144000         2.2600000000         1.3174207137         3.5035795576        -0.5378824530
        1.6604622000         2.2600000000         1.3174207137         3.5035795576        -0.5378824530
        1.6654371000         2.2600000000         1.3148683868         3.5010276801        -0.6043697772
        1.6704425000         2.2600000000         1.3174207137         3.5010276801        -0.5378824530
        1.6754801000         2.2600000000         1.3123160600         3.4933720478        -0.6708571014
        1.6804473000         2.2600000000         1.3174207137         3.4908201703        -0.5378824530
        1.6855125000         2.2600000000         1.3021067526         3.4959239252        -0.9368063984
        1.6904213000         2.2600000000         1.3148683868         3.4882682929        -0.6043697772
        1.6954024000         2.2600000000         1.3199730405         3.4908201703        -0.4713951288
        1.7004239000         2.2600000000         1.3123160600         3.4959239252        -0.6708571014
        1.7055750000         2.2600000000         1.3123160600         3.4831645379        -0.6708571014
        1.7105088000         2.2600000000         1.3123160600         3.4806126605        -0.6708571014
        1.7155677000         2.2600000000         1.3123160600         3.4780607830        -0.6708571014
        1.7205538000         2.2600000000         1.3199730405         3.4806126605        -0.4713951288
        1.7256100000         2.2600000000         1.3225253674         3.4857164154        -0.4049078045
        1.7305753000         2.2600000000         1.3225253674         3.4831645379        -0.4049078045
        1.7355738000         2.2600000000         1.3174207137         3.4755089056        -0.5378824530
        1.7405599000         2.2600000000         1.3174207137         3.4755089056        -0.5378824530
        1.7456000000         2.2600000000         1.3097637331         3.4678532732        -0.7373444257
        1.7505584000         2.2600000000         1.3097637331         3.4653013957        -0.7373444257
        1.7554369000         2.2600000000         1.3148683868         3.4653013957        -0.6043697772
        1.7604345000         2.2600000000         1.3199730405         3.4755089056        -0.4713951288
        1.7654599000         2.2600000000         1.3199730405         3.4678532732        -0.4713951288
        1.7704584000         2.2600000000         1.3123160600         3.4627495183        -0.6708571014
        1.7754280000         2.2600000000         1.3097637331         3.4525420084        -0.7373444257
        1.7804261000         2.2600000000         1.3148683868         3.4550938859        -0.6043697772
        1.7854484000         2.2600000000         1.3046590794         3.4448863760        -0.8703190741
        1.7903968000         2.2600000000         1.3199730405         3.4550938859        -0.4713951288
        1.7954303000         2.2600000000         1.3097637331         3.4448863760        -0.7373444257
        1.8004295000         2.2600000000         1.3199730405         3.4499901310        -0.4713951288
        1.8053979000         2.2600000000         1.3123160600         3.4423344986        -0.6708571014
        1.8105621000         2.2600000000         1.3148683868         3.4397826211        -0.6043697772
        1.8154072000         2.2600000000         1.3199730405         3.4397826211        -0.4713951288
        1.8203951000         2.2600000000         1.3429439823         3.4346788662         0.1269907893
        1.8254237000         2.2600000000         1.3148683868         3.4295751113        -0.6043697772
        1.8305078000         2.2600000000         1.3123160600         3.4244713564        -0.6708571014
        1.8355394000         2.2600000000         1.3097637331         3.4219194789        -0.7373444257
        1.8404323000         2.2600000000         1.3250776943         3.4295751113        -0.3384204803
        1.8454319000         2.2600000000         1.3225253674         3.4295751113        -0.4049078045
        1.8504715000         2.2600000000         1.3123160600         3.4168157240        -0.6708571014
        1.8555461000         2.2600000000         1.3072114063         3.4168157240        -0.8038317499
        1.8604712000         2.2600000000         1.3148683868         3.4168157240        -0.6043697772
        1.8654640000         2.2600000000         1.3148683868         3.4193676015        -0.6043697772
        1.8703940000         2.2600000000         1.3123160600         3.4091600916        -0.6708571014
        1.8754736000         2.2600000000         1.3097637331         3.4040563367        -0.7373444257
        1.8804181000         2.2600000000         1.3148683868         3.4117119691        -0.6043697772
        1.8855750000         2.2600000000         1.3199730405         3.4117119691        -0.4713951288
        1.8904172000         2.2600000000         1.3378393285         3.4117119691        -0.0059838592
        1.8954767000         2.2600000000         1.3174207137         3.4040563367        -0.5378824530
        1.9004965000         2.2600000000         1.3174207137         3.3989525818        -0.5378824530
        1.9054285000         2.2600000000         1.3174207137         3.3989525818        -0.5378824530
        1.9104879000         2.2600000000         1.3174207137         3.3989525818        -0.5378824530
        1.9154859000         2.2600000000         1.3148683868         3.3887450720        -0.6043697772
        1.9204305000         2.2600000000         1.3225253674         3.3938488269        -0.4049078045
        1.9255238000         2.2600000000         1.3174207137         3.3887450720        -0.5378824530
        1.9304985000         2.2600000000         1.3148683868         3.3836413170        -0.6043697772
        1.9354280000         2.2600000000         1.3174207137         3.3887450720        -0.5378824530
        1.9404128000         2.2600000000         1.3250776943         3.3912969494        -0.3384204803
        1.9454208000         2.2600000000         1.3148683868         3.3785375621        -0.6043697772
        1.9504609000         2.2600000000         1.3148683868         3.3734338072        -0.6043697772
        1.9554541000         2.2600000000         1.3225253674         3.3785375621        -0.4049078045
        1.9604203000         2.2600000000         1.3454963091         3.3759856847         0.1934781135
        1.9654493000         2.2600000000         1.3199730405         3.3759856847        -0.4713951288
        1.9704804000         2.2600000000         1.3174207137         3.3683300523        -0.5378824530
        1.9754374000         2.2600000000         1.3199730405         3.3683300523        -0.4713951288
        1.9804158000         2.2600000000         1.3174207137         3.3657781748        -0.5378824530
        1.9854079000         2.2600000000         1.3250776943         3.3683300523        -0.3384204803
        1.9904877000         2.2600000000         1.3174207137         3.3657781748        -0.5378824530
        1.9954947000         2.2600000000         1.3174207137         3.3581225424        -0.5378824530
        2.0004602000         2.2600000000         1.3276300211         3.3683300523        -0.2719331561
        2.0054299000         2.2600000000         1.3301823480         3.3708819297        -0.2054458319
        2.0104531000         2.2600000000         1.3301823480         3.3734338072        -0.2054458319
        2.0154114000         2.2600000000         1.3225253674         3.3632262974        -0.4049078045
        2.0204417000         2.2600000000         1.3327346748         3.3683300523        -0.1389585076
        2.0253894000         2.2600000000         1.3225253674         3.3632262974        -0.4049078045
        2.0304910000         2.2600000000         1.3225253674         3.3581225424        -0.4049078045
        2.0355495000         2.2600000000         1.3250776943         3.3555706650        -0.3384204803
        2.0404616000         2.2600000000         1.3276300211         3.3632262974        -0.2719331561
        2.0455594000         2.2600000000         1.3225253674         3.3555706650        -0.4049078045
        2.0504176000         2.2600000000         1.3276300211         3.3530187875        -0.2719331561
        2.0553888000         2.2600000000         1.3250776943         3.3530187875        -0.3384204803
        2.0604774000         2.2600000000         1.3199730405         3.3479150326        -0.4713951288
        2.0654092000         2.2600000000         1.3301823480         3.3530187875        -0.2054458319
        2.0704867000         2.2600000000         1.3276300211         3.3428112777        -0.2719331561
        2.0754439000         2.2600000000         1.3250776943         3.3479150326        -0.3384204803
        2.0805177000         2.2600000000         1.3276300211         3.3453631551        -0.2719331561
        2.0854319000         2.2600000000         1.3301823480         3.3504669101        -0.2054458319
        2.0904311000         2.2600000000         1.3250776943         3.3428112777        -0.3384204803
        2.0954394000         2.2600000000         1.3276300211         3.3402594002        -0.2719331561
        2.1004008000         2.2600000000         1.3250776943         3.3377075228        -0.3384204803
        2.1054604000         2.2600000000         1.3250776943         3.3402594002        -0.3384204803
        2.1105537000         2.2600000000         1.3378393285         3.3326037679        -0.0059838592
        2.1155312000         2.2600000000         1.3174207137         3.3275000129        -0.5378824530
        2.1204058000         2.2600000000         1.3174207137         3.3326037679        -0.5378824530
        2.1253959000         2.2600000000         1.3250776943         3.3402594002        -0.3384204803
        2.1303973000         2.2600000000         1.3250776943         3.3377075228        -0.3384204803
        2.1353868000         2.2600000000         1.3225253674         3.3300518904        -0.4049078045
        2.1404034000         2.2600000000         1.3250776943         3.3326037679        -0.3384204803
        2.1453848000         2.2600000000         1.3250776943         3.3300518904        -0.3384204803
        2.1504394000         2.2600000000         1.3072114063         3.3223962580        -0.8038317499
        2.1554263000         2.2600000000         1.3148683868         3.3147406256        -0.6043697772
        2.1604050000         2.2600000000         1.3225253674         3.3275000129        -0.4049078045
        2.1653821000         2.2600000000         1.3174207137         3.3223962580        -0.5378824530
        2.1704001000         2.2600000000         1.3225253674         3.3223962580        -0.4049078045
        2.1754795000         2.2600000000         1.3123160600         3.3147406256        -0.6708571014
        2.1804561000         2.2600000000         1.3148683868         3.3045331158        -0.6043697772
        2.1853957000         2.2600000000         1.3123160600         3.3070849933        -0.6708571014
        2.1904926000         2.2600000000         1.3148683868         3.3070849933        -0.6043697772
        2.1954276000         2.2600000000         1.3199730405         3.3121887482        -0.4713951288
        2.2004688000         2.2600000000         1.3148683868         3.3019812383        -0.6043697772
        2.2053952000         2.2600000000         1.3327346748         3.2994293609        -0.1389585076
        2.2104558000         2.2600000000         1.3174207137         3.2968774834        -0.5378824530
        2.2154431000         2.2600000000         1.3199730405         3.2968774834        -0.4713951288
        2.2204118000         2.2600000000         1.3250776943         3.2994293609        -0.3384204803
        2.2254041000         2.2600000000         1.3250776943         3.2994293609        -0.3384204803
        2.2304607000         2.2600000000         1.3174207137         3.2892218510        -0.5378824530
        2.2353958000         2.2600000000         1.3250776943         3.2968774834        -0.3384204803
        2.2404010000         2.2600000000         1.3097637331         3.2866699736        -0.7373444257
        2.2453961000         2.2600000000         1.3199730405         3.2866699736        -0.4713951288
        2.2506560000         2.2600000000         1.3123160600         3.2790143412        -0.6708571014
        2.2555259000         2.2600000000         1.3250776943         3.2892218510        -0.3384204803
        2.2607428000         2.2600000000         1.3378393285         3.2841180961        -0.0059838592
        2.2654183000         2.2600000000         1.3199730405         3.2790143412        -0.4713951288
        2.2704209000         2.2600000000         1.3199730405         3.2764624638        -0.4713951288
        2.2755592000         2.2600000000         1.3174207137         3.2688068314        -0.5378824530
        2.2803965000         2.2600000000         1.3429439823         3.2739105863         0.1269907893
        2.2854499000         2.2600000000         1.3199730405         3.2764624638        -0.4713951288
        2.2905708000         2.2600000000         1.3276300211         3.2764624638        -0.2719331561
        2.2955073000         2.2600000000         1.3250776943         3.2688068314        -0.3384204803
        2.3004595000         2.2600000000         1.3174207137         3.2611511990        -0.5378824530
        2.3054817000         2.2600000000         1.3174207137         3.2585993215        -0.5378824530
        2.3103977000         2.2600000000         1.3225253674         3.2662549539        -0.4049078045
        2.3154159000         2.2600000000         1.3225253674         3.2611511990        -0.4049078045
        2.3203942000         2.2600000000         1.3199730405         3.2611511990        -0.4713951288
        2.3253975000         2.2600000000         1.3174207137         3.2509436892        -0.5378824530
        2.3304382000         2.2600000000         1.3199730405         3.2585993215        -0.4713951288
        2.3353901000         2.2600000000         1.3199730405         3.2560474441        -0.4713951288
        2.3403935000         2.2600000000         1.3148683868         3.2483918117        -0.6043697772
        2.3455361000         2.2600000000         1.3250776943         3.2560474441        -0.3384204803
        2.3505304000         2.2600000000         1.3250776943         3.2560474441        -0.3384204803
        2.3554606000         2.2600000000         1.3250776943         3.2534955666        -0.3384204803
        2.3603968000         2.2600000000         1.3250776943         3.2483918117        -0.3384204803
        2.3654485000         2.2600000000         1.3250776943         3.2458399342        -0.3384204803
        2.3704205000         2.2600000000         1.3174207137         3.2407361793        -0.5378824530
        2.3754599000         2.2600000000         1.3250776943         3.2483918117        -0.3384204803
        2.3804292000         2.2600000000         1.3225253674         3.2458399342        -0.4049078045
        2.3854676000         2.2600000000         1.3097637331         3.2279767920        -0.7373444257
        2.3905213000         2.2600000000         1.3225253674         3.2356324244        -0.4049078045
        2.3955002000         2.2600000000         1.3148683868         3.2305286695        -0.6043697772
        2.4003856000         2.2600000000         1.3225253674         3.2356324244        -0.4049078045
        2.4054173000         2.2600000000         1.3123160600         3.2228730371        -0.6708571014
        2.4104504000         2.2600000000         1.3072114063         3.2177692822        -0.8038317499
        2.4154608000         2.2600000000         1.3199730405         3.2228730371        -0.4713951288
        2.4203883000         2.2600000000         1.3199730405         3.2228730371        -0.4713951288
        2.4254658000         2.2600000000         1.3225253674         3.2279767920        -0.4049078045
        2.4304280000         2.2600000000         1.3250776943         3.2203211597        -0.3384204803
        2.4354206000         2.2600000000         1.3199730405         3.2152174047        -0.4713951288
        2.4403954000         2.2600000000         1.3301823480         3.2177692822        -0.2054458319
        2.4453980000         2.2600000000         1.3199730405         3.2126655273        -0.4713951288
        2.4503852000         2.2600000000         1.3250776943         3.2126655273        -0.3384204803
        2.4554766000         2.2600000000         1.3250776943         3.2101136498        -0.3384204803
        2.4604424000         2.2600000000         1.3327346748         3.2177692822        -0.1389585076
        2.4654246000         2.2600000000         1.3301823480         3.2024580174        -0.2054458319
        2.4704628000         2.2600000000         1.3276300211         3.2075617724        -0.2719331561
        2.4755327000         2.2600000000         1.3352870017         3.2126655273        -0.0724711834
        2.4804702000         2.2600000000         1.3378393285         3.2101136498        -0.0059838592
        2.4855081000         2.2600000000         1.3429439823         3.2126655273         0.1269907893
        2.4904496000         2.2600000000         1.3250776943         3.1999061400        -0.3384204803
        2.4954395000         2.2600000000         1.3378393285         3.2075617724        -0.0059838592
        2.5004591000         2.2600000000         1.3327346748         3.1999061400        -0.1389585076
        2.5055611000         2.2600000000         1.3301823480         3.1973542625        -0.2054458319
        2.5104019000         2.2600000000         1.3327346748         3.2024580174        -0.1389585076
        2.5154595000         2.2600000000         1.3403916554         3.2075617724         0.0605034650
        2.5203967000         2.2600000000         1.3352870017         3.2024580174        -0.0724711834
        2.5253947000         2.2600000000         1.3352870017         3.1999061400        -0.0724711834
        2.5304485000         2.2600000000         1.3352870017         3.1999061400        -0.0724711834
        2.5353947000         2.2600000000         1.3429439823         3.2075617724         0.1269907893
        2.5404124000         2.2600000000         1.3352870017         3.2024580174        -0.0724711834
        2.5454487000         2.2600000000         1.3378393285         3.1999061400        -0.0059838592
        2.5504487000         2.2600000000         1.3429439823         3.1999061400         0.1269907893
        2.5553814000         2.2600000000         1.3429439823         3.1999061400         0.1269907893
        2.5604631000         2.2600000000         1.3301823480         3.1948023851        -0.2054458319
        2.5653972000         2.2600000000         1.3403916554         3.1999061400         0.0605034650
        2.5704127000         2.2600000000         1.3403916554         3.1999061400         0.0605034650
        2.5753944000         2.2600000000         1.3429439823         3.2075617724         0.1269907893
        2.5804526000         2.2600000000         1.3429439823         3.1973542625         0.1269907893
        2.5855072000         2.2600000000         1.3378393285         3.1999061400        -0.0059838592
        2.5904127000         2.2600000000         1.3429439823         3.2050098949         0.1269907893
        2.5954281000         2.2600000000         1.3352870017         3.1948023851        -0.0724711834
        2.6004555000         2.2600000000         1.3352870017         3.2024580174        -0.0724711834
        2.6056960000         2.2600000000         1.3301823480         3.1948023851        -0.2054458319
        2.6105053000         2.2600000000         1.3454963091         3.2050098949         0.1934781135
        2.6156811000         2.2600000000         1.3378393285         3.2050098949        -0.0059838592
        2.6204426000         2.2600000000         1.3378393285         3.2075617724        -0.0059838592
        2.6254098000         2.2600000000         1.3301823480         3.1948023851        -0.2054458319
        2.6305814000         2.2600000000         1.3352870017         3.1999061400        -0.0724711834
        2.6355551000         2.2600000000         1.3352870017         3.1973542625        -0.0724711834
        2.6406097000         2.2600000000         1.3378393285         3.1973542625        -0.0059838592
        2.6455943000         2.2600000000         1.3352870017         3.1999061400        -0.0724711834
        2.6505501000         2.2600000000         1.3454963091         3.2024580174         0.1934781135
        2.6557310000         2.2600000000         1.3557056165         3.2075617724         0.4594274104
        2.6606410000         2.2600000000         1.3378393285         3.1973542625        -0.0059838592
        2.6657178000         2.2600000000         1.3327346748         3.1973542625        -0.1389585076
        2.6705422000         2.2600000000         1.3429439823         3.2075617724         0.1269907893
        2.6754792000         2.2600000000         1.3429439823         3.2024580174         0.1269907893
        2.6805199000         2.2600000000         1.3352870017         3.1973542625        -0.0724711834
        2.6855040000         2.2600000000         1.3378393285         3.1948023851        -0.0059838592
        2.6908974000         2.2600000000         1.3352870017         3.1973542625        -0.0724711834
        2.6955098000         2.2600000000         1.3276300211         3.1896986301        -0.2719331561
        2.7005367000         2.2600000000         1.3276300211         3.1896986301        -0.2719331561
        2.7055508000         2.2600000000         1.3378393285         3.2024580174        -0.0059838592
        2.7107413000         2.2600000000         1.3352870017         3.1948023851        -0.0724711834
        2.7157323000         2.2600000000         1.3352870017         3.1948023851        -0.0724711834
        2.7206106000         2.2600000000         1.3327346748         3.1948023851        -0.1389585076
        2.7257066000         2.2600000000         1.3403916554         3.1999061400         0.0605034650
        2.7307454000         2.2600000000         1.3557056165         3.1999061400         0.4594274104
        2.7356329000         2.2600000000         1.3327346748         3.1922505076        -0.1389585076
        2.7405887000         2.2600000000         1.3327346748         3.1922505076        -0.1389585076
        2.7456398000         2.2600000000         1.3327346748         3.1922505076        -0.1389585076
        2.7505798000         2.2600000000         1.3403916554         3.1973542625         0.0605034650
        2.7556713000         2.2600000000         1.3378393285         3.1973542625        -0.0059838592
        2.7605339000         2.2600000000         1.3327346748         3.1896986301        -0.1389585076
        2.7655847000         2.2600000000         1.3250776943         3.1845948752        -0.3384204803
        2.7705022000         2.2600000000         1.3225253674         3.1896986301        -0.4049078045
        2.7754973000         2.2600000000         1.3301823480         3.1871467527        -0.2054458319
        2.7805055000         2.2600000000         1.3301823480         3.1871467527        -0.2054458319
        2.7855741000         2.2600000000         1.3429439823         3.1871467527         0.1269907893
        2.7905497000         2.2600000000         1.3301823480         3.1820429978        -0.2054458319
        2.7955089000         2.2600000000         1.3276300211         3.1845948752        -0.2719331561
        2.8005708000         2.2600000000         1.3225253674         3.1769392429        -0.4049078045
        2.8055344000         2.2600000000         1.3276300211         3.1845948752        -0.2719331561
        2.8105248000         2.2600000000         1.3250776943         3.1845948752        -0.3384204803
        2.8155129000         2.2600000000         1.3327346748         3.1871467527        -0.1389585076
        2.8205169000         2.2600000000         1.3352870017         3.1820429978        -0.0724711834
        2.8255127000         2.2600000000         1.3225253674         3.1718354879        -0.4049078045
        2.8306390000         2.2600000000         1.3174207137         3.1718354879        -0.5378824530
        2.8355155000         2.2600000000         1.3225253674         3.1769392429        -0.4049078045
        2.8404735000         2.2600000000         1.3199730405         3.1743873654        -0.4713951288
        2.8455444000         2.2600000000         1.3148683868         3.1667317330        -0.6043697772
        2.8504568000         2.2600000000         1.3148683868         3.1667317330        -0.6043697772
        2.8554896000         2.2600000000         1.3046590794         3.1616279781        -0.8703190741
        2.8605342000         2.2600000000         1.3148683868         3.1616279781        -0.6043697772
        2.8655856000         2.2600000000         1.3123160600         3.1616279781        -0.6708571014
        2.8709703000         2.2600000000         1.3174207137         3.1641798556        -0.5378824530
        2.8755082000         2.2600000000         1.3301823480         3.1692836105        -0.2054458319
        2.8806890000         2.2600000000         1.3148683868         3.1590761006        -0.6043697772
        2.8855930000         2.2600000000         1.3046590794         3.1539723457        -0.8703190741
        2.8905171000         2.2600000000         1.3097637331         3.1488685908        -0.7373444257
        2.8955767000         2.2600000000         1.3097637331         3.1539723457        -0.7373444257
        2.9005246000         2.2600000000         1.3148683868         3.1514204683        -0.6043697772
        2.9055770000         2.2600000000         1.3225253674         3.1539723457        -0.4049078045
        2.9106564000         2.2600000000         1.2995544257         3.1386610810        -1.0032937226
        2.9156218000         2.2600000000         1.3123160600         3.1514204683        -0.6708571014
        2.9205084000         2.2600000000         1.3199730405         3.1463167133        -0.4713951288
        2.9255862000         2.2600000000         1.3199730405         3.1437648359        -0.4713951288
        2.9305069000         2.2600000000         1.3174207137         3.1335573261        -0.5378824530
        2.9355538000         2.2600000000         1.3148683868         3.1361092035        -0.6043697772
        2.9405636000         2.2600000000         1.3250776943         3.1386610810        -0.3384204803
        2.9455593000         2.2600000000         1.3250776943         3.1361092035        -0.3384204803
        2.9504485000         2.2600000000         1.3174207137         3.1284535711        -0.5378824530
        2.9556056000         2.2600000000         1.3148683868         3.1207979388        -0.6043697772
        2.9606151000         2.2600000000         1.3301823480         3.1182460613        -0.2054458319
        2.9655650000         2.2600000000         1.3225253674         3.1259016937        -0.4049078045
        2.9705294000         2.2600000000         1.3225253674         3.1233498162        -0.4049078045
        2.9754661000         2.2600000000         1.3174207137         3.1156941838        -0.5378824530
        2.9805864000         2.2600000000         1.3199730405         3.1182460613        -0.4713951288
        2.9856597000         2.2600000000         1.3327346748         3.1233498162        -0.1389585076
        2.9904366000         2.2600000000         1.3148683868         3.1080385515        -0.6043697772
        2.9955229000         2.2600000000         1.3250776943         3.1131423064        -0.3384204803
        3.0005430000         2.2600000000         1.3250776943         3.1131423064        -0.3384204803
        3.0054170000         2.2600000000         1.3327346748         3.1182460613        -0.1389585076
        3.0104346000         2.2600000000         1.3199730405         3.1054866740        -0.4713951288
        3.0154681000         2.2600000000         1.3199730405         3.0952791642        -0.4713951288
        3.0205878000         2.2600000000         1.3301823480         3.1182460613        -0.2054458319
        3.0254831000         2.2600000000         1.3276300211         3.1080385515        -0.2719331561
        3.0304339000         2.2600000000         1.3225253674         3.0978310416        -0.4049078045
        3.0354680000         2.2600000000         1.3327346748         3.1080385515        -0.1389585076
        3.0404590000         2.2600000000         1.3199730405         3.0978310416        -0.4713951288
        3.0453883000         2.2600000000         1.3276300211         3.1003829191        -0.2719331561
        3.0506181000         2.2600000000         1.3250776943         3.1003829191        -0.3384204803
        3.0553965000         2.2600000000         1.3225253674         3.0952791642        -0.4049078045
        3.0603975000         2.2600000000         1.3250776943         3.0978310416        -0.3384204803
        3.0655150000         2.2600000000         1.3327346748         3.1003829191        -0.1389585076
        3.0705480000         2.2600000000         1.3327346748         3.1029347965        -0.1389585076
        3.0754081000         2.2600000000         1.3199730405         3.0876235318        -0.4713951288
        3.0804269000         2.2600000000         1.3225253674         3.0876235318        -0.4049078045
        3.0854562000         2.2600000000         1.3301823480         3.0952791642        -0.2054458319
        3.0904481000         2.2600000000         1.3506009628         3.0927272867         0.3264527620
        3.0954212000         2.2600000000         1.3199730405         3.0927272867        -0.4713951288
        3.1003999000         2.2600000000         1.3327346748         3.0952791642        -0.1389585076
        3.1055231000         2.2600000000         1.3225253674         3.0876235318        -0.4049078045
        3.1104682000         2.2600000000         1.3276300211         3.0927272867        -0.2719331561
        3.1154522000         2.2600000000         1.3276300211         3.0927272867        -0.2719331561
        3.1204359000         2.2600000000         1.3174207137         3.0774160220        -0.5378824530
        3.1254330000         2.2600000000         1.3250776943         3.0876235318        -0.3384204803
        3.1304691000         2.2600000000         1.3225253674         3.0876235318        -0.4049078045
        3.1354521000         2.2600000000         1.3123160600         3.0723122670        -0.6708571014
        3.1403882000         2.2600000000         1.3148683868         3.0774160220        -0.6043697772
        3.1456268000         2.2600000000         1.3148683868         3.0748641445        -0.6043697772
        3.1504344000         2.2600000000         1.3123160600         3.0646566347        -0.6708571014
        3.1555377000         2.2600000000         1.3174207137         3.0697603896        -0.5378824530
        3.1605247000         2.2600000000         1.3199730405         3.0748641445        -0.4713951288
        3.1701119000         2.2600000000         1.3250776943         3.0621047572        -0.3384204803
        3.1707210000         2.2600000000         1.3174207137         3.0646566347        -0.5378824530
        3.1754760000         2.2600000000         1.3403916554         3.0595528797         0.0605034650
        3.1804516000         2.2600000000         1.3123160600         3.0595528797        -0.6708571014
        3.1853988000         2.2600000000         1.3097637331         3.0518972474        -0.7373444257
        3.1904478000         2.2600000000         1.3174207137         3.0544491248        -0.5378824530
        3.1954282000         2.2600000000         1.3148683868         3.0544491248        -0.6043697772
        3.2004049000         2.2600000000         1.3072114063         3.0442416150        -0.8038317499
        3.2055008000         2.2600000000         1.3225253674         3.0544491248        -0.4049078045
        3.2104961000         2.2600000000         1.3225253674         3.0493453699        -0.4049078045
        3.2154257000         2.2600000000         1.3174207137         3.0467934924        -0.5378824530
        3.2204092000         2.2600000000         1.3097637331         3.0416897375        -0.7373444257
        3.2254095000         2.2600000000         1.3097637331         3.0314822277        -0.7373444257
        3.2304504000         2.2600000000         1.3072114063         3.0289303502        -0.8038317499
        3.2355631000         2.2600000000         1.3174207137         3.0340341051        -0.5378824530
        3.2405637000         2.2600000000         1.3148683868         3.0314822277        -0.6043697772
        3.2455356000         2.2600000000         1.3123160600         3.0314822277        -0.6708571014
        3.2505907000         2.2600000000         1.3123160600         3.0289303502        -0.6708571014
        3.2555078000         2.2600000000         1.3097637331         3.0212747179        -0.7373444257
        3.2605325000         2.2600000000         1.3148683868         3.0212747179        -0.6043697772
        3.2655669000         2.2600000000         1.3072114063         3.0161709629        -0.8038317499
        3.2705653000         2.2600000000         1.3072114063         3.0110672080        -0.8038317499
        3.2755691000         2.2600000000         1.3097637331         3.0085153306        -0.7373444257
        3.2805431000         2.2600000000         1.3072114063         3.0059634531        -0.8038317499
        3.2855667000         2.2600000000         1.3123160600         3.0059634531        -0.6708571014
        3.2905110000         2.2600000000         1.3174207137         3.0085153306        -0.5378824530
        3.2954448000         2.2600000000         1.3072114063         2.9983078207        -0.8038317499
        3.3004660000         2.2600000000         1.3097637331         3.0034115756        -0.7373444257
        3.3054509000         2.2600000000         1.3097637331         2.9957559433        -0.7373444257
        3.3106021000         2.2600000000         1.3174207137         3.0059634531        -0.5378824530
        3.3155552000         2.2600000000         1.3174207137         3.0034115756        -0.5378824530
        3.3207066000         2.2600000000         1.3174207137         2.9983078207        -0.5378824530
        3.3254908000         2.2600000000         1.3123160600         2.9906521883        -0.6708571014
        3.3305723000         2.2600000000         1.3072114063         2.9804446785        -0.8038317499
        3.3356291000         2.2600000000         1.3123160600         2.9855484334        -0.6708571014
        3.3407078000         2.2600000000         1.3097637331         2.9829965560        -0.7373444257
        3.3455273000         2.2600000000         1.3148683868         2.9855484334        -0.6043697772
        3.3505438000         2.2600000000         1.3225253674         2.9829965560        -0.4049078045
        3.3555625000         2.2600000000         1.3199730405         2.9804446785        -0.4713951288
        3.3605284000         2.2600000000         1.3123160600         2.9702371687        -0.6708571014
        3.3656124000         2.2600000000         1.3123160600         2.9651334138        -0.6708571014
        3.3706826000         2.2600000000         1.3148683868         2.9651334138        -0.6043697772
        3.3756187000         2.2600000000         1.3021067526         2.9549259039        -0.9368063984
        3.3807014000         2.2600000000         1.3046590794         2.9549259039        -0.8703190741
        3.3854966000         2.2600000000         1.3097637331         2.9549259039        -0.7373444257
        3.3905534000         2.2600000000         1.3097637331         2.9549259039        -0.7373444257
        3.3954754000         2.2600000000         1.3097637331         2.9523740265        -0.7373444257
        3.4005716000         2.2600000000         1.3148683868         2.9549259039        -0.6043697772
        3.4057295000         2.2600000000         1.3148683868         2.9549259039        -0.6043697772
        3.4105692000         2.2600000000         1.3097637331         2.9447183941        -0.7373444257
        3.4155940000         2.2600000000         1.3123160600         2.9421665166        -0.6708571014
        3.4205728000         2.2600000000         1.3072114063         2.9319590068        -0.8038317499
        3.4255689000         2.2600000000         1.3097637331         2.9319590068        -0.7373444257
        3.4305608000         2.2600000000         1.3123160600         2.9345108842        -0.6708571014
        3.4355800000         2.2600000000         1.3148683868         2.9294071293        -0.6043697772
        3.4405557000         2.2600000000         1.3225253674         2.9319590068        -0.4049078045
        3.4456161000         2.2600000000         1.3174207137         2.9268552519        -0.5378824530
        3.4505911000         2.2600000000         1.3174207137         2.9243033744        -0.5378824530
        3.4556230000         2.2600000000         1.3123160600         2.9140958646        -0.6708571014
        3.4605232000         2.2600000000         1.3174207137         2.9217514970        -0.5378824530
        3.4655924000         2.2600000000         1.3174207137         2.9191996195        -0.5378824530
        3.4706067000         2.2600000000         1.3250776943         2.9217514970        -0.3384204803
        3.4756142000         2.2600000000         1.3225253674         2.9140958646        -0.4049078045
        3.4805902000         2.2600000000         1.3174207137         2.9140958646        -0.5378824530
        3.4855892000         2.2600000000         1.3148683868         2.9115439871        -0.6043697772
        3.4905360000         2.2600000000         1.3148683868         2.9038883547        -0.6043697772
        3.4955906000         2.2600000000         1.3174207137         2.9089921097        -0.5378824530
        3.5004510000         2.2600000000         1.3148683868         2.9013364773        -0.6043697772
        3.5054818000         2.2600000000         1.3199730405         2.9038883547        -0.4713951288
        3.5105686000         2.2600000000         1.3225253674         2.9038883547        -0.4049078045
        3.5155475000         2.2600000000         1.3199730405         2.9038883547        -0.4713951288
        3.5205582000         2.2600000000         1.3199730405         2.8987845998        -0.4713951288
        3.5255643000         2.2600000000         1.3199730405         2.8962327224        -0.4713951288
        3.5305612000         2.2600000000         1.3097637331         2.8911289674        -0.7373444257
        3.5355495000         2.2600000000         1.3123160600         2.8834733351        -0.6708571014
        3.5404925000         2.2600000000         1.3250776943         2.8936808449        -0.3384204803
        3.5455567000         2.2600000000         1.3174207137         2.8885770900        -0.5378824530
        3.5505858000         2.2600000000         1.3148683868         2.8860252125        -0.6043697772
        3.5556582000         2.2600000000         1.3174207137         2.8834733351        -0.5378824530
        3.5605486000         2.2600000000         1.3123160600         2.8758177027        -0.6708571014
        3.5655607000         2.2600000000         1.3021067526         2.8758177027        -0.9368063984
        3.5704595000         2.2600000000         1.3097637331         2.8707139478        -0.7373444257
        3.5754513000         2.2600000000         1.3072114063         2.8707139478        -0.8038317499
        3.5805952000         2.2600000000         1.3123160600         2.8707139478        -0.6708571014
        3.5855234000         2.2600000000         1.3123160600         2.8707139478        -0.6708571014
        3.5904819000         2.2600000000         1.3148683868         2.8732658252        -0.6043697772
        3.5954867000         2.2600000000         1.3123160600         2.8656101929        -0.6708571014
        3.6005017000         2.2600000000         1.3072114063         2.8579545605        -0.8038317499
        3.6055245000         2.2600000000         1.3097637331         2.8528508056        -0.7373444257
        3.6104341000         2.2600000000         1.3123160600         2.8579545605        -0.6708571014
        3.6155270000         2.2600000000         1.3174207137         2.8630583154        -0.5378824530
        3.6205598000         2.2600000000         1.3174207137         2.8605064379        -0.5378824530
        3.6254889000         2.2600000000         1.3097637331         2.8451951732        -0.7373444257
        3.6306479000         2.2600000000         1.3097637331         2.8400914183        -0.7373444257
        3.6355301000         2.2600000000         1.3046590794         2.8451951732        -0.8703190741
        3.6405137000         2.2600000000         1.3250776943         2.8502989281        -0.3384204803
        3.6455181000         2.2600000000         1.3199730405         2.8477470506        -0.4713951288
        3.6505293000         2.2600000000         1.3148683868         2.8375395408        -0.6043697772
        3.6555296000         2.2600000000         1.3148683868         2.8375395408        -0.6043697772
        3.6605316000         2.2600000000         1.3097637331         2.8298839084        -0.7373444257
        3.6655287000         2.2600000000         1.3225253674         2.8400914183        -0.4049078045
        3.6705637000         2.2600000000         1.3225253674         2.8375395408        -0.4049078045
        3.6755662000         2.2600000000         1.3174207137         2.8222282761        -0.5378824530
        3.6805427000         2.2600000000         1.3225253674         2.8298839084        -0.4049078045
        3.6855625000         2.2600000000         1.3174207137         2.8222282761        -0.5378824530
        3.6904919000         2.2600000000         1.3097637331         2.8145726437        -0.7373444257
        3.6955979000         2.2600000000         1.3174207137         2.8196763986        -0.5378824530
        3.7004256000         2.2600000000         1.3123160600         2.8094688888        -0.6708571014
        3.7054130000         2.2600000000         1.3097637331         2.8094688888        -0.7373444257
        3.7105418000         2.2600000000         1.3174207137         2.8120207662        -0.5378824530
        3.7154435000         2.2600000000         1.3046590794         2.8171245211        -0.8703190741
        3.7205461000         2.2600000000         1.3097637331         2.8018132564        -0.7373444257
        3.7254233000         2.2600000000         1.3250776943         2.8120207662        -0.3384204803
        3.7306192000         2.2600000000         1.3225253674         2.8094688888        -0.4049078045
        3.7354190000         2.2600000000         1.3174207137         2.8018132564        -0.5378824530
        3.7405572000         2.2600000000         1.3199730405         2.7992613789        -0.4713951288
        3.7454220000         2.2600000000         1.3378393285         2.7916057465        -0.0059838592
        3.7504414000         2.2600000000         1.3148683868         2.7941576240        -0.6043697772
        3.7553916000         2.2600000000         1.3072114063         2.7865019916        -0.8038317499
        3.7604478000         2.2600000000         1.3148683868         2.7916057465        -0.6043697772
        3.7654426000         2.2600000000         1.3097637331         2.7813982367        -0.7373444257
        3.7705045000         2.2600000000         1.3199730405         2.7865019916        -0.4713951288
        3.7754295000         2.2600000000         1.3148683868         2.7839501142        -0.6043697772
        3.7804353000         2.2600000000         1.3046590794         2.7762944818        -0.8703190741
        3.7854172000         2.2600000000         1.3174207137         2.7839501142        -0.5378824530
        3.7904223000         2.2600000000         1.3072114063         2.7711907269        -0.8038317499
        3.7954512000         2.2600000000         1.3097637331         2.7711907269        -0.7373444257
        3.8004302000         2.2600000000         1.3097637331         2.7686388494        -0.7373444257
        3.8054292000         2.2600000000         1.3148683868         2.7711907269        -0.6043697772
        3.8104620000         2.2600000000         1.3097637331         2.7609832170        -0.7373444257
        3.8154819000         2.2600000000         1.3072114063         2.7558794621        -0.8038317499
        3.8204215000         2.2600000000         1.3403916554         2.7635350945         0.0605034650
        3.8254882000         2.2600000000         1.3174207137         2.7635350945        -0.5378824530
        3.8304234000         2.2600000000         1.3072114063         2.7482238297        -0.8038317499
        3.8354847000         2.2600000000         1.3148683868         2.7507757072        -0.6043697772
        3.8404269000         2.2600000000         1.3225253674         2.7533275847        -0.4049078045
        3.8454515000         2.2600000000         1.3148683868         2.7507757072        -0.6043697772
        3.8505176000         2.2600000000         1.3148683868         2.7431200748        -0.6043697772
        3.8555608000         2.2600000000         1.3148683868         2.7405681974        -0.6043697772
        3.8606659000         2.2600000000         1.3225253674         2.7431200748        -0.4049078045
        3.8655613000         2.2600000000         1.3225253674         2.7405681974        -0.4049078045
        3.8706684000         2.2600000000         1.3174207137         2.7405681974        -0.5378824530
        3.8755797000         2.2600000000         1.3148683868         2.7278088101        -0.6043697772
        3.8805481000         2.2600000000         1.3276300211         2.7354644424        -0.2719331561
        3.8855251000         2.2600000000         1.3199730405         2.7329125650        -0.4713951288
        3.8904317000         2.2600000000         1.3199730405         2.7303606875        -0.4713951288
        3.8954839000         2.2600000000         1.3148683868         2.7278088101        -0.6043697772
        3.9005266000         2.2600000000         1.3072114063         2.7176013002        -0.8038317499
        3.9054127000         2.2600000000         1.3148683868         2.7150494228        -0.6043697772
        3.9106508000         2.2600000000         1.3123160600         2.7124975453        -0.6708571014
        3.9154567000         2.2600000000         1.3072114063         2.7048419129        -0.8038317499
        3.9204454000         2.2600000000         1.3123160600         2.7099456679        -0.6708571014
        3.9255596000         2.2600000000         1.3199730405         2.7099456679        -0.4713951288
        3.9304758000         2.2600000000         1.3199730405         2.7099456679        -0.4713951288
        3.9356792000         2.2600000000         1.3174207137         2.7073937904        -0.5378824530
        3.9416516000         2.2600000000         1.3097637331         2.6920825256        -0.7373444257
        3.9454775000         2.2600000000         1.3072114063         2.6895306482        -0.8038317499
        3.9503887000         2.2600000000         1.3250776943         2.6946344031        -0.3384204803
        3.9554956000         2.2600000000         1.3148683868         2.6946344031        -0.6043697772
        3.9604955000         2.2600000000         1.3225253674         2.6844268933        -0.4049078045
        3.9655310000         2.2600000000         1.3174207137         2.6869787707        -0.5378824530
        3.9704943000         2.2600000000         1.3148683868         2.6869787707        -0.6043697772
        3.9755150000         2.2600000000         1.3148683868         2.6844268933        -0.6043697772
        3.9804218000         2.2600000000         1.3097637331         2.6767712609        -0.7373444257
        3.9854980000         2.2600000000         1.3097637331         2.6716675060        -0.7373444257
        3.9904432000         2.2600000000         1.3097637331         2.6716675060        -0.7373444257
        3.9954764000         2.2600000000         1.3225253674         2.6844268933        -0.4049078045
        4.0004328000         2.2600000000         1.3123160600         2.6665637511        -0.6708571014
