% Sweep Step 78/200  Vcmd=2.1100V  CCW 
% Vg_offset=1.338069V  K_gimbal=26.049690

Time[s]              Vcmd[V]              Vg_raw[V]            Pot[V]             Omega[rad/s]
        0.0021425000         2.1100000000         1.3429439823         1.7529916207         0.1269907893
        0.0055917000         2.1100000000         1.3301823480         1.7427841109        -0.2054458319
        0.0107060000         2.1100000000         1.3403916554         1.7478878658         0.0605034650
        0.0155792000         2.1100000000         1.3327346748         1.7427841109        -0.1389585076
        0.0207538000         2.1100000000         1.3480486360         1.7529916207         0.2599654377
        0.0255736000         2.1100000000         1.3403916554         1.7478878658         0.0605034650
        0.0305369000         2.1100000000         1.3301823480         1.7402322334        -0.2054458319
        0.0355580000         2.1100000000         1.2944497720         1.7427841109        -1.1362683710
        0.0405135000         2.1100000000         1.2536125423         1.7351284785        -2.2000655587
        0.0455260000         2.1100000000         1.2893451183         1.7300247236        -1.2692430195
        0.0505336000         2.1100000000         1.2842404646         1.7274728461        -1.4022176679
        0.0555191000         2.1100000000         1.2638218497         1.7198172138        -1.9341162618
        0.0605921000         2.1100000000         1.2791358108         1.7070578265        -1.5351923164
        0.0655218000         2.1100000000         1.2638218497         1.7019540715        -1.9341162618
        0.0705877000         2.1100000000         1.2740311571         1.6994021941        -1.6681669648
        0.0755351000         2.1100000000         1.2765834840         1.6968503166        -1.6016796406
        0.0804521000         2.1100000000         1.2663741766         1.6815390519        -1.8676289375
        0.0854966000         2.1100000000         1.2740311571         1.6866428068        -1.6681669648
        0.0904310000         2.1100000000         1.2816881377         1.6687796646        -1.4687049922
        0.0954879000         2.1100000000         1.2689265034         1.6662277871        -1.8011416133
        0.1005834000         2.1100000000         1.2689265034         1.6611240322        -1.8011416133
        0.1055235000         2.1100000000         1.2714788303         1.6458127674        -1.7346542891
        0.1105123000         2.1100000000         1.2765834840         1.6534683998        -1.6016796406
        0.1154959000         2.1100000000         1.2714788303         1.6356052576        -1.7346542891
        0.1204951000         2.1100000000         1.2791358108         1.6381571351        -1.5351923164
        0.1254598000         2.1100000000         1.2663741766         1.6305015027        -1.8676289375
        0.1304416000         2.1100000000         1.2714788303         1.6151902379        -1.7346542891
        0.1354303000         2.1100000000         1.2816881377         1.6228458703        -1.4687049922
        0.1405216000         2.1100000000         1.2714788303         1.6100864830        -1.7346542891
        0.1454802000         2.1100000000         1.2714788303         1.5973270957        -1.7346542891
        0.1505152000         2.1100000000         1.2714788303         1.5973270957        -1.7346542891
        0.1554566000         2.1100000000         1.2638218497         1.5845677084        -1.9341162618
        0.1606186000         2.1100000000         1.2689265034         1.5845677084        -1.8011416133
        0.1654425000         2.1100000000         1.2714788303         1.5769120761        -1.7346542891
        0.1704471000         2.1100000000         1.2765834840         1.5769120761        -1.6016796406
        0.1754788000         2.1100000000         1.2663741766         1.5667045662        -1.8676289375
        0.1804707000         2.1100000000         1.2612695229         1.5539451789        -2.0006035860
        0.1854729000         2.1100000000         1.2689265034         1.5488414240        -1.8011416133
        0.1904569000         2.1100000000         1.2663741766         1.5437376691        -1.8676289375
        0.1955503000         2.1100000000         1.2740311571         1.5411857916        -1.6681669648
        0.2005884000         2.1100000000         1.2893451183         1.5335301593        -1.2692430195
        0.2054910000         2.1100000000         1.2612695229         1.5182188945        -2.0006035860
        0.2105200000         2.1100000000         1.2638218497         1.5131151396        -1.9341162618
        0.2154359000         2.1100000000         1.2663741766         1.5080113847        -1.8676289375
        0.2204960000         2.1100000000         1.2638218497         1.5029076297        -1.9341162618
        0.2254611000         2.1100000000         1.2638218497         1.5003557523        -1.9341162618
        0.2305304000         2.1100000000         1.2714788303         1.4875963650        -1.7346542891
        0.2354779000         2.1100000000         1.2663741766         1.4901482425        -1.8676289375
        0.2405144000         2.1100000000         1.2689265034         1.4824926101        -1.8011416133
        0.2454729000         2.1100000000         1.2740311571         1.4722851002        -1.6681669648
        0.2505329000         2.1100000000         1.2663741766         1.4595257129        -1.8676289375
        0.2555668000         2.1100000000         1.2663741766         1.4595257129        -1.8676289375
        0.2604686000         2.1100000000         1.2638218497         1.4442144482        -1.9341162618
        0.2654741000         2.1100000000         1.2612695229         1.4391106933        -2.0006035860
        0.2704562000         2.1100000000         1.2765834840         1.4365588158        -1.6016796406
        0.2755384000         2.1100000000         1.2893451183         1.4263513060        -1.2692430195
        0.2804466000         2.1100000000         1.2663741766         1.4186956736        -1.8676289375
        0.2854997000         2.1100000000         1.2638218497         1.4033844088        -1.9341162618
        0.2904938000         2.1100000000         1.2689265034         1.4059362863        -1.8011416133
        0.2954602000         2.1100000000         1.2714788303         1.4033844088        -1.7346542891
        0.3004454000         2.1100000000         1.2638218497         1.3829693892        -1.9341162618
        0.3055527000         2.1100000000         1.2612695229         1.3778656343        -2.0006035860
        0.3105096000         2.1100000000         1.2663741766         1.3804175117        -1.8676289375
        0.3155474000         2.1100000000         1.2638218497         1.3625543695        -1.9341162618
        0.3205335000         2.1100000000         1.2612695229         1.3600024920        -2.0006035860
        0.3255088000         2.1100000000         1.2689265034         1.3625543695        -1.8011416133
        0.3305665000         2.1100000000         1.2638218497         1.3421393498        -1.9341162618
        0.3363045000         2.1100000000         1.2638218497         1.3421393498        -1.9341162618
        0.3405323000         2.1100000000         1.2714788303         1.3344837175        -1.7346542891
        0.3455025000         2.1100000000         1.2663741766         1.3217243302        -1.8676289375
        0.3504919000         2.1100000000         1.2816881377         1.3217243302        -1.4687049922
        0.3554715000         2.1100000000         1.2689265034         1.3166205752        -1.8011416133
        0.3605667000         2.1100000000         1.2638218497         1.3013093105        -1.9341162618
        0.3654541000         2.1100000000         1.2587171960         1.2936536781        -2.0670909102
        0.3706161000         2.1100000000         1.2714788303         1.2936536781        -1.7346542891
        0.3754973000         2.1100000000         1.2663741766         1.2859980457        -1.8676289375
        0.3804992000         2.1100000000         1.2765834840         1.2834461683        -1.6016796406
        0.3854770000         2.1100000000         1.2663741766         1.2757905359        -1.8676289375
        0.3904467000         2.1100000000         1.2714788303         1.2604792711        -1.7346542891
        0.3954052000         2.1100000000         1.2689265034         1.2681349035        -1.8011416133
        0.4005020000         2.1100000000         1.2740311571         1.2528236388        -1.6681669648
        0.4055230000         2.1100000000         1.2791358108         1.2528236388        -1.5351923164
        0.4107014000         2.1100000000         1.2740311571         1.2426161289        -1.6681669648
        0.4154992000         2.1100000000         1.2740311571         1.2400642515        -1.6681669648
        0.4205597000         2.1100000000         1.2612695229         1.2222011093        -2.0006035860
        0.4254945000         2.1100000000         1.2842404646         1.2273048642        -1.4022176679
        0.4305390000         2.1100000000         1.2638218497         1.2094417220        -1.9341162618
        0.4354916000         2.1100000000         1.2663741766         1.2068898445        -1.8676289375
        0.4404375000         2.1100000000         1.2638218497         1.1992342121        -1.9341162618
        0.4454756000         2.1100000000         1.2765834840         1.1941304572        -1.6016796406
        0.4504790000         2.1100000000         1.2663741766         1.1890267023        -1.8676289375
        0.4554385000         2.1100000000         1.2689265034         1.1788191925        -1.8011416133
        0.4614963000         2.1100000000         1.2740311571         1.1737154375        -1.6681669648
        0.4654958000         2.1100000000         1.2612695229         1.1609560502        -2.0006035860
        0.4707698000         2.1100000000         1.2663741766         1.1558522953        -1.8676289375
        0.4754589000         2.1100000000         1.2714788303         1.1584041728        -1.7346542891
        0.4805341000         2.1100000000         1.2714788303         1.1507485404        -1.7346542891
        0.4854440000         2.1100000000         1.2714788303         1.1405410306        -1.7346542891
        0.4903971000         2.1100000000         1.2638218497         1.1277816433        -1.9341162618
        0.4954820000         2.1100000000         1.2689265034         1.1252297658        -1.8011416133
        0.5005251000         2.1100000000         1.2714788303         1.1201260109        -1.7346542891
        0.5054901000         2.1100000000         1.2663741766         1.1150222560        -1.8676289375
        0.5104467000         2.1100000000         1.2689265034         1.1073666236        -1.8011416133
        0.5154935000         2.1100000000         1.2714788303         1.0997109912        -1.7346542891
        0.5204624000         2.1100000000         1.2765834840         1.0946072363        -1.6016796406
        0.5255065000         2.1100000000         1.2612695229         1.0869516039        -2.0006035860
        0.5305269000         2.1100000000         1.2765834840         1.0869516039        -1.6016796406
        0.5355422000         2.1100000000         1.2638218497         1.0741922166        -1.9341162618
        0.5405380000         2.1100000000         1.2689265034         1.0614328293        -1.8011416133
        0.5454655000         2.1100000000         1.2689265034         1.0588809519        -1.8011416133
        0.5504378000         2.1100000000         1.2791358108         1.0614328293        -1.5351923164
        0.5555209000         2.1100000000         1.2689265034         1.0461215646        -1.8011416133
        0.5605575000         2.1100000000         1.2714788303         1.0384659322        -1.7346542891
        0.5655421000         2.1100000000         1.2740311571         1.0359140547        -1.6681669648
        0.5706361000         2.1100000000         1.2689265034         1.0206027900        -1.8011416133
        0.5755892000         2.1100000000         1.2816881377         1.0257065449        -1.4687049922
        0.5806926000         2.1100000000         1.2714788303         1.0052915252        -1.7346542891
        0.5856945000         2.1100000000         1.2816881377         1.0129471576        -1.4687049922
        0.5906226000         2.1100000000         1.2714788303         0.9976358929        -1.7346542891
        0.5954538000         2.1100000000         1.2765834840         0.9950840154        -1.6016796406
        0.6006344000         2.1100000000         1.2816881377         0.9874283830        -1.4687049922
        0.6054574000         2.1100000000         1.2689265034         0.9797727506        -1.8011416133
        0.6105683000         2.1100000000         1.2816881377         0.9746689957        -1.4687049922
        0.6155315000         2.1100000000         1.2765834840         0.9746689957        -1.6016796406
        0.6205117000         2.1100000000         1.2816881377         0.9695652408        -1.4687049922
        0.6255541000         2.1100000000         1.2842404646         0.9619096084        -1.4022176679
        0.6305394000         2.1100000000         1.2867927914         0.9568058535        -1.3357303437
        0.6354742000         2.1100000000         1.2791358108         0.9465983437        -1.5351923164
        0.6404830000         2.1100000000         1.2918974451         0.9440464662        -1.2027556953
        0.6454499000         2.1100000000         1.2867927914         0.9440464662        -1.3357303437
        0.6505406000         2.1100000000         1.2893451183         0.9338389564        -1.2692430195
        0.6555485000         2.1100000000         1.2893451183         0.9363908338        -1.2692430195
        0.6605683000         2.1100000000         1.2918974451         0.9236314466        -1.2027556953
        0.6655923000         2.1100000000         1.2995544257         0.9210795691        -1.0032937226
        0.6705503000         2.1100000000         1.2893451183         0.9134239367        -1.2692430195
        0.6755916000         2.1100000000         1.2842404646         0.9108720593        -1.4022176679
        0.6805487000         2.1100000000         1.2842404646         0.9057683043        -1.4022176679
        0.6855429000         2.1100000000         1.2867927914         0.9032164269        -1.3357303437
        0.6905559000         2.1100000000         1.2944497720         0.8904570396        -1.1362683710
        0.6954956000         2.1100000000         1.2893451183         0.8955607945        -1.2692430195
        0.7005559000         2.1100000000         1.2638218497         0.8828014072        -1.9341162618
        0.7055520000         2.1100000000         1.2842404646         0.8853532847        -1.4022176679
        0.7104502000         2.1100000000         1.2740311571         0.8725938974        -1.6681669648
        0.7155096000         2.1100000000         1.2663741766         0.8623863875        -1.8676289375
        0.7205056000         2.1100000000         1.2765834840         0.8598345101        -1.6016796406
        0.7254679000         2.1100000000         1.2689265034         0.8547307552        -1.8011416133
        0.7304568000         2.1100000000         1.2638218497         0.8496270002        -1.9341162618
        0.7354380000         2.1100000000         1.2689265034         0.8317638580        -1.8011416133
        0.7404372000         2.1100000000         1.2638218497         0.8292119806        -1.9341162618
        0.7454555000         2.1100000000         1.2842404646         0.8266601031        -1.4022176679
        0.7504822000         2.1100000000         1.2791358108         0.8292119806        -1.5351923164
        0.7556345000         2.1100000000         1.2638218497         0.8113488384        -1.9341162618
        0.7604557000         2.1100000000         1.2791358108         0.8036932060        -1.5351923164
        0.7654356000         2.1100000000         1.2638218497         0.7985894511        -1.9341162618
        0.7704681000         2.1100000000         1.2791358108         0.8011413285        -1.5351923164
        0.7754371000         2.1100000000         1.2740311571         0.7934856961        -1.6681669648
        0.7804441000         2.1100000000         1.2663741766         0.7756225539        -1.8676289375
        0.7854384000         2.1100000000         1.2689265034         0.7679669216        -1.8011416133
        0.7904857000         2.1100000000         1.2714788303         0.7730706765        -1.7346542891
        0.7954215000         2.1100000000         1.2740311571         0.7603112892        -1.6681669648
        0.8004561000         2.1100000000         1.2765834840         0.7577594117        -1.6016796406
        0.8054350000         2.1100000000         1.2714788303         0.7450000244        -1.7346542891
        0.8104963000         2.1100000000         1.2714788303         0.7347925146        -1.7346542891
        0.8154473000         2.1100000000         1.2765834840         0.7373443920        -1.6016796406
        0.8204993000         2.1100000000         1.2816881377         0.7271368822        -1.4687049922
        0.8255497000         2.1100000000         1.2842404646         0.7194812498        -1.4022176679
        0.8304682000         2.1100000000         1.2638218497         0.7169293724        -1.9341162618
        0.8354349000         2.1100000000         1.2791358108         0.7169293724        -1.5351923164
        0.8404973000         2.1100000000         1.2714788303         0.7067218625        -1.7346542891
        0.8454425000         2.1100000000         1.2689265034         0.6965143527        -1.8011416133
        0.8505782000         2.1100000000         1.2561648691         0.6812030879        -2.1335782344
        0.8554558000         2.1100000000         1.2612695229         0.6760993330        -2.0006035860
        0.8605729000         2.1100000000         1.2612695229         0.6658918232        -2.0006035860
        0.8655636000         2.1100000000         1.2714788303         0.6735474556        -1.7346542891
        0.8705560000         2.1100000000         1.2638218497         0.6582361908        -1.9341162618
        0.8756009000         2.1100000000         1.2638218497         0.6505805584        -1.9341162618
        0.8804856000         2.1100000000         1.2638218497         0.6429249261        -1.9341162618
        0.8855468000         2.1100000000         1.2663741766         0.6352692937        -1.8676289375
        0.8904885000         2.1100000000         1.2612695229         0.6225099064        -2.0006035860
        0.8954774000         2.1100000000         1.2663741766         0.6199580289        -1.8676289375
        0.9005387000         2.1100000000         1.2714788303         0.6148542740        -1.7346542891
        0.9055165000         2.1100000000         1.2689265034         0.6148542740        -1.8011416133
        0.9104535000         2.1100000000         1.2970020988         0.5969911318        -1.0697810468
        0.9154711000         2.1100000000         1.2638218497         0.5918873769        -1.9341162618
        0.9204459000         2.1100000000         1.2791358108         0.5918873769        -1.5351923164
        0.9254370000         2.1100000000         1.2638218497         0.5765761121        -1.9341162618
        0.9306012000         2.1100000000         1.2612695229         0.5663686023        -2.0006035860
        0.9354565000         2.1100000000         1.2612695229         0.5638167248        -2.0006035860
        0.9404390000         2.1100000000         1.2740311571         0.5638167248        -1.6681669648
        0.9457244000         2.1100000000         1.2663741766         0.5408498277        -1.8676289375
        0.9505417000         2.1100000000         1.2587171960         0.5357460728        -2.0670909102
        0.9554925000         2.1100000000         1.2740311571         0.5382979502        -1.6681669648
        0.9604827000         2.1100000000         1.2740311571         0.5331941953        -1.6681669648
        0.9654551000         2.1100000000         1.2714788303         0.5255385629        -1.7346542891
        0.9704627000         2.1100000000         1.2638218497         0.5127791757        -1.9341162618
        0.9754808000         2.1100000000         1.2663741766         0.5076754207        -1.8676289375
        0.9804544000         2.1100000000         1.2663741766         0.4974679109        -1.8676289375
        0.9854329000         2.1100000000         1.2612695229         0.4821566461        -2.0006035860
        0.9904961000         2.1100000000         1.2587171960         0.4821566461        -2.0670909102
        0.9954032000         2.1100000000         1.2663741766         0.4770528912        -1.8676289375
        1.0004688000         2.1100000000         1.2689265034         0.4745010138        -1.8011416133
        1.0054738000         2.1100000000         1.2714788303         0.4617416265        -1.7346542891
        1.0104464000         2.1100000000         1.2638218497         0.4540859941        -1.9341162618
        1.0154402000         2.1100000000         1.2689265034         0.4540859941        -1.8011416133
        1.0205160000         2.1100000000         1.2663741766         0.4413266068        -1.8676289375
        1.0255587000         2.1100000000         1.2638218497         0.4311190970        -1.9341162618
        1.0304983000         2.1100000000         1.2638218497         0.4260153420        -1.9341162618
        1.0354564000         2.1100000000         1.2638218497         0.4132559548        -1.9341162618
        1.0405186000         2.1100000000         1.2587171960         0.4030484449        -2.0670909102
        1.0454554000         2.1100000000         1.2663741766         0.4030484449        -1.8676289375
        1.0504614000         2.1100000000         1.2663741766         0.3928409351        -1.8676289375
        1.0554318000         2.1100000000         1.2740311571         0.3928409351        -1.6681669648
        1.0605270000         2.1100000000         1.2587171960         0.3724259154        -2.0670909102
        1.0654349000         2.1100000000         1.2612695229         0.3698740379        -2.0006035860
        1.0704360000         2.1100000000         1.2536125423         0.3596665281        -2.2000655587
        1.0754715000         2.1100000000         1.2638218497         0.3571146507        -1.9341162618
        1.0804299000         2.1100000000         1.2587171960         0.3545627732        -2.0670909102
        1.0854883000         2.1100000000         1.2612695229         0.3418033859        -2.0006035860
        1.0904717000         2.1100000000         1.2587171960         0.3341477535        -2.0670909102
        1.0954478000         2.1100000000         1.2612695229         0.3239402437        -2.0006035860
        1.1005259000         2.1100000000         1.2536125423         0.3188364888        -2.2000655587
        1.1054803000         2.1100000000         1.2612695229         0.3111808564        -2.0006035860
        1.1105224000         2.1100000000         1.2561648691         0.3009733466        -2.1335782344
        1.1154346000         2.1100000000         1.2587171960         0.2882139593        -2.0670909102
        1.1209833000         2.1100000000         1.2485078886         0.2780064494        -2.3330402071
        1.1255971000         2.1100000000         1.2663741766         0.2805583269        -1.8676289375
        1.1304705000         2.1100000000         1.2561648691         0.2677989396        -2.1335782344
        1.1354887000         2.1100000000         1.2561648691         0.2601433072        -2.1335782344
        1.1404399000         2.1100000000         1.2587171960         0.2448320425        -2.0670909102
        1.1454637000         2.1100000000         1.2561648691         0.2448320425        -2.1335782344
        1.1505613000         2.1100000000         1.2536125423         0.2346245326        -2.2000655587
        1.1557013000         2.1100000000         1.2765834840         0.2269689002        -1.6016796406
        1.1614123000         2.1100000000         1.2612695229         0.2142095129        -2.0006035860
        1.1655372000         2.1100000000         1.2561648691         0.2040020031        -2.1335782344
        1.1705124000         2.1100000000         1.2612695229         0.2014501257        -2.0006035860
        1.1755745000         2.1100000000         1.2536125423         0.1886907384        -2.2000655587
        1.1811106000         2.1100000000         1.2638218497         0.1886907384        -1.9341162618
        1.1855803000         2.1100000000         1.2612695229         0.1784832285        -2.0006035860
        1.1905308000         2.1100000000         1.2510602154         0.1657238412        -2.2665528829
        1.1955037000         2.1100000000         1.2587171960         0.1631719638        -2.0670909102
        1.2006031000         2.1100000000         1.2587171960         0.1555163314        -2.0670909102
        1.2055929000         2.1100000000         1.2612695229         0.1427569441        -2.0006035860
        1.2105918000         2.1100000000         1.2663741766         0.1427569441        -1.8676289375
        1.2154886000         2.1100000000         1.2663741766         0.1376531892        -1.8676289375
        1.2205419000         2.1100000000         1.2638218497         0.1223419244        -1.9341162618
        1.2255923000         2.1100000000         1.2638218497         0.1172381695        -1.9341162618
        1.2305564000         2.1100000000         1.2561648691         0.1070306597        -2.1335782344
        1.2355580000         2.1100000000         1.2587171960         0.0968231498        -2.0670909102
        1.2405752000         2.1100000000         1.2587171960         0.0891675175        -2.0670909102
        1.2455204000         2.1100000000         1.2587171960         0.0840637625        -2.0670909102
        1.2505015000         2.1100000000         1.2561648691         0.0662006203        -2.1335782344
        1.2556035000         2.1100000000         1.2638218497         0.0662006203        -1.9341162618
        1.2605587000         2.1100000000         1.2587171960         0.0559931105        -2.0670909102
        1.2655512000         2.1100000000         1.2561648691         0.0483374781        -2.1335782344
        1.2705664000         2.1100000000         1.2638218497         0.0406818457        -1.9341162618
        1.2755539000         2.1100000000         1.2536125423         0.0304743359        -2.2000655587
        1.2805540000         2.1100000000         1.2587171960         0.0355780908        -2.0670909102
        1.2855865000         2.1100000000         1.2587171960         0.0177149486        -2.0670909102
        1.2905904000         2.1100000000         1.2587171960         0.0151630711        -2.0670909102
        1.2955636000         2.1100000000         1.2663741766         0.0049555613        -1.8676289375
        1.3006443000         2.1100000000         1.2612695229         0.0024036839        -2.0006035860
        1.3055606000         2.1100000000         1.2612695229         0.0075074388        -2.0006035860
        1.3106240000         2.1100000000         1.2536125423        -0.0052519485        -2.2000655587
        1.3155633000         2.1100000000         1.2612695229         0.0049555613        -2.0006035860
        1.3205612000         2.1100000000         1.2561648691         0.0024036839        -2.1335782344
        1.3256227000         2.1100000000         1.2561648691         0.0024036839        -2.1335782344
        1.3305597000         2.1100000000         1.2587171960         0.0075074388        -2.0670909102
        1.3354432000         2.1100000000         1.2561648691         0.0049555613        -2.1335782344
        1.3405002000         2.1100000000         1.2740311571         0.0075074388        -1.6681669648
        1.3454780000         2.1100000000         1.2561648691        -0.0052519485        -2.1335782344
        1.3505578000         2.1100000000         1.2536125423         0.0024036839        -2.2000655587
        1.3556363000         2.1100000000         1.2536125423         0.0024036839        -2.2000655587
        1.3607058000         2.1100000000         1.2510602154        -0.0027000711        -2.2665528829
        1.3657545000         2.1100000000         1.2561648691         0.0024036839        -2.1335782344
        1.3704810000         2.1100000000         1.2638218497         1.1201260109        -1.9341162618
        1.3755880000         2.1100000000         1.2485078886         1.1099185011        -2.3330402071
        1.3804453000         2.1100000000         1.2536125423         1.0895034814        -2.2000655587
        1.3855287000         2.1100000000         1.2561648691         1.1175741334        -2.1335782344
        1.3904848000         2.1100000000         1.2561648691         1.1099185011        -2.1335782344
        1.3956576000         2.1100000000         1.2510602154         1.1048147461        -2.2665528829
        1.4005590000         2.1100000000         1.2536125423         1.1073666236        -2.2000655587
        1.4055642000         2.1100000000         1.2485078886         5.0015316260        -2.3330402071
        1.4106103000         2.1100000000         1.2561648691         5.0015316260        -2.1335782344
        1.4156915000         2.1100000000         1.2689265034         5.0091872584        -1.8011416133
        1.4205709000         2.1100000000         1.2510602154         5.0040835035        -2.2665528829
        1.4255606000         2.1100000000         1.2561648691         5.0040835035        -2.1335782344
        1.4305420000         2.1100000000         1.2382985811         5.0015316260        -2.5989895040
        1.4355334000         2.1100000000         1.2459555617         5.0015316260        -2.3995275313
        1.4405412000         2.1100000000         1.2382985811         5.0066353810        -2.5989895040
        1.4455793000         2.1100000000         1.2536125423         5.0142910133        -2.2000655587
        1.4505786000         2.1100000000         1.2459555617         5.0015316260        -2.3995275313
        1.4556069000         2.1100000000         1.2561648691         5.0066353810        -2.1335782344
        1.4604650000         2.1100000000         1.2510602154         5.0066353810        -2.2665528829
        1.4654731000         2.1100000000         1.2510602154         5.0066353810        -2.2665528829
        1.4704371000         2.1100000000         1.2434032349         5.0066353810        -2.4660148556
        1.4755269000         2.1100000000         1.2510602154         5.0040835035        -2.2665528829
        1.4805470000         2.1100000000         1.2612695229         4.9989797486        -2.0006035860
        1.4854530000         2.1100000000         1.2561648691         4.9887722387        -2.1335782344
        1.4904273000         2.1100000000         1.2536125423         4.9811166064        -2.2000655587
        1.4954450000         2.1100000000         1.2587171960         4.9811166064        -2.0670909102
        1.5004543000         2.1100000000         1.2510602154         4.9658053416        -2.2665528829
        1.5055261000         2.1100000000         1.2459555617         4.9530459543        -2.3995275313
        1.5104398000         2.1100000000         1.2612695229         4.9479421994        -2.0006035860
        1.5154379000         2.1100000000         1.2740311571         4.9377346896        -1.6681669648
        1.5204259000         2.1100000000         1.2459555617         4.9249753023        -2.3995275313
        1.5254497000         2.1100000000         1.2510602154         4.9224234248        -2.2665528829
        1.5304527000         2.1100000000         1.2485078886         4.9071121601        -2.3330402071
        1.5355247000         2.1100000000         1.2434032349         4.8969046502        -2.4660148556
        1.5405646000         2.1100000000         1.2536125423         4.9020084051        -2.2000655587
        1.5455906000         2.1100000000         1.2510602154         4.8866971404        -2.2665528829
        1.5505942000         2.1100000000         1.2536125423         4.8739377531        -2.2000655587
        1.5555494000         2.1100000000         1.2536125423         4.8662821207        -2.2000655587
        1.5605660000         2.1100000000         1.2638218497         4.8662821207        -1.9341162618
        1.5656856000         2.1100000000         1.2536125423         4.8509708560        -2.2000655587
        1.5706709000         2.1100000000         1.2638218497         4.8382114687        -1.9341162618
        1.5756024000         2.1100000000         1.2587171960         4.8382114687        -2.0670909102
        1.5805468000         2.1100000000         1.2485078886         4.8152445715        -2.3330402071
        1.5855971000         2.1100000000         1.2408509080         4.8075889392        -2.5325021798
        1.5906217000         2.1100000000         1.2587171960         4.8101408166        -2.0670909102
        1.5955781000         2.1100000000         1.2485078886         4.7948295519        -2.3330402071
        1.6005758000         2.1100000000         1.2459555617         4.7795182871        -2.3995275313
        1.6054312000         2.1100000000         1.2510602154         4.7795182871        -2.2665528829
        1.6107082000         2.1100000000         1.2561648691         4.7744145322        -2.1335782344
        1.6155722000         2.1100000000         1.2485078886         4.7616551449        -2.3330402071
        1.6205661000         2.1100000000         1.2612695229         4.7514476351        -2.0006035860
        1.6255164000         2.1100000000         1.2510602154         4.7412401252        -2.2665528829
        1.6306998000         2.1100000000         1.2587171960         4.7335844928        -2.0670909102
        1.6356684000         2.1100000000         1.2459555617         4.7182732281        -2.3995275313
        1.6405513000         2.1100000000         1.2510602154         4.7131694732        -2.2665528829
        1.6456972000         2.1100000000         1.2587171960         4.7080657183        -2.0670909102
        1.6505169000         2.1100000000         1.2638218497         4.7029619633        -1.9341162618
        1.6554546000         2.1100000000         1.2485078886         4.6825469437        -2.3330402071
        1.6606861000         2.1100000000         1.2561648691         4.6825469437        -2.1335782344
        1.6655006000         2.1100000000         1.2612695229         4.6799950662        -2.0006035860
        1.6705591000         2.1100000000         1.2510602154         4.6595800465        -2.2665528829
        1.6756254000         2.1100000000         1.2612695229         4.6621319240        -2.0006035860
        1.6805242000         2.1100000000         1.2612695229         4.6570281691        -2.0006035860
        1.6854780000         2.1100000000         1.2638218497         4.6391650269        -1.9341162618
        1.6905787000         2.1100000000         1.2612695229         4.6340612719        -2.0006035860
        1.6957962000         2.1100000000         1.2638218497         4.6238537621        -1.9341162618
        1.7005412000         2.1100000000         1.2612695229         4.6161981297        -2.0006035860
        1.7055990000         2.1100000000         1.2663741766         4.6110943748        -1.8676289375
        1.7112923000         2.1100000000         1.2485078886         4.5906793551        -2.3330402071
        1.7158802000         2.1100000000         1.2536125423         4.5881274777        -2.2000655587
        1.7204894000         2.1100000000         1.2587171960         4.5830237228        -2.0670909102
        1.7259380000         2.1100000000         1.2510602154         4.5753680904        -2.2665528829
        1.7305536000         2.1100000000         1.2536125423         4.5575049482        -2.2000655587
        1.7355810000         2.1100000000         1.2510602154         4.5575049482        -2.2665528829
        1.7406730000         2.1100000000         1.2459555617         4.5421936834        -2.3995275313
        1.7455107000         2.1100000000         1.2612695229         4.5472974383        -2.0006035860
        1.7506627000         2.1100000000         1.2510602154         4.5217786637        -2.2665528829
        1.7556049000         2.1100000000         1.2587171960         4.5243305412        -2.0670909102
        1.7606147000         2.1100000000         1.2382985811         4.5064673990        -2.5989895040
        1.7655453000         2.1100000000         1.2561648691         4.5115711539        -2.1335782344
        1.7705486000         2.1100000000         1.2510602154         4.4962598892        -2.2665528829
        1.7755353000         2.1100000000         1.2459555617         4.4835005019        -2.3995275313
        1.7804981000         2.1100000000         1.2536125423         4.4783967469        -2.2000655587
        1.7855199000         2.1100000000         1.2536125423         4.4732929920        -2.2000655587
        1.7905232000         2.1100000000         1.2587171960         4.4656373597        -2.0670909102
        1.7956759000         2.1100000000         1.2536125423         4.4503260949        -2.2000655587
        1.8006252000         2.1100000000         1.2612695229         4.4350148301        -2.0006035860
        1.8055287000         2.1100000000         1.2510602154         4.4324629527        -2.2665528829
        1.8105480000         2.1100000000         1.2510602154         4.4248073203        -2.2665528829
        1.8155362000         2.1100000000         1.2459555617         4.4145998105        -2.3995275313
        1.8204443000         2.1100000000         1.2485078886         4.4043923006        -2.3330402071
        1.8254599000         2.1100000000         1.2612695229         4.4069441781        -2.0006035860
        1.8304361000         2.1100000000         1.2459555617         4.3941847908        -2.3995275313
        1.8354798000         2.1100000000         1.2587171960         4.3865291584        -2.0670909102
        1.8404545000         2.1100000000         1.2536125423         4.3712178937        -2.2000655587
        1.8454620000         2.1100000000         1.2485078886         4.3635622613        -2.3330402071
        1.8504456000         2.1100000000         1.2510602154         4.3508028740        -2.2665528829
        1.8555333000         2.1100000000         1.2382985811         4.3456991191        -2.5989895040
        1.8604944000         2.1100000000         1.2510602154         4.3354916092        -2.2665528829
        1.8654681000         2.1100000000         1.2536125423         4.3303878543        -2.2000655587
        1.8704410000         2.1100000000         1.2536125423         4.3227322219        -2.2000655587
        1.8755674000         2.1100000000         1.2459555617         4.3099728347        -2.3995275313
        1.8806088000         2.1100000000         1.2434032349         4.2946615699        -2.4660148556
        1.8854980000         2.1100000000         1.2459555617         4.2946615699        -2.3995275313
        1.8905398000         2.1100000000         1.2434032349         4.2844540601        -2.4660148556
        1.8954994000         2.1100000000         1.2510602154         4.2716946728        -2.2665528829
        1.9004616000         2.1100000000         1.2510602154         4.2716946728        -2.2665528829
        1.9054555000         2.1100000000         1.2408509080         4.2512796531        -2.5325021798
        1.9104347000         2.1100000000         1.2485078886         4.2461758982        -2.3330402071
        1.9155052000         2.1100000000         1.2434032349         4.2308646334        -2.4660148556
        1.9205359000         2.1100000000         1.2331939274         4.2232090010        -2.7319641525
        1.9254704000         2.1100000000         1.2561648691         4.2257608785        -2.1335782344
        1.9304098000         2.1100000000         1.2485078886         4.2155533687        -2.3330402071
        1.9355041000         2.1100000000         1.2536125423         4.2078977363        -2.2000655587
        1.9404356000         2.1100000000         1.2306416006         4.1823789617        -2.7984514767
        1.9454749000         2.1100000000         1.2536125423         4.1823789617        -2.2000655587
        1.9504371000         2.1100000000         1.2280892737         4.1670676969        -2.8649388009
        1.9554927000         2.1100000000         1.2536125423         4.1696195744        -2.2000655587
        1.9605208000         2.1100000000         1.2408509080         4.1441007998        -2.5325021798
        1.9654588000         2.1100000000         1.2357462543         4.1415489224        -2.6654768282
        1.9704808000         2.1100000000         1.2408509080         4.1262376576        -2.5325021798
        1.9754267000         2.1100000000         1.2510602154         4.1211339027        -2.2665528829
        1.9804668000         2.1100000000         1.2587171960         4.1211339027        -2.0670909102
        1.9855339000         2.1100000000         1.2331939274         4.1058226379        -2.7319641525
        1.9904224000         2.1100000000         1.2561648691         4.0956151281        -2.1335782344
        1.9955006000         2.1100000000         1.2536125423         4.0854076183        -2.2000655587
        2.0004978000         2.1100000000         1.2434032349         4.0777519859        -2.4660148556
        2.0055152000         2.1100000000         1.2408509080         4.0700963535        -2.5325021798
        2.0106855000         2.1100000000         1.2536125423         4.0649925986        -2.2000655587
        2.0155813000         2.1100000000         1.2434032349         4.0471294564        -2.4660148556
        2.0205685000         2.1100000000         1.2459555617         4.0445775789        -2.3995275313
        2.0255266000         2.1100000000         1.2382985811         4.0267144367        -2.5989895040
        2.0304971000         2.1100000000         1.2382985811         4.0165069269        -2.5989895040
        2.0355630000         2.1100000000         1.2434032349         4.0088512945        -2.4660148556
        2.0407063000         2.1100000000         1.2459555617         4.0011956621        -2.3995275313
        2.0457542000         2.1100000000         1.2434032349         3.9909881523        -2.4660148556
        2.0505410000         2.1100000000         1.2331939274         3.9782287650        -2.7319641525
        2.0555196000         2.1100000000         1.2434032349         3.9731250101        -2.4660148556
        2.0605554000         2.1100000000         1.2408509080         3.9603656228        -2.5325021798
        2.0655854000         2.1100000000         1.2357462543         3.9450543580        -2.6654768282
        2.0705422000         2.1100000000         1.2485078886         3.9450543580        -2.3330402071
        2.0754908000         2.1100000000         1.2331939274         3.9220874609        -2.7319641525
        2.0804622000         2.1100000000         1.2357462543         3.9220874609        -2.6654768282
        2.0854867000         2.1100000000         1.2382985811         3.9118799510        -2.5989895040
        2.0907019000         2.1100000000         1.2382985811         3.8991205638        -2.5989895040
        2.0957435000         2.1100000000         1.2357462543         3.8940168088        -2.6654768282
        2.1005478000         2.1100000000         1.2434032349         3.8838092990        -2.4660148556
        2.1055330000         2.1100000000         1.2434032349         3.8812574215        -2.4660148556
        2.1105741000         2.1100000000         1.2408509080         3.8659461568        -2.5325021798
        2.1156941000         2.1100000000         1.2434032349         3.8531867695        -2.4660148556
        2.1204512000         2.1100000000         1.2382985811         3.8404273822        -2.5989895040
        2.1255581000         2.1100000000         1.2306416006         3.8327717498        -2.7984514767
        2.1305568000         2.1100000000         1.2408509080         3.8200123625        -2.5325021798
        2.1355675000         2.1100000000         1.2485078886         3.8174604851        -2.3330402071
        2.1405408000         2.1100000000         1.2331939274         3.8021492203        -2.7319641525
        2.1454385000         2.1100000000         1.2382985811         3.7868379556        -2.5989895040
        2.1504542000         2.1100000000         1.2561648691         3.7791823232        -2.1335782344
        2.1555004000         2.1100000000         1.2382985811         3.7740785683        -2.5989895040
        2.1604430000         2.1100000000         1.2434032349         3.7613191810        -2.4660148556
        2.1654565000         2.1100000000         1.2536125423         3.7638710584        -2.2000655587
        2.1705751000         2.1100000000         1.2306416006         3.7460079162        -2.7984514767
        2.1754981000         2.1100000000         1.2434032349         3.7332485289        -2.4660148556
        2.1805390000         2.1100000000         1.2459555617         3.7306966515        -2.3995275313
        2.1855977000         2.1100000000         1.2408509080         3.7204891416        -2.5325021798
        2.1904638000         2.1100000000         1.2434032349         3.7051778769        -2.4660148556
        2.1955049000         2.1100000000         1.2382985811         3.7000741219        -2.5989895040
        2.2004543000         2.1100000000         1.2408509080         3.6847628572        -2.5325021798
        2.2054544000         2.1100000000         1.2459555617         3.6796591023        -2.3995275313
        2.2104368000         2.1100000000         1.2485078886         3.6720034699        -2.3330402071
        2.2158106000         2.1100000000         1.2408509080         3.6592440826        -2.5325021798
        2.2204722000         2.1100000000         1.2485078886         3.6439328179        -2.3330402071
        2.2254987000         2.1100000000         1.2459555617         3.6337253080        -2.3995275313
        2.2304406000         2.1100000000         1.2280892737         3.6209659207        -2.8649388009
        2.2354864000         2.1100000000         1.2459555617         3.6184140433        -2.3995275313
        2.2405320000         2.1100000000         1.2331939274         3.6005509010        -2.7319641525
        2.2455997000         2.1100000000         1.2408509080         3.5954471461        -2.5325021798
        2.2505010000         2.1100000000         1.2408509080         3.5903433912        -2.5325021798
        2.2554643000         2.1100000000         1.2357462543         3.5699283715        -2.6654768282
        2.2604876000         2.1100000000         1.2408509080         3.5673764941        -2.5325021798
        2.2654176000         2.1100000000         1.2306416006         3.5546171068        -2.7984514767
        2.2704285000         2.1100000000         1.2357462543         3.5393058420        -2.6654768282
        2.2754930000         2.1100000000         1.2306416006         3.5290983322        -2.7984514767
        2.2804953000         2.1100000000         1.2408509080         3.5239945773        -2.5325021798
        2.2854411000         2.1100000000         1.2536125423         3.5239945773        -2.2000655587
        2.2904907000         2.1100000000         1.2357462543         3.5061314351        -2.6654768282
        2.2955215000         2.1100000000         1.2459555617         3.4959239252        -2.3995275313
        2.3005416000         2.1100000000         1.2382985811         3.4882682929        -2.5989895040
        2.3057066000         2.1100000000         1.2255369469         3.4755089056        -2.9314261252
        2.3105442000         2.1100000000         1.2306416006         3.4627495183        -2.7984514767
        2.3159529000         2.1100000000         1.2357462543         3.4550938859        -2.6654768282
        2.3206189000         2.1100000000         1.2459555617         3.4550938859        -2.3995275313
        2.3255963000         2.1100000000         1.2331939274         3.4321269888        -2.7319641525
        2.3305076000         2.1100000000         1.2434032349         3.4346788662        -2.4660148556
        2.3356770000         2.1100000000         1.2382985811         3.4168157240        -2.5989895040
        2.3406288000         2.1100000000         1.2408509080         3.4066082142        -2.5325021798
        2.3456317000         2.1100000000         1.2459555617         3.4040563367        -2.3995275313
        2.3506506000         2.1100000000         1.2331939274         3.3887450720        -2.7319641525
        2.3556377000         2.1100000000         1.2434032349         3.3810894396        -2.4660148556
        2.3606359000         2.1100000000         1.2459555617         3.3759856847        -2.3995275313
        2.3655566000         2.1100000000         1.2331939274         3.3530187875        -2.7319641525
        2.3706358000         2.1100000000         1.2382985811         3.3530187875        -2.5989895040
        2.3756644000         2.1100000000         1.2382985811         3.3377075228        -2.5989895040
        2.3806474000         2.1100000000         1.2382985811         3.3223962580        -2.5989895040
        2.3855931000         2.1100000000         1.2382985811         3.3198443806        -2.5989895040
        2.3906308000         2.1100000000         1.2536125423         3.3121887482        -2.2000655587
        2.3956530000         2.1100000000         1.2280892737         3.2917737285        -2.8649388009
        2.4005714000         2.1100000000         1.2587171960         3.2943256060        -2.0670909102
        2.4057050000         2.1100000000         1.2357462543         3.2739105863        -2.6654768282
        2.4106061000         2.1100000000         1.2331939274         3.2688068314        -2.7319641525
        2.4157761000         2.1100000000         1.2434032349         3.2637030765        -2.4660148556
        2.4206227000         2.1100000000         1.2306416006         3.2432880568        -2.7984514767
        2.4254151000         2.1100000000         1.2434032349         3.2432880568        -2.4660148556
        2.4306311000         2.1100000000         1.2434032349         3.2279767920        -2.4660148556
        2.4354894000         2.1100000000         1.2434032349         3.2254249146        -2.4660148556
        2.4405555000         2.1100000000         1.2331939274         3.1999061400        -2.7319641525
        2.4458381000         2.1100000000         1.2459555617         3.1948023851        -2.3995275313
        2.4505037000         2.1100000000         1.2357462543         3.1896986301        -2.6654768282
        2.4555483000         2.1100000000         1.2382985811         3.1794911203        -2.5989895040
        2.4605714000         2.1100000000         1.2408509080         3.1667317330        -2.5325021798
        2.4654483000         2.1100000000         1.2357462543         3.1539723457        -2.6654768282
        2.4704531000         2.1100000000         1.2382985811         3.1539723457        -2.5989895040
        2.4754362000         2.1100000000         1.2408509080         3.1437648359        -2.5325021798
        2.4804384000         2.1100000000         1.2280892737         3.1207979388        -2.8649388009
        2.4854377000         2.1100000000         1.2459555617         3.1259016937        -2.3995275313
        2.4904901000         2.1100000000         1.2331939274         3.1029347965        -2.7319641525
        2.4954726000         2.1100000000         1.2255369469         3.0927272867        -2.9314261252
        2.5005162000         2.1100000000         1.2408509080         3.0876235318        -2.5325021798
        2.5054550000         2.1100000000         1.2382985811         3.0774160220        -2.5989895040
        2.5104849000         2.1100000000         1.2459555617         3.0774160220        -2.3995275313
        2.5154480000         2.1100000000         1.2331939274         3.0544491248        -2.7319641525
        2.5204771000         2.1100000000         1.2306416006         3.0442416150        -2.7984514767
        2.5254998000         2.1100000000         1.2382985811         3.0442416150        -2.5989895040
        2.5304534000         2.1100000000         1.2255369469         3.0212747179        -2.9314261252
        2.5355009000         2.1100000000         1.2382985811         3.0161709629        -2.5989895040
        2.5404917000         2.1100000000         1.2331939274         3.0085153306        -2.7319641525
        2.5454819000         2.1100000000         1.2357462543         2.9983078207        -2.6654768282
        2.5504614000         2.1100000000         1.2255369469         2.9804446785        -2.9314261252
        2.5554450000         2.1100000000         1.2382985811         2.9829965560        -2.5989895040
        2.5605173000         2.1100000000         1.2434032349         2.9702371687        -2.4660148556
        2.5654731000         2.1100000000         1.2357462543         2.9549259039        -2.6654768282
        2.5705003000         2.1100000000         1.2280892737         2.9370627617        -2.8649388009
        2.5755669000         2.1100000000         1.2434032349         2.9421665166        -2.4660148556
        2.5804485000         2.1100000000         1.2434032349         2.9268552519        -2.4660148556
        2.5854694000         2.1100000000         1.2382985811         2.9217514970        -2.5989895040
        2.5904530000         2.1100000000         1.2280892737         2.8987845998        -2.8649388009
        2.5954870000         2.1100000000         1.2408509080         2.9013364773        -2.5325021798
        2.6005264000         2.1100000000         1.2434032349         2.8936808449        -2.4660148556
        2.6054364000         2.1100000000         1.2357462543         2.8681620703        -2.6654768282
        2.6104957000         2.1100000000         1.2408509080         2.8630583154        -2.5325021798
        2.6154375000         2.1100000000         1.2382985811         2.8528508056        -2.5989895040
        2.6204436000         2.1100000000         1.2331939274         2.8349876633        -2.7319641525
        2.6254270000         2.1100000000         1.2408509080         2.8324357859        -2.5325021798
        2.6304315000         2.1100000000         1.2280892737         2.8171245211        -2.8649388009
        2.6354348000         2.1100000000         1.2408509080         2.8145726437        -2.5325021798
        2.6404351000         2.1100000000         1.2459555617         2.8120207662        -2.3995275313
        2.6454667000         2.1100000000         1.2357462543         2.7865019916        -2.6654768282
        2.6504706000         2.1100000000         1.2382985811         2.7813982367        -2.5989895040
        2.6554330000         2.1100000000         1.2357462543         2.7737426043        -2.6654768282
        2.6605042000         2.1100000000         1.2485078886         2.7686388494        -2.3330402071
        2.6654682000         2.1100000000         1.2382985811         2.7533275847        -2.5989895040
        2.6705212000         2.1100000000         1.2434032349         2.7482238297        -2.4660148556
        2.6754315000         2.1100000000         1.2280892737         2.7278088101        -2.8649388009
        2.6804776000         2.1100000000         1.2382985811         2.7176013002        -2.5989895040
        2.6855154000         2.1100000000         1.2331939274         2.7073937904        -2.7319641525
        2.6904508000         2.1100000000         1.2408509080         2.7022900355        -2.5325021798
        2.6954474000         2.1100000000         1.2485078886         2.6997381580        -2.3330402071
        2.7004440000         2.1100000000         1.2434032349         2.6844268933        -2.4660148556
        2.7054317000         2.1100000000         1.2459555617         2.6767712609        -2.3995275313
        2.7104378000         2.1100000000         1.2510602154         2.6716675060        -2.2665528829
        2.7154338000         2.1100000000         1.2408509080         2.6563562412        -2.5325021798
        2.7204380000         2.1100000000         1.2434032349         2.6461487314        -2.4660148556
        2.7254369000         2.1100000000         1.2485078886         2.6461487314        -2.3330402071
        2.7304738000         2.1100000000         1.2510602154         2.6333893441        -2.2665528829
        2.7354535000         2.1100000000         1.2331939274         2.6129743244        -2.7319641525
        2.7404190000         2.1100000000         1.2459555617         2.6104224470        -2.3995275313
        2.7455274000         2.1100000000         1.2536125423         2.6053186920        -2.2000655587
        2.7504746000         2.1100000000         1.2357462543         2.5874555498        -2.6654768282
        2.7554631000         2.1100000000         1.2408509080         2.5746961625        -2.5325021798
        2.7604458000         2.1100000000         1.2459555617         2.5695924076        -2.3995275313
        2.7654721000         2.1100000000         1.2434032349         2.5644886527        -2.4660148556
        2.7705187000         2.1100000000         1.2408509080         2.5466255105        -2.5325021798
        2.7754474000         2.1100000000         1.2561648691         2.5517292654        -2.1335782344
        2.7805473000         2.1100000000         1.2510602154         2.5440736330        -2.2665528829
        2.7854550000         2.1100000000         1.2536125423         2.5262104908        -2.2000655587
        2.7905604000         2.1100000000         1.2536125423         2.5236586133        -2.2000655587
        2.7954667000         2.1100000000         1.2510602154         2.5083473486        -2.2665528829
        2.8005208000         2.1100000000         1.2459555617         2.5006917162        -2.3995275313
        2.8054473000         2.1100000000         1.2510602154         2.4904842064        -2.2665528829
        2.8104695000         2.1100000000         1.2510602154         2.4828285740        -2.2665528829
        2.8154428000         2.1100000000         1.2587171960         2.4802766965        -2.0670909102
        2.8205571000         2.1100000000         1.2561648691         2.4700691867        -2.1335782344
        2.8254692000         2.1100000000         1.2485078886         2.4496541670        -2.3330402071
        2.8304745000         2.1100000000         1.2561648691         2.4496541670        -2.1335782344
        2.8354392000         2.1100000000         1.2510602154         2.4317910248        -2.2665528829
        2.8404812000         2.1100000000         1.2612695229         2.4368947797        -2.0006035860
        2.8454937000         2.1100000000         1.2536125423         2.4241353924        -2.2000655587
        2.8504816000         2.1100000000         1.2638218497         2.4215835150        -1.9341162618
        2.8554846000         2.1100000000         1.2561648691         2.4011684953        -2.1335782344
        2.8604580000         2.1100000000         1.2638218497         2.4011684953        -1.9341162618
        2.8654385000         2.1100000000         1.2638218497         2.3960647404        -1.9341162618
        2.8704542000         2.1100000000         1.2663741766         2.3833053531        -1.8676289375
        2.8754323000         2.1100000000         1.2561648691         2.3730978433        -2.1335782344
        2.8804893000         2.1100000000         1.2561648691         2.3628903334        -2.1335782344
        2.8854377000         2.1100000000         1.2663741766         2.3603384560        -1.8676289375
        2.8905750000         2.1100000000         1.2561648691         2.3577865785        -2.1335782344
        2.8955356000         2.1100000000         1.2663741766         2.3450271912        -1.8676289375
        2.9005448000         2.1100000000         1.2740311571         2.3373715588        -1.6681669648
        2.9055307000         2.1100000000         1.2714788303         2.3348196814        -1.7346542891
        2.9105907000         2.1100000000         1.2587171960         2.3169565392        -2.0670909102
        2.9154454000         2.1100000000         1.2638218497         2.3144046617        -1.9341162618
        2.9204593000         2.1100000000         1.2587171960         2.3067490293        -2.0670909102
        2.9254448000         2.1100000000         1.2740311571         2.3041971519        -1.6681669648
        2.9305576000         2.1100000000         1.2587171960         2.2888858871        -2.0670909102
        2.9354652000         2.1100000000         1.2510602154         2.2812302547        -2.2665528829
        2.9404900000         2.1100000000         1.2740311571         2.2812302547        -1.6681669648
        2.9455455000         2.1100000000         1.2612695229         2.2659189900        -2.0006035860
        2.9504355000         2.1100000000         1.2689265034         2.2684708674        -1.8011416133
        2.9555124000         2.1100000000         1.2612695229         2.2506077252        -2.0006035860
        2.9605125000         2.1100000000         1.2918974451         2.2531596027        -1.2027556953
        2.9655732000         2.1100000000         1.2714788303         2.2455039703        -1.7346542891
        2.9706304000         2.1100000000         1.2689265034         2.2327445830        -1.8011416133
        2.9756048000         2.1100000000         1.2638218497         2.2301927056        -1.9341162618
        2.9807251000         2.1100000000         1.2816881377         2.2225370732        -1.4687049922
        2.9855742000         2.1100000000         1.2689265034         2.2097776859        -1.8011416133
        2.9905302000         2.1100000000         1.2663741766         2.2021220535        -1.8676289375
        2.9956882000         2.1100000000         1.2638218497         2.1944664211        -1.9341162618
        3.0006191000         2.1100000000         1.2714788303         2.1893626662        -1.7346542891
        3.0055439000         2.1100000000         1.2791358108         2.1893626662        -1.5351923164
        3.0105194000         2.1100000000         1.2740311571         2.1766032789        -1.6681669648
        3.0155430000         2.1100000000         1.2740311571         2.1714995240        -1.6681669648
        3.0204955000         2.1100000000         1.2740311571         2.1612920142        -1.6681669648
        3.0256731000         2.1100000000         1.2638218497         2.1510845043        -1.9341162618
        3.0306097000         2.1100000000         1.2740311571         2.1561882593        -1.6681669648
        3.0356579000         2.1100000000         1.2663741766         2.1383251170        -1.8676289375
        3.0405514000         2.1100000000         1.2765834840         2.1383251170        -1.6016796406
        3.0455895000         2.1100000000         1.2714788303         2.1306694847        -1.7346542891
        3.0505583000         2.1100000000         1.2893451183         2.1255657297        -1.2692430195
        3.0555611000         2.1100000000         1.2791358108         2.1255657297        -1.5351923164
        3.0605563000         2.1100000000         1.2689265034         2.1077025875        -1.8011416133
        3.0657206000         2.1100000000         1.2663741766         2.1077025875        -1.8676289375
        3.0707359000         2.1100000000         1.2714788303         2.0923913228        -1.7346542891
        3.0755445000         2.1100000000         1.2587171960         2.0949432002        -2.0670909102
        3.0804988000         2.1100000000         1.2638218497         2.0872875679        -1.9341162618
        3.0855369000         2.1100000000         1.2714788303         2.0719763031        -1.7346542891
        3.0905393000         2.1100000000         1.2689265034         2.0770800580        -1.8011416133
        3.0955451000         2.1100000000         1.2638218497         2.0617687933        -1.9341162618
        3.1005103000         2.1100000000         1.2638218497         2.0515612834        -1.9341162618
        3.1054418000         2.1100000000         1.2638218497         2.0490094060        -1.9341162618
        3.1105029000         2.1100000000         1.2663741766         2.0362500187        -1.8676289375
        3.1155625000         2.1100000000         1.2689265034         2.0362500187        -1.8011416133
        3.1204630000         2.1100000000         1.2816881377         2.0234906314        -1.4687049922
        3.1254571000         2.1100000000         1.2689265034         2.0183868765        -1.8011416133
        3.1304324000         2.1100000000         1.2638218497         2.0107312441        -1.9341162618
        3.1354605000         2.1100000000         1.2638218497         2.0056274892        -1.9341162618
        3.1404799000         2.1100000000         1.2714788303         2.0005237343        -1.7346542891
        3.1454576000         2.1100000000         1.2689265034         1.9954199793        -1.8011416133
        3.1504567000         2.1100000000         1.2587171960         1.9852124695        -2.0670909102
        3.1554843000         2.1100000000         1.2638218497         1.9801087146        -1.9341162618
        3.1604736000         2.1100000000         1.2638218497         1.9724530822        -1.9341162618
        3.1654845000         2.1100000000         1.2689265034         1.9673493273        -1.8011416133
        3.1704488000         2.1100000000         1.2740311571         1.9596936949        -1.6681669648
        3.1755341000         2.1100000000         1.2714788303         1.9545899400        -1.7346542891
        3.1805874000         2.1100000000         1.2612695229         1.9443824302        -2.0006035860
        3.1855549000         2.1100000000         1.2740311571         1.9443824302        -1.6681669648
        3.1906385000         2.1100000000         1.2612695229         1.9239674105        -2.0006035860
        3.1955959000         2.1100000000         1.2740311571         1.9316230429        -1.6681669648
        3.2006255000         2.1100000000         1.2663741766         1.9163117781        -1.8676289375
        3.2055623000         2.1100000000         1.2638218497         1.9035523908        -1.9341162618
        3.2107097000         2.1100000000         1.2689265034         1.9086561457        -1.8011416133
        3.2157109000         2.1100000000         1.2638218497         1.8933448810        -1.9341162618
        3.2207515000         2.1100000000         1.2791358108         1.8958967584        -1.5351923164
        3.2256183000         2.1100000000         1.2638218497         1.8882411261        -1.9341162618
        3.2305604000         2.1100000000         1.2689265034         1.8729298613        -1.8011416133
        3.2356422000         2.1100000000         1.2638218497         1.8703779838        -1.9341162618
        3.2405457000         2.1100000000         1.2714788303         1.8678261064        -1.7346542891
        3.2456241000         2.1100000000         1.2663741766         1.8576185965        -1.8676289375
        3.2505291000         2.1100000000         1.2663741766         1.8550667191        -1.8676289375
        3.2556241000         2.1100000000         1.2765834840         1.8499629642        -1.6016796406
        3.2605611000         2.1100000000         1.2663741766         1.8397554543        -1.8676289375
        3.2655984000         2.1100000000         1.2765834840         1.8397554543        -1.6016796406
        3.2705627000         2.1100000000         1.2663741766         1.8269960670        -1.8676289375
        3.2756042000         2.1100000000         1.2714788303         1.8193404347        -1.7346542891
        3.2805899000         2.1100000000         1.2663741766         1.8116848023        -1.8676289375
        3.2856433000         2.1100000000         1.2714788303         1.8065810474        -1.7346542891
        3.2905646000         2.1100000000         1.2663741766         1.7963735375        -1.8676289375
        3.2955940000         2.1100000000         1.2663741766         1.7912697826        -1.8676289375
        3.3005791000         2.1100000000         1.2663741766         1.7785103953        -1.8676289375
        3.3054889000         2.1100000000         1.2663741766         1.7785103953        -1.8676289375
        3.3107910000         2.1100000000         1.2689265034         1.7708547629        -1.8011416133
        3.3156240000         2.1100000000         1.2867927914         1.7708547629        -1.3357303437
        3.3205481000         2.1100000000         1.2765834840         1.7580953756        -1.6016796406
        3.3257095000         2.1100000000         1.2791358108         1.7580953756        -1.5351923164
        3.3304648000         2.1100000000         1.2740311571         1.7478878658        -1.6681669648
        3.3356864000         2.1100000000         1.2765834840         1.7402322334        -1.6016796406
        3.3406226000         2.1100000000         1.2740311571         1.7376803560        -1.6681669648
        3.3457064000         2.1100000000         1.2740311571         1.7300247236        -1.6681669648
        3.3505840000         2.1100000000         1.2791358108         1.7300247236        -1.5351923164
        3.3555957000         2.1100000000         1.2612695229         1.7070578265        -2.0006035860
        3.3605587000         2.1100000000         1.2765834840         1.7096097039        -1.6016796406
        3.3657103000         2.1100000000         1.2663741766         1.7019540715        -1.8676289375
        3.3705545000         2.1100000000         1.2689265034         1.6891946843        -1.8011416133
        3.3754667000         2.1100000000         1.2714788303         1.6968503166        -1.7346542891
        3.3804948000         2.1100000000         1.2714788303         1.6789871744        -1.7346542891
        3.3854497000         2.1100000000         1.2740311571         1.6738834195        -1.6681669648
        3.3905643000         2.1100000000         1.2638218497         1.6687796646        -1.9341162618
        3.3957013000         2.1100000000         1.2714788303         1.6636759097        -1.7346542891
        3.4006062000         2.1100000000         1.2638218497         1.6636759097        -1.9341162618
        3.4054558000         2.1100000000         1.2663741766         1.6458127674        -1.8676289375
        3.4104539000         2.1100000000         1.2689265034         1.6407090125        -1.8011416133
        3.4155645000         2.1100000000         1.2740311571         1.6356052576        -1.6681669648
        3.4204781000         2.1100000000         1.2689265034         1.6305015027        -1.8011416133
        3.4254335000         2.1100000000         1.2740311571         1.6202939929        -1.6681669648
        3.4304387000         2.1100000000         1.2816881377         1.6253977478        -1.4687049922
        3.4355099000         2.1100000000         1.2638218497         1.6049827281        -1.9341162618
        3.4404557000         2.1100000000         1.2816881377         1.6075346056        -1.4687049922
        3.4454836000         2.1100000000         1.2612695229         1.5896714634        -2.0006035860
        3.4504748000         2.1100000000         1.2663741766         1.5871195859        -1.8676289375
        3.4555093000         2.1100000000         1.2638218497         1.5769120761        -1.9341162618
        3.4605016000         2.1100000000         1.2638218497         1.5718083211        -1.9341162618
        3.4654564000         2.1100000000         1.2689265034         1.5692564437        -1.8011416133
        3.4704512000         2.1100000000         1.2791358108         1.5692564437        -1.5351923164
        3.4754799000         2.1100000000         1.2561648691         1.5488414240        -2.1335782344
        3.4804652000         2.1100000000         1.2714788303         1.5488414240        -1.7346542891
        3.4853955000         2.1100000000         1.2689265034         1.5437376691        -1.8011416133
        3.4904326000         2.1100000000         1.2765834840         1.5437376691        -1.6016796406
        3.4954557000         2.1100000000         1.2714788303         1.5284264043        -1.7346542891
        3.5004990000         2.1100000000         1.2740311571         1.5233226494        -1.6681669648
        3.5054376000         2.1100000000         1.2714788303         1.5233226494        -1.7346542891
        3.5104358000         2.1100000000         1.2663741766         1.5131151396        -1.8676289375
        3.5156426000         2.1100000000         1.2765834840         1.5080113847        -1.6016796406
        3.5204539000         2.1100000000         1.2689265034         1.4978038748        -1.8011416133
        3.5254596000         2.1100000000         1.2714788303         1.4875963650        -1.7346542891
        3.5305426000         2.1100000000         1.2689265034         1.4824926101        -1.8011416133
        3.5355513000         2.1100000000         1.2765834840         1.4824926101        -1.6016796406
        3.5404442000         2.1100000000         1.3021067526         1.4697332228        -0.9368063984
        3.5454438000         2.1100000000         1.2765834840         1.4697332228        -1.6016796406
        3.5504522000         2.1100000000         1.2663741766         1.4569738355        -1.8676289375
        3.5554351000         2.1100000000         1.2714788303         1.4493182031        -1.7346542891
        3.5604693000         2.1100000000         1.2714788303         1.4442144482        -1.7346542891
        3.5654796000         2.1100000000         1.2612695229         1.4289031834        -2.0006035860
        3.5704579000         2.1100000000         1.2791358108         1.4391106933        -1.5351923164
        3.5756906000         2.1100000000         1.2714788303         1.4314550609        -1.7346542891
        3.5804498000         2.1100000000         1.2714788303         1.4212475511        -1.7346542891
        3.5857410000         2.1100000000         1.2765834840         1.4186956736        -1.6016796406
        3.5904509000         2.1100000000         1.2714788303         1.4008325314        -1.7346542891
        3.5954200000         2.1100000000         1.2791358108         1.4033844088        -1.5351923164
        3.6004876000         2.1100000000         1.2740311571         1.3906250215        -1.6681669648
        3.6054659000         2.1100000000         1.2689265034         1.3829693892        -1.8011416133
        3.6106959000         2.1100000000         1.2638218497         1.3753137568        -1.9341162618
        3.6155645000         2.1100000000         1.2842404646         1.3778656343        -1.4022176679
        3.6207032000         2.1100000000         1.2612695229         1.3625543695        -2.0006035860
        3.6255780000         2.1100000000         1.2791358108         1.3651062470        -1.5351923164
        3.6305160000         2.1100000000         1.2689265034         1.3523468597        -1.8011416133
        3.6355949000         2.1100000000         1.2791358108         1.3523468597        -1.5351923164
        3.6406196000         2.1100000000         1.2740311571         1.3446912273        -1.6681669648
        3.6455609000         2.1100000000         1.2740311571         1.3319318400        -1.6681669648
        3.6505141000         2.1100000000         1.2740311571         1.3268280851        -1.6681669648
        3.6555647000         2.1100000000         1.2638218497         1.3140686978        -1.9341162618
        3.6605412000         2.1100000000         1.2842404646         1.3089649429        -1.4022176679
        3.6655562000         2.1100000000         1.2791358108         1.3115168203        -1.5351923164
        3.6705484000         2.1100000000         1.2663741766         1.2962055556        -1.8676289375
        3.6755657000         2.1100000000         1.2663741766         1.2885499232        -1.8676289375
        3.6805722000         2.1100000000         1.2714788303         1.2885499232        -1.7346542891
        3.6855746000         2.1100000000         1.2714788303         1.2808942908        -1.7346542891
        3.6906868000         2.1100000000         1.2765834840         1.2783424134        -1.6016796406
        3.6956793000         2.1100000000         1.2714788303         1.2732386584        -1.7346542891
        3.7005499000         2.1100000000         1.2638218497         1.2553755162        -1.9341162618
        3.7055548000         2.1100000000         1.2842404646         1.2604792711        -1.4022176679
        3.7105780000         2.1100000000         1.2714788303         1.2502717613        -1.7346542891
        3.7156177000         2.1100000000         1.2663741766         1.2400642515        -1.8676289375
        3.7205551000         2.1100000000         1.2714788303         1.2400642515        -1.7346542891
        3.7255914000         2.1100000000         1.2638218497         1.2273048642        -1.9341162618
        3.7307140000         2.1100000000         1.2867927914         1.2273048642        -1.3357303437
        3.7355620000         2.1100000000         1.2714788303         1.2196492318        -1.7346542891
        3.7406671000         2.1100000000         1.2765834840         1.2196492318        -1.6016796406
        3.7456021000         2.1100000000         1.2791358108         1.2094417220        -1.5351923164
        3.7507231000         2.1100000000         1.2740311571         1.2017860896        -1.6681669648
        3.7556984000         2.1100000000         1.2765834840         1.1915785797        -1.6016796406
        3.7605872000         2.1100000000         1.2689265034         1.1813710699        -1.8011416133
        3.7656046000         2.1100000000         1.2714788303         1.1788191925        -1.7346542891
        3.7704681000         2.1100000000         1.2689265034         1.1686116826        -1.8011416133
        3.7757266000         2.1100000000         1.2791358108         1.1711635601        -1.5351923164
        3.7804859000         2.1100000000         1.2842404646         1.1660598052        -1.4022176679
        3.7855070000         2.1100000000         1.2765834840         1.1584041728        -1.6016796406
        3.7904961000         2.1100000000         1.2689265034         1.1481966629        -1.8011416133
        3.7955476000         2.1100000000         1.2689265034         1.1379891531        -1.8011416133
        3.8005867000         2.1100000000         1.2689265034         1.1303335207        -1.8011416133
        3.8056283000         2.1100000000         1.2740311571         1.1303335207        -1.6681669648
        3.8105540000         2.1100000000         1.2740311571         1.1277816433        -1.6681669648
        3.8154373000         2.1100000000         1.2740311571         1.1150222560        -1.6681669648
        3.8206105000         2.1100000000         1.2714788303         1.1022628687        -1.7346542891
        3.8256705000         2.1100000000         1.2816881377         1.1099185011        -1.4687049922
        3.8305432000         2.1100000000         1.2714788303         1.0971591138        -1.7346542891
        3.8356868000         2.1100000000         1.2714788303         1.0869516039        -1.7346542891
        3.8407042000         2.1100000000         1.2689265034         1.0895034814        -1.8011416133
        3.8455116000         2.1100000000         1.2689265034         1.0767440941        -1.8011416133
        3.8505830000         2.1100000000         1.2816881377         1.0818478490        -1.4687049922
        3.8555886000         2.1100000000         1.2663741766         1.0639847068        -1.8676289375
        3.8607213000         2.1100000000         1.2867927914         1.0665365843        -1.3357303437
        3.8654870000         2.1100000000         1.2842404646         1.0563290744        -1.4022176679
        3.8705658000         2.1100000000         1.2740311571         1.0435696871        -1.6681669648
        3.8756160000         2.1100000000         1.2816881377         1.0512253195        -1.4687049922
        3.8805705000         2.1100000000         1.2740311571         1.0333621773        -1.6681669648
        3.8856340000         2.1100000000         1.2765834840         1.0257065449        -1.6016796406
        3.8907071000         2.1100000000         1.2893451183         1.0333621773        -1.2692430195
        3.8955948000         2.1100000000         1.2816881377         1.0206027900        -1.4687049922
        3.9005053000         2.1100000000         1.2714788303         1.0103952802        -1.7346542891
        3.9057376000         2.1100000000         1.2842404646         1.0078434027        -1.4022176679
        3.9106923000         2.1100000000         1.2791358108         1.0052915252        -1.5351923164
        3.9156068000         2.1100000000         1.2842404646         0.9976358929        -1.4022176679
        3.9205565000         2.1100000000         1.2816881377         0.9925321379        -1.4687049922
        3.9255553000         2.1100000000         1.2867927914         0.9874283830        -1.3357303437
        3.9304889000         2.1100000000         1.2867927914         0.9797727506        -1.3357303437
        3.9355847000         2.1100000000         1.2867927914         0.9746689957        -1.3357303437
        3.9405484000         2.1100000000         1.2842404646         0.9746689957        -1.4022176679
        3.9455908000         2.1100000000         1.2867927914         0.9644614859        -1.3357303437
        3.9505468000         2.1100000000         1.2867927914         0.9619096084        -1.3357303437
        3.9555524000         2.1100000000         1.2944497720         0.9619096084        -1.1362683710
        3.9605540000         2.1100000000         1.2867927914         0.9465983437        -1.3357303437
        3.9655287000         2.1100000000         1.2867927914         0.9465983437        -1.3357303437
        3.9706690000         2.1100000000         1.2893451183         0.9414945888        -1.2692430195
        3.9755493000         2.1100000000         1.2842404646         0.9338389564        -1.4022176679
        3.9805176000         2.1100000000         1.2867927914         0.9338389564        -1.3357303437
        3.9855403000         2.1100000000         1.2842404646         0.9210795691        -1.4022176679
        3.9904701000         2.1100000000         1.2944497720         0.9312870789        -1.1362683710
        3.9954486000         2.1100000000         1.2918974451         0.9159758142        -1.2027556953
        4.0004187000         2.1100000000         1.2791358108         0.9083201818        -1.5351923164
