% Sweep Step 156/200  Vcmd=0.6000V  CCW 
% Vg_offset=1.338069V  K_gimbal=26.049690

Time[s]              Vcmd[V]              Vg_raw[V]            Pot[V]             Omega[rad/s]
        0.0075224000         0.6000000000         1.3378393285         0.4923641560        -0.0059838592
        0.0088418000         0.6000000000         1.3429439823         0.5000197884         0.1269907893
        0.0170986000         0.6000000000         1.3327346748         0.4847085236        -0.1389585076
        0.0205466000         0.6000000000         1.3250776943         0.4898122785        -0.3384204803
        0.0229787000         0.6000000000         1.0621880280         0.4719491363        -7.1866148757
        0.0313727000         0.6000000000         0.9983798566         0.4464303617        -8.8487979813
        0.0319891000         0.6000000000         1.0392170863         0.4158078322        -7.7850007937
        0.0357274000         0.6000000000         0.9907228761         0.3775296703        -9.0482599540
        0.0405604000         0.6000000000         0.9116007435         0.3366996310       -11.1093670050
        0.0456157000         0.6000000000         0.9090484167         0.3009733466       -11.1758543293
        0.0506170000         0.6000000000         0.8988391092         0.2524876748       -11.4418036262
        0.0556724000         0.6000000000         0.8426879184         0.1988982482       -12.9045247592
        0.0604802000         0.6000000000         0.8656588601         0.1529644539       -12.3061388411
        0.0655439000         0.6000000000         0.8146123230         0.1019269048       -13.6358853257
        0.0705960000         0.6000000000         0.7967460350         0.0457856007       -14.1012965952
        0.0756907000         0.6000000000         0.7941937081         0.0049555613       -14.1677839195
        0.0807126000         0.6000000000         0.7839844007         0.0075074388       -14.4337332164
        0.0856200000         0.6000000000         0.7405948441         1.0971591138       -15.5640177282
        0.0905016000         0.6000000000         0.7610134590         5.0015316260       -15.0321191344
        0.0954650000         0.6000000000         0.7482518247         5.0066353810       -15.3645557555
        0.1005498000         0.6000000000         0.7354901904         5.0066353810       -15.6969923767
        0.1055490000         0.6000000000         0.7329378636         4.9402865670       -15.7634797009
        0.1105298000         0.6000000000         0.7278332099         4.8790415080       -15.8964543494
        0.1155228000         0.6000000000         0.7150715756         4.8126926941       -16.2288909705
        0.1205089000         0.6000000000         0.7125192487         4.7463438801       -16.2953782947
        0.1256390000         0.6000000000         0.7176239024         4.6799950662       -16.1624036463
        0.1306004000         0.6000000000         0.7252808830         4.6161981297       -15.9629416736
        0.1356304000         0.6000000000         0.7074145950         4.5498493158       -16.4283529432
        0.1406005000         0.6000000000         0.6793389996         4.4809486244       -17.1597135097
        0.1455547000         0.6000000000         0.6997576144         4.4094960556       -16.6278149159
        0.1506766000         0.6000000000         0.6640250384         4.3405953642       -17.5586374550
        0.1556036000         0.6000000000         0.7099669219         4.2819021826       -16.3618656189
        0.1607410000         0.6000000000         0.6691296922         4.2181052461       -17.4256628066
        0.1656322000         0.6000000000         0.6869959802         4.1492045547       -16.9602515370
        0.1705251000         0.6000000000         0.6640250384         4.0803038633       -17.5586374550
        0.1755885000         0.6000000000         0.6844436533         4.0190588043       -17.0267388612
        0.1807116000         0.6000000000         0.6742343459         3.9425024806       -17.2926881581
        0.1862047000         0.6000000000         0.6512634042         3.8736017892       -17.8910740762
        0.1907543000         0.6000000000         0.6793389996         3.8098048527       -17.1597135097
        0.1958354000         0.6000000000         0.6538157310         3.7409041613       -17.8245867519
        0.2016829000         0.6000000000         0.6563680579         3.6668997150       -17.7580994277
        0.2055120000         0.6000000000         0.6538157310         3.6056546560       -17.8245867519
        0.2108903000         0.6000000000         0.6614727116         3.5316502097       -17.6251247793
        0.2155467000         0.6000000000         0.6716820190         3.4755089056       -17.3591754823
        0.2206892000         0.6000000000         0.6461587505         3.4015044592       -18.0240487246
        0.2255713000         0.6000000000         0.6538157310         3.3275000129       -17.8245867519
        0.2305641000         0.6000000000         0.6333971162         3.2534955666       -18.3564853457
        0.2355356000         0.6000000000         0.6589203847         3.1973542625       -17.6916121035
        0.2405311000         0.6000000000         0.6461587505         3.1207979388       -18.0240487246
        0.2456136000         0.6000000000         0.6359494430         3.0570010023       -18.2899980215
        0.2505929000         0.6000000000         0.6308447893         2.9829965560       -18.4229726700
        0.2556226000         0.6000000000         0.6461587505         2.9140958646       -18.0240487246
        0.2606080000         0.6000000000         0.6333971162         2.8375395408       -18.3564853457
        0.2656095000         0.6000000000         0.6333971162         2.7660869720       -18.3564853457
        0.2707124000         0.6000000000         0.6410540967         2.7073937904       -18.1570233731
        0.2755671000         0.6000000000         0.6563680579         2.6231818342       -17.7580994277
        0.2805443000         0.6000000000         0.6078738476         2.5517292654       -19.0213585880
        0.2856274000         0.6000000000         0.6487110773         2.4879323289       -17.9575614004
        0.2908235000         0.6000000000         0.6308447893         2.4164797601       -18.4229726700
        0.2955874000         0.6000000000         0.6461587505         2.3475790687       -18.0240487246
        0.3005156000         0.6000000000         0.6359494430         2.2761264998       -18.2899980215
        0.3055903000         0.6000000000         0.6333971162         2.2021220535       -18.3564853457
        0.3104848000         0.6000000000         0.6385017699         2.1357732396       -18.2235106973
        0.3155741000         0.6000000000         0.6461587505         2.0694244256       -18.0240487246
        0.3209471000         0.6000000000         0.6282924625         1.9852124695       -18.4894599942
        0.3255879000         0.6000000000         0.6538157310         1.9316230429       -17.8245867519
        0.3305960000         0.6000000000         0.6308447893         1.8601704740       -18.4229726700
        0.3369119000         0.6000000000         0.6359494430         1.7785103953       -18.2899980215
        0.3405703000         0.6000000000         0.6282924625         1.7172653363       -18.4894599942
        0.3456450000         0.6000000000         0.6436064236         1.6381571351       -18.0905360488
        0.3505756000         0.6000000000         0.6436064236         1.5871195859       -18.0905360488
        0.3555718000         0.6000000000         0.6436064236         1.5054595072       -18.0905360488
        0.3606226000         0.6000000000         0.6359494430         1.4442144482       -18.2899980215
        0.3655449000         0.6000000000         0.6410540967         1.3753137568       -18.1570233731
        0.3707466000         0.6000000000         0.6385017699         1.3013093105       -18.2235106973
        0.3756384000         0.6000000000         0.6461587505         1.2349604965       -18.0240487246
        0.3806223000         0.6000000000         0.6767866727         1.1788191925       -17.2262008339
        0.3855680000         0.6000000000         0.6333971162         1.1022628687       -18.3564853457
        0.3907259000         0.6000000000         0.6512634042         1.0308102998       -17.8910740762
        0.3957491000         0.6000000000         0.6333971162         0.9695652408       -18.3564853457
        0.4006189000         0.6000000000         0.6436064236         0.9006645494       -18.0905360488
        0.4061997000         0.6000000000         0.6538157310         0.8164525933       -17.8245867519
        0.4107587000         0.6000000000         0.6461587505         0.7654150441       -18.0240487246
        0.4156834000         0.6000000000         0.6487110773         0.6888587203       -17.9575614004
        0.4223123000         0.6000000000         0.6512634042         0.5995430093       -17.8910740762
        0.4257115000         0.6000000000         0.6308447893         0.5408498277       -18.4229726700
        0.4329645000         0.6000000000         0.6640250384         0.4796047687       -17.5586374550
        0.4356428000         0.6000000000         0.6487110773         0.4056003224       -17.9575614004
        0.4406757000         0.6000000000         0.6512634042         0.3366996310       -17.8910740762
        0.4457224000         0.6000000000         0.6385017699         0.2601433072       -18.2235106973
        0.4507401000         0.6000000000         0.6512634042         0.1861388609       -17.8910740762
        0.4556378000         0.6000000000         0.6640250384         0.1197900470       -17.5586374550
        0.4608160000         0.6000000000         0.6487110773         0.0432337232       -17.9575614004
        0.4660083000         0.6000000000         0.6487110773         0.0024036839       -17.9575614004
        0.4709319000         0.6000000000         0.6385017699        -0.0027000711       -18.2235106973
        0.4768413000         0.6000000000         0.6512634042         1.1073666236       -17.8910740762
        0.4808120000         0.6000000000         0.6436064236         5.0117391359       -18.0905360488
        0.4861748000         0.6000000000         0.6512634042         5.0066353810       -17.8910740762
        0.4910384000         0.6000000000         0.6410540967         4.9300790572       -18.1570233731
        0.4955636000         0.6000000000         0.6614727116         4.8713858756       -17.6251247793
        0.5005940000         0.6000000000         0.6410540967         4.7846220420       -18.1570233731
        0.5055112000         0.6000000000         0.6512634042         4.7233769830       -17.8910740762
        0.5108458000         0.6000000000         0.6461587505         4.6391650269       -18.0240487246
        0.5157520000         0.6000000000         0.6487110773         4.5753680904       -17.9575614004
        0.5208845000         0.6000000000         0.6385017699         4.4962598892       -18.2235106973
        0.5256092000         0.6000000000         0.6410540967         4.4248073203       -18.1570233731
        0.5305935000         0.6000000000         0.6308447893         4.3559066289       -18.4229726700
        0.5356286000         0.6000000000         0.6589203847         4.2921096924       -17.6916121035
        0.5407168000         0.6000000000         0.6308447893         4.2130014912       -18.4229726700
        0.5455634000         0.6000000000         0.6333971162         4.1364451674       -18.3564853457
        0.5520170000         0.6000000000         0.6512634042         4.0700963535       -17.8910740762
        0.5555812000         0.6000000000         0.6282924625         3.9935400297       -18.4894599942
        0.5607487000         0.6000000000         0.6487110773         3.9348468482       -17.9575614004
        0.5655939000         0.6000000000         0.6206354819         3.8480830146       -18.6889219669
        0.5705393000         0.6000000000         0.6512634042         3.7868379556       -17.8910740762
        0.5756328000         0.6000000000         0.6487110773         3.7230410191       -17.9575614004
        0.5806204000         0.6000000000         0.6257401356         3.6464846953       -18.5559473184
        0.5854930000         0.6000000000         0.6410540967         3.5801358814       -18.1570233731
        0.5906421000         0.6000000000         0.6385017699         3.5112351900       -18.2235106973
        0.5956152000         0.6000000000         0.6385017699         3.4321269888       -18.2235106973
        0.6006164000         0.6000000000         0.6359494430         3.3632262974       -18.2899980215
        0.6055993000         0.6000000000         0.6257401356         3.2917737285       -18.5559473184
        0.6108732000         0.6000000000         0.6333971162         3.2203211597       -18.3564853457
        0.6156070000         0.6000000000         0.6282924625         3.1488685908       -18.4894599942
        0.6206235000         0.6000000000         0.6538157310         3.0876235318       -17.8245867519
        0.6257095000         0.6000000000         0.6308447893         3.0110672080       -18.4229726700
        0.6306093000         0.6000000000         0.6282924625         2.9345108842       -18.4894599942
        0.6357737000         0.6000000000         0.6231878087         2.8605064379       -18.6224346427
        0.6407051000         0.6000000000         0.6308447893         2.7916057465       -18.4229726700
        0.6463211000         0.6000000000         0.6487110773         2.7303606875       -17.9575614004
        0.6506564000         0.6000000000         0.6308447893         2.6487006088       -18.4229726700
        0.6556457000         0.6000000000         0.6231878087         2.5823517949       -18.6224346427
        0.6609137000         0.6000000000         0.6461587505         2.5134511035       -18.0240487246
        0.6657327000         0.6000000000         0.6078738476         2.4292391474       -19.0213585880
        0.6729721000         0.6000000000         0.6410540967         2.3603384560       -18.1570233731
        0.6756045000         0.6000000000         0.6282924625         2.2990933970       -18.4894599942
        0.6808712000         0.6000000000         0.6512634042         2.2250889506       -17.8910740762
        0.6858053000         0.6000000000         0.6308447893         2.1485326269       -18.4229726700
        0.6906128000         0.6000000000         0.6333971162         2.0821838129       -18.3564853457
        0.6955765000         0.6000000000         0.6308447893         2.0107312441       -18.4229726700
        0.7006178000         0.6000000000         0.6436064236         1.9520380625       -18.0905360488
        0.7056676000         0.6000000000         0.6359494430         1.8703779838       -18.2899980215
        0.7106568000         0.6000000000         0.6461587505         1.8142366797       -18.0240487246
        0.7155266000         0.6000000000         0.6282924625         1.7351284785       -18.4894599942
        0.7204777000         0.6000000000         0.6385017699         1.6713315420       -18.2235106973
        0.7261051000         0.6000000000         0.6410540967         1.5973270957       -18.1570233731
        0.7309465000         0.6000000000         0.6436064236         1.5386339142       -18.0905360488
        0.7357474000         0.6000000000         0.6512634042         1.4671813453       -17.8910740762
        0.7406497000         0.6000000000         0.6461587505         1.3982806539       -18.0240487246
        0.7456068000         0.6000000000         0.6308447893         1.3242762076       -18.4229726700
        0.7506522000         0.6000000000         0.6410540967         1.2604792711       -18.1570233731
        0.7557974000         0.6000000000         0.6538157310         1.1915785797       -17.8245867519
        0.7606188000         0.6000000000         0.6359494430         1.1201260109       -18.2899980215
        0.7655602000         0.6000000000         0.6614727116         1.0614328293       -17.6251247793
        0.7706420000         0.6000000000         0.6333971162         0.9848765056       -18.3564853457
        0.7761919000         0.6000000000         0.6538157310         0.9185276916       -17.8245867519
        0.7806433000         0.6000000000         0.6589203847         0.8547307552       -17.6916121035
        0.7858046000         0.6000000000         0.6410540967         0.7781744314       -18.1570233731
        0.7907802000         0.6000000000         0.6614727116         0.7169293724       -17.6251247793
        0.7956417000         0.6000000000         0.6487110773         0.6480286810       -17.9575614004
        0.8006116000         0.6000000000         0.6538157310         0.5740242347       -17.8245867519
        0.8062060000         0.6000000000         0.6512634042         0.5051235433       -17.8910740762
        0.8109187000         0.6000000000         0.6538157310         0.4362228519       -17.8245867519
        0.8156690000         0.6000000000         0.6461587505         0.3622184056       -18.0240487246
        0.8205283000         0.6000000000         0.6512634042         0.2933177142       -17.8910740762
        0.8258557000         0.6000000000         0.6461587505         0.2218651453       -18.0240487246
        0.8307491000         0.6000000000         0.6436064236         0.1453088216       -18.0905360488
        0.8358437000         0.6000000000         0.6589203847         0.0840637625       -17.6916121035
        0.8407969000         0.6000000000         0.6410540967         0.0151630711       -18.1570233731
        0.8462420000         0.6000000000         0.6589203847         0.0049555613       -17.6916121035
        0.8506807000         0.6000000000         0.6282924625         1.1150222560       -18.4894599942
        0.8568957000         0.6000000000         0.6461587505         5.0066353810       -18.0240487246
        0.8606634000         0.6000000000         0.6461587505         5.0015316260       -18.0240487246
        0.8656396000         0.6000000000         0.6563680579         4.9760128515       -17.7580994277
        0.8708042000         0.6000000000         0.6487110773         4.8943527728       -17.9575614004
        0.8756476000         0.6000000000         0.6410540967         4.8254520814       -18.1570233731
        0.8806445000         0.6000000000         0.6487110773         4.7591032674       -17.9575614004
        0.8855564000         0.6000000000         0.6436064236         4.6723394338       -18.0905360488
        0.8907553000         0.6000000000         0.6308447893         4.5957831101       -18.4229726700
        0.8956218000         0.6000000000         0.6512634042         4.5345380510       -17.8910740762
        0.9005943000         0.6000000000         0.6385017699         4.4630854822       -18.2235106973
        0.9055150000         0.6000000000         0.6614727116         4.3941847908       -17.6251247793
        0.9106824000         0.6000000000         0.6308447893         4.3125247121       -18.4229726700
        0.9156866000         0.6000000000         0.6385017699         4.2563834080       -18.2235106973
        0.9206347000         0.6000000000         0.6461587505         4.1798270842       -18.0240487246
        0.9257169000         0.6000000000         0.6359494430         4.1058226379       -18.2899980215
        0.9307812000         0.6000000000         0.6563680579         4.0394738240       -17.7580994277
        0.9356161000         0.6000000000         0.6257401356         3.9552618679       -18.5559473184
        0.9408243000         0.6000000000         0.6333971162         3.8965686863       -18.3564853457
        0.9456894000         0.6000000000         0.6410540967         3.8200123625       -18.1570233731
        0.9505704000         0.6000000000         0.6231878087         3.7460079162       -18.6224346427
        0.9555713000         0.6000000000         0.6767866727         3.6847628572       -17.2262008339
        0.9605793000         0.6000000000         0.6180831550         3.6031027785       -18.7554092911
        0.9655947000         0.6000000000         0.6385017699         3.5367539646       -18.2235106973
        0.9706920000         0.6000000000         0.6333971162         3.4678532732       -18.3564853457
        0.9757506000         0.6000000000         0.6308447893         3.3964007043       -18.4229726700
        0.9805886000         0.6000000000         0.6410540967         3.3223962580       -18.1570233731
        0.9855241000         0.6000000000         0.6410540967         3.2611511990       -18.1570233731
        0.9906196000         0.6000000000         0.6231878087         3.1845948752       -18.6224346427
        0.9957483000         0.6000000000         0.6359494430         3.1182460613       -18.2899980215
        1.0006605000         0.6000000000         0.6257401356         3.0365859826       -18.5559473184
        1.0058216000         0.6000000000         0.6461587505         2.9804446785       -18.0240487246
        1.0106358000         0.6000000000         0.6257401356         2.8936808449       -18.5559473184
        1.0156282000         0.6000000000         0.6359494430         2.8400914183       -18.2899980215
        1.0205244000         0.6000000000         0.6333971162         2.7584313396       -18.3564853457
        1.0257209000         0.6000000000         0.6359494430         2.6818750158       -18.2899980215
        1.0306329000         0.6000000000         0.6487110773         2.6231818342       -17.9575614004
        1.0356175000         0.6000000000         0.6231878087         2.5466255105       -18.6224346427
        1.0405631000         0.6000000000         0.6410540967         2.4726210642       -18.1570233731
        1.0457274000         0.6000000000         0.6282924625         2.4037203728       -18.4894599942
        1.0506446000         0.6000000000         0.6410540967         2.3348196814       -18.1570233731
        1.0577851000         0.6000000000         0.6487110773         2.2301927056       -17.9575614004
        1.0623036000         0.6000000000         0.6333971162         2.1766032789       -18.3564853457
        1.0660312000         0.6000000000         0.6282924625         2.1128063424       -18.4894599942
        1.0708098000         0.6000000000         0.6359494430         2.0388018961       -18.2899980215
        1.0755432000         0.6000000000         0.6308447893         1.9775568371       -18.4229726700
        1.0806150000         0.6000000000         0.6359494430         1.9112080232       -18.2899980215
        1.0856549000         0.6000000000         0.6461587505         1.8423073318       -18.0240487246
        1.0907581000         0.6000000000         0.6359494430         1.7759585179       -18.2899980215
        1.0956608000         0.6000000000         0.6487110773         1.7019540715       -17.9575614004
        1.1006641000         0.6000000000         0.6487110773         1.6330533802       -17.9575614004
        1.1055216000         0.6000000000         0.6282924625         1.5590489338       -18.4894599942
        1.1105224000         0.6000000000         0.6410540967         1.4978038748       -18.1570233731
        1.1155355000         0.6000000000         0.6436064236         1.4314550609       -18.0905360488
        1.1206352000         0.6000000000         0.6333971162         1.3574506146       -18.3564853457
        1.1256430000         0.6000000000         0.6487110773         1.2987574330       -17.9575614004
        1.1306321000         0.6000000000         0.6385017699         1.2222011093       -18.2235106973
        1.1355686000         0.6000000000         0.6487110773         1.1584041728       -17.9575614004
        1.1404913000         0.6000000000         0.6512634042         1.0920553588       -17.8910740762
        1.1456430000         0.6000000000         0.6410540967         1.0154990351       -18.1570233731
        1.1507634000         0.6000000000         0.6563680579         0.9542539761       -17.7580994277
        1.1556493000         0.6000000000         0.6359494430         0.8802495297       -18.2899980215
        1.1608061000         0.6000000000         0.6512634042         0.8113488384       -17.8910740762
        1.1656014000         0.6000000000         0.6385017699         0.7450000244       -18.2235106973
        1.1705724000         0.6000000000         0.6487110773         0.6709955781       -17.9575614004
        1.1756275000         0.6000000000         0.6614727116         0.6123023966       -17.6251247793
        1.1807084000         0.6000000000         0.6410540967         0.5306423179       -18.1570233731
        1.1857942000         0.6000000000         0.6614727116         0.4745010138       -17.6251247793
        1.1906952000         0.6000000000         0.6410540967         0.3979446900       -18.1570233731
        1.1955982000         0.6000000000         0.6665773653         0.3239402437       -17.4921501308
        1.2006781000         0.6000000000         0.6461587505         0.2601433072       -18.0240487246
        1.2056282000         0.6000000000         0.6665773653         0.1835869834       -17.4921501308
        1.2107234000         0.6000000000         0.6282924625         0.1095825371       -18.4894599942
        1.2156899000         0.6000000000         0.6665773653         0.0457856007       -17.4921501308
        1.2205744000         0.6000000000         0.6563680579         0.0024036839       -17.7580994277
        1.2255836000         0.6000000000         0.6512634042         0.0024036839       -17.8910740762
        1.2306915000         0.6000000000         0.6563680579         1.1124703785       -17.7580994277
        1.2356025000         0.6000000000         0.6461587505         5.0091872584       -18.0240487246
        1.2405918000         0.6000000000         0.6487110773         4.9964278711       -17.9575614004
        1.2457005000         0.6000000000         0.6436064236         4.9275271797       -18.0905360488
        1.2506909000         0.6000000000         0.6487110773         4.8560746109       -17.9575614004
        1.2555550000         0.6000000000         0.6538157310         4.7922776744       -17.8245867519
        1.2620319000         0.6000000000         0.6538157310         4.7106175957       -17.8245867519
        1.2656993000         0.6000000000         0.6359494430         4.6391650269       -18.2899980215
        1.2708440000         0.6000000000         0.6538157310         4.5677124580       -17.8245867519
        1.2755101000         0.6000000000         0.6333971162         4.4886042568       -18.3564853457
        1.2805561000         0.6000000000         0.6614727116         4.4222554428       -17.6251247793
        1.2856915000         0.6000000000         0.6308447893         4.3482509965       -18.4229726700
        1.2911693000         0.6000000000         0.6538157310         4.2819021826       -17.8245867519
        1.2957532000         0.6000000000         0.6333971162         4.2078977363       -18.3564853457
        1.3006420000         0.6000000000         0.6436064236         4.1389970449       -18.0905360488
        1.3056067000         0.6000000000         0.6436064236         4.0675444760       -18.0905360488
        1.3106959000         0.6000000000         0.6487110773         4.0037475396       -17.9575614004
        1.3157142000         0.6000000000         0.6563680579         3.9322949707       -17.7580994277
        1.3205606000         0.6000000000         0.6308447893         3.8531867695       -18.4229726700
        1.3256642000         0.6000000000         0.6461587505         3.7868379556       -18.0240487246
        1.3306667000         0.6000000000         0.6333971162         3.7230410191       -18.3564853457
        1.3356969000         0.6000000000         0.6385017699         3.6388290629       -18.2235106973
        1.3405596000         0.6000000000         0.6487110773         3.5724802490       -17.9575614004
        1.3456873000         0.6000000000         0.6308447893         3.5086833125       -18.4229726700
        1.3508841000         0.6000000000         0.6333971162         3.4321269888       -18.3564853457
        1.3555610000         0.6000000000         0.6359494430         3.3632262974       -18.2899980215
        1.3606444000         0.6000000000         0.6308447893         3.2917737285       -18.4229726700
        1.3656587000         0.6000000000         0.6436064236         3.2152174047       -18.0905360488
        1.3708562000         0.6000000000         0.6231878087         3.1488685908       -18.6224346427
        1.3756723000         0.6000000000         0.6512634042         3.0825197769       -17.8910740762
        1.3806490000         0.6000000000         0.6282924625         3.0161709629       -18.4894599942
        1.3855688000         0.6000000000         0.6461587505         2.9472702715       -18.0240487246
        1.3906491000         0.6000000000         0.6385017699         2.8656101929       -18.2235106973
        1.3956851000         0.6000000000         0.6359494430         2.8069170113       -18.2899980215
        1.4005390000         0.6000000000         0.6385017699         2.7278088101       -18.2235106973
        1.4056066000         0.6000000000         0.6385017699         2.6589081187       -18.2235106973
        1.4105743000         0.6000000000         0.6563680579         2.5874555498       -17.7580994277
        1.4156828000         0.6000000000         0.6410540967         2.5185548584       -18.1570233731
        1.4205284000         0.6000000000         0.6257401356         2.4419985347       -18.5559473184
        1.4256196000         0.6000000000         0.6436064236         2.3756497207       -18.0905360488
        1.4305637000         0.6000000000         0.6206354819         2.3041971519       -18.6889219669
        1.4356835000         0.6000000000         0.6410540967         2.2276408281       -18.1570233731
        1.4411855000         0.6000000000         0.6410540967         2.1536363818       -18.1570233731
        1.4455855000         0.6000000000         0.6487110773         2.0923913228       -17.9575614004
        1.4506965000         0.6000000000         0.6333971162         2.0260425088       -18.3564853457
        1.4554650000         0.6000000000         0.6512634042         1.9596936949       -17.8910740762
        1.4607423000         0.6000000000         0.6282924625         1.8754817388       -18.4894599942
        1.4665063000         0.6000000000         0.6410540967         1.8142366797       -18.1570233731
        1.4707078000         0.6000000000         0.6333971162         1.7478878658       -18.3564853457
        1.4757685000         0.6000000000         0.6563680579         1.6815390519       -17.7580994277
        1.4806102000         0.6000000000         0.6385017699         1.6151902379       -18.2235106973
        1.4859437000         0.6000000000         0.6487110773         1.5462895465       -17.9575614004
        1.4907023000         0.6000000000         0.6436064236         1.4799407326       -18.0905360488
        1.4955625000         0.6000000000         0.6512634042         1.4110400412       -17.8910740762
        1.5005985000         0.6000000000         0.6512634042         1.3421393498       -17.8910740762
        1.5054857000         0.6000000000         0.6487110773         1.2732386584       -17.9575614004
        1.5108372000         0.6000000000         0.6614727116         1.2043379670       -17.6251247793
        1.5156787000         0.6000000000         0.6333971162         1.1277816433       -18.3564853457
        1.5206473000         0.6000000000         0.6436064236         1.0614328293       -18.0905360488
        1.5256175000         0.6000000000         0.6512634042         0.9976358929       -17.8910740762
        1.5307365000         0.6000000000         0.6538157310         0.9338389564       -17.8245867519
        1.5357016000         0.6000000000         0.6640250384         0.8700420199       -17.5586374550
        1.5406744000         0.6000000000         0.6410540967         0.7883819412       -18.1570233731
        1.5456414000         0.6000000000         0.6410540967         0.7169293724       -18.1570233731
        1.5512607000         0.6000000000         0.6818913264         0.6556843134       -17.0932261854
        1.5600252000         0.6000000000         0.6563680579         0.5842317445       -17.7580994277
        1.5644404000         0.6000000000         0.6487110773         0.5051235433       -17.9575614004
        1.5655341000         0.6000000000         0.6614727116         0.4489822392       -17.6251247793
        1.5707949000         0.6000000000         0.6436064236         0.3673221605       -18.0905360488
        1.5754681000         0.6000000000         0.6589203847         0.3035252240       -17.6916121035
        1.5807890000         0.6000000000         0.6410540967         0.2269689002       -18.1570233731
        1.5856104000         0.6000000000         0.6716820190         0.1657238412       -17.3591754823
        1.5910480000         0.6000000000         0.6436064236         0.0866156400       -18.0905360488
        1.5955081000         0.6000000000         0.6410540967         0.0126111937       -18.1570233731
        1.6011404000         0.6000000000         0.6589203847         0.0049555613       -17.6916121035
        1.6056411000         0.6000000000         0.6308447893         1.1022628687       -18.4229726700
        1.6107667000         0.6000000000         0.6563680579         4.9989797486       -17.7580994277
        1.6155418000         0.6000000000         0.6563680579         5.0091872584       -17.7580994277
        1.6205542000         0.6000000000         0.6359494430         4.9734609740       -18.2899980215
        1.6254630000         0.6000000000         0.6640250384         4.8994565277       -17.5586374550
        1.6305137000         0.6000000000         0.6487110773         4.8433152236       -17.9575614004
        1.6354198000         0.6000000000         0.6512634042         4.7565513900       -17.8910740762
        1.6404545000         0.6000000000         0.6487110773         4.6799950662       -17.9575614004
        1.6454633000         0.6000000000         0.6282924625         4.6110943748       -18.4894599942
        1.6504387000         0.6000000000         0.6538157310         4.5447455609       -17.8245867519
        1.6554916000         0.6000000000         0.6257401356         4.4656373597       -18.5559473184
        1.6606959000         0.6000000000         0.6538157310         4.3992885457       -17.8245867519
        1.6655471000         0.6000000000         0.6359494430         4.3278359769       -18.2899980215
        1.6705413000         0.6000000000         0.6512634042         4.2614871629       -17.8910740762
        1.6756204000         0.6000000000         0.6385017699         4.1874827166       -18.2235106973
        1.6807323000         0.6000000000         0.6308447893         4.1160301478       -18.4229726700
        1.6877737000         0.6000000000         0.6461587505         4.0522332113       -18.0240487246
        1.6911122000         0.6000000000         0.6308447893         3.9705731326       -18.4229726700
        1.6956904000         0.6000000000         0.6359494430         3.9016724412       -18.2899980215
        1.7032485000         0.6000000000         0.6512634042         3.8353236273       -17.8910740762
        1.7058290000         0.6000000000         0.6155308282         3.7613191810       -18.8218966153
        1.7131480000         0.6000000000         0.6461587505         3.6873147347       -18.0240487246
        1.7159966000         0.6000000000         0.6257401356         3.6133102883       -18.5559473184
        1.7206726000         0.6000000000         0.6461587505         3.5469614744       -18.0240487246
        1.7256189000         0.6000000000         0.6282924625         3.4755089056       -18.4894599942
        1.7306659000         0.6000000000         0.6308447893         3.4066082142       -18.4229726700
        1.7356850000         0.6000000000         0.6385017699         3.3326037679       -18.2235106973
        1.7407096000         0.6000000000         0.6231878087         3.2637030765       -18.6224346427
        1.7456931000         0.6000000000         0.6461587505         3.1999061400       -18.0240487246
        1.7505631000         0.6000000000         0.6308447893         3.1233498162       -18.4229726700
        1.7556112000         0.6000000000         0.6410540967         3.0570010023       -18.1570233731
        1.7605532000         0.6000000000         0.6308447893         2.9855484334       -18.4229726700
        1.7656739000         0.6000000000         0.6487110773         2.9115439871       -17.9575614004
        1.7706870000         0.6000000000         0.6257401356         2.8324357859       -18.5559473184
        1.7756380000         0.6000000000         0.6359494430         2.7686388494       -18.2899980215
        1.7806601000         0.6000000000         0.6257401356         2.6971862806       -18.5559473184
        1.7856600000         0.6000000000         0.6385017699         2.6333893441       -18.2235106973
        1.7905806000         0.6000000000         0.6282924625         2.5593848978       -18.4894599942
        1.7955987000         0.6000000000         0.6385017699         2.4802766965       -18.2235106973
        1.8006366000         0.6000000000         0.6308447893         2.4215835150       -18.4229726700
        1.8056056000         0.6000000000         0.6385017699         2.3399234363       -18.2235106973
        1.8106386000         0.6000000000         0.6155308282         2.2684708674       -18.8218966153
        1.8155976000         0.6000000000         0.6410540967         2.1970182986       -18.1570233731
        1.8205333000         0.6000000000         0.6257401356         2.1281176072       -18.5559473184
        1.8256353000         0.6000000000         0.6359494430         2.0566650383       -18.2899980215
        1.8306456000         0.6000000000         0.6282924625         1.9826605920       -18.4894599942
        1.8356177000         0.6000000000         0.6359494430         1.9137599006       -18.2899980215
        1.8407480000         0.6000000000         0.6359494430         1.8525148416       -18.2899980215
        1.8456990000         0.6000000000         0.6410540967         1.7785103953       -18.1570233731
        1.8507994000         0.6000000000         0.6333971162         1.7096097039       -18.3564853457
        1.8556479000         0.6000000000         0.6461587505         1.6432608900       -18.0240487246
        1.8606772000         0.6000000000         0.6333971162         1.5667045662       -18.3564853457
        1.8656466000         0.6000000000         0.6333971162         1.4978038748       -18.3564853457
        1.8707208000         0.6000000000         0.6436064236         1.4340069384       -18.0905360488
        1.8756362000         0.6000000000         0.6487110773         1.3676581244       -17.9575614004
        1.8806350000         0.6000000000         0.6359494430         1.3013093105       -18.2899980215
        1.8859582000         0.6000000000         0.6614727116         1.2298567416       -17.6251247793
        1.8905528000         0.6000000000         0.6410540967         1.1660598052       -18.1570233731
        1.8956760000         0.6000000000         0.6385017699         1.0895034814       -18.2235106973
        1.9038876000         0.6000000000         0.6385017699         1.0257065449       -18.2235106973
        1.9057686000         0.6000000000         0.6563680579         0.9568058535       -17.7580994277
        1.9118149000         0.6000000000         0.6333971162         0.8879051621       -18.3564853457
        1.9156033000         0.6000000000         0.6716820190         0.8215563482       -17.3591754823
        1.9207234000         0.6000000000         0.6410540967         0.7552075343       -18.1570233731
        1.9256119000         0.6000000000         0.6461587505         0.6812030879       -18.0240487246
        1.9306753000         0.6000000000         0.6436064236         0.6097505191       -18.0905360488
        1.9357142000         0.6000000000         0.6589203847         0.5510573375       -17.6916121035
        1.9406254000         0.6000000000         0.6614727116         0.4770528912       -17.6251247793
        1.9456064000         0.6000000000         0.6538157310         0.4030484449       -17.8245867519
        1.9507166000         0.6000000000         0.6538157310         0.3366996310       -17.8245867519
        1.9556688000         0.6000000000         0.6282924625         0.2550395523       -18.4894599942
        1.9607231000         0.6000000000         0.6665773653         0.1937944933       -17.4921501308
        1.9658402000         0.6000000000         0.6512634042         0.1197900470       -17.8910740762
        1.9705838000         0.6000000000         0.6614727116         0.0559931105       -17.6251247793
        1.9755746000         0.6000000000         0.6487110773        -0.0001481936       -17.9575614004
        1.9805713000         0.6000000000         0.6589203847         0.0075074388       -17.6916121035
        1.9855786000         0.6000000000         0.6487110773         1.1048147461       -17.9575614004
        1.9905732000         0.6000000000         0.6538157310         4.9989797486       -17.8245867519
        1.9956996000         0.6000000000         0.6512634042         5.0015316260       -17.8910740762
        2.0006888000         0.6000000000         0.6512634042         4.9428384445       -17.8910740762
        2.0056370000         0.6000000000         0.6385017699         4.8637302433       -18.2235106973
        2.0106846000         0.6000000000         0.6487110773         4.7922776744       -17.9575614004
        2.0156117000         0.6000000000         0.6512634042         4.7259288605       -17.8910740762
        2.0205857000         0.6000000000         0.6512634042         4.6493725367       -17.8910740762
        2.0255986000         0.6000000000         0.6410540967         4.5779199678       -18.1570233731
        2.0306499000         0.6000000000         0.6461587505         4.5039155215       -18.0240487246
        2.0356785000         0.6000000000         0.6410540967         4.4375667076       -18.1570233731
        2.0405649000         0.6000000000         0.6385017699         4.3610103838       -18.2235106973
        2.0457078000         0.6000000000         0.6461587505         4.2895578150       -18.0240487246
        2.0506077000         0.6000000000         0.6308447893         4.2206571236       -18.4229726700
        2.0557918000         0.6000000000         0.6436064236         4.1441007998       -18.0905360488
        2.0605729000         0.6000000000         0.6410540967         4.0803038633       -18.1570233731
        2.0655880000         0.6000000000         0.6257401356         4.0037475396       -18.5559473184
        2.0705530000         0.6000000000         0.6308447893         3.9246393383       -18.4229726700
        2.0756679000         0.6000000000         0.6257401356         3.8582905244       -18.5559473184
        2.0805260000         0.6000000000         0.6410540967         3.7919417105       -18.1570233731
        2.0855647000         0.6000000000         0.6308447893         3.7255928965       -18.4229726700
        2.0907380000         0.6000000000         0.6257401356         3.6490365728       -18.5559473184
        2.0956423000         0.6000000000         0.6282924625         3.5699283715       -18.4894599942
        2.1006737000         0.6000000000         0.6282924625         3.5035795576       -18.4894599942
        2.1057189000         0.6000000000         0.6436064236         3.4397826211       -18.0905360488
        2.1105147000         0.6000000000         0.6308447893         3.3581225424       -18.4229726700
        2.1162540000         0.6000000000         0.6053215207         3.2790143412       -19.0878459122
        2.1217428000         0.6000000000         0.6385017699         3.2254249146       -18.2235106973
        2.1262546000         0.6000000000         0.6308447893         3.1514204683       -18.4229726700
        2.1309364000         0.6000000000         0.6410540967         3.0825197769       -18.1570233731
        2.1403945000         0.6000000000         0.6308447893         2.9447183941       -18.4229726700
        2.1410681000         0.6000000000         0.6257401356         2.9319590068       -18.5559473184
        2.1476177000         0.6000000000         0.6231878087         2.8502989281       -18.6224346427
        2.1506411000         0.6000000000         0.6231878087         2.7967095015       -18.6224346427
        2.1556814000         0.6000000000         0.6282924625         2.7176013002       -18.4894599942
        2.1606034000         0.6000000000         0.6333971162         2.6563562412       -18.3564853457
        2.1668320000         0.6000000000         0.6180831550         2.5670405302       -18.7554092911
        2.1706497000         0.6000000000         0.6282924625         2.5108992261       -18.4894599942
        2.1757784000         0.6000000000         0.6206354819         2.4317910248       -18.6889219669
        2.1806125000         0.6000000000         0.6436064236         2.3679940883       -18.0905360488
        2.1857454000         0.6000000000         0.6308447893         2.2965415195       -18.4229726700
        2.1906879000         0.6000000000         0.6410540967         2.2199851957       -18.1570233731
        2.1955472000         0.6000000000         0.6129785013         2.1485326269       -18.8883839396
        2.2007090000         0.6000000000         0.6308447893         2.0770800580       -18.4229726700
        2.2056098000         0.6000000000         0.6461587505         2.0107312441       -18.0240487246
        2.2106548000         0.6000000000         0.6308447893         1.9392786752       -18.4229726700
        2.2156470000         0.6000000000         0.6231878087         1.8754817388       -18.6224346427
        2.2205823000         0.6000000000         0.6461587505         1.8065810474       -18.0240487246
        2.2255419000         0.6000000000         0.6206354819         1.7376803560       -18.6889219669
        2.2308578000         0.6000000000         0.6487110773         1.6662277871       -17.9575614004
        2.2355502000         0.6000000000         0.6359494430         1.5998789732       -18.2899980215
        2.2407783000         0.6000000000         0.6385017699         1.5258745269       -18.2235106973
        2.2457427000         0.6000000000         0.6385017699         1.4595257129       -18.2235106973
        2.2506577000         0.6000000000         0.6333971162         1.3957287765       -18.3564853457
        2.2557076000         0.6000000000         0.6512634042         1.3293799625       -17.8910740762
        2.2606338000         0.6000000000         0.6333971162         1.2579273937       -18.3564853457
        2.2655070000         0.6000000000         0.6589203847         1.1890267023       -17.6916121035
        2.2706073000         0.6000000000         0.6461587505         1.1252297658       -18.0240487246
        2.2761119000         0.6000000000         0.6563680579         1.0537771970       -17.7580994277
        2.2806010000         0.6000000000         0.6359494430         0.9925321379       -18.2899980215
        2.2857606000         0.6000000000         0.6461587505         0.9159758142       -18.0240487246
        2.2906247000         0.6000000000         0.6461587505         0.8547307552       -18.0240487246
        2.2955769000         0.6000000000         0.6716820190         0.7883819412       -17.3591754823
        2.3005779000         0.6000000000         0.6436064236         0.7169293724       -18.0905360488
        2.3056939000         0.6000000000         0.6461587505         0.6403730486       -18.0240487246
        2.3105609000         0.6000000000         0.6538157310         0.5816798670       -17.8245867519
        2.3155693000         0.6000000000         0.6538157310         0.5051235433       -17.8245867519
        2.3207302000         0.6000000000         0.6563680579         0.4362228519       -17.7580994277
        2.3263250000         0.6000000000         0.6487110773         0.3571146507       -17.9575614004
        2.3310702000         0.6000000000         0.6487110773         0.2984214691       -17.9575614004
        2.3356437000         0.6000000000         0.6461587505         0.2193132679       -18.0240487246
        2.3408431000         0.6000000000         0.6614727116         0.1580682088       -17.6251247793
        2.3456969000         0.6000000000         0.6436064236         0.0764081302       -18.0905360488
        2.3506151000         0.6000000000         0.6614727116         0.0151630711       -17.6251247793
        2.3556309000         0.6000000000         0.6614727116        -0.0001481936       -17.6251247793
        2.3605804000         0.6000000000         0.6512634042         1.1150222560       -17.8910740762
        2.3655734000         0.6000000000         0.6589203847         5.0091872584       -17.6916121035
        2.3706432000         0.6000000000         0.6512634042         5.0117391359       -17.8910740762
        2.3756491000         0.6000000000         0.6589203847         4.9734609740       -17.6916121035
        2.3806118000         0.6000000000         0.6589203847         4.9020084051       -17.6916121035
        2.3855935000         0.6000000000         0.6359494430         4.8229002039       -18.2899980215
        2.3906553000         0.6000000000         0.6385017699         4.7463438801       -18.2235106973
        2.3956664000         0.6000000000         0.6461587505         4.6799950662       -18.0240487246
        2.4006592000         0.6000000000         0.6385017699         4.6085424974       -18.2235106973
        2.4056236000         0.6000000000         0.6461587505         4.5319861736       -18.0240487246
        2.4106023000         0.6000000000         0.6180831550         4.4554298498       -18.7554092911
        2.4156034000         0.6000000000         0.6538157310         4.3941847908       -17.8245867519
        2.4205488000         0.6000000000         0.6385017699         4.3201803445       -18.2235106973
        2.4255213000         0.6000000000         0.6359494430         4.2461758982       -18.2899980215
        2.4306338000         0.6000000000         0.6410540967         4.1772752068       -18.1570233731
        2.4355395000         0.6000000000         0.6282924625         4.1007188830       -18.4894599942
        2.4405730000         0.6000000000         0.6333971162         4.0318181916       -18.3564853457
        2.4455960000         0.6000000000         0.6333971162         3.9654693777       -18.3564853457
        2.4505391000         0.6000000000         0.6461587505         3.8940168088       -18.0240487246
        2.4556872000         0.6000000000         0.6385017699         3.8225642400       -18.2235106973
        2.4605630000         0.6000000000         0.6257401356         3.7511116711       -18.5559473184
        2.4655324000         0.6000000000         0.6538157310         3.6771072248       -17.8245867519
        2.4707564000         0.6000000000         0.6155308282         3.6107584109       -18.8218966153
        2.4756691000         0.6000000000         0.6359494430         3.5469614744       -18.2899980215
        2.4805782000         0.6000000000         0.6410540967         3.4755089056       -18.1570233731
        2.4855711000         0.6000000000         0.6308447893         3.4040563367       -18.4229726700
        2.4907316000         0.6000000000         0.6436064236         3.3223962580       -18.0905360488
        2.4956581000         0.6000000000         0.6257401356         3.2534955666       -18.5559473184
        2.5006017000         0.6000000000         0.6231878087         3.1820429978       -18.6224346427
        2.5055573000         0.6000000000         0.6282924625         3.1182460613       -18.4894599942
        2.5105783000         0.6000000000         0.6333971162         3.0442416150       -18.3564853457
        2.5155381000         0.6000000000         0.6385017699         2.9778928011       -18.2235106973
        2.5205311000         0.6000000000         0.6206354819         2.8936808449       -18.6889219669
        2.5256724000         0.6000000000         0.6180831550         2.8196763986       -18.7554092911
        2.5306349000         0.6000000000         0.6257401356         2.7609832170       -18.5559473184
        2.5356346000         0.6000000000         0.6359494430         2.6895306482       -18.2899980215
        2.5408386000         0.6000000000         0.6385017699         2.6129743244       -18.2235106973
        2.5457291000         0.6000000000         0.6206354819         2.5440736330       -18.6889219669
        2.5506932000         0.6000000000         0.6333971162         2.4675173092       -18.3564853457
        2.5556101000         0.6000000000         0.6333971162         2.4037203728       -18.3564853457
        2.5606945000         0.6000000000         0.6155308282         2.3297159265       -18.8218966153
        2.5656439000         0.6000000000         0.6410540967         2.2531596027       -18.1570233731
        2.5706302000         0.6000000000         0.6282924625         2.1791551564       -18.4894599942
        2.5755905000         0.6000000000         0.6282924625         2.1025988326       -18.4894599942
        2.5805905000         0.6000000000         0.6308447893         2.0388018961       -18.4229726700
        2.5856145000         0.6000000000         0.6257401356         1.9699012047       -18.5559473184
        2.5906333000         0.6000000000         0.6512634042         1.9035523908       -17.8910740762
        2.5955997000         0.6000000000         0.6308447893         1.8320998220       -18.4229726700
        2.6006702000         0.6000000000         0.6487110773         1.7529916207       -17.9575614004
        2.6056463000         0.6000000000         0.6231878087         1.6866428068       -18.6224346427
        2.6106405000         0.6000000000         0.6359494430         1.6177421154       -18.2899980215
        2.6156175000         0.6000000000         0.6282924625         1.5564970564       -18.4894599942
        2.6204860000         0.6000000000         0.6461587505         1.4850444875       -18.0240487246
        2.6256575000         0.6000000000         0.6359494430         1.4212475511       -18.2899980215
        2.6305636000         0.6000000000         0.6436064236         1.3472431047       -18.0905360488
        2.6357321000         0.6000000000         0.6385017699         1.2834461683       -18.2235106973
        2.6406033000         0.6000000000         0.6461587505         1.2170973543       -18.0240487246
        2.6455269000         0.6000000000         0.6385017699         1.1456447855       -18.2235106973
        2.6505929000         0.6000000000         0.6385017699         1.0767440941       -18.2235106973
        2.6556068000         0.6000000000         0.6461587505         1.0078434027       -18.0240487246
        2.6607241000         0.6000000000         0.6436064236         0.9363908338       -18.0905360488
        2.6655741000         0.6000000000         0.6436064236         0.8700420199       -18.0905360488
        2.6707183000         0.6000000000         0.6461587505         0.8011413285       -18.0240487246
        2.6756265000         0.6000000000         0.6410540967         0.7322406371       -18.1570233731
        2.6806750000         0.6000000000         0.6436064236         0.6582361908       -18.0905360488
        2.6855829000         0.6000000000         0.6563680579         0.5893354994       -17.7580994277
        2.6909533000         0.6000000000         0.6282924625         0.5178829306       -18.4894599942
        2.6956152000         0.6000000000         0.6538157310         0.4413266068       -17.8245867519
        2.7007335000         0.6000000000         0.6385017699         0.3724259154       -18.2235106973
        2.7056902000         0.6000000000         0.6614727116         0.3111808564       -17.6251247793
        2.7106829000         0.6000000000         0.6436064236         0.2346245326       -18.0905360488
        2.7155926000         0.6000000000         0.6436064236         0.1580682088       -18.0905360488
        2.7206777000         0.6000000000         0.6333971162         0.0866156400       -18.3564853457
        2.7311813000         0.6000000000         0.6512634042         0.0202668261       -17.8910740762
        2.7317560000         0.6000000000         0.6589203847         0.0075074388       -17.6916121035
        2.7356917000         0.6000000000         0.6436064236         1.1073666236       -18.0905360488
        2.7405686000         0.6000000000         0.6410540967         5.0066353810       -18.1570233731
        2.7459465000         0.6000000000         0.6563680579         5.0117391359       -17.7580994277
        2.7506266000         0.6000000000         0.6487110773         4.9836684838       -17.9575614004
        2.7555008000         0.6000000000         0.6589203847         4.9122159150       -17.6916121035
        2.7605595000         0.6000000000         0.6461587505         4.8382114687       -18.0240487246
        2.7662382000         0.6000000000         0.6410540967         4.7514476351       -18.1570233731
        2.7707917000         0.6000000000         0.6333971162         4.6825469437       -18.3564853457
        2.7756358000         0.6000000000         0.6308447893         4.6034387424       -18.4229726700
        2.7806312000         0.6000000000         0.6512634042         4.5421936834       -17.8910740762
        2.7857809000         0.6000000000         0.6385017699         4.4707411146       -18.2235106973
        2.7908991000         0.6000000000         0.6512634042         4.3992885457       -17.8910740762
        2.7955813000         0.6000000000         0.6206354819         4.3176284670       -18.6889219669
        2.8006850000         0.6000000000         0.6333971162         4.2512796531       -18.3564853457
        2.8055308000         0.6000000000         0.6385017699         4.1874827166       -18.2235106973
        2.8105647000         0.6000000000         0.6410540967         4.1083745154       -18.1570233731
        2.8156257000         0.6000000000         0.6257401356         4.0369219465       -18.5559473184
        2.8206211000         0.6000000000         0.6410540967         3.9705731326       -18.1570233731
        2.8255732000         0.6000000000         0.6257401356         3.8914649314       -18.5559473184
        2.8308118000         0.6000000000         0.6385017699         3.8225642400       -18.2235106973
        2.8355947000         0.6000000000         0.6282924625         3.7587673035       -18.4894599942
        2.8409230000         0.6000000000         0.6665773653         3.6745553474       -17.4921501308
        2.8455738000         0.6000000000         0.6206354819         3.6082065334       -18.6889219669
        2.8506835000         0.6000000000         0.6410540967         3.5418577195       -18.1570233731
        2.8556164000         0.6000000000         0.6333971162         3.4704051506       -18.3564853457
        2.8604999000         0.6000000000         0.6078738476         3.3887450720       -19.0213585880
        2.8655390000         0.6000000000         0.6410540967         3.3300518904       -18.1570233731
        2.8705731000         0.6000000000         0.6129785013         3.2432880568       -18.8883839396
        2.8755672000         0.6000000000         0.6282924625         3.1794911203       -18.4894599942
        2.8811513000         0.6000000000         0.6333971162         3.1156941838       -18.3564853457
        2.8856161000         0.6000000000         0.6231878087         3.0391378601       -18.6224346427
        2.8906201000         0.6000000000         0.6333971162         2.9651334138       -18.3564853457
        2.8955899000         0.6000000000         0.6410540967         2.8936808449       -18.1570233731
        2.9006190000         0.6000000000         0.6104261745         2.8222282761       -18.9548712638
        2.9055126000         0.6000000000         0.6282924625         2.7482238297       -18.4894599942
        2.9105138000         0.6000000000         0.6078738476         2.6716675060       -19.0213585880
        2.9156097000         0.6000000000         0.6359494430         2.6104224470       -18.2899980215
        2.9205711000         0.6000000000         0.6180831550         2.5287623683       -18.7554092911
        2.9257672000         0.6000000000         0.6231878087         2.4598616769       -18.6224346427
        2.9306757000         0.6000000000         0.6180831550         2.3884091080       -18.7554092911
        2.9355980000         0.6000000000         0.6129785013         2.3169565392       -18.8883839396
        2.9406458000         0.6000000000         0.6257401356         2.2404002154       -18.5559473184
        2.9456312000         0.6000000000         0.6257401356         2.1714995240       -18.5559473184
        2.9506411000         0.6000000000         0.6282924625         2.0974950777       -18.4894599942
        2.9556147000         0.6000000000         0.6333971162         2.0260425088       -18.3564853457
        2.9606087000         0.6000000000         0.6333971162         1.9545899400       -18.3564853457
        2.9658162000         0.6000000000         0.6333971162         1.8831373711       -18.3564853457
        2.9705973000         0.6000000000         0.6282924625         1.8167885572       -18.4894599942
        2.9772922000         0.6000000000         0.6333971162         1.7478878658       -18.3564853457
        2.9806494000         0.6000000000         0.6385017699         1.6840909293       -18.2235106973
        2.9869009000         0.6000000000         0.6333971162         1.6049827281       -18.3564853457
        2.9905423000         0.6000000000         0.6257401356         1.5411857916       -18.5559473184
        2.9956367000         0.6000000000         0.6308447893         1.4722851002       -18.4229726700
        3.0009631000         0.6000000000         0.6333971162         1.4084881638       -18.3564853457
        3.0055919000         0.6000000000         0.6308447893         1.3395874724       -18.4229726700
        3.0107302000         0.6000000000         0.6410540967         1.2732386584       -18.1570233731
        3.0155170000         0.6000000000         0.6385017699         1.2068898445       -18.2235106973
        3.0207315000         0.6000000000         0.6359494430         1.1303335207       -18.2899980215
        3.0255739000         0.6000000000         0.6461587505         1.0690884617       -18.0240487246
        3.0307915000         0.6000000000         0.6282924625         0.9925321379       -18.4894599942
        3.0355919000         0.6000000000         0.6410540967         0.9185276916       -18.1570233731
        3.0415608000         0.6000000000         0.6282924625         0.8496270002       -18.4894599942
        3.0455772000         0.6000000000         0.6512634042         0.7909338187       -17.8910740762
        3.0505806000         0.6000000000         0.6308447893         0.7092737400       -18.4229726700
        3.0608658000         0.6000000000         0.6512634042         0.6454768035       -17.8910740762
        3.0684347000         0.6000000000         0.6359494430         0.5510573375       -18.2899980215
        3.0690953000         0.6000000000         0.6461587505         0.4591897490       -18.0240487246
        3.0706774000         0.6000000000         0.6487110773         0.4336709744       -17.9575614004
        3.0755887000         0.6000000000         0.6385017699         0.3494590183       -18.2235106973
        3.0806110000         0.6000000000         0.6410540967         0.2856620818       -18.1570233731
        3.0854753000         0.6000000000         0.6487110773         0.2218651453       -17.9575614004
        3.0904470000         0.6000000000         0.6436064236         0.1402050666       -18.0905360488
        3.0957571000         0.6000000000         0.6359494430         0.0687524978       -18.2899980215
        3.1006015000         0.6000000000         0.6333971162         0.0049555613       -18.3564853457
        3.1056771000         0.6000000000         0.6563680579         0.0049555613       -17.7580994277
        3.1107573000         0.6000000000         0.6333971162         1.1175741334       -18.3564853457
        3.1155732000         0.6000000000         0.6461587505         5.0091872584       -18.0240487246
        3.1205651000         0.6000000000         0.6461587505         5.0091872584       -18.0240487246
        3.1256080000         0.6000000000         0.6206354819         4.9479421994       -18.6889219669
        3.1305282000         0.6000000000         0.6487110773         4.8790415080       -17.9575614004
        3.1355332000         0.6000000000         0.6359494430         4.7999333068       -18.2899980215
        3.1406988000         0.6000000000         0.6385017699         4.7233769830       -18.2235106973
        3.1455415000         0.6000000000         0.6359494430         4.6646838015       -18.2899980215
        3.1506113000         0.6000000000         0.6308447893         4.5830237228       -18.4229726700
        3.1555682000         0.6000000000         0.6333971162         4.5090192765       -18.3564853457
        3.1606160000         0.6000000000         0.6436064236         4.4401185851       -18.0905360488
        3.1658594000         0.6000000000         0.6512634042         4.3712178937       -17.8910740762
        3.1708369000         0.6000000000         0.6410540967         4.2895578150       -18.1570233731
        3.1768378000         0.6000000000         0.6180831550         4.2232090010       -18.7554092911
        3.1805563000         0.6000000000         0.6308447893         4.1466526773       -18.4229726700
        3.1870198000         0.6000000000         0.6308447893         4.0777519859       -18.4229726700
        3.1907068000         0.6000000000         0.6180831550         4.0037475396       -18.7554092911
        3.1958498000         0.6000000000         0.6385017699         3.9322949707       -18.2235106973
        3.2006244000         0.6000000000         0.6257401356         3.8633942793       -18.5559473184
        3.2055789000         0.6000000000         0.6231878087         3.7842860781       -18.6224346427
        3.2106273000         0.6000000000         0.6155308282         3.7102816318       -18.8218966153
        3.2155785000         0.6000000000         0.6308447893         3.6439328179       -18.4229726700
        3.2206186000         0.6000000000         0.6206354819         3.5699283715       -18.6889219669
        3.2255408000         0.6000000000         0.6231878087         3.5010276801       -18.6224346427
        3.2306057000         0.6000000000         0.6282924625         3.4321269888       -18.4894599942
        3.2355973000         0.6000000000         0.6257401356         3.3581225424       -18.5559473184
        3.2406707000         0.6000000000         0.6104261745         3.2917737285       -18.9548712638
        3.2456144000         0.6000000000         0.6206354819         3.2075617724       -18.6889219669
        3.2507465000         0.6000000000         0.6282924625         3.1412129584       -18.4894599942
        3.2555902000         0.6000000000         0.6206354819         3.0723122670       -18.6889219669
        3.2612585000         0.6000000000         0.6308447893         2.9983078207       -18.4229726700
        3.2655780000         0.6000000000         0.6180831550         2.9319590068       -18.7554092911
        3.2706129000         0.6000000000         0.6333971162         2.8579545605       -18.3564853457
        3.2756027000         0.6000000000         0.6155308282         2.7813982367       -18.8218966153
        3.2807994000         0.6000000000         0.6231878087         2.7124975453       -18.6224346427
        3.2858544000         0.6000000000         0.6155308282         2.6333893441       -18.8218966153
        3.2908246000         0.6000000000         0.6129785013         2.5619367752       -18.8883839396
        3.2957821000         0.6000000000         0.6308447893         2.4930360838       -18.4229726700
        3.3006693000         0.6000000000         0.6180831550         2.4190316375       -18.7554092911
        3.3056204000         0.6000000000         0.6206354819         2.3399234363       -18.6889219669
        3.3107421000         0.6000000000         0.6512634042         2.2812302547       -17.8910740762
        3.3156765000         0.6000000000         0.6282924625         2.2072258084       -18.4894599942
        3.3205568000         0.6000000000         0.6155308282         2.1230138523       -18.8218966153
        3.3255412000         0.6000000000         0.6206354819         2.0515612834       -18.6889219669
        3.3305912000         0.6000000000         0.6308447893         1.9903162244       -18.4229726700
        3.3356000000         0.6000000000         0.6282924625         1.9239674105       -18.4894599942
        3.3406016000         0.6000000000         0.6155308282         1.8474110867       -18.8218966153
        3.3456673000         0.6000000000         0.6359494430         1.7836141502       -18.2899980215
        3.3507972000         0.6000000000         0.6512634042         1.7096097039       -17.8910740762
        3.3557908000         0.6000000000         0.6308447893         1.6356052576       -18.4229726700
        3.3606399000         0.6000000000         0.6104261745         1.5667045662       -18.9548712638
        3.3655270000         0.6000000000         0.6385017699         1.5054595072       -18.2235106973
        3.3707992000         0.6000000000         0.6257401356         1.4237994285       -18.5559473184
        3.3763485000         0.6000000000         0.6333971162         1.3523468597       -18.3564853457
        3.3819405000         0.6000000000         0.6308447893         1.2859980457       -18.4229726700
        3.3856443000         0.6000000000         0.6359494430         1.2196492318       -18.2899980215
        3.3912186000         0.6000000000         0.6282924625         1.1481966629       -18.4894599942
        3.3956075000         0.6000000000         0.6385017699         1.0818478490       -18.2235106973
        3.4005262000         0.6000000000         0.6333971162         1.0129471576       -18.3564853457
        3.4057164000         0.6000000000         0.6512634042         0.9491502211       -17.8910740762
        3.4125643000         0.6000000000         0.6333971162         0.8725938974       -18.3564853457
        3.4156201000         0.6000000000         0.6359494430         0.7985894511       -18.2899980215
        3.4205493000         0.6000000000         0.6257401356         0.7296887597       -18.5559473184
        3.4255906000         0.6000000000         0.6385017699         0.6633399457       -18.2235106973
        3.4310878000         0.6000000000         0.6333971162         0.5867836220       -18.3564853457
        3.4357008000         0.6000000000         0.6487110773         0.5229866855       -17.9575614004
        3.4407481000         0.6000000000         0.6410540967         0.4464303617       -18.1570233731
        3.4455725000         0.6000000000         0.6333971162         0.3775296703       -18.3564853457
        3.4507708000         0.6000000000         0.6385017699         0.2933177142       -18.2235106973
        3.4558722000         0.6000000000         0.6308447893         0.2320726552       -18.4229726700
        3.4608811000         0.6000000000         0.6614727116         0.1580682088       -17.6251247793
        3.4655912000         0.6000000000         0.6308447893         0.0815118851       -18.4229726700
        3.4705857000         0.6000000000         0.6333971162         0.0177149486       -18.3564853457
        3.4756021000         0.6000000000         0.6461587505         0.0075074388       -18.0240487246
        3.4812027000         0.6000000000         0.6308447893         1.1022628687       -18.4229726700
        3.4856418000         0.6000000000         0.6385017699         4.9964278711       -18.2235106973
        3.4907027000         0.6000000000         0.6487110773         5.0091872584       -17.9575614004
        3.4957227000         0.6000000000         0.6410540967         4.9760128515       -18.1570233731
        3.5007285000         0.6000000000         0.6359494430         4.8892490178       -18.2899980215
        3.5055461000         0.6000000000         0.6282924625         4.8203483265       -18.4894599942
        3.5108803000         0.6000000000         0.6487110773         4.7514476351       -17.9575614004
        3.5156266000         0.6000000000         0.6308447893         4.6672356789       -18.4229726700
        3.5205537000         0.6000000000         0.6308447893         4.5932312326       -18.4229726700
        3.5255600000         0.6000000000         0.6538157310         4.5319861736       -17.8245867519
        3.5307771000         0.6000000000         0.6282924625         4.4528779724       -18.4894599942
        3.5358670000         0.6000000000         0.6359494430         4.3814254035       -18.2899980215
        3.5407409000         0.6000000000         0.6385017699         4.3023172023       -18.2235106973
        3.5456045000         0.6000000000         0.6333971162         4.2410721433       -18.3564853457
        3.5505831000         0.6000000000         0.6359494430         4.1645158195       -18.2899980215
        3.5556857000         0.6000000000         0.6308447893         4.0981670056       -18.4229726700
        3.5608591000         0.6000000000         0.6308447893         4.0114031719       -18.4229726700
        3.5658822000         0.6000000000         0.6308447893         3.9425024806       -18.4229726700
        3.5705616000         0.6000000000         0.6282924625         3.8838092990       -18.4894599942
        3.5756354000         0.6000000000         0.6359494430         3.8098048527       -18.2899980215
        3.5806965000         0.6000000000         0.6282924625         3.7358004064       -18.4894599942
        3.5856731000         0.6000000000         0.6206354819         3.6694515924       -18.6889219669
        3.5908052000         0.6000000000         0.6282924625         3.5877915138       -18.4894599942
        3.5957286000         0.6000000000         0.6308447893         3.5214426998       -18.4229726700
        3.6026387000         0.6000000000         0.6333971162         3.4474382535       -18.3564853457
        3.6090892000         0.6000000000         0.6206354819         3.3428112777       -18.6889219669
        3.6107471000         0.6000000000         0.6333971162         3.3096368707       -18.3564853457
        3.6169655000         0.6000000000         0.6206354819         3.2330805470       -18.6889219669
        3.6205508000         0.6000000000         0.6206354819         3.1590761006       -18.6889219669
        3.6257758000         0.6000000000         0.6333971162         3.0901754092       -18.3564853457
        3.6307032000         0.6000000000         0.6180831550         3.0263784728       -18.7554092911
        3.6355997000         0.6000000000         0.6308447893         2.9498221490       -18.4229726700
        3.6406509000         0.6000000000         0.6308447893         2.8783695801       -18.4229726700
        3.6458623000         0.6000000000         0.6257401356         2.8094688888       -18.5559473184
        3.6506330000         0.6000000000         0.6333971162         2.7329125650       -18.3564853457
        3.6556987000         0.6000000000         0.6257401356         2.6589081187       -18.5559473184
        3.6606810000         0.6000000000         0.6206354819         2.5874555498       -18.6889219669
        3.6660607000         0.6000000000         0.6308447893         2.5185548584       -18.4229726700
        3.6705980000         0.6000000000         0.6129785013         2.4445504121       -18.8883839396
        3.6756280000         0.6000000000         0.6333971162         2.3654422109       -18.3564853457
        3.6805586000         0.6000000000         0.6129785013         2.2965415195       -18.8883839396
        3.6856110000         0.6000000000         0.6257401356         2.2174333183       -18.5559473184
        3.6907262000         0.6000000000         0.6104261745         2.1510845043       -18.9548712638
        3.6956551000         0.6000000000         0.6257401356         2.0796319355       -18.5559473184
        3.7006006000         0.6000000000         0.6257401356         2.0107312441       -18.5559473184
        3.7055939000         0.6000000000         0.6308447893         1.9443824302       -18.4229726700
        3.7106480000         0.6000000000         0.6231878087         1.8729298613       -18.6224346427
        3.7157519000         0.6000000000         0.6155308282         1.7989254150       -18.8218966153
        3.7205912000         0.6000000000         0.6359494430         1.7300247236       -18.2899980215
        3.7255951000         0.6000000000         0.6359494430         1.6611240322       -18.2899980215
        3.7305434000         0.6000000000         0.6385017699         1.5922233408       -18.2235106973
        3.7356309000         0.6000000000         0.6308447893         1.5207707720       -18.4229726700
        3.7406052000         0.6000000000         0.6308447893         1.4569738355       -18.4229726700
        3.7454895000         0.6000000000         0.6257401356         1.3778656343       -18.5559473184
        3.7506446000         0.6000000000         0.6282924625         1.3064130654       -18.4894599942
        3.7720951000         0.6000000000         0.6308447893         1.2400642515       -18.4229726700
        3.7726599000         0.6000000000         0.6282924625         1.0103952802       -18.4894599942
        3.7809301000         0.6000000000         0.6308447893         1.0001877703       -18.4229726700
        3.7816307000         0.6000000000         0.6308447893         0.8802495297       -18.4229726700
        3.7822046000         0.6000000000         0.6385017699         0.8751457748       -18.2235106973
        3.7830646000         0.6000000000         0.6512634042         0.8649382650       -17.8910740762
        3.7855259000         0.6000000000         0.6487110773         0.8266601031       -17.9575614004
        3.7906313000         0.6000000000         0.6257401356         0.7501037793       -18.5559473184
        3.7956161000         0.6000000000         0.6308447893         0.6837549654       -18.4229726700
        3.8005931000         0.6000000000         0.6359494430         0.6071986416       -18.2899980215
        3.8055385000         0.6000000000         0.6333971162         0.5382979502       -18.3564853457
        3.8110234000         0.6000000000         0.6512634042         0.4591897490       -17.8910740762
        3.8155651000         0.6000000000         0.6308447893         0.3928409351       -18.4229726700
        3.8205698000         0.6000000000         0.6487110773         0.3213883662       -17.9575614004
        3.8256012000         0.6000000000         0.6155308282         0.2473839199       -18.8218966153
        3.8305698000         0.6000000000         0.6512634042         0.1784832285       -17.8910740762
        3.8371762000         0.6000000000         0.6308447893         0.0993750273       -18.4229726700
        3.8409693000         0.6000000000         0.6410540967         0.0355780908       -18.1570233731
        3.8456026000         0.6000000000         0.6461587505         0.0049555613       -18.0240487246
        3.8506907000         0.6000000000         0.6385017699         0.0100593162       -18.2235106973
        3.8556402000         0.6000000000         0.6410540967         5.0091872584       -18.1570233731
        3.8607511000         0.6000000000         0.6410540967         5.0117391359       -18.1570233731
        3.8656945000         0.6000000000         0.6385017699         4.9836684838       -18.2235106973
        3.8706387000         0.6000000000         0.6436064236         4.9147677924       -18.0905360488
        3.8756049000         0.6000000000         0.6282924625         4.8458671010       -18.4894599942
        3.8806216000         0.6000000000         0.6512634042         4.7718626547       -17.8910740762
        3.8856373000         0.6000000000         0.6359494430         4.6902025760       -18.2899980215
        3.8905497000         0.6000000000         0.6308447893         4.6161981297       -18.4229726700
        3.8955453000         0.6000000000         0.6436064236         4.5370899285       -18.0905360488
        3.9006188000         0.6000000000         0.6206354819         4.4656373597       -18.6889219669
        3.9055693000         0.6000000000         0.6589203847         4.3967366683       -17.6916121035
        3.9105756000         0.6000000000         0.6282924625         4.3303878543       -18.4894599942
        3.9156075000         0.6000000000         0.6282924625         4.2538315306       -18.4894599942
        3.9206617000         0.6000000000         0.6359494430         4.1798270842       -18.2899980215
        3.9255484000         0.6000000000         0.6155308282         4.1032707605       -18.8218966153
        3.9306650000         0.6000000000         0.6333971162         4.0420257015       -18.3564853457
        3.9357423000         0.6000000000         0.6180831550         3.9654693777       -18.7554092911
        3.9406490000         0.6000000000         0.6231878087         3.8889130539       -18.6224346427
        3.9455944000         0.6000000000         0.6231878087         3.8149086076       -18.6224346427
        3.9505483000         0.6000000000         0.6231878087         3.7460079162       -18.6224346427
        3.9555005000         0.6000000000         0.6206354819         3.6745553474       -18.6889219669
        3.9606439000         0.6000000000         0.6257401356         3.6107584109       -18.5559473184
        3.9656992000         0.6000000000         0.6333971162         3.5367539646       -18.3564853457
        3.9705653000         0.6000000000         0.6359494430         3.4678532732       -18.2899980215
        3.9756184000         0.6000000000         0.6104261745         3.3836413170       -18.9548712638
        3.9805895000         0.6000000000         0.6385017699         3.3249481355       -18.2235106973
        3.9855438000         0.6000000000         0.6180831550         3.2458399342       -18.7554092911
        3.9906401000         0.6000000000         0.6180831550         3.1718354879       -18.7554092911
        3.9955998000         0.6000000000         0.6308447893         3.1105904289       -18.4229726700
        4.0006644000         0.6000000000         0.6129785013         3.0263784728       -18.8883839396
