% Sweep Step 110/200  Vcmd=1.7500V  CCW 
% Vg_offset=1.338069V  K_gimbal=26.049690

Time[s]              Vcmd[V]              Vg_raw[V]            Pot[V]             Omega[rad/s]
        0.0022109000         1.7500000000         1.3403916554         1.3625543695         0.0605034650
        0.0055967000         1.7500000000         1.3352870017         1.3625543695        -0.0724711834
        0.0106277000         1.7500000000         1.3454963091         1.3702100019         0.1934781135
        0.0155947000         1.7500000000         1.3378393285         1.3625543695        -0.0059838592
        0.0206798000         1.7500000000         1.3301823480         1.3574506146        -0.2054458319
        0.0255545000         1.7500000000         1.1693857560         1.3523468597        -4.3941472581
        0.0305122000         1.7500000000         1.1974613514         1.3395874724        -3.6627866916
        0.0356477000         1.7500000000         1.2382985811         1.3268280851        -2.5989895040
        0.0405850000         1.7500000000         1.1846997172         1.3115168203        -3.9952233128
        0.0454927000         1.7500000000         1.1591764486         1.2911018006        -4.6600965550
        0.0504917000         1.7500000000         1.1974613514         1.2808942908        -3.6627866916
        0.0555185000         1.7500000000         1.1617287755         1.2655830261        -4.5936092308
        0.0605827000         1.7500000000         1.1617287755         1.2528236388        -4.5936092308
        0.0655102000         1.7500000000         1.1770427366         1.2298567416        -4.1946852855
        0.0705443000         1.7500000000         1.1438624875         1.2145454769        -5.0590205004
        0.0755966000         1.7500000000         1.1438624875         1.1966823347        -5.0590205004
        0.0805805000         1.7500000000         1.1566241217         1.1762673150        -4.7265838793
        0.0855773000         1.7500000000         1.1311008532         1.1584041728        -5.3914571215
        0.0905389000         1.7500000000         1.1413101606         1.1354372756        -5.1255078246
        0.0955178000         1.7500000000         1.1413101606         1.1252297658        -5.1255078246
        0.1005488000         1.7500000000         1.1311008532         1.0997109912        -5.3914571215
        0.1055830000         1.7500000000         1.1259961995         1.0818478490        -5.5244317700
        0.1105457000         1.7500000000         1.1413101606         1.0665365843        -5.1255078246
        0.1155125000         1.7500000000         1.1259961995         1.0410178097        -5.5244317700
        0.1204799000         1.7500000000         1.1362055069         1.0206027900        -5.2584824731
        0.1255185000         1.7500000000         1.1285485263         1.0001877703        -5.4579444458
        0.1304779000         1.7500000000         1.1234438726         0.9746689957        -5.5909190942
        0.1355330000         1.7500000000         1.1208915457         0.9542539761        -5.6574064184
        0.1405442000         1.7500000000         1.1285485263         0.9389427113        -5.4579444458
        0.1455508000         1.7500000000         1.1106822383         0.9057683043        -5.9233557154
        0.1504522000         1.7500000000         1.1311008532         0.8879051621        -5.3914571215
        0.1554489000         1.7500000000         1.1055775846         0.8598345101        -6.0563303638
        0.1604922000         1.7500000000         1.1234438726         0.8368676129        -5.5909190942
        0.1655352000         1.7500000000         1.1030252578         0.8241082257        -6.1228176880
        0.1704746000         1.7500000000         1.1234438726         0.7985894511        -5.5909190942
        0.1754797000         1.7500000000         1.1004729309         0.7705187990        -6.1893050123
        0.1804444000         1.7500000000         1.1106822383         0.7577594117        -5.9233557154
        0.1854437000         1.7500000000         1.1132345652         0.7373443920        -5.8568683911
        0.1906458000         1.7500000000         1.1004729309         0.7041699851        -6.1893050123
        0.1954948000         1.7500000000         1.1030252578         0.6863068429        -6.1228176880
        0.2006402000         1.7500000000         1.1055775846         0.6658918232        -6.0563303638
        0.2054845000         1.7500000000         1.1183392189         0.6352692937        -5.7238937427
        0.2105546000         1.7500000000         1.0953682772         0.6174061515        -6.3222796607
        0.2156072000         1.7500000000         1.1055775846         0.5893354994        -6.0563303638
        0.2205676000         1.7500000000         1.0928159503         0.5638167248        -6.3887669849
        0.2255045000         1.7500000000         1.0953682772         0.5382979502        -6.3222796607
        0.2304863000         1.7500000000         1.0877112966         0.5051235433        -6.5217416334
        0.2355079000         1.7500000000         1.0979206040         0.4898122785        -6.2557923365
        0.2404902000         1.7500000000         1.0851589698         0.4642935039        -6.5882289576
        0.2455926000         1.7500000000         1.0800543160         0.4336709744        -6.7212036061
        0.2505166000         1.7500000000         1.0953682772         0.4183597097        -6.3222796607
        0.2556039000         1.7500000000         1.0775019892         0.3826334252        -6.7876909303
        0.2606618000         1.7500000000         1.0902636235         0.3622184056        -6.4552543092
        0.2655671000         1.7500000000         1.0775019892         0.3366996310        -6.7876909303
        0.2705431000         1.7500000000         1.0877112966         0.3137327338        -6.5217416334
        0.2755216000         1.7500000000         1.0826066429         0.2831102043        -6.6547162818
        0.2805653000         1.7500000000         1.0877112966         0.2601433072        -6.5217416334
        0.2855327000         1.7500000000         1.0851589698         0.2320726552        -6.5882289576
        0.2906327000         1.7500000000         1.0672926818         0.1988982482        -7.0536402272
        0.2955362000         1.7500000000         1.0902636235         0.1861388609        -6.4552543092
        0.3005324000         1.7500000000         1.0877112966         0.1580682088        -6.5217416334
        0.3055398000         1.7500000000         1.0800543160         0.1248938019        -6.7212036061
        0.3105097000         1.7500000000         1.0877112966         0.1019269048        -6.5217416334
        0.3155100000         1.7500000000         1.0775019892         0.0764081302        -6.7876909303
        0.3204631000         1.7500000000         1.0775019892         0.0457856007        -6.7876909303
        0.3254692000         1.7500000000         1.0877112966         0.0177149486        -6.5217416334
        0.3305670000         1.7500000000         1.0672926818         0.0049555613        -7.0536402272
        0.3354873000         1.7500000000         1.0800543160         0.0100593162        -6.7212036061
        0.3405006000         1.7500000000         1.0851589698         0.0075074388        -6.5882289576
        0.3454719000         1.7500000000         1.0826066429         0.0024036839        -6.6547162818
        0.3504743000         1.7500000000         1.0800543160         0.0100593162        -6.7212036061
        0.3554639000         1.7500000000         1.0877112966         1.1226778884        -6.5217416334
        0.3605723000         1.7500000000         1.0723973355         1.0997109912        -6.9206655788
        0.3655714000         1.7500000000         1.0826066429         5.0117391359        -6.6547162818
        0.3705149000         1.7500000000         1.0775019892         5.0066353810        -6.7876909303
        0.3755843000         1.7500000000         1.0800543160         5.0142910133        -6.7212036061
        0.3804974000         1.7500000000         1.0749496623         5.0117391359        -6.8541782545
        0.3855054000         1.7500000000         1.0826066429         5.0142910133        -6.6547162818
        0.3905706000         1.7500000000         1.0800543160         4.9887722387        -6.7212036061
        0.3955758000         1.7500000000         1.0902636235         4.9607015867        -6.4552543092
        0.4005403000         1.7500000000         1.0800543160         4.9377346896        -6.7212036061
        0.4054886000         1.7500000000         1.0647403549         4.8994565277        -7.1201275514
        0.4105267000         1.7500000000         1.0621880280         4.8688339982        -7.1866148757
        0.4155533000         1.7500000000         1.0826066429         4.8484189785        -6.6547162818
        0.4205051000         1.7500000000         1.0596357012         4.8126926941        -7.2531021999
        0.4255586000         1.7500000000         1.0749496623         4.7922776744        -6.8541782545
        0.4306460000         1.7500000000         1.0775019892         4.7616551449        -6.7876909303
        0.4355216000         1.7500000000         1.0672926818         4.7310326154        -7.0536402272
        0.4404812000         1.7500000000         1.0570833743         4.6953063310        -7.3195895241
        0.4454638000         1.7500000000         1.0723973355         4.6774431887        -6.9206655788
        0.4505081000         1.7500000000         1.0570833743         4.6366131494        -7.3195895241
        0.4555709000         1.7500000000         1.0723973355         4.6213018847        -6.9206655788
        0.4605147000         1.7500000000         1.0723973355         4.5932312326        -6.9206655788
        0.4655727000         1.7500000000         1.0672926818         4.5498493158        -7.0536402272
        0.4705310000         1.7500000000         1.0417694132         4.5268824187        -7.7185134695
        0.4756822000         1.7500000000         1.0621880280         4.4988117666        -7.1866148757
        0.4805572000         1.7500000000         1.0596357012         4.4656373597        -7.2531021999
        0.4855396000         1.7500000000         1.0545310475         4.4426704625        -7.3860768483
        0.4905159000         1.7500000000         1.0621880280         4.4197035654        -7.1866148757
        0.4955277000         1.7500000000         1.0468740669         4.3788735260        -7.5855388210
        0.5004995000         1.7500000000         1.0621880280         4.3508028740        -7.1866148757
        0.5056154000         1.7500000000         1.0494263938         4.3278359769        -7.5190514968
        0.5106338000         1.7500000000         1.0570833743         4.3023172023        -7.3195895241
        0.5156928000         1.7500000000         1.0392170863         4.2614871629        -7.7850007937
        0.5207453000         1.7500000000         1.0647403549         4.2410721433        -7.1201275514
        0.5256775000         1.7500000000         1.0596357012         4.2206571236        -7.2531021999
        0.5305744000         1.7500000000         1.0621880280         4.1925864715        -7.1866148757
        0.5356044000         1.7500000000         1.0596357012         4.1517564322        -7.2531021999
        0.5405188000         1.7500000000         1.0596357012         4.1338932900        -7.2531021999
        0.5456257000         1.7500000000         1.0647403549         4.0981670056        -7.1201275514
        0.5504965000         1.7500000000         1.0392170863         4.0624407211        -7.7850007937
        0.5555360000         1.7500000000         1.0494263938         4.0420257015        -7.5190514968
        0.5606107000         1.7500000000         1.0468740669         4.0037475396        -7.5855388210
        0.5655248000         1.7500000000         1.0647403549         3.9884362748        -7.1201275514
        0.5705128000         1.7500000000         1.0468740669         3.9603656228        -7.5855388210
        0.5755722000         1.7500000000         1.0519787206         3.9246393383        -7.4525641726
        0.5807601000         1.7500000000         1.0570833743         3.8991205638        -7.3195895241
        0.5856366000         1.7500000000         1.0672926818         3.8659461568        -7.0536402272
        0.5909157000         1.7500000000         1.0519787206         3.8378755047        -7.4525641726
        0.5955981000         1.7500000000         1.0494263938         3.8098048527        -7.5190514968
        0.6006190000         1.7500000000         1.0519787206         3.7817342006        -7.4525641726
        0.6056094000         1.7500000000         1.0570833743         3.7485597937        -7.3195895241
        0.6104848000         1.7500000000         1.0545310475         3.7204891416        -7.3860768483
        0.6155748000         1.7500000000         1.0494263938         3.7026259994        -7.5190514968
        0.6206353000         1.7500000000         1.0519787206         3.6694515924        -7.4525641726
        0.6255562000         1.7500000000         1.0596357012         3.6388290629        -7.2531021999
        0.6305275000         1.7500000000         1.0647403549         3.6133102883        -7.1201275514
        0.6355188000         1.7500000000         1.0443217401         3.5826877588        -7.6520261452
        0.6408924000         1.7500000000         1.0596357012         3.5546171068        -7.2531021999
        0.6455567000         1.7500000000         1.0545310475         3.5188908224        -7.3860768483
        0.6505411000         1.7500000000         1.0647403549         3.5010276801        -7.1201275514
        0.6556278000         1.7500000000         1.0468740669         3.4729570281        -7.5855388210
        0.6606461000         1.7500000000         1.0443217401         3.4423344986        -7.6520261452
        0.6656641000         1.7500000000         1.0621880280         3.4142638465        -7.1866148757
        0.6706107000         1.7500000000         1.0519787206         3.3785375621        -7.4525641726
        0.6756672000         1.7500000000         1.0596357012         3.3632262974        -7.2531021999
        0.6805453000         1.7500000000         1.0443217401         3.3275000129        -7.6520261452
        0.6856532000         1.7500000000         1.0494263938         3.2943256060        -7.5190514968
        0.6906067000         1.7500000000         1.0698450086         3.2764624638        -6.9871529030
        0.6955659000         1.7500000000         1.0468740669         3.2458399342        -7.5855388210
        0.7006968000         1.7500000000         1.0392170863         3.2101136498        -7.7850007937
        0.7056385000         1.7500000000         1.0596357012         3.1896986301        -7.2531021999
        0.7105986000         1.7500000000         1.0545310475         3.1514204683        -7.3860768483
        0.7156674000         1.7500000000         1.0468740669         3.1233498162        -7.5855388210
        0.7206161000         1.7500000000         1.0519787206         3.1080385515        -7.4525641726
        0.7255561000         1.7500000000         1.0417694132         3.0723122670        -7.7185134695
        0.7306340000         1.7500000000         1.0596357012         3.0442416150        -7.2531021999
        0.7356694000         1.7500000000         1.0570833743         3.0238265953        -7.3195895241
        0.7405033000         1.7500000000         1.0468740669         2.9881003109        -7.5855388210
        0.7456624000         1.7500000000         1.0519787206         2.9498221490        -7.4525641726
        0.7505825000         1.7500000000         1.0366647595         2.9268552519        -7.8514881179
        0.7555209000         1.7500000000         1.0392170863         2.8936808449        -7.7850007937
        0.7605834000         1.7500000000         1.0494263938         2.8707139478        -7.5190514968
        0.7656859000         1.7500000000         1.0443217401         2.8426432957        -7.6520261452
        0.7706922000         1.7500000000         1.0443217401         2.8069170113        -7.6520261452
        0.7755185000         1.7500000000         1.0621880280         2.7890538691        -7.1866148757
        0.7805283000         1.7500000000         1.0366647595         2.7533275847        -7.8514881179
        0.7855399000         1.7500000000         1.0468740669         2.7278088101        -7.5855388210
        0.7906553000         1.7500000000         1.0545310475         2.6920825256        -7.3860768483
        0.7955555000         1.7500000000         1.0545310475         2.6665637511        -7.3860768483
        0.8005463000         1.7500000000         1.0341124326         2.6359412215        -7.9179754422
        0.8054650000         1.7500000000         1.0443217401         2.6053186920        -7.6520261452
        0.8105918000         1.7500000000         1.0341124326         2.5721442851        -7.9179754422
        0.8155080000         1.7500000000         1.0621880280         2.5542811429        -7.1866148757
        0.8205134000         1.7500000000         1.0366647595         2.5160029810        -7.8514881179
        0.8257304000         1.7500000000         1.0494263938         2.4930360838        -7.5190514968
        0.8305153000         1.7500000000         1.0596357012         2.4649654318        -7.2531021999
        0.8355069000         1.7500000000         1.0545310475         2.4266872699        -7.3860768483
        0.8405918000         1.7500000000         1.0417694132         2.4037203728        -7.7185134695
        0.8455395000         1.7500000000         1.0545310475         2.3705459658        -7.3860768483
        0.8506199000         1.7500000000         1.0494263938         2.3450271912        -7.5190514968
        0.8554817000         1.7500000000         1.0468740669         2.3144046617        -7.5855388210
        0.8604810000         1.7500000000         1.0545310475         2.2888858871        -7.3860768483
        0.8655504000         1.7500000000         1.0494263938         2.2531596027        -7.5190514968
        0.8705707000         1.7500000000         1.0570833743         2.2301927056        -7.3195895241
        0.8754505000         1.7500000000         1.0443217401         2.2021220535        -7.6520261452
        0.8804994000         1.7500000000         1.0698450086         2.1791551564        -6.9871529030
        0.8855688000         1.7500000000         1.0596357012         2.1510845043        -7.2531021999
        0.8907043000         1.7500000000         1.0647403549         2.1230138523        -7.1201275514
        0.8955237000         1.7500000000         1.0596357012         2.0847356904        -7.2531021999
        0.9005336000         1.7500000000         1.0672926818         2.0668725482        -7.0536402272
        0.9055767000         1.7500000000         1.0596357012         2.0362500187        -7.2531021999
        0.9106467000         1.7500000000         1.0621880280         2.0056274892        -7.1866148757
        0.9156575000         1.7500000000         1.0698450086         1.9775568371        -6.9871529030
        0.9206304000         1.7500000000         1.0519787206         1.9418305527        -7.4525641726
        0.9254546000         1.7500000000         1.0698450086         1.9316230429        -6.9871529030
        0.9306464000         1.7500000000         1.0545310475         1.8907930035        -7.3860768483
        0.9356663000         1.7500000000         1.0596357012         1.8703779838        -7.2531021999
        0.9406062000         1.7500000000         1.0621880280         1.8448592093        -7.1866148757
        0.9456546000         1.7500000000         1.0672926818         1.8193404347        -7.0536402272
        0.9505733000         1.7500000000         1.0621880280         1.7912697826        -7.1866148757
        0.9556372000         1.7500000000         1.0570833743         1.7580953756        -7.3195895241
        0.9609101000         1.7500000000         1.0723973355         1.7376803560        -6.9206655788
        0.9659310000         1.7500000000         1.0621880280         1.7121615814        -7.1866148757
        0.9705238000         1.7500000000         1.0723973355         1.6840909293        -6.9206655788
        0.9761410000         1.7500000000         1.0698450086         1.6585721547        -6.9871529030
        0.9805434000         1.7500000000         1.0723973355         1.6305015027        -6.9206655788
        0.9857289000         1.7500000000         1.0621880280         1.6024308506        -7.1866148757
        0.9905873000         1.7500000000         1.0672926818         1.5743601986        -7.0536402272
        0.9954744000         1.7500000000         1.0698450086         1.5462895465        -6.9871529030
        1.0005427000         1.7500000000         1.0698450086         1.5284264043        -6.9871529030
        1.0054502000         1.7500000000         1.0749496623         1.5029076297        -6.8541782545
        1.0105831000         1.7500000000         1.0723973355         1.4773888552        -6.9206655788
        1.0156004000         1.7500000000         1.0596357012         1.4467663256        -7.2531021999
        1.0205951000         1.7500000000         1.0826066429         1.4289031834        -6.6547162818
        1.0254906000         1.7500000000         1.0749496623         1.3931768990        -6.8541782545
        1.0307243000         1.7500000000         1.0800543160         1.3804175117        -6.7212036061
        1.0356051000         1.7500000000         1.0749496623         1.3472431047        -6.8541782545
        1.0405697000         1.7500000000         1.0826066429         1.3217243302        -6.6547162818
        1.0455859000         1.7500000000         1.0826066429         1.3013093105        -6.6547162818
        1.0506666000         1.7500000000         1.0775019892         1.2630311486        -6.7876909303
        1.0555928000         1.7500000000         1.0775019892         1.2426161289        -6.7876909303
        1.0606101000         1.7500000000         1.0826066429         1.2222011093        -6.6547162818
        1.0654851000         1.7500000000         1.0749496623         1.1890267023        -6.8541782545
        1.0706590000         1.7500000000         1.0672926818         1.1686116826        -7.0536402272
        1.0755301000         1.7500000000         1.0775019892         1.1379891531        -6.7876909303
        1.0807492000         1.7500000000         1.0775019892         1.1175741334        -6.7876909303
        1.0856424000         1.7500000000         1.0800543160         1.0997109912        -6.7212036061
        1.0905950000         1.7500000000         1.0775019892         1.0716403392        -6.7876909303
        1.0956302000         1.7500000000         1.0647403549         1.0384659322        -7.1201275514
        1.1006287000         1.7500000000         1.0826066429         1.0231546675        -6.6547162818
        1.1056590000         1.7500000000         1.0775019892         0.9925321379        -6.7876909303
        1.1106939000         1.7500000000         1.0851589698         0.9695652408        -6.5882289576
        1.1156967000         1.7500000000         1.0723973355         0.9389427113        -6.9206655788
        1.1205785000         1.7500000000         1.0851589698         0.9108720593        -6.5882289576
        1.1255378000         1.7500000000         1.0902636235         0.8904570396        -6.4552543092
        1.1308115000         1.7500000000         1.0826066429         0.8623863875        -6.6547162818
        1.1356133000         1.7500000000         1.0877112966         0.8317638580        -6.5217416334
        1.1406703000         1.7500000000         1.0698450086         0.8190044707        -6.9871529030
        1.1456088000         1.7500000000         1.0800543160         0.7909338187        -6.7212036061
        1.1505719000         1.7500000000         1.0877112966         0.7603112892        -6.5217416334
        1.1555411000         1.7500000000         1.0826066429         0.7398962695        -6.6547162818
        1.1604794000         1.7500000000         1.0826066429         0.7169293724        -6.6547162818
        1.1656673000         1.7500000000         1.0723973355         0.6812030879        -6.9206655788
        1.1705461000         1.7500000000         1.0723973355         0.6582361908        -6.9206655788
        1.1755526000         1.7500000000         1.0800543160         0.6276136613        -6.7212036061
        1.1804957000         1.7500000000         1.0800543160         0.5969911318        -6.7212036061
        1.1855506000         1.7500000000         1.0775019892         0.5842317445        -6.7876909303
        1.1905548000         1.7500000000         1.0749496623         0.5434017052        -6.8541782545
        1.1956631000         1.7500000000         1.0851589698         0.5306423179        -6.5882289576
        1.2006047000         1.7500000000         1.0826066429         0.5000197884        -6.6547162818
        1.2056132000         1.7500000000         1.0749496623         0.4719491363        -6.8541782545
        1.2106612000         1.7500000000         1.0749496623         0.4438784843        -6.8541782545
        1.2156135000         1.7500000000         1.0723973355         0.4107040773        -6.9206655788
        1.2205380000         1.7500000000         1.0647403549         0.3928409351        -7.1201275514
        1.2255170000         1.7500000000         1.0851589698         0.3647702830        -6.5882289576
        1.2305639000         1.7500000000         1.0647403549         0.3315958761        -7.1201275514
        1.2356212000         1.7500000000         1.0775019892         0.3188364888        -6.7876909303
        1.2406343000         1.7500000000         1.0596357012         0.2780064494        -7.2531021999
        1.2455670000         1.7500000000         1.0723973355         0.2524876748        -6.9206655788
        1.2505627000         1.7500000000         1.0672926818         0.2218651453        -7.0536402272
        1.2555825000         1.7500000000         1.0698450086         0.2065538806        -6.9871529030
        1.2605566000         1.7500000000         1.0621880280         0.1682757187        -7.1866148757
        1.2655401000         1.7500000000         1.0749496623         0.1453088216        -6.8541782545
        1.2706576000         1.7500000000         1.0621880280         0.1172381695        -7.1866148757
        1.2755621000         1.7500000000         1.0672926818         0.0891675175        -7.0536402272
        1.2806642000         1.7500000000         1.0800543160         0.0687524978        -6.7212036061
        1.2855163000         1.7500000000         1.0698450086         0.0355780908        -6.9871529030
        1.2905714000         1.7500000000         1.0723973355         0.0151630711        -6.9206655788
        1.2955978000         1.7500000000         1.0902636235         0.0075074388        -6.4552543092
        1.3006462000         1.7500000000         1.0647403549         0.0049555613        -7.1201275514
        1.3056592000         1.7500000000         1.0723973355         0.0049555613        -6.9206655788
        1.3106907000         1.7500000000         1.0698450086         0.0024036839        -6.9871529030
        1.3156934000         1.7500000000         1.0621880280         1.1099185011        -7.1866148757
        1.3205565000         1.7500000000         1.0723973355         1.1175741334        -6.9206655788
        1.3255463000         1.7500000000         1.0672926818         5.0015316260        -7.0536402272
        1.3306076000         1.7500000000         1.0698450086         5.0066353810        -6.9871529030
        1.3355968000         1.7500000000         1.0647403549         5.0066353810        -7.1201275514
        1.3405467000         1.7500000000         1.0621880280         4.9989797486        -7.1866148757
        1.3455576000         1.7500000000         1.0621880280         4.9989797486        -7.1866148757
        1.3507002000         1.7500000000         1.0775019892         4.9913241162        -6.7876909303
        1.3555611000         1.7500000000         1.0519787206         4.9683572191        -7.4525641726
        1.3605825000         1.7500000000         1.0698450086         4.9326309346        -6.9871529030
        1.3654848000         1.7500000000         1.0698450086         4.9147677924        -6.9871529030
        1.3705559000         1.7500000000         1.0545310475         4.8688339982        -7.3860768483
        1.3754880000         1.7500000000         1.0672926818         4.8433152236        -7.0536402272
        1.3806147000         1.7500000000         1.0545310475         4.8126926941        -7.3860768483
        1.3855037000         1.7500000000         1.0723973355         4.7948295519        -6.9206655788
        1.3905518000         1.7500000000         1.0596357012         4.7565513900        -7.2531021999
        1.3956158000         1.7500000000         1.0596357012         4.7259288605        -7.2531021999
        1.4006501000         1.7500000000         1.0596357012         4.7004100859        -7.2531021999
        1.4054636000         1.7500000000         1.0672926818         4.6697875564        -7.0536402272
        1.4105735000         1.7500000000         1.0519787206         4.6417169043        -7.4525641726
        1.4155038000         1.7500000000         1.0723973355         4.6213018847        -6.9206655788
        1.4206484000         1.7500000000         1.0621880280         4.5855756002        -7.1866148757
        1.4255064000         1.7500000000         1.0570833743         4.5498493158        -7.3195895241
        1.4306551000         1.7500000000         1.0468740669         4.5243305412        -7.5855388210
        1.4356722000         1.7500000000         1.0570833743         4.4937080117        -7.3195895241
        1.4406614000         1.7500000000         1.0596357012         4.4630854822        -7.2531021999
        1.4454495000         1.7500000000         1.0621880280         4.4426704625        -7.1866148757
        1.4506174000         1.7500000000         1.0570833743         4.4120479330        -7.3195895241
        1.4555831000         1.7500000000         1.0545310475         4.3839772810        -7.3860768483
        1.4606381000         1.7500000000         1.0647403549         4.3610103838        -7.1201275514
        1.4657023000         1.7500000000         1.0519787206         4.3252840994        -7.4525641726
        1.4705049000         1.7500000000         1.0545310475         4.2997653248        -7.3860768483
        1.4756113000         1.7500000000         1.0443217401         4.2691427953        -7.6520261452
        1.4805106000         1.7500000000         1.0621880280         4.2385202658        -7.1866148757
        1.4854835000         1.7500000000         1.0443217401         4.2053458588        -7.6520261452
        1.4905109000         1.7500000000         1.0570833743         4.1823789617        -7.3195895241
        1.5090829000         1.7500000000         1.0417694132         4.0726482310        -7.7185134695
        1.5097782000         1.7500000000         1.0519787206         4.0777519859        -7.4525641726
        1.5105229000         1.7500000000         1.0570833743         4.0700963535        -7.3195895241
        1.5112047000         1.7500000000         1.0545310475         4.0624407211        -7.3860768483
        1.5156694000         1.7500000000         1.0494263938         4.0420257015        -7.5190514968
        1.5205461000         1.7500000000         1.0596357012         4.0190588043        -7.2531021999
        1.5258499000         1.7500000000         1.0672926818         3.9833325199        -7.0536402272
        1.5305507000         1.7500000000         1.0596357012         3.9603656228        -7.2531021999
        1.5356794000         1.7500000000         1.0468740669         3.9271912158        -7.5855388210
        1.5406546000         1.7500000000         1.0570833743         3.9042243187        -7.3195895241
        1.5455804000         1.7500000000         1.0698450086         3.8710499117        -6.9871529030
        1.5506108000         1.7500000000         1.0596357012         3.8480830146        -7.2531021999
        1.5555906000         1.7500000000         1.0417694132         3.8149086076        -7.7185134695
        1.5606128000         1.7500000000         1.0519787206         3.7817342006        -7.4525641726
        1.5656358000         1.7500000000         1.0596357012         3.7638710584        -7.2531021999
        1.5706440000         1.7500000000         1.0392170863         3.7255928965        -7.7850007937
        1.5756418000         1.7500000000         1.0494263938         3.6949703670        -7.5190514968
        1.5806722000         1.7500000000         1.0366647595         3.6668997150        -7.8514881179
        1.5855353000         1.7500000000         1.0468740669         3.6362771855        -7.5855388210
        1.5905059000         1.7500000000         1.0596357012         3.6107584109        -7.2531021999
        1.5958287000         1.7500000000         1.0545310475         3.5877915138        -7.3860768483
        1.6005935000         1.7500000000         1.0417694132         3.5571689842        -7.7185134695
        1.6055689000         1.7500000000         1.0519787206         3.5214426998        -7.4525641726
        1.6105599000         1.7500000000         1.0519787206         3.5061314351        -7.4525641726
        1.6159619000         1.7500000000         1.0468740669         3.4704051506        -7.5855388210
        1.6206442000         1.7500000000         1.0366647595         3.4474382535        -7.8514881179
        1.6258267000         1.7500000000         1.0596357012         3.4091600916        -7.2531021999
        1.6305362000         1.7500000000         1.0519787206         3.3759856847        -7.4525641726
        1.6356640000         1.7500000000         1.0366647595         3.3530187875        -7.8514881179
        1.6405356000         1.7500000000         1.0366647595         3.3198443806        -7.8514881179
        1.6455392000         1.7500000000         1.0519787206         3.2943256060        -7.4525641726
        1.6506143000         1.7500000000         1.0596357012         3.2611511990        -7.2531021999
        1.6556002000         1.7500000000         1.0392170863         3.2407361793        -7.7850007937
        1.6605056000         1.7500000000         1.0468740669         3.1999061400        -7.5855388210
        1.6654949000         1.7500000000         1.0468740669         3.1769392429        -7.5855388210
        1.6705352000         1.7500000000         1.0494263938         3.1488685908        -7.5190514968
        1.6755412000         1.7500000000         1.0519787206         3.1156941838        -7.4525641726
        1.6806032000         1.7500000000         1.0392170863         3.0927272867        -7.7850007937
        1.6856060000         1.7500000000         1.0468740669         3.0697603896        -7.5855388210
        1.6905546000         1.7500000000         1.0621880280         3.0416897375        -7.1866148757
        1.6955610000         1.7500000000         1.0392170863         3.0008596982        -7.7850007937
        1.7005658000         1.7500000000         1.0366647595         2.9702371687        -7.8514881179
        1.7055266000         1.7500000000         1.0417694132         2.9498221490        -7.7185134695
        1.7106243000         1.7500000000         1.0392170863         2.9140958646        -7.7850007937
        1.7155182000         1.7500000000         1.0545310475         2.8936808449        -7.3860768483
        1.7207522000         1.7500000000         1.0468740669         2.8605064379        -7.5855388210
        1.7256066000         1.7500000000         1.0392170863         2.8273320310        -7.7850007937
        1.7305699000         1.7500000000         1.0519787206         2.7967095015        -7.4525641726
        1.7355975000         1.7500000000         1.0519787206         2.7686388494        -7.4525641726
        1.7406679000         1.7500000000         1.0519787206         2.7405681974        -7.4525641726
        1.7455236000         1.7500000000         1.0468740669         2.7176013002        -7.5855388210
        1.7505806000         1.7500000000         1.0800543160         2.6844268933        -6.7212036061
        1.7556340000         1.7500000000         1.0468740669         2.6589081187        -7.5855388210
        1.7605910000         1.7500000000         1.0392170863         2.6180780793        -7.7850007937
        1.7656632000         1.7500000000         1.0494263938         2.5976630597        -7.5190514968
        1.7705113000         1.7500000000         1.0443217401         2.5670405302        -7.6520261452
        1.7756132000         1.7500000000         1.0443217401         2.5440736330        -7.6520261452
        1.7805406000         1.7500000000         1.0468740669         2.5006917162        -7.5855388210
        1.7855605000         1.7500000000         1.0417694132         2.4777248191        -7.7185134695
        1.7906059000         1.7500000000         1.0341124326         2.4419985347        -7.9179754422
        1.7956504000         1.7500000000         1.0519787206         2.4190316375        -7.4525641726
        1.8004748000         1.7500000000         1.0366647595         2.3858572306        -7.8514881179
        1.8055894000         1.7500000000         1.0392170863         2.3552347011        -7.7850007937
        1.8104491000         1.7500000000         1.0468740669         2.3373715588        -7.5855388210
        1.8156258000         1.7500000000         1.0468740669         2.3016452744        -7.5855388210
        1.8206557000         1.7500000000         1.0443217401         2.2710227449        -7.6520261452
        1.8255356000         1.7500000000         1.0596357012         2.2480558478        -7.2531021999
        1.8304425000         1.7500000000         1.0494263938         2.2123295633        -7.5190514968
        1.8356548000         1.7500000000         1.0392170863         2.1791551564        -7.7850007937
        1.8406043000         1.7500000000         1.0494263938         2.1587401367        -7.5190514968
        1.8455231000         1.7500000000         1.0417694132         2.1281176072        -7.7185134695
        1.8508675000         1.7500000000         1.0494263938         2.0974950777        -7.5190514968
        1.8556435000         1.7500000000         1.0596357012         2.0719763031        -7.2531021999
        1.8605572000         1.7500000000         1.0366647595         2.0336981412        -7.8514881179
        1.8655277000         1.7500000000         1.0596357012         2.0158349990        -7.2531021999
        1.8706315000         1.7500000000         1.0545310475         1.9826605920        -7.3860768483
        1.8755401000         1.7500000000         1.0621880280         1.9622455724        -7.1866148757
        1.8806302000         1.7500000000         1.0545310475         1.9265192879        -7.3860768483
        1.8855997000         1.7500000000         1.0596357012         1.9010005134        -7.2531021999
        1.8905482000         1.7500000000         1.0596357012         1.8729298613        -7.2531021999
        1.8956593000         1.7500000000         1.0570833743         1.8423073318        -7.3195895241
        1.9005659000         1.7500000000         1.0953682772         1.8269960670        -6.3222796607
        1.9054926000         1.7500000000         1.0647403549         1.7989254150        -7.1201275514
        1.9105408000         1.7500000000         1.0621880280         1.7657510080        -7.1866148757
        1.9156805000         1.7500000000         1.0545310475         1.7376803560        -7.3860768483
        1.9204875000         1.7500000000         1.0672926818         1.7096097039        -7.0536402272
        1.9255988000         1.7500000000         1.0672926818         1.6840909293        -7.0536402272
        1.9306379000         1.7500000000         1.0749496623         1.6662277871        -6.8541782545
        1.9356350000         1.7500000000         1.0672926818         1.6330533802        -7.0536402272
        1.9405710000         1.7500000000         1.0596357012         1.6024308506        -7.2531021999
        1.9456049000         1.7500000000         1.0775019892         1.5871195859        -6.7876909303
        1.9506228000         1.7500000000         1.0647403549         1.5462895465        -7.1201275514
        1.9556436000         1.7500000000         1.0800543160         1.5335301593        -6.7212036061
        1.9606928000         1.7500000000         1.0775019892         1.5080113847        -6.7876909303
        1.9656306000         1.7500000000         1.0877112966         1.4748369777        -6.5217416334
        1.9706900000         1.7500000000         1.0698450086         1.4518700806        -6.9871529030
        1.9756731000         1.7500000000         1.0826066429         1.4263513060        -6.6547162818
        1.9806098000         1.7500000000         1.0723973355         1.4008325314        -6.9206655788
        1.9855994000         1.7500000000         1.0672926818         1.3651062470        -7.0536402272
        1.9905684000         1.7500000000         1.0698450086         1.3446912273        -6.9871529030
        1.9955451000         1.7500000000         1.0826066429         1.3268280851        -6.6547162818
        2.0006308000         1.7500000000         1.0647403549         1.2885499232        -7.1201275514
        2.0054916000         1.7500000000         1.0775019892         1.2706867810        -6.7876909303
        2.0106682000         1.7500000000         1.0723973355         1.2400642515        -6.9206655788
        2.0154821000         1.7500000000         1.0775019892         1.2222011093        -6.7876909303
        2.0206090000         1.7500000000         1.1030252578         1.1941304572        -6.1228176880
        2.0256497000         1.7500000000         1.0647403549         1.1635079277        -7.1201275514
        2.0306777000         1.7500000000         1.0749496623         1.1328853982        -6.8541782545
        2.0356309000         1.7500000000         1.0826066429         1.1124703785        -6.6547162818
        2.0405644000         1.7500000000         1.0800543160         1.0971591138        -6.7212036061
        2.0456948000         1.7500000000         1.0749496623         1.0639847068        -6.8541782545
        2.0505862000         1.7500000000         1.0775019892         1.0435696871        -6.7876909303
        2.0555917000         1.7500000000         1.0749496623         1.0129471576        -6.8541782545
        2.0605972000         1.7500000000         1.0672926818         0.9874283830        -7.0536402272
        2.0661434000         1.7500000000         1.0826066429         0.9568058535        -6.6547162818
        2.0706289000         1.7500000000         1.0596357012         0.9236314466        -7.2531021999
        2.0755435000         1.7500000000         1.0851589698         0.9134239367        -6.5882289576
        2.0805897000         1.7500000000         1.0851589698         0.8879051621        -6.5882289576
        2.0856766000         1.7500000000         1.0902636235         0.8521788777        -6.4552543092
        2.0906945000         1.7500000000         1.1081299115         0.8241082257        -5.9898430396
        2.0955022000         1.7500000000         1.0647403549         0.7985894511        -7.1201275514
        2.1006998000         1.7500000000         1.0877112966         0.7858300638        -6.5217416334
        2.1056958000         1.7500000000         1.0902636235         0.7501037793        -6.4552543092
        2.1106254000         1.7500000000         1.0749496623         0.7220331273        -6.8541782545
        2.1156479000         1.7500000000         1.0775019892         0.6939624752        -6.7876909303
        2.1205779000         1.7500000000         1.0800543160         0.6709955781        -6.7212036061
        2.1256431000         1.7500000000         1.0826066429         0.6531324359        -6.6547162818
        2.1305156000         1.7500000000         1.0775019892         0.6148542740        -6.7876909303
        2.1356006000         1.7500000000         1.0826066429         0.5969911318        -6.6547162818
        2.1405652000         1.7500000000         1.0749496623         0.5663686023        -6.8541782545
        2.1455668000         1.7500000000         1.0800543160         0.5408498277        -6.7212036061
        2.1506797000         1.7500000000         1.0826066429         0.5153310531        -6.6547162818
        2.1556168000         1.7500000000         1.0826066429         0.4872604011        -6.6547162818
        2.1606445000         1.7500000000         1.0672926818         0.4566378716        -7.0536402272
        2.1656114000         1.7500000000         1.0800543160         0.4387747293        -6.7212036061
        2.1706603000         1.7500000000         1.0953682772         0.4107040773        -6.3222796607
        2.1756749000         1.7500000000         1.0698450086         0.3826334252        -6.9871529030
        2.1806977000         1.7500000000         1.0851589698         0.3520108957        -6.5882289576
        2.1856892000         1.7500000000         1.0723973355         0.3315958761        -6.9206655788
        2.1905954000         1.7500000000         1.0800543160         0.3009733466        -6.7212036061
        2.1956410000         1.7500000000         1.0621880280         0.2754545720        -7.1866148757
        2.2007945000         1.7500000000         1.0749496623         0.2499357974        -6.8541782545
        2.2056484000         1.7500000000         1.0672926818         0.2193132679        -7.0536402272
        2.2106064000         1.7500000000         1.0749496623         0.1963463707        -6.8541782545
        2.2156577000         1.7500000000         1.0698450086         0.1657238412        -6.9871529030
        2.2206299000         1.7500000000         1.0723973355         0.1427569441        -6.9206655788
        2.2256921000         1.7500000000         1.0723973355         0.1095825371        -6.9206655788
        2.2304462000         1.7500000000         1.0570833743         0.0764081302        -7.3195895241
        2.2356098000         1.7500000000         1.0698450086         0.0559931105        -6.9871529030
        2.2404626000         1.7500000000         1.0800543160         0.0355780908        -6.7212036061
        2.2455940000         1.7500000000         1.0570833743        -0.0001481936        -7.3195895241
        2.2505773000         1.7500000000         1.0698450086        -0.0001481936        -6.9871529030
        2.2556292000         1.7500000000         1.0749496623        -0.0078038260        -6.8541782545
        2.2606457000         1.7500000000         1.0596357012        -0.0052519485        -7.2531021999
        2.2657829000         1.7500000000         1.0698450086         0.0075074388        -6.9871529030
        2.2707518000         1.7500000000         1.0723973355         1.0971591138        -6.9206655788
        2.2755575000         1.7500000000         1.0672926818         1.1175741334        -7.0536402272
        2.2806090000         1.7500000000         1.0647403549         5.0066353810        -7.1201275514
        2.2857069000         1.7500000000         1.0647403549         5.0015316260        -7.1201275514
        2.2906371000         1.7500000000         1.0698450086         5.0066353810        -6.9871529030
        2.2956128000         1.7500000000         1.0494263938         5.0066353810        -7.5190514968
        2.3005453000         1.7500000000         1.0672926818         5.0066353810        -7.0536402272
        2.3055876000         1.7500000000         1.0621880280         4.9785647289        -7.1866148757
        2.3105979000         1.7500000000         1.0570833743         4.9453903219        -7.3195895241
        2.3156045000         1.7500000000         1.0519787206         4.9173196699        -7.4525641726
        2.3206338000         1.7500000000         1.0672926818         4.8969046502        -7.0536402272
        2.3256156000         1.7500000000         1.0647403549         4.8688339982        -7.1201275514
        2.3305711000         1.7500000000         1.0698450086         4.8382114687        -6.9871529030
        2.3356391000         1.7500000000         1.0672926818         4.8075889392        -7.0536402272
        2.3407597000         1.7500000000         1.0570833743         4.7718626547        -7.3195895241
        2.3455060000         1.7500000000         1.0596357012         4.7412401252        -7.2531021999
        2.3505582000         1.7500000000         1.0647403549         4.7106175957        -7.1201275514
        2.3554682000         1.7500000000         1.0570833743         4.6850988211        -7.3195895241
        2.3605792000         1.7500000000         1.0723973355         4.6646838015        -6.9206655788
        2.3655840000         1.7500000000         1.0570833743         4.6264056396        -7.3195895241
        2.3707242000         1.7500000000         1.0775019892         4.6059906199        -6.7876909303
        2.3757333000         1.7500000000         1.0621880280         4.5779199678        -7.1866148757
        2.3805947000         1.7500000000         1.0621880280         4.5421936834        -7.1866148757
        2.3856641000         1.7500000000         1.0672926818         4.5243305412        -7.0536402272
        2.3904990000         1.7500000000         1.0621880280         4.4860523793        -7.1866148757
        2.3955496000         1.7500000000         1.0570833743         4.4528779724        -7.3195895241
        2.4006181000         1.7500000000         1.0775019892         4.4273591978        -6.7876909303
        2.4056495000         1.7500000000         1.0545310475         4.3992885457        -7.3860768483
        2.4106067000         1.7500000000         1.0494263938         4.3661141388        -7.5190514968
        2.4156147000         1.7500000000         1.0749496623         4.3431472416        -6.8541782545
        2.4205050000         1.7500000000         1.0621880280         4.3176284670        -7.1866148757
        2.4256827000         1.7500000000         1.0417694132         4.2870059375        -7.7185134695
        2.4306953000         1.7500000000         1.0570833743         4.2563834080        -7.3195895241
        2.4356305000         1.7500000000         1.0749496623         4.2334165109        -6.8541782545
        2.4406362000         1.7500000000         1.0519787206         4.2002421039        -7.4525641726
        2.4456199000         1.7500000000         1.0468740669         4.1747233293        -7.5855388210
        2.4506179000         1.7500000000         1.0494263938         4.1389970449        -7.5190514968
        2.4556597000         1.7500000000         1.0672926818         4.1185820252        -7.0536402272
        2.4606753000         1.7500000000         1.0366647595         4.0879594957        -7.8514881179
        2.4655654000         1.7500000000         1.0596357012         4.0598888437        -7.2531021999
        2.4706480000         1.7500000000         1.0468740669         4.0267144367        -7.5855388210
        2.4756891000         1.7500000000         1.0494263938         3.9960919072        -7.5190514968
        2.4805007000         1.7500000000         1.0417694132         3.9705731326        -7.7185134695
        2.4855112000         1.7500000000         1.0468740669         3.9322949707        -7.5855388210
        2.4905344000         1.7500000000         1.0494263938         3.9169837060        -7.5190514968
        2.4956296000         1.7500000000         1.0519787206         3.8812574215        -7.4525641726
        2.5006152000         1.7500000000         1.0596357012         3.8582905244        -7.2531021999
        2.5057276000         1.7500000000         1.0366647595         3.8174604851        -7.8514881179
        2.5106120000         1.7500000000         1.0366647595         3.7944935879        -7.8514881179
        2.5156750000         1.7500000000         1.0494263938         3.7587673035        -7.5190514968
        2.5206629000         1.7500000000         1.0468740669         3.7332485289        -7.5855388210
        2.5256935000         1.7500000000         1.0366647595         3.7051778769        -7.8514881179
        2.5306599000         1.7500000000         1.0341124326         3.6694515924        -7.9179754422
        2.5357073000         1.7500000000         1.0519787206         3.6490365728        -7.4525641726
        2.5407240000         1.7500000000         1.0570833743         3.6184140433        -7.3195895241
        2.5455098000         1.7500000000         1.0392170863         3.5903433912        -7.7850007937
        2.5506445000         1.7500000000         1.0545310475         3.5648246166        -7.3860768483
        2.5556512000         1.7500000000         1.0264554521         3.5239945773        -8.1174374148
        2.5605702000         1.7500000000         1.0494263938         3.4984758027        -7.5190514968
        2.5655380000         1.7500000000         1.0392170863         3.4806126605        -7.7850007937
        2.5705713000         1.7500000000         1.0494263938         3.4448863760        -7.5190514968
        2.5756276000         1.7500000000         1.0519787206         3.4193676015        -7.4525641726
        2.5807270000         1.7500000000         1.0596357012         3.3836413170        -7.2531021999
        2.5856996000         1.7500000000         1.0468740669         3.3606744199        -7.5855388210
        2.5906040000         1.7500000000         1.0443217401         3.3249481355        -7.6520261452
        2.5955484000         1.7500000000         1.0468740669         3.2968774834        -7.5855388210
        2.6006098000         1.7500000000         1.0596357012         3.2713587088        -7.2531021999
        2.6056504000         1.7500000000         1.0315601058         3.2356324244        -7.9844627664
        2.6105911000         1.7500000000         1.0443217401         3.2126655273        -7.6520261452
        2.6155938000         1.7500000000         1.0545310475         3.1871467527        -7.3860768483
        2.6205603000         1.7500000000         1.0392170863         3.1437648359        -7.7850007937
        2.6256566000         1.7500000000         1.0621880280         3.1310054486        -7.1866148757
        2.6306660000         1.7500000000         1.0366647595         3.0927272867        -7.8514881179
        2.6356504000         1.7500000000         1.0341124326         3.0672085121        -7.9179754422
        2.6405302000         1.7500000000         1.0519787206         3.0340341051        -7.4525641726
        2.6455766000         1.7500000000         1.0519787206         3.0085153306        -7.4525641726
        2.6505395000         1.7500000000         1.0417694132         2.9829965560        -7.7185134695
        2.6555482000         1.7500000000         1.0443217401         2.9421665166        -7.6520261452
        2.6606180000         1.7500000000         1.0494263938         2.9217514970        -7.5190514968
        2.6655968000         1.7500000000         1.0290077789         2.8834733351        -8.0509500906
        2.6720912000         1.7500000000         1.0494263938         2.8502989281        -7.5190514968
        2.6756578000         1.7500000000         1.0392170863         2.8273320310        -7.7850007937
        2.6806386000         1.7500000000         1.0443217401         2.8094688888        -7.6520261452
        2.6856626000         1.7500000000         1.0392170863         2.7711907269        -7.7850007937
        2.6905685000         1.7500000000         1.0494263938         2.7405681974        -7.5190514968
        2.6956356000         1.7500000000         1.0341124326         2.7201531777        -7.9179754422
        2.7005451000         1.7500000000         1.0392170863         2.6767712609        -7.7850007937
        2.7056227000         1.7500000000         1.0468740669         2.6538043638        -7.5855388210
        2.7108880000         1.7500000000         1.0443217401         2.6231818342        -7.6520261452
        2.7156021000         1.7500000000         1.0443217401         2.6053186920        -7.6520261452
        2.7207879000         1.7500000000         1.0545310475         2.5721442851        -7.3860768483
        2.7257137000         1.7500000000         1.0468740669         2.5364180006        -7.5855388210
        2.7305262000         1.7500000000         1.0366647595         2.5083473486        -7.8514881179
        2.7355663000         1.7500000000         1.0417694132         2.4751729416        -7.7185134695
        2.7407501000         1.7500000000         1.0417694132         2.4445504121        -7.7185134695
        2.7456154000         1.7500000000         1.0468740669         2.4241353924        -7.5855388210
        2.7505335000         1.7500000000         1.0392170863         2.3858572306        -7.7850007937
        2.7555919000         1.7500000000         1.0417694132         2.3628903334        -7.7185134695
        2.7605493000         1.7500000000         1.0392170863         2.3246121715        -7.7850007937
        2.7655412000         1.7500000000         1.0494263938         2.2965415195        -7.5190514968
        2.7704534000         1.7500000000         1.0392170863         2.2608152351        -7.7850007937
        2.7755728000         1.7500000000         1.0468740669         2.2429520929        -7.5855388210
        2.7805539000         1.7500000000         1.0596357012         2.2148814408        -7.2531021999
        2.7855422000         1.7500000000         1.0443217401         2.1766032789        -7.6520261452
        2.7905970000         1.7500000000         1.0468740669         2.1434288720        -7.5855388210
        2.7955463000         1.7500000000         1.0468740669         2.1204619748        -7.5855388210
        2.8005579000         1.7500000000         1.0519787206         2.0923913228        -7.4525641726
        2.8055262000         1.7500000000         1.0519787206         2.0592169158        -7.4525641726
        2.8105684000         1.7500000000         1.0468740669         2.0336981412        -7.5855388210
        2.8157089000         1.7500000000         1.0596357012         2.0056274892        -7.2531021999
        2.8206090000         1.7500000000         1.0545310475         1.9724530822        -7.3860768483
        2.8257631000         1.7500000000         1.0596357012         1.9494861851        -7.2531021999
        2.8306276000         1.7500000000         1.0545310475         1.9290711654        -7.3860768483
        2.8357284000         1.7500000000         1.0621880280         1.8933448810        -7.1866148757
        2.8406711000         1.7500000000         1.0596357012         1.8780336162        -7.2531021999
        2.8457289000         1.7500000000         1.0621880280         1.8423073318        -7.1866148757
        2.8505601000         1.7500000000         1.0570833743         1.8091329248        -7.3195895241
        2.8556733000         1.7500000000         1.0775019892         1.7963735375        -6.7876909303
        2.8605738000         1.7500000000         1.0570833743         1.7580953756        -7.3195895241
        2.8656481000         1.7500000000         1.0596357012         1.7325766011        -7.2531021999
        2.8707211000         1.7500000000         1.0672926818         1.7172653363        -7.0536402272
        2.8757340000         1.7500000000         1.0519787206         1.6815390519        -7.4525641726
        2.8805822000         1.7500000000         1.0698450086         1.6611240322        -6.9871529030
        2.8856412000         1.7500000000         1.0545310475         1.6253977478        -7.3860768483
        2.8905949000         1.7500000000         1.0519787206         1.5973270957        -7.4525641726
        2.8955763000         1.7500000000         1.0647403549         1.5820158310        -7.1201275514
        2.9005710000         1.7500000000         1.0672926818         1.5462895465        -7.0536402272
        2.9057416000         1.7500000000         1.0621880280         1.5258745269        -7.1866148757
        2.9105207000         1.7500000000         1.0596357012         1.4927001199        -7.2531021999
        2.9154497000         1.7500000000         1.0723973355         1.4748369777        -6.9206655788
        2.9205258000         1.7500000000         1.0570833743         1.4340069384        -7.3195895241
        2.9257222000         1.7500000000         1.0468740669         1.4059362863        -7.5855388210
        2.9306477000         1.7500000000         1.0775019892         1.3931768990        -6.7876909303
        2.9355408000         1.7500000000         1.0596357012         1.3548987371        -7.2531021999
        2.9406582000         1.7500000000         1.0596357012         1.3319318400        -7.2531021999
        2.9455534000         1.7500000000         1.0596357012         1.2962055556        -7.2531021999
        2.9505725000         1.7500000000         1.0545310475         1.2757905359        -7.3860768483
        2.9555410000         1.7500000000         1.0672926818         1.2502717613        -7.0536402272
        2.9604908000         1.7500000000         1.0621880280         1.2196492318        -7.1866148757
        2.9655965000         1.7500000000         1.0723973355         1.2043379670        -6.9206655788
        2.9705598000         1.7500000000         1.0672926818         1.1788191925        -7.0536402272
        2.9755563000         1.7500000000         1.0672926818         1.1456447855        -7.0536402272
        2.9805633000         1.7500000000         1.0596357012         1.1150222560        -7.2531021999
        2.9855944000         1.7500000000         1.0621880280         1.0869516039        -7.1866148757
        2.9905540000         1.7500000000         1.0698450086         1.0690884617        -6.9871529030
        2.9955765000         1.7500000000         1.0647403549         1.0384659322        -7.1201275514
        3.0006013000         1.7500000000         1.0621880280         1.0078434027        -7.1866148757
        3.0055767000         1.7500000000         1.0672926818         0.9848765056        -7.0536402272
        3.0105207000         1.7500000000         1.0723973355         0.9619096084        -6.9206655788
        3.0157197000         1.7500000000         1.0545310475         0.9287352015        -7.3860768483
        3.0207070000         1.7500000000         1.0800543160         0.9159758142        -6.7212036061
        3.0257203000         1.7500000000         1.0723973355         0.8879051621        -6.9206655788
        3.0306440000         1.7500000000         1.0749496623         0.8470751228        -6.8541782545
        3.0356959000         1.7500000000         1.0672926818         0.8317638580        -7.0536402272
        3.0406536000         1.7500000000         1.0698450086         0.8062450834        -6.9871529030
        3.0455584000         1.7500000000         1.0775019892         0.7730706765        -6.7876909303
        3.0504941000         1.7500000000         1.0749496623         0.7501037793        -6.8541782545
        3.0555748000         1.7500000000         1.0749496623         0.7245850047        -6.8541782545
        3.0606579000         1.7500000000         1.0723973355         0.6939624752        -6.9206655788
        3.0655950000         1.7500000000         1.0621880280         0.6633399457        -7.1866148757
        3.0705757000         1.7500000000         1.1081299115         0.6480286810        -5.9898430396
        3.0756948000         1.7500000000         1.0621880280         0.6123023966        -7.1866148757
        3.0806802000         1.7500000000         1.0672926818         0.5791279896        -7.0536402272
        3.0855623000         1.7500000000         1.0596357012         0.5561610925        -7.2531021999
        3.0904985000         1.7500000000         1.0698450086         0.5255385629        -6.9871529030
        3.0955434000         1.7500000000         1.0698450086         0.5102272982        -6.9871529030
        3.1005736000         1.7500000000         1.0672926818         0.4745010138        -7.0536402272
        3.1056275000         1.7500000000         1.0596357012         0.4540859941        -7.2531021999
        3.1107175000         1.7500000000         1.0723973355         0.4209115871        -6.9206655788
        3.1155677000         1.7500000000         1.0621880280         0.3928409351        -7.1866148757
        3.1206274000         1.7500000000         1.0698450086         0.3698740379        -6.9871529030
        3.1256173000         1.7500000000         1.0672926818         0.3366996310        -7.0536402272
        3.1305646000         1.7500000000         1.0698450086         0.3111808564        -6.9871529030
        3.1356248000         1.7500000000         1.0698450086         0.2780064494        -6.9871529030
        3.1405379000         1.7500000000         1.0570833743         0.2422801650        -7.3195895241
        3.1456226000         1.7500000000         1.0775019892         0.2244170228        -6.7876909303
        3.1505996000         1.7500000000         1.0596357012         0.1963463707        -7.2531021999
        3.1555332000         1.7500000000         1.0698450086         0.1733794736        -6.9871529030
        3.1604881000         1.7500000000         1.0621880280         0.1427569441        -7.1866148757
        3.1655021000         1.7500000000         1.0749496623         0.1172381695        -6.8541782545
        3.1707118000         1.7500000000         1.0698450086         0.0866156400        -6.9871529030
        3.1755774000         1.7500000000         1.0672926818         0.0559931105        -7.0536402272
        3.1806983000         1.7500000000         1.0545310475         0.0228187035        -7.3860768483
        3.1855370000         1.7500000000         1.0647403549         0.0049555613        -7.1201275514
        3.1905695000         1.7500000000         1.0698450086         0.0100593162        -6.9871529030
        3.1955422000         1.7500000000         1.0698450086         0.0075074388        -6.9871529030
        3.2005205000         1.7500000000         1.0826066429        -0.0001481936        -6.6547162818
        3.2054809000         1.7500000000         1.0698450086         0.0049555613        -6.9871529030
        3.2105063000         1.7500000000         1.0698450086         1.0997109912        -6.9871529030
        3.2156069000         1.7500000000         1.0672926818         1.1150222560        -7.0536402272
        3.2206198000         1.7500000000         1.0570833743         5.0040835035        -7.3195895241
        3.2256348000         1.7500000000         1.0723973355         4.9989797486        -6.9206655788
        3.2307288000         1.7500000000         1.0775019892         5.0142910133        -6.7876909303
        3.2355610000         1.7500000000         1.0596357012         5.0066353810        -7.2531021999
        3.2405841000         1.7500000000         1.0621880280         5.0015316260        -7.1866148757
        3.2455943000         1.7500000000         1.0749496623         4.9862203613        -6.8541782545
        3.2505856000         1.7500000000         1.0570833743         4.9479421994        -7.3195895241
        3.2555886000         1.7500000000         1.0647403549         4.9147677924        -7.1201275514
        3.2606715000         1.7500000000         1.0519787206         4.8918008953        -7.4525641726
        3.2656950000         1.7500000000         1.0723973355         4.8688339982        -6.9206655788
        3.2705880000         1.7500000000         1.0698450086         4.8356595912        -6.9871529030
        3.2757376000         1.7500000000         1.0596357012         4.8050370617        -7.2531021999
        3.2806983000         1.7500000000         1.0698450086         4.7769664097        -6.9871529030
        3.2857264000         1.7500000000         1.0596357012         4.7412401252        -7.2531021999
        3.2906885000         1.7500000000         1.0647403549         4.7208251056        -7.1201275514
        3.2957473000         1.7500000000         1.0545310475         4.6876506986        -7.3860768483
        3.3006137000         1.7500000000         1.0647403549         4.6595800465        -7.1201275514
        3.3056688000         1.7500000000         1.0596357012         4.6366131494        -7.2531021999
        3.3105025000         1.7500000000         1.0621880280         4.6034387424        -7.1866148757
        3.3155509000         1.7500000000         1.0647403549         4.5804718453        -7.1201275514
        3.3205809000         1.7500000000         1.0468740669         4.5396418060        -7.5855388210
        3.3259159000         1.7500000000         1.0443217401         4.5064673990        -7.6520261452
        3.3305540000         1.7500000000         1.0647403549         4.4860523793        -7.1201275514
        3.3355098000         1.7500000000         1.0698450086         4.4630854822        -6.9871529030
        3.3405025000         1.7500000000         1.0545310475         4.4273591978        -7.3860768483
        3.3455586000         1.7500000000         1.0468740669         4.3916329133        -7.5855388210
        3.3506620000         1.7500000000         1.0596357012         4.3712178937        -7.2531021999
        3.3555870000         1.7500000000         1.0621880280         4.3380434867        -7.1866148757
        3.3606233000         1.7500000000         1.0775019892         4.3201803445        -6.7876909303
        3.3656035000         1.7500000000         1.0494263938         4.2844540601        -7.5190514968
        3.3705350000         1.7500000000         1.0443217401         4.2563834080        -7.6520261452
        3.3756989000         1.7500000000         1.0596357012         4.2206571236        -7.2531021999
        3.3807263000         1.7500000000         1.0494263938         4.1976902265        -7.5190514968
        3.3855923000         1.7500000000         1.0443217401         4.1619639420        -7.6520261452
        3.3906105000         1.7500000000         1.0468740669         4.1466526773        -7.5855388210
        3.3956200000         1.7500000000         1.0570833743         4.1058226379        -7.3195895241
        3.4005875000         1.7500000000         1.0417694132         4.0879594957        -7.7185134695
        3.4055833000         1.7500000000         1.0519787206         4.0522332113        -7.4525641726
        3.4105916000         1.7500000000         1.0392170863         4.0165069269        -7.7850007937
        3.4154925000         1.7500000000         1.0647403549         3.9986437847        -7.1201275514
        3.4205548000         1.7500000000         1.0417694132         3.9578137453        -7.7185134695
        3.4255636000         1.7500000000         1.0392170863         3.9297430933        -7.7850007937
        3.4305886000         1.7500000000         1.0494263938         3.9118799510        -7.5190514968
        3.4355930000         1.7500000000         1.0494263938         3.8736017892        -7.5190514968
        3.4406168000         1.7500000000         1.0545310475         3.8480830146        -7.3860768483
        3.4457175000         1.7500000000         1.0341124326         3.8174604851        -7.9179754422
        3.4506221000         1.7500000000         1.0519787206         3.7944935879        -7.4525641726
        3.4555288000         1.7500000000         1.0545310475         3.7613191810        -7.3860768483
        3.4605912000         1.7500000000         1.0621880280         3.7409041613        -7.1866148757
        3.4655452000         1.7500000000         1.0443217401         3.7000741219        -7.6520261452
        3.4705726000         1.7500000000         1.0494263938         3.6720034699        -7.5190514968
        3.4755624000         1.7500000000         1.0545310475         3.6515884502        -7.3860768483
        3.4804971000         1.7500000000         1.0621880280         3.6235177982        -7.1866148757
        3.4854721000         1.7500000000         1.0417694132         3.5877915138        -7.7185134695
        3.4905463000         1.7500000000         1.0519787206         3.5571689842        -7.4525641726
        3.4955661000         1.7500000000         1.0468740669         3.5316502097        -7.5855388210
        3.5006235000         1.7500000000         1.0621880280         3.5086833125        -7.1866148757
        3.5056315000         1.7500000000         1.0392170863         3.4704051506        -7.7850007937
        3.5106681000         1.7500000000         1.0494263938         3.4423344986        -7.5190514968
        3.5156256000         1.7500000000         1.0494263938         3.4117119691        -7.5190514968
        3.5205952000         1.7500000000         1.0519787206         3.3912969494        -7.4525641726
        3.5255609000         1.7500000000         1.0366647595         3.3479150326        -7.8514881179
        3.5305819000         1.7500000000         1.0392170863         3.3275000129        -7.7850007937
        3.5357177000         1.7500000000         1.0417694132         3.2917737285        -7.7185134695
        3.5405158000         1.7500000000         1.0596357012         3.2662549539        -7.2531021999
        3.5456050000         1.7500000000         1.0315601058         3.2305286695        -7.9844627664
        3.5506202000         1.7500000000         1.0417694132         3.2152174047        -7.7185134695
        3.5555924000         1.7500000000         1.0468740669         3.1794911203        -7.5855388210
        3.5606122000         1.7500000000         1.0494263938         3.1488685908        -7.5190514968
        3.5655886000         1.7500000000         1.0341124326         3.1182460613        -7.9179754422
        3.5706805000         1.7500000000         1.0519787206         3.0978310416        -7.4525641726
        3.5755887000         1.7500000000         1.0290077789         3.0621047572        -8.0509500906
        3.5805931000         1.7500000000         1.0596357012         3.0365859826        -7.2531021999
        3.5856466000         1.7500000000         1.0239031252         3.0034115756        -8.1839247391
        3.5906490000         1.7500000000         1.0519787206         2.9727890461        -7.4525641726
        3.5956133000         1.7500000000         1.0392170863         2.9498221490        -7.7850007937
        3.6006929000         1.7500000000         1.0570833743         2.9191996195        -7.3195895241
        3.6055902000         1.7500000000         1.0392170863         2.8834733351        -7.7850007937
        3.6105635000         1.7500000000         1.0443217401         2.8528508056        -7.6520261452
        3.6155922000         1.7500000000         1.0315601058         2.8196763986        -7.9844627664
        3.6205515000         1.7500000000         1.0468740669         2.7941576240        -7.5855388210
        3.6257207000         1.7500000000         1.0315601058         2.7533275847        -7.9844627664
        3.6305707000         1.7500000000         1.0417694132         2.7405681974        -7.7185134695
        3.6354692000         1.7500000000         1.0366647595         2.6971862806        -7.8514881179
        3.6404456000         1.7500000000         1.0392170863         2.6691156285        -7.7850007937
        3.6455178000         1.7500000000         1.0392170863         2.6435968539        -7.7850007937
        3.6505637000         1.7500000000         1.0545310475         2.6129743244        -7.3860768483
        3.6555145000         1.7500000000         1.0468740669         2.5849036724        -7.5855388210
        3.6605697000         1.7500000000         1.0494263938         2.5568330203        -7.5190514968
        3.6655337000         1.7500000000         1.0417694132         2.5236586133        -7.7185134695
        3.6705283000         1.7500000000         1.0366647595         2.4955879613        -7.8514881179
        3.6754939000         1.7500000000         1.0417694132         2.4675173092        -7.7185134695
        3.6805261000         1.7500000000         1.0545310475         2.4343429023        -7.3860768483
        3.6856192000         1.7500000000         1.0417694132         2.4088241277        -7.7185134695
        3.6907131000         1.7500000000         1.0468740669         2.3782015982        -7.5855388210
        3.6955482000         1.7500000000         1.0545310475         2.3501309461        -7.3860768483
        3.7005403000         1.7500000000         1.0494263938         2.3271640490        -7.5190514968
        3.7055861000         1.7500000000         1.0468740669         2.2888858871        -7.5855388210
        3.7106637000         1.7500000000         1.0443217401         2.2608152351        -7.6520261452
        3.7155713000         1.7500000000         1.0443217401         2.2250889506        -7.6520261452
        3.7205318000         1.7500000000         1.0494263938         2.1995701761        -7.5190514968
        3.7255748000         1.7500000000         1.0519787206         2.1766032789        -7.4525641726
        3.7305758000         1.7500000000         1.0519787206         2.1408769945        -7.4525641726
        3.7355784000         1.7500000000         1.0570833743         2.1204619748        -7.3195895241
        3.7405480000         1.7500000000         1.0545310475         2.0898394453        -7.3860768483
        3.7455706000         1.7500000000         1.0596357012         2.0617687933        -7.2531021999
        3.7505851000         1.7500000000         1.0417694132         2.0285943863        -7.7185134695
        3.7555838000         1.7500000000         1.0596357012         2.0056274892        -7.2531021999
        3.7605647000         1.7500000000         1.0596357012         1.9775568371        -7.2531021999
        3.7655681000         1.7500000000         1.0468740669         1.9443824302        -7.5855388210
        3.7705398000         1.7500000000         1.0443217401         1.9188636556        -7.6520261452
        3.7754873000         1.7500000000         1.0672926818         1.9035523908        -7.0536402272
        3.7806805000         1.7500000000         1.0698450086         1.8729298613        -6.9871529030
        3.7855887000         1.7500000000         1.0596357012         1.8397554543        -7.2531021999
        3.7906067000         1.7500000000         1.0723973355         1.8193404347        -6.9206655788
        3.7956196000         1.7500000000         1.0698450086         1.7963735375        -6.9871529030
        3.8007542000         1.7500000000         1.0596357012         1.7606472531        -7.2531021999
        3.8055776000         1.7500000000         1.0723973355         1.7351284785        -6.9206655788
        3.8105449000         1.7500000000         1.0596357012         1.7045059490        -7.2531021999
        3.8155957000         1.7500000000         1.0647403549         1.6866428068        -7.1201275514
        3.8205441000         1.7500000000         1.0775019892         1.6611240322        -6.7876909303
        3.8255816000         1.7500000000         1.0647403549         1.6253977478        -7.1201275514
        3.8305443000         1.7500000000         1.0902636235         1.6024308506        -6.4552543092
        3.8354974000         1.7500000000         1.0596357012         1.5692564437        -7.2531021999
        3.8404877000         1.7500000000         1.0826066429         1.5513933015        -6.6547162818
        3.8456667000         1.7500000000         1.0621880280         1.5233226494        -7.1866148757
        3.8507180000         1.7500000000         1.0672926818         1.4927001199        -7.0536402272
        3.8557742000         1.7500000000         1.0749496623         1.4748369777        -6.8541782545
        3.8606275000         1.7500000000         1.0723973355         1.4442144482        -6.9206655788
        3.8655155000         1.7500000000         1.0672926818         1.4135919187        -7.0536402272
        3.8705098000         1.7500000000         1.0800543160         1.3931768990        -6.7212036061
        3.8756049000         1.7500000000         1.0545310475         1.3651062470        -7.3860768483
        3.8806248000         1.7500000000         1.0826066429         1.3395874724        -6.6547162818
        3.8857164000         1.7500000000         1.0851589698         1.3217243302        -6.5882289576
        3.8906870000         1.7500000000         1.0749496623         1.2962055556        -6.8541782545
        3.8956440000         1.7500000000         1.0800543160         1.2706867810        -6.7212036061
        3.9006186000         1.7500000000         1.0672926818         1.2324086191        -7.0536402272
        3.9056131000         1.7500000000         1.0647403549         1.2068898445        -7.1201275514
        3.9106160000         1.7500000000         1.0672926818         1.1813710699        -7.0536402272
        3.9156184000         1.7500000000         1.0672926818         1.1533004179        -7.0536402272
        3.9205745000         1.7500000000         1.0672926818         1.1328853982        -7.0536402272
        3.9256210000         1.7500000000         1.0749496623         1.0997109912        -6.8541782545
        3.9305769000         1.7500000000         1.0698450086         1.0843997265        -6.9871529030
        3.9357332000         1.7500000000         1.0647403549         1.0512253195        -7.1201275514
        3.9406001000         1.7500000000         1.0698450086         1.0231546675        -6.9871529030
        3.9455998000         1.7500000000         1.0902636235         1.0103952802        -6.4552543092
        3.9505501000         1.7500000000         1.0647403549         0.9772208732        -7.1201275514
        3.9556458000         1.7500000000         1.1004729309         0.9542539761        -6.1893050123
        3.9606565000         1.7500000000         1.0647403549         0.9261833240        -7.1201275514
        3.9655940000         1.7500000000         1.0723973355         0.8930089170        -6.9206655788
        3.9709361000         1.7500000000         1.0749496623         0.8751457748        -6.8541782545
        3.9756164000         1.7500000000         1.0775019892         0.8394194904        -6.7876909303
        3.9805099000         1.7500000000         1.0596357012         0.8139007158        -7.2531021999
        3.9855400000         1.7500000000         1.0775019892         0.7934856961        -6.7876909303
        3.9905578000         1.7500000000         1.0698450086         0.7679669216        -6.9871529030
        3.9955381000         1.7500000000         1.0749496623         0.7398962695        -6.8541782545
        4.0005713000         1.7500000000         1.0723973355         0.7143774949        -6.9206655788
