% Sweep Step 95/200  Vcmd=2.9800V  CW 
% Vg_offset=1.338069V  K_gimbal=26.049690

Time[s]              Vcmd[V]              Vg_raw[V]            Pot[V]             Omega[rad/s]
        0.0019139000         2.9800000000         1.3352870017         2.6665637511        -0.0724711834
        0.0055757000         2.9800000000         1.3174207137         2.6614599961        -0.5378824530
        0.0106209000         2.9800000000         1.3454963091         2.6767712609         0.1934781135
        0.0155394000         2.9800000000         1.3429439823         2.6742193834         0.1269907893
        0.0206002000         2.9800000000         1.3276300211         2.6614599961        -0.2719331561
        0.0256057000         2.9800000000         1.3378393285         2.6691156285        -0.0059838592
        0.0304825000         2.9800000000         1.3914381925         2.6691156285         1.3902499496
        0.0356078000         2.9800000000         1.4526940371         2.6869787707         2.9859457310
        0.0406338000         2.9800000000         1.3990951731         2.6869787707         1.5897119223
        0.0454963000         2.9800000000         1.4246184417         2.6895306482         2.2545851645
        0.0505908000         2.9800000000         1.4271707685         2.7073937904         2.3210724888
        0.0555594000         2.9800000000         1.4373800759         2.7124975453         2.5870217857
        0.0604703000         2.9800000000         1.4373800759         2.7201531777         2.5870217857
        0.0654705000         2.9800000000         1.4475893834         2.7354644424         2.8529710826
        0.0705073000         2.9800000000         1.4271707685         2.7405681974         2.3210724888
        0.0754742000         2.9800000000         1.4450370565         2.7533275847         2.7864837583
        0.0805178000         2.9800000000         1.4399324028         2.7584313396         2.6535091099
        0.0854712000         2.9800000000         1.4348277491         2.7686388494         2.5205344614
        0.0904813000         2.9800000000         1.4526940371         2.7865019916         2.9859457310
        0.0954827000         2.9800000000         1.4424847297         2.7967095015         2.7199964341
        0.1004492000         2.9800000000         1.4552463639         2.8171245211         3.0524330552
        0.1054683000         2.9800000000         1.4603510177         2.8273320310         3.1854077037
        0.1105153000         2.9800000000         1.4629033445         2.8400914183         3.2518950279
        0.1154864000         2.9800000000         1.4526940371         2.8528508056         2.9859457310
        0.1204805000         2.9800000000         1.4552463639         2.8528508056         3.0524330552
        0.1254832000         2.9800000000         1.4526940371         2.8681620703         2.9859457310
        0.1304604000         2.9800000000         1.4552463639         2.8783695801         3.0524330552
        0.1354789000         2.9800000000         1.4629033445         2.8885770900         3.2518950279
        0.1404756000         2.9800000000         1.4475893834         2.8987845998         2.8529710826
        0.1454536000         2.9800000000         1.4603510177         2.9115439871         3.1854077037
        0.1505785000         2.9800000000         1.4654556714         2.9345108842         3.3183823522
        0.1554875000         2.9800000000         1.4603510177         2.9370627617         3.1854077037
        0.1604844000         2.9800000000         1.4680079982         2.9523740265         3.3848696764
        0.1655521000         2.9800000000         1.4603510177         2.9625815363         3.1854077037
        0.1704698000         2.9800000000         1.4705603251         2.9778928011         3.4513570006
        0.1755226000         2.9800000000         1.4629033445         2.9906521883         3.2518950279
        0.1804591000         2.9800000000         1.4756649788         3.0136190855         3.5843316491
        0.1854951000         2.9800000000         1.4680079982         3.0187228404         3.3848696764
        0.1904835000         2.9800000000         1.4756649788         3.0365859826         3.5843316491
        0.1955016000         2.9800000000         1.4603510177         3.0442416150         3.1854077037
        0.2004817000         2.9800000000         1.4705603251         3.0570010023         3.4513570006
        0.2054522000         2.9800000000         1.4782173056         3.0774160220         3.6508189733
        0.2105882000         2.9800000000         1.4577986908         3.0774160220         3.1189203795
        0.2154730000         2.9800000000         1.4782173056         3.0978310416         3.6508189733
        0.2205919000         2.9800000000         1.4654556714         3.1131423064         3.3183823522
        0.2255280000         2.9800000000         1.4705603251         3.1207979388         3.4513570006
        0.2305099000         2.9800000000         1.4680079982         3.1284535711         3.3848696764
        0.2356556000         2.9800000000         1.4705603251         3.1488685908         3.4513570006
        0.2406357000         2.9800000000         1.4705603251         3.1539723457         3.4513570006
        0.2455240000         2.9800000000         1.4782173056         3.1769392429         3.6508189733
        0.2505455000         2.9800000000         1.4705603251         3.1896986301         3.4513570006
        0.2555207000         2.9800000000         1.4782173056         3.2050098949         3.6508189733
        0.2605031000         2.9800000000         1.4858742862         3.2177692822         3.8502809460
        0.2655797000         2.9800000000         1.4731126519         3.2254249146         3.5178443248
        0.2705317000         2.9800000000         1.4833219594         3.2483918117         3.7837936217
        0.2755354000         2.9800000000         1.4782173056         3.2611511990         3.6508189733
        0.2804972000         2.9800000000         1.4858742862         3.2815662187         3.8502809460
        0.2854133000         2.9800000000         1.4884266131         3.2968774834         3.9167682702
        0.2903863000         2.9800000000         1.4884266131         3.3045331158         3.9167682702
        0.2954346000         2.9800000000         1.4756649788         3.3198443806         3.5843316491
        0.3004625000         2.9800000000         1.4858742862         3.3351556453         3.8502809460
        0.3054451000         2.9800000000         1.4858742862         3.3479150326         3.8502809460
        0.3104976000         2.9800000000         1.4756649788         3.3606744199         3.5843316491
        0.3154457000         2.9800000000         1.4858742862         3.3785375621         3.8502809460
        0.3204241000         2.9800000000         1.4960835936         3.4015044592         4.1162302429
        0.3254238000         2.9800000000         1.4858742862         3.4066082142         3.8502809460
        0.3305305000         2.9800000000         1.4986359205         3.4295751113         4.1827175671
        0.3354977000         2.9800000000         1.4756649788         3.4346788662         3.5843316491
        0.3404764000         2.9800000000         1.4884266131         3.4601976408         3.9167682702
        0.3454079000         2.9800000000         1.4986359205         3.4678532732         4.1827175671
        0.3504487000         2.9800000000         1.5267115159         3.4831645379         4.9140781336
        0.3554849000         2.9800000000         1.4884266131         3.4984758027         3.9167682702
        0.3604212000         2.9800000000         1.4884266131         3.5163389449         3.9167682702
        0.3654933000         2.9800000000         1.4909789399         3.5290983322         3.9832555944
        0.3704012000         2.9800000000         1.4782173056         3.5469614744         3.6508189733
        0.3754221000         2.9800000000         1.4960835936         3.5673764941         4.1162302429
        0.3804190000         2.9800000000         1.4884266131         3.5699283715         3.9167682702
        0.3854287000         2.9800000000         1.4935312668         3.5877915138         4.0497429186
        0.3904296000         2.9800000000         1.5037405742         3.6082065334         4.3156922156
        0.3954204000         2.9800000000         1.4884266131         3.6260696756         3.9167682702
        0.4004191000         2.9800000000         1.5011882474         3.6439328179         4.2492048913
        0.4054255000         2.9800000000         1.4935312668         3.6566922051         4.0497429186
        0.4104736000         2.9800000000         1.4884266131         3.6668997150         3.9167682702
        0.4154473000         2.9800000000         1.4986359205         3.6898666121         4.1827175671
        0.4204331000         2.9800000000         1.5037405742         3.7051778769         4.3156922156
        0.4254653000         2.9800000000         1.4731126519         3.7204891416         3.5178443248
        0.4305014000         2.9800000000         1.4960835936         3.7358004064         4.1162302429
        0.4354700000         2.9800000000         1.4909789399         3.7485597937         3.9832555944
        0.4404358000         2.9800000000         1.4884266131         3.7740785683         3.9167682702
        0.4454060000         2.9800000000         1.4909789399         3.7791823232         3.9832555944
        0.4504435000         2.9800000000         1.4858742862         3.7995973429         3.8502809460
        0.4554674000         2.9800000000         1.5037405742         3.8123567301         4.3156922156
        0.4604647000         2.9800000000         1.4986359205         3.8378755047         4.1827175671
        0.4654574000         2.9800000000         1.5037405742         3.8455311371         4.3156922156
        0.4704783000         2.9800000000         1.4935312668         3.8608424019         4.0497429186
        0.4755281000         2.9800000000         1.4884266131         3.8787055441         3.9167682702
        0.4804748000         2.9800000000         1.5011882474         3.8914649314         4.2492048913
        0.4854892000         2.9800000000         1.5037405742         3.9118799510         4.3156922156
        0.4903888000         2.9800000000         1.4935312668         3.9220874609         4.0497429186
        0.4954326000         2.9800000000         1.4986359205         3.9425024806         4.1827175671
        0.5006102000         2.9800000000         1.4858742862         3.9578137453         3.8502809460
        0.5055273000         2.9800000000         1.4960835936         3.9680212551         4.1162302429
        0.5104945000         2.9800000000         1.4986359205         3.9935400297         4.1827175671
        0.5154021000         2.9800000000         1.4884266131         3.9986437847         3.9167682702
        0.5204322000         2.9800000000         1.4884266131         4.0165069269         3.9167682702
        0.5254666000         2.9800000000         1.4960835936         4.0471294564         4.1162302429
        0.5304860000         2.9800000000         1.4960835936         4.0522332113         4.1162302429
        0.5354734000         2.9800000000         1.4909789399         4.0752001084         3.9832555944
        0.5404302000         2.9800000000         1.4935312668         4.0828557408         4.0497429186
        0.5455020000         2.9800000000         1.4884266131         4.1058226379         3.9167682702
        0.5504740000         2.9800000000         1.4884266131         4.1083745154         3.9167682702
        0.5554216000         2.9800000000         1.4909789399         4.1364451674         3.9832555944
        0.5604393000         2.9800000000         1.4884266131         4.1466526773         3.9167682702
        0.5655066000         2.9800000000         1.4858742862         4.1594120646         3.8502809460
        0.5704287000         2.9800000000         1.4960835936         4.1823789617         4.1162302429
        0.5754126000         2.9800000000         1.4833219594         4.1874827166         3.7837936217
        0.5804677000         2.9800000000         1.4858742862         4.2002421039         3.8502809460
        0.5854837000         2.9800000000         1.4858742862         4.2155533687         3.8502809460
        0.5904775000         2.9800000000         1.4884266131         4.2385202658         3.9167682702
        0.5954001000         2.9800000000         1.4705603251         4.2487277756         3.4513570006
        0.6004428000         2.9800000000         1.4960835936         4.2716946728         4.1162302429
        0.6058169000         2.9800000000         1.4833219594         4.2844540601         3.7837936217
        0.6104212000         2.9800000000         1.4960835936         4.2997653248         4.1162302429
        0.6157621000         2.9800000000         1.4858742862         4.3176284670         3.8502809460
        0.6204526000         2.9800000000         1.4986359205         4.3380434867         4.1827175671
        0.6255902000         2.9800000000         1.4833219594         4.3405953642         3.7837936217
        0.6304971000         2.9800000000         1.4909789399         4.3635622613         3.9832555944
        0.6355200000         2.9800000000         1.4807696325         4.3712178937         3.7173062975
        0.6403964000         2.9800000000         1.4960835936         4.3992885457         4.1162302429
        0.6453868000         2.9800000000         1.4884266131         4.4069441781         3.9167682702
        0.6504329000         2.9800000000         1.4858742862         4.4171516879         3.8502809460
        0.6554738000         2.9800000000         1.4833219594         4.4324629527         3.7837936217
        0.6605466000         2.9800000000         1.4884266131         4.4605336047         3.9167682702
        0.6654455000         2.9800000000         1.4935312668         4.4758448695         4.0497429186
        0.6704297000         2.9800000000         1.4833219594         4.4809486244         3.7837936217
        0.6754643000         2.9800000000         1.4884266131         4.5013636441         3.9167682702
        0.6804259000         2.9800000000         1.4858742862         4.5141230314         3.8502809460
        0.6853959000         2.9800000000         1.4833219594         4.5243305412         3.7837936217
        0.6905464000         2.9800000000         1.4884266131         4.5472974383         3.9167682702
        0.6955490000         2.9800000000         1.4782173056         4.5626087031         3.6508189733
        0.7004638000         2.9800000000         1.4884266131         4.5779199678         3.9167682702
        0.7055127000         2.9800000000         1.4858742862         4.5855756002         3.8502809460
        0.7104312000         2.9800000000         1.4782173056         4.6034387424         3.6508189733
        0.7154618000         2.9800000000         1.4884266131         4.6238537621         3.9167682702
        0.7204735000         2.9800000000         1.4909789399         4.6391650269         3.9832555944
        0.7254279000         2.9800000000         1.4935312668         4.6595800465         4.0497429186
        0.7305845000         2.9800000000         1.4960835936         4.6774431887         4.1162302429
        0.7354716000         2.9800000000         1.5011882474         4.6876506986         4.2492048913
        0.7404781000         2.9800000000         1.4909789399         4.7055138408         3.9832555944
        0.7454605000         2.9800000000         1.4884266131         4.7157213506         3.9167682702
        0.7504900000         2.9800000000         1.4884266131         4.7310326154         3.9167682702
        0.7555319000         2.9800000000         1.4960835936         4.7488957576         4.1162302429
        0.7604673000         2.9800000000         1.4884266131         4.7769664097         3.9167682702
        0.7654201000         2.9800000000         1.5037405742         4.7922776744         4.3156922156
        0.7704268000         2.9800000000         1.5216068622         4.7973814293         4.7811034851
        0.7754318000         2.9800000000         1.4935312668         4.8280039588         4.0497429186
        0.7804625000         2.9800000000         1.4960835936         4.8356595912         4.1162302429
        0.7854353000         2.9800000000         1.4833219594         4.8484189785         3.7837936217
        0.7904074000         2.9800000000         1.4884266131         4.8713858756         3.9167682702
        0.7954045000         2.9800000000         1.4935312668         4.8866971404         4.0497429186
        0.8004593000         2.9800000000         1.4884266131         4.8969046502         3.9167682702
        0.8054680000         2.9800000000         1.4884266131         4.9173196699         3.9167682702
        0.8104390000         2.9800000000         1.4909789399         4.9326309346         3.9832555944
        0.8154621000         2.9800000000         1.4833219594         4.9479421994         3.7837936217
        0.8204255000         2.9800000000         1.5062929011         4.9760128515         4.3821795398
        0.8254625000         2.9800000000         1.4960835936         4.9785647289         4.1162302429
        0.8304475000         2.9800000000         1.5037405742         4.9964278711         4.3156922156
        0.8354922000         2.9800000000         1.4960835936         5.0142910133         4.1162302429
        0.8404232000         2.9800000000         1.4960835936         5.0066353810         4.1162302429
        0.8455378000         2.9800000000         1.4884266131         4.9989797486         3.9167682702
        0.8504590000         2.9800000000         1.4986359205         5.0040835035         4.1827175671
        0.8554723000         2.9800000000         1.4858742862         5.0066353810         3.8502809460
        0.8604404000         2.9800000000         1.4884266131         5.0015316260         3.9167682702
        0.8654815000         2.9800000000         1.4935312668         5.0015316260         4.0497429186
        0.8704408000         2.9800000000         1.4960835936         4.9964278711         4.1162302429
        0.8754485000         2.9800000000         1.4960835936         1.1073666236         4.1162302429
        0.8804254000         2.9800000000         1.4884266131         1.0946072363         3.9167682702
        0.8854787000         2.9800000000         1.4986359205         1.1048147461         4.1827175671
        0.8904205000         2.9800000000         1.4960835936         1.1073666236         4.1162302429
        0.8954244000         2.9800000000         1.4960835936         0.0024036839         4.1162302429
        0.9004351000         2.9800000000         1.4858742862        -0.0027000711         3.8502809460
        0.9054787000         2.9800000000         1.4935312668        -0.0052519485         4.0497429186
        0.9103919000         2.9800000000         1.5062929011         0.0100593162         4.3821795398
        0.9154196000         2.9800000000         1.4960835936         0.0024036839         4.1162302429
        0.9204174000         2.9800000000         1.4986359205         0.0075074388         4.1827175671
        0.9254010000         2.9800000000         1.4884266131        -0.0052519485         3.9167682702
        0.9304431000         2.9800000000         1.4960835936         0.0151630711         4.1162302429
        0.9355326000         2.9800000000         1.5062929011         0.0355780908         4.3821795398
        0.9404311000         2.9800000000         1.5011882474         0.0508893556         4.2492048913
        0.9454576000         2.9800000000         1.4986359205         0.0585449879         4.1827175671
        0.9504030000         2.9800000000         1.4935312668         0.0764081302         4.0497429186
        0.9554471000         2.9800000000         1.5011882474         0.0993750273         4.2492048913
        0.9603880000         2.9800000000         1.4935312668         0.1019269048         4.0497429186
        0.9654224000         2.9800000000         1.4909789399         0.1172381695         3.9832555944
        0.9704644000         2.9800000000         1.4986359205         0.1478606990         4.1827175671
        0.9754819000         2.9800000000         1.4986359205         0.1580682088         4.1827175671
        0.9804010000         2.9800000000         1.5062929011         0.1759313511         4.3821795398
        0.9854180000         2.9800000000         1.5190545354         0.1861388609         4.7146161609
        0.9904407000         2.9800000000         1.5037405742         0.2116576355         4.3156922156
        0.9954144000         2.9800000000         1.4960835936         0.2269689002         4.1162302429
        1.0004652000         2.9800000000         1.4960835936         0.2371764101         4.1162302429
        1.0054792000         2.9800000000         1.4935312668         0.2601433072         4.0497429186
        1.0104056000         2.9800000000         1.4935312668         0.2677989396         4.0497429186
        1.0154243000         2.9800000000         1.4884266131         0.2907658367         3.9167682702
        1.0203966000         2.9800000000         1.5011882474         0.3086289789         4.2492048913
        1.0254352000         2.9800000000         1.4935312668         0.3239402437         4.0497429186
        1.0304717000         2.9800000000         1.5088452279         0.3392515084         4.4486668640
        1.0354902000         2.9800000000         1.4986359205         0.3647702830         4.1827175671
        1.0404014000         2.9800000000         1.4807696325         0.3698740379         3.7173062975
        1.0454611000         2.9800000000         1.4935312668         0.3902890576         4.0497429186
        1.0503915000         2.9800000000         1.5139498816         0.4056003224         4.5816415125
        1.0554441000         2.9800000000         1.4884266131         0.4183597097         3.9167682702
        1.0604205000         2.9800000000         1.5037405742         0.4438784843         4.3156922156
        1.0654856000         2.9800000000         1.4960835936         0.4591897490         4.1162302429
        1.0704274000         2.9800000000         1.5037405742         0.4693972588         4.3156922156
        1.0754341000         2.9800000000         1.4909789399         0.4923641560         3.9832555944
        1.0804197000         2.9800000000         1.4986359205         0.5025716658         4.1827175671
        1.0854213000         2.9800000000         1.4884266131         0.5127791757         3.9167682702
        1.0903863000         2.9800000000         1.4960835936         0.5408498277         4.1162302429
        1.0954159000         2.9800000000         1.4960835936         0.5434017052         4.1162302429
        1.1004153000         2.9800000000         1.4909789399         0.5638167248         3.9832555944
        1.1055365000         2.9800000000         1.5011882474         0.5918873769         4.2492048913
        1.1103989000         2.9800000000         1.4960835936         0.5995430093         4.1162302429
        1.1153882000         2.9800000000         1.5011882474         0.6174061515         4.2492048913
        1.1204472000         2.9800000000         1.5216068622         0.6403730486         4.7811034851
        1.1254193000         2.9800000000         1.4935312668         0.6505805584         4.0497429186
        1.1304494000         2.9800000000         1.4884266131         0.6658918232         3.9167682702
        1.1354580000         2.9800000000         1.4960835936         0.6786512105         4.1162302429
        1.1404514000         2.9800000000         1.5037405742         0.7041699851         4.3156922156
        1.1454727000         2.9800000000         1.5037405742         0.7143774949         4.3156922156
        1.1504978000         2.9800000000         1.4884266131         0.7322406371         3.9167682702
        1.1554334000         2.9800000000         1.4909789399         0.7475519019         3.9832555944
        1.1603925000         2.9800000000         1.5037405742         0.7679669216         4.3156922156
        1.1654580000         2.9800000000         1.4986359205         0.7781744314         4.1827175671
        1.1704194000         2.9800000000         1.4960835936         0.7883819412         4.1162302429
        1.1753920000         2.9800000000         1.5062929011         0.8139007158         4.3821795398
        1.1804199000         2.9800000000         1.4935312668         0.8241082257         4.0497429186
        1.1854369000         2.9800000000         1.4986359205         0.8394194904         4.1827175671
        1.1904108000         2.9800000000         1.5088452279         0.8623863875         4.4486668640
        1.1955746000         2.9800000000         1.4833219594         0.8674901425         3.7837936217
        1.2004818000         2.9800000000         1.4935312668         0.8879051621         4.0497429186
        1.2054265000         2.9800000000         1.4833219594         0.8981126720         3.7837936217
        1.2104637000         2.9800000000         1.4909789399         0.9108720593         3.9832555944
        1.2154278000         2.9800000000         1.4782173056         0.9287352015         3.6508189733
        1.2203914000         2.9800000000         1.4986359205         0.9568058535         4.1827175671
        1.2254356000         2.9800000000         1.4858742862         0.9721171183         3.8502809460
        1.2305070000         2.9800000000         1.4858742862         0.9823246281         3.8502809460
        1.2354615000         2.9800000000         1.4756649788         0.9874283830         3.5843316491
        1.2404839000         2.9800000000         1.4782173056         1.0052915252         3.6508189733
        1.2454100000         2.9800000000         1.4654556714         1.0180509125         3.3183823522
        1.2505171000         2.9800000000         1.4884266131         1.0257065449         3.9167682702
        1.2554660000         2.9800000000         1.4680079982         1.0410178097         3.3848696764
        1.2607192000         2.9800000000         1.4807696325         1.0614328293         3.7173062975
        1.2653634000         2.9800000000         1.4756649788         1.0690884617         3.5843316491
        1.2726887000         2.9800000000         1.4782173056         1.0971591138         3.6508189733
        1.2754602000         2.9800000000         1.4756649788         1.1022628687         3.5843316491
        1.2804184000         2.9800000000         1.4858742862         1.1150222560         3.8502809460
        1.2854333000         2.9800000000         1.4603510177         1.1303335207         3.1854077037
        1.2904349000         2.9800000000         1.4909789399         1.1456447855         3.9832555944
        1.2954143000         2.9800000000         1.4731126519         1.1507485404         3.5178443248
        1.3006031000         2.9800000000         1.4807696325         1.1711635601         3.7173062975
        1.3054995000         2.9800000000         1.4782173056         1.1813710699         3.6508189733
        1.3105793000         2.9800000000         1.4858742862         1.2094417220         3.8502809460
        1.3155183000         2.9800000000         1.4833219594         1.2196492318         3.7837936217
        1.3205762000         2.9800000000         1.4884266131         1.2298567416         3.9167682702
        1.3255160000         2.9800000000         1.4782173056         1.2400642515         3.6508189733
        1.3305972000         2.9800000000         1.4807696325         1.2553755162         3.7173062975
        1.3355401000         2.9800000000         1.4986359205         1.2757905359         4.1827175671
        1.3405725000         2.9800000000         1.4833219594         1.2885499232         3.7837936217
        1.3454287000         2.9800000000         1.4833219594         1.3013093105         3.7837936217
        1.3505802000         2.9800000000         1.4909789399         1.3217243302         3.9832555944
        1.3556057000         2.9800000000         1.4884266131         1.3344837175         3.9167682702
        1.3605287000         2.9800000000         1.4858742862         1.3370355949         3.8502809460
        1.3655611000         2.9800000000         1.4884266131         1.3523468597         3.9167682702
        1.3705235000         2.9800000000         1.4833219594         1.3727618793         3.7837936217
        1.3755257000         2.9800000000         1.4960835936         1.3931768990         4.1162302429
        1.3805097000         2.9800000000         1.4935312668         1.4110400412         4.0497429186
        1.3855634000         2.9800000000         1.4935312668         1.4237994285         4.0497429186
        1.3905534000         2.9800000000         1.4858742862         1.4263513060         3.8502809460
        1.3955518000         2.9800000000         1.4884266131         1.4544219580         3.9167682702
        1.4004133000         2.9800000000         1.4909789399         1.4697332228         3.9832555944
        1.4054010000         2.9800000000         1.4884266131         1.4697332228         3.9167682702
        1.4104303000         2.9800000000         1.4858742862         1.4850444875         3.8502809460
        1.4153984000         2.9800000000         1.4833219594         1.5003557523         3.7837936217
        1.4204195000         2.9800000000         1.4960835936         1.5258745269         4.1162302429
        1.4255357000         2.9800000000         1.4756649788         1.5284264043         3.5843316491
        1.4304367000         2.9800000000         1.4807696325         1.5488414240         3.7173062975
        1.4354086000         2.9800000000         1.4909789399         1.5641526888         3.9832555944
        1.4404976000         2.9800000000         1.4935312668         1.5845677084         4.0497429186
        1.4454013000         2.9800000000         1.4935312668         1.5998789732         4.0497429186
        1.4504691000         2.9800000000         1.4807696325         1.6100864830         3.7173062975
        1.4554961000         2.9800000000         1.4833219594         1.6202939929         3.7837936217
        1.4604985000         2.9800000000         1.4960835936         1.6330533802         4.1162302429
        1.4654063000         2.9800000000         1.4833219594         1.6483646449         3.7837936217
        1.4704471000         2.9800000000         1.4858742862         1.6662277871         3.8502809460
        1.4754637000         2.9800000000         1.4782173056         1.6713315420         3.6508189733
        1.4804752000         2.9800000000         1.4858742862         1.6942984392         3.8502809460
        1.4854375000         2.9800000000         1.4884266131         1.7096097039         3.9167682702
        1.4904140000         2.9800000000         1.4807696325         1.7198172138         3.7173062975
        1.4953998000         2.9800000000         1.4909789399         1.7402322334         3.9832555944
        1.5004020000         2.9800000000         1.4833219594         1.7529916207         3.7837936217
        1.5054347000         2.9800000000         1.4833219594         1.7606472531         3.7837936217
        1.5104007000         2.9800000000         1.4960835936         1.7887179052         4.1162302429
        1.5154321000         2.9800000000         1.4935312668         1.7963735375         4.0497429186
        1.5203908000         2.9800000000         1.4935312668         1.8193404347         4.0497429186
        1.5253890000         2.9800000000         1.4884266131         1.8218923121         3.9167682702
        1.5304764000         2.9800000000         1.4884266131         1.8423073318         3.9167682702
        1.5354650000         2.9800000000         1.4909789399         1.8525148416         3.9832555944
        1.5404571000         2.9800000000         1.4960835936         1.8780336162         4.1162302429
        1.5454209000         2.9800000000         1.4858742862         1.8805854937         3.8502809460
        1.5504124000         2.9800000000         1.4935312668         1.9010005134         4.0497429186
        1.5554397000         2.9800000000         1.4884266131         1.9163117781         3.9167682702
        1.5605915000         2.9800000000         1.5011882474         1.9290711654         4.2492048913
        1.5654530000         2.9800000000         1.4960835936         1.9520380625         4.1162302429
        1.5704778000         2.9800000000         1.4884266131         1.9596936949         3.9167682702
        1.5754545000         2.9800000000         1.4960835936         1.9801087146         4.1162302429
        1.5804080000         2.9800000000         1.4960835936         1.9852124695         4.1162302429
        1.5854458000         2.9800000000         1.4960835936         2.0158349990         4.1162302429
        1.5904778000         2.9800000000         1.4884266131         2.0260425088         3.9167682702
        1.5954158000         2.9800000000         1.4858742862         2.0336981412         3.8502809460
        1.6004937000         2.9800000000         1.4960835936         2.0541131609         4.1162302429
        1.6053878000         2.9800000000         1.5037405742         2.0796319355         4.3156922156
        1.6104040000         2.9800000000         1.4960835936         2.0872875679         4.1162302429
        1.6154323000         2.9800000000         1.4960835936         2.1025988326         4.1162302429
        1.6204212000         2.9800000000         1.4884266131         2.1204619748         3.9167682702
        1.6254299000         2.9800000000         1.5088452279         2.1408769945         4.4486668640
        1.6304778000         2.9800000000         1.5394731502         2.1510845043         5.2465147547
        1.6354786000         2.9800000000         1.5037405742         2.1740514015         4.3156922156
        1.6404505000         2.9800000000         1.4884266131         2.1791551564         3.9167682702
        1.6454405000         2.9800000000         1.4986359205         2.1970182986         4.1827175671
        1.6504384000         2.9800000000         1.4960835936         2.2097776859         4.1162302429
        1.6554321000         2.9800000000         1.4935312668         2.2301927056         4.0497429186
        1.6604702000         2.9800000000         1.4986359205         2.2455039703         4.1827175671
        1.6654275000         2.9800000000         1.4960835936         2.2633671125         4.1162302429
        1.6704416000         2.9800000000         1.4986359205         2.2863340097         4.1827175671
        1.6754876000         2.9800000000         1.5037405742         2.2939896420         4.3156922156
        1.6805086000         2.9800000000         1.4858742862         2.3041971519         3.8502809460
        1.6854686000         2.9800000000         1.4960835936         2.3373715588         4.1162302429
        1.6904545000         2.9800000000         1.4960835936         2.3424753138         4.1162302429
        1.6954780000         2.9800000000         1.5011882474         2.3628903334         4.2492048913
        1.7004254000         2.9800000000         1.4960835936         2.3756497207         4.1162302429
        1.7054597000         2.9800000000         1.5190545354         2.3935128629         4.7146161609
        1.7104054000         2.9800000000         1.4833219594         2.3986166179         3.7837936217
        1.7154416000         2.9800000000         1.4884266131         2.4190316375         3.9167682702
        1.7204216000         2.9800000000         1.5216068622         2.4419985347         4.7811034851
        1.7254543000         2.9800000000         1.4807696325         2.4547579220         3.7173062975
        1.7304240000         2.9800000000         1.5062929011         2.4675173092         4.3821795398
        1.7353869000         2.9800000000         1.4858742862         2.4828285740         3.8502809460
        1.7404187000         2.9800000000         1.4960835936         2.5006917162         4.1162302429
        1.7454630000         2.9800000000         1.4986359205         2.5211067359         4.1827175671
        1.7504599000         2.9800000000         1.4909789399         2.5287623683         3.9832555944
        1.7554582000         2.9800000000         1.4884266131         2.5440736330         3.9167682702
        1.7604075000         2.9800000000         1.4858742862         2.5542811429         3.8502809460
        1.7654039000         2.9800000000         1.4909789399         2.5746961625         3.9832555944
        1.7704211000         2.9800000000         1.4960835936         2.5900074273         4.1162302429
        1.7754080000         2.9800000000         1.4833219594         2.6078705695         3.7837936217
        1.7803852000         2.9800000000         1.4807696325         2.6180780793         3.7173062975
        1.7854212000         2.9800000000         1.4858742862         2.6359412215         3.8502809460
        1.7903985000         2.9800000000         1.4960835936         2.6487006088         4.1162302429
        1.7954241000         2.9800000000         1.4909789399         2.6691156285         3.9832555944
        1.8004429000         2.9800000000         1.4858742862         2.6767712609         3.8502809460
        1.8054604000         2.9800000000         1.4960835936         2.7048419129         4.1162302429
        1.8104205000         2.9800000000         1.4960835936         2.7150494228         4.1162302429
        1.8154031000         2.9800000000         1.4858742862         2.7303606875         3.8502809460
        1.8204225000         2.9800000000         1.4986359205         2.7507757072         4.1827175671
        1.8254239000         2.9800000000         1.4884266131         2.7609832170         3.9167682702
        1.8305639000         2.9800000000         1.4909789399         2.7711907269         3.9832555944
        1.8354761000         2.9800000000         1.4935312668         2.7992613789         4.0497429186
        1.8403907000         2.9800000000         1.4884266131         2.8018132564         3.9167682702
        1.8458634000         2.9800000000         1.4986359205         2.8273320310         4.1827175671
        1.8504368000         2.9800000000         1.4884266131         2.8400914183         3.9167682702
        1.8554617000         2.9800000000         1.4935312668         2.8528508056         4.0497429186
        1.8604008000         2.9800000000         1.4935312668         2.8758177027         4.0497429186
        1.8656354000         2.9800000000         1.4935312668         2.8885770900         4.0497429186
        1.8704107000         2.9800000000         1.4960835936         2.9038883547         4.1162302429
        1.8753899000         2.9800000000         1.4884266131         2.9166477420         3.9167682702
        1.8804796000         2.9800000000         1.4935312668         2.9345108842         4.0497429186
        1.8853976000         2.9800000000         1.4909789399         2.9498221490         3.9832555944
        1.8904917000         2.9800000000         1.4884266131         2.9651334138         3.9167682702
        1.8967664000         2.9800000000         1.4960835936         2.9855484334         4.1162302429
        1.9004226000         2.9800000000         1.4960835936         3.0034115756         4.1162302429
        1.9054289000         2.9800000000         1.4909789399         3.0136190855         3.9832555944
        1.9104526000         2.9800000000         1.4960835936         3.0365859826         4.1162302429
        1.9154470000         2.9800000000         1.4909789399         3.0416897375         3.9832555944
        1.9204296000         2.9800000000         1.4884266131         3.0544491248         3.9167682702
        1.9253870000         2.9800000000         1.4960835936         3.0799678994         4.1162302429
        1.9304515000         2.9800000000         1.4858742862         3.0901754092         3.8502809460
        1.9353872000         2.9800000000         1.5292638428         3.1054866740         4.9805654578
        1.9404470000         2.9800000000         1.4680079982         3.1131423064         3.3848696764
        1.9454658000         2.9800000000         1.4960835936         3.1437648359         4.1162302429
        1.9504787000         2.9800000000         1.4986359205         3.1514204683         4.1827175671
        1.9554302000         2.9800000000         1.4935312668         3.1667317330         4.0497429186
        1.9605017000         2.9800000000         1.5037405742         3.1820429978         4.3156922156
        1.9654655000         2.9800000000         1.4986359205         3.1973542625         4.1827175671
        1.9703987000         2.9800000000         1.5011882474         3.2152174047         4.2492048913
        1.9754190000         2.9800000000         1.4986359205         3.2356324244         4.1827175671
        1.9805151000         2.9800000000         1.5011882474         3.2483918117         4.2492048913
        1.9854316000         2.9800000000         1.5037405742         3.2713587088         4.3156922156
        1.9905115000         2.9800000000         1.5062929011         3.2841180961         4.3821795398
        1.9953932000         2.9800000000         1.4986359205         3.3019812383         4.1827175671
        2.0004000000         2.9800000000         1.4960835936         3.3070849933         4.1162302429
        2.0054205000         2.9800000000         1.4909789399         3.3249481355         3.9832555944
        2.0104542000         2.9800000000         1.5037405742         3.3428112777         4.3156922156
        2.0153961000         2.9800000000         1.4935312668         3.3606744199         4.0497429186
        2.0204777000         2.9800000000         1.5062929011         3.3708819297         4.3821795398
        2.0253988000         2.9800000000         1.5088452279         3.3989525818         4.4486668640
        2.0303907000         2.9800000000         1.4986359205         3.4091600916         4.1827175671
        2.0354185000         2.9800000000         1.4935312668         3.4168157240         4.0497429186
        2.0404406000         2.9800000000         1.4858742862         3.4346788662         3.8502809460
        2.0454004000         2.9800000000         1.5165022085         3.4627495183         4.6481288367
        2.0504207000         2.9800000000         1.4986359205         3.4729570281         4.1827175671
        2.0553909000         2.9800000000         1.4986359205         3.4908201703         4.1827175671
        2.0603920000         2.9800000000         1.4986359205         3.5061314351         4.1827175671
        2.0654297000         2.9800000000         1.4909789399         3.5163389449         3.9832555944
        2.0704579000         2.9800000000         1.4986359205         3.5316502097         4.1827175671
        2.0754096000         2.9800000000         1.5037405742         3.5622727392         4.3156922156
        2.0805402000         2.9800000000         1.4986359205         3.5699283715         4.1827175671
        2.0855136000         2.9800000000         1.4884266131         3.5826877588         3.9167682702
        2.0904754000         2.9800000000         1.5088452279         3.6107584109         4.4486668640
        2.0954085000         2.9800000000         1.4909789399         3.6133102883         3.9832555944
        2.1005126000         2.9800000000         1.4960835936         3.6388290629         4.1162302429
        2.1055392000         2.9800000000         1.4858742862         3.6464846953         3.8502809460
        2.1104927000         2.9800000000         1.4986359205         3.6668997150         4.1827175671
        2.1154437000         2.9800000000         1.4909789399         3.6771072248         3.9832555944
        2.1204457000         2.9800000000         1.5088452279         3.7000741219         4.4486668640
        2.1253925000         2.9800000000         1.4858742862         3.7128335092         3.8502809460
        2.1303861000         2.9800000000         1.5088452279         3.7409041613         4.4486668640
        2.1355132000         2.9800000000         1.4960835936         3.7460079162         4.1162302429
        2.1404286000         2.9800000000         1.4986359205         3.7689748133         4.1827175671
        2.1454425000         2.9800000000         1.4909789399         3.7791823232         3.9832555944
        2.1504492000         2.9800000000         1.4858742862         3.7919417105         3.8502809460
        2.1554265000         2.9800000000         1.5062929011         3.8123567301         4.3821795398
        2.1604591000         2.9800000000         1.4884266131         3.8225642400         3.9167682702
        2.1654587000         2.9800000000         1.5062929011         3.8531867695         4.3821795398
        2.1704585000         2.9800000000         1.4909789399         3.8608424019         3.9832555944
        2.1754770000         2.9800000000         1.4909789399         3.8710499117         3.9832555944
        2.1804560000         2.9800000000         1.4986359205         3.8965686863         4.1827175671
        2.1855034000         2.9800000000         1.5037405742         3.9093280736         4.3156922156
        2.1904325000         2.9800000000         1.4833219594         3.9195355834         3.7837936217
        2.1954115000         2.9800000000         1.4986359205         3.9450543580         4.1827175671
        2.2004232000         2.9800000000         1.4884266131         3.9501581129         3.9167682702
        2.2055620000         2.9800000000         1.5037405742         3.9731250101         4.3156922156
        2.2104240000         2.9800000000         1.4960835936         3.9884362748         4.1162302429
        2.2154673000         2.9800000000         1.4935312668         4.0062994170         4.0497429186
        2.2204714000         2.9800000000         1.4909789399         4.0190588043         3.9832555944
        2.2254749000         2.9800000000         1.4884266131         4.0292663142         3.9167682702
        2.2304009000         2.9800000000         1.5037405742         4.0496813338         4.3156922156
        2.2354195000         2.9800000000         1.5088452279         4.0726482310         4.4486668640
        2.2404526000         2.9800000000         1.4986359205         4.0854076183         4.1827175671
        2.2453900000         2.9800000000         1.4858742862         4.0981670056         3.8502809460
        2.2504187000         2.9800000000         1.4960835936         4.1185820252         4.1162302429
        2.2554211000         2.9800000000         1.4858742862         4.1262376576         3.8502809460
        2.2604231000         2.9800000000         1.4858742862         4.1415489224         3.8502809460
        2.2653883000         2.9800000000         1.4858742862         4.1619639420         3.8502809460
        2.2703864000         2.9800000000         1.4935312668         4.1798270842         4.0497429186
        2.2754036000         2.9800000000         1.4909789399         4.1951383490         3.9832555944
        2.2803863000         2.9800000000         1.4884266131         4.2078977363         3.9167682702
        2.2854167000         2.9800000000         1.4935312668         4.2308646334         4.0497429186
        2.2904347000         2.9800000000         1.4833219594         4.2359683883         3.7837936217
        2.2955133000         2.9800000000         1.4858742862         4.2487277756         3.8502809460
        2.3004256000         2.9800000000         1.5241591891         4.2665909178         4.8475908094
        2.3054920000         2.9800000000         1.4858742862         4.2844540601         3.8502809460
        2.3104493000         2.9800000000         1.4960835936         4.3023172023         4.1162302429
        2.3154698000         2.9800000000         1.4807696325         4.3099728347         3.7173062975
        2.3203865000         2.9800000000         1.4986359205         4.3354916092         4.1827175671
        2.3254697000         2.9800000000         1.4909789399         4.3482509965         3.9832555944
        2.3305312000         2.9800000000         1.4858742862         4.3610103838         3.8502809460
        2.3355220000         2.9800000000         1.4858742862         4.3788735260         3.8502809460
        2.3403948000         2.9800000000         1.4884266131         4.3890810359         3.9167682702
        2.3454914000         2.9800000000         1.4833219594         4.4043923006         3.7837936217
        2.3504534000         2.9800000000         1.4960835936         4.4324629527         4.1162302429
        2.3554846000         2.9800000000         1.4960835936         4.4426704625         4.1162302429
        2.3603958000         2.9800000000         1.4858742862         4.4503260949         3.8502809460
        2.3654866000         2.9800000000         1.4833219594         4.4656373597         3.7837936217
        2.3703935000         2.9800000000         1.4909789399         4.4962598892         3.9832555944
        2.3754422000         2.9800000000         1.5037405742         4.5039155215         4.3156922156
        2.3803987000         2.9800000000         1.4884266131         4.5166749088         3.9167682702
        2.3854863000         2.9800000000         1.4935312668         4.5319861736         4.0497429186
        2.3904326000         2.9800000000         1.4884266131         4.5524011933         3.9167682702
        2.3954435000         2.9800000000         1.4960835936         4.5677124580         4.1162302429
        2.4004799000         2.9800000000         1.4909789399         4.5753680904         3.9832555944
        2.4054277000         2.9800000000         1.4935312668         4.6008868650         4.0497429186
        2.4104509000         2.9800000000         1.4858742862         4.6161981297         3.8502809460
        2.4154328000         2.9800000000         1.5037405742         4.6366131494         4.3156922156
        2.4203918000         2.9800000000         1.4884266131         4.6468206592         3.9167682702
        2.4254779000         2.9800000000         1.4935312668         4.6595800465         4.0497429186
        2.4304419000         2.9800000000         1.4884266131         4.6825469437         3.9167682702
        2.4354722000         2.9800000000         1.4833219594         4.6902025760         3.7837936217
        2.4403869000         2.9800000000         1.4858742862         4.7080657183         3.8502809460
        2.4454344000         2.9800000000         1.4986359205         4.7284807379         4.1827175671
        2.4504504000         2.9800000000         1.4909789399         4.7539995125         3.9832555944
        2.4554216000         2.9800000000         1.4884266131         4.7642070224         3.9167682702
        2.4603973000         2.9800000000         1.4884266131         4.7795182871         3.9167682702
        2.4654280000         2.9800000000         1.4986359205         4.7922776744         4.1827175671
        2.4704297000         2.9800000000         1.4884266131         4.8050370617         3.9167682702
        2.4754849000         2.9800000000         1.4833219594         4.8229002039         3.7837936217
        2.4803994000         2.9800000000         1.4986359205         4.8433152236         4.1827175671
        2.4855412000         2.9800000000         1.4884266131         4.8586264883         3.9167682702
        2.4905292000         2.9800000000         1.5088452279         4.8841452629         4.4486668640
        2.4954254000         2.9800000000         1.4833219594         4.8866971404         3.7837936217
        2.5004517000         2.9800000000         1.4986359205         4.9122159150         4.1827175671
        2.5054659000         2.9800000000         1.4782173056         4.9198715474         3.6508189733
        2.5104599000         2.9800000000         1.5011882474         4.9428384445         4.2492048913
        2.5155183000         2.9800000000         1.4884266131         4.9607015867         3.9167682702
        2.5203880000         2.9800000000         1.4935312668         4.9760128515         4.0497429186
        2.5254032000         2.9800000000         1.4782173056         4.9811166064         3.6508189733
        2.5304709000         2.9800000000         1.4986359205         5.0066353810         4.1827175671
        2.5355686000         2.9800000000         1.4782173056         4.9989797486         3.6508189733
        2.5404039000         2.9800000000         1.4935312668         5.0091872584         4.0497429186
        2.5454930000         2.9800000000         1.4884266131         5.0066353810         3.9167682702
        2.5504363000         2.9800000000         1.4858742862         5.0015316260         3.8502809460
        2.5554091000         2.9800000000         1.4884266131         5.0040835035         3.9167682702
        2.5604246000         2.9800000000         1.4935312668         5.0066353810         4.0497429186
        2.5655136000         2.9800000000         1.4909789399         5.0040835035         3.9832555944
        2.5704191000         2.9800000000         1.4960835936         4.9964278711         4.1162302429
        2.5754288000         2.9800000000         1.4935312668         1.1201260109         4.0497429186
        2.5804762000         2.9800000000         1.4909789399         1.1124703785         3.9832555944
        2.5853972000         2.9800000000         1.5139498816         1.1201260109         4.5816415125
        2.5903990000         2.9800000000         1.4986359205         1.1124703785         4.1827175671
        2.5954548000         2.9800000000         1.4935312668         0.0024036839         4.0497429186
        2.6004785000         2.9800000000         1.4858742862         0.0024036839         3.8502809460
        2.6053921000         2.9800000000         1.4960835936         0.0024036839         4.1162302429
        2.6104565000         2.9800000000         1.4884266131        -0.0052519485         3.9167682702
        2.6154640000         2.9800000000         1.4935312668         0.0024036839         4.0497429186
        2.6204301000         2.9800000000         1.4935312668         0.0024036839         4.0497429186
        2.6253985000         2.9800000000         1.4909789399        -0.0001481936         3.9832555944
        2.6303907000         2.9800000000         1.4909789399         0.0151630711         3.9832555944
        2.6354287000         2.9800000000         1.4960835936         0.0253705810         4.1162302429
        2.6404871000         2.9800000000         1.4960835936         0.0483374781         4.1162302429
        2.6454796000         2.9800000000         1.4960835936         0.0636487429         4.1162302429
        2.6504802000         2.9800000000         1.4858742862         0.0662006203         3.8502809460
        2.6555272000         2.9800000000         1.5139498816         0.0942712724         4.5816415125
        2.6604939000         2.9800000000         1.5062929011         0.1121344146         4.3821795398
        2.6654649000         2.9800000000         1.4986359205         0.1248938019         4.1827175671
        2.6704013000         2.9800000000         1.4986359205         0.1453088216         4.1827175671
        2.6754000000         2.9800000000         1.4909789399         0.1504125765         3.9832555944
        2.6804089000         2.9800000000         1.4935312668         0.1657238412         4.0497429186
        2.6854318000         2.9800000000         1.5062929011         0.1886907384         4.3821795398
        2.6903893000         2.9800000000         1.4960835936         0.2142095129         4.1162302429
        2.6955404000         2.9800000000         1.4935312668         0.2218651453         4.0497429186
        2.7004149000         2.9800000000         1.4986359205         0.2371764101         4.1827175671
        2.7054543000         2.9800000000         1.5011882474         0.2575914298         4.2492048913
        2.7104313000         2.9800000000         1.4960835936         0.2703508170         4.1162302429
        2.7155101000         2.9800000000         1.5037405742         0.2907658367         4.3156922156
        2.7204179000         2.9800000000         1.4960835936         0.3035252240         4.1162302429
        2.7254507000         2.9800000000         1.4884266131         0.3188364888         3.9167682702
        2.7304904000         2.9800000000         1.5037405742         0.3341477535         4.3156922156
        2.7354331000         2.9800000000         1.5292638428         0.3545627732         4.9805654578
        2.7404483000         2.9800000000         1.5037405742         0.3775296703         4.3156922156
        2.7455319000         2.9800000000         1.5037405742         0.3877371802         4.3156922156
        2.7504102000         2.9800000000         1.5037405742         0.4030484449         4.3156922156
        2.7554654000         2.9800000000         1.4807696325         0.4209115871         3.7173062975
        2.7604423000         2.9800000000         1.4960835936         0.4311190970         4.1162302429
        2.7654446000         2.9800000000         1.5011882474         0.4540859941         4.2492048913
        2.7704387000         2.9800000000         1.5037405742         0.4719491363         4.3156922156
        2.7756138000         2.9800000000         1.5037405742         0.4821566461         4.3156922156
        2.7804056000         2.9800000000         1.4960835936         0.5051235433         4.1162302429
        2.7856462000         2.9800000000         1.5011882474         0.5255385629         4.2492048913
        2.7904294000         2.9800000000         1.4986359205         0.5357460728         4.1827175671
        2.7955318000         2.9800000000         1.5139498816         0.5612648474         4.5816415125
        2.8004786000         2.9800000000         1.5037405742         0.5714723572         4.3156922156
        2.8054114000         2.9800000000         1.5037405742         0.5893354994         4.3156922156
        2.8104783000         2.9800000000         1.4960835936         0.6071986416         4.1162302429
        2.8153934000         2.9800000000         1.5088452279         0.6276136613         4.4486668640
        2.8205166000         2.9800000000         1.4986359205         0.6327174162         4.1827175671
        2.8254033000         2.9800000000         1.5011882474         0.6556843134         4.2492048913
        2.8304815000         2.9800000000         1.4986359205         0.6735474556         4.1827175671
        2.8353976000         2.9800000000         1.5037405742         0.6965143527         4.3156922156
        2.8404575000         2.9800000000         1.5139498816         0.7067218625         4.5816415125
        2.8454089000         2.9800000000         1.4960835936         0.7220331273         4.1162302429
        2.8504641000         2.9800000000         1.4909789399         0.7347925146         3.9832555944
        2.8554157000         2.9800000000         1.4960835936         0.7577594117         4.1162302429
        2.8604156000         2.9800000000         1.5037405742         0.7756225539         4.3156922156
        2.8654851000         2.9800000000         1.5062929011         0.7909338187         4.3821795398
        2.8704009000         2.9800000000         1.5088452279         0.8113488384         4.4486668640
        2.8753848000         2.9800000000         1.4986359205         0.8190044707         4.1827175671
        2.8804003000         2.9800000000         1.4960835936         0.8368676129         4.1162302429
        2.8853855000         2.9800000000         1.4960835936         0.8470751228         4.1162302429
        2.8904665000         2.9800000000         1.4909789399         0.8700420199         3.9832555944
        2.8954300000         2.9800000000         1.4884266131         0.8853532847         3.9167682702
        2.9005275000         2.9800000000         1.4960835936         0.9032164269         4.1162302429
        2.9055740000         2.9800000000         1.5037405742         0.9134239367         4.3156922156
        2.9104597000         2.9800000000         1.4858742862         0.9312870789         3.8502809460
        2.9154342000         2.9800000000         1.4884266131         0.9414945888         3.9167682702
        2.9203997000         2.9800000000         1.4935312668         0.9670133634         4.0497429186
        2.9253913000         2.9800000000         1.4833219594         0.9746689957         3.7837936217
        2.9304546000         2.9800000000         1.4756649788         0.9823246281         3.5843316491
        2.9355243000         2.9800000000         1.4884266131         1.0103952802         3.9167682702
        2.9404868000         2.9800000000         1.4705603251         1.0180509125         3.4513570006
        2.9455335000         2.9800000000         1.4935312668         1.0384659322         4.0497429186
        2.9504501000         2.9800000000         1.4807696325         1.0512253195         3.7173062975
        2.9554716000         2.9800000000         1.4705603251         1.0512253195         3.4513570006
        2.9604866000         2.9800000000         1.4807696325         1.0665365843         3.7173062975
        2.9654065000         2.9800000000         1.4680079982         1.0895034814         3.3848696764
        2.9704222000         2.9800000000         1.4756649788         1.0920553588         3.5843316491
        2.9754627000         2.9800000000         1.4858742862         1.1124703785         3.8502809460
        2.9804288000         2.9800000000         1.4807696325         1.1303335207         3.7173062975
        2.9854100000         2.9800000000         1.4884266131         1.1481966629         3.9167682702
        2.9905497000         2.9800000000         1.4858742862         1.1533004179         3.8502809460
        2.9954100000         2.9800000000         1.4782173056         1.1686116826         3.6508189733
        3.0004617000         2.9800000000         1.4884266131         1.1890267023         3.9167682702
        3.0053930000         2.9800000000         1.4884266131         1.2043379670         3.9167682702
        3.0104297000         2.9800000000         1.4833219594         1.2094417220         3.7837936217
        3.0155245000         2.9800000000         1.4935312668         1.2298567416         4.0497429186
        3.0205221000         2.9800000000         1.4782173056         1.2324086191         3.6508189733
        3.0255301000         2.9800000000         1.5037405742         1.2502717613         4.3156922156
        3.0305210000         2.9800000000         1.4858742862         1.2706867810         3.8502809460
        3.0355181000         2.9800000000         1.4884266131         1.2808942908         3.9167682702
        3.0408678000         2.9800000000         1.5037405742         1.2962055556         4.3156922156
        3.0454912000         2.9800000000         1.4807696325         1.3115168203         3.7173062975
        3.0505245000         2.9800000000         1.4833219594         1.3268280851         3.7837936217
        3.0555573000         2.9800000000         1.4833219594         1.3395874724         3.7837936217
        3.0604906000         2.9800000000         1.4884266131         1.3548987371         3.9167682702
        3.0654702000         2.9800000000         1.4858742862         1.3676581244         3.8502809460
        3.0704926000         2.9800000000         1.4807696325         1.3804175117         3.7173062975
        3.0759325000         2.9800000000         1.4858742862         1.3957287765         3.8502809460
        3.0804083000         2.9800000000         1.4807696325         1.4059362863         3.7173062975
        3.0854052000         2.9800000000         1.4935312668         1.4340069384         4.0497429186
        3.0904757000         2.9800000000         1.4858742862         1.4442144482         3.8502809460
        3.0954504000         2.9800000000         1.4807696325         1.4493182031         3.7173062975
        3.1004633000         2.9800000000         1.4833219594         1.4646294679         3.7837936217
        3.1053963000         2.9800000000         1.4884266131         1.4875963650         3.9167682702
        3.1104250000         2.9800000000         1.4884266131         1.4952519974         3.9167682702
        3.1154391000         2.9800000000         1.4986359205         1.5207707720         4.1827175671
        3.1204726000         2.9800000000         1.4858742862         1.5309782818         3.8502809460
        3.1254307000         2.9800000000         1.4960835936         1.5539451789         4.1162302429
        3.1304305000         2.9800000000         1.4960835936         1.5641526888         4.1162302429
        3.1354338000         2.9800000000         1.4884266131         1.5692564437         3.9167682702
        3.1405059000         2.9800000000         1.4909789399         1.5973270957         3.9832555944
        3.1454200000         2.9800000000         1.4909789399         1.6151902379         3.9832555944
        3.1510146000         2.9800000000         1.4833219594         1.6151902379         3.7837936217
        3.1554780000         2.9800000000         1.4909789399         1.6356052576         3.9832555944
        3.1604588000         2.9800000000         1.4909789399         1.6509165224         3.9832555944
        3.1655108000         2.9800000000         1.4909789399         1.6687796646         3.9832555944
        3.1703967000         2.9800000000         1.4909789399         1.6866428068         3.9832555944
        3.1754133000         2.9800000000         1.4884266131         1.6968503166         3.9167682702
        3.1804307000         2.9800000000         1.4884266131         1.7045059490         3.9167682702
        3.1853989000         2.9800000000         1.5037405742         1.7274728461         4.3156922156
        3.1904332000         2.9800000000         1.4935312668         1.7402322334         4.0497429186
        3.1955502000         2.9800000000         1.4935312668         1.7555434982         4.0497429186
        3.2004442000         2.9800000000         1.4909789399         1.7785103953         3.9832555944
        3.2054232000         2.9800000000         1.4986359205         1.7836141502         4.1827175671
        3.2104717000         2.9800000000         1.4884266131         1.8014772924         3.9167682702
        3.2154336000         2.9800000000         1.5037405742         1.8142366797         4.3156922156
        3.2204540000         2.9800000000         1.4909789399         1.8320998220         3.9832555944
        3.2254718000         2.9800000000         1.4960835936         1.8474110867         4.1162302429
        3.2307340000         2.9800000000         1.4986359205         1.8601704740         4.1827175671
        3.2355927000         2.9800000000         1.4909789399         1.8729298613         3.9832555944
        3.2405911000         2.9800000000         1.4960835936         1.8984486359         4.1162302429
        3.2456041000         2.9800000000         1.5011882474         1.9086561457         4.2492048913
        3.2505598000         2.9800000000         1.4960835936         1.9214155330         4.1162302429
        3.2555754000         2.9800000000         1.4960835936         1.9392786752         4.1162302429
        3.2605119000         2.9800000000         1.4909789399         1.9520380625         3.9832555944
        3.2654328000         2.9800000000         1.4960835936         1.9750049597         4.1162302429
        3.2706316000         2.9800000000         1.4935312668         1.9801087146         4.0497429186
        3.2755795000         2.9800000000         1.5037405742         2.0056274892         4.3156922156
        3.2805369000         2.9800000000         1.4935312668         2.0158349990         4.0497429186
        3.2855790000         2.9800000000         1.4935312668         2.0285943863         4.0497429186
        3.2905460000         2.9800000000         1.4884266131         2.0439056511         3.9167682702
        3.2954502000         2.9800000000         1.5011882474         2.0694244256         4.2492048913
        3.3005729000         2.9800000000         1.4884266131         2.0745281806         3.9167682702
        3.3055595000         2.9800000000         1.4935312668         2.0974950777         4.0497429186
        3.3105706000         2.9800000000         1.5037405742         2.1179100974         4.3156922156
        3.3158020000         2.9800000000         1.4858742862         2.1255657297         3.8502809460
        3.3205387000         2.9800000000         1.5037405742         2.1408769945         4.3156922156
        3.3257058000         2.9800000000         1.4935312668         2.1612920142         4.0497429186
        3.3305396000         2.9800000000         1.4935312668         2.1638438916         4.0497429186
        3.3355425000         2.9800000000         1.4909789399         2.1944664211         3.9832555944
        3.3405820000         2.9800000000         1.4960835936         2.2046739310         4.1162302429
        3.3454300000         2.9800000000         1.4960835936         2.2199851957         4.1162302429
        3.3506098000         2.9800000000         1.4884266131         2.2276408281         3.9167682702
        3.3554806000         2.9800000000         1.4960835936         2.2506077252         4.1162302429
        3.3604949000         2.9800000000         1.4960835936         2.2735746224         4.1162302429
        3.3656010000         2.9800000000         1.4960835936         2.2888858871         4.1162302429
        3.3705325000         2.9800000000         1.4960835936         2.2990933970         4.1162302429
        3.3755049000         2.9800000000         1.4884266131         2.3144046617         3.9167682702
        3.3806075000         2.9800000000         1.4909789399         2.3373715588         3.9832555944
        3.3854213000         2.9800000000         1.4884266131         2.3399234363         3.9167682702
        3.3904244000         2.9800000000         1.4909789399         2.3603384560         3.9832555944
        3.3955589000         2.9800000000         1.4909789399         2.3756497207         3.9832555944
        3.4004679000         2.9800000000         1.4884266131         2.3909609855         3.9167682702
        3.4054061000         2.9800000000         1.4782173056         2.3986166179         3.6508189733
        3.4104186000         2.9800000000         1.4884266131         2.4241353924         3.9167682702
        3.4155265000         2.9800000000         1.4858742862         2.4317910248         3.8502809460
        3.4205081000         2.9800000000         1.4909789399         2.4522060445         3.9832555944
        3.4254776000         2.9800000000         1.4986359205         2.4751729416         4.1827175671
        3.4304032000         2.9800000000         1.4858742862         2.4828285740         3.8502809460
        3.4354534000         2.9800000000         1.4909789399         2.5057954711         3.9832555944
        3.4404216000         2.9800000000         1.4858742862         2.5083473486         3.8502809460
        3.4454577000         2.9800000000         1.4909789399         2.5313142457         3.9832555944
        3.4504354000         2.9800000000         1.4833219594         2.5389698781         3.7837936217
        3.4554302000         2.9800000000         1.4858742862         2.5517292654         3.8502809460
        3.4604242000         2.9800000000         1.4884266131         2.5746961625         3.9167682702
        3.4654897000         2.9800000000         1.4960835936         2.5925593047         4.1162302429
        3.4704515000         2.9800000000         1.4858742862         2.6002149371         3.8502809460
        3.4755731000         2.9800000000         1.4960835936         2.6231818342         4.1162302429
        3.4804147000         2.9800000000         1.4884266131         2.6384930990         3.9167682702
        3.4854362000         2.9800000000         1.4986359205         2.6538043638         4.1827175671
        3.4904045000         2.9800000000         1.4986359205         2.6767712609         4.1827175671
        3.4954007000         2.9800000000         1.4935312668         2.6818750158         4.0497429186
        3.5004881000         2.9800000000         1.5011882474         2.7099456679         4.2492048913
        3.5054121000         2.9800000000         1.4986359205         2.7227050552         4.1827175671
        3.5104479000         2.9800000000         1.4909789399         2.7303606875         3.9832555944
        3.5155222000         2.9800000000         1.5062929011         2.7533275847         4.3821795398
        3.5204949000         2.9800000000         1.5190545354         2.7686388494         4.7146161609
        3.5254812000         2.9800000000         1.4960835936         2.7865019916         4.1162302429
        3.5304679000         2.9800000000         1.4960835936         2.7992613789         4.1162302429
        3.5354933000         2.9800000000         1.5062929011         2.8171245211         4.3821795398
        3.5404179000         2.9800000000         1.4858742862         2.8298839084         3.8502809460
        3.5455629000         2.9800000000         1.4986359205         2.8502989281         4.1827175671
        3.5504830000         2.9800000000         1.4986359205         2.8605064379         4.1827175671
        3.5554327000         2.9800000000         1.5011882474         2.8783695801         4.2492048913
        3.5604307000         2.9800000000         1.5011882474         2.8962327224         4.2492048913
        3.5654364000         2.9800000000         1.4909789399         2.9013364773         3.9832555944
        3.5704731000         2.9800000000         1.4935312668         2.9191996195         4.0497429186
        3.5754768000         2.9800000000         1.5267115159         2.9396146392         4.9140781336
        3.5804858000         2.9800000000         1.4935312668         2.9523740265         4.0497429186
        3.5854016000         2.9800000000         1.5062929011         2.9727890461         4.3821795398
        3.5904879000         2.9800000000         1.4986359205         2.9906521883         4.1827175671
        3.5954727000         2.9800000000         1.4909789399         2.9983078207         3.9832555944
        3.6004405000         2.9800000000         1.5037405742         3.0161709629         4.3156922156
        3.6057444000         2.9800000000         1.4986359205         3.0442416150         4.1827175671
        3.6104715000         2.9800000000         1.4960835936         3.0544491248         4.1162302429
        3.6153997000         2.9800000000         1.5088452279         3.0774160220         4.4486668640
        3.6204650000         2.9800000000         1.4935312668         3.0876235318         4.0497429186
        3.6253915000         2.9800000000         1.5037405742         3.1029347965         4.3156922156
        3.6304494000         2.9800000000         1.4884266131         3.1207979388         3.9167682702
        3.6354723000         2.9800000000         1.4960835936         3.1335573261         4.1162302429
        3.6404743000         2.9800000000         1.4960835936         3.1488685908         4.1162302429
        3.6455467000         2.9800000000         1.4909789399         3.1590761006         3.9832555944
        3.6504484000         2.9800000000         1.4935312668         3.1769392429         4.0497429186
        3.6554347000         2.9800000000         1.4858742862         3.1896986301         3.8502809460
        3.6604401000         2.9800000000         1.4986359205         3.2075617724         4.1827175671
        3.6654290000         2.9800000000         1.4935312668         3.2305286695         4.0497429186
        3.6705306000         2.9800000000         1.4935312668         3.2407361793         4.0497429186
        3.6754184000         2.9800000000         1.5011882474         3.2662549539         4.2492048913
        3.6804878000         2.9800000000         1.4909789399         3.2764624638         3.9832555944
        3.6854608000         2.9800000000         1.4986359205         3.2968774834         4.1827175671
        3.6904196000         2.9800000000         1.5011882474         3.3121887482         4.2492048913
        3.6954084000         2.9800000000         1.4858742862         3.3198443806         3.8502809460
        3.7004410000         2.9800000000         1.5113975548         3.3453631551         4.5151541882
        3.7054098000         2.9800000000         1.4909789399         3.3479150326         3.9832555944
        3.7104623000         2.9800000000         1.5011882474         3.3734338072         4.2492048913
        3.7154324000         2.9800000000         1.5062929011         3.3964007043         4.3821795398
        3.7204937000         2.9800000000         1.5037405742         3.4142638465         4.3156922156
        3.7254057000         2.9800000000         1.4986359205         3.4193676015         4.1827175671
        3.7304450000         2.9800000000         1.5318161696         3.4397826211         5.0470527820
        3.7354149000         2.9800000000         1.5062929011         3.4601976408         4.3821795398
        3.7404706000         2.9800000000         1.4986359205         3.4755089056         4.1827175671
        3.7454343000         2.9800000000         1.5037405742         3.4857164154         4.3156922156
        3.7503907000         2.9800000000         1.4960835936         3.5061314351         4.1162302429
        3.7553861000         2.9800000000         1.4986359205         3.5239945773         4.1827175671
        3.7604220000         2.9800000000         1.5113975548         3.5367539646         4.5151541882
        3.7654373000         2.9800000000         1.4986359205         3.5495133519         4.1827175671
        3.7704388000         2.9800000000         1.4960835936         3.5699283715         4.1162302429
        3.7754636000         2.9800000000         1.4960835936         3.5903433912         4.1162302429
        3.7806053000         2.9800000000         1.4986359205         3.5979990236         4.1827175671
        3.7855563000         2.9800000000         1.5037405742         3.6133102883         4.3156922156
        3.7906474000         2.9800000000         1.4960835936         3.6337253080         4.1162302429
        3.7955079000         2.9800000000         1.4935312668         3.6464846953         4.0497429186
        3.8006698000         2.9800000000         1.5037405742         3.6694515924         4.3156922156
        3.8054297000         2.9800000000         1.5037405742         3.6847628572         4.3156922156
        3.8104015000         2.9800000000         1.5088452279         3.7026259994         4.4486668640
        3.8154547000         2.9800000000         1.4884266131         3.7128335092         3.9167682702
        3.8204113000         2.9800000000         1.5062929011         3.7434560388         4.3821795398
        3.8254271000         2.9800000000         1.5062929011         3.7511116711         4.3821795398
        3.8304025000         2.9800000000         1.5011882474         3.7715266908         4.2492048913
        3.8354404000         2.9800000000         1.5011882474         3.7842860781         4.2492048913
        3.8404019000         2.9800000000         1.4960835936         3.8021492203         4.1162302429
        3.8454391000         2.9800000000         1.4986359205         3.8123567301         4.1827175671
        3.8504920000         2.9800000000         1.5011882474         3.8429792597         4.2492048913
        3.8554804000         2.9800000000         1.5088452279         3.8557386469         4.4486668640
        3.8604396000         2.9800000000         1.5011882474         3.8659461568         4.2492048913
        3.8655189000         2.9800000000         1.4986359205         3.8889130539         4.1827175671
        3.8704503000         2.9800000000         1.5011882474         3.9016724412         4.2492048913
        3.8754483000         2.9800000000         1.5062929011         3.9118799510         4.3821795398
        3.8803925000         2.9800000000         1.5062929011         3.9373987256         4.3821795398
        3.8855190000         2.9800000000         1.4960835936         3.9425024806         4.1162302429
        3.8904626000         2.9800000000         1.4960835936         3.9654693777         4.1162302429
        3.8955022000         2.9800000000         1.4935312668         3.9807806424         4.0497429186
        3.9005061000         2.9800000000         1.5037405742         3.9909881523         4.3156922156
        3.9054719000         2.9800000000         1.4986359205         4.0165069269         4.1827175671
        3.9104591000         2.9800000000         1.5062929011         4.0369219465         4.3821795398
        3.9154423000         2.9800000000         1.5037405742         4.0496813338         4.3156922156
        3.9204185000         2.9800000000         1.5011882474         4.0649925986         4.2492048913
        3.9254884000         2.9800000000         1.4960835936         4.0854076183         4.1162302429
        3.9304347000         2.9800000000         1.5037405742         4.0981670056         4.3156922156
        3.9354385000         2.9800000000         1.5037405742         4.1160301478         4.3156922156
        3.9403992000         2.9800000000         1.5011882474         4.1364451674         4.2492048913
        3.9455541000         2.9800000000         1.5139498816         4.1543083097         4.5816415125
        3.9504794000         2.9800000000         1.4756649788         4.1594120646         3.5843316491
        3.9554524000         2.9800000000         1.4986359205         4.1772752068         4.1827175671
        3.9604471000         2.9800000000         1.4960835936         4.1951383490         4.1162302429
        3.9654658000         2.9800000000         1.5088452279         4.2130014912         4.4486668640
        3.9704366000         2.9800000000         1.5011882474         4.2359683883         4.2492048913
        3.9754497000         2.9800000000         1.5037405742         4.2512796531         4.3156922156
        3.9805060000         2.9800000000         1.4884266131         4.2563834080         3.9167682702
        3.9854766000         2.9800000000         1.4935312668         4.2691427953         4.0497429186
        3.9904420000         2.9800000000         1.4960835936         4.2921096924         4.1162302429
        3.9954267000         2.9800000000         1.5011882474         4.3150765896         4.2492048913
        4.0004370000         2.9800000000         1.4884266131         4.3176284670         3.9167682702
