% Sweep Step 127/200  Vcmd=3.7000V  CW 
% Vg_offset=1.338069V  K_gimbal=26.049690

Time[s]              Vcmd[V]              Vg_raw[V]            Pot[V]             Omega[rad/s]
        0.0065425000         3.7000000000         1.3429439823         1.2017860896         0.1269907893
        0.0072194000         3.7000000000         1.3327346748         1.1966823347        -0.1389585076
        0.0105627000         3.7000000000         1.3403916554         1.1966823347         0.0605034650
        0.0156619000         3.7000000000         1.3378393285         1.1941304572        -0.0059838592
        0.0205678000         3.7000000000         1.3454963091         1.1992342121         0.1934781135
        0.0255548000         3.7000000000         1.5241591891         1.2043379670         4.8475908094
        0.0307415000         3.7000000000         1.5828627068         1.2273048642         6.3767992666
        0.0356864000         3.7000000000         1.5088452279         1.2400642515         4.4486668640
        0.0406989000         3.7000000000         1.5649964188         1.2681349035         5.9113879970
        0.0456263000         3.7000000000         1.6313569170         1.2962055556         7.6400584269
        0.0507126000         3.7000000000         1.6032813216         1.3191724527         6.9086978604
        0.0556040000         3.7000000000         1.6109383022         1.3446912273         7.1081598331
        0.0606550000         3.7000000000         1.7130313764         1.3829693892         9.7676528021
        0.0655370000         3.7000000000         1.6288045902         1.4059362863         7.5735711027
        0.0705187000         3.7000000000         1.6619848393         1.4493182031         8.4379063176
        0.0755785000         3.7000000000         1.6849557810         1.4748369777         9.0362922356
        0.0805456000         3.7000000000         1.6645371662         1.5080113847         8.5043936418
        0.0854913000         3.7000000000         1.6951650884         1.5386339142         9.3022415326
        0.0905056000         3.7000000000         1.6849557810         1.5718083211         9.0362922356
        0.0955419000         3.7000000000         1.7028220690         1.6151902379         9.5017035052
        0.1005494000         3.7000000000         1.7028220690         1.6458127674         9.5017035052
        0.1056607000         3.7000000000         1.7206883570         1.6789871744         9.9671147748
        0.1105890000         3.7000000000         1.7002697422         1.7096097039         9.4352161810
        0.1156512000         3.7000000000         1.7283453376         1.7529916207        10.1665767475
        0.1205550000         3.7000000000         1.7257930107         1.7963735375        10.1000894233
        0.1256225000         3.7000000000         1.7283453376         1.8295479445        10.1665767475
        0.1305533000         3.7000000000         1.7334499913         1.8652742289        10.2995513960
        0.1355351000         3.7000000000         1.7436592987         1.9112080232        10.5655006929
        0.1405449000         3.7000000000         1.7334499913         1.9494861851        10.2995513960
        0.1456454000         3.7000000000         1.7487639524         1.9826605920        10.6984753413
        0.1505602000         3.7000000000         1.7615255867         2.0311462638        11.0309119624
        0.1555489000         3.7000000000         1.7589732599         2.0796319355        10.9644246382
        0.1604896000         3.7000000000         1.7717348941         2.1230138523        11.2968612594
        0.1655621000         3.7000000000         1.7717348941         2.1536363818        11.2968612594
        0.1706335000         3.7000000000         1.7717348941         2.2046739310        11.2968612594
        0.1755580000         3.7000000000         1.8151244507         2.2404002154        12.4271457712
        0.1805952000         3.7000000000         1.7717348941         2.2939896420        11.2968612594
        0.1855733000         3.7000000000         1.7717348941         2.3271640490        11.2968612594
        0.1905559000         3.7000000000         1.7742872210         2.3730978433        11.3633485836
        0.1955290000         3.7000000000         1.7870488553         2.4292391474        11.6957852047
        0.2005536000         3.7000000000         1.7717348941         2.4649654318        11.2968612594
        0.2054995000         3.7000000000         1.7896011821         2.5160029810        11.7622725289
        0.2106746000         3.7000000000         1.7972581627         2.5644886527        11.9617345016
        0.2155449000         3.7000000000         1.7870488553         2.6078705695        11.6957852047
        0.2205207000         3.7000000000         1.7844965284         2.6512524863        11.6292978805
        0.2254840000         3.7000000000         1.8049151433         2.6997381580        12.1611964743
        0.2304727000         3.7000000000         1.7819442016         2.7354644424        11.5628105563
        0.2354699000         3.7000000000         1.8100197970         2.7941576240        12.2941711228
        0.2406957000         3.7000000000         1.7921535090         2.8324357859        11.8287598532
        0.2455284000         3.7000000000         1.8074674701         2.8834733351        12.2276837985
        0.2504472000         3.7000000000         1.8074674701         2.9370627617        12.2276837985
        0.2556339000         3.7000000000         1.7998104896         2.9727890461        12.0282218258
        0.2605806000         3.7000000000         1.7972581627         3.0161709629        11.9617345016
        0.2655429000         3.7000000000         1.8151244507         3.0799678994        12.4271457712
        0.2705084000         3.7000000000         1.7998104896         3.1131423064        12.0282218258
        0.2755669000         3.7000000000         1.8074674701         3.1667317330        12.2276837985
        0.2805173000         3.7000000000         1.8100197970         3.2101136498        12.2941711228
        0.2855853000         3.7000000000         1.8049151433         3.2534955666        12.1611964743
        0.2905844000         3.7000000000         1.8202291044         3.3045331158        12.5601204197
        0.2955463000         3.7000000000         1.8100197970         3.3479150326        12.2941711228
        0.3007417000         3.7000000000         1.8202291044         3.4091600916        12.5601204197
        0.3055623000         3.7000000000         1.8151244507         3.4474382535        12.4271457712
        0.3106065000         3.7000000000         1.8176767776         3.5010276801        12.4936330954
        0.3156054000         3.7000000000         1.8253337581         3.5495133519        12.6930950681
        0.3213540000         3.7000000000         1.8176767776         3.5928952687        12.4936330954
        0.3256748000         3.7000000000         1.8202291044         3.6439328179        12.5601204197
        0.3304990000         3.7000000000         1.8253337581         3.6924184896        12.6930950681
        0.3355005000         3.7000000000         1.8380953924         3.7434560388        13.0255316893
        0.3405575000         3.7000000000         1.8227814313         3.7919417105        12.6266077439
        0.3455104000         3.7000000000         1.8227814313         3.8429792597        12.6266077439
        0.3504825000         3.7000000000         1.8380953924         3.8965686863        13.0255316893
        0.3554724000         3.7000000000         1.8202291044         3.9450543580        12.5601204197
        0.3605723000         3.7000000000         1.8380953924         3.9884362748        13.0255316893
        0.3654703000         3.7000000000         1.8329907387         4.0394738240        12.8925570408
        0.3704380000         3.7000000000         1.8253337581         4.0854076183        12.6930950681
        0.3754383000         3.7000000000         1.8227814313         4.1338932900        12.6266077439
        0.3804497000         3.7000000000         1.8457523730         4.1951383490        13.2249936619
        0.3854340000         3.7000000000         1.8610663341         4.2359683883        13.6239176073
        0.3905328000         3.7000000000         1.8329907387         4.2997653248        12.8925570408
        0.3954281000         3.7000000000         1.8355430655         4.3405953642        12.9590443650
        0.4004490000         3.7000000000         1.8304384118         4.3890810359        12.8260697166
        0.4054493000         3.7000000000         1.8406477193         4.4503260949        13.0920190135
        0.4105088000         3.7000000000         1.8380953924         4.4937080117        13.0255316893
        0.4154450000         3.7000000000         1.8202291044         4.5447455609        12.5601204197
        0.4205781000         3.7000000000         1.8508570267         4.6008868650        13.3579683104
        0.4254522000         3.7000000000         1.8278860850         4.6442687818        12.7595823923
        0.4304718000         3.7000000000         1.8380953924         4.7029619633        13.0255316893
        0.4354365000         3.7000000000         1.8355430655         4.7488957576        12.9590443650
        0.4405771000         3.7000000000         1.8329907387         4.7973814293        12.8925570408
        0.4454559000         3.7000000000         1.8380953924         4.8586264883        13.0255316893
        0.4505362000         3.7000000000         1.8406477193         4.9071121601        13.0920190135
        0.4572878000         3.7000000000         1.8355430655         4.9862203613        12.9590443650
        0.4605494000         3.7000000000         1.8329907387         5.0040835035        12.8925570408
        0.4654671000         3.7000000000         1.8329907387         5.0066353810        12.8925570408
        0.4705215000         3.7000000000         1.8304384118         4.9989797486        12.8260697166
        0.4754643000         3.7000000000         1.8278860850         1.0997109912        12.7595823923
        0.4805849000         3.7000000000         1.8534093535         0.0100593162        13.4244556346
        0.4854935000         3.7000000000         1.8457523730        -0.0001481936        13.2249936619
        0.4904623000         3.7000000000         1.8432000461         0.0151630711        13.1585063377
        0.4954361000         3.7000000000         1.8278860850         0.0636487429        12.7595823923
        0.5004971000         3.7000000000         1.8406477193         0.1172381695        13.0920190135
        0.5054623000         3.7000000000         1.8534093535         0.1733794736        13.4244556346
        0.5105062000         3.7000000000         1.8406477193         0.2244170228        13.0920190135
        0.5154363000         3.7000000000         1.8406477193         0.2780064494        13.0920190135
        0.5204258000         3.7000000000         1.8380953924         0.3239402437        13.0255316893
        0.5254658000         3.7000000000         1.8406477193         0.3698740379        13.0920190135
        0.5306085000         3.7000000000         1.8380953924         0.4285672195        13.0255316893
        0.5355503000         3.7000000000         1.8559616804         0.4821566461        13.4909429588
        0.5405263000         3.7000000000         1.8457523730         0.5331941953        13.2249936619
        0.5455842000         3.7000000000         1.8406477193         0.5893354994        13.0920190135
        0.5505820000         3.7000000000         1.8406477193         0.6327174162        13.0920190135
        0.5555194000         3.7000000000         1.8559616804         0.6888587203        13.4909429588
        0.5604951000         3.7000000000         1.8432000461         0.7347925146        13.1585063377
        0.5654811000         3.7000000000         1.8457523730         0.7985894511        13.2249936619
        0.5705652000         3.7000000000         1.8432000461         0.8368676129        13.1585063377
        0.5754831000         3.7000000000         1.8483046998         0.8981126720        13.2914809862
        0.5804721000         3.7000000000         1.8227814313         0.9389427113        12.6266077439
        0.5854951000         3.7000000000         1.8380953924         0.9874283830        13.0255316893
        0.5904614000         3.7000000000         1.8329907387         1.0461215646        12.8925570408
        0.5955065000         3.7000000000         1.8304384118         1.0843997265        12.8260697166
        0.6004595000         3.7000000000         1.8380953924         1.1481966629        13.0255316893
        0.6054574000         3.7000000000         1.8406477193         1.1864748248        13.0920190135
        0.6104868000         3.7000000000         1.8380953924         1.2426161289        13.0255316893
        0.6154338000         3.7000000000         1.8304384118         1.2859980457        12.8260697166
        0.6204945000         3.7000000000         1.8329907387         1.3344837175        12.8925570408
        0.6254540000         3.7000000000         1.8432000461         1.3855212666        13.1585063377
        0.6305462000         3.7000000000         1.8329907387         1.4340069384        12.8925570408
        0.6355478000         3.7000000000         1.8406477193         1.4901482425        13.0920190135
        0.6406215000         3.7000000000         1.8483046998         1.5309782818        13.2914809862
        0.6455264000         3.7000000000         1.8227814313         1.5820158310        12.6266077439
        0.6504828000         3.7000000000         1.8329907387         1.6305015027        12.8925570408
        0.6555125000         3.7000000000         1.8483046998         1.6815390519        13.2914809862
        0.6605017000         3.7000000000         1.8253337581         1.7172653363        12.6930950681
        0.6655353000         3.7000000000         1.8406477193         1.7785103953        13.0920190135
        0.6704904000         3.7000000000         1.8508570267         1.8346516994        13.3579683104
        0.6755069000         3.7000000000         1.8406477193         1.8729298613        13.0920190135
        0.6804638000         3.7000000000         1.8406477193         1.9265192879        13.0920190135
        0.6854479000         3.7000000000         1.8432000461         1.9724530822        13.1585063377
        0.6904367000         3.7000000000         1.8610663341         2.0336981412        13.6239176073
        0.6954367000         3.7000000000         1.8406477193         2.0770800580        13.0920190135
        0.7004409000         3.7000000000         1.8457523730         2.1255657297        13.2249936619
        0.7054574000         3.7000000000         1.8457523730         2.1817070338        13.2249936619
        0.7104538000         3.7000000000         1.8355430655         2.2199851957        12.9590443650
        0.7154677000         3.7000000000         1.8355430655         2.2786783773        12.9590443650
        0.7204443000         3.7000000000         1.8457523730         2.3322678039        13.2249936619
        0.7255163000         3.7000000000         1.8508570267         2.3884091080        13.3579683104
        0.7304634000         3.7000000000         1.8432000461         2.4343429023        13.1585063377
        0.7354630000         3.7000000000         1.8483046998         2.4904842064        13.2914809862
        0.7404455000         3.7000000000         1.8304384118         2.5287623683        12.8260697166
        0.7455113000         3.7000000000         1.8457523730         2.5823517949        13.2249936619
        0.7504422000         3.7000000000         1.8508570267         2.6333893441        13.3579683104
        0.7554659000         3.7000000000         1.8406477193         2.6869787707        13.0920190135
        0.7604518000         3.7000000000         1.8636186610         2.7431200748        13.6904049315
        0.7655127000         3.7000000000         1.8457523730         2.7890538691        13.2249936619
        0.7704475000         3.7000000000         1.8432000461         2.8375395408        13.1585063377
        0.7754735000         3.7000000000         1.8457523730         2.8911289674        13.2249936619
        0.7804493000         3.7000000000         1.8432000461         2.9421665166        13.1585063377
        0.7854475000         3.7000000000         1.8534093535         3.0034115756        13.4244556346
        0.7904419000         3.7000000000         1.8380953924         3.0391378601        13.0255316893
        0.7955427000         3.7000000000         1.8457523730         3.0952791642        13.2249936619
        0.8004543000         3.7000000000         1.8457523730         3.1488685908        13.2249936619
        0.8054597000         3.7000000000         1.8329907387         3.1896986301        12.8925570408
        0.8105401000         3.7000000000         1.8457523730         3.2458399342        13.2249936619
        0.8154939000         3.7000000000         1.8483046998         3.2968774834        13.2914809862
        0.8204520000         3.7000000000         1.8355430655         3.3402594002        12.9590443650
        0.8254470000         3.7000000000         1.8534093535         3.4066082142        13.4244556346
        0.8304417000         3.7000000000         1.8483046998         3.4474382535        13.2914809862
        0.8354653000         3.7000000000         1.8457523730         3.5035795576        13.2249936619
        0.8404255000         3.7000000000         1.8814849490         3.5520652293        14.1558162011
        0.8454774000         3.7000000000         1.8483046998         3.6082065334        13.2914809862
        0.8504454000         3.7000000000         1.8585140073         3.6592440826        13.5574302831
        0.8555537000         3.7000000000         1.8508570267         3.7051778769        13.3579683104
        0.8605444000         3.7000000000         1.8508570267         3.7587673035        13.3579683104
        0.8654879000         3.7000000000         1.8457523730         3.8098048527        13.2249936619
        0.8705261000         3.7000000000         1.8559616804         3.8608424019        13.4909429588
        0.8755149000         3.7000000000         1.8457523730         3.9118799510        13.2249936619
        0.8805153000         3.7000000000         1.8432000461         3.9603656228        13.1585063377
        0.8854746000         3.7000000000         1.8585140073         4.0165069269        13.5574302831
        0.8904424000         3.7000000000         1.8380953924         4.0624407211        13.0255316893
        0.8955197000         3.7000000000         1.8840372758         4.1236857801        14.2223035253
        0.9004598000         3.7000000000         1.8559616804         4.1670676969        13.4909429588
        0.9054653000         3.7000000000         1.8636186610         4.2283127560        13.6904049315
        0.9104473000         3.7000000000         1.8661709878         4.2691427953        13.7568922557
        0.9154658000         3.7000000000         1.8508570267         4.3252840994        13.3579683104
        0.9205477000         3.7000000000         1.8534093535         4.3763216486        13.4244556346
        0.9254737000         3.7000000000         1.8355430655         4.4273591978        12.9590443650
        0.9304488000         3.7000000000         1.8636186610         4.4860523793        13.6904049315
        0.9354826000         3.7000000000         1.8559616804         4.5421936834        13.4909429588
        0.9404651000         3.7000000000         1.8534093535         4.5830237228        13.4244556346
        0.9454753000         3.7000000000         1.8406477193         4.6417169043        13.0920190135
        0.9504541000         3.7000000000         1.8559616804         4.6953063310        13.4909429588
        0.9554955000         3.7000000000         1.8508570267         4.7488957576        13.3579683104
        0.9605277000         3.7000000000         1.8508570267         4.8024851842        13.3579683104
        0.9655103000         3.7000000000         1.8610663341         4.8637302433        13.6239176073
        0.9704755000         3.7000000000         1.8406477193         4.9096640375        13.0920190135
        0.9755023000         3.7000000000         1.8585140073         4.9709090965        13.5574302831
        0.9805071000         3.7000000000         1.8508570267         5.0066353810        13.3579683104
        0.9854486000         3.7000000000         1.8585140073         5.0117391359        13.5574302831
        0.9904676000         3.7000000000         1.8432000461         4.9964278711        13.1585063377
        0.9955105000         3.7000000000         1.8559616804         1.1073666236        13.4909429588
        1.0005462000         3.7000000000         1.8483046998        -0.0001481936        13.2914809862
        1.0054736000         3.7000000000         1.8534093535         0.0024036839        13.4244556346
        1.0104815000         3.7000000000         1.8636186610         0.0355780908        13.6904049315
        1.0154945000         3.7000000000         1.8559616804         0.0815118851        13.4909429588
        1.0204676000         3.7000000000         1.8636186610         0.1351013117        13.6904049315
        1.0255431000         3.7000000000         1.8610663341         0.1963463707        13.6239176073
        1.0304852000         3.7000000000         1.8508570267         0.2371764101        13.3579683104
        1.0354948000         3.7000000000         1.8585140073         0.2984214691        13.5574302831
        1.0404786000         3.7000000000         1.8457523730         0.3545627732        13.2249936619
        1.0454998000         3.7000000000         1.8559616804         0.4056003224        13.4909429588
        1.0505025000         3.7000000000         1.8585140073         0.4591897490        13.5574302831
        1.0555034000         3.7000000000         1.8457523730         0.5051235433        13.2249936619
        1.0604692000         3.7000000000         1.8534093535         0.5663686023        13.4244556346
        1.0654749000         3.7000000000         1.8534093535         0.6250617838        13.4244556346
        1.0704718000         3.7000000000         1.8585140073         0.6709955781        13.5574302831
        1.0754687000         3.7000000000         1.8432000461         0.7169293724        13.1585063377
        1.0804795000         3.7000000000         1.8432000461         0.7756225539        13.1585063377
        1.0854845000         3.7000000000         1.8508570267         0.8266601031        13.3579683104
        1.0905028000         3.7000000000         1.8636186610         0.8879051621        13.6904049315
        1.0954369000         3.7000000000         1.8355430655         0.9287352015        12.9590443650
        1.1004604000         3.7000000000         1.8661709878         0.9874283830        13.7568922557
        1.1054247000         3.7000000000         1.8278860850         1.0257065449        12.7595823923
        1.1104823000         3.7000000000         1.8483046998         1.0843997265        13.2914809862
        1.1154268000         3.7000000000         1.8432000461         1.1277816433        13.1585063377
        1.1204591000         3.7000000000         1.8534093535         1.1788191925        13.4244556346
        1.1255018000         3.7000000000         1.8559616804         1.2375123740        13.4909429588
        1.1305233000         3.7000000000         1.8406477193         1.2808942908        13.0920190135
        1.1354053000         3.7000000000         1.8585140073         1.3319318400        13.5574302831
        1.1404510000         3.7000000000         1.8432000461         1.3829693892        13.1585063377
        1.1454284000         3.7000000000         1.8329907387         1.4340069384        12.8925570408
        1.1504697000         3.7000000000         1.8457523730         1.4850444875        13.2249936619
        1.1555347000         3.7000000000         1.8661709878         1.5386339142        13.7568922557
        1.1604554000         3.7000000000         1.8380953924         1.5794639535        13.0255316893
        1.1654314000         3.7000000000         1.8432000461         1.6279496252        13.1585063377
        1.1704613000         3.7000000000         1.8636186610         1.6917465617        13.6904049315
        1.1754973000         3.7000000000         1.8432000461         1.7300247236        13.1585063377
        1.1804422000         3.7000000000         1.8432000461         1.7861660277        13.1585063377
        1.1855338000         3.7000000000         1.8610663341         1.8372035769        13.6239176073
        1.1904350000         3.7000000000         1.8534093535         1.8831373711        13.4244556346
        1.1955201000         3.7000000000         1.8457523730         1.9316230429        13.2249936619
        1.2004477000         3.7000000000         1.8585140073         1.9852124695        13.5574302831
        1.2055090000         3.7000000000         1.8559616804         2.0336981412        13.4909429588
        1.2104727000         3.7000000000         1.8457523730         2.0923913228        13.2249936619
        1.2154348000         3.7000000000         1.8380953924         2.1357732396        13.0255316893
        1.2204872000         3.7000000000         1.8457523730         2.1842589113        13.2249936619
        1.2254201000         3.7000000000         1.8534093535         2.2455039703        13.4244556346
        1.2304983000         3.7000000000         1.8534093535         2.3016452744        13.4244556346
        1.2356562000         3.7000000000         1.8483046998         2.3424753138        13.2914809862
        1.2404453000         3.7000000000         1.8585140073         2.4011684953        13.5574302831
        1.2454301000         3.7000000000         1.8355430655         2.4445504121        12.9590443650
        1.2506099000         3.7000000000         1.8457523730         2.5006917162        13.2249936619
        1.2554503000         3.7000000000         1.8534093535         2.5542811429        13.4244556346
        1.2605308000         3.7000000000         1.8559616804         2.6053186920        13.4909429588
        1.2654704000         3.7000000000         1.8636186610         2.6538043638        13.6904049315
        1.2704581000         3.7000000000         1.8636186610         2.7176013002        13.6904049315
        1.2754238000         3.7000000000         1.8508570267         2.7635350945        13.3579683104
        1.2805028000         3.7000000000         1.8432000461         2.8120207662        13.1585063377
        1.2855188000         3.7000000000         1.8534093535         2.8630583154        13.4244556346
        1.2904363000         3.7000000000         1.8329907387         2.9115439871        12.8925570408
        1.2954847000         3.7000000000         1.8508570267         2.9753409236        13.3579683104
        1.3004561000         3.7000000000         1.8534093535         3.0212747179        13.4244556346
        1.3054704000         3.7000000000         1.8534093535         3.0723122670        13.4244556346
        1.3105670000         3.7000000000         1.8508570267         3.1182460613        13.3579683104
        1.3154382000         3.7000000000         1.8380953924         3.1667317330        13.0255316893
        1.3204625000         3.7000000000         1.8585140073         3.2305286695        13.5574302831
        1.3255419000         3.7000000000         1.8457523730         3.2790143412        13.2249936619
        1.3304302000         3.7000000000         1.8636186610         3.3351556453        13.6904049315
        1.3354345000         3.7000000000         1.8432000461         3.3785375621        13.1585063377
        1.3404549000         3.7000000000         1.8610663341         3.4321269888        13.6239176073
        1.3454565000         3.7000000000         1.8406477193         3.4806126605        13.0920190135
        1.3504384000         3.7000000000         1.8610663341         3.5418577195        13.6239176073
        1.3555187000         3.7000000000         1.8610663341         3.5903433912        13.6239176073
        1.3604378000         3.7000000000         1.8559616804         3.6337253080        13.4909429588
        1.3654750000         3.7000000000         1.8432000461         3.6924184896        13.1585063377
        1.3704857000         3.7000000000         1.8534093535         3.7409041613        13.4244556346
        1.3754933000         3.7000000000         1.8687233147         3.7995973429        13.8233795800
        1.3804402000         3.7000000000         1.8508570267         3.8531867695        13.3579683104
        1.3854233000         3.7000000000         1.8610663341         3.8965686863        13.6239176073
        1.3905648000         3.7000000000         1.8534093535         3.9552618679        13.4244556346
        1.3954214000         3.7000000000         1.8559616804         3.9960919072        13.4909429588
        1.4005839000         3.7000000000         1.8534093535         4.0598888437        13.4244556346
        1.4055711000         3.7000000000         1.8483046998         4.1007188830        13.2914809862
        1.4105782000         3.7000000000         1.8636186610         4.1568601871        13.6904049315
        1.4155378000         3.7000000000         1.8916942564         4.2104496138        14.4217654980
        1.4205860000         3.7000000000         1.8559616804         4.2640390404        13.4909429588
        1.4254727000         3.7000000000         1.8636186610         4.3176284670        13.6904049315
        1.4305739000         3.7000000000         1.8610663341         4.3737697711        13.6239176073
        1.4355117000         3.7000000000         1.8483046998         4.4248073203        13.2914809862
        1.4405757000         3.7000000000         1.8661709878         4.4809486244        13.7568922557
        1.4455867000         3.7000000000         1.8457523730         4.5243305412        13.2249936619
        1.4506998000         3.7000000000         1.8559616804         4.5932312326        13.4909429588
        1.4555700000         3.7000000000         1.8585140073         4.6391650269        13.5574302831
        1.4605631000         3.7000000000         1.8508570267         4.6850988211        13.3579683104
        1.4656424000         3.7000000000         1.8636186610         4.7514476351        13.6904049315
        1.4705578000         3.7000000000         1.8585140073         4.7999333068        13.5574302831
        1.4754741000         3.7000000000         1.8585140073         4.8637302433        13.5574302831
        1.4804903000         3.7000000000         1.8636186610         4.9071121601        13.6904049315
        1.4855036000         3.7000000000         1.8610663341         4.9658053416        13.6239176073
        1.4905826000         3.7000000000         1.8687233147         5.0117391359        13.8233795800
        1.4955122000         3.7000000000         1.8610663341         5.0066353810        13.6239176073
        1.5004754000         3.7000000000         1.8661709878         5.0091872584        13.7568922557
        1.5056675000         3.7000000000         1.8585140073         1.1048147461        13.5574302831
        1.5105421000         3.7000000000         1.8712756415         0.0075074388        13.8898669042
        1.5155118000         3.7000000000         1.8661709878         0.0075074388        13.7568922557
        1.5206966000         3.7000000000         1.8610663341         0.0330262134        13.6239176073
        1.5257000000         3.7000000000         1.8559616804         0.0917193949        13.4909429588
        1.5306382000         3.7000000000         1.8840372758         0.1402050666        14.2223035253
        1.5355784000         3.7000000000         1.8636186610         0.1988982482        13.6904049315
        1.5405940000         3.7000000000         1.8534093535         0.2422801650        13.4244556346
        1.5456432000         3.7000000000         1.8661709878         0.3086289789        13.7568922557
        1.5506011000         3.7000000000         1.8687233147         0.3596665281        13.8233795800
        1.5556355000         3.7000000000         1.8661709878         0.4030484449        13.7568922557
        1.5606273000         3.7000000000         1.8457523730         0.4617416265        13.2249936619
        1.5655520000         3.7000000000         1.8687233147         0.5178829306        13.8233795800
        1.5705763000         3.7000000000         1.8534093535         0.5740242347        13.4244556346
        1.5755560000         3.7000000000         1.8661709878         0.6225099064        13.7568922557
        1.5805890000         3.7000000000         1.8534093535         0.6786512105        13.4244556346
        1.5855942000         3.7000000000         1.8738279684         0.7347925146        13.9563542284
        1.5906437000         3.7000000000         1.8457523730         0.7883819412        13.2249936619
        1.5955979000         3.7000000000         1.8661709878         0.8445232453        13.7568922557
        1.6006788000         3.7000000000         1.8661709878         0.8981126720        13.7568922557
        1.6056671000         3.7000000000         1.8661709878         0.9517020986        13.7568922557
        1.6106026000         3.7000000000         1.8508570267         0.9899802605        13.3579683104
        1.6156621000         3.7000000000         1.8457523730         1.0461215646        13.2249936619
        1.6213245000         3.7000000000         1.8483046998         1.0895034814        13.2914809862
        1.6255920000         3.7000000000         1.8508570267         1.1379891531        13.3579683104
        1.6306625000         3.7000000000         1.8942465832         1.1992342121        14.4882528222
        1.6357128000         3.7000000000         1.8457523730         1.2375123740        13.2249936619
        1.6406140000         3.7000000000         1.8534093535         1.2962055556        13.4244556346
        1.6456221000         3.7000000000         1.8508570267         1.3497949822        13.3579683104
        1.6506045000         3.7000000000         1.8585140073         1.3982806539        13.5574302831
        1.6556533000         3.7000000000         1.8508570267         1.4518700806        13.3579683104
        1.6606592000         3.7000000000         1.8585140073         1.5029076297        13.5574302831
        1.6656419000         3.7000000000         1.8585140073         1.5564970564        13.5574302831
        1.6706180000         3.7000000000         1.8457523730         1.5947752183        13.2249936619
        1.6756353000         3.7000000000         1.8610663341         1.6585721547        13.6239176073
        1.6806531000         3.7000000000         1.8661709878         1.7070578265        13.7568922557
        1.6856461000         3.7000000000         1.8559616804         1.7606472531        13.4909429588
        1.6904921000         3.7000000000         1.8559616804         1.8040291699        13.4909429588
        1.6954637000         3.7000000000         1.8483046998         1.8499629642        13.2914809862
        1.7004763000         3.7000000000         1.8636186610         1.9061042683        13.6904049315
        1.7056581000         3.7000000000         1.8559616804         1.9622455724        13.4909429588
        1.7104259000         3.7000000000         1.8508570267         2.0030756117        13.3579683104
        1.7156386000         3.7000000000         1.8687233147         2.0668725482        13.8233795800
        1.7206380000         3.7000000000         1.8585140073         2.1128063424        13.5574302831
        1.7255926000         3.7000000000         1.8636186610         2.1638438916        13.6904049315
        1.7306352000         3.7000000000         1.8483046998         2.2148814408        13.2914809862
        1.7356303000         3.7000000000         1.8712756415         2.2735746224        13.8898669042
        1.7406555000         3.7000000000         1.8457523730         2.3144046617        13.2249936619
        1.7456615000         3.7000000000         1.8636186610         2.3756497207        13.6904049315
        1.7506253000         3.7000000000         1.8585140073         2.4266872699        13.5574302831
        1.7555818000         3.7000000000         1.8610663341         2.4777248191        13.6239176073
        1.7606335000         3.7000000000         1.8610663341         2.5415217556        13.6239176073
        1.7655699000         3.7000000000         1.8457523730         2.5797999174        13.2249936619
        1.7706230000         3.7000000000         1.9019035638         2.6435968539        14.6877147949
        1.7756288000         3.7000000000         1.8508570267         2.6869787707        13.3579683104
        1.7806192000         3.7000000000         1.8559616804         2.7405681974        13.4909429588
        1.7856252000         3.7000000000         1.8508570267         2.7839501142        13.3579683104
        1.7906178000         3.7000000000         1.8687233147         2.8502989281        13.8233795800
        1.7956269000         3.7000000000         1.8508570267         2.8911289674        13.3579683104
        1.8006459000         3.7000000000         1.8559616804         2.9523740265        13.4909429588
        1.8055912000         3.7000000000         1.8559616804         2.9957559433        13.4909429588
        1.8106017000         3.7000000000         1.8508570267         3.0544491248        13.3579683104
        1.8157119000         3.7000000000         1.8610663341         3.1054866740        13.6239176073
        1.8206287000         3.7000000000         1.8636186610         3.1616279781        13.6904049315
        1.8264115000         3.7000000000         1.8508570267         3.2024580174        13.3579683104
        1.8304378000         3.7000000000         1.8585140073         3.2611511990        13.5574302831
        1.8357702000         3.7000000000         1.8559616804         3.3096368707        13.4909429588
        1.8405438000         3.7000000000         1.8508570267         3.3581225424        13.3579683104
        1.8455229000         3.7000000000         1.8508570267         3.4117119691        13.3579683104
        1.8505180000         3.7000000000         1.8508570267         3.4704051506        13.3579683104
        1.8555125000         3.7000000000         1.8559616804         3.5188908224        13.4909429588
        1.8605473000         3.7000000000         1.8636186610         3.5775840039        13.6904049315
        1.8655681000         3.7000000000         1.8636186610         3.6235177982        13.6904049315
        1.8705184000         3.7000000000         1.8534093535         3.6745553474        13.4244556346
        1.8755058000         3.7000000000         1.8585140073         3.7230410191        13.5574302831
        1.8805741000         3.7000000000         1.8687233147         3.7842860781        13.8233795800
        1.8855058000         3.7000000000         1.8534093535         3.8327717498        13.4244556346
        1.8905457000         3.7000000000         1.8789326221         3.8914649314        14.0893288769
        1.8955216000         3.7000000000         1.8508570267         3.9373987256        13.3579683104
        1.9005941000         3.7000000000         1.8636186610         3.9858843974        13.6904049315
        1.9055275000         3.7000000000         1.8585140073         4.0496813338        13.5574302831
        1.9104658000         3.7000000000         1.8534093535         4.0981670056        13.4244556346
        1.9156471000         3.7000000000         1.8636186610         4.1492045547        13.6904049315
        1.9206281000         3.7000000000         1.8636186610         4.1976902265        13.6904049315
        1.9257610000         3.7000000000         1.8534093535         4.2538315306        13.4244556346
        1.9305521000         3.7000000000         1.8457523730         4.2997653248        13.2249936619
        1.9354563000         3.7000000000         1.8738279684         4.3584585064        13.9563542284
        1.9404896000         3.7000000000         1.8559616804         4.4197035654        13.4909429588
        1.9454758000         3.7000000000         1.8559616804         4.4630854822        13.4909429588
        1.9504709000         3.7000000000         1.8738279684         4.5268824187        13.9563542284
        1.9555520000         3.7000000000         1.8610663341         4.5728162129        13.6239176073
        1.9605179000         3.7000000000         1.8534093535         4.6264056396        13.4244556346
        1.9654663000         3.7000000000         1.8610663341         4.6774431887        13.6239176073
        1.9704655000         3.7000000000         1.8534093535         4.7310326154        13.4244556346
        1.9754358000         3.7000000000         1.8559616804         4.7871739195        13.4909429588
        1.9805024000         3.7000000000         1.8585140073         4.8509708560        13.5574302831
        1.9854400000         3.7000000000         1.8636186610         4.9147677924        13.6904049315
        1.9904940000         3.7000000000         1.8610663341         4.9530459543        13.6239176073
        1.9954032000         3.7000000000         1.8380953924         4.9989797486        13.0255316893
        2.0005187000         3.7000000000         1.8687233147         5.0091872584        13.8233795800
        2.0054124000         3.7000000000         1.8585140073         5.0015316260        13.5574302831
        2.0105017000         3.7000000000         1.8508570267         1.0971591138        13.3579683104
        2.0154938000         3.7000000000         1.8763802953         0.0075074388        14.0228415527
        2.0204663000         3.7000000000         1.8534093535         0.0024036839        13.4244556346
        2.0254474000         3.7000000000         1.8814849490         0.0228187035        14.1558162011
        2.0304667000         3.7000000000         1.8559616804         0.0789600076        13.4909429588
        2.0355701000         3.7000000000         1.8712756415         0.1325494343        13.8898669042
        2.0405635000         3.7000000000         1.8483046998         0.1810351060        13.2914809862
        2.0455591000         3.7000000000         1.8661709878         0.2397282875        13.7568922557
        2.0505996000         3.7000000000         1.8712756415         0.3009733466        13.8898669042
        2.0554509000         3.7000000000         1.8610663341         0.3494590183        13.6239176073
        2.0605079000         3.7000000000         1.8738279684         0.4132559548        13.9563542284
        2.0655569000         3.7000000000         1.8610663341         0.4642935039        13.6239176073
        2.0705027000         3.7000000000         1.8661709878         0.5051235433        13.7568922557
        2.0755251000         3.7000000000         1.8534093535         0.5587129699        13.4244556346
        2.0805594000         3.7000000000         1.8636186610         0.6225099064        13.6904049315
        2.0855854000         3.7000000000         1.8636186610         0.6735474556        13.6904049315
        2.0905157000         3.7000000000         1.8661709878         0.7245850047        13.7568922557
        2.0954368000         3.7000000000         1.8534093535         0.7832781863        13.4244556346
        2.1004310000         3.7000000000         1.8814849490         0.8368676129        14.1558162011
        2.1054538000         3.7000000000         1.8610663341         0.8879051621        13.6239176073
        2.1104863000         3.7000000000         1.8534093535         0.9363908338        13.4244556346
        2.1155653000         3.7000000000         1.8661709878         0.9848765056        13.7568922557
        2.1204624000         3.7000000000         1.8432000461         1.0384659322        13.1585063377
        2.1254906000         3.7000000000         1.8457523730         1.0946072363        13.2249936619
        2.1305221000         3.7000000000         1.8534093535         1.1533004179        13.4244556346
        2.1355019000         3.7000000000         1.8585140073         1.1915785797        13.5574302831
        2.1405328000         3.7000000000         1.8585140073         1.2502717613        13.5574302831
        2.1455149000         3.7000000000         1.8457523730         1.2885499232        13.2249936619
        2.1504981000         3.7000000000         1.8585140073         1.3472431047        13.5574302831
        2.1555059000         3.7000000000         1.8559616804         1.3957287765        13.4909429588
        2.1605189000         3.7000000000         1.8585140073         1.4544219580        13.5574302831
        2.1654604000         3.7000000000         1.8559616804         1.4978038748        13.4909429588
        2.1704945000         3.7000000000         1.8636186610         1.5564970564        13.6904049315
        2.1754870000         3.7000000000         1.8483046998         1.6024308506        13.2914809862
        2.1804892000         3.7000000000         1.8585140073         1.6509165224        13.5574302831
        2.1854859000         3.7000000000         1.8610663341         1.7096097039        13.6239176073
        2.1906588000         3.7000000000         1.8534093535         1.7555434982        13.4244556346
        2.1954570000         3.7000000000         1.8559616804         1.8065810474        13.4909429588
        2.2005428000         3.7000000000         1.8585140073         1.8550667191        13.5574302831
        2.2055120000         3.7000000000         1.8457523730         1.8984486359        13.2249936619
        2.2105619000         3.7000000000         1.8508570267         1.9545899400        13.3579683104
        2.2155479000         3.7000000000         1.8585140073         2.0081793666        13.5574302831
        2.2206620000         3.7000000000         1.8610663341         2.0668725482        13.6239176073
        2.2254978000         3.7000000000         1.8636186610         2.1102544650        13.6904049315
        2.2304060000         3.7000000000         1.8661709878         2.1689476465        13.7568922557
        2.2354477000         3.7000000000         1.8508570267         2.2174333183        13.3579683104
        2.2405807000         3.7000000000         1.8661709878         2.2659189900        13.7568922557
        2.2455882000         3.7000000000         1.8380953924         2.3169565392        13.0255316893
        2.2505552000         3.7000000000         1.8534093535         2.3730978433        13.4244556346
        2.2554693000         3.7000000000         1.8610663341         2.4317910248        13.6239176073
        2.2608659000         3.7000000000         1.8559616804         2.4751729416        13.4909429588
        2.2654939000         3.7000000000         1.8610663341         2.5364180006        13.6239176073
        2.2705289000         3.7000000000         1.8534093535         2.5772480400        13.4244556346
        2.2755098000         3.7000000000         1.8661709878         2.6435968539        13.7568922557
        2.2804984000         3.7000000000         1.8559616804         2.6946344031        13.4909429588
        2.2855665000         3.7000000000         1.8585140073         2.7329125650        13.5574302831
        2.2904765000         3.7000000000         1.8483046998         2.7916057465        13.2914809862
        2.2955116000         3.7000000000         1.8763802953         2.8502989281        14.0228415527
        2.3005627000         3.7000000000         1.8559616804         2.8936808449        13.4909429588
        2.3054944000         3.7000000000         1.8559616804         2.9498221490        13.4909429588
        2.3104625000         3.7000000000         1.8559616804         3.0008596982        13.4909429588
        2.3155734000         3.7000000000         1.8585140073         3.0518972474        13.5574302831
        2.3205249000         3.7000000000         1.8636186610         3.1080385515        13.6904049315
        2.3255026000         3.7000000000         1.8636186610         3.1616279781        13.6904049315
        2.3305055000         3.7000000000         1.8457523730         3.2024580174        13.2249936619
        2.3355074000         3.7000000000         1.8661709878         3.2662549539        13.7568922557
        2.3405147000         3.7000000000         1.8610663341         3.3121887482        13.6239176073
        2.3455128000         3.7000000000         1.8534093535         3.3683300523        13.4244556346
        2.3504655000         3.7000000000         1.8559616804         3.4117119691        13.4909429588
        2.3555453000         3.7000000000         1.8636186610         3.4755089056        13.6904049315
        2.3605285000         3.7000000000         1.8534093535         3.5214426998        13.4244556346
        2.3655458000         3.7000000000         1.8661709878         3.5801358814        13.7568922557
        2.3705350000         3.7000000000         1.8661709878         3.6311734306        13.7568922557
        2.3755195000         3.7000000000         1.8559616804         3.6771072248        13.4909429588
        2.3805742000         3.7000000000         1.8712756415         3.7358004064        13.8898669042
        2.3854457000         3.7000000000         1.8534093535         3.7740785683        13.4244556346
        2.3905209000         3.7000000000         1.8559616804         3.8302198724        13.4909429588
        2.3955473000         3.7000000000         1.8534093535         3.8761536666        13.4244556346
        2.4004206000         3.7000000000         1.8610663341         3.9373987256        13.6239176073
        2.4055843000         3.7000000000         1.8559616804         3.9909881523        13.4909429588
        2.4106356000         3.7000000000         1.8712756415         4.0496813338        13.8898669042
        2.4156425000         3.7000000000         1.8712756415         4.1032707605        13.8898669042
        2.4206217000         3.7000000000         1.8585140073         4.1441007998        13.5574302831
        2.4256079000         3.7000000000         1.8585140073         4.2027939814        13.5574302831
        2.4306018000         3.7000000000         1.8636186610         4.2589352855        13.6904049315
        2.4355629000         3.7000000000         1.8661709878         4.3150765896        13.7568922557
        2.4406393000         3.7000000000         1.8687233147         4.3635622613        13.8233795800
        2.4456607000         3.7000000000         1.8508570267         4.4171516879        13.3579683104
        2.4506438000         3.7000000000         1.8865896027         4.4758448695        14.2887908496
        2.4555084000         3.7000000000         1.8508570267         4.5192267863        13.3579683104
        2.4605081000         3.7000000000         1.8585140073         4.5753680904        13.5574302831
        2.4656588000         3.7000000000         1.8967989101         4.6315093945        14.5547401465
        2.4706829000         3.7000000000         1.8559616804         4.6876506986        13.4909429588
        2.4756592000         3.7000000000         1.8738279684         4.7488957576        13.9563542284
        2.4806424000         3.7000000000         1.8712756415         4.8075889392        13.8898669042
        2.4856457000         3.7000000000         1.8712756415         4.8637302433        13.8898669042
        2.4906350000         3.7000000000         1.8534093535         4.9147677924        13.4244556346
        2.4956130000         3.7000000000         1.8687233147         4.9683572191        13.8233795800
        2.5005770000         3.7000000000         1.8610663341         5.0066353810        13.6239176073
        2.5056572000         3.7000000000         1.8559616804         5.0117391359        13.4909429588
        2.5106649000         3.7000000000         1.8661709878         5.0091872584        13.7568922557
        2.5154360000         3.7000000000         1.8636186610         1.1048147461        13.6904049315
        2.5205737000         3.7000000000         1.8712756415         0.0024036839        13.8898669042
        2.5255671000         3.7000000000         1.8534093535        -0.0027000711        13.4244556346
        2.5305927000         3.7000000000         1.8763802953         0.0381299683        14.0228415527
        2.5354880000         3.7000000000         1.8585140073         0.0866156400        13.5574302831
        2.5405927000         3.7000000000         1.8738279684         0.1453088216        13.9563542284
        2.5456080000         3.7000000000         1.8585140073         0.2040020031        13.5574302831
        2.5505293000         3.7000000000         1.8738279684         0.2575914298        13.9563542284
        2.5554842000         3.7000000000         1.8610663341         0.3086289789        13.6239176073
        2.5605054000         3.7000000000         1.8738279684         0.3622184056        13.9563542284
        2.5655053000         3.7000000000         1.8534093535         0.4107040773        13.4244556346
        2.5705896000         3.7000000000         1.8610663341         0.4745010138        13.6239176073
        2.5755983000         3.7000000000         1.8610663341         0.5229866855        13.6239176073
        2.5806501000         3.7000000000         1.8508570267         0.5740242347        13.3579683104
        2.5855802000         3.7000000000         1.8687233147         0.6378211711        13.8233795800
        2.5905858000         3.7000000000         1.8738279684         0.6888587203        13.9563542284
        2.5956142000         3.7000000000         1.8661709878         0.7347925146        13.7568922557
        2.6005471000         3.7000000000         1.8534093535         0.7960375736        13.4244556346
        2.6055096000         3.7000000000         1.8661709878         0.8470751228        13.7568922557
        2.6106091000         3.7000000000         1.8610663341         0.9006645494        13.6239176073
        2.6157021000         3.7000000000         1.8559616804         0.9517020986        13.4909429588
        2.6206521000         3.7000000000         1.8559616804         0.9976358929        13.4909429588
        2.6255065000         3.7000000000         1.8559616804         1.0512253195        13.4909429588
        2.6305741000         3.7000000000         1.8738279684         1.1073666236        13.9563542284
        2.6355861000         3.7000000000         1.8636186610         1.1609560502        13.6904049315
        2.6406081000         3.7000000000         1.8585140073         1.2068898445        13.5574302831
        2.6455846000         3.7000000000         1.8585140073         1.2553755162        13.5574302831
        2.6506549000         3.7000000000         1.8483046998         1.3064130654        13.2914809862
        2.6556840000         3.7000000000         1.8585140073         1.3574506146        13.5574302831
        2.6605812000         3.7000000000         1.8559616804         1.4110400412        13.4909429588
        2.6654722000         3.7000000000         1.8559616804         1.4620775904        13.4909429588
        2.6705600000         3.7000000000         1.8661709878         1.5182188945        13.7568922557
        2.6756102000         3.7000000000         1.8610663341         1.5718083211        13.6239176073
        2.6805924000         3.7000000000         1.8457523730         1.6100864830        13.2249936619
        2.6856068000         3.7000000000         1.8636186610         1.6713315420        13.6904049315
        2.6906287000         3.7000000000         1.8534093535         1.7172653363        13.4244556346
        2.6956206000         3.7000000000         1.8585140073         1.7657510080        13.5574302831
        2.7006213000         3.7000000000         1.8559616804         1.8167885572        13.4909429588
        2.7056300000         3.7000000000         1.8636186610         1.8678261064        13.6904049315
        2.7106442000         3.7000000000         1.8585140073         1.9214155330        13.5574302831
        2.7155178000         3.7000000000         1.8534093535         1.9699012047        13.4244556346
        2.7206024000         3.7000000000         1.8712756415         2.0311462638        13.8898669042
        2.7255464000         3.7000000000         1.8508570267         2.0694244256        13.3579683104
        2.7306476000         3.7000000000         1.8585140073         2.1179100974        13.5574302831
        2.7355799000         3.7000000000         1.8585140073         2.1766032789        13.5574302831
        2.7406734000         3.7000000000         1.8661709878         2.2378483379        13.7568922557
        2.7455130000         3.7000000000         1.8661709878         2.2837821322        13.7568922557
        2.7505424000         3.7000000000         1.8585140073         2.3297159265        13.5574302831
        2.7555874000         3.7000000000         1.8687233147         2.3935128629        13.8233795800
        2.7604675000         3.7000000000         1.8483046998         2.4394466572        13.2914809862
        2.7654547000         3.7000000000         1.8687233147         2.4955879613        13.8233795800
        2.7706153000         3.7000000000         1.8483046998         2.5466255105        13.2914809862
        2.7755509000         3.7000000000         1.8687233147         2.6078705695        13.8233795800
        2.7806597000         3.7000000000         1.8585140073         2.6487006088        13.5574302831
        2.7855680000         3.7000000000         1.8483046998         2.7022900355        13.2914809862
        2.7904778000         3.7000000000         1.8534093535         2.7558794621        13.4244556346
        2.7955295000         3.7000000000         1.8534093535         2.8069170113        13.4244556346
        2.8006709000         3.7000000000         1.8687233147         2.8605064379        13.8233795800
        2.8056489000         3.7000000000         1.8432000461         2.9064402322        13.1585063377
        2.8106792000         3.7000000000         1.8585140073         2.9651334138        13.5574302831
        2.8154442000         3.7000000000         1.8534093535         3.0187228404        13.4244556346
        2.8205584000         3.7000000000         1.8585140073         3.0646566347        13.5574302831
        2.8255497000         3.7000000000         1.8559616804         3.1284535711        13.4909429588
        2.8305528000         3.7000000000         1.8534093535         3.1718354879        13.4244556346
        2.8356574000         3.7000000000         1.8432000461         3.2177692822        13.1585063377
        2.8405861000         3.7000000000         1.8712756415         3.2841180961        13.8898669042
        2.8456707000         3.7000000000         1.8534093535         3.3300518904        13.4244556346
        2.8505367000         3.7000000000         1.8636186610         3.3785375621        13.6904049315
        2.8556343000         3.7000000000         1.8636186610         3.4346788662        13.6904049315
        2.8605141000         3.7000000000         1.8585140073         3.4908201703        13.5574302831
        2.8654338000         3.7000000000         1.8534093535         3.5342020871        13.4244556346
        2.8706731000         3.7000000000         1.8712756415         3.5903433912        13.8898669042
        2.8755897000         3.7000000000         1.8661709878         3.6464846953        13.7568922557
        2.8804991000         3.7000000000         1.8661709878         3.7051778769        13.7568922557
        2.8856393000         3.7000000000         1.8610663341         3.7434560388        13.6239176073
        2.8905259000         3.7000000000         1.8687233147         3.8021492203        13.8233795800
        2.8956311000         3.7000000000         1.8661709878         3.8455311371        13.7568922557
        2.9004982000         3.7000000000         1.8636186610         3.9144318285        13.6904049315
        2.9055936000         3.7000000000         1.8661709878         3.9578137453        13.7568922557
        2.9104810000         3.7000000000         1.8763802953         4.0165069269        14.0228415527
        2.9154921000         3.7000000000         1.8610663341         4.0675444760        13.6239176073
        2.9206824000         3.7000000000         1.8636186610         4.1185820252        13.6904049315
        2.9255577000         3.7000000000         1.8687233147         4.1696195744        13.8233795800
        2.9306344000         3.7000000000         1.8687233147         4.2232090010        13.8233795800
        2.9355850000         3.7000000000         1.8636186610         4.2793503051        13.6904049315
        2.9406738000         3.7000000000         1.8636186610         4.3303878543        13.6904049315
        2.9456097000         3.7000000000         1.8712756415         4.3890810359        13.8898669042
        2.9505971000         3.7000000000         1.8585140073         4.4401185851        13.5574302831
        2.9556013000         3.7000000000         1.8814849490         4.4860523793        14.1558162011
        2.9605895000         3.7000000000         1.8636186610         4.5447455609        13.6904049315
        2.9654950000         3.7000000000         1.8661709878         4.5983349875        13.7568922557
        2.9705395000         3.7000000000         1.8585140073         4.6595800465        13.5574302831
        2.9756053000         3.7000000000         1.8763802953         4.7182732281        14.0228415527
        2.9804618000         3.7000000000         1.8636186610         4.7667588998        13.6904049315
        2.9855852000         3.7000000000         1.8508570267         4.8177964490        13.3579683104
        2.9905324000         3.7000000000         1.8534093535         4.8713858756        13.4244556346
        2.9955972000         3.7000000000         1.8712756415         4.9351828121        13.8898669042
        3.0006938000         3.7000000000         1.8636186610         4.9887722387        13.6904049315
        3.0056704000         3.7000000000         1.8585140073         5.0117391359        13.5574302831
        3.0106884000         3.7000000000         1.8610663341         4.9989797486        13.6239176073
        3.0156730000         3.7000000000         1.8534093535         1.1124703785        13.4244556346
        3.0206073000         3.7000000000         1.8712756415         0.0049555613        13.8898669042
        3.0256639000         3.7000000000         1.8789326221         0.0075074388        14.0893288769
        3.0306611000         3.7000000000         1.8636186610        -0.0027000711        13.6904049315
        3.0356652000         3.7000000000         1.8610663341         0.0508893556        13.6239176073
        3.0406390000         3.7000000000         1.8712756415         0.1070306597        13.8898669042
        3.0456586000         3.7000000000         1.8661709878         0.1682757187        13.7568922557
        3.0506525000         3.7000000000         1.8967989101         0.2142095129        14.5547401465
        3.0556681000         3.7000000000         1.8610663341         0.2754545720        13.6239176073
        3.0605209000         3.7000000000         1.8610663341         0.3366996310        13.6239176073
        3.0654866000         3.7000000000         1.8687233147         0.3775296703        13.8233795800
        3.0705535000         3.7000000000         1.8585140073         0.4362228519        13.5574302831
        3.0757136000         3.7000000000         1.8687233147         0.4923641560        13.8233795800
        3.0805721000         3.7000000000         1.8687233147         0.5434017052        13.8233795800
        3.0855435000         3.7000000000         1.8636186610         0.5995430093        13.6904049315
        3.0904832000         3.7000000000         1.8636186610         0.6480286810        13.6904049315
        3.0955398000         3.7000000000         1.8636186610         0.7041699851        13.6904049315
        3.1005741000         3.7000000000         1.8712756415         0.7654150441        13.8898669042
        3.1055242000         3.7000000000         1.8814849490         0.8215563482        14.1558162011
        3.1105233000         3.7000000000         1.8636186610         0.8674901425        13.6904049315
        3.1155246000         3.7000000000         1.8534093535         0.9210795691        13.4244556346
        3.1206385000         3.7000000000         1.8712756415         0.9695652408        13.8898669042
        3.1254224000         3.7000000000         1.8687233147         1.0257065449        13.8233795800
        3.1306398000         3.7000000000         1.8483046998         1.0843997265        13.2914809862
        3.1356299000         3.7000000000         1.8559616804         1.1201260109        13.4909429588
        3.1405985000         3.7000000000         1.8687233147         1.1788191925        13.8233795800
        3.1456076000         3.7000000000         1.8534093535         1.2273048642        13.4244556346
        3.1506281000         3.7000000000         1.8406477193         1.2706867810        13.0920190135
        3.1556335000         3.7000000000         1.8661709878         1.3293799625        13.7568922557
        3.1606390000         3.7000000000         1.8534093535         1.3804175117        13.4244556346
        3.1654862000         3.7000000000         1.8483046998         1.4263513060        13.2914809862
        3.1705335000         3.7000000000         1.8559616804         1.4850444875        13.4909429588
        3.1756429000         3.7000000000         1.8712756415         1.5386339142        13.8898669042
        3.1804765000         3.7000000000         1.8534093535         1.5871195859        13.4244556346
        3.1856042000         3.7000000000         1.8636186610         1.6458127674        13.6904049315
        3.1904674000         3.7000000000         1.8712756415         1.6891946843        13.8898669042
        3.1955199000         3.7000000000         1.8585140073         1.7478878658        13.5574302831
        3.2005324000         3.7000000000         1.8534093535         1.7963735375        13.4244556346
        3.2056657000         3.7000000000         1.8636186610         1.8423073318        13.6904049315
        3.2105328000         3.7000000000         1.8763802953         1.9010005134        14.0228415527
        3.2155520000         3.7000000000         1.8508570267         1.9392786752        13.3579683104
        3.2206652000         3.7000000000         1.8534093535         1.9954199793        13.4244556346
        3.2256855000         3.7000000000         1.8661709878         2.0490094060        13.7568922557
        3.2305231000         3.7000000000         1.8585140073         2.1077025875        13.5574302831
        3.2355380000         3.7000000000         1.8636186610         2.1561882593        13.6904049315
        3.2405514000         3.7000000000         1.8636186610         2.2046739310        13.6904049315
        3.2456485000         3.7000000000         1.8738279684         2.2557114802        13.9563542284
        3.2506019000         3.7000000000         1.8610663341         2.3169565392        13.6239176073
        3.2556580000         3.7000000000         1.8457523730         2.3577865785        13.2249936619
        3.2607140000         3.7000000000         1.8712756415         2.4139278826        13.8898669042
        3.2655183000         3.7000000000         1.8483046998         2.4675173092        13.2914809862
        3.2705512000         3.7000000000         1.8585140073         2.5236586133        13.5574302831
        3.2756615000         3.7000000000         1.8559616804         2.5772480400        13.4909429588
        3.2805337000         3.7000000000         1.8687233147         2.6308374666        13.8233795800
        3.2855610000         3.7000000000         1.8636186610         2.6844268933        13.6904049315
        3.2904472000         3.7000000000         1.8585140073         2.7278088101        13.5574302831
        3.2955763000         3.7000000000         1.8534093535         2.7839501142        13.4244556346
        3.3004835000         3.7000000000         1.8636186610         2.8375395408        13.6904049315
        3.3055797000         3.7000000000         1.8610663341         2.8885770900        13.6239176073
        3.3105024000         3.7000000000         1.8610663341         2.9472702715        13.6239176073
        3.3154871000         3.7000000000         1.8585140073         2.9881003109        13.5574302831
        3.3206507000         3.7000000000         1.8585140073         3.0467934924        13.5574302831
        3.3256418000         3.7000000000         1.8661709878         3.1054866740        13.7568922557
        3.3306286000         3.7000000000         1.8661709878         3.1514204683        13.7568922557
        3.3356823000         3.7000000000         1.8559616804         3.2050098949        13.4909429588
        3.3405968000         3.7000000000         1.8559616804         3.2509436892        13.4909429588
        3.3456246000         3.7000000000         1.8610663341         3.3070849933        13.6239176073
        3.3505707000         3.7000000000         1.8610663341         3.3581225424        13.6239176073
        3.3556335000         3.7000000000         1.8763802953         3.4193676015        14.0228415527
        3.3605727000         3.7000000000         1.8559616804         3.4601976408        13.4909429588
        3.3655177000         3.7000000000         1.8585140073         3.5163389449        13.5574302831
        3.3706142000         3.7000000000         1.8763802953         3.5750321265        14.0228415527
        3.3755312000         3.7000000000         1.8636186610         3.6235177982        13.6904049315
        3.3805933000         3.7000000000         1.8661709878         3.6822109797        13.7568922557
        3.3854754000         3.7000000000         1.8687233147         3.7383522838        13.8233795800
        3.3905685000         3.7000000000         1.8712756415         3.7766304457        13.8898669042
        3.3954821000         3.7000000000         1.8610663341         3.8353236273        13.6239176073
        3.4005015000         3.7000000000         1.8687233147         3.8940168088        13.8233795800
        3.4056846000         3.7000000000         1.8661709878         3.9450543580        13.7568922557
        3.4106849000         3.7000000000         1.8636186610         3.9858843974        13.6904049315
        3.4154544000         3.7000000000         1.8610663341         4.0471294564        13.6239176073
        3.4206413000         3.7000000000         1.8585140073         4.0956151281        13.5574302831
        3.4254669000         3.7000000000         1.8712756415         4.1517564322        13.8898669042
        3.4304951000         3.7000000000         1.8712756415         4.2078977363        13.8898669042
        3.4355163000         3.7000000000         1.8610663341         4.2563834080        13.6239176073
        3.4405870000         3.7000000000         1.8738279684         4.3176284670        13.9563542284
        3.4455476000         3.7000000000         1.8763802953         4.3737697711        14.0228415527
        3.4505721000         3.7000000000         1.8457523730         4.4171516879        13.2249936619
        3.4555134000         3.7000000000         1.8865896027         4.4835005019        14.2887908496
        3.4606388000         3.7000000000         1.8585140073         4.5319861736        13.5574302831
        3.4655265000         3.7000000000         1.8636186610         4.5855756002        13.6904049315
        3.4705339000         3.7000000000         1.8738279684         4.6468206592        13.9563542284
        3.4755738000         3.7000000000         1.8636186610         4.6902025760        13.6904049315
        3.4805351000         3.7000000000         1.8610663341         4.7539995125        13.6239176073
        3.4856004000         3.7000000000         1.8559616804         4.7999333068        13.4909429588
        3.4906659000         3.7000000000         1.8712756415         4.8637302433        13.8898669042
        3.4957208000         3.7000000000         1.8661709878         4.9249753023        13.7568922557
        3.5006605000         3.7000000000         1.8610663341         4.9709090965        13.6239176073
        3.5055653000         3.7000000000         1.8687233147         5.0066353810        13.8233795800
        3.5106099000         3.7000000000         1.8763802953         5.0117391359        14.0228415527
        3.5156425000         3.7000000000         1.8610663341         1.1252297658        13.6239176073
        3.5206564000         3.7000000000         1.8636186610         1.0971591138        13.6904049315
        3.5256519000         3.7000000000         1.8712756415         0.0049555613        13.8898669042
        3.5306140000         3.7000000000         1.8661709878        -0.0052519485        13.7568922557
        3.5356363000         3.7000000000         1.8636186610         0.0457856007        13.6904049315
        3.5406043000         3.7000000000         1.8687233147         0.0968231498        13.8233795800
        3.5455556000         3.7000000000         1.8712756415         0.1478606990        13.8898669042
        3.5506732000         3.7000000000         1.8763802953         0.2116576355        14.0228415527
        3.5554357000         3.7000000000         1.8865896027         0.2626951847        14.2887908496
        3.5605735000         3.7000000000         1.8585140073         0.3162846113        13.5574302831
        3.5656506000         3.7000000000         1.8738279684         0.3724259154        13.9563542284
        3.5707285000         3.7000000000         1.8687233147         0.4336709744        13.8233795800
        3.5755366000         3.7000000000         1.8661709878         0.4847085236        13.7568922557
        3.5806914000         3.7000000000         1.8763802953         0.5408498277        14.0228415527
        3.5856030000         3.7000000000         1.8763802953         0.6046467642        14.0228415527
        3.5906259000         3.7000000000         1.8789326221         0.6582361908        14.0893288769
        3.5955572000         3.7000000000         1.8738279684         0.7092737400        13.9563542284
        3.6004807000         3.7000000000         1.8789326221         0.7654150441        14.0893288769
        3.6054733000         3.7000000000         1.8687233147         0.8190044707        13.8233795800
        3.6104746000         3.7000000000         1.8891419295         0.8649382650        14.3552781738
        3.6154826000         3.7000000000         1.8610663341         0.9210795691        13.6239176073
        3.6205618000         3.7000000000         1.8712756415         0.9721171183        13.8898669042
        3.6255365000         3.7000000000         1.8712756415         1.0359140547        13.8898669042
        3.6305412000         3.7000000000         1.8585140073         1.0792959716        13.5574302831
        3.6355469000         3.7000000000         1.8763802953         1.1379891531        14.0228415527
        3.6405058000         3.7000000000         1.8534093535         1.1813710699        13.4244556346
        3.6455305000         3.7000000000         1.8738279684         1.2349604965        13.9563542284
        3.6505354000         3.7000000000         1.8610663341         1.2859980457        13.6239176073
        3.6554757000         3.7000000000         1.8661709878         1.3370355949        13.7568922557
        3.6605219000         3.7000000000         1.8712756415         1.3982806539        13.8898669042
        3.6654629000         3.7000000000         1.8712756415         1.4416625707        13.8898669042
        3.6704698000         3.7000000000         1.8661709878         1.5003557523        13.7568922557
        3.6755268000         3.7000000000         1.8916942564         1.5462895465        14.4217654980
        3.6804757000         3.7000000000         1.8610663341         1.5973270957        13.6239176073
        3.6854514000         3.7000000000         1.8661709878         1.6432608900        13.7568922557
        3.6904865000         3.7000000000         1.8712756415         1.7045059490        13.8898669042
        3.6954633000         3.7000000000         1.8559616804         1.7555434982        13.4909429588
        3.7004721000         3.7000000000         1.8610663341         1.8040291699        13.6239176073
        3.7054542000         3.7000000000         1.8763802953         1.8627223515        14.0228415527
        3.7105342000         3.7000000000         1.8763802953         1.9163117781        14.0228415527
        3.7154839000         3.7000000000         1.8738279684         1.9647974498        13.9563542284
        3.7205373000         3.7000000000         1.8789326221         2.0132831215        14.0893288769
        3.7255763000         3.7000000000         1.8687233147         2.0719763031        13.8233795800
        3.7305457000         3.7000000000         1.8687233147         2.1179100974        13.8233795800
        3.7356183000         3.7000000000         1.8585140073         2.1638438916        13.5574302831
        3.7405857000         3.7000000000         1.8636186610         2.2225370732        13.6904049315
        3.7455878000         3.7000000000         1.8738279684         2.2761264998        13.9563542284
        3.7506883000         3.7000000000         1.8610663341         2.3348196814        13.6239176073
        3.7556728000         3.7000000000         1.8687233147         2.3782015982        13.8233795800
        3.7607981000         3.7000000000         1.8534093535         2.4317910248        13.4244556346
        3.7656770000         3.7000000000         1.8789326221         2.4981398388        14.0893288769
        3.7706280000         3.7000000000         1.8610663341         2.5466255105        13.6239176073
        3.7756320000         3.7000000000         1.8636186610         2.5976630597        13.6904049315
        3.7807412000         3.7000000000         1.8610663341         2.6512524863        13.6239176073
        3.7855511000         3.7000000000         1.8661709878         2.7022900355        13.7568922557
        3.7905864000         3.7000000000         1.8636186610         2.7584313396        13.6904049315
        3.7956111000         3.7000000000         1.8763802953         2.8145726437        14.0228415527
        3.8006685000         3.7000000000         1.8636186610         2.8605064379        13.6904049315
        3.8055129000         3.7000000000         1.8636186610         2.9191996195        13.6904049315
        3.8105375000         3.7000000000         1.8483046998         2.9651334138        13.2914809862
        3.8155202000         3.7000000000         1.8942465832         3.0314822277        14.4882528222
        3.8205749000         3.7000000000         1.8661709878         3.0799678994        13.7568922557
        3.8256415000         3.7000000000         1.8636186610         3.1207979388        13.6904049315
        3.8306306000         3.7000000000         1.8789326221         3.1794911203        14.0893288769
        3.8355441000         3.7000000000         1.8559616804         3.2279767920        13.4909429588
        3.8406544000         3.7000000000         1.8636186610         3.2866699736        13.6904049315
        3.8456321000         3.7000000000         1.8610663341         3.3377075228        13.6239176073
        3.8506516000         3.7000000000         1.8636186610         3.3912969494        13.6904049315
        3.8555981000         3.7000000000         1.8687233147         3.4423344986        13.8233795800
        3.8606676000         3.7000000000         1.8610663341         3.4959239252        13.6239176073
        3.8657422000         3.7000000000         1.8636186610         3.5444095970        13.6904049315
        3.8706073000         3.7000000000         1.8763802953         3.6107584109        14.0228415527
        3.8755849000         3.7000000000         1.8585140073         3.6541403277        13.5574302831
        3.8805362000         3.7000000000         1.8712756415         3.7077297543        13.8898669042
        3.8855532000         3.7000000000         1.8763802953         3.7664229359        14.0228415527
        3.8906718000         3.7000000000         1.8585140073         3.8123567301        13.5574302831
        3.8955760000         3.7000000000         1.8763802953         3.8659461568        14.0228415527
        3.9006061000         3.7000000000         1.8661709878         3.9118799510        13.7568922557
        3.9056465000         3.7000000000         1.8636186610         3.9731250101        13.6904049315
        3.9106577000         3.7000000000         1.8763802953         4.0267144367        14.0228415527
        3.9156325000         3.7000000000         1.8687233147         4.0879594957        13.8233795800
        3.9206467000         3.7000000000         1.8559616804         4.1415489224        13.4909429588
        3.9255010000         3.7000000000         1.8789326221         4.1951383490        14.0893288769
        3.9306445000         3.7000000000         1.8661709878         4.2436240207        13.7568922557
        3.9356523000         3.7000000000         1.8687233147         4.2997653248        13.8233795800
        3.9406594000         3.7000000000         1.8789326221         4.3508028740        14.0893288769
        3.9456827000         3.7000000000         1.8585140073         4.3967366683        13.5574302831
        3.9506468000         3.7000000000         1.8814849490         4.4630854822        14.1558162011
        3.9555750000         3.7000000000         1.8661709878         4.5141230314        13.7568922557
        3.9606513000         3.7000000000         1.8559616804         4.5626087031        13.4909429588
        3.9655483000         3.7000000000         1.8661709878         4.6238537621        13.7568922557
        3.9706513000         3.7000000000         1.8738279684         4.6774431887        13.9563542284
        3.9755396000         3.7000000000         1.8738279684         4.7335844928        13.9563542284
        3.9806222000         3.7000000000         1.8712756415         4.7948295519        13.8898669042
        3.9856102000         3.7000000000         1.8712756415         4.8407633461        13.8898669042
        3.9906434000         3.7000000000         1.8712756415         4.9045602826        13.8898669042
        3.9956686000         3.7000000000         1.8712756415         4.9607015867        13.8898669042
        4.0006447000         3.7000000000         1.8636186610         5.0066353810        13.6904049315
