% Sweep Step 115/200  Vcmd=3.4000V  CW 
% Vg_offset=1.338069V  K_gimbal=26.049690

Time[s]              Vcmd[V]              Vg_raw[V]            Pot[V]             Omega[rad/s]
        0.0023034000         3.4000000000         1.3403916554         4.3788735260         0.0605034650
        0.0055774000         3.4000000000         1.3429439823         4.3763216486         0.1269907893
        0.0107617000         3.4000000000         1.3378393285         4.3686660162        -0.0059838592
        0.0155775000         3.4000000000         1.3352870017         4.3712178937        -0.0724711834
        0.0205595000         3.4000000000         1.3633625971         4.3712178937         0.6588893831
        0.0256685000         3.4000000000         1.5598917651         4.3890810359         5.7784133485
        0.0305895000         3.4000000000         1.4884266131         4.4094960556         3.9167682702
        0.0355830000         3.4000000000         1.4807696325         4.4145998105         3.7173062975
        0.0406031000         3.4000000000         1.5267115159         4.4401185851         4.9140781336
        0.0455724000         3.4000000000         1.5522347845         4.4579817273         5.5789513759
        0.0506691000         3.4000000000         1.5292638428         4.4835005019         4.9805654578
        0.0558338000         3.4000000000         1.5777580530         4.5013636441         6.2438246181
        0.0605591000         3.4000000000         1.5573394382         4.5192267863         5.7119260243
        0.0655678000         3.4000000000         1.5471301308         4.5370899285         5.4459767274
        0.0705856000         3.4000000000         1.5854150336         4.5702643355         6.4432865908
        0.0755144000         3.4000000000         1.5956243410         4.5957831101         6.7092358877
        0.0804915000         3.4000000000         1.5752057262         4.6238537621         6.1773372939
        0.0855368000         3.4000000000         1.5981766679         4.6493725367         6.7757232119
        0.0906328000         3.4000000000         1.6007289948         4.6774431887         6.8422105362
        0.0954440000         3.4000000000         1.5981766679         4.7055138408         6.7757232119
        0.1004506000         3.4000000000         1.6160429559         4.7310326154         7.2411344815
        0.1054922000         3.4000000000         1.6160429559         4.7667588998         7.2411344815
        0.1104969000         3.4000000000         1.6134906290         4.7973814293         7.1746471573
        0.1155204000         3.4000000000         1.6339092439         4.8203483265         7.7065457511
        0.1205006000         3.4000000000         1.6185952828         4.8535227334         7.3076218058
        0.1255197000         3.4000000000         1.6160429559         4.8764896306         7.2411344815
        0.1305042000         3.4000000000         1.6313569170         4.9147677924         7.6400584269
        0.1354931000         3.4000000000         1.6262522633         4.9402865670         7.5070837784
        0.1404694000         3.4000000000         1.6415662245         4.9811166064         7.9060077238
        0.1454612000         3.4000000000         1.6441185513         4.9989797486         7.9724950480
        0.1505950000         3.4000000000         1.6313569170         5.0066353810         7.6400584269
        0.1555041000         3.4000000000         1.6543278587         5.0117391359         8.2384443449
        0.1604985000         3.4000000000         1.6466708782         5.0040835035         8.0389823722
        0.1654755000         3.4000000000         1.6441185513         5.0015316260         7.9724950480
        0.1704875000         3.4000000000         1.6492232050         1.1073666236         8.1054696965
        0.1755235000         3.4000000000         1.6645371662         1.0997109912         8.5043936418
        0.1806542000         3.4000000000         1.6517755319         0.0049555613         8.1719570207
        0.1854636000         3.4000000000         1.6466708782        -0.0001481936         8.0389823722
        0.1905877000         3.4000000000         1.6747464736        -0.0001481936         8.7703429387
        0.1954884000         3.4000000000         1.6517755319         0.0100593162         8.1719570207
        0.2005404000         3.4000000000         1.6670894930         0.0457856007         8.5708809661
        0.2054984000         3.4000000000         1.6645371662         0.0764081302         8.5043936418
        0.2104338000         3.4000000000         1.6824034542         0.1146862920         8.9698049114
        0.2156839000         3.4000000000         1.6721941467         0.1504125765         8.7038556145
        0.2205639000         3.4000000000         1.6619848393         0.1784832285         8.4379063176
        0.2257124000         3.4000000000         1.6900604347         0.2193132679         9.1692668841
        0.2304296000         3.4000000000         1.6747464736         0.2473839199         8.7703429387
        0.2354998000         3.4000000000         1.6875081079         0.2856620818         9.1027795599
        0.2405205000         3.4000000000         1.6696418199         0.3213883662         8.6373682903
        0.2455775000         3.4000000000         1.6824034542         0.3571146507         8.9698049114
        0.2504254000         3.4000000000         1.6696418199         0.3953928125         8.6373682903
        0.2555176000         3.4000000000         1.6824034542         0.4311190970         8.9698049114
        0.2605460000         3.4000000000         1.6951650884         0.4745010138         9.3022415326
        0.2654769000         3.4000000000         1.6977174153         0.5076754207         9.3687288568
        0.2705716000         3.4000000000         1.6772988005         0.5382979502         8.8368302630
        0.2755260000         3.4000000000         1.6977174153         0.5689204797         9.3687288568
        0.2805261000         3.4000000000         1.6798511273         0.6046467642         8.9033175872
        0.2855261000         3.4000000000         1.6977174153         0.6480286810         9.3687288568
        0.2904369000         3.4000000000         1.6824034542         0.6837549654         8.9698049114
        0.2955411000         3.4000000000         1.7002697422         0.7194812498         9.4352161810
        0.3006330000         3.4000000000         1.6824034542         0.7526556568         8.9698049114
        0.3055279000         3.4000000000         1.6977174153         0.7960375736         9.3687288568
        0.3105786000         3.4000000000         1.7079267227         0.8343157355         9.6346781537
        0.3155039000         3.4000000000         1.6875081079         0.8598345101         9.1027795599
        0.3206029000         3.4000000000         1.6824034542         0.8955607945         8.9698049114
        0.3257751000         3.4000000000         1.6951650884         0.9312870789         9.3022415326
        0.3305070000         3.4000000000         1.6875081079         0.9721171183         9.1027795599
        0.3355424000         3.4000000000         1.6849557810         1.0052915252         9.0362922356
        0.3406193000         3.4000000000         1.6721941467         1.0359140547         8.7038556145
        0.3455918000         3.4000000000         1.6926127616         1.0792959716         9.2357542083
        0.3505935000         3.4000000000         1.7079267227         1.1073666236         9.6346781537
        0.3555666000         3.4000000000         1.6798511273         1.1354372756         8.9033175872
        0.3606341000         3.4000000000         1.6951650884         1.1813710699         9.3022415326
        0.3655852000         3.4000000000         1.6824034542         1.2094417220         8.9698049114
        0.3705830000         3.4000000000         1.6900604347         1.2375123740         9.1692668841
        0.3756695000         3.4000000000         1.6824034542         1.2834461683         8.9698049114
        0.3804724000         3.4000000000         1.6926127616         1.3089649429         9.2357542083
        0.3856902000         3.4000000000         1.6926127616         1.3548987371         9.2357542083
        0.3907476000         3.4000000000         1.6977174153         1.3829693892         9.3687288568
        0.3956120000         3.4000000000         1.6798511273         1.4135919187         8.9033175872
        0.4006084000         3.4000000000         1.7002697422         1.4620775904         9.4352161810
        0.4056213000         3.4000000000         1.6747464736         1.4875963650         8.7703429387
        0.4107883000         3.4000000000         1.6951650884         1.5182188945         9.3022415326
        0.4155921000         3.4000000000         1.6951650884         1.5590489338         9.3022415326
        0.4207648000         3.4000000000         1.7104790496         1.5871195859         9.7011654779
        0.4256667000         3.4000000000         1.6926127616         1.6279496252         9.2357542083
        0.4305303000         3.4000000000         1.6977174153         1.6585721547         9.3687288568
        0.4355696000         3.4000000000         1.6824034542         1.6917465617         8.9698049114
        0.4406572000         3.4000000000         1.6977174153         1.7402322334         9.3687288568
        0.4456122000         3.4000000000         1.7028220690         1.7759585179         9.5017035052
        0.4506522000         3.4000000000         1.7028220690         1.8014772924         9.5017035052
        0.4556152000         3.4000000000         1.6951650884         1.8397554543         9.3022415326
        0.4607381000         3.4000000000         1.7053743959         1.8780336162         9.5681908295
        0.4655448000         3.4000000000         1.6977174153         1.9086561457         9.3687288568
        0.4706696000         3.4000000000         1.7002697422         1.9418305527         9.4352161810
        0.4756475000         3.4000000000         1.6875081079         1.9724530822         9.1027795599
        0.4806656000         3.4000000000         1.7232406839         2.0209387539        10.0336020990
        0.4855657000         3.4000000000         1.6926127616         2.0566650383         9.2357542083
        0.4906593000         3.4000000000         1.6849557810         2.0796319355         9.0362922356
        0.4955805000         3.4000000000         1.7155837033         2.1281176072         9.8341401264
        0.5005653000         3.4000000000         1.6951650884         2.1510845043         9.3022415326
        0.5055599000         3.4000000000         1.6926127616         2.1919145437         9.2357542083
        0.5105800000         3.4000000000         1.7079267227         2.2378483379         9.6346781537
        0.5156265000         3.4000000000         1.7002697422         2.2761264998         9.4352161810
        0.5205996000         3.4000000000         1.6900604347         2.3041971519         9.1692668841
        0.5255628000         3.4000000000         1.7028220690         2.3450271912         9.5017035052
        0.5305846000         3.4000000000         1.7002697422         2.3730978433         9.4352161810
        0.5355807000         3.4000000000         1.6900604347         2.4139278826         9.1692668841
        0.5405978000         3.4000000000         1.6977174153         2.4573097994         9.3687288568
        0.5456018000         3.4000000000         1.7155837033         2.4853804515         9.8341401264
        0.5505442000         3.4000000000         1.6926127616         2.5262104908         9.2357542083
        0.5555793000         3.4000000000         1.7079267227         2.5670405302         9.6346781537
        0.5606290000         3.4000000000         1.7079267227         2.5951111822         9.6346781537
        0.5656116000         3.4000000000         1.7181360302         2.6257337117         9.9006274506
        0.5707154000         3.4000000000         1.6900604347         2.6665637511         9.1692668841
        0.5756684000         3.4000000000         1.7130313764         2.7124975453         9.7676528021
        0.5805741000         3.4000000000         1.6977174153         2.7405681974         9.3687288568
        0.5855780000         3.4000000000         1.6951650884         2.7788463592         9.3022415326
        0.5905816000         3.4000000000         1.7002697422         2.8094688888         9.4352161810
        0.5957074000         3.4000000000         1.7053743959         2.8528508056         9.5681908295
        0.6005510000         3.4000000000         1.6849557810         2.8809214576         9.0362922356
        0.6055601000         3.4000000000         1.7053743959         2.9243033744         9.5681908295
        0.6105214000         3.4000000000         1.7002697422         2.9600296588         9.4352161810
        0.6155691000         3.4000000000         1.7053743959         2.9983078207         9.5681908295
        0.6205069000         3.4000000000         1.6875081079         3.0314822277         9.1027795599
        0.6256306000         3.4000000000         1.7028220690         3.0748641445         9.5017035052
        0.6304997000         3.4000000000         1.7002697422         3.1003829191         9.4352161810
        0.6355645000         3.4000000000         1.7206883570         3.1488685908         9.9671147748
        0.6405894000         3.4000000000         1.6977174153         3.1743873654         9.3687288568
        0.6455539000         3.4000000000         1.7130313764         3.2228730371         9.7676528021
        0.6505908000         3.4000000000         1.7104790496         3.2560474441         9.7011654779
        0.6555570000         3.4000000000         1.7079267227         3.2841180961         9.6346781537
        0.6605415000         3.4000000000         1.7053743959         3.3326037679         9.5681908295
        0.6656439000         3.4000000000         1.7181360302         3.3734338072         9.9006274506
        0.6705693000         3.4000000000         1.7130313764         3.4117119691         9.7676528021
        0.6755543000         3.4000000000         1.7053743959         3.4423344986         9.5681908295
        0.6805637000         3.4000000000         1.7104790496         3.4755089056         9.7011654779
        0.6855632000         3.4000000000         1.7028220690         3.5086833125         9.5017035052
        0.6905441000         3.4000000000         1.7079267227         3.5444095970         9.6346781537
        0.6955947000         3.4000000000         1.7079267227         3.5852396363         9.6346781537
        0.7005677000         3.4000000000         1.7155837033         3.6260696756         9.8341401264
        0.7055572000         3.4000000000         1.7053743959         3.6643478375         9.5681908295
        0.7106770000         3.4000000000         1.7155837033         3.7026259994         9.8341401264
        0.7156634000         3.4000000000         1.7002697422         3.7358004064         9.4352161810
        0.7204916000         3.4000000000         1.7181360302         3.7842860781         9.9006274506
        0.7255947000         3.4000000000         1.7079267227         3.8072529752         9.6346781537
        0.7305460000         3.4000000000         1.7257930107         3.8557386469        10.1000894233
        0.7355836000         3.4000000000         1.7130313764         3.8863611765         9.7676528021
        0.7405556000         3.4000000000         1.7079267227         3.9271912158         9.6346781537
        0.7455366000         3.4000000000         1.7079267227         3.9654693777         9.6346781537
        0.7506489000         3.4000000000         1.7232406839         3.9960919072        10.0336020990
        0.7562952000         3.4000000000         1.7130313764         4.0420257015         9.7676528021
        0.7604643000         3.4000000000         1.7002697422         4.0752001084         9.4352161810
        0.7657820000         3.4000000000         1.7130313764         4.1160301478         9.7676528021
        0.7706829000         3.4000000000         1.7283453376         4.1619639420        10.1665767475
        0.7759994000         3.4000000000         1.7053743959         4.1874827166         9.5681908295
        0.7807143000         3.4000000000         1.7181360302         4.2308646334         9.9006274506
        0.7858036000         3.4000000000         1.7130313764         4.2691427953         9.7676528021
        0.8330690000         3.4000000000         1.6951650884         4.6442687818         9.3022415326
        0.8338189000         3.4000000000         1.6977174153         4.6391650269         9.3687288568
        0.8343847000         3.4000000000         1.7028220690         4.6570281691         9.5017035052
        0.8349091000         3.4000000000         1.6900604347         4.6468206592         9.1692668841
        0.8364729000         3.4000000000         1.7079267227         4.6672356789         9.6346781537
        0.8372247000         3.4000000000         1.7053743959         4.6646838015         9.5681908295
        0.8380853000         3.4000000000         1.7232406839         4.6850988211        10.0336020990
        0.8390039000         3.4000000000         1.7206883570         4.6850988211         9.9671147748
        0.8395941000         3.4000000000         1.7232406839         4.6902025760        10.0336020990
        0.8402923000         3.4000000000         1.7155837033         4.6876506986         9.8341401264
        0.8410858000         3.4000000000         1.7155837033         4.7080657183         9.8341401264
        0.8511414000         3.4000000000         1.6875081079         4.7795182871         9.1027795599
        0.8520077000         3.4000000000         1.6977174153         4.7871739195         9.3687288568
        0.8556578000         3.4000000000         1.7104790496         4.8229002039         9.7011654779
        0.8610905000         3.4000000000         1.7079267227         4.8586264883         9.6346781537
        0.8657618000         3.4000000000         1.6900604347         4.8918008953         9.1692668841
        0.8708466000         3.4000000000         1.7130313764         4.9351828121         9.7676528021
        0.8759226000         3.4000000000         1.7079267227         4.9734609740         9.6346781537
        0.8807372000         3.4000000000         1.6926127616         5.0117391359         9.2357542083
        0.8858201000         3.4000000000         1.7104790496         5.0040835035         9.7011654779
        0.8907440000         3.4000000000         1.7155837033         5.0117391359         9.8341401264
        0.8956516000         3.4000000000         1.7028220690         5.0040835035         9.5017035052
        0.9005246000         3.4000000000         1.7079267227         1.0997109912         9.6346781537
        0.9056833000         3.4000000000         1.7079267227         0.0049555613         9.6346781537
        0.9105647000         3.4000000000         1.6977174153         0.0075074388         9.3687288568
        0.9155848000         3.4000000000         1.7053743959         0.0024036839         9.5681908295
        0.9206658000         3.4000000000         1.7206883570         0.0049555613         9.9671147748
        0.9255637000         3.4000000000         1.7053743959         0.0381299683         9.5681908295
        0.9305822000         3.4000000000         1.7181360302         0.0815118851         9.9006274506
        0.9355474000         3.4000000000         1.7206883570         0.1121344146         9.9671147748
        0.9405245000         3.4000000000         1.7334499913         0.1606200863        10.2995513960
        0.9455494000         3.4000000000         1.7283453376         0.1988982482        10.1665767475
        0.9505483000         3.4000000000         1.7181360302         0.2320726552         9.9006274506
        0.9555897000         3.4000000000         1.7232406839         0.2780064494        10.0336020990
        0.9605191000         3.4000000000         1.7053743959         0.3060771015         9.5681908295
        0.9655455000         3.4000000000         1.7181360302         0.3443552634         9.9006274506
        0.9706672000         3.4000000000         1.7232406839         0.3953928125        10.0336020990
        0.9755966000         3.4000000000         1.7130313764         0.4362228519         9.7676528021
        0.9806949000         3.4000000000         1.7155837033         0.4668453814         9.8341401264
        0.9854600000         3.4000000000         1.7232406839         0.5051235433        10.0336020990
        0.9905227000         3.4000000000         1.7104790496         0.5459535826         9.7011654779
        0.9956101000         3.4000000000         1.7181360302         0.5816798670         9.9006274506
        1.0006331000         3.4000000000         1.7053743959         0.6174061515         9.5681908295
        1.0058199000         3.4000000000         1.7232406839         0.6582361908        10.0336020990
        1.0106594000         3.4000000000         1.7079267227         0.7016181076         9.6346781537
        1.0158437000         3.4000000000         1.7206883570         0.7398962695         9.9671147748
        1.0205897000         3.4000000000         1.7334499913         0.7756225539        10.2995513960
        1.0257079000         3.4000000000         1.7206883570         0.8113488384         9.9671147748
        1.0306746000         3.4000000000         1.7104790496         0.8598345101         9.7011654779
        1.0355761000         3.4000000000         1.7130313764         0.8904570396         9.7676528021
        1.0405064000         3.4000000000         1.7104790496         0.9185276916         9.7011654779
        1.0455534000         3.4000000000         1.7155837033         0.9619096084         9.8341401264
        1.0505339000         3.4000000000         1.6926127616         0.9950840154         9.2357542083
        1.0556146000         3.4000000000         1.6977174153         1.0359140547         9.3687288568
        1.0605966000         3.4000000000         1.7079267227         1.0741922166         9.6346781537
        1.0655885000         3.4000000000         1.6926127616         1.1022628687         9.2357542083
        1.0705701000         3.4000000000         1.6926127616         1.1456447855         9.2357542083
        1.0755863000         3.4000000000         1.7104790496         1.1839229474         9.7011654779
        1.0805554000         3.4000000000         1.6926127616         1.2094417220         9.2357542083
        1.0857282000         3.4000000000         1.7053743959         1.2477198838         9.5681908295
        1.0906140000         3.4000000000         1.6900604347         1.2834461683         9.1692668841
        1.0955774000         3.4000000000         1.7360023181         1.3217243302        10.3660387202
        1.1007079000         3.4000000000         1.6926127616         1.3523468597         9.2357542083
        1.1054724000         3.4000000000         1.7002697422         1.3931768990         9.4352161810
        1.1105899000         3.4000000000         1.7002697422         1.4263513060         9.4352161810
        1.1156806000         3.4000000000         1.7155837033         1.4748369777         9.8341401264
        1.1205829000         3.4000000000         1.7002697422         1.5054595072         9.4352161810
        1.1255870000         3.4000000000         1.7053743959         1.5360820367         9.5681908295
        1.1306153000         3.4000000000         1.7053743959         1.5820158310         9.5681908295
        1.1354999000         3.4000000000         1.7053743959         1.6126383605         9.5681908295
        1.1406290000         3.4000000000         1.7028220690         1.6483646449         9.5017035052
        1.1454972000         3.4000000000         1.7130313764         1.6840909293         9.7676528021
        1.1505431000         3.4000000000         1.6926127616         1.7198172138         9.2357542083
        1.1555817000         3.4000000000         1.7053743959         1.7504397433         9.5681908295
        1.1606701000         3.4000000000         1.7104790496         1.8014772924         9.7011654779
        1.1655760000         3.4000000000         1.7079267227         1.8346516994         9.6346781537
        1.1704993000         3.4000000000         1.7028220690         1.8627223515         9.5017035052
        1.1755880000         3.4000000000         1.7079267227         1.8933448810         9.6346781537
        1.1805803000         3.4000000000         1.6977174153         1.9341749203         9.3687288568
        1.1857474000         3.4000000000         1.7104790496         1.9775568371         9.7011654779
        1.1905488000         3.4000000000         1.7104790496         2.0056274892         9.7011654779
        1.1955184000         3.4000000000         1.7130313764         2.0515612834         9.7676528021
        1.2005117000         3.4000000000         1.6977174153         2.0745281806         9.3687288568
        1.2056508000         3.4000000000         1.7028220690         2.1179100974         9.5017035052
        1.2105563000         3.4000000000         1.7002697422         2.1485326269         9.4352161810
        1.2155974000         3.4000000000         1.7155837033         2.1970182986         9.8341401264
        1.2206163000         3.4000000000         1.7079267227         2.2225370732         9.6346781537
        1.2255914000         3.4000000000         1.6951650884         2.2633671125         9.3022415326
        1.2306199000         3.4000000000         1.7028220690         2.3093009068         9.5017035052
        1.2356076000         3.4000000000         1.7002697422         2.3399234363         9.4352161810
        1.2406204000         3.4000000000         1.7206883570         2.3833053531         9.9671147748
        1.2455624000         3.4000000000         1.7002697422         2.4164797601         9.4352161810
        1.2505699000         3.4000000000         1.6926127616         2.4445504121         9.2357542083
        1.2555411000         3.4000000000         1.7181360302         2.4904842064         9.9006274506
        1.2605846000         3.4000000000         1.6977174153         2.5262104908         9.3687288568
        1.2657618000         3.4000000000         1.7130313764         2.5670405302         9.7676528021
        1.2705443000         3.4000000000         1.7181360302         2.6078705695         9.9006274506
        1.2757129000         3.4000000000         1.7002697422         2.6384930990         9.4352161810
        1.2805544000         3.4000000000         1.7002697422         2.6665637511         9.4352161810
        1.2856789000         3.4000000000         1.7104790496         2.7150494228         9.7011654779
        1.2905584000         3.4000000000         1.6977174153         2.7507757072         9.3687288568
        1.2955054000         3.4000000000         1.7079267227         2.7788463592         9.6346781537
        1.3004500000         3.4000000000         1.7181360302         2.8298839084         9.9006274506
        1.3057160000         3.4000000000         1.7104790496         2.8681620703         9.7011654779
        1.3104419000         3.4000000000         1.7130313764         2.8987845998         9.7676528021
        1.3157576000         3.4000000000         1.7232406839         2.9345108842        10.0336020990
        1.3205532000         3.4000000000         1.7104790496         2.9753409236         9.7011654779
        1.3255740000         3.4000000000         1.7053743959         3.0110672080         9.5681908295
        1.3306099000         3.4000000000         1.7053743959         3.0467934924         9.5681908295
        1.3356518000         3.4000000000         1.7002697422         3.0825197769         9.4352161810
        1.3405676000         3.4000000000         1.7130313764         3.1182460613         9.7676528021
        1.3456469000         3.4000000000         1.7028220690         3.1565242232         9.5017035052
        1.3505747000         3.4000000000         1.7028220690         3.1999061400         9.5017035052
        1.3556470000         3.4000000000         1.7181360302         3.2356324244         9.9006274506
        1.3605442000         3.4000000000         1.7155837033         3.2662549539         9.8341401264
        1.3655088000         3.4000000000         1.7079267227         3.3019812383         9.6346781537
        1.3704939000         3.4000000000         1.7002697422         3.3326037679         9.4352161810
        1.3755446000         3.4000000000         1.7104790496         3.3759856847         9.7011654779
        1.3805684000         3.4000000000         1.7002697422         3.4117119691         9.4352161810
        1.3859475000         3.4000000000         1.7130313764         3.4448863760         9.7676528021
        1.3905855000         3.4000000000         1.7002697422         3.4831645379         9.4352161810
        1.3955252000         3.4000000000         1.7130313764         3.5342020871         9.7676528021
        1.4005230000         3.4000000000         1.7053743959         3.5571689842         9.5681908295
        1.4056480000         3.4000000000         1.7104790496         3.6005509010         9.7011654779
        1.4107239000         3.4000000000         1.7155837033         3.6362771855         9.8341401264
        1.4155639000         3.4000000000         1.7028220690         3.6745553474         9.5017035052
        1.4205589000         3.4000000000         1.7257930107         3.7204891416        10.1000894233
        1.4257679000         3.4000000000         1.7079267227         3.7536635486         9.6346781537
        1.4305349000         3.4000000000         1.7181360302         3.7868379556         9.9006274506
        1.4355981000         3.4000000000         1.7130313764         3.8251161174         9.7676528021
        1.4406357000         3.4000000000         1.7283453376         3.8710499117        10.1665767475
        1.4455397000         3.4000000000         1.7155837033         3.9042243187         9.8341401264
        1.4506007000         3.4000000000         1.7232406839         3.9348468482        10.0336020990
        1.4556192000         3.4000000000         1.7155837033         3.9756768875         9.8341401264
        1.4606107000         3.4000000000         1.7079267227         4.0088512945         9.6346781537
        1.4655840000         3.4000000000         1.7130313764         4.0598888437         9.7676528021
        1.4706135000         3.4000000000         1.7232406839         4.0879594957        10.0336020990
        1.4755724000         3.4000000000         1.7104790496         4.1364451674         9.7011654779
        1.4808020000         3.4000000000         1.7232406839         4.1721714519        10.0336020990
        1.4855924000         3.4000000000         1.7130313764         4.2078977363         9.7676528021
        1.4906740000         3.4000000000         1.7104790496         4.2410721433         9.7011654779
        1.4955911000         3.4000000000         1.6977174153         4.2793503051         9.3687288568
        1.5005964000         3.4000000000         1.7130313764         4.3150765896         9.7676528021
        1.5055806000         3.4000000000         1.7181360302         4.3584585064         9.9006274506
        1.5105480000         3.4000000000         1.7053743959         4.4043923006         9.5681908295
        1.5155544000         3.4000000000         1.7104790496         4.4299110752         9.7011654779
        1.5205895000         3.4000000000         1.7283453376         4.4809486244        10.1665767475
        1.5255834000         3.4000000000         1.7028220690         4.5090192765         9.5017035052
        1.5305624000         3.4000000000         1.7206883570         4.5524011933         9.9671147748
        1.5354611000         3.4000000000         1.7257930107         4.5881274777        10.1000894233
        1.5406867000         3.4000000000         1.7104790496         4.6289575170         9.7011654779
        1.5456015000         3.4000000000         1.7002697422         4.6646838015         9.4352161810
        1.5505901000         3.4000000000         1.7053743959         4.7029619633         9.5681908295
        1.5555725000         3.4000000000         1.7232406839         4.7437920027        10.0336020990
        1.5604735000         3.4000000000         1.6977174153         4.7744145322         9.3687288568
        1.5655875000         3.4000000000         1.7130313764         4.8229002039         9.7676528021
        1.5706400000         3.4000000000         1.7155837033         4.8688339982         9.8341401264
        1.5756374000         3.4000000000         1.7079267227         4.9020084051         9.6346781537
        1.5806130000         3.4000000000         1.7130313764         4.9402865670         9.7676528021
        1.5855364000         3.4000000000         1.7257930107         4.9862203613        10.1000894233
        1.5905899000         3.4000000000         1.7104790496         5.0066353810         9.7011654779
        1.5956170000         3.4000000000         1.7104790496         5.0040835035         9.7011654779
        1.6005686000         3.4000000000         1.7104790496         5.0066353810         9.7011654779
        1.6056230000         3.4000000000         1.7130313764         5.0040835035         9.7676528021
        1.6106133000         3.4000000000         1.7232406839         1.1099185011        10.0336020990
        1.6155685000         3.4000000000         1.7181360302         0.0075074388         9.9006274506
        1.6205490000         3.4000000000         1.7028220690        -0.0001481936         9.5017035052
        1.6255730000         3.4000000000         1.7257930107         0.0024036839        10.1000894233
        1.6304952000         3.4000000000         1.7130313764         0.0202668261         9.7676528021
        1.6355518000         3.4000000000         1.7079267227         0.0508893556         9.6346781537
        1.6404574000         3.4000000000         1.7104790496         0.0866156400         9.7011654779
        1.6456144000         3.4000000000         1.7283453376         0.1299975568        10.1665767475
        1.6504626000         3.4000000000         1.7028220690         0.1682757187         9.5017035052
        1.6555557000         3.4000000000         1.7155837033         0.2014501257         9.8341401264
        1.6605585000         3.4000000000         1.7130313764         0.2473839199         9.7676528021
        1.6655860000         3.4000000000         1.7155837033         0.2882139593         9.8341401264
        1.6707048000         3.4000000000         1.7487639524         0.3239402437        10.6984753413
        1.6756410000         3.4000000000         1.7232406839         0.3647702830        10.0336020990
        1.6805755000         3.4000000000         1.7002697422         0.3953928125         9.4352161810
        1.6854656000         3.4000000000         1.7232406839         0.4464303617        10.0336020990
        1.6905872000         3.4000000000         1.7155837033         0.4796047687         9.8341401264
        1.6956167000         3.4000000000         1.7104790496         0.5127791757         9.7011654779
        1.7005765000         3.4000000000         1.6977174153         0.5536092150         9.3687288568
        1.7057118000         3.4000000000         1.7206883570         0.5944392543         9.9671147748
        1.7105659000         3.4000000000         1.7181360302         0.6378211711         9.9006274506
        1.7155740000         3.4000000000         1.7104790496         0.6684437007         9.7011654779
        1.7206717000         3.4000000000         1.7028220690         0.7118256175         9.5017035052
        1.7256216000         3.4000000000         1.7308976644         0.7552075343        10.2330640717
        1.7306172000         3.4000000000         1.7002697422         0.7858300638         9.4352161810
        1.7355113000         3.4000000000         1.7206883570         0.8292119806         9.9671147748
        1.7406555000         3.4000000000         1.7079267227         0.8547307552         9.6346781537
        1.7456257000         3.4000000000         1.7079267227         0.8955607945         9.6346781537
        1.7504819000         3.4000000000         1.6977174153         0.9312870789         9.3687288568
        1.7555851000         3.4000000000         1.7130313764         0.9695652408         9.7676528021
        1.7605832000         3.4000000000         1.7053743959         1.0129471576         9.5681908295
        1.7656178000         3.4000000000         1.6900604347         1.0410178097         9.1692668841
        1.7705752000         3.4000000000         1.7053743959         1.0767440941         9.5681908295
        1.7755424000         3.4000000000         1.6951650884         1.1048147461         9.3022415326
        1.7805912000         3.4000000000         1.6824034542         1.1405410306         8.9698049114
        1.7854570000         3.4000000000         1.7028220690         1.1788191925         9.5017035052
        1.7905364000         3.4000000000         1.7002697422         1.2196492318         9.4352161810
        1.7955510000         3.4000000000         1.7002697422         1.2528236388         9.4352161810
        1.8006171000         3.4000000000         1.7028220690         1.2936536781         9.5017035052
        1.8056928000         3.4000000000         1.7028220690         1.3191724527         9.5017035052
        1.8106644000         3.4000000000         1.6951650884         1.3600024920         9.3022415326
        1.8156572000         3.4000000000         1.6977174153         1.3931768990         9.3687288568
        1.8205496000         3.4000000000         1.7002697422         1.4314550609         9.4352161810
        1.8254978000         3.4000000000         1.6977174153         1.4697332228         9.3687288568
        1.8304858000         3.4000000000         1.6951650884         1.5054595072         9.3022415326
        1.8355489000         3.4000000000         1.7130313764         1.5437376691         9.7676528021
        1.8405929000         3.4000000000         1.6824034542         1.5743601986         8.9698049114
        1.8455405000         3.4000000000         1.6951650884         1.6075346056         9.3022415326
        1.8505451000         3.4000000000         1.6951650884         1.6381571351         9.3022415326
        1.8557243000         3.4000000000         1.7079267227         1.6866428068         9.6346781537
        1.8607125000         3.4000000000         1.6824034542         1.7070578265         8.9698049114
        1.8655774000         3.4000000000         1.7053743959         1.7555434982         9.5681908295
        1.8705498000         3.4000000000         1.6900604347         1.7810622728         9.1692668841
        1.8756025000         3.4000000000         1.6977174153         1.8167885572         9.3687288568
        1.8805418000         3.4000000000         1.6951650884         1.8627223515         9.3022415326
        1.8854736000         3.4000000000         1.7232406839         1.8984486359        10.0336020990
        1.8904608000         3.4000000000         1.6875081079         1.9239674105         9.1027795599
        1.8955788000         3.4000000000         1.6926127616         1.9520380625         9.2357542083
        1.9006090000         3.4000000000         1.7130313764         2.0005237343         9.7676528021
        1.9057329000         3.4000000000         1.7028220690         2.0388018961         9.5017035052
        1.9107933000         3.4000000000         1.6875081079         2.0643206707         9.1027795599
        1.9156912000         3.4000000000         1.7053743959         2.1025988326         9.5681908295
        1.9207284000         3.4000000000         1.7053743959         2.1434288720         9.5681908295
        1.9256246000         3.4000000000         1.7002697422         2.1689476465         9.4352161810
        1.9305771000         3.4000000000         1.7053743959         2.2199851957         9.5681908295
        1.9355292000         3.4000000000         1.7181360302         2.2557114802         9.9006274506
        1.9406514000         3.4000000000         1.6926127616         2.2888858871         9.2357542083
        1.9456768000         3.4000000000         1.7053743959         2.3271640490         9.5681908295
        1.9506973000         3.4000000000         1.7104790496         2.3730978433         9.7011654779
        1.9557422000         3.4000000000         1.7079267227         2.3960647404         9.6346781537
        1.9605800000         3.4000000000         1.6875081079         2.4368947797         9.1027795599
        1.9656541000         3.4000000000         1.7130313764         2.4751729416         9.7676528021
        1.9705780000         3.4000000000         1.7053743959         2.5160029810         9.5681908295
        1.9759441000         3.4000000000         1.7002697422         2.5440736330         9.4352161810
        1.9805917000         3.4000000000         1.7079267227         2.5849036724         9.6346781537
        1.9855500000         3.4000000000         1.7104790496         2.6206299568         9.7011654779
        1.9906746000         3.4000000000         1.6951650884         2.6563562412         9.3022415326
        1.9956854000         3.4000000000         1.7206883570         2.6997381580         9.9671147748
        2.0007458000         3.4000000000         1.6951650884         2.7329125650         9.3022415326
        2.0057037000         3.4000000000         1.7002697422         2.7609832170         9.4352161810
        2.0106836000         3.4000000000         1.7130313764         2.8120207662         9.7676528021
        2.0157251000         3.4000000000         1.7130313764         2.8426432957         9.7676528021
        2.0205677000         3.4000000000         1.7002697422         2.8732658252         9.4352161810
        2.0255663000         3.4000000000         1.7130313764         2.9191996195         9.7676528021
        2.0304980000         3.4000000000         1.7002697422         2.9523740265         9.4352161810
        2.0355087000         3.4000000000         1.7079267227         2.9932040658         9.6346781537
        2.0406472000         3.4000000000         1.7053743959         3.0365859826         9.5681908295
        2.0455475000         3.4000000000         1.7130313764         3.0672085121         9.7676528021
        2.0505449000         3.4000000000         1.7028220690         3.1054866740         9.5017035052
        2.0555283000         3.4000000000         1.7155837033         3.1386610810         9.8341401264
        2.0606181000         3.4000000000         1.7104790496         3.1820429978         9.7011654779
        2.0657091000         3.4000000000         1.7130313764         3.2126655273         9.7676528021
        2.0708094000         3.4000000000         1.7104790496         3.2509436892         9.7011654779
        2.0756573000         3.4000000000         1.7232406839         3.2917737285        10.0336020990
        2.0805049000         3.4000000000         1.7130313764         3.3249481355         9.7676528021
        2.0854519000         3.4000000000         1.7104790496         3.3581225424         9.7011654779
        2.0905896000         3.4000000000         1.7206883570         3.4117119691         9.9671147748
        2.0957137000         3.4000000000         1.7181360302         3.4423344986         9.9006274506
        2.1005864000         3.4000000000         1.7053743959         3.4729570281         9.5681908295
        2.1056187000         3.4000000000         1.7206883570         3.5239945773         9.9671147748
        2.1106425000         3.4000000000         1.7232406839         3.5546171068        10.0336020990
        2.1155929000         3.4000000000         1.6900604347         3.5852396363         9.1692668841
        2.1206130000         3.4000000000         1.7130313764         3.6286215531         9.7676528021
        2.1256357000         3.4000000000         1.7181360302         3.6668997150         9.9006274506
        2.1308138000         3.4000000000         1.7283453376         3.7077297543        10.1665767475
        2.1356027000         3.4000000000         1.7436592987         3.7460079162        10.5655006929
        2.1405024000         3.4000000000         1.7130313764         3.7842860781         9.7676528021
        2.1454947000         3.4000000000         1.7104790496         3.8200123625         9.7011654779
        2.1510357000         3.4000000000         1.7206883570         3.8633942793         9.9671147748
        2.1555384000         3.4000000000         1.7104790496         3.8940168088         9.7011654779
        2.1604866000         3.4000000000         1.7079267227         3.9322949707         9.6346781537
        2.1654747000         3.4000000000         1.7257930107         3.9756768875        10.1000894233
        2.1709368000         3.4000000000         1.7079267227         4.0062994170         9.6346781537
        2.1754884000         3.4000000000         1.7155837033         4.0471294564         9.8341401264
        2.1804841000         3.4000000000         1.7206883570         4.0879594957         9.9671147748
        2.1855114000         3.4000000000         1.7130313764         4.1236857801         9.7676528021
        2.1905802000         3.4000000000         1.7155837033         4.1594120646         9.8341401264
        2.1954502000         3.4000000000         1.7079267227         4.1951383490         9.6346781537
        2.2006984000         3.4000000000         1.7257930107         4.2461758982        10.1000894233
        2.2055580000         3.4000000000         1.6951650884         4.2742465502         9.3022415326
        2.2105284000         3.4000000000         1.7130313764         4.3150765896         9.7676528021
        2.2155797000         3.4000000000         1.7206883570         4.3559066289         9.9671147748
        2.2205657000         3.4000000000         1.7053743959         4.3916329133         9.5681908295
        2.2254861000         3.4000000000         1.7104790496         4.4222554428         9.7011654779
        2.2304959000         3.4000000000         1.7308976644         4.4758448695        10.2330640717
        2.2354772000         3.4000000000         1.6951650884         4.5039155215         9.3022415326
        2.2405141000         3.4000000000         1.7155837033         4.5472974383         9.8341401264
        2.2457143000         3.4000000000         1.7283453376         4.5855756002        10.1665767475
        2.2505397000         3.4000000000         1.7155837033         4.6264056396         9.8341401264
        2.2557093000         3.4000000000         1.7079267227         4.6697875564         9.6346781537
        2.2606347000         3.4000000000         1.7181360302         4.7055138408         9.9006274506
        2.2656153000         3.4000000000         1.7283453376         4.7437920027        10.1665767475
        2.2704988000         3.4000000000         1.7079267227         4.7795182871         9.6346781537
        2.2755808000         3.4000000000         1.7206883570         4.8177964490         9.9671147748
        2.2807287000         3.4000000000         1.7181360302         4.8688339982         9.9006274506
        2.2856532000         3.4000000000         1.7104790496         4.8943527728         9.7011654779
        2.2907663000         3.4000000000         1.7155837033         4.9453903219         9.8341401264
        2.2956133000         3.4000000000         1.7130313764         4.9836684838         9.7676528021
        2.3006901000         3.4000000000         1.7130313764         5.0117391359         9.7676528021
        2.3055600000         3.4000000000         1.7002697422         5.0015316260         9.4352161810
        2.3106521000         3.4000000000         1.7155837033         5.0117391359         9.8341401264
        2.3157575000         3.4000000000         1.7079267227         4.9989797486         9.6346781537
        2.3206887000         3.4000000000         1.7104790496         1.0997109912         9.7011654779
        2.3255963000         3.4000000000         1.7104790496         0.0049555613         9.7011654779
        2.3307169000         3.4000000000         1.7028220690         0.0024036839         9.5017035052
        2.3355238000         3.4000000000         1.7385546450         0.0075074388        10.4325260444
        2.3406500000         3.4000000000         1.6900604347         0.0126111937         9.1692668841
        2.3455676000         3.4000000000         1.7104790496         0.0534412330         9.7011654779
        2.3505634000         3.4000000000         1.7028220690         0.0815118851         9.5017035052
        2.3555752000         3.4000000000         1.7206883570         0.1325494343         9.9671147748
        2.3605283000         3.4000000000         1.7028220690         0.1631719638         9.5017035052
        2.3655976000         3.4000000000         1.7053743959         0.2014501257         9.5681908295
        2.3706217000         3.4000000000         1.7053743959         0.2397282875         9.5681908295
        2.3758151000         3.4000000000         1.7104790496         0.2805583269         9.7011654779
        2.3805062000         3.4000000000         1.7079267227         0.3239402437         9.6346781537
        2.3854429000         3.4000000000         1.7104790496         0.3520108957         9.7011654779
        2.3904870000         3.4000000000         1.7053743959         0.3928409351         9.5681908295
        2.3955974000         3.4000000000         1.7028220690         0.4311190970         9.5017035052
        2.4005345000         3.4000000000         1.7130313764         0.4668453814         9.7676528021
        2.4055578000         3.4000000000         1.7257930107         0.5153310531        10.1000894233
        2.4106437000         3.4000000000         1.6951650884         0.5408498277         9.3022415326
        2.4156439000         3.4000000000         1.7053743959         0.5842317445         9.5681908295
        2.4205738000         3.4000000000         1.7028220690         0.6225099064         9.5017035052
        2.4256481000         3.4000000000         1.7232406839         0.6633399457        10.0336020990
        2.4305786000         3.4000000000         1.7053743959         0.7067218625         9.5681908295
        2.4355307000         3.4000000000         1.7155837033         0.7322406371         9.8341401264
        2.4405266000         3.4000000000         1.7028220690         0.7730706765         9.5017035052
        2.4456884000         3.4000000000         1.7130313764         0.8113488384         9.7676528021
        2.4506858000         3.4000000000         1.6977174153         0.8419713679         9.3687288568
        2.4557210000         3.4000000000         1.6977174153         0.8802495297         9.3687288568
        2.4607005000         3.4000000000         1.6926127616         0.9185276916         9.2357542083
        2.4655582000         3.4000000000         1.7053743959         0.9542539761         9.5681908295
        2.4705551000         3.4000000000         1.6849557810         0.9874283830         9.0362922356
        2.4755579000         3.4000000000         1.6875081079         1.0231546675         9.1027795599
        2.4806815000         3.4000000000         1.6875081079         1.0588809519         9.1027795599
        2.4854586000         3.4000000000         1.7028220690         1.0971591138         9.5017035052
        2.4905717000         3.4000000000         1.6875081079         1.1328853982         9.1027795599
        2.4956014000         3.4000000000         1.7181360302         1.1686116826         9.9006274506
        2.5006784000         3.4000000000         1.7002697422         1.2017860896         9.4352161810
        2.5055856000         3.4000000000         1.6977174153         1.2426161289         9.3687288568
        2.5106103000         3.4000000000         1.6798511273         1.2630311486         8.9033175872
        2.5155810000         3.4000000000         1.7028220690         1.3064130654         9.5017035052
        2.5205762000         3.4000000000         1.6926127616         1.3446912273         9.2357542083
        2.5255756000         3.4000000000         1.6900604347         1.3727618793         9.1692668841
        2.5305539000         3.4000000000         1.6951650884         1.4212475511         9.3022415326
        2.5355576000         3.4000000000         1.7053743959         1.4544219580         9.5681908295
        2.5405800000         3.4000000000         1.6926127616         1.4799407326         9.2357542083
        2.5455106000         3.4000000000         1.6977174153         1.5182188945         9.3687288568
        2.5505464000         3.4000000000         1.7028220690         1.5564970564         9.5017035052
        2.5556168000         3.4000000000         1.7053743959         1.5947752183         9.5681908295
        2.5606804000         3.4000000000         1.7283453376         1.6202939929        10.1665767475
        2.5657041000         3.4000000000         1.7130313764         1.6636759097         9.7676528021
        2.5706663000         3.4000000000         1.6926127616         1.6994021941         9.2357542083
        2.5756908000         3.4000000000         1.6926127616         1.7300247236         9.2357542083
        2.5806780000         3.4000000000         1.7079267227         1.7708547629         9.6346781537
        2.5855816000         3.4000000000         1.7028220690         1.8091329248         9.5017035052
        2.5905535000         3.4000000000         1.7028220690         1.8448592093         9.5017035052
        2.5955777000         3.4000000000         1.7257930107         1.8882411261        10.1000894233
        2.6006522000         3.4000000000         1.7053743959         1.9163117781         9.5681908295
        2.6055866000         3.4000000000         1.6926127616         1.9443824302         9.2357542083
        2.6107424000         3.4000000000         1.7155837033         1.9928681019         9.8341401264
        2.6156147000         3.4000000000         1.7079267227         2.0260425088         9.6346781537
        2.6206145000         3.4000000000         1.7079267227         2.0668725482         9.6346781537
        2.6254835000         3.4000000000         1.7155837033         2.0974950777         9.8341401264
        2.6304883000         3.4000000000         1.7002697422         2.1332213621         9.4352161810
        2.6354770000         3.4000000000         1.7079267227         2.1689476465         9.6346781537
        2.6404983000         3.4000000000         1.7028220690         2.2123295633         9.5017035052
        2.6455607000         3.4000000000         1.7155837033         2.2378483379         9.8341401264
        2.6505350000         3.4000000000         1.7053743959         2.2888858871         9.5681908295
        2.6555659000         3.4000000000         1.7155837033         2.3195084166         9.8341401264
        2.6605797000         3.4000000000         1.6951650884         2.3552347011         9.3022415326
        2.6655181000         3.4000000000         1.7079267227         2.3884091080         9.6346781537
        2.6705987000         3.4000000000         1.6951650884         2.4241353924         9.3022415326
        2.6755741000         3.4000000000         1.7002697422         2.4624135543         9.4352161810
        2.6805086000         3.4000000000         1.7002697422         2.5057954711         9.4352161810
        2.6855279000         3.4000000000         1.6875081079         2.5491773879         9.1027795599
        2.6905867000         3.4000000000         1.7002697422         2.5797999174         9.4352161810
        2.6956473000         3.4000000000         1.7232406839         2.6180780793        10.0336020990
        2.7005924000         3.4000000000         1.7079267227         2.6614599961         9.6346781537
        2.7056146000         3.4000000000         1.6977174153         2.6793231383         9.3687288568
        2.7107009000         3.4000000000         1.7155837033         2.7303606875         9.8341401264
        2.7157228000         3.4000000000         1.7104790496         2.7635350945         9.7011654779
        2.7207084000         3.4000000000         1.6951650884         2.7941576240         9.3022415326
        2.7255662000         3.4000000000         1.7308976644         2.8426432957        10.2330640717
        2.7305502000         3.4000000000         1.6951650884         2.8758177027         9.3022415326
        2.7355706000         3.4000000000         1.7130313764         2.9217514970         9.7676528021
        2.7406171000         3.4000000000         1.7104790496         2.9447183941         9.7011654779
        2.7458086000         3.4000000000         1.7104790496         2.9906521883         9.7011654779
        2.7505489000         3.4000000000         1.7028220690         3.0187228404         9.5017035052
        2.7554522000         3.4000000000         1.7130313764         3.0646566347         9.7676528021
        2.7605859000         3.4000000000         1.7002697422         3.0952791642         9.4352161810
        2.7654934000         3.4000000000         1.7181360302         3.1437648359         9.9006274506
        2.7706572000         3.4000000000         1.6977174153         3.1667317330         9.3687288568
        2.7756497000         3.4000000000         1.7079267227         3.2126655273         9.6346781537
        2.7806309000         3.4000000000         1.7002697422         3.2432880568         9.4352161810
        2.7854989000         3.4000000000         1.7028220690         3.2790143412         9.5017035052
        2.7904520000         3.4000000000         1.7028220690         3.3198443806         9.5017035052
        2.7955409000         3.4000000000         1.7155837033         3.3581225424         9.8341401264
        2.8006945000         3.4000000000         1.7079267227         3.3964007043         9.6346781537
        2.8056492000         3.4000000000         1.7513162793         3.4346788662        10.7649626655
        2.8105977000         3.4000000000         1.7053743959         3.4704051506         9.5681908295
        2.8156293000         3.4000000000         1.7130313764         3.5112351900         9.7676528021
        2.8208028000         3.4000000000         1.7079267227         3.5444095970         9.6346781537
        2.8255437000         3.4000000000         1.7053743959         3.5826877588         9.5681908295
        2.8306567000         3.4000000000         1.7155837033         3.6209659207         9.8341401264
        2.8356789000         3.4000000000         1.7079267227         3.6515884502         9.6346781537
        2.8404441000         3.4000000000         1.7079267227         3.6924184896         9.6346781537
        2.8455104000         3.4000000000         1.7053743959         3.7306966515         9.5681908295
        2.8507518000         3.4000000000         1.7155837033         3.7791823232         9.8341401264
        2.8555654000         3.4000000000         1.7130313764         3.8098048527         9.7676528021
        2.8605562000         3.4000000000         1.7181360302         3.8455311371         9.9006274506
        2.8655337000         3.4000000000         1.7130313764         3.8838092990         9.7676528021
        2.8704393000         3.4000000000         1.7053743959         3.9220874609         9.5681908295
        2.8757623000         3.4000000000         1.7130313764         3.9527099904         9.7676528021
        2.8804297000         3.4000000000         1.7079267227         3.9858843974         9.6346781537
        2.8857403000         3.4000000000         1.7181360302         4.0394738240         9.9006274506
        2.8906164000         3.4000000000         1.7002697422         4.0624407211         9.4352161810
        2.8956479000         3.4000000000         1.7206883570         4.1109263928         9.9671147748
        2.9006445000         3.4000000000         1.7155837033         4.1466526773         9.8341401264
        2.9056216000         3.4000000000         1.7104790496         4.1823789617         9.7011654779
        2.9105994000         3.4000000000         1.7308976644         4.2283127560        10.2330640717
        2.9155484000         3.4000000000         1.7130313764         4.2614871629         9.7676528021
        2.9206468000         3.4000000000         1.7028220690         4.2921096924         9.5017035052
        2.9256138000         3.4000000000         1.7181360302         4.3380434867         9.9006274506
        2.9305655000         3.4000000000         1.7104790496         4.3686660162         9.7011654779
        2.9357033000         3.4000000000         1.7053743959         4.4197035654         9.5681908295
        2.9406094000         3.4000000000         1.7308976644         4.4503260949        10.2330640717
        2.9456307000         3.4000000000         1.7079267227         4.4911561342         9.6346781537
        2.9506210000         3.4000000000         1.7257930107         4.5294342961        10.1000894233
        2.9556486000         3.4000000000         1.7232406839         4.5728162129        10.0336020990
        2.9605912000         3.4000000000         1.7206883570         4.6059906199         9.9671147748
        2.9656449000         3.4000000000         1.7028220690         4.6468206592         9.5017035052
        2.9707849000         3.4000000000         1.7232406839         4.6902025760        10.0336020990
        2.9756001000         3.4000000000         1.7028220690         4.7182732281         9.5017035052
        2.9805841000         3.4000000000         1.7181360302         4.7616551449         9.9006274506
        2.9856986000         3.4000000000         1.7155837033         4.8101408166         9.8341401264
        2.9905892000         3.4000000000         1.7257930107         4.8535227334        10.1000894233
        2.9956931000         3.4000000000         1.7079267227         4.8866971404         9.6346781537
        3.0005139000         3.4000000000         1.7130313764         4.9198715474         9.7676528021
        3.0055748000         3.4000000000         1.7130313764         4.9632534642         9.7676528021
        3.0105660000         3.4000000000         1.7002697422         4.9913241162         9.4352161810
        3.0156016000         3.4000000000         1.7104790496         5.0066353810         9.7011654779
        3.0205731000         3.4000000000         1.7232406839         5.0117391359        10.0336020990
        3.0255902000         3.4000000000         1.7104790496         5.0066353810         9.7011654779
        3.0305597000         3.4000000000         1.7206883570         1.1048147461         9.9671147748
        3.0356041000         3.4000000000         1.7155837033         1.1175741334         9.8341401264
        3.0406768000         3.4000000000         1.7257930107         0.0024036839        10.1000894233
        3.0457842000         3.4000000000         1.7028220690         0.0024036839         9.5017035052
        3.0507026000         3.4000000000         1.7206883570         0.0024036839         9.9671147748
        3.0556985000         3.4000000000         1.7181360302         0.0330262134         9.9006274506
        3.0605701000         3.4000000000         1.7232406839         0.0815118851        10.0336020990
        3.0655772000         3.4000000000         1.7130313764         0.1146862920         9.7676528021
        3.0705646000         3.4000000000         1.7181360302         0.1529644539         9.9006274506
        3.0756121000         3.4000000000         1.7053743959         0.1886907384         9.5681908295
        3.0805566000         3.4000000000         1.7104790496         0.2295207777         9.7011654779
        3.0857524000         3.4000000000         1.7155837033         0.2652470621         9.8341401264
        3.0905789000         3.4000000000         1.6977174153         0.3035252240         9.3687288568
        3.0956584000         3.4000000000         1.7130313764         0.3520108957         9.7676528021
        3.1005591000         3.4000000000         1.7130313764         0.3851853027         9.7676528021
        3.1054634000         3.4000000000         1.7104790496         0.4234634646         9.7011654779
        3.1104901000         3.4000000000         1.7079267227         0.4617416265         9.6346781537
        3.1155528000         3.4000000000         1.7079267227         0.4949160334         9.6346781537
        3.1205238000         3.4000000000         1.7002697422         0.5408498277         9.4352161810
        3.1254837000         3.4000000000         1.7028220690         0.5714723572         9.5017035052
        3.1304624000         3.4000000000         1.7104790496         0.6148542740         9.7011654779
        3.1356544000         3.4000000000         1.7206883570         0.6582361908         9.9671147748
        3.1408015000         3.4000000000         1.7053743959         0.6990662302         9.5681908295
        3.1457891000         3.4000000000         1.7130313764         0.7220331273         9.7676528021
        3.1506268000         3.4000000000         1.7002697422         0.7654150441         9.4352161810
        3.1555574000         3.4000000000         1.7028220690         0.8062450834         9.5017035052
        3.1605452000         3.4000000000         1.7002697422         0.8317638580         9.4352161810
        3.1657415000         3.4000000000         1.7206883570         0.8828014072         9.9671147748
        3.1705628000         3.4000000000         1.6875081079         0.9032164269         9.1027795599
        3.1755772000         3.4000000000         1.7181360302         0.9440464662         9.9006274506
        3.1806696000         3.4000000000         1.6772988005         0.9772208732         8.8368302630
        3.1856368000         3.4000000000         1.7002697422         1.0257065449         9.4352161810
        3.1905343000         3.4000000000         1.6824034542         1.0512253195         8.9698049114
        3.1955010000         3.4000000000         1.6951650884         1.0843997265         9.3022415326
        3.2005051000         3.4000000000         1.6875081079         1.1277816433         9.1027795599
        3.2056213000         3.4000000000         1.6900604347         1.1456447855         9.1692668841
        3.2106492000         3.4000000000         1.7079267227         1.1966823347         9.6346781537
        3.2156740000         3.4000000000         1.6926127616         1.2196492318         9.2357542083
        3.2206130000         3.4000000000         1.6849557810         1.2553755162         9.0362922356
        3.2255548000         3.4000000000         1.6951650884         1.2911018006         9.3022415326
        3.2304978000         3.4000000000         1.7155837033         1.3370355949         9.8341401264
        3.2357683000         3.4000000000         1.6900604347         1.3651062470         9.1692668841
        3.2406406000         3.4000000000         1.7079267227         1.4110400412         9.6346781537
        3.2455722000         3.4000000000         1.7028220690         1.4340069384         9.5017035052
        3.2508044000         3.4000000000         1.6977174153         1.4748369777         9.3687288568
        3.2557627000         3.4000000000         1.7104790496         1.5156670170         9.7011654779
        3.2606318000         3.4000000000         1.7079267227         1.5462895465         9.6346781537
        3.2657336000         3.4000000000         1.6951650884         1.5820158310         9.3022415326
        3.2706262000         3.4000000000         1.7104790496         1.6253977478         9.7011654779
        3.2755982000         3.4000000000         1.6977174153         1.6458127674         9.3687288568
        3.2806164000         3.4000000000         1.7002697422         1.6917465617         9.4352161810
        3.2857155000         3.4000000000         1.6926127616         1.7198172138         9.2357542083
        3.2905459000         3.4000000000         1.6951650884         1.7606472531         9.3022415326
        3.2956103000         3.4000000000         1.6951650884         1.7912697826         9.3022415326
        3.3007480000         3.4000000000         1.6900604347         1.8269960670         9.1692668841
        3.3055477000         3.4000000000         1.6977174153         1.8703779838         9.3687288568
        3.3106290000         3.4000000000         1.7028220690         1.9010005134         9.5017035052
        3.3155291000         3.4000000000         1.7028220690         1.9341749203         9.5017035052
        3.3205667000         3.4000000000         1.6926127616         1.9750049597         9.2357542083
        3.3255277000         3.4000000000         1.7053743959         2.0107312441         9.5681908295
        3.3306334000         3.4000000000         1.7028220690         2.0464575285         9.5017035052
        3.3356655000         3.4000000000         1.6900604347         2.0745281806         9.1692668841
        3.3406294000         3.4000000000         1.7079267227         2.1204619748         9.6346781537
        3.3456355000         3.4000000000         1.6951650884         2.1536363818         9.3022415326
        3.3506312000         3.4000000000         1.7079267227         2.1893626662         9.6346781537
        3.3556784000         3.4000000000         1.7028220690         2.2276408281         9.5017035052
        3.3606628000         3.4000000000         1.7002697422         2.2608152351         9.4352161810
        3.3654555000         3.4000000000         1.7130313764         2.3093009068         9.7676528021
        3.3704447000         3.4000000000         1.7002697422         2.3348196814         9.4352161810
        3.3754980000         3.4000000000         1.7257930107         2.3858572306        10.1000894233
        3.3804246000         3.4000000000         1.7002697422         2.4088241277         9.4352161810
        3.3854616000         3.4000000000         1.6977174153         2.4573097994         9.3687288568
        3.3904376000         3.4000000000         1.7130313764         2.4853804515         9.7676528021
        3.3954191000         3.4000000000         1.7002697422         2.5236586133         9.4352161810
        3.4004678000         3.4000000000         1.7053743959         2.5619367752         9.5681908295
        3.4054183000         3.4000000000         1.7079267227         2.6002149371         9.6346781537
        3.4104706000         3.4000000000         1.7002697422         2.6308374666         9.4352161810
        3.4155324000         3.4000000000         1.7002697422         2.6767712609         9.4352161810
        3.4204910000         3.4000000000         1.7206883570         2.7099456679         9.9671147748
        3.4254546000         3.4000000000         1.7079267227         2.7533275847         9.6346781537
        3.4304401000         3.4000000000         1.6875081079         2.7788463592         9.1027795599
        3.4354831000         3.4000000000         1.7104790496         2.8120207662         9.7011654779
        3.4404597000         3.4000000000         1.7104790496         2.8681620703         9.7011654779
        3.4454489000         3.4000000000         1.6900604347         2.8962327224         9.1692668841
        3.4504564000         3.4000000000         1.6977174153         2.9243033744         9.3687288568
        3.4554694000         3.4000000000         1.7130313764         2.9753409236         9.7676528021
        3.4605278000         3.4000000000         1.6977174153         3.0059634531         9.3687288568
        3.4654422000         3.4000000000         1.7385546450         3.0442416150        10.4325260444
        3.4704567000         3.4000000000         1.7130313764         3.0799678994         9.7676528021
        3.4754933000         3.4000000000         1.7028220690         3.1156941838         9.5017035052
        3.4804965000         3.4000000000         1.7104790496         3.1565242232         9.7011654779
        3.4854735000         3.4000000000         1.7130313764         3.1922505076         9.7676528021
        3.4904455000         3.4000000000         1.7053743959         3.2279767920         9.5681908295
        3.4954791000         3.4000000000         1.7028220690         3.2585993215         9.5017035052
        3.5005338000         3.4000000000         1.7130313764         3.3070849933         9.7676528021
        3.5055464000         3.4000000000         1.7053743959         3.3402594002         9.5681908295
        3.5105091000         3.4000000000         1.7028220690         3.3683300523         9.5017035052
        3.5154704000         3.4000000000         1.7130313764         3.4091600916         9.7676528021
        3.5205749000         3.4000000000         1.7002697422         3.4423344986         9.4352161810
        3.5254832000         3.4000000000         1.7079267227         3.4857164154         9.6346781537
        3.5305501000         3.4000000000         1.7462116256         3.5163389449        10.6319880171
        3.5355527000         3.4000000000         1.7104790496         3.5648246166         9.7011654779
        3.5406070000         3.4000000000         1.7130313764         3.5979990236         9.7676528021
        3.5455367000         3.4000000000         1.7130313764         3.6286215531         9.7676528021
        3.5505297000         3.4000000000         1.7079267227         3.6796591023         9.6346781537
        3.5555190000         3.4000000000         1.7181360302         3.7102816318         9.9006274506
        3.5604713000         3.4000000000         1.7079267227         3.7485597937         9.6346781537
        3.5655378000         3.4000000000         1.7283453376         3.7919417105        10.1665767475
        3.5705405000         3.4000000000         1.7053743959         3.8200123625         9.5681908295
        3.5755171000         3.4000000000         1.7155837033         3.8531867695         9.8341401264
        3.5805660000         3.4000000000         1.7079267227         3.8940168088         9.6346781537
        3.5854674000         3.4000000000         1.7028220690         3.9271912158         9.5017035052
        3.5905393000         3.4000000000         1.7130313764         3.9705731326         9.7676528021
        3.5956664000         3.4000000000         1.7232406839         4.0165069269        10.0336020990
        3.6005514000         3.4000000000         1.6951650884         4.0420257015         9.3022415326
        3.6056603000         3.4000000000         1.7104790496         4.0854076183         9.7011654779
        3.6106819000         3.4000000000         1.7028220690         4.1160301478         9.5017035052
        3.6157314000         3.4000000000         1.7130313764         4.1594120646         9.7676528021
        3.6207950000         3.4000000000         1.7181360302         4.2027939814         9.9006274506
        3.6255812000         3.4000000000         1.7283453376         4.2436240207        10.1665767475
        3.6305691000         3.4000000000         1.7130313764         4.2819021826         9.7676528021
        3.6355830000         3.4000000000         1.7232406839         4.3201803445        10.0336020990
        3.6405526000         3.4000000000         1.7104790496         4.3533547515         9.7011654779
        3.6455500000         3.4000000000         1.7028220690         4.3839772810         9.5017035052
        3.6504925000         3.4000000000         1.7104790496         4.4248073203         9.7011654779
        3.6555775000         3.4000000000         1.7104790496         4.4605336047         9.7011654779
        3.6606450000         3.4000000000         1.7130313764         4.5090192765         9.7676528021
        3.6656828000         3.4000000000         1.7053743959         4.5421936834         9.5681908295
        3.6706058000         3.4000000000         1.7130313764         4.5753680904         9.7676528021
        3.6755843000         3.4000000000         1.7206883570         4.6264056396         9.9671147748
        3.6805376000         3.4000000000         1.7028220690         4.6595800465         9.5017035052
        3.6856358000         3.4000000000         1.7104790496         4.6902025760         9.7011654779
        3.6905316000         3.4000000000         1.7257930107         4.7437920027        10.1000894233
        3.6955705000         3.4000000000         1.7181360302         4.7795182871         9.9006274506
        3.7006089000         3.4000000000         1.7053743959         4.8101408166         9.5681908295
        3.7055722000         3.4000000000         1.7155837033         4.8611783658         9.8341401264
        3.7106277000         3.4000000000         1.7181360302         4.8943527728         9.9006274506
        3.7156838000         3.4000000000         1.7181360302         4.9453903219         9.9006274506
        3.7206397000         3.4000000000         1.7257930107         4.9862203613        10.1000894233
        3.7256381000         3.4000000000         1.7155837033         4.9964278711         9.8341401264
        3.7305258000         3.4000000000         1.7283453376         5.0117391359        10.1665767475
        3.7355963000         3.4000000000         1.7130313764         5.0040835035         9.7676528021
        3.7404710000         3.4000000000         1.7385546450         5.0015316260        10.4325260444
        3.7455487000         3.4000000000         1.7104790496         1.1073666236         9.7011654779
        3.7505414000         3.4000000000         1.7257930107         0.0075074388        10.1000894233
        3.7555421000         3.4000000000         1.7308976644        -0.0001481936        10.2330640717
        3.7605688000         3.4000000000         1.7487639524         0.0024036839        10.6984753413
        3.7656794000         3.4000000000         1.7104790496         0.0177149486         9.7011654779
        3.7714373000         3.4000000000         1.7130313764         0.0610968654         9.7676528021
        3.7755115000         3.4000000000         1.7079267227         0.0942712724         9.6346781537
        3.7806180000         3.4000000000         1.7385546450         0.1376531892        10.4325260444
        3.7856400000         3.4000000000         1.7104790496         0.1784832285         9.7011654779
        3.7906615000         3.4000000000         1.7181360302         0.2091057580         9.9006274506
        3.7955898000         3.4000000000         1.7104790496         0.2524876748         9.7011654779
        3.8006599000         3.4000000000         1.7181360302         0.2907658367         9.9006274506
        3.8056560000         3.4000000000         1.7130313764         0.3290439986         9.7676528021
        3.8106646000         3.4000000000         1.7334499913         0.3724259154        10.2995513960
        3.8155462000         3.4000000000         1.7053743959         0.4030484449         9.5681908295
        3.8208022000         3.4000000000         1.7104790496         0.4515341166         9.7011654779
        3.8255806000         3.4000000000         1.7155837033         0.4872604011         9.8341401264
        3.8305487000         3.4000000000         1.7334499913         0.5255385629        10.2995513960
        3.8358330000         3.4000000000         1.7028220690         0.5612648474         9.5017035052
        3.8405675000         3.4000000000         1.7181360302         0.6046467642         9.9006274506
        3.8456541000         3.4000000000         1.7257930107         0.6403730486        10.1000894233
        3.8505636000         3.4000000000         1.7104790496         0.6735474556         9.7011654779
        3.8554628000         3.4000000000         1.7104790496         0.7092737400         9.7011654779
        3.8605354000         3.4000000000         1.7002697422         0.7577594117         9.4352161810
        3.8656231000         3.4000000000         1.6977174153         0.7883819412         9.3687288568
        3.8705700000         3.4000000000         1.7334499913         0.8317638580        10.2995513960
        3.8756189000         3.4000000000         1.7308976644         0.8649382650        10.2330640717
        3.8806509000         3.4000000000         1.7104790496         0.9108720593         9.7011654779
        3.8857614000         3.4000000000         1.7181360302         0.9389427113         9.9006274506
        3.8905399000         3.4000000000         1.7053743959         0.9721171183         9.5681908295
        3.8955936000         3.4000000000         1.7002697422         1.0103952802         9.4352161810
        3.9005961000         3.4000000000         1.6926127616         1.0461215646         9.2357542083
        3.9055572000         3.4000000000         1.7079267227         1.0818478490         9.6346781537
        3.9106224000         3.4000000000         1.6900604347         1.1099185011         9.1692668841
        3.9155208000         3.4000000000         1.6926127616         1.1584041728         9.2357542083
        3.9205401000         3.4000000000         1.7028220690         1.1890267023         9.5017035052
        3.9256562000         3.4000000000         1.7002697422         1.2273048642         9.4352161810
        3.9306529000         3.4000000000         1.7028220690         1.2630311486         9.5017035052
        3.9356890000         3.4000000000         1.6926127616         1.2859980457         9.2357542083
        3.9405799000         3.4000000000         1.6926127616         1.3217243302         9.2357542083
        3.9454499000         3.4000000000         1.6875081079         1.3600024920         9.1027795599
        3.9506983000         3.4000000000         1.7079267227         1.4033844088         9.6346781537
        3.9557401000         3.4000000000         1.6900604347         1.4314550609         9.1692668841
        3.9605510000         3.4000000000         1.7028220690         1.4722851002         9.5017035052
        3.9655422000         3.4000000000         1.7104790496         1.5105632621         9.7011654779
        3.9705867000         3.4000000000         1.7053743959         1.5462895465         9.5681908295
        3.9755773000         3.4000000000         1.6951650884         1.5794639535         9.3022415326
        3.9805454000         3.4000000000         1.7053743959         1.6049827281         9.5681908295
        3.9855192000         3.4000000000         1.7028220690         1.6560202773         9.5017035052
        3.9905605000         3.4000000000         1.7130313764         1.6866428068         9.7676528021
        3.9955495000         3.4000000000         1.7028220690         1.7223690912         9.5017035052
        4.0006478000         3.4000000000         1.7002697422         1.7580953756         9.4352161810
