% Sweep Step 27/200  Vcmd=2.6400V  CW 
% Vg_offset=1.338069V  K_gimbal=26.049690

Time[s]              Vcmd[V]              Vg_raw[V]            Pot[V]             Omega[rad/s]
        0.0022846000         2.6400000000         1.3454963091         3.3708819297         0.1934781135
        0.0056342000         2.6400000000         1.3378393285         3.3657781748        -0.0059838592
        0.0105308000         2.6400000000         1.3454963091         3.3708819297         0.1934781135
        0.0156359000         2.6400000000         1.3454963091         3.3708819297         0.1934781135
        0.0205533000         2.6400000000         1.3301823480         3.3581225424        -0.2054458319
        0.0255775000         2.6400000000         1.3327346748         3.3606744199        -0.1389585076
        0.0305558000         2.6400000000         1.3429439823         3.3734338072         0.1269907893
        0.0355282000         2.6400000000         1.3429439823         3.3708819297         0.1269907893
        0.0405843000         2.6400000000         1.3352870017         3.3657781748        -0.0724711834
        0.0455180000         2.6400000000         1.3378393285         3.3657781748        -0.0059838592
        0.0505713000         2.6400000000         1.3378393285         3.3632262974        -0.0059838592
        0.0554971000         2.6400000000         1.3327346748         3.3606744199        -0.1389585076
        0.0604693000         2.6400000000         1.3454963091         3.3708819297         0.1934781135
        0.0656338000         2.6400000000         1.3378393285         3.3657781748        -0.0059838592
        0.0705237000         2.6400000000         1.3429439823         3.3708819297         0.1269907893
        0.0754710000         2.6400000000         1.3327346748         3.3606744199        -0.1389585076
        0.0805103000         2.6400000000         1.3454963091         3.3734338072         0.1934781135
        0.0855758000         2.6400000000         1.3582579434         3.3657781748         0.5259147346
        0.0905210000         2.6400000000         1.3378393285         3.3657781748        -0.0059838592
        0.0955128000         2.6400000000         1.3327346748         3.3581225424        -0.1389585076
        0.1005184000         2.6400000000         1.3454963091         3.3708819297         0.1934781135
        0.1054727000         2.6400000000         1.3352870017         3.3606744199        -0.0724711834
        0.1105616000         2.6400000000         1.3454963091         3.3734338072         0.1934781135
        0.1155369000         2.6400000000         1.3352870017         3.3657781748        -0.0724711834
        0.1205111000         2.6400000000         1.3403916554         3.3632262974         0.0605034650
        0.1254602000         2.6400000000         1.3327346748         3.3606744199        -0.1389585076
        0.1304945000         2.6400000000         1.3403916554         3.3734338072         0.0605034650
        0.1354726000         2.6400000000         1.3301823480         3.3606744199        -0.2054458319
        0.1405179000         2.6400000000         1.3378393285         3.3683300523        -0.0059838592
        0.1455790000         2.6400000000         1.3454963091         3.3734338072         0.1934781135
        0.1504793000         2.6400000000         1.3378393285         3.3657781748        -0.0059838592
        0.1555720000         2.6400000000         1.3429439823         3.3683300523         0.1269907893
        0.1605379000         2.6400000000         1.3378393285         3.3708819297        -0.0059838592
        0.1654785000         2.6400000000         1.3301823480         3.3606744199        -0.2054458319
        0.1705562000         2.6400000000         1.3429439823         3.3734338072         0.1269907893
        0.1756290000         2.6400000000         1.3327346748         3.3606744199        -0.1389585076
        0.1825074000         2.6400000000         1.3403916554         3.3683300523         0.0605034650
        0.1855967000         2.6400000000         1.3378393285         3.3657781748        -0.0059838592
        0.1905580000         2.6400000000         1.3454963091         3.3708819297         0.1934781135
        0.1954569000         2.6400000000         1.3378393285         3.3657781748        -0.0059838592
        0.2005262000         2.6400000000         1.3327346748         3.3606744199        -0.1389585076
        0.2055851000         2.6400000000         1.3454963091         3.3734338072         0.1934781135
        0.2105294000         2.6400000000         1.3378393285         3.3657781748        -0.0059838592
        0.2154849000         2.6400000000         1.3403916554         3.3657781748         0.0605034650
        0.2205724000         2.6400000000         1.3403916554         3.3657781748         0.0605034650
        0.2255406000         2.6400000000         1.3454963091         3.3734338072         0.1934781135
        0.2305713000         2.6400000000         1.3659149240         3.3734338072         0.7253767073
        0.2355277000         2.6400000000         1.3378393285         3.3734338072        -0.0059838592
        0.2407237000         2.6400000000         1.3378393285         3.3657781748        -0.0059838592
        0.2456390000         2.6400000000         1.3378393285         3.3657781748        -0.0059838592
        0.2506554000         2.6400000000         1.3633625971         3.3606744199         0.6588893831
        0.2556561000         2.6400000000         1.3429439823         3.3734338072         0.1269907893
        0.2605286000         2.6400000000         1.3352870017         3.3657781748        -0.0724711834
        0.2656487000         2.6400000000         1.3352870017         3.3657781748        -0.0724711834
        0.2706122000         2.6400000000         1.3378393285         3.3683300523        -0.0059838592
        0.2755754000         2.6400000000         1.3352870017         3.3683300523        -0.0724711834
        0.2805495000         2.6400000000         1.3352870017         3.3657781748        -0.0724711834
        0.2855219000         2.6400000000         1.3352870017         3.3734338072        -0.0724711834
        0.2905527000         2.6400000000         1.3429439823         3.3657781748         0.1269907893
        0.2956009000         2.6400000000         1.3403916554         3.3632262974         0.0605034650
        0.3005953000         2.6400000000         1.3429439823         3.3759856847         0.1269907893
        0.3056439000         2.6400000000         1.3301823480         3.3632262974        -0.2054458319
        0.3105179000         2.6400000000         1.3429439823         3.3734338072         0.1269907893
        0.3156167000         2.6400000000         1.3327346748         3.3606744199        -0.1389585076
        0.3206420000         2.6400000000         1.3327346748         3.3632262974        -0.1389585076
        0.3256453000         2.6400000000         1.3454963091         3.3708819297         0.1934781135
        0.3306486000         2.6400000000         1.3327346748         3.3606744199        -0.1389585076
        0.3356210000         2.6400000000         1.3378393285         3.3657781748        -0.0059838592
        0.3405306000         2.6400000000         1.3327346748         3.3632262974        -0.1389585076
        0.3454757000         2.6400000000         1.3301823480         3.3606744199        -0.2054458319
        0.3505529000         2.6400000000         1.3403916554         3.3657781748         0.0605034650
        0.3555525000         2.6400000000         1.3378393285         3.3657781748        -0.0059838592
        0.3604987000         2.6400000000         1.3352870017         3.3657781748        -0.0724711834
        0.3655481000         2.6400000000         1.3378393285         3.3632262974        -0.0059838592
        0.3704853000         2.6400000000         1.3480486360         3.3708819297         0.2599654377
        0.3754668000         2.6400000000         1.3327346748         3.3606744199        -0.1389585076
        0.3805031000         2.6400000000         1.3378393285         3.3657781748        -0.0059838592
        0.3855695000         2.6400000000         1.3378393285         3.3657781748        -0.0059838592
        0.3906050000         2.6400000000         1.3454963091         3.3734338072         0.1934781135
        0.3954847000         2.6400000000         1.3327346748         3.3606744199        -0.1389585076
        0.4004679000         2.6400000000         1.3378393285         3.3683300523        -0.0059838592
        0.4055375000         2.6400000000         1.3429439823         3.3734338072         0.1269907893
        0.4106004000         2.6400000000         1.3378393285         3.3657781748        -0.0059838592
        0.4155214000         2.6400000000         1.3378393285         3.3632262974        -0.0059838592
        0.4205664000         2.6400000000         1.3403916554         3.3632262974         0.0605034650
        0.4255499000         2.6400000000         1.3352870017         3.3683300523        -0.0724711834
        0.4305556000         2.6400000000         1.3403916554         3.3657781748         0.0605034650
        0.4355236000         2.6400000000         1.3378393285         3.3657781748        -0.0059838592
        0.4404577000         2.6400000000         1.3352870017         3.3657781748        -0.0724711834
        0.4454682000         2.6400000000         1.3327346748         3.3606744199        -0.1389585076
        0.4504649000         2.6400000000         1.3276300211         3.3632262974        -0.2719331561
        0.4555261000         2.6400000000         1.3429439823         3.3734338072         0.1269907893
        0.4604526000         2.6400000000         1.3480486360         3.3606744199         0.2599654377
        0.4655700000         2.6400000000         1.3429439823         3.3708819297         0.1269907893
        0.4705853000         2.6400000000         1.3429439823         3.3734338072         0.1269907893
        0.4756125000         2.6400000000         1.3301823480         3.3606744199        -0.2054458319
        0.4806174000         2.6400000000         1.3454963091         3.3734338072         0.1934781135
        0.4855044000         2.6400000000         1.3403916554         3.3657781748         0.0605034650
        0.4906284000         2.6400000000         1.3352870017         3.3657781748        -0.0724711834
        0.4956262000         2.6400000000         1.3454963091         3.3708819297         0.1934781135
        0.5005439000         2.6400000000         1.3684672508         3.3734338072         0.7918640315
        0.5055964000         2.6400000000         1.3454963091         3.3734338072         0.1934781135
        0.5106818000         2.6400000000         1.3480486360         3.3734338072         0.2599654377
        0.5156431000         2.6400000000         1.3429439823         3.3657781748         0.1269907893
        0.5208208000         2.6400000000         1.3378393285         3.3657781748        -0.0059838592
        0.5255123000         2.6400000000         1.3480486360         3.3734338072         0.2599654377
        0.5304962000         2.6400000000         1.3327346748         3.3606744199        -0.1389585076
        0.5356391000         2.6400000000         1.3429439823         3.3606744199         0.1269907893
        0.5405112000         2.6400000000         1.3378393285         3.3657781748        -0.0059838592
        0.5456361000         2.6400000000         1.3378393285         3.3632262974        -0.0059838592
        0.5505810000         2.6400000000         1.3429439823         3.3708819297         0.1269907893
        0.5556276000         2.6400000000         1.3378393285         3.3657781748        -0.0059838592
        0.5605419000         2.6400000000         1.3403916554         3.3632262974         0.0605034650
        0.5656594000         2.6400000000         1.3301823480         3.3606744199        -0.2054458319
        0.5704645000         2.6400000000         1.3403916554         3.3657781748         0.0605034650
        0.5756528000         2.6400000000         1.3454963091         3.3734338072         0.1934781135
        0.5806663000         2.6400000000         1.3403916554         3.3657781748         0.0605034650
        0.5855055000         2.6400000000         1.3378393285         3.3657781748        -0.0059838592
        0.5905483000         2.6400000000         1.3378393285         3.3657781748        -0.0059838592
        0.5955291000         2.6400000000         1.3429439823         3.3734338072         0.1269907893
        0.6006240000         2.6400000000         1.3403916554         3.3657781748         0.0605034650
        0.6056486000         2.6400000000         1.3327346748         3.3606744199        -0.1389585076
        0.6106380000         2.6400000000         1.3454963091         3.3734338072         0.1934781135
        0.6155199000         2.6400000000         1.3301823480         3.3606744199        -0.2054458319
        0.6206439000         2.6400000000         1.3378393285         3.3683300523        -0.0059838592
        0.6256293000         2.6400000000         1.3352870017         3.3657781748        -0.0724711834
        0.6306402000         2.6400000000         1.3327346748         3.3632262974        -0.1389585076
        0.6356092000         2.6400000000         1.3301823480         3.3581225424        -0.2054458319
        0.6406451000         2.6400000000         1.3429439823         3.3708819297         0.1269907893
        0.6455420000         2.6400000000         1.3378393285         3.3683300523        -0.0059838592
        0.6506221000         2.6400000000         1.3378393285         3.3657781748        -0.0059838592
        0.6556838000         2.6400000000         1.3352870017         3.3606744199        -0.0724711834
        0.6606777000         2.6400000000         1.3301823480         3.3606744199        -0.2054458319
        0.6655171000         2.6400000000         1.3378393285         3.3657781748        -0.0059838592
        0.6705917000         2.6400000000         1.3429439823         3.3734338072         0.1269907893
        0.6757074000         2.6400000000         1.3327346748         3.3606744199        -0.1389585076
        0.6806407000         2.6400000000         1.3633625971         3.3657781748         0.6588893831
        0.6856467000         2.6400000000         1.3429439823         3.3734338072         0.1269907893
        0.6906485000         2.6400000000         1.3378393285         3.3657781748        -0.0059838592
        0.6954757000         2.6400000000         1.3327346748         3.3581225424        -0.1389585076
        0.7006409000         2.6400000000         1.3454963091         3.3734338072         0.1934781135
        0.7054580000         2.6400000000         1.3378393285         3.3657781748        -0.0059838592
        0.7105844000         2.6400000000         1.3352870017         3.3708819297        -0.0724711834
        0.7154964000         2.6400000000         1.3454963091         3.3734338072         0.1934781135
        0.7204568000         2.6400000000         1.3429439823         3.3734338072         0.1269907893
        0.7255251000         2.6400000000         1.3429439823         3.3734338072         0.1269907893
        0.7304991000         2.6400000000         1.3352870017         3.3683300523        -0.0724711834
        0.7354615000         2.6400000000         1.3378393285         3.3657781748        -0.0059838592
        0.7404803000         2.6400000000         1.3429439823         3.3734338072         0.1269907893
        0.7455496000         2.6400000000         1.3301823480         3.3581225424        -0.2054458319
        0.7505353000         2.6400000000         1.3250776943         3.3632262974        -0.3384204803
        0.7554789000         2.6400000000         1.3454963091         3.3734338072         0.1934781135
        0.7604748000         2.6400000000         1.3327346748         3.3581225424        -0.1389585076
        0.7655484000         2.6400000000         1.3301823480         3.3606744199        -0.2054458319
        0.7705029000         2.6400000000         1.3352870017         3.3683300523        -0.0724711834
        0.7755201000         2.6400000000         1.3327346748         3.3581225424        -0.1389585076
        0.7805637000         2.6400000000         1.3327346748         3.3606744199        -0.1389585076
        0.7854740000         2.6400000000         1.3378393285         3.3657781748        -0.0059838592
        0.7904744000         2.6400000000         1.3327346748         3.3606744199        -0.1389585076
        0.7955692000         2.6400000000         1.3378393285         3.3657781748        -0.0059838592
        0.8005001000         2.6400000000         1.3454963091         3.3734338072         0.1934781135
        0.8055324000         2.6400000000         1.3378393285         3.3632262974        -0.0059838592
        0.8106159000         2.6400000000         1.3352870017         3.3657781748        -0.0724711834
        0.8155607000         2.6400000000         1.3429439823         3.3708819297         0.1269907893
        0.8204586000         2.6400000000         1.3429439823         3.3657781748         0.1269907893
        0.8255179000         2.6400000000         1.3454963091         3.3657781748         0.1934781135
        0.8304782000         2.6400000000         1.3352870017         3.3657781748        -0.0724711834
        0.8355891000         2.6400000000         1.3378393285         3.3683300523        -0.0059838592
        0.8405507000         2.6400000000         1.3403916554         3.3657781748         0.0605034650
        0.8454645000         2.6400000000         1.3378393285         3.3657781748        -0.0059838592
        0.8505353000         2.6400000000         1.3352870017         3.3606744199        -0.0724711834
        0.8554869000         2.6400000000         1.3352870017         3.3657781748        -0.0724711834
        0.8604944000         2.6400000000         1.3429439823         3.3708819297         0.1269907893
        0.8654600000         2.6400000000         1.3327346748         3.3606744199        -0.1389585076
        0.8704956000         2.6400000000         1.3352870017         3.3683300523        -0.0724711834
        0.8754853000         2.6400000000         1.3352870017         3.3657781748        -0.0724711834
        0.8804331000         2.6400000000         1.3301823480         3.3632262974        -0.2054458319
        0.8855651000         2.6400000000         1.3327346748         3.3606744199        -0.1389585076
        0.8904720000         2.6400000000         1.3429439823         3.3734338072         0.1269907893
        0.8954987000         2.6400000000         1.3352870017         3.3657781748        -0.0724711834
        0.9005375000         2.6400000000         1.3403916554         3.3657781748         0.0605034650
        0.9055295000         2.6400000000         1.3735719045         3.3657781748         0.9248386800
        0.9105289000         2.6400000000         1.3378393285         3.3657781748        -0.0059838592
        0.9155235000         2.6400000000         1.3327346748         3.3581225424        -0.1389585076
        0.9205400000         2.6400000000         1.3735719045         3.3657781748         0.9248386800
        0.9255940000         2.6400000000         1.3378393285         3.3657781748        -0.0059838592
        0.9304533000         2.6400000000         1.3301823480         3.3581225424        -0.2054458319
        0.9355936000         2.6400000000         1.3403916554         3.3708819297         0.0605034650
        0.9406544000         2.6400000000         1.3454963091         3.3734338072         0.1934781135
        0.9456365000         2.6400000000         1.3403916554         3.3632262974         0.0605034650
        0.9506365000         2.6400000000         1.3378393285         3.3657781748        -0.0059838592
        0.9557849000         2.6400000000         1.3608102703         3.3657781748         0.5924020589
        0.9606211000         2.6400000000         1.3378393285         3.3632262974        -0.0059838592
        0.9657440000         2.6400000000         1.3378393285         3.3632262974        -0.0059838592
        0.9706667000         2.6400000000         1.3454963091         3.3708819297         0.1934781135
        0.9758199000         2.6400000000         1.3327346748         3.3632262974        -0.1389585076
        0.9822006000         2.6400000000         1.3761242314         3.3657781748         0.9913260042
        0.9859072000         2.6400000000         1.3454963091         3.3708819297         0.1934781135
        0.9905585000         2.6400000000         1.3378393285         3.3657781748        -0.0059838592
        0.9955391000         2.6400000000         1.3378393285         3.3657781748        -0.0059838592
        1.0004747000         2.6400000000         1.3327346748         3.3606744199        -0.1389585076
        1.0056222000         2.6400000000         1.3378393285         3.3657781748        -0.0059838592
        1.0104793000         2.6400000000         1.3327346748         3.3606744199        -0.1389585076
        1.0154804000         2.6400000000         1.3454963091         3.3734338072         0.1934781135
        1.0205466000         2.6400000000         1.3454963091         3.3632262974         0.1934781135
        1.0256521000         2.6400000000         1.3378393285         3.3657781748        -0.0059838592
        1.0305363000         2.6400000000         1.3378393285         3.3657781748        -0.0059838592
        1.0356167000         2.6400000000         1.3403916554         3.3632262974         0.0605034650
        1.0405918000         2.6400000000         1.3276300211         3.3657781748        -0.2719331561
        1.0455717000         2.6400000000         1.3429439823         3.3657781748         0.1269907893
        1.0505626000         2.6400000000         1.3557056165         3.3683300523         0.4594274104
        1.0555981000         2.6400000000         1.3378393285         3.3683300523        -0.0059838592
        1.0605113000         2.6400000000         1.3454963091         3.3708819297         0.1934781135
        1.0655772000         2.6400000000         1.3429439823         3.3734338072         0.1269907893
        1.0707954000         2.6400000000         1.3403916554         3.3657781748         0.0605034650
        1.0756992000         2.6400000000         1.3378393285         3.3683300523        -0.0059838592
        1.0806344000         2.6400000000         1.3301823480         3.3606744199        -0.2054458319
        1.0856793000         2.6400000000         1.3403916554         3.3632262974         0.0605034650
        1.0906919000         2.6400000000         1.3352870017         3.3657781748        -0.0724711834
        1.0956113000         2.6400000000         1.3301823480         3.3632262974        -0.2054458319
        1.1006783000         2.6400000000         1.3429439823         3.3708819297         0.1269907893
        1.1056363000         2.6400000000         1.3327346748         3.3632262974        -0.1389585076
        1.1105752000         2.6400000000         1.3454963091         3.3734338072         0.1934781135
        1.1156916000         2.6400000000         1.3403916554         3.3657781748         0.0605034650
        1.1206899000         2.6400000000         1.3582579434         3.3657781748         0.5259147346
        1.1256046000         2.6400000000         1.3454963091         3.3734338072         0.1934781135
        1.1307244000         2.6400000000         1.3684672508         3.3657781748         0.7918640315
        1.1355687000         2.6400000000         1.3352870017         3.3657781748        -0.0724711834
        1.1405956000         2.6400000000         1.3327346748         3.3606744199        -0.1389585076
        1.1454652000         2.6400000000         1.3429439823         3.3708819297         0.1269907893
        1.1506339000         2.6400000000         1.3327346748         3.3581225424        -0.1389585076
        1.1555403000         2.6400000000         1.3301823480         3.3632262974        -0.2054458319
        1.1605902000         2.6400000000         1.3454963091         3.3708819297         0.1934781135
        1.1656192000         2.6400000000         1.3429439823         3.3734338072         0.1269907893
        1.1705471000         2.6400000000         1.3429439823         3.3708819297         0.1269907893
        1.1755715000         2.6400000000         1.3531532897         3.3657781748         0.3929400862
        1.1806501000         2.6400000000         1.3301823480         3.3632262974        -0.2054458319
        1.1855123000         2.6400000000         1.3429439823         3.3734338072         0.1269907893
        1.1905125000         2.6400000000         1.3531532897         3.3708819297         0.3929400862
        1.1955035000         2.6400000000         1.3276300211         3.3581225424        -0.2719331561
        1.2005182000         2.6400000000         1.3352870017         3.3632262974        -0.0724711834
        1.2054754000         2.6400000000         1.3454963091         3.3734338072         0.1934781135
        1.2105214000         2.6400000000         1.3429439823         3.3708819297         0.1269907893
        1.2155672000         2.6400000000         1.3378393285         3.3632262974        -0.0059838592
        1.2205116000         2.6400000000         1.3301823480         3.3632262974        -0.2054458319
        1.2255181000         2.6400000000         1.3327346748         3.3606744199        -0.1389585076
        1.2305468000         2.6400000000         1.3378393285         3.3657781748        -0.0059838592
        1.2354938000         2.6400000000         1.3327346748         3.3632262974        -0.1389585076
        1.2405010000         2.6400000000         1.3378393285         3.3708819297        -0.0059838592
        1.2455794000         2.6400000000         1.3378393285         3.3708819297        -0.0059838592
        1.2504690000         2.6400000000         1.3378393285         3.3657781748        -0.0059838592
        1.2554579000         2.6400000000         1.3403916554         3.3632262974         0.0605034650
        1.2604905000         2.6400000000         1.3301823480         3.3632262974        -0.2054458319
        1.2655351000         2.6400000000         1.3429439823         3.3657781748         0.1269907893
        1.2705192000         2.6400000000         1.3378393285         3.3657781748        -0.0059838592
        1.2754334000         2.6400000000         1.3378393285         3.3683300523        -0.0059838592
        1.2804398000         2.6400000000         1.3327346748         3.3632262974        -0.1389585076
        1.2854999000         2.6400000000         1.3403916554         3.3632262974         0.0605034650
        1.2904681000         2.6400000000         1.3378393285         3.3657781748        -0.0059838592
        1.2955900000         2.6400000000         1.3378393285         3.3657781748        -0.0059838592
        1.3005649000         2.6400000000         1.3812288851         3.3657781748         1.1243006527
        1.3054446000         2.6400000000         1.3352870017         3.3657781748        -0.0724711834
        1.3106303000         2.6400000000         1.3378393285         3.3683300523        -0.0059838592
        1.3155425000         2.6400000000         1.3454963091         3.3734338072         0.1934781135
        1.3204939000         2.6400000000         1.3378393285         3.3632262974        -0.0059838592
        1.3254990000         2.6400000000         1.3301823480         3.3632262974        -0.2054458319
        1.3305043000         2.6400000000         1.3378393285         3.3657781748        -0.0059838592
        1.3355181000         2.6400000000         1.3378393285         3.3657781748        -0.0059838592
        1.3406414000         2.6400000000         1.3352870017         3.3734338072        -0.0724711834
        1.3455310000         2.6400000000         1.3454963091         3.3785375621         0.1934781135
        1.3505843000         2.6400000000         1.3378393285         3.3657781748        -0.0059838592
        1.3555350000         2.6400000000         1.3378393285         3.3632262974        -0.0059838592
        1.3606347000         2.6400000000         1.3429439823         3.3657781748         0.1269907893
        1.3655143000         2.6400000000         1.3429439823         3.3657781748         0.1269907893
        1.3704789000         2.6400000000         1.3454963091         3.3632262974         0.1934781135
        1.3755058000         2.6400000000         1.3352870017         3.3657781748        -0.0724711834
        1.3804713000         2.6400000000         1.3429439823         3.3734338072         0.1269907893
        1.3855121000         2.6400000000         1.3352870017         3.3683300523        -0.0724711834
        1.3906156000         2.6400000000         1.3378393285         3.3632262974        -0.0059838592
        1.3956898000         2.6400000000         1.3429439823         3.3708819297         0.1269907893
        1.4005857000         2.6400000000         1.3301823480         3.3581225424        -0.2054458319
        1.4055298000         2.6400000000         1.3429439823         3.3734338072         0.1269907893
        1.4104998000         2.6400000000         1.3378393285         3.3657781748        -0.0059838592
        1.4155077000         2.6400000000         1.3378393285         3.3657781748        -0.0059838592
        1.4205073000         2.6400000000         1.3301823480         3.3606744199        -0.2054458319
        1.4254367000         2.6400000000         1.3327346748         3.3606744199        -0.1389585076
        1.4305102000         2.6400000000         1.3352870017         3.3683300523        -0.0724711834
        1.4356839000         2.6400000000         1.3454963091         3.3734338072         0.1934781135
        1.4405035000         2.6400000000         1.3378393285         3.3657781748        -0.0059838592
        1.4454750000         2.6400000000         1.3429439823         3.3657781748         0.1269907893
        1.4505131000         2.6400000000         1.3454963091         3.3734338072         0.1934781135
        1.4554174000         2.6400000000         1.3352870017         3.3657781748        -0.0724711834
        1.4604573000         2.6400000000         1.3378393285         3.3632262974        -0.0059838592
        1.4654111000         2.6400000000         1.3352870017         3.3632262974        -0.0724711834
        1.4704542000         2.6400000000         1.3582579434         3.3632262974         0.5259147346
        1.4755254000         2.6400000000         1.3378393285         3.3657781748        -0.0059838592
        1.4804186000         2.6400000000         1.3378393285         3.3657781748        -0.0059838592
        1.4854568000         2.6400000000         1.3301823480         3.3581225424        -0.2054458319
        1.4904325000         2.6400000000         1.3378393285         3.3657781748        -0.0059838592
        1.4954454000         2.6400000000         1.3403916554         3.3657781748         0.0605034650
        1.5004897000         2.6400000000         1.3378393285         3.3632262974        -0.0059838592
        1.5054450000         2.6400000000         1.3403916554         3.3657781748         0.0605034650
        1.5104658000         2.6400000000         1.3352870017         3.3657781748        -0.0724711834
        1.5154594000         2.6400000000         1.3429439823         3.3657781748         0.1269907893
        1.5205131000         2.6400000000         1.3378393285         3.3657781748        -0.0059838592
        1.5254488000         2.6400000000         1.3429439823         3.3708819297         0.1269907893
        1.5304507000         2.6400000000         1.3378393285         3.3657781748        -0.0059838592
        1.5354332000         2.6400000000         1.3429439823         3.3734338072         0.1269907893
        1.5404969000         2.6400000000         1.3429439823         3.3734338072         0.1269907893
        1.5454242000         2.6400000000         1.3378393285         3.3657781748        -0.0059838592
        1.5505118000         2.6400000000         1.3403916554         3.3683300523         0.0605034650
        1.5554446000         2.6400000000         1.3403916554         3.3657781748         0.0605034650
        1.5604554000         2.6400000000         1.3378393285         3.3657781748        -0.0059838592
        1.5654453000         2.6400000000         1.3378393285         3.3683300523        -0.0059838592
        1.5704765000         2.6400000000         1.3352870017         3.3657781748        -0.0724711834
        1.5754166000         2.6400000000         1.3327346748         3.3606744199        -0.1389585076
        1.5804692000         2.6400000000         1.3352870017         3.3683300523        -0.0724711834
        1.5854559000         2.6400000000         1.3454963091         3.3759856847         0.1934781135
        1.5905054000         2.6400000000         1.3352870017         3.3657781748        -0.0724711834
        1.5955032000         2.6400000000         1.3403916554         3.3657781748         0.0605034650
        1.6005004000         2.6400000000         1.3429439823         3.3708819297         0.1269907893
        1.6055615000         2.6400000000         1.3454963091         3.3708819297         0.1934781135
        1.6104607000         2.6400000000         1.3301823480         3.3632262974        -0.2054458319
        1.6154513000         2.6400000000         1.3378393285         3.3657781748        -0.0059838592
        1.6204162000         2.6400000000         1.3352870017         3.3657781748        -0.0724711834
        1.6254964000         2.6400000000         1.3454963091         3.3734338072         0.1934781135
        1.6304411000         2.6400000000         1.3378393285         3.3657781748        -0.0059838592
        1.6354941000         2.6400000000         1.3352870017         3.3657781748        -0.0724711834
        1.6404996000         2.6400000000         1.3403916554         3.3683300523         0.0605034650
        1.6454963000         2.6400000000         1.3378393285         3.3632262974        -0.0059838592
        1.6505058000         2.6400000000         1.3378393285         3.3657781748        -0.0059838592
        1.6555790000         2.6400000000         1.3378393285         3.3657781748        -0.0059838592
        1.6605104000         2.6400000000         1.3327346748         3.3632262974        -0.1389585076
        1.6654303000         2.6400000000         1.3378393285         3.3632262974        -0.0059838592
        1.6704677000         2.6400000000         1.3403916554         3.3632262974         0.0605034650
        1.6755028000         2.6400000000         1.3327346748         3.3606744199        -0.1389585076
        1.6805325000         2.6400000000         1.3429439823         3.3708819297         0.1269907893
        1.6854702000         2.6400000000         1.3429439823         3.3657781748         0.1269907893
        1.6905476000         2.6400000000         1.3812288851         3.3734338072         1.1243006527
        1.6955428000         2.6400000000         1.3327346748         3.3632262974        -0.1389585076
        1.7004638000         2.6400000000         1.3301823480         3.3606744199        -0.2054458319
        1.7054726000         2.6400000000         1.3378393285         3.3657781748        -0.0059838592
        1.7105543000         2.6400000000         1.3429439823         3.3657781748         0.1269907893
        1.7154508000         2.6400000000         1.3429439823         3.3708819297         0.1269907893
        1.7205040000         2.6400000000         1.3378393285         3.3657781748        -0.0059838592
        1.7254391000         2.6400000000         1.3352870017         3.3657781748        -0.0724711834
        1.7305174000         2.6400000000         1.3378393285         3.3581225424        -0.0059838592
        1.7354946000         2.6400000000         1.3429439823         3.3734338072         0.1269907893
        1.7405538000         2.6400000000         1.3352870017         3.3683300523        -0.0724711834
        1.7455679000         2.6400000000         1.3352870017         3.3606744199        -0.0724711834
        1.7505379000         2.6400000000         1.3454963091         3.3734338072         0.1934781135
        1.7555094000         2.6400000000         1.3429439823         3.3734338072         0.1269907893
        1.7605128000         2.6400000000         1.3301823480         3.3632262974        -0.2054458319
        1.7655044000         2.6400000000         1.3301823480         3.3606744199        -0.2054458319
        1.7704400000         2.6400000000         1.3429439823         3.3708819297         0.1269907893
        1.7754457000         2.6400000000         1.3327346748         3.3606744199        -0.1389585076
        1.7804862000         2.6400000000         1.3352870017         3.3657781748        -0.0724711834
        1.7854469000         2.6400000000         1.3327346748         3.3606744199        -0.1389585076
        1.7905957000         2.6400000000         1.3327346748         3.3606744199        -0.1389585076
        1.7955257000         2.6400000000         1.3352870017         3.3657781748        -0.0724711834
        1.8004855000         2.6400000000         1.3429439823         3.3734338072         0.1269907893
        1.8054447000         2.6400000000         1.3301823480         3.3606744199        -0.2054458319
        1.8104542000         2.6400000000         1.3327346748         3.3606744199        -0.1389585076
        1.8154501000         2.6400000000         1.3454963091         3.3708819297         0.1934781135
        1.8205052000         2.6400000000         1.3454963091         3.3734338072         0.1934781135
        1.8254994000         2.6400000000         1.3429439823         3.3632262974         0.1269907893
        1.8304775000         2.6400000000         1.3480486360         3.3734338072         0.2599654377
        1.8354514000         2.6400000000         1.3301823480         3.3606744199        -0.2054458319
        1.8404518000         2.6400000000         1.3276300211         3.3606744199        -0.2719331561
        1.8455326000         2.6400000000         1.3454963091         3.3734338072         0.1934781135
        1.8504358000         2.6400000000         1.3327346748         3.3581225424        -0.1389585076
        1.8554997000         2.6400000000         1.3454963091         3.3708819297         0.1934781135
        1.8605963000         2.6400000000         1.3327346748         3.3632262974        -0.1389585076
        1.8655230000         2.6400000000         1.3429439823         3.3708819297         0.1269907893
        1.8705896000         2.6400000000         1.3250776943         3.3606744199        -0.3384204803
        1.8755374000         2.6400000000         1.3378393285         3.3657781748        -0.0059838592
        1.8804670000         2.6400000000         1.3378393285         3.3657781748        -0.0059838592
        1.8854250000         2.6400000000         1.3301823480         3.3606744199        -0.2054458319
        1.8905012000         2.6400000000         1.3403916554         3.3657781748         0.0605034650
        1.8955068000         2.6400000000         1.3327346748         3.3632262974        -0.1389585076
        1.9004423000         2.6400000000         1.3378393285         3.3683300523        -0.0059838592
        1.9055013000         2.6400000000         1.3352870017         3.3683300523        -0.0724711834
        1.9105218000         2.6400000000         1.3378393285         3.3632262974        -0.0059838592
        1.9154955000         2.6400000000         1.3429439823         3.3708819297         0.1269907893
        1.9205838000         2.6400000000         1.3327346748         3.3606744199        -0.1389585076
        1.9254412000         2.6400000000         1.3301823480         3.3606744199        -0.2054458319
        1.9304666000         2.6400000000         1.3403916554         3.3708819297         0.0605034650
        1.9357378000         2.6400000000         1.3352870017         3.3708819297        -0.0724711834
        1.9405221000         2.6400000000         1.3429439823         3.3734338072         0.1269907893
        1.9454710000         2.6400000000         1.3403916554         3.3683300523         0.0605034650
        1.9505092000         2.6400000000         1.3429439823         3.3708819297         0.1269907893
        1.9555356000         2.6400000000         1.3327346748         3.3606744199        -0.1389585076
        1.9604844000         2.6400000000         1.3454963091         3.3734338072         0.1934781135
        1.9655313000         2.6400000000         1.3327346748         3.3606744199        -0.1389585076
        1.9753060000         2.6400000000         1.3531532897         3.3683300523         0.3929400862
        1.9757603000         2.6400000000         1.3378393285         3.3632262974        -0.0059838592
        1.9805215000         2.6400000000         1.3378393285         3.3657781748        -0.0059838592
        1.9854724000         2.6400000000         1.3429439823         3.3708819297         0.1269907893
        1.9906892000         2.6400000000         1.3403916554         3.3657781748         0.0605034650
        1.9954823000         2.6400000000         1.3327346748         3.3606744199        -0.1389585076
        2.0007445000         2.6400000000         1.3378393285         3.3657781748        -0.0059838592
        2.0054904000         2.6400000000         1.3378393285         3.3683300523        -0.0059838592
        2.0104977000         2.6400000000         1.3378393285         3.3657781748        -0.0059838592
        2.0155393000         2.6400000000         1.3454963091         3.3734338072         0.1934781135
        2.0206812000         2.6400000000         1.3454963091         3.3683300523         0.1934781135
        2.0256505000         2.6400000000         1.3429439823         3.3657781748         0.1269907893
        2.0305617000         2.6400000000         1.3403916554         3.3632262974         0.0605034650
        2.0355341000         2.6400000000         1.3454963091         3.3708819297         0.1934781135
        2.0405662000         2.6400000000         1.3352870017         3.3632262974        -0.0724711834
        2.0454819000         2.6400000000         1.3352870017         3.3657781748        -0.0724711834
        2.0505166000         2.6400000000         1.3301823480         3.3606744199        -0.2054458319
        2.0556423000         2.6400000000         1.3352870017         3.3683300523        -0.0724711834
        2.0605044000         2.6400000000         1.3403916554         3.3632262974         0.0605034650
        2.0654969000         2.6400000000         1.3378393285         3.3632262974        -0.0059838592
        2.0704942000         2.6400000000         1.3327346748         3.3606744199        -0.1389585076
        2.0754902000         2.6400000000         1.3327346748         3.3606744199        -0.1389585076
        2.0804390000         2.6400000000         1.3327346748         3.3657781748        -0.1389585076
        2.0854542000         2.6400000000         1.3352870017         3.3657781748        -0.0724711834
        2.0904534000         2.6400000000         1.3352870017         3.3657781748        -0.0724711834
        2.0954870000         2.6400000000         1.3327346748         3.3606744199        -0.1389585076
        2.1004640000         2.6400000000         1.3352870017         3.3606744199        -0.0724711834
        2.1054548000         2.6400000000         1.3454963091         3.3734338072         0.1934781135
        2.1105786000         2.6400000000         1.3378393285         3.3657781748        -0.0059838592
        2.1154884000         2.6400000000         1.3352870017         3.3657781748        -0.0724711834
        2.1206519000         2.6400000000         1.3378393285         3.3632262974        -0.0059838592
        2.1256116000         2.6400000000         1.3352870017         3.3657781748        -0.0724711834
        2.1305180000         2.6400000000         1.3327346748         3.3606744199        -0.1389585076
        2.1355673000         2.6400000000         1.3378393285         3.3657781748        -0.0059838592
        2.1404923000         2.6400000000         1.3378393285         3.3683300523        -0.0059838592
        2.1455071000         2.6400000000         1.3429439823         3.3734338072         0.1269907893
        2.1504650000         2.6400000000         1.3378393285         3.3632262974        -0.0059838592
        2.1554743000         2.6400000000         1.3327346748         3.3606744199        -0.1389585076
        2.1605040000         2.6400000000         1.3276300211         3.3657781748        -0.2719331561
        2.1654578000         2.6400000000         1.3403916554         3.3734338072         0.0605034650
        2.1705470000         2.6400000000         1.3352870017         3.3606744199        -0.0724711834
        2.1755286000         2.6400000000         1.3429439823         3.3785375621         0.1269907893
        2.1804528000         2.6400000000         1.3378393285         3.3657781748        -0.0059838592
        2.1856291000         2.6400000000         1.3403916554         3.3657781748         0.0605034650
        2.1904465000         2.6400000000         1.3429439823         3.3759856847         0.1269907893
        2.1954481000         2.6400000000         1.3352870017         3.3657781748        -0.0724711834
        2.2006829000         2.6400000000         1.3378393285         3.3657781748        -0.0059838592
        2.2055056000         2.6400000000         1.3378393285         3.3683300523        -0.0059838592
        2.2104295000         2.6400000000         1.3403916554         3.3657781748         0.0605034650
        2.2155750000         2.6400000000         1.3378393285         3.3657781748        -0.0059838592
        2.2204535000         2.6400000000         1.3327346748         3.3606744199        -0.1389585076
        2.2254156000         2.6400000000         1.3301823480         3.3581225424        -0.2054458319
        2.2304674000         2.6400000000         1.3352870017         3.3657781748        -0.0724711834
        2.2354848000         2.6400000000         1.3429439823         3.3759856847         0.1269907893
        2.2404607000         2.6400000000         1.3301823480         3.3657781748        -0.2054458319
        2.2455118000         2.6400000000         1.3378393285         3.3632262974        -0.0059838592
        2.2504613000         2.6400000000         1.3352870017         3.3734338072        -0.0724711834
        2.2554782000         2.6400000000         1.3429439823         3.3708819297         0.1269907893
        2.2605135000         2.6400000000         1.3352870017         3.3657781748        -0.0724711834
        2.2654798000         2.6400000000         1.3301823480         3.3606744199        -0.2054458319
        2.2705061000         2.6400000000         1.3429439823         3.3759856847         0.1269907893
        2.2755550000         2.6400000000         1.3378393285         3.3683300523        -0.0059838592
        2.2805273000         2.6400000000         1.3378393285         3.3632262974        -0.0059838592
        2.2856232000         2.6400000000         1.3378393285         3.3657781748        -0.0059838592
        2.2905216000         2.6400000000         1.3352870017         3.3683300523        -0.0724711834
        2.2955486000         2.6400000000         1.3378393285         3.3657781748        -0.0059838592
        2.3004680000         2.6400000000         1.3378393285         3.3683300523        -0.0059838592
        2.3055586000         2.6400000000         1.3506009628         3.3734338072         0.3264527620
        2.3105538000         2.6400000000         1.3403916554         3.3657781748         0.0605034650
        2.3155652000         2.6400000000         1.3378393285         3.3632262974        -0.0059838592
        2.3204833000         2.6400000000         1.3403916554         3.3683300523         0.0605034650
        2.3255549000         2.6400000000         1.3429439823         3.3708819297         0.1269907893
        2.3306000000         2.6400000000         1.3531532897         3.3657781748         0.3929400862
        2.3354911000         2.6400000000         1.3378393285         3.3632262974        -0.0059838592
        2.3406290000         2.6400000000         1.3301823480         3.3632262974        -0.2054458319
        2.3454709000         2.6400000000         1.3327346748         3.3606744199        -0.1389585076
        2.3505430000         2.6400000000         1.3352870017         3.3657781748        -0.0724711834
        2.3555069000         2.6400000000         1.3352870017         3.3657781748        -0.0724711834
        2.3604883000         2.6400000000         1.3378393285         3.3657781748        -0.0059838592
        2.3654662000         2.6400000000         1.3327346748         3.3606744199        -0.1389585076
        2.3705836000         2.6400000000         1.3378393285         3.3657781748        -0.0059838592
        2.3755938000         2.6400000000         1.3429439823         3.3708819297         0.1269907893
        2.3804801000         2.6400000000         1.3454963091         3.3734338072         0.1934781135
        2.3855449000         2.6400000000         1.3378393285         3.3657781748        -0.0059838592
        2.3905446000         2.6400000000         1.3454963091         3.3708819297         0.1934781135
        2.3955578000         2.6400000000         1.3429439823         3.3734338072         0.1269907893
        2.4005111000         2.6400000000         1.3378393285         3.3708819297        -0.0059838592
        2.4055624000         2.6400000000         1.3454963091         3.3708819297         0.1934781135
        2.4105242000         2.6400000000         1.3378393285         3.3632262974        -0.0059838592
        2.4155638000         2.6400000000         1.3327346748         3.3606744199        -0.1389585076
        2.4205172000         2.6400000000         1.3454963091         3.3734338072         0.1934781135
        2.4255267000         2.6400000000         1.3378393285         3.3657781748        -0.0059838592
        2.4305868000         2.6400000000         1.3327346748         3.3606744199        -0.1389585076
        2.4355138000         2.6400000000         1.3454963091         3.3734338072         0.1934781135
        2.4405528000         2.6400000000         1.3454963091         3.3734338072         0.1934781135
        2.4454168000         2.6400000000         1.3429439823         3.3708819297         0.1269907893
        2.4504460000         2.6400000000         1.3327346748         3.3606744199        -0.1389585076
        2.4554572000         2.6400000000         1.3378393285         3.3657781748        -0.0059838592
        2.4604172000         2.6400000000         1.3352870017         3.3657781748        -0.0724711834
        2.4654559000         2.6400000000         1.3352870017         3.3657781748        -0.0724711834
        2.4706244000         2.6400000000         1.3301823480         3.3606744199        -0.2054458319
        2.4754783000         2.6400000000         1.3454963091         3.3734338072         0.1934781135
        2.4804575000         2.6400000000         1.3480486360         3.3734338072         0.2599654377
        2.4854582000         2.6400000000         1.3429439823         3.3708819297         0.1269907893
        2.4904759000         2.6400000000         1.3454963091         3.3708819297         0.1934781135
        2.4955109000         2.6400000000         1.3378393285         3.3657781748        -0.0059838592
        2.5004432000         2.6400000000         1.3403916554         3.3683300523         0.0605034650
        2.5054659000         2.6400000000         1.3454963091         3.3657781748         0.1934781135
        2.5106259000         2.6400000000         1.3454963091         3.3708819297         0.1934781135
        2.5155385000         2.6400000000         1.3378393285         3.3632262974        -0.0059838592
        2.5204736000         2.6400000000         1.3378393285         3.3657781748        -0.0059838592
        2.5254943000         2.6400000000         1.3327346748         3.3632262974        -0.1389585076
        2.5304296000         2.6400000000         1.3352870017         3.3683300523        -0.0724711834
        2.5354707000         2.6400000000         1.3378393285         3.3657781748        -0.0059838592
        2.5404677000         2.6400000000         1.3378393285         3.3683300523        -0.0059838592
        2.5454607000         2.6400000000         1.3378393285         3.3657781748        -0.0059838592
        2.5504738000         2.6400000000         1.3454963091         3.3708819297         0.1934781135
        2.5556395000         2.6400000000         1.3301823480         3.3632262974        -0.2054458319
        2.5604541000         2.6400000000         1.3352870017         3.3606744199        -0.0724711834
        2.5654537000         2.6400000000         1.3352870017         3.3708819297        -0.0724711834
        2.5704609000         2.6400000000         1.3378393285         3.3734338072        -0.0059838592
        2.5754475000         2.6400000000         1.3480486360         3.3734338072         0.2599654377
        2.5806055000         2.6400000000         1.3403916554         3.3606744199         0.0605034650
        2.5854749000         2.6400000000         1.3454963091         3.3734338072         0.1934781135
        2.5905659000         2.6400000000         1.3301823480         3.3606744199        -0.2054458319
        2.5955151000         2.6400000000         1.3429439823         3.3708819297         0.1269907893
        2.6005362000         2.6400000000         1.3301823480         3.3606744199        -0.2054458319
        2.6055162000         2.6400000000         1.3454963091         3.3708819297         0.1934781135
        2.6106415000         2.6400000000         1.3378393285         3.3632262974        -0.0059838592
        2.6154752000         2.6400000000         1.3454963091         3.3708819297         0.1934781135
        2.6205289000         2.6400000000         1.3378393285         3.3657781748        -0.0059838592
        2.6254505000         2.6400000000         1.3378393285         3.3657781748        -0.0059838592
        2.6304640000         2.6400000000         1.3352870017         3.3683300523        -0.0724711834
        2.6354331000         2.6400000000         1.3327346748         3.3581225424        -0.1389585076
        2.6404536000         2.6400000000         1.3454963091         3.3708819297         0.1934781135
        2.6454526000         2.6400000000         1.3378393285         3.3683300523        -0.0059838592
        2.6504047000         2.6400000000         1.3378393285         3.3683300523        -0.0059838592
        2.6555200000         2.6400000000         1.3429439823         3.3734338072         0.1269907893
        2.6606326000         2.6400000000         1.3378393285         3.3657781748        -0.0059838592
        2.6655649000         2.6400000000         1.3327346748         3.3632262974        -0.1389585076
        2.6705114000         2.6400000000         1.3454963091         3.3734338072         0.1934781135
        2.6755408000         2.6400000000         1.3403916554         3.3657781748         0.0605034650
        2.6804921000         2.6400000000         1.3327346748         3.3606744199        -0.1389585076
        2.6855095000         2.6400000000         1.3301823480         3.3632262974        -0.2054458319
        2.6904550000         2.6400000000         1.3327346748         3.3606744199        -0.1389585076
        2.6954569000         2.6400000000         1.3352870017         3.3683300523        -0.0724711834
        2.7004524000         2.6400000000         1.3378393285         3.3657781748        -0.0059838592
        2.7054561000         2.6400000000         1.3403916554         3.3657781748         0.0605034650
        2.7104618000         2.6400000000         1.3276300211         3.3606744199        -0.2719331561
        2.7154564000         2.6400000000         1.3378393285         3.3657781748        -0.0059838592
        2.7204513000         2.6400000000         1.3378393285         3.3657781748        -0.0059838592
        2.7254188000         2.6400000000         1.3352870017         3.3734338072        -0.0724711834
        2.7304600000         2.6400000000         1.3378393285         3.3657781748        -0.0059838592
        2.7354497000         2.6400000000         1.3454963091         3.3734338072         0.1934781135
        2.7405290000         2.6400000000         1.3429439823         3.3734338072         0.1269907893
        2.7454690000         2.6400000000         1.3429439823         3.3632262974         0.1269907893
        2.7505340000         2.6400000000         1.3327346748         3.3632262974        -0.1389585076
        2.7554882000         2.6400000000         1.3352870017         3.3683300523        -0.0724711834
        2.7604628000         2.6400000000         1.3327346748         3.3606744199        -0.1389585076
        2.7654653000         2.6400000000         1.3327346748         3.3581225424        -0.1389585076
        2.7705129000         2.6400000000         1.3327346748         3.3606744199        -0.1389585076
        2.7754939000         2.6400000000         1.3301823480         3.3606744199        -0.2054458319
        2.7805083000         2.6400000000         1.3403916554         3.3734338072         0.0605034650
        2.7854633000         2.6400000000         1.3454963091         3.3734338072         0.1934781135
        2.7904686000         2.6400000000         1.3403916554         3.3657781748         0.0605034650
        2.7955289000         2.6400000000         1.3276300211         3.3632262974        -0.2719331561
        2.8005043000         2.6400000000         1.3301823480         3.3632262974        -0.2054458319
        2.8054771000         2.6400000000         1.3327346748         3.3606744199        -0.1389585076
        2.8104599000         2.6400000000         1.3327346748         3.3581225424        -0.1389585076
        2.8154571000         2.6400000000         1.3352870017         3.3683300523        -0.0724711834
        2.8204524000         2.6400000000         1.3378393285         3.3606744199        -0.0059838592
        2.8254618000         2.6400000000         1.3327346748         3.3581225424        -0.1389585076
        2.8304749000         2.6400000000         1.3301823480         3.3606744199        -0.2054458319
        2.8354706000         2.6400000000         1.3429439823         3.3734338072         0.1269907893
        2.8404655000         2.6400000000         1.3403916554         3.3657781748         0.0605034650
        2.8454901000         2.6400000000         1.3327346748         3.3632262974        -0.1389585076
        2.8504972000         2.6400000000         1.3429439823         3.3683300523         0.1269907893
        2.8555716000         2.6400000000         1.3429439823         3.3734338072         0.1269907893
        2.8604890000         2.6400000000         1.3480486360         3.3708819297         0.2599654377
        2.8654852000         2.6400000000         1.3403916554         3.3708819297         0.0605034650
        2.8704645000         2.6400000000         1.3352870017         3.3657781748        -0.0724711834
        2.8755768000         2.6400000000         1.3378393285         3.3657781748        -0.0059838592
        2.8805045000         2.6400000000         1.3301823480         3.3606744199        -0.2054458319
        2.8855011000         2.6400000000         1.3352870017         3.3657781748        -0.0724711834
        2.8907853000         2.6400000000         1.3403916554         3.3683300523         0.0605034650
        2.8955628000         2.6400000000         1.3378393285         3.3657781748        -0.0059838592
        2.9006029000         2.6400000000         1.3454963091         3.3708819297         0.1934781135
        2.9055433000         2.6400000000         1.3378393285         3.3657781748        -0.0059838592
        2.9106590000         2.6400000000         1.3454963091         3.3708819297         0.1934781135
        2.9156326000         2.6400000000         1.3378393285         3.3657781748        -0.0059838592
        2.9206450000         2.6400000000         1.3378393285         3.3734338072        -0.0059838592
        2.9254699000         2.6400000000         1.3327346748         3.3606744199        -0.1389585076
        2.9305547000         2.6400000000         1.3378393285         3.3657781748        -0.0059838592
        2.9355616000         2.6400000000         1.3352870017         3.3708819297        -0.0724711834
        2.9406770000         2.6400000000         1.3480486360         3.3734338072         0.2599654377
        2.9456973000         2.6400000000         1.3378393285         3.3657781748        -0.0059838592
        2.9506112000         2.6400000000         1.3403916554         3.3657781748         0.0605034650
        2.9555893000         2.6400000000         1.3454963091         3.3734338072         0.1934781135
        2.9606477000         2.6400000000         1.3454963091         3.3734338072         0.1934781135
        2.9655958000         2.6400000000         1.3352870017         3.3581225424        -0.0724711834
        2.9705303000         2.6400000000         1.3608102703         3.3708819297         0.5924020589
        2.9754352000         2.6400000000         1.3378393285         3.3632262974        -0.0059838592
        2.9804538000         2.6400000000         1.3378393285         3.3657781748        -0.0059838592
        2.9854539000         2.6400000000         1.3352870017         3.3657781748        -0.0724711834
        2.9944847000         2.6400000000         1.3378393285         3.3657781748        -0.0059838592
        2.9957301000         2.6400000000         1.3454963091         3.3708819297         0.1934781135
        3.0006778000         2.6400000000         1.3301823480         3.3606744199        -0.2054458319
        3.0057271000         2.6400000000         1.3378393285         3.3683300523        -0.0059838592
        3.0104994000         2.6400000000         1.3301823480         3.3606744199        -0.2054458319
        3.0155093000         2.6400000000         1.3454963091         3.3734338072         0.1934781135
        3.0205063000         2.6400000000         1.3429439823         3.3734338072         0.1269907893
        3.0255086000         2.6400000000         1.3378393285         3.3632262974        -0.0059838592
        3.0305019000         2.6400000000         1.3480486360         3.3708819297         0.2599654377
        3.0355072000         2.6400000000         1.3327346748         3.3581225424        -0.1389585076
        3.0405309000         2.6400000000         1.3403916554         3.3657781748         0.0605034650
        3.0456319000         2.6400000000         1.3378393285         3.3632262974        -0.0059838592
        3.0504952000         2.6400000000         1.3429439823         3.3683300523         0.1269907893
        3.0555661000         2.6400000000         1.3378393285         3.3632262974        -0.0059838592
        3.0606403000         2.6400000000         1.3429439823         3.3708819297         0.1269907893
        3.0655393000         2.6400000000         1.3352870017         3.3657781748        -0.0724711834
        3.0705283000         2.6400000000         1.3454963091         3.3734338072         0.1934781135
        3.0755480000         2.6400000000         1.3403916554         3.3734338072         0.0605034650
        3.0806191000         2.6400000000         1.3301823480         3.3606744199        -0.2054458319
        3.0855548000         2.6400000000         1.3480486360         3.3708819297         0.2599654377
        3.0906015000         2.6400000000         1.3429439823         3.3708819297         0.1269907893
        3.0957287000         2.6400000000         1.3352870017         3.3657781748        -0.0724711834
        3.1005009000         2.6400000000         1.3480486360         3.3734338072         0.2599654377
        3.1056043000         2.6400000000         1.3352870017         3.3657781748        -0.0724711834
        3.1105512000         2.6400000000         1.3352870017         3.3683300523        -0.0724711834
        3.1156737000         2.6400000000         1.3327346748         3.3632262974        -0.1389585076
        3.1206028000         2.6400000000         1.3454963091         3.3708819297         0.1934781135
        3.1255821000         2.6400000000         1.3378393285         3.3657781748        -0.0059838592
        3.1307357000         2.6400000000         1.3327346748         3.3606744199        -0.1389585076
        3.1355720000         2.6400000000         1.3429439823         3.3708819297         0.1269907893
        3.1405619000         2.6400000000         1.3378393285         3.3657781748        -0.0059838592
        3.1455788000         2.6400000000         1.3378393285         3.3657781748        -0.0059838592
        3.1506577000         2.6400000000         1.3454963091         3.3708819297         0.1934781135
        3.1555704000         2.6400000000         1.3429439823         3.3734338072         0.1269907893
        3.1606326000         2.6400000000         1.3403916554         3.3657781748         0.0605034650
        3.1655939000         2.6400000000         1.3327346748         3.3606744199        -0.1389585076
        3.1705965000         2.6400000000         1.3454963091         3.3734338072         0.1934781135
        3.1754706000         2.6400000000         1.3352870017         3.3683300523        -0.0724711834
        3.1806047000         2.6400000000         1.3301823480         3.3606744199        -0.2054458319
        3.1855563000         2.6400000000         1.3352870017         3.3606744199        -0.0724711834
        3.1906039000         2.6400000000         1.3429439823         3.3657781748         0.1269907893
        3.1955981000         2.6400000000         1.3378393285         3.3632262974        -0.0059838592
        3.2005262000         2.6400000000         1.3454963091         3.3734338072         0.1934781135
        3.2055789000         2.6400000000         1.3327346748         3.3581225424        -0.1389585076
        3.2105709000         2.6400000000         1.3378393285         3.3632262974        -0.0059838592
        3.2157271000         2.6400000000         1.3429439823         3.3708819297         0.1269907893
        3.2206390000         2.6400000000         1.3378393285         3.3683300523        -0.0059838592
        3.2254829000         2.6400000000         1.3506009628         3.3657781748         0.3264527620
        3.2306047000         2.6400000000         1.3378393285         3.3632262974        -0.0059838592
        3.2356911000         2.6400000000         1.3352870017         3.3657781748        -0.0724711834
        3.2407105000         2.6400000000         1.3352870017         3.3683300523        -0.0724711834
        3.2457208000         2.6400000000         1.3378393285         3.3657781748        -0.0059838592
        3.2506056000         2.6400000000         1.3429439823         3.3708819297         0.1269907893
        3.2554644000         2.6400000000         1.3327346748         3.3606744199        -0.1389585076
        3.2605196000         2.6400000000         1.3301823480         3.3606744199        -0.2054458319
        3.2655937000         2.6400000000         1.3429439823         3.3708819297         0.1269907893
        3.2705095000         2.6400000000         1.3378393285         3.3683300523        -0.0059838592
        3.2754471000         2.6400000000         1.3378393285         3.3606744199        -0.0059838592
        3.2806804000         2.6400000000         1.3352870017         3.3657781748        -0.0724711834
        3.2856448000         2.6400000000         1.3378393285         3.3632262974        -0.0059838592
        3.2905723000         2.6400000000         1.3454963091         3.3734338072         0.1934781135
        3.2956759000         2.6400000000         1.3378393285         3.3632262974        -0.0059838592
        3.3007263000         2.6400000000         1.3659149240         3.3683300523         0.7253767073
        3.3055556000         2.6400000000         1.3378393285         3.3683300523        -0.0059838592
        3.3105635000         2.6400000000         1.3454963091         3.3734338072         0.1934781135
        3.3155434000         2.6400000000         1.3454963091         3.3708819297         0.1934781135
        3.3206407000         2.6400000000         1.3403916554         3.3632262974         0.0605034650
        3.3254636000         2.6400000000         1.3327346748         3.3606744199        -0.1389585076
        3.3305235000         2.6400000000         1.3429439823         3.3708819297         0.1269907893
        3.3355279000         2.6400000000         1.3454963091         3.3734338072         0.1934781135
        3.3405777000         2.6400000000         1.3429439823         3.3657781748         0.1269907893
        3.3456686000         2.6400000000         1.3403916554         3.3657781748         0.0605034650
        3.3506267000         2.6400000000         1.3429439823         3.3734338072         0.1269907893
        3.3556219000         2.6400000000         1.3301823480         3.3581225424        -0.2054458319
        3.3606662000         2.6400000000         1.3378393285         3.3657781748        -0.0059838592
        3.3655578000         2.6400000000         1.3454963091         3.3734338072         0.1934781135
        3.3706409000         2.6400000000         1.3710195777         3.3632262974         0.8583513558
        3.3755310000         2.6400000000         1.3378393285         3.3632262974        -0.0059838592
        3.3806700000         2.6400000000         1.3429439823         3.3734338072         0.1269907893
        3.3855768000         2.6400000000         1.3378393285         3.3657781748        -0.0059838592
        3.3906214000         2.6400000000         1.3429439823         3.3734338072         0.1269907893
        3.3955773000         2.6400000000         1.3352870017         3.3683300523        -0.0724711834
        3.4004680000         2.6400000000         1.3378393285         3.3657781748        -0.0059838592
        3.4055532000         2.6400000000         1.3301823480         3.3606744199        -0.2054458319
        3.4105527000         2.6400000000         1.3454963091         3.3708819297         0.1934781135
        3.4155478000         2.6400000000         1.3378393285         3.3683300523        -0.0059838592
        3.4205788000         2.6400000000         1.3378393285         3.3683300523        -0.0059838592
        3.4256148000         2.6400000000         1.3761242314         3.3657781748         0.9913260042
        3.4306119000         2.6400000000         1.3327346748         3.3606744199        -0.1389585076
        3.4355583000         2.6400000000         1.3454963091         3.3734338072         0.1934781135
        3.4405898000         2.6400000000         1.3506009628         3.3708819297         0.3264527620
        3.4455438000         2.6400000000         1.3352870017         3.3657781748        -0.0724711834
        3.4504618000         2.6400000000         1.3378393285         3.3657781748        -0.0059838592
        3.4554343000         2.6400000000         1.3301823480         3.3606744199        -0.2054458319
        3.4606223000         2.6400000000         1.3429439823         3.3734338072         0.1269907893
        3.4655424000         2.6400000000         1.3378393285         3.3683300523        -0.0059838592
        3.4706226000         2.6400000000         1.3352870017         3.3632262974        -0.0724711834
        3.4758055000         2.6400000000         1.3378393285         3.3657781748        -0.0059838592
        3.4805852000         2.6400000000         1.3352870017         3.3632262974        -0.0724711834
        3.4856233000         2.6400000000         1.3429439823         3.3734338072         0.1269907893
        3.4905761000         2.6400000000         1.3327346748         3.3606744199        -0.1389585076
        3.4954346000         2.6400000000         1.3352870017         3.3632262974        -0.0724711834
        3.5005337000         2.6400000000         1.3403916554         3.3632262974         0.0605034650
        3.5055748000         2.6400000000         1.3454963091         3.3734338072         0.1934781135
        3.5106639000         2.6400000000         1.3327346748         3.3606744199        -0.1389585076
        3.5154795000         2.6400000000         1.3352870017         3.3657781748        -0.0724711834
        3.5205041000         2.6400000000         1.3327346748         3.3606744199        -0.1389585076
        3.5254899000         2.6400000000         1.3454963091         3.3734338072         0.1934781135
        3.5304997000         2.6400000000         1.3352870017         3.3683300523        -0.0724711834
        3.5354508000         2.6400000000         1.3378393285         3.3657781748        -0.0059838592
        3.5404962000         2.6400000000         1.3454963091         3.3734338072         0.1934781135
        3.5454547000         2.6400000000         1.3378393285         3.3632262974        -0.0059838592
        3.5504656000         2.6400000000         1.3454963091         3.3734338072         0.1934781135
        3.5554119000         2.6400000000         1.3327346748         3.3606744199        -0.1389585076
        3.5604745000         2.6400000000         1.3429439823         3.3708819297         0.1269907893
        3.5654542000         2.6400000000         1.3429439823         3.3734338072         0.1269907893
        3.5706178000         2.6400000000         1.3403916554         3.3657781748         0.0605034650
        3.5755837000         2.6400000000         1.3327346748         3.3606744199        -0.1389585076
        3.5807170000         2.6400000000         1.3378393285         3.3657781748        -0.0059838592
        3.5856006000         2.6400000000         1.3531532897         3.3657781748         0.3929400862
        3.5905837000         2.6400000000         1.3403916554         3.3708819297         0.0605034650
        3.5956224000         2.6400000000         1.3429439823         3.3708819297         0.1269907893
        3.6006052000         2.6400000000         1.3327346748         3.3606744199        -0.1389585076
        3.6056299000         2.6400000000         1.3403916554         3.3632262974         0.0605034650
        3.6104677000         2.6400000000         1.3429439823         3.3734338072         0.1269907893
        3.6156151000         2.6400000000         1.3454963091         3.3708819297         0.1934781135
        3.6205874000         2.6400000000         1.3327346748         3.3606744199        -0.1389585076
        3.6255903000         2.6400000000         1.3327346748         3.3581225424        -0.1389585076
        3.6305521000         2.6400000000         1.3378393285         3.3683300523        -0.0059838592
        3.6356588000         2.6400000000         1.3301823480         3.3606744199        -0.2054458319
        3.6407182000         2.6400000000         1.3301823480         3.3606744199        -0.2054458319
        3.6455991000         2.6400000000         1.3352870017         3.3683300523        -0.0724711834
        3.6506103000         2.6400000000         1.3352870017         3.3657781748        -0.0724711834
        3.6557408000         2.6400000000         1.3403916554         3.3657781748         0.0605034650
        3.6607608000         2.6400000000         1.3378393285         3.3657781748        -0.0059838592
        3.6657664000         2.6400000000         1.3327346748         3.3581225424        -0.1389585076
        3.6706132000         2.6400000000         1.3454963091         3.3708819297         0.1934781135
        3.6755879000         2.6400000000         1.3352870017         3.3683300523        -0.0724711834
        3.6805263000         2.6400000000         1.3352870017         3.3657781748        -0.0724711834
        3.6856886000         2.6400000000         1.3429439823         3.3734338072         0.1269907893
        3.6905927000         2.6400000000         1.3378393285         3.3657781748        -0.0059838592
        3.6956905000         2.6400000000         1.3352870017         3.3632262974        -0.0724711834
        3.7006171000         2.6400000000         1.3378393285         3.3683300523        -0.0059838592
        3.7056169000         2.6400000000         1.3429439823         3.3734338072         0.1269907893
        3.7106077000         2.6400000000         1.3301823480         3.3606744199        -0.2054458319
        3.7155226000         2.6400000000         1.3429439823         3.3734338072         0.1269907893
        3.7206174000         2.6400000000         1.3429439823         3.3734338072         0.1269907893
        3.7256442000         2.6400000000         1.3378393285         3.3657781748        -0.0059838592
        3.7305871000         2.6400000000         1.3403916554         3.3683300523         0.0605034650
        3.7356427000         2.6400000000         1.3735719045         3.3657781748         0.9248386800
        3.7406002000         2.6400000000         1.3301823480         3.3606744199        -0.2054458319
        3.7455746000         2.6400000000         1.3327346748         3.3581225424        -0.1389585076
        3.7506219000         2.6400000000         1.3352870017         3.3657781748        -0.0724711834
        3.7555226000         2.6400000000         1.3378393285         3.3657781748        -0.0059838592
        3.7606535000         2.6400000000         1.3378393285         3.3632262974        -0.0059838592
        3.7656166000         2.6400000000         1.3454963091         3.3708819297         0.1934781135
        3.7705798000         2.6400000000         1.3352870017         3.3683300523        -0.0724711834
        3.7755413000         2.6400000000         1.3301823480         3.3606744199        -0.2054458319
        3.7806854000         2.6400000000         1.3429439823         3.3708819297         0.1269907893
        3.7857175000         2.6400000000         1.3327346748         3.3606744199        -0.1389585076
        3.7906296000         2.6400000000         1.3429439823         3.3734338072         0.1269907893
        3.7955638000         2.6400000000         1.3378393285         3.3657781748        -0.0059838592
        3.8006773000         2.6400000000         1.3403916554         3.3657781748         0.0605034650
        3.8055769000         2.6400000000         1.3301823480         3.3606744199        -0.2054458319
        3.8106624000         2.6400000000         1.3378393285         3.3657781748        -0.0059838592
        3.8157272000         2.6400000000         1.3429439823         3.3734338072         0.1269907893
        3.8205793000         2.6400000000         1.3352870017         3.3632262974        -0.0724711834
        3.8256709000         2.6400000000         1.3378393285         3.3683300523        -0.0059838592
        3.8305797000         2.6400000000         1.3454963091         3.3734338072         0.1934781135
        3.8355964000         2.6400000000         1.3327346748         3.3606744199        -0.1389585076
        3.8404705000         2.6400000000         1.3327346748         3.3606744199        -0.1389585076
        3.8455303000         2.6400000000         1.3378393285         3.3657781748        -0.0059838592
        3.8505702000         2.6400000000         1.3429439823         3.3708819297         0.1269907893
        3.8555255000         2.6400000000         1.3454963091         3.3708819297         0.1934781135
        3.8605689000         2.6400000000         1.3403916554         3.3657781748         0.0605034650
        3.8657379000         2.6400000000         1.3301823480         3.3581225424        -0.2054458319
        3.8705633000         2.6400000000         1.3327346748         3.3606744199        -0.1389585076
        3.8757222000         2.6400000000         1.3429439823         3.3708819297         0.1269907893
        3.8805749000         2.6400000000         1.3429439823         3.3785375621         0.1269907893
        3.8856175000         2.6400000000         1.3327346748         3.3606744199        -0.1389585076
        3.8905580000         2.6400000000         1.3454963091         3.3657781748         0.1934781135
        3.8955649000         2.6400000000         1.3352870017         3.3657781748        -0.0724711834
        3.9005607000         2.6400000000         1.3378393285         3.3581225424        -0.0059838592
        3.9055362000         2.6400000000         1.3378393285         3.3657781748        -0.0059838592
        3.9106155000         2.6400000000         1.3378393285         3.3657781748        -0.0059838592
        3.9157076000         2.6400000000         1.3454963091         3.3708819297         0.1934781135
        3.9205792000         2.6400000000         1.3429439823         3.3734338072         0.1269907893
        3.9257245000         2.6400000000         1.3378393285         3.3632262974        -0.0059838592
        3.9304989000         2.6400000000         1.3352870017         3.3708819297        -0.0724711834
        3.9355342000         2.6400000000         1.3327346748         3.3606744199        -0.1389585076
        3.9404737000         2.6400000000         1.3327346748         3.3606744199        -0.1389585076
        3.9456388000         2.6400000000         1.3454963091         3.3734338072         0.1934781135
        3.9504865000         2.6400000000         1.3403916554         3.3657781748         0.0605034650
        3.9557045000         2.6400000000         1.3352870017         3.3657781748        -0.0724711834
        3.9605580000         2.6400000000         1.3454963091         3.3734338072         0.1934781135
        3.9656624000         2.6400000000         1.3327346748         3.3606744199        -0.1389585076
        3.9707189000         2.6400000000         1.3429439823         3.3708819297         0.1269907893
        3.9756827000         2.6400000000         1.3327346748         3.3606744199        -0.1389585076
        3.9805258000         2.6400000000         1.3659149240         3.3657781748         0.7253767073
        3.9856597000         2.6400000000         1.3429439823         3.3708819297         0.1269907893
        3.9906479000         2.6400000000         1.3327346748         3.3581225424        -0.1389585076
        3.9957136000         2.6400000000         1.3378393285         3.3657781748        -0.0059838592
        4.0005220000         2.6400000000         1.3454963091         3.3734338072         0.1934781135
