% Sweep Step 164/200  Vcmd=0.4000V  CCW 
% Vg_offset=1.338069V  K_gimbal=26.049690

Time[s]              Vcmd[V]              Vg_raw[V]            Pot[V]             Omega[rad/s]
        0.0026750000         0.4000000000         1.3480486360         0.2346245326         0.2599654377
        0.0058581000         0.4000000000         1.3429439823         0.2295207777         0.1269907893
        0.0105937000         0.4000000000         1.3429439823         0.2371764101         0.1269907893
        0.0168753000         0.4000000000         1.2408509080         0.2193132679        -2.5325021798
        0.0206075000         0.4000000000         0.9269147047         0.1963463707       -10.7104430597
        0.0259155000         0.4000000000         1.0468740669         0.1580682088        -7.5855388210
        0.0306720000         0.4000000000         0.9294670315         0.1121344146       -10.6439557355
        0.0355983000         0.4000000000         0.9039437630         0.0764081302       -11.3088289777
        0.0406638000         0.4000000000         0.8503448990         0.0330262134       -12.7050627865
        0.0457713000         0.4000000000         0.8809728212        -0.0052519485       -11.9072148958
        0.0507174000         0.4000000000         0.7584611321        -0.0001481936       -15.0986064586
        0.0555851000         0.4000000000         0.8044030155         1.1073666236       -13.9018346226
        0.0606648000         0.4000000000         0.7533564784         4.9964278711       -15.2315811071
        0.0655972000         0.4000000000         0.7533564784         5.0117391359       -15.2315811071
        0.0708994000         0.4000000000         0.7227285561         5.0117391359       -16.0294289978
        0.0756901000         0.4000000000         0.7278332099         4.9351828121       -15.8964543494
        0.0809594000         0.4000000000         0.6793389996         4.8662821207       -17.1597135097
        0.0856422000         0.4000000000         0.7074145950         4.8050370617       -16.4283529432
        0.0914781000         0.4000000000         0.6793389996         4.7361363703       -17.1597135097
        0.0956476000         0.4000000000         0.6767866727         4.6646838015       -17.2262008339
        0.1006759000         0.4000000000         0.6640250384         4.5932312326       -17.5586374550
        0.1057192000         0.4000000000         0.6793389996         4.5268824187       -17.1597135097
        0.1106665000         0.4000000000         0.6436064236         4.4554298498       -18.0905360488
        0.1157072000         0.4000000000         0.6614727116         4.3916329133       -17.6251247793
        0.1206368000         0.4000000000         0.6385017699         4.3048690797       -18.2235106973
        0.1256035000         0.4000000000         0.6282924625         4.2436240207       -18.4894599942
        0.1306320000         0.4000000000         0.6333971162         4.1619639420       -18.3564853457
        0.1356725000         0.4000000000         0.6308447893         4.0981670056       -18.4229726700
        0.1407858000         0.4000000000         0.6461587505         4.0267144367       -18.0240487246
        0.1456397000         0.4000000000         0.6104261745         3.9501581129       -18.9548712638
        0.1507050000         0.4000000000         0.6129785013         3.8863611765       -18.8883839396
        0.1568893000         0.4000000000         0.6308447893         3.8098048527       -18.4229726700
        0.1623006000         0.4000000000         0.6053215207         3.7306966515       -19.0878459122
        0.1665128000         0.4000000000         0.6078738476         3.6515884502       -19.0213585880
        0.1706326000         0.4000000000         0.6027691939         3.5877915138       -19.1543332365
        0.1756539000         0.4000000000         0.6053215207         3.5137870674       -19.0878459122
        0.1806044000         0.4000000000         0.6104261745         3.4474382535       -18.9548712638
        0.1856287000         0.4000000000         0.6104261745         3.3734338072       -18.9548712638
        0.1906791000         0.4000000000         0.6027691939         3.2968774834       -19.1543332365
        0.1957013000         0.4000000000         0.6078738476         3.2177692822       -19.0213585880
        0.2029610000         0.4000000000         0.5976645402         3.1182460613       -19.2873078849
        0.2056270000         0.4000000000         0.6002168670         3.0621047572       -19.2208205607
        0.2106253000         0.4000000000         0.5976645402         2.9906521883       -19.2873078849
        0.2156178000         0.4000000000         0.5874552328         2.9166477420       -19.5532571818
        0.2208036000         0.4000000000         0.5823505790         2.8426432957       -19.6862318303
        0.2256502000         0.4000000000         0.5900075596         2.7737426043       -19.4867698576
        0.2306020000         0.4000000000         0.5746935985         2.6895306482       -19.8856938030
        0.2355966000         0.4000000000         0.5951122133         2.6155262019       -19.3537952091
        0.2407020000         0.4000000000         0.5772459253         2.5389698781       -19.8192064787
        0.2457487000         0.4000000000         0.5900075596         2.4598616769       -19.4867698576
        0.2506728000         0.4000000000         0.5874552328         2.3909609855       -19.5532571818
        0.2557223000         0.4000000000         0.5772459253         2.3067490293       -19.8192064787
        0.2606968000         0.4000000000         0.5849029059         2.2378483379       -19.6197445061
        0.2664195000         0.4000000000         0.5746935985         2.1332213621       -19.8856938030
        0.2706378000         0.4000000000         0.5849029059         2.0847356904       -19.6197445061
        0.2760177000         0.4000000000         0.5746935985         1.9954199793       -19.8856938030
        0.2829448000         0.4000000000         0.5797982522         1.9214155330       -19.7527191545
        0.2863853000         0.4000000000         0.5772459253         1.8576185965       -19.8192064787
        0.2905778000         0.4000000000         0.5823505790         1.7708547629       -19.6862318303
        0.2957267000         0.4000000000         0.5746935985         1.7096097039       -19.8856938030
        0.3006451000         0.4000000000         0.5797982522         1.6305015027       -19.7527191545
        0.3056562000         0.4000000000         0.5695889448         1.5539451789       -20.0186684514
        0.3106416000         0.4000000000         0.5951122133         1.4875963650       -19.3537952091
        0.3155914000         0.4000000000         0.5849029059         1.4059362863       -19.6197445061
        0.3206226000         0.4000000000         0.5874552328         1.3319318400       -19.5532571818
        0.3256081000         0.4000000000         0.5823505790         1.2604792711       -19.6862318303
        0.3306639000         0.4000000000         0.6002168670         1.1890267023       -19.2208205607
        0.3356200000         0.4000000000         0.5772459253         1.1048147461       -19.8192064787
        0.3405729000         0.4000000000         0.5925598865         1.0359140547       -19.4202825334
        0.3456964000         0.4000000000         0.5797982522         0.9644614859       -19.7527191545
        0.3506015000         0.4000000000         0.5849029059         0.8802495297       -19.6197445061
        0.3556523000         0.4000000000         0.5874552328         0.8113488384       -19.5532571818
        0.3607258000         0.4000000000         0.5797982522         0.7347925146       -19.7527191545
        0.3655964000         0.4000000000         0.5823505790         0.6582361908       -19.6862318303
        0.3706049000         0.4000000000         0.5925598865         0.5867836220       -19.4202825334
        0.3756865000         0.4000000000         0.5695889448         0.4949160334       -20.0186684514
        0.3807079000         0.4000000000         0.6002168670         0.4336709744       -19.2208205607
        0.3857870000         0.4000000000         0.5823505790         0.3494590183       -19.6862318303
        0.3906131000         0.4000000000         0.5823505790         0.2703508170       -19.6862318303
        0.3957926000         0.4000000000         0.5874552328         0.1912426158       -19.5532571818
        0.4006619000         0.4000000000         0.5695889448         0.1121344146       -20.0186684514
        0.4056070000         0.4000000000         0.5874552328         0.0355780908       -19.5532571818
        0.4106126000         0.4000000000         0.5925598865         0.0075074388       -19.4202825334
        0.4156678000         0.4000000000         0.5925598865         1.1124703785       -19.4202825334
        0.4206029000         0.4000000000         0.5951122133         5.0040835035       -19.3537952091
        0.4256697000         0.4000000000         0.5797982522         4.9989797486       -19.7527191545
        0.4306194000         0.4000000000         0.5874552328         4.9632534642       -19.5532571818
        0.4356746000         0.4000000000         0.5746935985         4.8815933855       -19.8856938030
        0.4405930000         0.4000000000         0.5925598865         4.8101408166       -19.4202825334
        0.4456881000         0.4000000000         0.5874552328         4.7208251056       -19.5532571818
        0.4506313000         0.4000000000         0.5721412716         4.6391650269       -19.9521811272
        0.4556162000         0.4000000000         0.5746935985         4.5702643355       -19.8856938030
        0.4605088000         0.4000000000         0.5772459253         4.4809486244       -19.8192064787
        0.4656561000         0.4000000000         0.5976645402         4.4094960556       -19.2873078849
        0.4706426000         0.4000000000         0.5746935985         4.3278359769       -19.8856938030
        0.4756409000         0.4000000000         0.5695889448         4.2487277756       -20.0186684514
        0.4807094000         0.4000000000         0.5823505790         4.1798270842       -19.6862318303
        0.4856385000         0.4000000000         0.5823505790         4.1007188830       -19.6862318303
        0.4918175000         0.4000000000         0.5797982522         4.0139550494       -19.7527191545
        0.4955540000         0.4000000000         0.5925598865         3.9450543580       -19.4202825334
        0.5005718000         0.4000000000         0.5619319642         3.8582905244       -20.2181304241
        0.5057091000         0.4000000000         0.5797982522         3.7868379556       -19.7527191545
        0.5111424000         0.4000000000         0.5797982522         3.7153853867       -19.7527191545
        0.5166920000         0.4000000000         0.5772459253         3.6388290629       -19.8192064787
        0.5207202000         0.4000000000         0.5874552328         3.5622727392       -19.5532571818
        0.5255906000         0.4000000000         0.5695889448         3.4755089056       -20.0186684514
        0.5306813000         0.4000000000         0.5670366179         3.3989525818       -20.0851557756
        0.5391420000         0.4000000000         0.5721412716         3.3147406256       -19.9521811272
        0.5405757000         0.4000000000         0.5721412716         3.2458399342       -19.9521811272
        0.5458879000         0.4000000000         0.5619319642         3.1616279781       -20.2181304241
        0.5505520000         0.4000000000         0.5721412716         3.0850716543       -19.9521811272
        0.5557131000         0.4000000000         0.5568273105         3.0085153306       -20.3511050725
        0.5605596000         0.4000000000         0.5721412716         2.9447183941       -19.9521811272
        0.5656221000         0.4000000000         0.5695889448         2.8579545605       -20.0186684514
        0.5705612000         0.4000000000         0.5695889448         2.7813982367       -20.0186684514
        0.5757820000         0.4000000000         0.5568273105         2.7022900355       -20.3511050725
        0.5806129000         0.4000000000         0.5772459253         2.6257337117       -19.8192064787
        0.5855522000         0.4000000000         0.5644842910         2.5491773879       -20.1516430999
        0.5905541000         0.4000000000         0.5746935985         2.4700691867       -19.8856938030
        0.5956414000         0.4000000000         0.5823505790         2.3909609855       -19.6862318303
        0.6005619000         0.4000000000         0.5695889448         2.3220602941       -20.0186684514
        0.6055593000         0.4000000000         0.5670366179         2.2301927056       -20.0851557756
        0.6105554000         0.4000000000         0.5670366179         2.1612920142       -20.0851557756
        0.6155414000         0.4000000000         0.5746935985         2.0872875679       -19.8856938030
        0.6205379000         0.4000000000         0.5746935985         2.0030756117       -19.8856938030
        0.6255651000         0.4000000000         0.5772459253         1.9341749203       -19.8192064787
        0.6305105000         0.4000000000         0.5619319642         1.8550667191       -20.2181304241
        0.6356464000         0.4000000000         0.5797982522         1.7734066404       -19.7527191545
        0.6406158000         0.4000000000         0.5670366179         1.6968503166       -20.0851557756
        0.6461768000         0.4000000000         0.5849029059         1.6279496252       -19.6197445061
        0.6541363000         0.4000000000         0.5721412716         1.5539451789       -19.9521811272
        0.6557019000         0.4000000000         0.5849029059         1.4824926101       -19.6197445061
        0.6607148000         0.4000000000         0.5695889448         1.4008325314       -20.0186684514
        0.6655773000         0.4000000000         0.5849029059         1.3242762076       -19.6197445061
        0.6707074000         0.4000000000         0.5900075596         1.2553755162       -19.4867698576
        0.6757031000         0.4000000000         0.5900075596         1.1890267023       -19.4867698576
        0.6810586000         0.4000000000         0.5746935985         1.1073666236       -19.8856938030
        0.6861140000         0.4000000000         0.5874552328         1.0359140547       -19.5532571818
        0.6906947000         0.4000000000         0.5772459253         0.9644614859       -19.8192064787
        0.6963486000         0.4000000000         0.5900075596         0.8802495297       -19.4867698576
        0.7015397000         0.4000000000         0.5797982522         0.8062450834       -19.7527191545
        0.7057165000         0.4000000000         0.5823505790         0.7322406371       -19.6862318303
        0.7106549000         0.4000000000         0.6027691939         0.6633399457       -19.1543332365
        0.7155962000         0.4000000000         0.5874552328         0.5791279896       -19.5532571818
        0.7206704000         0.4000000000         0.5695889448         0.4923641560       -20.0186684514
        0.7257116000         0.4000000000         0.5797982522         0.4158078322       -19.7527191545
        0.7306705000         0.4000000000         0.5900075596         0.3392515084       -19.4867698576
        0.7356542000         0.4000000000         0.5797982522         0.2626951847       -19.7527191545
        0.7406264000         0.4000000000         0.5900075596         0.1912426158       -19.4867698576
        0.7456313000         0.4000000000         0.6002168670         0.1121344146       -19.2208205607
        0.7506456000         0.4000000000         0.5874552328         0.0406818457       -19.5532571818
        0.7556603000         0.4000000000         0.5874552328         0.0100593162       -19.5532571818
        0.7606753000         0.4000000000         0.5874552328         1.1328853982       -19.5532571818
        0.7656419000         0.4000000000         0.5925598865         5.0040835035       -19.4202825334
        0.7706219000         0.4000000000         0.5849029059         5.0066353810       -19.6197445061
        0.7757392000         0.4000000000         0.5772459253         4.9581497092       -19.8192064787
        0.7805970000         0.4000000000         0.5925598865         4.8918008953       -19.4202825334
        0.7855860000         0.4000000000         0.5849029059         4.8050370617       -19.6197445061
        0.7906507000         0.4000000000         0.5925598865         4.7182732281       -19.4202825334
        0.7963384000         0.4000000000         0.5746935985         4.6417169043       -19.8856938030
        0.8005635000         0.4000000000         0.5746935985         4.5575049482       -19.8856938030
        0.8056344000         0.4000000000         0.5695889448         4.4835005019       -20.0186684514
        0.8106182000         0.4000000000         0.5849029059         4.4043923006       -19.6197445061
        0.8200835000         0.4000000000         0.5874552328         4.2742465502       -19.5532571818
        0.8206543000         0.4000000000         0.5797982522         4.2512796531       -19.7527191545
        0.8255610000         0.4000000000         0.5721412716         4.1721714519       -19.9521811272
        0.8306044000         0.4000000000         0.5593796373         4.0905113732       -20.2846177483
        0.8357151000         0.4000000000         0.5619319642         4.0114031719       -20.2181304241
        0.8405324000         0.4000000000         0.5797982522         3.9373987256       -19.7527191545
        0.8464853000         0.4000000000         0.5695889448         3.8633942793       -20.0186684514
        0.8514464000         0.4000000000         0.5644842910         3.7842860781       -20.1516430999
        0.8558724000         0.4000000000         0.5695889448         3.7000741219       -20.0186684514
        0.8607959000         0.4000000000         0.5772459253         3.6260696756       -19.8192064787
        0.8656269000         0.4000000000         0.5695889448         3.5444095970       -20.0186684514
        0.8706709000         0.4000000000         0.5593796373         3.4627495183       -20.2846177483
        0.8755928000         0.4000000000         0.5517226568         3.3861931945       -20.4840797210
        0.8806288000         0.4000000000         0.5695889448         3.3096368707       -20.0186684514
        0.8856345000         0.4000000000         0.5644842910         3.2381843019       -20.1516430999
        0.8907194000         0.4000000000         0.5721412716         3.1667317330       -19.9521811272
        0.8957206000         0.4000000000         0.5925598865         3.0927272867       -19.4202825334
        0.9006336000         0.4000000000         0.5491703299         3.0008596982       -20.5505670452
        0.9055494000         0.4000000000         0.5721412716         2.9370627617       -19.9521811272
        0.9106643000         0.4000000000         0.5670366179         2.8502989281       -20.0851557756
        0.9156230000         0.4000000000         0.5593796373         2.7660869720       -20.2846177483
        0.9206064000         0.4000000000         0.5568273105         2.6895306482       -20.3511050725
        0.9256528000         0.4000000000         0.5644842910         2.6155262019       -20.1516430999
        0.9306545000         0.4000000000         0.5721412716         2.5466255105       -19.9521811272
        0.9357385000         0.4000000000         0.5670366179         2.4624135543       -20.0851557756
        0.9406097000         0.4000000000         0.5772459253         2.3909609855       -19.8192064787
        0.9456405000         0.4000000000         0.5593796373         2.3118527843       -20.2846177483
        0.9509951000         0.4000000000         0.5772459253         2.2301927056       -19.8192064787
        0.9558788000         0.4000000000         0.5619319642         2.1434288720       -20.2181304241
        0.9606257000         0.4000000000         0.5695889448         2.0694244256       -20.0186684514
        0.9656670000         0.4000000000         0.5593796373         1.9903162244       -20.2846177483
        0.9705585000         0.4000000000         0.5746935985         1.9188636556       -19.8856938030
        0.9756103000         0.4000000000         0.5568273105         1.8346516994       -20.3511050725
        0.9805948000         0.4000000000         0.5721412716         1.7606472531       -19.9521811272
        0.9858415000         0.4000000000         0.5695889448         1.6891946843       -20.0186684514
        0.9906747000         0.4000000000         0.5721412716         1.6177421154       -19.9521811272
        0.9956443000         0.4000000000         0.5772459253         1.5462895465       -19.8192064787
        1.0006126000         0.4000000000         0.5721412716         1.4722851002       -19.9521811272
        1.0056118000         0.4000000000         0.5823505790         1.3957287765       -19.6862318303
        1.0105457000         0.4000000000         0.5772459253         1.3140686978       -19.8192064787
        1.0156039000         0.4000000000         0.5695889448         1.2349604965       -20.0186684514
        1.0205373000         0.4000000000         0.5670366179         1.1635079277       -20.0851557756
        1.0256552000         0.4000000000         0.5721412716         1.0920553588       -19.9521811272
        1.0312028000         0.4000000000         0.5746935985         1.0103952802       -19.8856938030
        1.0383628000         0.4000000000         0.5823505790         0.9440464662       -19.6862318303
        1.0405589000         0.4000000000         0.5772459253         0.8598345101       -19.8192064787
        1.0456381000         0.4000000000         0.5721412716         0.7883819412       -19.9521811272
        1.0506203000         0.4000000000         0.5849029059         0.7194812498       -19.6197445061
        1.0556318000         0.4000000000         0.5721412716         0.6327174162       -19.9521811272
        1.0606993000         0.4000000000         0.5874552328         0.5561610925       -19.5532571818
        1.0656772000         0.4000000000         0.5695889448         0.4719491363       -20.0186684514
        1.0706915000         0.4000000000         0.5823505790         0.4004965675       -19.6862318303
        1.0755455000         0.4000000000         0.5746935985         0.3162846113       -19.8856938030
        1.0807638000         0.4000000000         0.5772459253         0.2499357974       -19.8192064787
        1.0857506000         0.4000000000         0.6002168670         0.1682757187       -19.2208205607
        1.0905147000         0.4000000000         0.5772459253         0.0866156400       -19.8192064787
        1.0956258000         0.4000000000         0.5772459253         0.0100593162       -19.8192064787
        1.1011206000         0.4000000000         0.5772459253         0.0024036839       -19.8192064787
        1.1058512000         0.4000000000         0.5874552328         1.1073666236       -19.5532571818
        1.1105290000         0.4000000000         0.5797982522         5.0117391359       -19.7527191545
        1.1156761000         0.4000000000         0.5874552328         5.0015316260       -19.5532571818
        1.1224708000         0.4000000000         0.5721412716         4.9249753023       -19.9521811272
        1.1318105000         0.4000000000         0.5797982522         4.7591032674       -19.7527191545
        1.1334212000         0.4000000000         0.5721412716         4.7361363703       -19.9521811272
        1.1381999000         0.4000000000         0.5746935985         4.6519244142       -19.8856938030
        1.1406043000         0.4000000000         0.5721412716         4.6059906199       -19.9521811272
        1.1456961000         0.4000000000         0.6053215207         4.5294342961       -19.0878459122
        1.1517660000         0.4000000000         0.5670366179         4.4477742174       -20.0851557756
        1.1564522000         0.4000000000         0.5721412716         4.3737697711       -19.9521811272
        1.1609200000         0.4000000000         0.5772459253         4.2972134474       -19.8192064787
        1.1685682000         0.4000000000         0.5849029059         4.2257608785       -19.6197445061
        1.1709625000         0.4000000000         0.5721412716         4.1441007998       -19.9521811272
        1.1755122000         0.4000000000         0.5619319642         4.0624407211       -20.2181304241
        1.1805865000         0.4000000000         0.5670366179         3.9807806424       -20.0851557756
        1.1856532000         0.4000000000         0.5721412716         3.9042243187       -19.9521811272
        1.1906013000         0.4000000000         0.5670366179         3.8251161174       -20.0851557756
        1.1956295000         0.4000000000         0.5721412716         3.7587673035       -19.9521811272
        1.2006638000         0.4000000000         0.5695889448         3.6694515924       -20.0186684514
        1.2056724000         0.4000000000         0.5491703299         3.5928952687       -20.5505670452
        1.2106009000         0.4000000000         0.5670366179         3.5112351900       -20.0851557756
        1.2156197000         0.4000000000         0.5797982522         3.4397826211       -19.7527191545
        1.2205816000         0.4000000000         0.5593796373         3.3606744199       -20.2846177483
        1.2256324000         0.4000000000         0.5619319642         3.2892218510       -20.2181304241
        1.2305623000         0.4000000000         0.5721412716         3.2050098949       -19.9521811272
        1.2356352000         0.4000000000         0.5593796373         3.1284535711       -20.2846177483
        1.2412474000         0.4000000000         0.5670366179         3.0442416150       -20.0851557756
        1.2455089000         0.4000000000         0.5389610225         2.9702371687       -20.8165163421
        1.2506504000         0.4000000000         0.5695889448         2.8936808449       -20.0186684514
        1.2556859000         0.4000000000         0.5670366179         2.8222282761       -20.0851557756
        1.2608938000         0.4000000000         0.5772459253         2.7456719523       -19.8192064787
        1.2656370000         0.4000000000         0.5542749836         2.6589081187       -20.4175923968
        1.2705955000         0.4000000000         0.5593796373         2.5746961625       -20.2846177483
        1.2756216000         0.4000000000         0.5568273105         2.4981398388       -20.3511050725
        1.2807614000         0.4000000000         0.5568273105         2.4241353924       -20.3511050725
        1.2856178000         0.4000000000         0.5721412716         2.3450271912       -19.9521811272
        1.2905790000         0.4000000000         0.5619319642         2.2659189900       -20.2181304241
        1.2955742000         0.4000000000         0.5670366179         2.1919145437       -20.0851557756
        1.3013033000         0.4000000000         0.5619319642         2.1102544650       -20.2181304241
        1.3056212000         0.4000000000         0.5746935985         2.0388018961       -19.8856938030
        1.3107568000         0.4000000000         0.5619319642         1.9520380625       -20.2181304241
        1.3160619000         0.4000000000         0.5772459253         1.8856892486       -19.8192064787
        1.3214542000         0.4000000000         0.5644842910         1.8065810474       -20.1516430999
        1.3256209000         0.4000000000         0.5644842910         1.7300247236       -20.1516430999
        1.3305841000         0.4000000000         0.5772459253         1.6611240322       -19.8192064787
        1.3356995000         0.4000000000         0.5644842910         1.5743601986       -20.1516430999
        1.3406298000         0.4000000000         0.5797982522         1.5105632621       -19.7527191545
        1.3456297000         0.4000000000         0.5644842910         1.4263513060       -20.1516430999
        1.3506250000         0.4000000000         0.5874552328         1.3523468597       -19.5532571818
        1.3556008000         0.4000000000         0.5670366179         1.2757905359       -20.0851557756
        1.3606598000         0.4000000000         0.5746935985         1.1966823347       -19.8856938030
        1.3656157000         0.4000000000         0.5823505790         1.1354372756       -19.6862318303
        1.3706519000         0.4000000000         0.5772459253         1.0537771970       -19.8192064787
        1.3757046000         0.4000000000         0.5593796373         0.9695652408       -20.2846177483
        1.3807257000         0.4000000000         0.5823505790         0.9083201818       -19.6862318303
        1.3856176000         0.4000000000         0.5772459253         0.8190044707       -19.8192064787
        1.3906334000         0.4000000000         0.5772459253         0.7475519019       -19.8192064787
        1.3956002000         0.4000000000         0.5746935985         0.6709955781       -19.8856938030
        1.4006322000         0.4000000000         0.5721412716         0.5918873769       -19.9521811272
        1.4056172000         0.4000000000         0.5797982522         0.5229866855       -19.7527191545
        1.4106111000         0.4000000000         0.5874552328         0.4387747293       -19.5532571818
        1.4155208000         0.4000000000         0.6027691939         0.3571146507       -19.1543332365
        1.4207097000         0.4000000000         0.5746935985         0.2780064494       -19.8856938030
        1.4256436000         0.4000000000         0.5772459253         0.2040020031       -19.8192064787
        1.4307193000         0.4000000000         0.5874552328         0.1248938019       -19.5532571818
        1.4356005000         0.4000000000         0.5797982522         0.0457856007       -19.7527191545
        1.4405919000         0.4000000000         0.5746935985        -0.0052519485       -19.8856938030
        1.4455902000         0.4000000000         0.5695889448        -0.0052519485       -20.0186684514
        1.4511839000         0.4000000000         0.5823505790         5.0015316260       -19.6862318303
        1.4556000000         0.4000000000         0.5695889448         5.0040835035       -20.0186684514
        1.4608020000         0.4000000000         0.5849029059         4.9683572191       -19.6197445061
        1.4655752000         0.4000000000         0.5823505790         4.8918008953       -19.6862318303
        1.4705921000         0.4000000000         0.5695889448         4.8126926941       -20.0186684514
        1.4755948000         0.4000000000         0.5849029059         4.7335844928       -19.6197445061
        1.4806488000         0.4000000000         0.5772459253         4.6493725367       -19.8192064787
        1.4855937000         0.4000000000         0.5721412716         4.5677124580       -19.9521811272
        1.4906588000         0.4000000000         0.5772459253         4.4860523793       -19.8192064787
        1.4956613000         0.4000000000         0.5746935985         4.4145998105       -19.8856938030
        1.5009636000         0.4000000000         0.5670366179         4.3329397318       -20.0851557756
        1.5055815000         0.4000000000         0.5797982522         4.2614871629       -19.7527191545
        1.5105908000         0.4000000000         0.5746935985         4.1747233293       -19.8856938030
        1.5156349000         0.4000000000         0.5619319642         4.0930632506       -20.2181304241
        1.5206672000         0.4000000000         0.5721412716         4.0114031719       -19.9521811272
        1.5257853000         0.4000000000         0.5644842910         3.9348468482       -20.1516430999
        1.5306284000         0.4000000000         0.5466180030         3.8557386469       -20.6170543695
        1.5356908000         0.4000000000         0.5951122133         3.7944935879       -19.3537952091
        1.5406247000         0.4000000000         0.5670366179         3.7026259994       -20.0851557756
        1.5456548000         0.4000000000         0.5466180030         3.6260696756       -20.6170543695
        1.5506491000         0.4000000000         0.5695889448         3.5622727392       -20.0186684514
        1.5556180000         0.4000000000         0.5772459253         3.4831645379       -19.8192064787
        1.5617027000         0.4000000000         0.5568273105         3.3964007043       -20.3511050725
        1.5656151000         0.4000000000         0.5695889448         3.3147406256       -20.0186684514
        1.5705970000         0.4000000000         0.5517226568         3.2381843019       -20.4840797210
        1.5757629000         0.4000000000         0.5593796373         3.1616279781       -20.2846177483
        1.5813223000         0.4000000000         0.5797982522         3.0927272867       -19.7527191545
        1.5856114000         0.4000000000         0.5746935985         3.0187228404       -19.8856938030
        1.5906847000         0.4000000000         0.5670366179         2.9396146392       -20.0851557756
        1.5956676000         0.4000000000         0.5670366179         2.8605064379       -20.0851557756
        1.6006865000         0.4000000000         0.5593796373         2.7737426043       -20.2846177483
        1.6057439000         0.4000000000         0.5619319642         2.6971862806       -20.2181304241
        1.6109129000         0.4000000000         0.5772459253         2.6180780793       -19.8192064787
        1.6156171000         0.4000000000         0.5517226568         2.5389698781       -20.4840797210
        1.6208703000         0.4000000000         0.5517226568         2.4547579220       -20.4840797210
        1.6256266000         0.4000000000         0.5670366179         2.3756497207       -20.0851557756
        1.6307997000         0.4000000000         0.5593796373         2.3067490293       -20.2846177483
        1.6356269000         0.4000000000         0.5772459253         2.2250889506       -19.8192064787
        1.6409634000         0.4000000000         0.5568273105         2.1485326269       -20.3511050725
        1.6456315000         0.4000000000         0.5644842910         2.0745281806       -20.1516430999
        1.6508599000         0.4000000000         0.5772459253         1.9954199793       -19.8192064787
        1.6568018000         0.4000000000         0.5721412716         1.9188636556       -19.9521811272
        1.6606093000         0.4000000000         0.5644842910         1.8423073318       -20.1516430999
        1.6657811000         0.4000000000         0.5797982522         1.7631991306       -19.7527191545
        1.6705656000         0.4000000000         0.5593796373         1.6968503166       -20.2846177483
        1.6756131000         0.4000000000         0.5849029059         1.6177421154       -19.6197445061
        1.6805453000         0.4000000000         0.5593796373         1.5488414240       -20.2846177483
        1.6857108000         0.4000000000         0.5874552328         1.4671813453       -19.5532571818
        1.6906215000         0.4000000000         0.5695889448         1.3931768990       -20.0186684514
        1.6956907000         0.4000000000         0.5823505790         1.3217243302       -19.6862318303
        1.7005734000         0.4000000000         0.5644842910         1.2426161289       -20.1516430999
        1.7056291000         0.4000000000         0.5874552328         1.1660598052       -19.5532571818
        1.7106687000         0.4000000000         0.5721412716         1.0946072363       -19.9521811272
        1.7156149000         0.4000000000         0.5746935985         1.0206027900       -19.8856938030
        1.7205469000         0.4000000000         0.5797982522         0.9491502211       -19.7527191545
        1.7262163000         0.4000000000         0.5874552328         0.8725938974       -19.5532571818
        1.7306053000         0.4000000000         0.5797982522         0.7909338187       -19.7527191545
        1.7361150000         0.4000000000         0.5797982522         0.7092737400       -19.7527191545
        1.7424015000         0.4000000000         0.5695889448         0.6276136613       -20.0186684514
        1.7456831000         0.4000000000         0.5772459253         0.5536092150       -19.8192064787
        1.7506208000         0.4000000000         0.5746935985         0.4745010138       -19.8856938030
        1.7555870000         0.4000000000         0.5721412716         0.3953928125       -19.9521811272
        1.7606170000         0.4000000000         0.5823505790         0.3188364888       -19.6862318303
        1.7656774000         0.4000000000         0.5670366179         0.2397282875       -20.0851557756
        1.7706914000         0.4000000000         0.5874552328         0.1682757187       -19.5532571818
        1.7756526000         0.4000000000         0.5644842910         0.0840637625       -20.1516430999
        1.7806102000         0.4000000000         0.5772459253         0.0151630711       -19.8192064787
        1.7857011000         0.4000000000         0.5797982522        -0.0052519485       -19.7527191545
        1.7906605000         0.4000000000         0.5721412716         1.1073666236       -19.9521811272
        1.7956075000         0.4000000000         0.5823505790         5.0117391359       -19.6862318303
        1.8006535000         0.4000000000         0.5849029059         5.0066353810       -19.6197445061
        1.8056811000         0.4000000000         0.5721412716         4.9326309346       -19.9521811272
        1.8106171000         0.4000000000         0.5900075596         4.8535227334       -19.4867698576
        1.8157262000         0.4000000000         0.5797982522         4.7718626547       -19.7527191545
        1.8205609000         0.4000000000         0.5797982522         4.6902025760       -19.7527191545
        1.8255523000         0.4000000000         0.5670366179         4.6085424974       -20.0851557756
        1.8306857000         0.4000000000         0.5746935985         4.5319861736       -19.8856938030
        1.8356595000         0.4000000000         0.5746935985         4.4528779724       -19.8856938030
        1.8405779000         0.4000000000         0.5772459253         4.3712178937       -19.8192064787
        1.8456129000         0.4000000000         0.5721412716         4.2997653248       -19.9521811272
        1.8505967000         0.4000000000         0.5746935985         4.2283127560       -19.8856938030
        1.8556350000         0.4000000000         0.5695889448         4.1441007998       -20.0186684514
        1.8606354000         0.4000000000         0.5849029059         4.0675444760       -19.6197445061
        1.8657817000         0.4000000000         0.5721412716         3.9884362748       -19.9521811272
        1.8705142000         0.4000000000         0.5695889448         3.9093280736       -20.0186684514
        1.8757372000         0.4000000000         0.5619319642         3.8200123625       -20.2181304241
        1.8821499000         0.4000000000         0.5695889448         3.7511116711       -20.0186684514
        1.8858631000         0.4000000000         0.5849029059         3.6796591023       -19.6197445061
        1.8924302000         0.4000000000         0.5695889448         3.6056546560       -20.0186684514
        1.8961661000         0.4000000000         0.5746935985         3.5214426998       -19.8856938030
        1.9005259000         0.4000000000         0.5670366179         3.4474382535       -20.0851557756
        1.9058094000         0.4000000000         0.5695889448         3.3632262974       -20.0186684514
        1.9106248000         0.4000000000         0.5746935985         3.2892218510       -19.8856938030
        1.9162365000         0.4000000000         0.5670366179         3.2050098949       -20.0851557756
        1.9206207000         0.4000000000         0.5466180030         3.1259016937       -20.6170543695
        1.9257823000         0.4000000000         0.5695889448         3.0518972474       -20.0186684514
        1.9309723000         0.4000000000         0.5695889448         2.9829965560       -20.0186684514
        1.9356109000         0.4000000000         0.5619319642         2.8936808449       -20.2181304241
        1.9405596000         0.4000000000         0.5568273105         2.8171245211       -20.3511050725
        1.9455708000         0.4000000000         0.5695889448         2.7507757072       -20.0186684514
        1.9505739000         0.4000000000         0.5670366179         2.6716675060       -20.0851557756
        1.9555740000         0.4000000000         0.5772459253         2.5951111822       -19.8192064787
        1.9605758000         0.4000000000         0.5823505790         2.5185548584       -19.6862318303
        1.9655635000         0.4000000000         0.5695889448         2.4368947797       -20.0186684514
        1.9705972000         0.4000000000         0.5695889448         2.3552347011       -20.0186684514
        1.9755847000         0.4000000000         0.5542749836         2.2761264998       -20.4175923968
        1.9806290000         0.4000000000         0.5797982522         2.1970182986       -19.7527191545
        1.9856265000         0.4000000000         0.5517226568         2.1153582199       -20.4840797210
        1.9906443000         0.4000000000         0.5797982522         2.0439056511       -19.7527191545
        1.9956905000         0.4000000000         0.5491703299         1.9596936949       -20.5505670452
        2.0006015000         0.4000000000         0.5670366179         1.8856892486       -20.0851557756
        2.0057330000         0.4000000000         0.5644842910         1.8091329248       -20.1516430999
        2.0106640000         0.4000000000         0.5721412716         1.7402322334       -19.9521811272
        2.0156766000         0.4000000000         0.5644842910         1.6636759097       -20.1516430999
        2.0206156000         0.4000000000         0.5670366179         1.5896714634       -20.0851557756
        2.0256548000         0.4000000000         0.5746935985         1.5207707720       -19.8856938030
        2.0306826000         0.4000000000         0.5670366179         1.4340069384       -20.0851557756
        2.0357333000         0.4000000000         0.5721412716         1.3625543695       -19.9521811272
        2.0408066000         0.4000000000         0.5593796373         1.2783424134       -20.2846177483
        2.0455690000         0.4000000000         0.5670366179         1.2119935994       -20.0851557756
        2.0506083000         0.4000000000         0.5772459253         1.1354372756       -19.8192064787
        2.0556019000         0.4000000000         0.5823505790         1.0665365843       -19.6862318303
        2.0608201000         0.4000000000         0.5772459253         0.9950840154       -19.8192064787
        2.0656659000         0.4000000000         0.5874552328         0.9185276916       -19.5532571818
        2.0705837000         0.4000000000         0.5746935985         0.8343157355       -19.8856938030
        2.0755967000         0.4000000000         0.5721412716         0.7552075343       -19.9521811272
        2.0814437000         0.4000000000         0.5746935985         0.6837549654       -19.8856938030
        2.0870829000         0.4000000000         0.5900075596         0.6097505191       -19.4867698576
        2.0907763000         0.4000000000         0.5695889448         0.5255385629       -20.0186684514
        2.0955750000         0.4000000000         0.5874552328         0.4540859941       -19.5532571818
        2.1006086000         0.4000000000         0.5721412716         0.3724259154       -19.9521811272
        2.1056410000         0.4000000000         0.5900075596         0.2984214691       -19.4867698576
        2.1105498000         0.4000000000         0.5644842910         0.2116576355       -20.1516430999
        2.1155648000         0.4000000000         0.5772459253         0.1325494343       -19.8192064787
        2.1205623000         0.4000000000         0.5772459253         0.0534412330       -19.8192064787
        2.1255506000         0.4000000000         0.5746935985        -0.0052519485       -19.8856938030
        2.1305417000         0.4000000000         0.5746935985        -0.0027000711       -19.8856938030
        2.1356393000         0.4000000000         0.5746935985         5.0015316260       -19.8856938030
        2.1406113000         0.4000000000         0.5721412716         5.0040835035       -19.9521811272
        2.1456366000         0.4000000000         0.5797982522         4.9811166064       -19.7527191545
        2.1512294000         0.4000000000         0.5797982522         4.8969046502       -19.7527191545
        2.1556404000         0.4000000000         0.5797982522         4.8229002039       -19.7527191545
        2.1612233000         0.4000000000         0.5849029059         4.7386882478       -19.6197445061
        2.1659164000         0.4000000000         0.5797982522         4.6621319240       -19.7527191545
        2.1725764000         0.4000000000         0.5670366179         4.5753680904       -20.0851557756
        2.1756335000         0.4000000000         0.5772459253         4.4962598892       -19.8192064787
        2.1806328000         0.4000000000         0.5721412716         4.4171516879       -19.9521811272
        2.1857838000         0.4000000000         0.5644842910         4.3354916092       -20.1516430999
        2.1906978000         0.4000000000         0.5695889448         4.2563834080       -20.0186684514
        2.1956025000         0.4000000000         0.5695889448         4.1849308392       -20.0186684514
        2.2006610000         0.4000000000         0.5670366179         4.1058226379       -20.0851557756
        2.2056688000         0.4000000000         0.5695889448         4.0216106818       -20.0186684514
        2.2105652000         0.4000000000         0.5670366179         3.9450543580       -20.0851557756
        2.2155707000         0.4000000000         0.5644842910         3.8736017892       -20.1516430999
        2.2207148000         0.4000000000         0.5721412716         3.7919417105       -19.9521811272
        2.2256218000         0.4000000000         0.5568273105         3.7153853867       -20.3511050725
        2.2306759000         0.4000000000         0.5670366179         3.6311734306       -20.0851557756
        2.2356106000         0.4000000000         0.5849029059         3.5622727392       -19.6197445061
        2.2405928000         0.4000000000         0.5542749836         3.4857164154       -20.4175923968
        2.2457160000         0.4000000000         0.5568273105         3.4066082142       -20.3511050725
        2.2506778000         0.4000000000         0.5746935985         3.3249481355       -19.8856938030
        2.2556236000         0.4000000000         0.5772459253         3.2611511990       -19.8192064787
        2.2606654000         0.4000000000         0.5517226568         3.1641798556       -20.4840797210
        2.2656143000         0.4000000000         0.5695889448         3.0901754092       -20.0186684514
        2.2706050000         0.4000000000         0.5644842910         3.0263784728       -20.1516430999
        2.2756354000         0.4000000000         0.5644842910         2.9370627617       -20.1516430999
        2.2806263000         0.4000000000         0.5772459253         2.8630583154       -19.8192064787
        2.2856413000         0.4000000000         0.5670366179         2.7890538691       -20.0851557756
        2.2906303000         0.4000000000         0.5568273105         2.6997381580       -20.3511050725
        2.2956239000         0.4000000000         0.5619319642         2.6206299568       -20.2181304241
        2.3007578000         0.4000000000         0.5593796373         2.5491773879       -20.2846177483
        2.3055731000         0.4000000000         0.5797982522         2.4777248191       -19.7527191545
        2.3106189000         0.4000000000         0.5772459253         2.3935128629       -19.8192064787
        2.3156338000         0.4000000000         0.5721412716         2.3093009068       -19.9521811272
        2.3207022000         0.4000000000         0.5644842910         2.2352964605       -20.1516430999
        2.3256357000         0.4000000000         0.5670366179         2.1561882593       -20.0851557756
        2.3306930000         0.4000000000         0.5746935985         2.0872875679       -19.8856938030
        2.3356136000         0.4000000000         0.5619319642         2.0081793666       -20.2181304241
        2.3406229000         0.4000000000         0.5721412716         1.9290711654       -19.9521811272
        2.3456929000         0.4000000000         0.5491703299         1.8474110867       -20.5505670452
        2.3507611000         0.4000000000         0.5746935985         1.7708547629       -19.8856938030
        2.3563202000         0.4000000000         0.5746935985         1.7019540715       -19.8856938030
        2.3629099000         0.4000000000         0.5721412716         1.6253977478       -19.9521811272
        2.3659507000         0.4000000000         0.5644842910         1.5488414240       -20.1516430999
        2.3716476000         0.4000000000         0.5670366179         1.4697332228       -20.0851557756
        2.3757498000         0.4000000000         0.5772459253         1.3982806539       -19.8192064787
        2.3863208000         0.4000000000         0.5695889448         1.2349604965       -20.0186684514
        2.3868872000         0.4000000000         0.5823505790         1.2349604965       -19.6862318303
        2.3955337000         0.4000000000         0.5644842910         1.0971591138       -20.1516430999
        2.3961682000         0.4000000000         0.5695889448         1.0920553588       -20.0186684514
        2.4006290000         0.4000000000         0.5823505790         1.0231546675       -19.6862318303
        2.4055103000         0.4000000000         0.5670366179         0.9440464662       -20.0851557756
        2.4106607000         0.4000000000         0.5874552328         0.8700420199       -19.5532571818
        2.4156175000         0.4000000000         0.5619319642         0.7883819412       -20.2181304241
        2.4206097000         0.4000000000         0.5695889448         0.7118256175       -20.0186684514
        2.4255333000         0.4000000000         0.5797982522         0.6378211711       -19.7527191545
        2.4305571000         0.4000000000         0.5797982522         0.5612648474       -19.7527191545
        2.4362736000         0.4000000000         0.5695889448         0.4770528912       -20.0186684514
        2.4407265000         0.4000000000         0.5695889448         0.4004965675       -20.0186684514
        2.4456632000         0.4000000000         0.5925598865         0.3315958761       -19.4202825334
        2.4506181000         0.4000000000         0.5721412716         0.2524876748       -19.9521811272
        2.4557529000         0.4000000000         0.5976645402         0.1682757187       -19.2873078849
        2.4606632000         0.4000000000         0.5951122133         0.0917193949       -19.3537952091
        2.4674568000         0.4000000000         0.5670366179         0.0075074388       -20.0851557756
        2.4752823000         0.4000000000         0.5772459253        -0.0001481936       -19.8192064787
        2.4758629000         0.4000000000         0.5721412716         1.1099185011       -19.9521811272
        2.4822277000         0.4000000000         0.5746935985         4.9989797486       -19.8856938030
        2.4859641000         0.4000000000         0.5900075596         5.0117391359       -19.4867698576
        2.4905714000         0.4000000000         0.5746935985         4.9428384445       -19.8856938030
        2.4963165000         0.4000000000         0.5823505790         4.8535227334       -19.6862318303
        2.5006608000         0.4000000000         0.5823505790         4.7718626547       -19.6862318303
        2.5056165000         0.4000000000         0.5797982522         4.6850988211       -19.7527191545
        2.5105863000         0.4000000000         0.5593796373         4.6110943748       -20.2846177483
        2.5156313000         0.4000000000         0.5874552328         4.5396418060       -19.5532571818
        2.5206029000         0.4000000000         0.5644842910         4.4528779724       -20.1516430999
        2.5255588000         0.4000000000         0.5695889448         4.3635622613       -20.0186684514
        2.5305715000         0.4000000000         0.5849029059         4.3023172023       -19.6197445061
        2.5356005000         0.4000000000         0.5644842910         4.2130014912       -20.1516430999
        2.5407603000         0.4000000000         0.5644842910         4.1338932900       -20.1516430999
        2.5455950000         0.4000000000         0.5670366179         4.0624407211       -20.0851557756
        2.5505318000         0.4000000000         0.5670366179         3.9833325199       -20.0851557756
        2.5556084000         0.4000000000         0.5670366179         3.9042243187       -20.0851557756
        2.5605706000         0.4000000000         0.5772459253         3.8276679949       -19.8192064787
        2.5655573000         0.4000000000         0.5491703299         3.7511116711       -20.5505670452
        2.5706160000         0.4000000000         0.5593796373         3.6643478375       -20.2846177483
        2.5757672000         0.4000000000         0.5568273105         3.5852396363       -20.3511050725
        2.5805769000         0.4000000000         0.5619319642         3.5086833125       -20.2181304241
        2.5860882000         0.4000000000         0.5670366179         3.4397826211       -20.0851557756
        2.5908591000         0.4000000000         0.5670366179         3.3632262974       -20.0851557756
        2.5956109000         0.4000000000         0.5593796373         3.2866699736       -20.2846177483
        2.6006867000         0.4000000000         0.5695889448         3.1973542625       -20.0186684514
        2.6056675000         0.4000000000         0.5517226568         3.1182460613       -20.4840797210
        2.6106297000         0.4000000000         0.5619319642         3.0467934924       -20.2181304241
        2.6155614000         0.4000000000         0.5644842910         2.9753409236       -20.1516430999
        2.6206288000         0.4000000000         0.5695889448         2.8911289674       -20.0186684514
        2.6263004000         0.4000000000         0.5797982522         2.7941576240       -19.7527191545
        2.6305968000         0.4000000000         0.5695889448         2.7278088101       -20.0186684514
        2.6356668000         0.4000000000         0.5542749836         2.6589081187       -20.4175923968
        2.6406126000         0.4000000000         0.5695889448         2.5849036724       -20.0186684514
        2.6501085000         0.4000000000         0.5644842910         2.4955879613       -20.1516430999
        2.6560347000         0.4000000000         0.5491703299         2.4139278826       -20.5505670452
        2.6569951000         0.4000000000         0.5695889448         2.3271640490       -20.0186684514
        2.6633372000         0.4000000000         0.5670366179         2.2250889506       -20.0851557756
        2.6661785000         0.4000000000         0.5721412716         2.1868107888       -19.9521811272
        2.6707474000         0.4000000000         0.5542749836         2.1051507101       -20.4175923968
        2.6756842000         0.4000000000         0.5746935985         2.0260425088       -19.8856938030
        2.6806637000         0.4000000000         0.5517226568         1.9469343076       -20.4840797210
        2.6859420000         0.4000000000         0.5644842910         1.8729298613       -20.1516430999
        2.6906612000         0.4000000000         0.5619319642         1.8014772924       -20.2181304241
        2.6956592000         0.4000000000         0.5670366179         1.7223690912       -20.0851557756
        2.7006884000         0.4000000000         0.5797982522         1.6534683998       -19.7527191545
        2.7057310000         0.4000000000         0.5721412716         1.5769120761       -19.9521811272
        2.7106262000         0.4000000000         0.5772459253         1.5003557523       -19.8192064787
        2.7156755000         0.4000000000         0.5797982522         1.4289031834       -19.7527191545
        2.7207520000         0.4000000000         0.5900075596         1.3497949822       -19.4867698576
        2.7256952000         0.4000000000         0.5721412716         1.2757905359       -19.9521811272
        2.7305717000         0.4000000000         0.5849029059         1.1992342121       -19.6197445061
        2.7356381000         0.4000000000         0.5670366179         1.1277816433       -20.0851557756
        2.7407405000         0.4000000000         0.5874552328         1.0537771970       -19.5532571818
        2.7455523000         0.4000000000         0.5619319642         0.9670133634       -20.2181304241
        2.7506205000         0.4000000000         0.5874552328         0.9006645494       -19.5532571818
        2.7556065000         0.4000000000         0.5772459253         0.8190044707       -19.8192064787
        2.7605959000         0.4000000000         0.5746935985         0.7424481470       -19.8856938030
        2.7669142000         0.4000000000         0.5746935985         0.6454768035       -19.8856938030
        2.7706126000         0.4000000000         0.5772459253         0.5842317445       -19.8192064787
        2.7798837000         0.4000000000         0.5797982522         0.4898122785       -19.7527191545
        2.7835272000         0.4000000000         0.5849029059         0.4209115871       -19.6197445061
        2.7858555000         0.4000000000         0.5772459253         0.3545627732       -19.8192064787
        2.7908568000         0.4000000000         0.5823505790         0.2780064494       -19.6862318303
        2.7959678000         0.4000000000         0.5797982522         0.1912426158       -19.7527191545
        2.8006234000         0.4000000000         0.5721412716         0.1121344146       -19.9521811272
        2.8060591000         0.4000000000         0.5695889448         0.0330262134       -20.0186684514
        2.8108143000         0.4000000000         0.5670366179        -0.0052519485       -20.0851557756
        2.8157998000         0.4000000000         0.5695889448         1.1022628687       -20.0186684514
        2.8205963000         0.4000000000         0.5695889448         4.9989797486       -20.0186684514
        2.8256740000         0.4000000000         0.5849029059         5.0066353810       -19.6197445061
        2.8306272000         0.4000000000         0.5772459253         4.9555978318       -19.8192064787
        2.8356177000         0.4000000000         0.5695889448         4.8739377531       -20.0186684514
        2.8406079000         0.4000000000         0.5619319642         4.7897257969       -20.2181304241
        2.8455718000         0.4000000000         0.6002168670         4.7157213506       -19.2208205607
        2.8544648000         0.4000000000         0.5721412716         4.6315093945       -19.9521811272
        2.8555699000         0.4000000000         0.5695889448         4.5575049482       -20.0186684514
        2.8606082000         0.4000000000         0.5619319642         4.4732929920       -20.2181304241
        2.8656701000         0.4000000000         0.5644842910         4.3967366683       -20.1516430999
        2.8706817000         0.4000000000         0.5772459253         4.3252840994       -19.8192064787
        2.8755916000         0.4000000000         0.5797982522         4.2487277756       -19.7527191545
        2.8806669000         0.4000000000         0.5695889448         4.1619639420       -20.0186684514
        2.8855551000         0.4000000000         0.5695889448         4.0905113732       -20.0186684514
        2.8905778000         0.4000000000         0.5721412716         4.0139550494       -19.9521811272
        2.8956204000         0.4000000000         0.5721412716         3.9297430933       -19.9521811272
        2.9006526000         0.4000000000         0.5644842910         3.8480830146       -20.1516430999
        2.9055707000         0.4000000000         0.5746935985         3.7791823232       -19.8856938030
        2.9106423000         0.4000000000         0.5721412716         3.7000741219       -19.9521811272
        2.9155378000         0.4000000000         0.5491703299         3.6158621658       -20.5505670452
        2.9208024000         0.4000000000         0.5644842910         3.5393058420       -20.1516430999
        2.9256807000         0.4000000000         0.5721412716         3.4601976408       -19.9521811272
        2.9306732000         0.4000000000         0.5517226568         3.3708819297       -20.4840797210
        2.9357903000         0.4000000000         0.5619319642         3.3019812383       -20.2181304241
        2.9405548000         0.4000000000         0.5695889448         3.2254249146       -20.0186684514
        2.9455306000         0.4000000000         0.5568273105         3.1412129584       -20.3511050725
        2.9505448000         0.4000000000         0.5695889448         3.0672085121       -20.0186684514
        2.9556286000         0.4000000000         0.5542749836         2.9906521883       -20.4175923968
        2.9605095000         0.4000000000         0.5542749836         2.9064402322       -20.4175923968
        2.9654329000         0.4000000000         0.5568273105         2.8451951732       -20.3511050725
        2.9706533000         0.4000000000         0.5644842910         2.7584313396       -20.1516430999
        2.9761846000         0.4000000000         0.5542749836         2.6767712609       -20.4175923968
        2.9819383000         0.4000000000         0.5721412716         2.6078705695       -19.9521811272
        2.9856643000         0.4000000000         0.5415133493         2.5160029810       -20.7500290179
        2.9905857000         0.4000000000         0.5695889448         2.4419985347       -20.0186684514
        2.9956355000         0.4000000000         0.5593796373         2.3577865785       -20.2846177483
        3.0006609000         0.4000000000         0.5517226568         2.2837821322       -20.4840797210
        3.0057589000         0.4000000000         0.5670366179         2.2072258084       -20.0851557756
        3.0107792000         0.4000000000         0.5568273105         2.1332213621       -20.3511050725
        3.0168697000         0.4000000000         0.5695889448         2.0541131609       -20.0186684514
        3.0227417000         0.4000000000         0.5644842910         1.9775568371       -20.1516430999
        3.0307525000         0.4000000000         0.5746935985         1.8958967584       -19.8856938030
        3.0313598000         0.4000000000         0.5644842910         1.8116848023       -20.1516430999
        3.0356036000         0.4000000000         0.5517226568         1.7402322334       -20.4840797210
        3.0408374000         0.4000000000         0.5695889448         1.6713315420       -20.0186684514
        3.0456598000         0.4000000000         0.5593796373         1.5896714634       -20.2846177483
        3.0506297000         0.4000000000         0.5695889448         1.5207707720       -20.0186684514
        3.0614347000         0.4000000000         0.5695889448         1.4442144482       -20.0186684514
        3.0622119000         0.4000000000         0.5721412716         1.3472431047       -19.9521811272
        3.0713526000         0.4000000000         0.5670366179         1.2885499232       -20.0851557756
        3.0724982000         0.4000000000         0.5874552328         1.1966823347       -19.5532571818
        3.0756544000         0.4000000000         0.5797982522         1.1481966629       -19.7527191545
        3.0806407000         0.4000000000         0.5721412716         1.0639847068       -19.9521811272
        3.0856069000         0.4000000000         0.5568273105         0.9874283830       -20.3511050725
        3.0906287000         0.4000000000         0.5772459253         0.9159758142       -19.8192064787
        3.0956011000         0.4000000000         0.5797982522         0.8470751228       -19.7527191545
        3.1006200000         0.4000000000         0.5874552328         0.7654150441       -19.5532571818
        3.1056115000         0.4000000000         0.5670366179         0.6837549654       -20.0851557756
        3.1106115000         0.4000000000         0.5797982522         0.6123023966       -19.7527191545
        3.1156053000         0.4000000000         0.5772459253         0.5357460728       -19.8192064787
        3.1206482000         0.4000000000         0.5874552328         0.4540859941       -19.5532571818
        3.1256927000         0.4000000000         0.5593796373         0.3673221605       -20.2846177483
        3.1306512000         0.4000000000         0.5797982522         0.2933177142       -19.7527191545
        3.1356177000         0.4000000000         0.5644842910         0.2167613904       -20.1516430999
        3.1405851000         0.4000000000         0.5823505790         0.1376531892       -19.6862318303
        3.1455934000         0.4000000000         0.5695889448         0.0585449879       -20.0186684514
        3.1506460000         0.4000000000         0.5900075596         0.0024036839       -19.4867698576
        3.1726266000         0.4000000000         0.5823505790         5.0142910133       -19.6862318303
        3.1738932000         0.4000000000         0.5797982522         4.9326309346       -19.7527191545
        3.1745277000         0.4000000000         0.5925598865         4.9326309346       -19.4202825334
        3.1753773000         0.4000000000         0.5772459253         4.9096640375       -19.8192064787
        3.1760585000         0.4000000000         0.5797982522         4.9020084051       -19.7527191545
        3.1834352000         0.4000000000         0.5695889448         4.8203483265       -20.0186684514
        3.1868171000         0.4000000000         0.5721412716         4.7310326154       -19.9521811272
        3.1906660000         0.4000000000         0.5670366179         4.6595800465       -20.0851557756
        3.1955875000         0.4000000000         0.5721412716         4.5830237228       -19.9521811272
        3.2007271000         0.4000000000         0.5823505790         4.5064673990       -19.6862318303
        3.2064770000         0.4000000000         0.5772459253         4.4248073203       -19.8192064787
        3.2109882000         0.4000000000         0.5746935985         4.3456991191       -19.8856938030
        3.2156206000         0.4000000000         0.5772459253         4.2691427953       -19.8192064787
        3.2206592000         0.4000000000         0.5721412716         4.1976902265       -19.9521811272
        3.2255746000         0.4000000000         0.5593796373         4.1058226379       -20.2846177483
        3.2305684000         0.4000000000         0.5797982522         4.0369219465       -19.7527191545
        3.2355483000         0.4000000000         0.5644842910         3.9527099904       -20.1516430999
        3.2405205000         0.4000000000         0.5593796373         3.8787055441       -20.2846177483
        3.2456123000         0.4000000000         0.5695889448         3.7919417105       -20.0186684514
        3.2506572000         0.4000000000         0.5670366179         3.7230410191       -20.0851557756
        3.2555661000         0.4000000000         0.5568273105         3.6388290629       -20.3511050725
        3.2606357000         0.4000000000         0.5593796373         3.5622727392       -20.2846177483
        3.2656594000         0.4000000000         0.5721412716         3.4882682929       -19.9521811272
        3.2707061000         0.4000000000         0.5542749836         3.4091600916       -20.4175923968
        3.2756351000         0.4000000000         0.5721412716         3.3326037679       -19.9521811272
        3.2806399000         0.4000000000         0.5440656762         3.2483918117       -20.6835416937
        3.2855935000         0.4000000000         0.5619319642         3.1794911203       -20.2181304241
        3.2906591000         0.4000000000         0.5491703299         3.0927272867       -20.5505670452
        3.2956754000         0.4000000000         0.5695889448         3.0238265953       -20.0186684514
        3.3006339000         0.4000000000         0.5593796373         2.9447183941       -20.2846177483
        3.3056376000         0.4000000000         0.5695889448         2.8732658252       -20.0186684514
        3.3105577000         0.4000000000         0.5491703299         2.7865019916       -20.5505670452
        3.3155970000         0.4000000000         0.5644842910         2.7073937904       -20.1516430999
        3.3204630000         0.4000000000         0.5644842910         2.6308374666       -20.1516430999
        3.3255899000         0.4000000000         0.5568273105         2.5491773879       -20.3511050725
        3.3305895000         0.4000000000         0.5670366179         2.4802766965       -20.0851557756
        3.3356378000         0.4000000000         0.5593796373         2.3935128629       -20.2846177483
        3.3405974000         0.4000000000         0.5542749836         2.3169565392       -20.4175923968
        3.3455952000         0.4000000000         0.5644842910         2.2301927056       -20.1516430999
        3.3506033000         0.4000000000         0.5593796373         2.1561882593       -20.2846177483
        3.3556055000         0.4000000000         0.5568273105         2.0821838129       -20.3511050725
        3.3605876000         0.4000000000         0.5593796373         2.0005237343       -20.2846177483
        3.3655905000         0.4000000000         0.5619319642         1.9188636556       -20.2181304241
        3.3705679000         0.4000000000         0.5568273105         1.8448592093       -20.3511050725
        3.3756057000         0.4000000000         0.5746935985         1.7734066404       -19.8856938030
        3.3806648000         0.4000000000         0.5593796373         1.7045059490       -20.2846177483
        3.3855321000         0.4000000000         0.5849029059         1.6279496252       -19.6197445061
        3.3906996000         0.4000000000         0.5517226568         1.5437376691       -20.4840797210
        3.3960074000         0.4000000000         0.5721412716         1.4697332228       -19.9521811272
        3.4006391000         0.4000000000         0.5721412716         1.4033844088       -19.9521811272
        3.4056066000         0.4000000000         0.5619319642         1.3166205752       -20.2181304241
        3.4105967000         0.4000000000         0.5619319642         1.2451680064       -20.2181304241
        3.4156712000         0.4000000000         0.5746935985         1.1711635601       -19.8856938030
        3.4206153000         0.4000000000         0.5568273105         1.0869516039       -20.3511050725
        3.4256225000         0.4000000000         0.5721412716         1.0129471576       -19.9521811272
        3.4306305000         0.4000000000         0.5670366179         0.9440464662       -20.0851557756
        3.4356417000         0.4000000000         0.5823505790         0.8751457748       -19.6862318303
        3.4405785000         0.4000000000         0.5849029059         0.7985894511       -19.6197445061
        3.4456299000         0.4000000000         0.5772459253         0.7143774949       -19.8192064787
        3.4506336000         0.4000000000         0.5695889448         0.6378211711       -20.0186684514
        3.4557194000         0.4000000000         0.5849029059         0.5612648474       -19.6197445061
        3.4607107000         0.4000000000         0.5721412716         0.4872604011       -19.9521811272
        3.4657889000         0.4000000000         0.5823505790         0.4004965675       -19.6862318303
        3.4706903000         0.4000000000         0.5849029059         0.3290439986       -19.6197445061
        3.4755920000         0.4000000000         0.5746935985         0.2422801650       -19.8856938030
        3.4807108000         0.4000000000         0.5772459253         0.1631719638       -19.8192064787
        3.4856256000         0.4000000000         0.5695889448         0.0917193949       -20.0186684514
        3.4906366000         0.4000000000         0.5849029059         0.0100593162       -19.6197445061
        3.4956955000         0.4000000000         0.5823505790         0.0075074388       -19.6862318303
        3.5006525000         0.4000000000         0.5746935985         1.1022628687       -19.8856938030
        3.5057473000         0.4000000000         0.5593796373         5.0066353810       -20.2846177483
        3.5105939000         0.4000000000         0.5823505790         4.9989797486       -19.6862318303
        3.5156655000         0.4000000000         0.5670366179         4.9275271797       -20.0851557756
        3.5207870000         0.4000000000         0.5849029059         4.8484189785       -19.6197445061
        3.5255493000         0.4000000000         0.5644842910         4.7591032674       -20.1516430999
        3.5306325000         0.4000000000         0.5823505790         4.6902025760       -19.6862318303
        3.5356174000         0.4000000000         0.5619319642         4.6059906199       -20.2181304241
        3.5406860000         0.4000000000         0.5823505790         4.5345380510       -19.6862318303
        3.5456740000         0.4000000000         0.5797982522         4.4528779724       -19.7527191545
        3.5506719000         0.4000000000         0.5772459253         4.3737697711       -19.8192064787
        3.5556506000         0.4000000000         0.5695889448         4.2895578150       -20.0186684514
        3.5606322000         0.4000000000         0.5568273105         4.2104496138       -20.3511050725
        3.5656037000         0.4000000000         0.5644842910         4.1338932900       -20.1516430999
        3.5705469000         0.4000000000         0.5670366179         4.0471294564       -20.0851557756
        3.5755873000         0.4000000000         0.5619319642         3.9731250101       -20.2181304241
        3.5805727000         0.4000000000         0.5593796373         3.8940168088       -20.2846177483
        3.5855393000         0.4000000000         0.5721412716         3.8225642400       -19.9521811272
        3.5906549000         0.4000000000         0.5619319642         3.7409041613       -20.2181304241
        3.5955355000         0.4000000000         0.5644842910         3.6592440826       -20.1516430999
        3.6010967000         0.4000000000         0.5619319642         3.5801358814       -20.2181304241
        3.6075747000         0.4000000000         0.5517226568         3.4933720478       -20.4840797210
        3.6107406000         0.4000000000         0.5568273105         3.4270232338       -20.3511050725
        3.6163719000         0.4000000000         0.5695889448         3.3530187875       -20.0186684514
        3.6216392000         0.4000000000         0.5593796373         3.2713587088       -20.2846177483
        3.6255957000         0.4000000000         0.5670366179         3.1896986301       -20.0851557756
        3.6306067000         0.4000000000         0.5491703299         3.1080385515       -20.5505670452
        3.6357558000         0.4000000000         0.5593796373         3.0340341051       -20.2846177483
        3.6405981000         0.4000000000         0.5466180030         2.9600296588       -20.6170543695
        3.6456368000         0.4000000000         0.5797982522         2.8809214576       -19.7527191545
        3.6505648000         0.4000000000         0.5593796373         2.8094688888       -20.2846177483
        3.6556726000         0.4000000000         0.5644842910         2.7278088101       -20.1516430999
        3.6605941000         0.4000000000         0.5619319642         2.6487006088       -20.2181304241
        3.6662120000         0.4000000000         0.5517226568         2.5619367752       -20.4840797210
        3.6706273000         0.4000000000         0.5721412716         2.4904842064       -19.9521811272
        3.6755973000         0.4000000000         0.5542749836         2.4037203728       -20.4175923968
        3.6805814000         0.4000000000         0.5593796373         2.3322678039       -20.2846177483
        3.6856049000         0.4000000000         0.5593796373         2.2455039703       -20.2846177483
        3.6906728000         0.4000000000         0.5695889448         2.1766032789       -20.0186684514
        3.6955495000         0.4000000000         0.5670366179         2.0923913228       -20.0851557756
        3.7006684000         0.4000000000         0.5619319642         2.0158349990       -20.2181304241
        3.7069074000         0.4000000000         0.5619319642         1.9341749203       -20.2181304241
        3.7106147000         0.4000000000         0.5491703299         1.8576185965       -20.5505670452
        3.7158791000         0.4000000000         0.5772459253         1.7912697826       -19.8192064787
        3.7206304000         0.4000000000         0.5670366179         1.7096097039       -20.0851557756
        3.7256508000         0.4000000000         0.5568273105         1.6279496252       -20.3511050725
        3.7306078000         0.4000000000         0.5491703299         1.5539451789       -20.5505670452
        3.7356327000         0.4000000000         0.5721412716         1.4799407326       -19.9521811272
        3.7406393000         0.4000000000         0.5593796373         1.4059362863       -20.2846177483
        3.7469135000         0.4000000000         0.5568273105         1.3064130654       -20.3511050725
        3.7505615000         0.4000000000         0.5695889448         1.2604792711       -20.0186684514
        3.7555391000         0.4000000000         0.5772459253         1.1864748248       -19.8192064787
        3.7619400000         0.4000000000         0.5517226568         1.0920553588       -20.4840797210
        3.7656110000         0.4000000000         0.5746935985         1.0257065449       -19.8856938030
        3.7705393000         0.4000000000         0.5746935985         0.9593577310       -19.8856938030
        3.7773041000         0.4000000000         0.5695889448         0.8828014072       -20.0186684514
        3.7805551000         0.4000000000         0.5670366179         0.7934856961       -20.0851557756
        3.7855705000         0.4000000000         0.5670366179         0.7271368822       -20.0851557756
        3.7905447000         0.4000000000         0.5874552328         0.6480286810       -19.5532571818
        3.7955358000         0.4000000000         0.5772459253         0.5714723572       -19.8192064787
        3.8005932000         0.4000000000         0.5823505790         0.4923641560       -19.6862318303
        3.8056288000         0.4000000000         0.5695889448         0.4132559548       -20.0186684514
        3.8106595000         0.4000000000         0.5849029059         0.3290439986       -19.6197445061
        3.8155968000         0.4000000000         0.5670366179         0.2499357974       -20.0851557756
        3.8205934000         0.4000000000         0.5772459253         0.1657238412       -19.8192064787
        3.8258619000         0.4000000000         0.5695889448         0.0917193949       -20.0186684514
        3.8311054000         0.4000000000         0.5721412716         0.0100593162       -19.9521811272
        3.8362914000         0.4000000000         0.5797982522         0.0075074388       -19.7527191545
        3.8406223000         0.4000000000         0.5823505790         1.1124703785       -19.6862318303
        3.8458314000         0.4000000000         0.5619319642         5.0015316260       -20.2181304241
        3.8505726000         0.4000000000         0.5695889448         5.0066353810       -20.0186684514
        3.8557226000         0.4000000000         0.5670366179         4.9326309346       -20.0851557756
        3.8606699000         0.4000000000         0.5772459253         4.8611783658       -19.8192064787
        3.8656281000         0.4000000000         0.5695889448         4.7616551449       -20.0186684514
        3.8706874000         0.4000000000         0.5644842910         4.6825469437       -20.1516430999
        3.8764037000         0.4000000000         0.5491703299         4.5957831101       -20.5505670452
        3.8806031000         0.4000000000         0.5823505790         4.5345380510       -19.6862318303
        3.8857548000         0.4000000000         0.5491703299         4.4426704625       -20.5505670452
        3.8906339000         0.4000000000         0.5874552328         4.3737697711       -19.5532571818
        3.8956849000         0.4000000000         0.5695889448         4.2972134474       -20.0186684514
        3.9006181000         0.4000000000         0.5517226568         4.2027939814       -20.4840797210
        3.9057039000         0.4000000000         0.5542749836         4.1287895351       -20.4175923968
        3.9106326000         0.4000000000         0.5695889448         4.0573369662       -20.0186684514
        3.9166291000         0.4000000000         0.5695889448         3.9680212551       -20.0186684514
        3.9206233000         0.4000000000         0.5593796373         3.9016724412       -20.2846177483
        3.9256930000         0.4000000000         0.5644842910         3.8149086076       -20.1516430999
        3.9306464000         0.4000000000         0.5466180030         3.7383522838       -20.6170543695
        3.9357028000         0.4000000000         0.5670366179         3.6566922051       -20.0851557756
        3.9459374000         0.4000000000         0.5568273105         3.5826877588       -20.3511050725
        3.9464610000         0.4000000000         0.5619319642         3.4882682929       -20.2181304241
        3.9505476000         0.4000000000         0.5415133493         3.4168157240       -20.7500290179
        3.9557619000         0.4000000000         0.5644842910         3.3428112777       -20.1516430999
        3.9606001000         0.4000000000         0.5440656762         3.2662549539       -20.6835416937
        3.9667297000         0.4000000000         0.5568273105         3.1820429978       -20.3511050725
        3.9706221000         0.4000000000         0.5695889448         3.1182460613       -20.0186684514
        3.9757984000         0.4000000000         0.5466180030         3.0340341051       -20.6170543695
        3.9805328000         0.4000000000         0.5721412716         2.9523740265       -19.9521811272
        3.9856554000         0.4000000000         0.5491703299         2.8681620703       -20.5505670452
        3.9906208000         0.4000000000         0.5517226568         2.7890538691       -20.4840797210
        3.9957084000         0.4000000000         0.5593796373         2.7227050552       -20.2846177483
        4.0005577000         0.4000000000         0.5491703299         2.6410449765       -20.5505670452
