% Sweep Step 70/200  Vcmd=2.1500V  CCW 
% Vg_offset=1.338069V  K_gimbal=26.049690

Time[s]              Vcmd[V]              Vg_raw[V]            Pot[V]             Omega[rad/s]
        0.0022229000         2.1500000000         1.3352870017         0.0457856007        -0.0724711834
        0.0055916000         2.1500000000         1.3327346748         0.0381299683        -0.1389585076
        0.0106849000         2.1500000000         1.3429439823         0.0432337232         0.1269907893
        0.0155884000         2.1500000000         1.3327346748         0.0381299683        -0.1389585076
        0.0205771000         2.1500000000         1.3327346748         0.0381299683        -0.1389585076
        0.0257542000         2.1500000000         1.3480486360         0.0508893556         0.2599654377
        0.0306416000         2.1500000000         1.3378393285         0.0457856007        -0.0059838592
        0.0356566000         2.1500000000         1.3199730405         0.0432337232        -0.4713951288
        0.0405467000         2.1500000000         1.2587171960         0.0483374781        -2.0670909102
        0.0456067000         2.1500000000         1.3046590794         0.0355780908        -0.8703190741
        0.0506285000         2.1500000000         1.2842404646         0.0279224584        -1.4022176679
        0.0556034000         2.1500000000         1.2791358108         0.0202668261        -1.5351923164
        0.0607842000         2.1500000000         1.2842404646         0.0126111937        -1.4022176679
        0.0656695000         2.1500000000         1.2867927914         0.0151630711        -1.3357303437
        0.0705431000         2.1500000000         1.2791358108         0.0126111937        -1.5351923164
        0.0755776000         2.1500000000         1.2918974451         0.0049555613        -1.2027556953
        0.0805029000         2.1500000000         1.2842404646        -0.0001481936        -1.4022176679
        0.0855943000         2.1500000000         1.2842404646        -0.0001481936        -1.4022176679
        0.0905447000         2.1500000000         1.2842404646        -0.0027000711        -1.4022176679
        0.0955370000         2.1500000000         1.2867927914         0.0024036839        -1.3357303437
        0.1005939000         2.1500000000         1.2816881377        -0.0052519485        -1.4687049922
        0.1055633000         2.1500000000         1.2816881377        -0.0052519485        -1.4687049922
        0.1105929000         2.1500000000         1.2842404646         0.0024036839        -1.4022176679
        0.1156566000         2.1500000000         1.2791358108         0.0024036839        -1.5351923164
        0.1206717000         2.1500000000         1.2944497720         0.0075074388        -1.1362683710
        0.1256615000         2.1500000000         1.2842404646         0.0075074388        -1.4022176679
        0.1305480000         2.1500000000         1.2714788303        -0.0027000711        -1.7346542891
        0.1354998000         2.1500000000         1.2867927914        -0.0001481936        -1.3357303437
        0.1406272000         2.1500000000         1.2714788303        -0.0052519485        -1.7346542891
        0.1455034000         2.1500000000         1.2944497720         0.0100593162        -1.1362683710
        0.1506963000         2.1500000000         1.2765834840        -0.0052519485        -1.6016796406
        0.1556563000         2.1500000000         1.2714788303        -0.0052519485        -1.7346542891
        0.1605315000         2.1500000000         1.2791358108         0.0024036839        -1.5351923164
        0.1655445000         2.1500000000         1.2765834840         0.0049555613        -1.6016796406
        0.1705832000         2.1500000000         1.2816881377         0.0075074388        -1.4687049922
        0.1755795000         2.1500000000         1.2867927914         0.0100593162        -1.3357303437
        0.1805812000         2.1500000000         1.2842404646         1.0971591138        -1.4022176679
        0.1856476000         2.1500000000         1.2791358108         1.1099185011        -1.5351923164
        0.1906843000         2.1500000000         1.2714788303         1.1124703785        -1.7346542891
        0.1954953000         2.1500000000         1.2714788303         1.1073666236        -1.7346542891
        0.2005001000         2.1500000000         1.2791358108         1.1099185011        -1.5351923164
        0.2056231000         2.1500000000         1.2740311571         1.1124703785        -1.6681669648
        0.2105348000         2.1500000000         1.2689265034         1.1124703785        -1.8011416133
        0.2155675000         2.1500000000         1.2842404646         1.1073666236        -1.4022176679
        0.2205859000         2.1500000000         1.2816881377         1.1099185011        -1.4687049922
        0.2255831000         2.1500000000         1.2791358108         1.1099185011        -1.5351923164
        0.2305700000         2.1500000000         1.2740311571         4.9989797486        -1.6681669648
        0.2355632000         2.1500000000         1.2689265034         4.9964278711        -1.8011416133
        0.2406368000         2.1500000000         1.2816881377         5.0091872584        -1.4687049922
        0.2456036000         2.1500000000         1.2765834840         5.0040835035        -1.6016796406
        0.2504974000         2.1500000000         1.2970020988         5.0015316260        -1.0697810468
        0.2555729000         2.1500000000         1.2663741766         4.9989797486        -1.8676289375
        0.2606308000         2.1500000000         1.2740311571         5.0066353810        -1.6681669648
        0.2656147000         2.1500000000         1.2816881377         5.0142910133        -1.4687049922
        0.2706091000         2.1500000000         1.2893451183         5.0142910133        -1.2692430195
        0.2755800000         2.1500000000         1.2765834840         5.0117391359        -1.6016796406
        0.2805835000         2.1500000000         1.2867927914         5.0117391359        -1.3357303437
        0.2855298000         2.1500000000         1.2842404646         5.0117391359        -1.4022176679
        0.2904986000         2.1500000000         1.2791358108         5.0091872584        -1.5351923164
        0.2955270000         2.1500000000         1.2791358108         5.0066353810        -1.5351923164
        0.3006410000         2.1500000000         1.2816881377         5.0117391359        -1.4687049922
        0.3055645000         2.1500000000         1.2791358108         5.0117391359        -1.5351923164
        0.3105175000         2.1500000000         1.2816881377         5.0142910133        -1.4687049922
        0.3155923000         2.1500000000         1.2791358108         5.0091872584        -1.5351923164
        0.3206097000         2.1500000000         1.2816881377         5.0117391359        -1.4687049922
        0.3255882000         2.1500000000         1.2867927914         5.0142910133        -1.3357303437
        0.3305505000         2.1500000000         1.2842404646         5.0117391359        -1.4022176679
        0.3354957000         2.1500000000         1.2816881377         5.0091872584        -1.4687049922
        0.3404884000         2.1500000000         1.2714788303         4.9913241162        -1.7346542891
        0.3455587000         2.1500000000         1.2791358108         4.9862203613        -1.5351923164
        0.3506054000         2.1500000000         1.2740311571         4.9836684838        -1.6681669648
        0.3556014000         2.1500000000         1.2867927914         4.9836684838        -1.3357303437
        0.3606011000         2.1500000000         1.2638218497         4.9632534642        -1.9341162618
        0.3655046000         2.1500000000         1.2714788303         4.9607015867        -1.7346542891
        0.3706857000         2.1500000000         1.2740311571         4.9607015867        -1.6681669648
        0.3754968000         2.1500000000         1.2740311571         4.9530459543        -1.6681669648
        0.3807087000         2.1500000000         1.2970020988         4.9453903219        -1.0697810468
        0.3857068000         2.1500000000         1.2740311571         4.9377346896        -1.6681669648
        0.3905972000         2.1500000000         1.2689265034         4.9249753023        -1.8011416133
        0.3955949000         2.1500000000         1.2765834840         4.9326309346        -1.6016796406
        0.4005969000         2.1500000000         1.2842404646         4.9249753023        -1.4022176679
        0.4056093000         2.1500000000         1.2765834840         4.9173196699        -1.6016796406
        0.4105229000         2.1500000000         1.2867927914         4.9147677924        -1.3357303437
        0.4156374000         2.1500000000         1.2765834840         4.9071121601        -1.6016796406
        0.4206261000         2.1500000000         1.2740311571         4.8943527728        -1.6681669648
        0.4256161000         2.1500000000         1.2740311571         4.8841452629        -1.6681669648
        0.4306586000         2.1500000000         1.2740311571         4.8790415080        -1.6681669648
        0.4356469000         2.1500000000         1.2714788303         4.8688339982        -1.7346542891
        0.4405986000         2.1500000000         1.2740311571         4.8637302433        -1.6681669648
        0.4456061000         2.1500000000         1.2714788303         4.8535227334        -1.7346542891
        0.4505747000         2.1500000000         1.2714788303         4.8535227334        -1.7346542891
        0.4555656000         2.1500000000         1.2689265034         4.8407633461        -1.8011416133
        0.4605780000         2.1500000000         1.2740311571         4.8382114687        -1.6681669648
        0.4655598000         2.1500000000         1.2740311571         4.8305558363        -1.6681669648
        0.4705618000         2.1500000000         1.2714788303         4.8203483265        -1.7346542891
        0.4755648000         2.1500000000         1.2816881377         4.8229002039        -1.4687049922
        0.4806610000         2.1500000000         1.2740311571         4.8177964490        -1.6681669648
        0.4856367000         2.1500000000         1.2867927914         4.8126926941        -1.3357303437
        0.4905929000         2.1500000000         1.2765834840         4.8050370617        -1.6016796406
        0.4955934000         2.1500000000         1.2638218497         4.7820701646        -1.9341162618
        0.5005975000         2.1500000000         1.2842404646         4.7744145322        -1.4022176679
        0.5056274000         2.1500000000         1.2791358108         4.7820701646        -1.5351923164
        0.5106320000         2.1500000000         1.2765834840         4.7744145322        -1.6016796406
        0.5154921000         2.1500000000         1.2638218497         4.7514476351        -1.9341162618
        0.5206048000         2.1500000000         1.2663741766         4.7514476351        -1.8676289375
        0.5256370000         2.1500000000         1.2714788303         4.7488957576        -1.7346542891
        0.5305876000         2.1500000000         1.2791358108         4.7514476351        -1.5351923164
        0.5355902000         2.1500000000         1.2791358108         4.7412401252        -1.5351923164
        0.5405063000         2.1500000000         1.2714788303         4.7208251056        -1.7346542891
        0.5455033000         2.1500000000         1.2638218497         4.7233769830        -1.9341162618
        0.5505676000         2.1500000000         1.2740311571         4.7131694732        -1.6681669648
        0.5555835000         2.1500000000         1.2740311571         4.7080657183        -1.6681669648
        0.5605971000         2.1500000000         1.2842404646         4.7004100859        -1.4022176679
        0.5656832000         2.1500000000         1.2714788303         4.6876506986        -1.7346542891
        0.5706947000         2.1500000000         1.2663741766         4.6825469437        -1.8676289375
        0.5757010000         2.1500000000         1.2740311571         4.6825469437        -1.6681669648
        0.5807020000         2.1500000000         1.2714788303         4.6774431887        -1.7346542891
        0.5856781000         2.1500000000         1.2663741766         4.6646838015        -1.8676289375
        0.5906193000         2.1500000000         1.2638218497         4.6570281691        -1.9341162618
        0.5957324000         2.1500000000         1.2740311571         4.6544762916        -1.6681669648
        0.6005965000         2.1500000000         1.2842404646         4.6442687818        -1.4022176679
        0.6057113000         2.1500000000         1.2740311571         4.6391650269        -1.6681669648
        0.6105456000         2.1500000000         1.2740311571         4.6340612719        -1.6681669648
        0.6155439000         2.1500000000         1.2740311571         4.6366131494        -1.6681669648
        0.6205478000         2.1500000000         1.2714788303         4.6187500072        -1.7346542891
        0.6254367000         2.1500000000         1.2663741766         4.6110943748        -1.8676289375
        0.6305572000         2.1500000000         1.2663741766         4.6034387424        -1.8676289375
        0.6356280000         2.1500000000         1.2714788303         4.5983349875        -1.7346542891
        0.6404499000         2.1500000000         1.2561648691         4.5983349875        -2.1335782344
        0.6454507000         2.1500000000         1.2816881377         4.5906793551        -1.4687049922
        0.6505015000         2.1500000000         1.2612695229         4.5702643355        -2.0006035860
        0.6556565000         2.1500000000         1.2740311571         4.5753680904        -1.6681669648
        0.6607425000         2.1500000000         1.2740311571         4.5702643355        -1.6681669648
        0.6657304000         2.1500000000         1.2867927914         4.5651605806        -1.3357303437
        0.6706232000         2.1500000000         1.2765834840         4.5575049482        -1.6016796406
        0.6757263000         2.1500000000         1.2663741766         4.5396418060        -1.8676289375
        0.6807362000         2.1500000000         1.2689265034         4.5370899285        -1.8011416133
        0.6857622000         2.1500000000         1.2714788303         4.5268824187        -1.7346542891
        0.6906067000         2.1500000000         1.2714788303         4.5243305412        -1.7346542891
        0.6956342000         2.1500000000         1.2638218497         4.5090192765        -1.9341162618
        0.7005974000         2.1500000000         1.2740311571         4.5115711539        -1.6681669648
        0.7056406000         2.1500000000         1.2714788303         4.5013636441        -1.7346542891
        0.7107400000         2.1500000000         1.2663741766         4.4911561342        -1.8676289375
        0.7157018000         2.1500000000         1.2689265034         4.4886042568        -1.8011416133
        0.7207025000         2.1500000000         1.2816881377         4.4886042568        -1.4687049922
        0.7256669000         2.1500000000         1.2663741766         4.4758448695        -1.8676289375
        0.7306841000         2.1500000000         1.2638218497         4.4605336047        -1.9341162618
        0.7356365000         2.1500000000         1.2714788303         4.4554298498        -1.7346542891
        0.7405444000         2.1500000000         1.2918974451         4.4503260949        -1.2027556953
        0.7455675000         2.1500000000         1.2638218497         4.4426704625        -1.9341162618
        0.7505725000         2.1500000000         1.2816881377         4.4452223400        -1.4687049922
        0.7557329000         2.1500000000         1.2714788303         4.4350148301        -1.7346542891
        0.7605427000         2.1500000000         1.2765834840         4.4299110752        -1.6016796406
        0.7656093000         2.1500000000         1.2842404646         4.4222554428        -1.4022176679
        0.7705612000         2.1500000000         1.2689265034         4.4094960556        -1.8011416133
        0.7756219000         2.1500000000         1.2714788303         4.4018404232        -1.7346542891
        0.7806881000         2.1500000000         1.2714788303         4.3992885457        -1.7346542891
        0.7856649000         2.1500000000         1.2740311571         4.3916329133        -1.6681669648
        0.7905203000         2.1500000000         1.2816881377         4.3941847908        -1.4687049922
        0.7955873000         2.1500000000         1.2765834840         4.3865291584        -1.6016796406
        0.8005084000         2.1500000000         1.2740311571         4.3737697711        -1.6681669648
        0.8056605000         2.1500000000         1.2995544257         4.3737697711        -1.0032937226
        0.8109043000         2.1500000000         1.2740311571         4.3661141388        -1.6681669648
        0.8156507000         2.1500000000         1.2765834840         4.3610103838        -1.6016796406
        0.8205473000         2.1500000000         1.2714788303         4.3508028740        -1.7346542891
        0.8255812000         2.1500000000         1.2612695229         4.3431472416        -2.0006035860
        0.8306575000         2.1500000000         1.2714788303         4.3431472416        -1.7346542891
        0.8355896000         2.1500000000         1.2714788303         4.3278359769        -1.7346542891
        0.8407235000         2.1500000000         1.2638218497         4.3252840994        -1.9341162618
        0.8456553000         2.1500000000         1.2765834840         4.3201803445        -1.6016796406
        0.8507353000         2.1500000000         1.2689265034         4.3176284670        -1.8011416133
        0.8555492000         2.1500000000         1.2740311571         4.3099728347        -1.6681669648
        0.8606526000         2.1500000000         1.2791358108         4.3099728347        -1.5351923164
        0.8657072000         2.1500000000         1.2689265034         4.2946615699        -1.8011416133
        0.8706344000         2.1500000000         1.2714788303         4.2921096924        -1.7346542891
        0.8757161000         2.1500000000         1.2714788303         4.2767984277        -1.7346542891
        0.8807386000         2.1500000000         1.2842404646         4.2716946728        -1.4022176679
        0.8856533000         2.1500000000         1.2663741766         4.2665909178        -1.8676289375
        0.8906140000         2.1500000000         1.2689265034         4.2640390404        -1.8011416133
        0.8957549000         2.1500000000         1.2689265034         4.2512796531        -1.8011416133
        0.9007443000         2.1500000000         1.2740311571         4.2512796531        -1.6681669648
        0.9057110000         2.1500000000         1.2765834840         4.2436240207        -1.6016796406
        0.9107482000         2.1500000000         1.2842404646         4.2461758982        -1.4022176679
        0.9156434000         2.1500000000         1.2740311571         4.2385202658        -1.6681669648
        0.9207469000         2.1500000000         1.2765834840         4.2232090010        -1.6016796406
        0.9257366000         2.1500000000         1.2714788303         4.2206571236        -1.7346542891
        0.9306649000         2.1500000000         1.2663741766         4.2027939814        -1.8676289375
        0.9357233000         2.1500000000         1.2663741766         4.1976902265        -1.8676289375
        0.9406176000         2.1500000000         1.2663741766         4.1900345941        -1.8676289375
        0.9456328000         2.1500000000         1.2612695229         4.1849308392        -2.0006035860
        0.9505147000         2.1500000000         1.2663741766         4.1798270842        -1.8676289375
        0.9555606000         2.1500000000         1.2740311571         4.1696195744        -1.6681669648
        0.9605453000         2.1500000000         1.2791358108         4.1772752068        -1.5351923164
        0.9656167000         2.1500000000         1.2842404646         4.1696195744        -1.4022176679
        0.9706089000         2.1500000000         1.2816881377         4.1645158195        -1.4687049922
        0.9755843000         2.1500000000         1.2714788303         4.1466526773        -1.7346542891
        0.9807538000         2.1500000000         1.2791358108         4.1466526773        -1.5351923164
        0.9856309000         2.1500000000         1.2740311571         4.1364451674        -1.6681669648
        0.9907391000         2.1500000000         1.2714788303         4.1287895351        -1.7346542891
        0.9955901000         2.1500000000         1.2765834840         4.1313414125        -1.6016796406
        1.0005867000         2.1500000000         1.2740311571         4.1236857801        -1.6681669648
        1.0057136000         2.1500000000         1.2842404646         4.1160301478        -1.4022176679
        1.0106709000         2.1500000000         1.2663741766         4.1058226379        -1.8676289375
        1.0155334000         2.1500000000         1.2816881377         4.1058226379        -1.4687049922
        1.0206336000         2.1500000000         1.2970020988         4.1007188830        -1.0697810468
        1.0256466000         2.1500000000         1.2867927914         4.1007188830        -1.3357303437
        1.0306494000         2.1500000000         1.2842404646         4.0905113732        -1.4022176679
        1.0356521000         2.1500000000         1.2765834840         4.0828557408        -1.6016796406
        1.0406473000         2.1500000000         1.2714788303         4.0700963535        -1.7346542891
        1.0457033000         2.1500000000         1.2740311571         4.0624407211        -1.6681669648
        1.0506583000         2.1500000000         1.2791358108         4.0649925986        -1.5351923164
        1.0557224000         2.1500000000         1.2663741766         4.0522332113        -1.8676289375
        1.0606449000         2.1500000000         1.2765834840         4.0496813338        -1.6016796406
        1.0655265000         2.1500000000         1.2689265034         4.0369219465        -1.8011416133
        1.0705795000         2.1500000000         1.2842404646         4.0445775789        -1.4022176679
        1.0755083000         2.1500000000         1.2842404646         4.0241625592        -1.4022176679
        1.0807343000         2.1500000000         1.2714788303         4.0267144367        -1.7346542891
        1.0855520000         2.1500000000         1.2765834840         4.0190588043        -1.6016796406
        1.0905754000         2.1500000000         1.2740311571         4.0088512945        -1.6681669648
        1.0956803000         2.1500000000         1.2714788303         4.0037475396        -1.7346542891
        1.1007322000         2.1500000000         1.2765834840         4.0037475396        -1.6016796406
        1.1056165000         2.1500000000         1.2740311571         3.9960919072        -1.6681669648
        1.1106460000         2.1500000000         1.2689265034         3.9884362748        -1.8011416133
        1.1157381000         2.1500000000         1.2740311571         3.9756768875        -1.6681669648
        1.1206948000         2.1500000000         1.2740311571         3.9705731326        -1.6681669648
        1.1256799000         2.1500000000         1.2714788303         3.9552618679        -1.7346542891
        1.1306921000         2.1500000000         1.2663741766         3.9501581129        -1.8676289375
        1.1357154000         2.1500000000         1.2612695229         3.9450543580        -2.0006035860
        1.1406817000         2.1500000000         1.2714788303         3.9450543580        -1.7346542891
        1.1455664000         2.1500000000         1.2765834840         3.9399506031        -1.6016796406
        1.1506166000         2.1500000000         1.2612695229         3.9246393383        -2.0006035860
        1.1555710000         2.1500000000         1.2663741766         3.9195355834        -1.8676289375
        1.1605419000         2.1500000000         1.2612695229         3.9118799510        -2.0006035860
        1.1657121000         2.1500000000         1.2638218497         3.9042243187        -1.9341162618
        1.1707405000         2.1500000000         1.2816881377         3.9118799510        -1.4687049922
        1.1757262000         2.1500000000         1.2612695229         3.8965686863        -2.0006035860
        1.1807325000         2.1500000000         1.2714788303         3.8965686863        -1.7346542891
        1.1857009000         2.1500000000         1.2689265034         3.8838092990        -1.8011416133
        1.1906137000         2.1500000000         1.2689265034         3.8736017892        -1.8011416133
        1.1956383000         2.1500000000         1.2561648691         3.8608424019        -2.1335782344
        1.2006216000         2.1500000000         1.2612695229         3.8557386469        -2.0006035860
        1.2055000000         2.1500000000         1.2663741766         3.8557386469        -1.8676289375
        1.2106034000         2.1500000000         1.2740311571         3.8531867695        -1.6681669648
        1.2155257000         2.1500000000         1.2663741766         3.8378755047        -1.8676289375
        1.2206552000         2.1500000000         1.2612695229         3.8327717498        -2.0006035860
        1.2255963000         2.1500000000         1.2663741766         3.8251161174        -1.8676289375
        1.2306908000         2.1500000000         1.2612695229         3.8149086076        -2.0006035860
        1.2356359000         2.1500000000         1.2638218497         3.8123567301        -1.9341162618
        1.2407278000         2.1500000000         1.2765834840         3.8098048527        -1.6016796406
        1.2457447000         2.1500000000         1.2689265034         3.8021492203        -1.8011416133
        1.2507379000         2.1500000000         1.2791358108         3.7944935879        -1.5351923164
        1.2555929000         2.1500000000         1.2638218497         3.7919417105        -1.9341162618
        1.2606283000         2.1500000000         1.2714788303         3.7766304457        -1.7346542891
        1.2657538000         2.1500000000         1.2612695229         3.7689748133        -2.0006035860
        1.2705586000         2.1500000000         1.2689265034         3.7638710584        -1.8011416133
        1.2756446000         2.1500000000         1.2740311571         3.7638710584        -1.6681669648
        1.2807298000         2.1500000000         1.2612695229         3.7485597937        -2.0006035860
        1.2857392000         2.1500000000         1.2638218497         3.7409041613        -1.9341162618
        1.2907630000         2.1500000000         1.2638218497         3.7306966515        -1.9341162618
        1.2956646000         2.1500000000         1.2689265034         3.7230410191        -1.8011416133
        1.3007398000         2.1500000000         1.2638218497         3.7230410191        -1.9341162618
        1.3056471000         2.1500000000         1.2663741766         3.7153853867        -1.8676289375
        1.3105467000         2.1500000000         1.2561648691         3.6949703670        -2.1335782344
        1.3155654000         2.1500000000         1.2587171960         3.6949703670        -2.0670909102
        1.3208415000         2.1500000000         1.2587171960         3.6873147347        -2.0670909102
        1.3256416000         2.1500000000         1.2612695229         3.6796591023        -2.0006035860
        1.3307460000         2.1500000000         1.2638218497         3.6720034699        -1.9341162618
        1.3356567000         2.1500000000         1.2536125423         3.6643478375        -2.2000655587
        1.3406020000         2.1500000000         1.2714788303         3.6643478375        -1.7346542891
        1.3457037000         2.1500000000         1.2638218497         3.6490365728        -1.9341162618
        1.3504999000         2.1500000000         1.2663741766         3.6413809404        -1.8676289375
        1.3555532000         2.1500000000         1.2663741766         3.6439328179        -1.8676289375
        1.3605951000         2.1500000000         1.2663741766         3.6260696756        -1.8676289375
        1.3655534000         2.1500000000         1.2663741766         3.6235177982        -1.8676289375
        1.3706026000         2.1500000000         1.2638218497         3.6133102883        -1.9341162618
        1.3757353000         2.1500000000         1.2663741766         3.6031027785        -1.8676289375
        1.3806798000         2.1500000000         1.2612695229         3.5954471461        -2.0006035860
        1.3857650000         2.1500000000         1.2663741766         3.5954471461        -1.8676289375
        1.3906246000         2.1500000000         1.2714788303         3.5801358814        -1.7346542891
        1.3957006000         2.1500000000         1.2714788303         3.5801358814        -1.7346542891
        1.4006004000         2.1500000000         1.2689265034         3.5724802490        -1.8011416133
        1.4056539000         2.1500000000         1.2638218497         3.5571689842        -1.9341162618
        1.4106555000         2.1500000000         1.2638218497         3.5520652293        -1.9341162618
        1.4157776000         2.1500000000         1.2561648691         3.5393058420        -2.1335782344
        1.4207410000         2.1500000000         1.2587171960         3.5367539646        -2.0670909102
        1.4256921000         2.1500000000         1.2587171960         3.5239945773        -2.0670909102
        1.4306536000         2.1500000000         1.2612695229         3.5163389449        -2.0006035860
        1.4357250000         2.1500000000         1.2740311571         3.5239945773        -1.6681669648
        1.4406222000         2.1500000000         1.2587171960         3.5086833125        -2.0670909102
        1.4456642000         2.1500000000         1.2689265034         3.5010276801        -1.8011416133
        1.4505629000         2.1500000000         1.2638218497         3.5010276801        -1.9341162618
        1.4555915000         2.1500000000         1.2587171960         3.4831645379        -2.0670909102
        1.4605880000         2.1500000000         1.2638218497         3.4806126605        -1.9341162618
        1.4656942000         2.1500000000         1.2561648691         3.4653013957        -2.1335782344
        1.4705778000         2.1500000000         1.2561648691         3.4627495183        -2.1335782344
        1.4755330000         2.1500000000         1.2612695229         3.4550938859        -2.0006035860
        1.4805319000         2.1500000000         1.2663741766         3.4550938859        -1.8676289375
        1.4855849000         2.1500000000         1.2638218497         3.4423344986        -1.9341162618
        1.4907536000         2.1500000000         1.2485078886         3.4270232338        -2.3330402071
        1.4955378000         2.1500000000         1.2612695229         3.4244713564        -2.0006035860
        1.5005931000         2.1500000000         1.2587171960         3.4142638465        -2.0670909102
        1.5055852000         2.1500000000         1.2714788303         3.4168157240        -1.7346542891
        1.5106905000         2.1500000000         1.2638218497         3.4091600916        -1.9341162618
        1.5156251000         2.1500000000         1.2587171960         3.3887450720        -2.0670909102
        1.5205941000         2.1500000000         1.2561648691         3.3861931945        -2.1335782344
        1.5255861000         2.1500000000         1.2638218497         3.3759856847        -1.9341162618
        1.5305920000         2.1500000000         1.2638218497         3.3708819297        -1.9341162618
        1.5356425000         2.1500000000         1.2663741766         3.3734338072        -1.8676289375
        1.5406138000         2.1500000000         1.2638218497         3.3555706650        -1.9341162618
        1.5455213000         2.1500000000         1.2612695229         3.3479150326        -2.0006035860
        1.5506386000         2.1500000000         1.2638218497         3.3402594002        -1.9341162618
        1.5556798000         2.1500000000         1.2612695229         3.3377075228        -2.0006035860
        1.5606007000         2.1500000000         1.2714788303         3.3326037679        -1.7346542891
        1.5656415000         2.1500000000         1.2663741766         3.3275000129        -1.8676289375
        1.5705038000         2.1500000000         1.2638218497         3.3121887482        -1.9341162618
        1.5756312000         2.1500000000         1.2612695229         3.3019812383        -2.0006035860
        1.5806936000         2.1500000000         1.2663741766         3.3019812383        -1.8676289375
        1.5856803000         2.1500000000         1.2587171960         3.2841180961        -2.0670909102
        1.5907001000         2.1500000000         1.2587171960         3.2764624638        -2.0670909102
        1.5955546000         2.1500000000         1.2638218497         3.2739105863        -1.9341162618
        1.6006003000         2.1500000000         1.2714788303         3.2611511990        -1.7346542891
        1.6057911000         2.1500000000         1.2714788303         3.2637030765        -1.7346542891
        1.6106922000         2.1500000000         1.2612695229         3.2432880568        -2.0006035860
        1.6156834000         2.1500000000         1.2536125423         3.2381843019        -2.2000655587
        1.6206247000         2.1500000000         1.2663741766         3.2381843019        -1.8676289375
        1.6256573000         2.1500000000         1.2587171960         3.2305286695        -2.0670909102
        1.6307292000         2.1500000000         1.2689265034         3.2305286695        -1.8011416133
        1.6355963000         2.1500000000         1.2612695229         3.2152174047        -2.0006035860
        1.6406799000         2.1500000000         1.2714788303         3.2152174047        -1.7346542891
        1.6455413000         2.1500000000         1.2612695229         3.1999061400        -2.0006035860
        1.6506256000         2.1500000000         1.2663741766         3.1948023851        -1.8676289375
        1.6556232000         2.1500000000         1.2536125423         3.1794911203        -2.2000655587
        1.6606214000         2.1500000000         1.2638218497         3.1769392429        -1.9341162618
        1.6657465000         2.1500000000         1.2612695229         3.1667317330        -2.0006035860
        1.6707466000         2.1500000000         1.2587171960         3.1616279781        -2.0670909102
        1.6756103000         2.1500000000         1.2536125423         3.1488685908        -2.2000655587
        1.6807543000         2.1500000000         1.2587171960         3.1539723457        -2.0670909102
        1.6857510000         2.1500000000         1.2561648691         3.1335573261        -2.1335782344
        1.6906989000         2.1500000000         1.2536125423         3.1233498162        -2.2000655587
        1.6955703000         2.1500000000         1.2612695229         3.1233498162        -2.0006035860
        1.7006557000         2.1500000000         1.2587171960         3.1156941838        -2.0670909102
        1.7056129000         2.1500000000         1.2561648691         3.1080385515        -2.1335782344
        1.7106444000         2.1500000000         1.2612695229         3.1003829191        -2.0006035860
        1.7156050000         2.1500000000         1.2612695229         3.0978310416        -2.0006035860
        1.7206352000         2.1500000000         1.2587171960         3.0876235318        -2.0670909102
        1.7256085000         2.1500000000         1.2638218497         3.0774160220        -1.9341162618
        1.7306342000         2.1500000000         1.2638218497         3.0774160220        -1.9341162618
        1.7356115000         2.1500000000         1.2663741766         3.0672085121        -1.8676289375
        1.7406768000         2.1500000000         1.2638218497         3.0570010023        -1.9341162618
        1.7454871000         2.1500000000         1.2714788303         3.0570010023        -1.7346542891
        1.7504733000         2.1500000000         1.2612695229         3.0416897375        -2.0006035860
        1.7555060000         2.1500000000         1.2893451183         3.0365859826        -1.2692430195
        1.7605024000         2.1500000000         1.2612695229         3.0238265953        -2.0006035860
        1.7655218000         2.1500000000         1.2638218497         3.0161709629        -1.9341162618
        1.7704906000         2.1500000000         1.2561648691         3.0059634531        -2.1335782344
        1.7755371000         2.1500000000         1.2612695229         3.0008596982        -2.0006035860
        1.7805111000         2.1500000000         1.2612695229         2.9957559433        -2.0006035860
        1.7854766000         2.1500000000         1.2638218497         2.9881003109        -1.9341162618
        1.7905800000         2.1500000000         1.2663741766         2.9804446785        -1.8676289375
        1.7954811000         2.1500000000         1.2536125423         2.9676852912        -2.2000655587
        1.8004759000         2.1500000000         1.2638218497         2.9625815363        -1.9341162618
        1.8055803000         2.1500000000         1.2561648691         2.9523740265        -2.1335782344
        1.8105698000         2.1500000000         1.2612695229         2.9498221490        -2.0006035860
        1.8155179000         2.1500000000         1.2638218497         2.9421665166        -1.9341162618
        1.8204870000         2.1500000000         1.2612695229         2.9294071293        -2.0006035860
        1.8254711000         2.1500000000         1.2918974451         2.9243033744        -1.2027556953
        1.8305389000         2.1500000000         1.2740311571         2.9294071293        -1.6681669648
        1.8355239000         2.1500000000         1.2510602154         2.9089921097        -2.2665528829
        1.8405641000         2.1500000000         1.2638218497         2.9038883547        -1.9341162618
        1.8454900000         2.1500000000         1.2638218497         2.8987845998        -1.9341162618
        1.8505864000         2.1500000000         1.2663741766         2.8911289674        -1.8676289375
        1.8555751000         2.1500000000         1.2740311571         2.8911289674        -1.6681669648
        1.8605770000         2.1500000000         1.2663741766         2.8732658252        -1.8676289375
        1.8655209000         2.1500000000         1.2765834840         2.8707139478        -1.6016796406
        1.8705059000         2.1500000000         1.2638218497         2.8630583154        -1.9341162618
        1.8755539000         2.1500000000         1.2663741766         2.8528508056        -1.8676289375
        1.8805133000         2.1500000000         1.2689265034         2.8451951732        -1.8011416133
        1.8855060000         2.1500000000         1.2740311571         2.8426432957        -1.6681669648
        1.8904725000         2.1500000000         1.2663741766         2.8324357859        -1.8676289375
        1.8954828000         2.1500000000         1.2638218497         2.8247801535        -1.9341162618
        1.9004787000         2.1500000000         1.2663741766         2.8196763986        -1.8676289375
        1.9055142000         2.1500000000         1.2689265034         2.8120207662        -1.8011416133
        1.9105731000         2.1500000000         1.2689265034         2.8120207662        -1.8011416133
        1.9155213000         2.1500000000         1.2689265034         2.7992613789        -1.8011416133
        1.9205197000         2.1500000000         1.2587171960         2.7839501142        -2.0670909102
        1.9254719000         2.1500000000         1.2791358108         2.7916057465        -1.5351923164
        1.9306242000         2.1500000000         1.2612695229         2.7711907269        -2.0006035860
        1.9355832000         2.1500000000         1.2689265034         2.7711907269        -1.8011416133
        1.9404960000         2.1500000000         1.2714788303         2.7558794621        -1.7346542891
        1.9454883000         2.1500000000         1.2689265034         2.7507757072        -1.8011416133
        1.9505351000         2.1500000000         1.2765834840         2.7558794621        -1.6016796406
        1.9555874000         2.1500000000         1.2842404646         2.7431200748        -1.4022176679
        1.9606359000         2.1500000000         1.2740311571         2.7380163199        -1.6681669648
        1.9655925000         2.1500000000         1.2740311571         2.7303606875        -1.6681669648
        1.9705186000         2.1500000000         1.2689265034         2.7201531777        -1.8011416133
        1.9755160000         2.1500000000         1.2663741766         2.7073937904        -1.8676289375
        1.9805094000         2.1500000000         1.2740311571         2.7150494228        -1.6681669648
        1.9854931000         2.1500000000         1.2663741766         2.6971862806        -1.8676289375
        1.9904731000         2.1500000000         1.2689265034         2.6971862806        -1.8011416133
        1.9955657000         2.1500000000         1.2663741766         2.6818750158        -1.8676289375
        2.0006291000         2.1500000000         1.2689265034         2.6767712609        -1.8011416133
        2.0055486000         2.1500000000         1.2561648691         2.6716675060        -2.1335782344
        2.0105743000         2.1500000000         1.2765834840         2.6691156285        -1.6016796406
        2.0155675000         2.1500000000         1.2714788303         2.6640118736        -1.7346542891
        2.0205886000         2.1500000000         1.2689265034         2.6563562412        -1.8011416133
        2.0255367000         2.1500000000         1.2791358108         2.6538043638        -1.5351923164
        2.0306271000         2.1500000000         1.2714788303         2.6410449765        -1.7346542891
        2.0356949000         2.1500000000         1.2714788303         2.6359412215        -1.7346542891
        2.0404904000         2.1500000000         1.2765834840         2.6359412215        -1.6016796406
        2.0455214000         2.1500000000         1.2765834840         2.6308374666        -1.6016796406
        2.0506917000         2.1500000000         1.2689265034         2.6155262019        -1.8011416133
        2.0555742000         2.1500000000         1.2663741766         2.6027668146        -1.8676289375
        2.0605929000         2.1500000000         1.2663741766         2.6053186920        -1.8676289375
        2.0657147000         2.1500000000         1.2791358108         2.6027668146        -1.5351923164
        2.0707568000         2.1500000000         1.2561648691         2.5823517949        -2.1335782344
        2.0757346000         2.1500000000         1.2740311571         2.5823517949        -1.6681669648
        2.0807531000         2.1500000000         1.2663741766         2.5823517949        -1.8676289375
        2.0856473000         2.1500000000         1.2714788303         2.5670405302        -1.7346542891
        2.0907118000         2.1500000000         1.2740311571         2.5619367752        -1.6681669648
        2.0955089000         2.1500000000         1.2689265034         2.5542811429        -1.8011416133
        2.1005879000         2.1500000000         1.2765834840         2.5568330203        -1.6016796406
        2.1056366000         2.1500000000         1.2663741766         2.5440736330        -1.8676289375
        2.1106349000         2.1500000000         1.2714788303         2.5338661232        -1.7346542891
        2.1156117000         2.1500000000         1.2663741766         2.5262104908        -1.8676289375
        2.1207364000         2.1500000000         1.2689265034         2.5160029810        -1.8011416133
        2.1256373000         2.1500000000         1.2638218497         2.5108992261        -1.9341162618
        2.1307697000         2.1500000000         1.2791358108         2.5160029810        -1.5351923164
        2.1357275000         2.1500000000         1.2893451183         2.5006917162        -1.2692430195
        2.1406074000         2.1500000000         1.2663741766         2.4879323289        -1.8676289375
        2.1455905000         2.1500000000         1.2689265034         2.4853804515        -1.8011416133
        2.1507779000         2.1500000000         1.2791358108         2.4853804515        -1.5351923164
        2.1557036000         2.1500000000         1.2689265034         2.4726210642        -1.8011416133
        2.1607061000         2.1500000000         1.2791358108         2.4726210642        -1.5351923164
        2.1656792000         2.1500000000         1.2714788303         2.4598616769        -1.7346542891
        2.1707476000         2.1500000000         1.2714788303         2.4471022896        -1.7346542891
        2.1755917000         2.1500000000         1.2765834840         2.4496541670        -1.6016796406
        2.1805393000         2.1500000000         1.2765834840         2.4394466572        -1.6016796406
        2.1855724000         2.1500000000         1.2740311571         2.4343429023        -1.6681669648
        2.1905721000         2.1500000000         1.2791358108         2.4215835150        -1.5351923164
        2.1955871000         2.1500000000         1.2689265034         2.4215835150        -1.8011416133
        2.2006530000         2.1500000000         1.2714788303         2.4088241277        -1.7346542891
        2.2057550000         2.1500000000         1.2765834840         2.4062722502        -1.6016796406
        2.2107499000         2.1500000000         1.2791358108         2.4037203728        -1.5351923164
        2.2156363000         2.1500000000         1.2714788303         2.3986166179        -1.7346542891
        2.2206044000         2.1500000000         1.2842404646         2.3960647404        -1.4022176679
        2.2255177000         2.1500000000         1.2765834840         2.3833053531        -1.6016796406
        2.2305414000         2.1500000000         1.2714788303         2.3730978433        -1.7346542891
        2.2355942000         2.1500000000         1.2765834840         2.3730978433        -1.6016796406
        2.2404351000         2.1500000000         1.2740311571         2.3654422109        -1.6681669648
        2.2453908000         2.1500000000         1.2791358108         2.3552347011        -1.5351923164
        2.2505793000         2.1500000000         1.2791358108         2.3526828236        -1.5351923164
        2.2554425000         2.1500000000         1.2791358108         2.3475790687        -1.5351923164
        2.2604430000         2.1500000000         1.2867927914         2.3450271912        -1.3357303437
        2.2654679000         2.1500000000         1.2867927914         2.3424753138        -1.3357303437
        2.2706140000         2.1500000000         1.2740311571         2.3220602941        -1.6681669648
        2.2755535000         2.1500000000         1.2765834840         2.3271640490        -1.6016796406
        2.2806050000         2.1500000000         1.2791358108         2.3169565392        -1.5351923164
        2.2855277000         2.1500000000         1.2867927914         2.3195084166        -1.3357303437
        2.2905708000         2.1500000000         1.2791358108         2.3093009068        -1.5351923164
        2.2956364000         2.1500000000         1.2816881377         2.3041971519        -1.4687049922
        2.3005526000         2.1500000000         1.2740311571         2.2888858871        -1.6681669648
        2.3059969000         2.1500000000         1.2791358108         2.2863340097        -1.5351923164
        2.3107380000         2.1500000000         1.2740311571         2.2761264998        -1.6681669648
        2.3156591000         2.1500000000         1.2714788303         2.2710227449        -1.7346542891
        2.3207495000         2.1500000000         1.2765834840         2.2684708674        -1.6016796406
        2.3257406000         2.1500000000         1.2791358108         2.2633671125        -1.5351923164
        2.3307191000         2.1500000000         1.2740311571         2.2582633576        -1.6681669648
        2.3356774000         2.1500000000         1.2867927914         2.2582633576        -1.3357303437
        2.3406161000         2.1500000000         1.2816881377         2.2455039703        -1.4687049922
        2.3455434000         2.1500000000         1.2842404646         2.2480558478        -1.4022176679
        2.3507544000         2.1500000000         1.2740311571         2.2276408281        -1.6681669648
        2.3556728000         2.1500000000         1.2663741766         2.2225370732        -1.8676289375
        2.3606454000         2.1500000000         1.2740311571         2.2174333183        -1.6681669648
        2.3656262000         2.1500000000         1.2765834840         2.2174333183        -1.6016796406
        2.3705950000         2.1500000000         1.2791358108         2.2097776859        -1.5351923164
        2.3756003000         2.1500000000         1.2791358108         2.2046739310        -1.5351923164
        2.3805019000         2.1500000000         1.2842404646         2.1944664211        -1.4022176679
        2.3855375000         2.1500000000         1.3021067526         2.1970182986        -0.9368063984
        2.3907614000         2.1500000000         1.2893451183         2.1893626662        -1.2692430195
        2.3955300000         2.1500000000         1.2791358108         2.1766032789        -1.5351923164
        2.4006514000         2.1500000000         1.2791358108         2.1714995240        -1.5351923164
        2.4055311000         2.1500000000         1.2867927914         2.1766032789        -1.3357303437
        2.4105288000         2.1500000000         1.2816881377         2.1689476465        -1.4687049922
        2.4155801000         2.1500000000         1.2816881377         2.1612920142        -1.4687049922
        2.4206081000         2.1500000000         1.2791358108         2.1536363818        -1.5351923164
        2.4254535000         2.1500000000         1.2714788303         2.1434288720        -1.7346542891
        2.4306390000         2.1500000000         1.2791358108         2.1434288720        -1.5351923164
        2.4355362000         2.1500000000         1.2918974451         2.1357732396        -1.2027556953
        2.4405891000         2.1500000000         1.2842404646         2.1332213621        -1.4022176679
        2.4455501000         2.1500000000         1.2867927914         2.1332213621        -1.3357303437
        2.4506072000         2.1500000000         1.2867927914         2.1204619748        -1.3357303437
        2.4556156000         2.1500000000         1.2867927914         2.1179100974        -1.3357303437
        2.4605987000         2.1500000000         1.2893451183         2.1179100974        -1.2692430195
        2.4655517000         2.1500000000         1.2842404646         2.1000469552        -1.4022176679
        2.4705781000         2.1500000000         1.2663741766         2.0974950777        -1.8676289375
        2.4755836000         2.1500000000         1.2944497720         2.1025988326        -1.1362683710
        2.4805343000         2.1500000000         1.2893451183         2.0898394453        -1.2692430195
        2.4855352000         2.1500000000         1.2816881377         2.0821838129        -1.4687049922
        2.4905017000         2.1500000000         1.2791358108         2.0719763031        -1.5351923164
        2.4955347000         2.1500000000         1.2791358108         2.0719763031        -1.5351923164
        2.5006698000         2.1500000000         1.2740311571         2.0617687933        -1.6681669648
        2.5055852000         2.1500000000         1.2842404646         2.0617687933        -1.4022176679
        2.5106247000         2.1500000000         1.2893451183         2.0617687933        -1.2692430195
        2.5155885000         2.1500000000         1.2816881377         2.0413537736        -1.4687049922
        2.5206391000         2.1500000000         1.2791358108         2.0413537736        -1.5351923164
        2.5255897000         2.1500000000         1.2816881377         2.0336981412        -1.4687049922
        2.5305551000         2.1500000000         1.2867927914         2.0388018961        -1.3357303437
        2.5355848000         2.1500000000         1.2867927914         2.0311462638        -1.3357303437
        2.5411500000         2.1500000000         1.2944497720         2.0336981412        -1.1362683710
        2.5455725000         2.1500000000         1.2842404646         2.0234906314        -1.4022176679
        2.5506222000         2.1500000000         1.2816881377         2.0081793666        -1.4687049922
        2.5555874000         2.1500000000         1.2791358108         2.0107312441        -1.5351923164
        2.5606019000         2.1500000000         1.2816881377         1.9979718568        -1.4687049922
        2.5656136000         2.1500000000         1.2791358108         1.9928681019        -1.5351923164
        2.5705524000         2.1500000000         1.2740311571         1.9903162244        -1.6681669648
        2.5756136000         2.1500000000         1.2842404646         1.9877643470        -1.4022176679
        2.5804925000         2.1500000000         1.2791358108         1.9826605920        -1.5351923164
        2.5855486000         2.1500000000         1.2944497720         1.9826605920        -1.1362683710
        2.5905426000         2.1500000000         1.2791358108         1.9673493273        -1.5351923164
        2.5955200000         2.1500000000         1.2918974451         1.9750049597        -1.2027556953
        2.6005391000         2.1500000000         1.2842404646         1.9673493273        -1.4022176679
        2.6056247000         2.1500000000         1.3072114063         1.9647974498        -0.8038317499
        2.6108286000         2.1500000000         1.2816881377         1.9520380625        -1.4687049922
        2.6156709000         2.1500000000         1.2791358108         1.9418305527        -1.5351923164
        2.6207508000         2.1500000000         1.2944497720         1.9469343076        -1.1362683710
        2.6256202000         2.1500000000         1.2867927914         1.9418305527        -1.3357303437
        2.6307267000         2.1500000000         1.2816881377         1.9239674105        -1.4687049922
        2.6357067000         2.1500000000         1.2842404646         1.9265192879        -1.4022176679
        2.6407394000         2.1500000000         1.2842404646         1.9214155330        -1.4022176679
        2.6456617000         2.1500000000         1.2867927914         1.9163117781        -1.3357303437
        2.6507465000         2.1500000000         1.2765834840         1.9061042683        -1.6016796406
        2.6556892000         2.1500000000         1.2842404646         1.9010005134        -1.4022176679
        2.6607436000         2.1500000000         1.2842404646         1.8984486359        -1.4022176679
        2.6656922000         2.1500000000         1.2867927914         1.9010005134        -1.3357303437
        2.6707443000         2.1500000000         1.2867927914         1.8907930035        -1.3357303437
        2.6757359000         2.1500000000         1.2842404646         1.8856892486        -1.4022176679
        2.6807438000         2.1500000000         1.2867927914         1.8805854937        -1.3357303437
        2.6856446000         2.1500000000         1.2816881377         1.8754817388        -1.4687049922
        2.6907534000         2.1500000000         1.2816881377         1.8652742289        -1.4687049922
        2.6958574000         2.1500000000         1.2842404646         1.8652742289        -1.4022176679
        2.7005357000         2.1500000000         1.2893451183         1.8703779838        -1.2692430195
        2.7056564000         2.1500000000         1.2918974451         1.8601704740        -1.2027556953
        2.7106585000         2.1500000000         1.2791358108         1.8499629642        -1.5351923164
        2.7156415000         2.1500000000         1.2842404646         1.8448592093        -1.4022176679
        2.7205563000         2.1500000000         1.2740311571         1.8372035769        -1.6681669648
        2.7255834000         2.1500000000         1.2842404646         1.8320998220        -1.4022176679
        2.7305488000         2.1500000000         1.2918974451         1.8372035769        -1.2027556953
        2.7355734000         2.1500000000         1.2867927914         1.8244441896        -1.3357303437
        2.7405611000         2.1500000000         1.2867927914         1.8244441896        -1.3357303437
        2.7455672000         2.1500000000         1.2816881377         1.8091329248        -1.4687049922
        2.7505608000         2.1500000000         1.2842404646         1.8040291699        -1.4022176679
        2.7556694000         2.1500000000         1.2842404646         1.8014772924        -1.4022176679
        2.7606901000         2.1500000000         1.2893451183         1.8065810474        -1.2692430195
        2.7656160000         2.1500000000         1.2918974451         1.7912697826        -1.2027556953
        2.7706617000         2.1500000000         1.2816881377         1.7887179052        -1.4687049922
        2.7755543000         2.1500000000         1.2893451183         1.7861660277        -1.2692430195
        2.7806719000         2.1500000000         1.2842404646         1.7759585179        -1.4022176679
        2.7856216000         2.1500000000         1.2842404646         1.7734066404        -1.4022176679
        2.7905532000         2.1500000000         1.2842404646         1.7606472531        -1.4022176679
        2.7956467000         2.1500000000         1.2791358108         1.7580953756        -1.5351923164
        2.8005702000         2.1500000000         1.2893451183         1.7580953756        -1.2692430195
        2.8055717000         2.1500000000         1.2842404646         1.7529916207        -1.4022176679
        2.8106147000         2.1500000000         1.3225253674         1.7478878658        -0.4049078045
        2.8156792000         2.1500000000         1.2918974451         1.7478878658        -1.2027556953
        2.8207079000         2.1500000000         1.2842404646         1.7351284785        -1.4022176679
        2.8256925000         2.1500000000         1.2918974451         1.7376803560        -1.2027556953
        2.8305931000         2.1500000000         1.2944497720         1.7325766011        -1.1362683710
        2.8356442000         2.1500000000         1.2842404646         1.7249209687        -1.4022176679
        2.8406365000         2.1500000000         1.2765834840         1.7147134588        -1.6016796406
        2.8456367000         2.1500000000         1.2791358108         1.7096097039        -1.5351923164
        2.8505272000         2.1500000000         1.2791358108         1.7096097039        -1.5351923164
        2.8556646000         2.1500000000         1.2867927914         1.6994021941        -1.3357303437
        2.8605645000         2.1500000000         1.2765834840         1.6891946843        -1.6016796406
        2.8657618000         2.1500000000         1.2867927914         1.6891946843        -1.3357303437
        2.8706588000         2.1500000000         1.2842404646         1.6789871744        -1.4022176679
        2.8756381000         2.1500000000         1.2842404646         1.6840909293        -1.4022176679
        2.8806708000         2.1500000000         1.2893451183         1.6738834195        -1.2692430195
        2.8856515000         2.1500000000         1.2842404646         1.6789871744        -1.4022176679
        2.8907321000         2.1500000000         1.2970020988         1.6713315420        -1.0697810468
        2.8956952000         2.1500000000         1.2816881377         1.6611240322        -1.4687049922
        2.9010851000         2.1500000000         1.2842404646         1.6560202773        -1.4022176679
        2.9055723000         2.1500000000         1.2842404646         1.6534683998        -1.4022176679
        2.9105895000         2.1500000000         1.2791358108         1.6407090125        -1.5351923164
        2.9155764000         2.1500000000         1.2944497720         1.6483646449        -1.1362683710
        2.9205821000         2.1500000000         1.2842404646         1.6356052576        -1.4022176679
        2.9255844000         2.1500000000         1.2970020988         1.6356052576        -1.0697810468
        2.9305803000         2.1500000000         1.2816881377         1.6228458703        -1.4687049922
        2.9355824000         2.1500000000         1.2918974451         1.6202939929        -1.2027556953
        2.9405890000         2.1500000000         1.2918974451         1.6126383605        -1.2027556953
        2.9455902000         2.1500000000         1.2816881377         1.6049827281        -1.4687049922
        2.9505987000         2.1500000000         1.2918974451         1.6049827281        -1.2027556953
        2.9555679000         2.1500000000         1.2842404646         1.5998789732        -1.4022176679
        2.9605791000         2.1500000000         1.3123160600         1.5896714634        -0.6708571014
        2.9655967000         2.1500000000         1.2842404646         1.5922233408        -1.4022176679
        2.9705921000         2.1500000000         1.2944497720         1.5947752183        -1.1362683710
        2.9756150000         2.1500000000         1.3021067526         1.5820158310        -0.9368063984
        2.9806358000         2.1500000000         1.2842404646         1.5769120761        -1.4022176679
        2.9856187000         2.1500000000         1.2842404646         1.5692564437        -1.4022176679
        2.9906358000         2.1500000000         1.2791358108         1.5590489338        -1.5351923164
        2.9954925000         2.1500000000         1.2944497720         1.5667045662        -1.1362683710
        3.0005121000         2.1500000000         1.2714788303         1.5462895465        -1.7346542891
        3.0056086000         2.1500000000         1.2816881377         1.5462895465        -1.4687049922
        3.0106618000         2.1500000000         1.2791358108         1.5462895465        -1.5351923164
        3.0156192000         2.1500000000         1.2918974451         1.5462895465        -1.2027556953
        3.0207280000         2.1500000000         1.2918974451         1.5411857916        -1.2027556953
        3.0256353000         2.1500000000         1.2791358108         1.5258745269        -1.5351923164
        3.0306349000         2.1500000000         1.2842404646         1.5233226494        -1.4022176679
        3.0356933000         2.1500000000         1.2663741766         1.5131151396        -1.8676289375
        3.0406978000         2.1500000000         1.2791358108         1.5054595072        -1.5351923164
        3.0455984000         2.1500000000         1.2842404646         1.5054595072        -1.4022176679
        3.0506370000         2.1500000000         1.2791358108         1.5080113847        -1.5351923164
        3.0556008000         2.1500000000         1.2816881377         1.4901482425        -1.4687049922
        3.0606285000         2.1500000000         1.2765834840         1.4901482425        -1.6016796406
        3.0656075000         2.1500000000         1.2893451183         1.4850444875        -1.2692430195
        3.0706370000         2.1500000000         1.2842404646         1.4824926101        -1.4022176679
        3.0756086000         2.1500000000         1.2867927914         1.4773888552        -1.3357303437
        3.0806430000         2.1500000000         1.2944497720         1.4799407326        -1.1362683710
        3.0856405000         2.1500000000         1.2918974451         1.4646294679        -1.2027556953
        3.0906359000         2.1500000000         1.2918974451         1.4620775904        -1.2027556953
        3.0955897000         2.1500000000         1.2842404646         1.4569738355        -1.4022176679
        3.1005860000         2.1500000000         1.2944497720         1.4467663256        -1.1362683710
        3.1055337000         2.1500000000         1.2791358108         1.4442144482        -1.5351923164
        3.1106315000         2.1500000000         1.2816881377         1.4442144482        -1.4687049922
        3.1156039000         2.1500000000         1.2842404646         1.4365588158        -1.4022176679
        3.1206333000         2.1500000000         1.2791358108         1.4340069384        -1.5351923164
        3.1255214000         2.1500000000         1.2816881377         1.4212475511        -1.4687049922
        3.1305171000         2.1500000000         1.2740311571         1.4161437961        -1.6681669648
        3.1354992000         2.1500000000         1.2893451183         1.4135919187        -1.2692430195
        3.1405010000         2.1500000000         1.2816881377         1.4110400412        -1.4687049922
        3.1454731000         2.1500000000         1.2638218497         1.4008325314        -1.9341162618
        3.1505144000         2.1500000000         1.2842404646         1.3931768990        -1.4022176679
        3.1555047000         2.1500000000         1.2816881377         1.3957287765        -1.4687049922
        3.1604206000         2.1500000000         1.2842404646         1.3829693892        -1.4022176679
        3.1655608000         2.1500000000         1.2842404646         1.3855212666        -1.4022176679
        3.1705530000         2.1500000000         1.2970020988         1.3804175117        -1.0697810468
        3.1755290000         2.1500000000         1.2867927914         1.3829693892        -1.3357303437
        3.1805205000         2.1500000000         1.2867927914         1.3676581244        -1.3357303437
        3.1854728000         2.1500000000         1.2816881377         1.3625543695        -1.4687049922
        3.1904187000         2.1500000000         1.2842404646         1.3574506146        -1.4022176679
        3.1955460000         2.1500000000         1.2791358108         1.3472431047        -1.5351923164
        3.2004899000         2.1500000000         1.2816881377         1.3472431047        -1.4687049922
        3.2055259000         2.1500000000         1.2791358108         1.3395874724        -1.5351923164
        3.2105273000         2.1500000000         1.2867927914         1.3370355949        -1.3357303437
        3.2155546000         2.1500000000         1.2842404646         1.3319318400        -1.4022176679
        3.2205838000         2.1500000000         1.2893451183         1.3319318400        -1.2692430195
        3.2254659000         2.1500000000         1.2816881377         1.3217243302        -1.4687049922
        3.2304782000         2.1500000000         1.2816881377         1.3115168203        -1.4687049922
        3.2355208000         2.1500000000         1.2867927914         1.3166205752        -1.3357303437
        3.2406133000         2.1500000000         1.2867927914         1.3064130654        -1.3357303437
        3.2455370000         2.1500000000         1.2791358108         1.2987574330        -1.5351923164
        3.2506010000         2.1500000000         1.2791358108         1.2911018006        -1.5351923164
        3.2557058000         2.1500000000         1.2867927914         1.2911018006        -1.3357303437
        3.2605586000         2.1500000000         1.2791358108         1.2834461683        -1.5351923164
        3.2656665000         2.1500000000         1.2816881377         1.2808942908        -1.4687049922
        3.2707062000         2.1500000000         1.2791358108         1.2732386584        -1.5351923164
        3.2756019000         2.1500000000         1.2918974451         1.2732386584        -1.2027556953
        3.2806796000         2.1500000000         1.2867927914         1.2630311486        -1.3357303437
        3.2856889000         2.1500000000         1.2893451183         1.2655830261        -1.2692430195
        3.2905957000         2.1500000000         1.2867927914         1.2528236388        -1.3357303437
        3.2957216000         2.1500000000         1.2816881377         1.2477198838        -1.4687049922
        3.3007467000         2.1500000000         1.2842404646         1.2375123740        -1.4022176679
        3.3056847000         2.1500000000         1.2944497720         1.2477198838        -1.1362683710
        3.3107448000         2.1500000000         1.2842404646         1.2324086191        -1.4022176679
        3.3155292000         2.1500000000         1.2842404646         1.2298567416        -1.4022176679
        3.3206098000         2.1500000000         1.2842404646         1.2170973543        -1.4022176679
        3.3257446000         2.1500000000         1.2918974451         1.2222011093        -1.2027556953
        3.3307485000         2.1500000000         1.2918974451         1.2196492318        -1.2027556953
        3.3357291000         2.1500000000         1.2816881377         1.2068898445        -1.4687049922
        3.3407518000         2.1500000000         1.3021067526         1.2068898445        -0.9368063984
        3.3457376000         2.1500000000         1.2893451183         1.2017860896        -1.2692430195
        3.3507615000         2.1500000000         1.2791358108         1.1839229474        -1.5351923164
        3.3556738000         2.1500000000         1.2765834840         1.1788191925        -1.6016796406
        3.3606541000         2.1500000000         1.2791358108         1.1788191925        -1.5351923164
        3.3657170000         2.1500000000         1.2918974451         1.1813710699        -1.2027556953
        3.3706609000         2.1500000000         1.2918974451         1.1762673150        -1.2027556953
        3.3755729000         2.1500000000         1.2893451183         1.1711635601        -1.2692430195
        3.3806575000         2.1500000000         1.2791358108         1.1584041728        -1.5351923164
        3.3858062000         2.1500000000         1.2791358108         1.1456447855        -1.5351923164
        3.3907404000         2.1500000000         1.2740311571         1.1430929080        -1.6681669648
        3.3957488000         2.1500000000         1.2842404646         1.1430929080        -1.4022176679
        3.4007652000         2.1500000000         1.2816881377         1.1379891531        -1.4687049922
        3.4056355000         2.1500000000         1.2765834840         1.1277816433        -1.6016796406
        3.4106513000         2.1500000000         1.2740311571         1.1201260109        -1.6681669648
        3.4155935000         2.1500000000         1.2791358108         1.1150222560        -1.5351923164
        3.4205433000         2.1500000000         1.2765834840         1.1099185011        -1.6016796406
        3.4255488000         2.1500000000         1.2918974451         1.1150222560        -1.2027556953
        3.4305616000         2.1500000000         1.2893451183         1.1124703785        -1.2692430195
        3.4355560000         2.1500000000         1.2867927914         1.0997109912        -1.3357303437
        3.4407079000         2.1500000000         1.2918974451         1.1022628687        -1.2027556953
        3.4456400000         2.1500000000         1.2842404646         1.0920553588        -1.4022176679
        3.4506679000         2.1500000000         1.2867927914         1.0869516039        -1.3357303437
        3.4556399000         2.1500000000         1.2816881377         1.0818478490        -1.4687049922
        3.4606927000         2.1500000000         1.2842404646         1.0767440941        -1.4022176679
        3.4656844000         2.1500000000         1.2893451183         1.0767440941        -1.2692430195
        3.4706895000         2.1500000000         1.2842404646         1.0639847068        -1.4022176679
        3.4757033000         2.1500000000         1.2842404646         1.0614328293        -1.4022176679
        3.4806842000         2.1500000000         1.2893451183         1.0461215646        -1.2692430195
        3.4856646000         2.1500000000         1.2765834840         1.0435696871        -1.6016796406
        3.4906997000         2.1500000000         1.2893451183         1.0435696871        -1.2692430195
        3.4956615000         2.1500000000         1.2867927914         1.0410178097        -1.3357303437
        3.5006432000         2.1500000000         1.2970020988         1.0410178097        -1.0697810468
        3.5057348000         2.1500000000         1.2918974451         1.0333621773        -1.2027556953
        3.5107249000         2.1500000000         1.2918974451         1.0333621773        -1.2027556953
        3.5156210000         2.1500000000         1.2944497720         1.0206027900        -1.1362683710
        3.5207285000         2.1500000000         1.2944497720         1.0180509125        -1.1362683710
        3.5257041000         2.1500000000         1.2944497720         1.0129471576        -1.1362683710
        3.5306560000         2.1500000000         1.2970020988         1.0078434027        -1.0697810468
        3.5356111000         2.1500000000         1.3097637331         1.0103952802        -0.7373444257
        3.5404864000         2.1500000000         1.2970020988         1.0027396478        -1.0697810468
        3.5454997000         2.1500000000         1.3072114063         1.0027396478        -0.8038317499
        3.5504880000         2.1500000000         1.2995544257         0.9925321379        -1.0032937226
        3.5555517000         2.1500000000         1.3046590794         0.9925321379        -0.8703190741
        3.5624556000         2.1500000000         1.2842404646         0.9797727506        -1.4022176679
        3.5661473000         2.1500000000         1.3148683868         0.9899802605        -0.6043697772
        3.5706090000         2.1500000000         1.3046590794         0.9746689957        -0.8703190741
        3.5756655000         2.1500000000         1.3021067526         0.9695652408        -0.9368063984
        3.5805990000         2.1500000000         1.3046590794         0.9695652408        -0.8703190741
        3.5857032000         2.1500000000         1.2995544257         0.9695652408        -1.0032937226
        3.5906719000         2.1500000000         1.3250776943         0.9746689957        -0.3384204803
        3.5956060000         2.1500000000         1.3021067526         0.9593577310        -0.9368063984
        3.6006725000         2.1500000000         1.3148683868         0.9619096084        -0.6043697772
        3.6056326000         2.1500000000         1.3072114063         0.9542539761        -0.8038317499
        3.6106320000         2.1500000000         1.3072114063         0.9542539761        -0.8038317499
        3.6156060000         2.1500000000         1.3097637331         0.9491502211        -0.7373444257
        3.6205629000         2.1500000000         1.3123160600         0.9542539761        -0.6708571014
        3.6255632000         2.1500000000         1.3148683868         0.9542539761        -0.6043697772
        3.6305986000         2.1500000000         1.3199730405         0.9542539761        -0.4713951288
        3.6356262000         2.1500000000         1.3174207137         0.9517020986        -0.5378824530
        3.6404788000         2.1500000000         1.3148683868         0.9440464662        -0.6043697772
        3.6455056000         2.1500000000         1.3123160600         0.9414945888        -0.6708571014
        3.6505230000         2.1500000000         1.3097637331         0.9363908338        -0.7373444257
        3.6556119000         2.1500000000         1.3174207137         0.9440464662        -0.5378824530
        3.6605426000         2.1500000000         1.3199730405         0.9338389564        -0.4713951288
        3.6654981000         2.1500000000         1.3174207137         0.9363908338        -0.5378824530
        3.6705807000         2.1500000000         1.3199730405         0.9363908338        -0.4713951288
        3.6757367000         2.1500000000         1.3123160600         0.9261833240        -0.6708571014
        3.6805295000         2.1500000000         1.3403916554         0.9210795691         0.0605034650
        3.6855416000         2.1500000000         1.3123160600         0.9210795691        -0.6708571014
        3.6906315000         2.1500000000         1.3097637331         0.9159758142        -0.7373444257
        3.6955979000         2.1500000000         1.3174207137         0.9210795691        -0.5378824530
        3.7006377000         2.1500000000         1.3021067526         0.9057683043        -0.9368063984
        3.7056709000         2.1500000000         1.3097637331         0.9083201818        -0.7373444257
        3.7107558000         2.1500000000         1.3046590794         0.9083201818        -0.8703190741
        3.7155085000         2.1500000000         1.3072114063         0.9032164269        -0.8038317499
        3.7205994000         2.1500000000         1.3046590794         0.9083201818        -0.8703190741
        3.7256678000         2.1500000000         1.3123160600         0.9083201818        -0.6708571014
        3.7306209000         2.1500000000         1.3123160600         0.9032164269        -0.6708571014
        3.7357725000         2.1500000000         1.2970020988         0.8879051621        -1.0697810468
        3.7405798000         2.1500000000         1.2944497720         0.8879051621        -1.1362683710
        3.7456433000         2.1500000000         1.2867927914         0.8751457748        -1.3357303437
        3.7505734000         2.1500000000         1.2867927914         0.8725938974        -1.3357303437
        3.7556337000         2.1500000000         1.2791358108         0.8649382650        -1.5351923164
        3.7605151000         2.1500000000         1.2867927914         0.8674901425        -1.3357303437
        3.7654872000         2.1500000000         1.2816881377         0.8547307552        -1.4687049922
        3.7704899000         2.1500000000         1.2765834840         0.8521788777        -1.6016796406
        3.7754825000         2.1500000000         1.2765834840         0.8547307552        -1.6016796406
        3.7805801000         2.1500000000         1.2765834840         0.8419713679        -1.6016796406
        3.7855899000         2.1500000000         1.2842404646         0.8343157355        -1.4022176679
        3.7905316000         2.1500000000         1.2816881377         0.8343157355        -1.4687049922
        3.7956005000         2.1500000000         1.2970020988         0.8368676129        -1.0697810468
        3.8005924000         2.1500000000         1.2918974451         0.8292119806        -1.2027556953
        3.8055197000         2.1500000000         1.2842404646         0.8190044707        -1.4022176679
        3.8104708000         2.1500000000         1.2816881377         0.8087969609        -1.4687049922
        3.8155431000         2.1500000000         1.2791358108         0.8011413285        -1.5351923164
        3.8205921000         2.1500000000         1.2842404646         0.8011413285        -1.4022176679
        3.8256087000         2.1500000000         1.2867927914         0.7985894511        -1.3357303437
        3.8304951000         2.1500000000         1.2893451183         0.8011413285        -1.2692430195
        3.8354875000         2.1500000000         1.2765834840         0.7781744314        -1.6016796406
        3.8406346000         2.1500000000         1.2816881377         0.7832781863        -1.4687049922
        3.8456506000         2.1500000000         1.2944497720         0.7807263088        -1.1362683710
        3.8504711000         2.1500000000         1.2816881377         0.7654150441        -1.4687049922
        3.8554103000         2.1500000000         1.2842404646         0.7628631666        -1.4022176679
        3.8604728000         2.1500000000         1.2842404646         0.7603112892        -1.4022176679
        3.8655694000         2.1500000000         1.2893451183         0.7552075343        -1.2692430195
        3.8705106000         2.1500000000         1.2842404646         0.7450000244        -1.4022176679
        3.8755093000         2.1500000000         1.2842404646         0.7450000244        -1.4022176679
        3.8805676000         2.1500000000         1.2918974451         0.7398962695        -1.2027556953
        3.8855942000         2.1500000000         1.2765834840         0.7271368822        -1.6016796406
        3.8906839000         2.1500000000         1.2893451183         0.7373443920        -1.2692430195
        3.8957150000         2.1500000000         1.2867927914         0.7296887597        -1.3357303437
        3.9006783000         2.1500000000         1.2842404646         0.7194812498        -1.4022176679
        3.9056547000         2.1500000000         1.2765834840         0.7067218625        -1.6016796406
        3.9106814000         2.1500000000         1.2842404646         0.7118256175        -1.4022176679
        3.9156598000         2.1500000000         1.2842404646         0.7067218625        -1.4022176679
        3.9205692000         2.1500000000         1.2791358108         0.6965143527        -1.5351923164
        3.9255545000         2.1500000000         1.2765834840         0.6888587203        -1.6016796406
        3.9306629000         2.1500000000         1.2740311571         0.6786512105        -1.6681669648
        3.9356585000         2.1500000000         1.2867927914         0.6863068429        -1.3357303437
        3.9405836000         2.1500000000         1.2842404646         0.6760993330        -1.4022176679
        3.9456866000         2.1500000000         1.2918974451         0.6709955781        -1.2027556953
        3.9504868000         2.1500000000         1.2918974451         0.6684437007        -1.2027556953
        3.9554930000         2.1500000000         1.2893451183         0.6582361908        -1.2692430195
        3.9605616000         2.1500000000         1.2944497720         0.6505805584        -1.1362683710
        3.9655948000         2.1500000000         1.2740311571         0.6378211711        -1.6681669648
        3.9706443000         2.1500000000         1.2867927914         0.6403730486        -1.3357303437
        3.9756318000         2.1500000000         1.2867927914         0.6276136613        -1.3357303437
        3.9807053000         2.1500000000         1.2893451183         0.6276136613        -1.2692430195
        3.9856853000         2.1500000000         1.2944497720         0.6301655388        -1.1362683710
        3.9906456000         2.1500000000         1.2816881377         0.6123023966        -1.4687049922
        3.9955962000         2.1500000000         1.2842404646         0.6123023966        -1.4022176679
        4.0006148000         2.1500000000         1.2867927914         0.6071986416        -1.3357303437
