% Sweep Step 160/200  Vcmd=0.5000V  CCW 
% Vg_offset=1.338069V  K_gimbal=26.049690

Time[s]              Vcmd[V]              Vg_raw[V]            Pot[V]             Omega[rad/s]
        0.0029502000         0.5000000000         1.3454963091         3.7051778769         0.1934781135
        0.0061476000         0.5000000000         1.3378393285         3.7000741219        -0.0059838592
        0.0107395000         0.5000000000         1.3403916554         3.7000741219         0.0605034650
        0.0154841000         0.5000000000         1.2816881377         3.6949703670        -1.4687049922
        0.0205883000         0.5000000000         0.9294670315         3.6720034699       -10.6439557355
        0.0255768000         0.5000000000         1.0570833743         3.6362771855        -7.3195895241
        0.0306491000         0.5000000000         0.9881705492         3.6005509010        -9.1147472782
        0.0355721000         0.5000000000         0.9167053972         3.5597208617       -10.9763923566
        0.0408400000         0.5000000000         0.8784204944         3.5239945773       -11.9737022200
        0.0462726000         0.5000000000         0.9064960898         3.4755089056       -11.2423416535
        0.0539711000         0.5000000000         0.7941937081         3.4321269888       -14.1677839195
        0.0560900000         0.5000000000         0.8299262841         3.3657781748       -13.2369613803
        0.0605467000         0.5000000000         0.8146123230         3.3198443806       -13.6358853257
        0.0657203000         0.5000000000         0.7712227664         3.2585993215       -14.7661698375
        0.0704927000         0.5000000000         0.7431471710         3.2126655273       -15.4975304040
        0.0756613000         0.5000000000         0.7686704396         3.1514204683       -14.8326571617
        0.0804883000         0.5000000000         0.7405948441         3.0927272867       -15.5640177282
        0.0854862000         0.5000000000         0.7227285561         3.0238265953       -16.0294289978
        0.0905809000         0.5000000000         0.7099669219         2.9574777814       -16.3618656189
        0.0955287000         0.5000000000         0.7150715756         2.9038883547       -16.2288909705
        0.1006679000         0.5000000000         0.7150715756         2.8426432957       -16.2288909705
        0.1055589000         0.5000000000         0.6895483070         2.7711907269       -16.8937642128
        0.1106022000         0.5000000000         0.6767866727         2.7048419129       -17.2262008339
        0.1155707000         0.5000000000         0.6997576144         2.6487006088       -16.6278149159
        0.1204850000         0.5000000000         0.6742343459         2.5823517949       -17.2926881581
        0.1257361000         0.5000000000         0.6921006339         2.5160029810       -16.8272768885
        0.1307493000         0.5000000000         0.6563680579         2.4343429023       -17.7580994277
        0.1356871000         0.5000000000         0.6716820190         2.3705459658       -17.3591754823
        0.1406926000         0.5000000000         0.6563680579         2.3118527843       -17.7580994277
        0.1456851000         0.5000000000         0.6691296922         2.2352964605       -17.4256628066
        0.1506094000         0.5000000000         0.6487110773         2.1612920142       -17.9575614004
        0.1555771000         0.5000000000         0.6436064236         2.0898394453       -18.0905360488
        0.1605552000         0.5000000000         0.6665773653         2.0311462638       -17.4921501308
        0.1655892000         0.5000000000         0.6410540967         1.9571418174       -18.1570233731
        0.1705088000         0.5000000000         0.6512634042         1.8882411261       -17.8910740762
        0.1756481000         0.5000000000         0.6487110773         1.8244441896       -17.9575614004
        0.1806893000         0.5000000000         0.6461587505         1.7631991306       -18.0240487246
        0.1857031000         0.5000000000         0.6589203847         1.6917465617       -17.6916121035
        0.1906692000         0.5000000000         0.6385017699         1.6177421154       -18.2235106973
        0.1955916000         0.5000000000         0.6410540967         1.5513933015       -18.1570233731
        0.2007191000         0.5000000000         0.6385017699         1.4824926101       -18.2235106973
        0.2056764000         0.5000000000         0.6308447893         1.4059362863       -18.4229726700
        0.2109015000         0.5000000000         0.6308447893         1.3370355949       -18.4229726700
        0.2155964000         0.5000000000         0.6487110773         1.2757905359       -17.9575614004
        0.2208259000         0.5000000000         0.6333971162         1.2094417220       -18.3564853457
        0.2257201000         0.5000000000         0.6333971162         1.1379891531       -18.3564853457
        0.2308786000         0.5000000000         0.6308447893         1.0665365843       -18.4229726700
        0.2361810000         0.5000000000         0.6308447893         1.0001877703       -18.4229726700
        0.2407061000         0.5000000000         0.6308447893         0.9261833240       -18.4229726700
        0.2456279000         0.5000000000         0.6333971162         0.8623863875       -18.3564853457
        0.2507000000         0.5000000000         0.6359494430         0.7858300638       -18.2899980215
        0.2556013000         0.5000000000         0.6282924625         0.7118256175       -18.4894599942
        0.2604846000         0.5000000000         0.6410540967         0.6505805584       -18.1570233731
        0.2657009000         0.5000000000         0.6257401356         0.5689204797       -18.5559473184
        0.2704865000         0.5000000000         0.6206354819         0.4949160334       -18.6889219669
        0.2755781000         0.5000000000         0.6282924625         0.4285672195       -18.4894599942
        0.2806054000         0.5000000000         0.6333971162         0.3494590183       -18.3564853457
        0.2855761000         0.5000000000         0.6206354819         0.2780064494       -18.6889219669
        0.2905799000         0.5000000000         0.6257401356         0.1963463707       -18.5559473184
        0.2955890000         0.5000000000         0.6155308282         0.1248938019       -18.8218966153
        0.3022704000         0.5000000000         0.6206354819         0.0508893556       -18.6889219669
        0.3056546000         0.5000000000         0.6257401356        -0.0001481936       -18.5559473184
        0.3106312000         0.5000000000         0.6206354819         0.0024036839       -18.6889219669
        0.3169941000         0.5000000000         0.6257401356         5.0015316260       -18.5559473184
        0.3224353000         0.5000000000         0.6129785013         5.0015316260       -18.8883839396
        0.3288623000         0.5000000000         0.6078738476         4.9555978318       -19.0213585880
        0.3305440000         0.5000000000         0.6180831550         4.9326309346       -18.7554092911
        0.3356158000         0.5000000000         0.6257401356         4.8560746109       -18.5559473184
        0.3406300000         0.5000000000         0.6206354819         4.7718626547       -18.6889219669
        0.3454995000         0.5000000000         0.6180831550         4.6953063310       -18.7554092911
        0.3505509000         0.5000000000         0.6078738476         4.6187500072       -19.0213585880
        0.3557931000         0.5000000000         0.6180831550         4.5421936834       -18.7554092911
        0.3606627000         0.5000000000         0.6002168670         4.4656373597       -19.2208205607
        0.3656228000         0.5000000000         0.6257401356         4.4018404232       -18.5559473184
        0.3708617000         0.5000000000         0.6180831550         4.3227322219       -18.7554092911
        0.3757992000         0.5000000000         0.6053215207         4.2410721433       -19.0878459122
        0.3806964000         0.5000000000         0.6078738476         4.1696195744       -19.0213585880
        0.3855474000         0.5000000000         0.5976645402         4.0956151281       -19.2873078849
        0.3906605000         0.5000000000         0.5976645402         4.0088512945       -19.2873078849
        0.3956168000         0.5000000000         0.6231878087         3.9501581129       -18.6224346427
        0.4006433000         0.5000000000         0.5874552328         3.8633942793       -19.5532571818
        0.4055113000         0.5000000000         0.6257401356         3.7995973429       -18.5559473184
        0.4105789000         0.5000000000         0.5823505790         3.7179372642       -19.6862318303
        0.4157154000         0.5000000000         0.6078738476         3.6490365728       -19.0213585880
        0.4210131000         0.5000000000         0.6129785013         3.5699283715       -18.8883839396
        0.4256740000         0.5000000000         0.6078738476         3.5061314351       -19.0213585880
        0.4308708000         0.5000000000         0.5976645402         3.4244713564       -19.2873078849
        0.4357835000         0.5000000000         0.5976645402         3.3453631551       -19.2873078849
        0.4410659000         0.5000000000         0.5874552328         3.2764624638       -19.5532571818
        0.4461353000         0.5000000000         0.6053215207         3.1973542625       -19.0878459122
        0.4506530000         0.5000000000         0.5925598865         3.1310054486       -19.4202825334
        0.4554963000         0.5000000000         0.5925598865         3.0518972474       -19.4202825334
        0.4607720000         0.5000000000         0.6002168670         2.9778928011       -19.2208205607
        0.4655489000         0.5000000000         0.5925598865         2.9064402322       -19.4202825334
        0.4707402000         0.5000000000         0.6129785013         2.8375395408       -18.8883839396
        0.4756748000         0.5000000000         0.5925598865         2.7558794621       -19.4202825334
        0.4806168000         0.5000000000         0.6002168670         2.6793231383       -19.2208205607
        0.4855488000         0.5000000000         0.5925598865         2.6027668146       -19.4202825334
        0.4906341000         0.5000000000         0.5925598865         2.5287623683       -19.4202825334
        0.4956303000         0.5000000000         0.5900075596         2.4522060445       -19.4867698576
        0.5007955000         0.5000000000         0.6002168670         2.3730978433       -19.2208205607
        0.5056468000         0.5000000000         0.5797982522         2.3067490293       -19.7527191545
        0.5106019000         0.5000000000         0.6053215207         2.2352964605       -19.0878459122
        0.5156243000         0.5000000000         0.5900075596         2.1587401367       -19.4867698576
        0.5207635000         0.5000000000         0.6027691939         2.0821838129       -19.1543332365
        0.5255855000         0.5000000000         0.6027691939         2.0107312441       -19.1543332365
        0.5311049000         0.5000000000         0.6053215207         1.9316230429       -19.0878459122
        0.5363228000         0.5000000000         0.5951122133         1.8652742289       -19.3537952091
        0.5406387000         0.5000000000         0.6180831550         1.8014772924       -18.7554092911
        0.5458337000         0.5000000000         0.5951122133         1.7198172138       -19.3537952091
        0.5506192000         0.5000000000         0.6078738476         1.6458127674       -19.0213585880
        0.5556443000         0.5000000000         0.6027691939         1.5794639535       -19.1543332365
        0.5607620000         0.5000000000         0.6027691939         1.5029076297       -19.1543332365
        0.5656415000         0.5000000000         0.5951122133         1.4237994285       -19.3537952091
        0.5706097000         0.5000000000         0.6206354819         1.3523468597       -18.6889219669
        0.5758098000         0.5000000000         0.6053215207         1.2808942908       -19.0878459122
        0.5807716000         0.5000000000         0.6180831550         1.2273048642       -18.7554092911
        0.5858673000         0.5000000000         0.6053215207         1.1430929080       -19.0878459122
        0.5908168000         0.5000000000         0.6129785013         1.0843997265       -18.8883839396
        0.5958286000         0.5000000000         0.6104261745         1.0078434027       -18.9548712638
        0.6007606000         0.5000000000         0.6206354819         0.9287352015       -18.6889219669
        0.6056538000         0.5000000000         0.6078738476         0.8496270002       -19.0213585880
        0.6106783000         0.5000000000         0.6104261745         0.7934856961       -18.9548712638
        0.6156182000         0.5000000000         0.6104261745         0.7143774949       -18.9548712638
        0.6205314000         0.5000000000         0.6027691939         0.6301655388       -19.1543332365
        0.6256161000         0.5000000000         0.6104261745         0.5587129699       -18.9548712638
        0.6305805000         0.5000000000         0.6104261745         0.4872604011       -18.9548712638
        0.6355695000         0.5000000000         0.6180831550         0.4132559548       -18.7554092911
        0.6405761000         0.5000000000         0.6206354819         0.3341477535       -18.6889219669
        0.6456887000         0.5000000000         0.6129785013         0.2677989396       -18.8883839396
        0.6534972000         0.5000000000         0.6282924625         0.1861388609       -18.4894599942
        0.6557856000         0.5000000000         0.6129785013         0.1121344146       -18.8883839396
        0.6605965000         0.5000000000         0.6180831550         0.0406818457       -18.7554092911
        0.6656141000         0.5000000000         0.6053215207         0.0024036839       -19.0878459122
        0.6704881000         0.5000000000         0.6257401356         0.0100593162       -18.5559473184
        0.6756920000         0.5000000000         0.6129785013         5.0040835035       -18.8883839396
        0.6805887000         0.5000000000         0.6180831550         5.0015316260       -18.7554092911
        0.6855612000         0.5000000000         0.6078738476         4.9811166064       -19.0213585880
        0.6905735000         0.5000000000         0.6206354819         4.9096640375       -18.6889219669
        0.6955879000         0.5000000000         0.5976645402         4.8203483265       -19.2873078849
        0.7006097000         0.5000000000         0.6104261745         4.7463438801       -18.9548712638
        0.7056104000         0.5000000000         0.6027691939         4.6697875564       -19.1543332365
        0.7104812000         0.5000000000         0.6078738476         4.5881274777       -19.0213585880
        0.7155292000         0.5000000000         0.6002168670         4.5141230314       -19.2208205607
        0.7204866000         0.5000000000         0.6027691939         4.4503260949       -19.1543332365
        0.7256419000         0.5000000000         0.5925598865         4.3610103838       -19.4202825334
        0.7305782000         0.5000000000         0.6104261745         4.2921096924       -18.9548712638
        0.7355414000         0.5000000000         0.5976645402         4.2104496138       -19.2873078849
        0.7406147000         0.5000000000         0.6078738476         4.1492045547       -19.0213585880
        0.7455080000         0.5000000000         0.5874552328         4.0624407211       -19.5532571818
        0.7505846000         0.5000000000         0.6053215207         3.9960919072       -19.0878459122
        0.7555190000         0.5000000000         0.6104261745         3.9220874609       -18.9548712638
        0.7610439000         0.5000000000         0.6002168670         3.8429792597       -19.2208205607
        0.7655618000         0.5000000000         0.6002168670         3.7613191810       -19.2208205607
        0.7710049000         0.5000000000         0.6206354819         3.6975222445       -18.6889219669
        0.7756986000         0.5000000000         0.5874552328         3.6158621658       -19.5532571818
        0.7806612000         0.5000000000         0.6002168670         3.5367539646       -19.2208205607
        0.7855967000         0.5000000000         0.6078738476         3.4627495183       -19.0213585880
        0.7906920000         0.5000000000         0.5900075596         3.3938488269       -19.4867698576
        0.7956808000         0.5000000000         0.5925598865         3.3172925031       -19.4202825334
        0.8008112000         0.5000000000         0.5849029059         3.2381843019       -19.6197445061
        0.8055724000         0.5000000000         0.5925598865         3.1794911203       -19.4202825334
        0.8104765000         0.5000000000         0.6078738476         3.0978310416       -19.0213585880
        0.8155744000         0.5000000000         0.5925598865         3.0263784728       -19.4202825334
        0.8223998000         0.5000000000         0.5925598865         2.9447183941       -19.4202825334
        0.8256687000         0.5000000000         0.5976645402         2.8630583154       -19.2873078849
        0.8307868000         0.5000000000         0.5874552328         2.7865019916       -19.5532571818
        0.8355709000         0.5000000000         0.5951122133         2.7201531777       -19.3537952091
        0.8405232000         0.5000000000         0.5900075596         2.6435968539       -19.4867698576
        0.8456326000         0.5000000000         0.5721412716         2.5619367752       -19.9521811272
        0.8507669000         0.5000000000         0.6078738476         2.4981398388       -19.0213585880
        0.8556657000         0.5000000000         0.5925598865         2.4164797601       -19.4202825334
        0.8608517000         0.5000000000         0.6282924625         2.3424753138       -18.4894599942
        0.8655637000         0.5000000000         0.5976645402         2.2710227449       -19.2873078849
        0.8715117000         0.5000000000         0.6002168670         2.1944664211       -19.2208205607
        0.8764477000         0.5000000000         0.6002168670         2.1179100974       -19.2208205607
        0.8805960000         0.5000000000         0.6002168670         2.0413537736       -19.2208205607
        0.8860061000         0.5000000000         0.5900075596         1.9545899400       -19.4867698576
        0.8906378000         0.5000000000         0.6053215207         1.8958967584       -19.0878459122
        0.8955480000         0.5000000000         0.5849029059         1.8193404347       -19.6197445061
        0.9004938000         0.5000000000         0.5976645402         1.7504397433       -19.2873078849
        0.9062109000         0.5000000000         0.5925598865         1.6687796646       -19.4202825334
        0.9118974000         0.5000000000         0.5900075596         1.5820158310       -19.4867698576
        0.9156881000         0.5000000000         0.6002168670         1.5284264043       -19.2208205607
        0.9205048000         0.5000000000         0.5900075596         1.4569738355       -19.4867698576
        0.9257694000         0.5000000000         0.5951122133         1.3855212666       -19.3537952091
        0.9308085000         0.5000000000         0.5976645402         1.3140686978       -19.2873078849
        0.9356032000         0.5000000000         0.6027691939         1.2426161289       -19.1543332365
        0.9407559000         0.5000000000         0.6104261745         1.1635079277       -18.9548712638
        0.9458453000         0.5000000000         0.5951122133         1.0971591138       -19.3537952091
        0.9505635000         0.5000000000         0.6078738476         1.0257065449       -19.0213585880
        0.9555705000         0.5000000000         0.5925598865         0.9491502211       -19.4202825334
        0.9606458000         0.5000000000         0.6308447893         0.8879051621       -18.4229726700
        0.9657211000         0.5000000000         0.6104261745         0.8087969609       -18.9548712638
        0.9706740000         0.5000000000         0.6027691939         0.7322406371       -19.1543332365
        0.9765208000         0.5000000000         0.6129785013         0.6633399457       -18.8883839396
        0.9804819000         0.5000000000         0.5976645402         0.5791279896       -19.2873078849
        0.9879595000         0.5000000000         0.6104261745         0.5051235433       -18.9548712638
        0.9906703000         0.5000000000         0.6078738476         0.4260153420       -19.0213585880
        0.9955795000         0.5000000000         0.6027691939         0.3545627732       -19.1543332365
        1.0005537000         0.5000000000         0.5976645402         0.2780064494       -19.2873078849
        1.0055623000         0.5000000000         0.6078738476         0.2065538806       -19.0213585880
        1.0105723000         0.5000000000         0.6104261745         0.1325494343       -18.9548712638
        1.0156518000         0.5000000000         0.6129785013         0.0585449879       -18.8883839396
        1.0208300000         0.5000000000         0.6129785013         0.0075074388       -18.8883839396
        1.0256885000         0.5000000000         0.6129785013         0.0075074388       -18.8883839396
        1.0305712000         0.5000000000         0.6104261745         1.1073666236       -18.9548712638
        1.0356887000         0.5000000000         0.5925598865         5.0015316260       -19.4202825334
        1.0406164000         0.5000000000         0.6053215207         4.9887722387       -19.0878459122
        1.0455416000         0.5000000000         0.6078738476         4.9147677924       -19.0213585880
        1.0505923000         0.5000000000         0.6027691939         4.8433152236       -19.1543332365
        1.0555753000         0.5000000000         0.6206354819         4.7718626547       -18.6889219669
        1.0604781000         0.5000000000         0.6002168670         4.6902025760       -19.2208205607
        1.0655966000         0.5000000000         0.6053215207         4.6187500072       -19.0878459122
        1.0710964999         0.5000000000         0.6180831550         4.5396418060       -18.7554092911
        1.0755523000         0.5000000000         0.5951122133         4.4579817273       -19.3537952091
        1.0806369000         0.5000000000         0.5976645402         4.3788735260       -19.2873078849
        1.0864513000         0.5000000000         0.6078738476         4.3125247121       -19.0213585880
        1.0906586000         0.5000000000         0.5849029059         4.2257608785       -19.6197445061
        1.0986176000         0.5000000000         0.6002168670         4.1441007998       -19.2208205607
        1.1009428000         0.5000000000         0.6002168670         4.0828557408       -19.2208205607
        1.1059488000         0.5000000000         0.5951122133         4.0037475396       -19.3537952091
        1.1106976000         0.5000000000         0.6002168670         3.9297430933       -19.2208205607
        1.1157829000         0.5000000000         0.5874552328         3.8557386469       -19.5532571818
        1.1207212000         0.5000000000         0.6155308282         3.7766304457       -18.8218966153
        1.1256565000         0.5000000000         0.5976645402         3.7077297543       -19.2873078849
        1.1306100000         0.5000000000         0.5925598865         3.6362771855       -19.4202825334
        1.1355763000         0.5000000000         0.5874552328         3.5495133519       -19.5532571818
        1.1405491000         0.5000000000         0.6002168670         3.4857164154       -19.2208205607
        1.1458083000         0.5000000000         0.5849029059         3.4066082142       -19.6197445061
        1.1505634000         0.5000000000         0.6053215207         3.3351556453       -19.0878459122
        1.1555991000         0.5000000000         0.5797982522         3.2585993215       -19.7527191545
        1.1608210000         0.5000000000         0.6002168670         3.1896986301       -19.2208205607
        1.1654956000         0.5000000000         0.5976645402         3.1105904289       -19.2873078849
        1.1708098000         0.5000000000         0.5951122133         3.0340341051       -19.3537952091
        1.1755826000         0.5000000000         0.6002168670         2.9676852912       -19.2208205607
        1.1805048000         0.5000000000         0.5874552328         2.8860252125       -19.5532571818
        1.1855408000         0.5000000000         0.5925598865         2.8094688888       -19.4202825334
        1.1905637000         0.5000000000         0.6053215207         2.7354644424       -19.0878459122
        1.1962356000         0.5000000000         0.5976645402         2.6614599961       -19.2873078849
        1.2005938000         0.5000000000         0.5900075596         2.5849036724       -19.4867698576
        1.2055486000         0.5000000000         0.6104261745         2.5160029810       -18.9548712638
        1.2109802000         0.5000000000         0.5772459253         2.4292391474       -19.8192064787
        1.2155363000         0.5000000000         0.6104261745         2.3603384560       -18.9548712638
        1.2205322000         0.5000000000         0.5925598865         2.2863340097       -19.4202825334
        1.2257727000         0.5000000000         0.6078738476         2.2072258084       -19.0213585880
        1.2306119000         0.5000000000         0.5925598865         2.1357732396       -19.4202825334
        1.2356600000         0.5000000000         0.5976645402         2.0617687933       -19.2873078849
        1.2407148000         0.5000000000         0.6002168670         1.9903162244       -19.2208205607
        1.2459859000         0.5000000000         0.6053215207         1.9061042683       -19.0878459122
        1.2505985000         0.5000000000         0.5900075596         1.8397554543       -19.4867698576
        1.2557223000         0.5000000000         0.6129785013         1.7734066404       -18.8883839396
        1.2606417000         0.5000000000         0.5976645402         1.7019540715       -19.2873078849
        1.2656642000         0.5000000000         0.6129785013         1.6305015027       -18.8883839396
        1.2707393000         0.5000000000         0.5900075596         1.5488414240       -19.4867698576
        1.2756541000         0.5000000000         0.6180831550         1.4799407326       -18.7554092911
        1.2806105000         0.5000000000         0.5976645402         1.4084881638       -19.2873078849
        1.2859087000         0.5000000000         0.6078738476         1.3319318400       -19.0213585880
        1.2907168000         0.5000000000         0.5951122133         1.2604792711       -19.3537952091
        1.2956233000         0.5000000000         0.6206354819         1.1890267023       -18.6889219669
        1.3006470000         0.5000000000         0.6027691939         1.1277816433       -19.1543332365
        1.3097164000         0.5000000000         0.6027691939         1.0257065449       -19.1543332365
        1.3114271000         0.5000000000         0.6002168670         0.9797727506       -19.2208205607
        1.3158147000         0.5000000000         0.6002168670         0.8955607945       -19.2208205607
        1.3206545000         0.5000000000         0.6231878087         0.8368676129       -18.6224346427
        1.3255979000         0.5000000000         0.6104261745         0.7628631666       -18.9548712638
        1.3306813000         0.5000000000         0.6078738476         0.6760993330       -19.0213585880
        1.3359229000         0.5000000000         0.6053215207         0.6071986416       -19.0878459122
        1.3409936000         0.5000000000         0.6078738476         0.5331941953       -19.0213585880
        1.3458709000         0.5000000000         0.6104261745         0.4515341166       -18.9548712638
        1.3508771000         0.5000000000         0.6155308282         0.3851853027       -18.8218966153
        1.3557986000         0.5000000000         0.6206354819         0.3162846113       -18.6889219669
        1.3621547000         0.5000000000         0.5976645402         0.2091057580       -19.2873078849
        1.3657221000         0.5000000000         0.6180831550         0.1631719638       -18.7554092911
        1.3708705000         0.5000000000         0.6078738476         0.0789600076       -19.0213585880
        1.3758220000         0.5000000000         0.6053215207         0.0100593162       -19.0878459122
        1.3807960000         0.5000000000         0.6104261745        -0.0027000711       -18.9548712638
        1.3856560000         0.5000000000         0.5951122133         1.1022628687       -19.3537952091
        1.3905863000         0.5000000000         0.6053215207         5.0040835035       -19.0878459122
        1.3957500000         0.5000000000         0.6231878087         5.0142910133       -18.6224346427
        1.4009568000         0.5000000000         0.6129785013         4.9530459543       -18.8883839396
        1.4059251000         0.5000000000         0.6053215207         4.8688339982       -19.0878459122
        1.4109311000         0.5000000000         0.6078738476         4.7871739195       -19.0213585880
        1.4158246000         0.5000000000         0.6027691939         4.7182732281       -19.1543332365
        1.4206919000         0.5000000000         0.6078738476         4.6366131494       -19.0213585880
        1.4256432000         0.5000000000         0.5951122133         4.5524011933       -19.3537952091
        1.4307931000         0.5000000000         0.6002168670         4.4783967469       -19.2208205607
        1.4362366000         0.5000000000         0.6385017699         4.4145998105       -18.2235106973
        1.4406880000         0.5000000000         0.6027691939         4.3380434867       -19.1543332365
        1.4456798000         0.5000000000         0.5976645402         4.2589352855       -19.2873078849
        1.4505814000         0.5000000000         0.5951122133         4.1747233293       -19.3537952091
        1.4556030000         0.5000000000         0.6053215207         4.1134782703       -19.0878459122
        1.4605125000         0.5000000000         0.6180831550         4.0394738240       -18.7554092911
        1.4656785000         0.5000000000         0.5951122133         3.9552618679       -19.3537952091
        1.4706246000         0.5000000000         0.5849029059         3.8736017892       -19.6197445061
        1.4756593000         0.5000000000         0.6053215207         3.8072529752       -19.0878459122
        1.4805570000         0.5000000000         0.5797982522         3.7281447740       -19.7527191545
        1.4857309000         0.5000000000         0.6078738476         3.6643478375       -19.0213585880
        1.4907032000         0.5000000000         0.5951122133         3.5801358814       -19.3537952091
        1.4956277000         0.5000000000         0.5925598865         3.5086833125       -19.4202825334
        1.5006014000         0.5000000000         0.5925598865         3.4321269888       -19.4202825334
        1.5059117000         0.5000000000         0.6078738476         3.3606744199       -19.0213585880
        1.5112443000         0.5000000000         0.5900075596         3.2815662187       -19.4867698576
        1.5158658000         0.5000000000         0.6078738476         3.2126655273       -19.0213585880
        1.5206550000         0.5000000000         0.5874552328         3.1386610810       -19.5532571818
        1.5257892000         0.5000000000         0.5976645402         3.0595528797       -19.2873078849
        1.5306950000         0.5000000000         0.5925598865         2.9855484334       -19.4202825334
        1.5356967000         0.5000000000         0.5874552328         2.9013364773       -19.5532571818
        1.5406499000         0.5000000000         0.5951122133         2.8349876633       -19.3537952091
        1.5455995000         0.5000000000         0.5976645402         2.7635350945       -19.2873078849
        1.5506162000         0.5000000000         0.5797982522         2.6869787707       -19.7527191545
        1.5557029000         0.5000000000         0.6053215207         2.6053186920       -19.0878459122
        1.5609652000         0.5000000000         0.5976645402         2.5415217556       -19.2873078849
        1.5655758000         0.5000000000         0.6002168670         2.4649654318       -19.2208205607
        1.5705179000         0.5000000000         0.5900075596         2.3833053531       -19.4867698576
        1.5757817000         0.5000000000         0.5925598865         2.3093009068       -19.4202825334
        1.5806923000         0.5000000000         0.5976645402         2.2276408281       -19.2873078849
        1.5857160000         0.5000000000         0.5900075596         2.1536363818       -19.4867698576
        1.5906340000         0.5000000000         0.6002168670         2.0796319355       -19.2208205607
        1.5957451000         0.5000000000         0.5823505790         2.0030756117       -19.6862318303
        1.6006985000         0.5000000000         0.6027691939         1.9316230429       -19.1543332365
        1.6057143000         0.5000000000         0.5925598865         1.8652742289       -19.4202825334
        1.6107029000         0.5000000000         0.5976645402         1.7861660277       -19.2873078849
        1.6159605000         0.5000000000         0.6027691939         1.7172653363       -19.1543332365
        1.6206872000         0.5000000000         0.5951122133         1.6432608900       -19.3537952091
        1.6257419000         0.5000000000         0.5900075596         1.5692564437       -19.4867698576
        1.6307478000         0.5000000000         0.6053215207         1.5003557523       -19.0878459122
        1.6356698000         0.5000000000         0.6027691939         1.4263513060       -19.1543332365
        1.6409081000         0.5000000000         0.6078738476         1.3472431047       -19.0213585880
        1.6456379000         0.5000000000         0.5976645402         1.2808942908       -19.2873078849
        1.6505167000         0.5000000000         0.6002168670         1.2043379670       -19.2208205607
        1.6558400000         0.5000000000         0.6002168670         1.1303335207       -19.2208205607
        1.6606298000         0.5000000000         0.6180831550         1.0716403392       -18.7554092911
        1.6668743000         0.5000000000         0.6078738476         0.9695652408       -19.0213585880
        1.6706835000         0.5000000000         0.6078738476         0.9185276916       -19.0213585880
        1.6757807000         0.5000000000         0.6129785013         0.8470751228       -18.8883839396
        1.6807983000         0.5000000000         0.6053215207         0.7705187990       -19.0878459122
        1.6857417000         0.5000000000         0.6002168670         0.6888587203       -19.2208205607
        1.6908051000         0.5000000000         0.6104261745         0.6250617838       -18.9548712638
        1.6957041000         0.5000000000         0.6053215207         0.5459535826       -19.0878459122
        1.7008870000         0.5000000000         0.6002168670         0.4668453814       -19.2208205607
        1.7056922000         0.5000000000         0.5951122133         0.3877371802       -19.3537952091
        1.7108766000         0.5000000000         0.6155308282         0.3188364888       -18.8218966153
        1.7158436000         0.5000000000         0.6002168670         0.2499357974       -19.2208205607
        1.7206045000         0.5000000000         0.6155308282         0.1682757187       -18.8218966153
        1.7257333000         0.5000000000         0.5849029059         0.0815118851       -19.6197445061
        1.7306734000         0.5000000000         0.6104261745         0.0177149486       -18.9548712638
        1.7361249000         0.5000000000         0.6129785013         0.0075074388       -18.8883839396
        1.7406765000         0.5000000000         0.6078738476         1.1073666236       -19.0213585880
        1.7455864000         0.5000000000         0.5976645402         5.0040835035       -19.2873078849
        1.7505974000         0.5000000000         0.6104261745         5.0015316260       -18.9548712638
        1.7558467000         0.5000000000         0.5900075596         4.9530459543       -19.4867698576
        1.7605436000         0.5000000000         0.6078738476         4.8764896306       -19.0213585880
        1.7657546000         0.5000000000         0.5976645402         4.7922776744       -19.2873078849
        1.7705713000         0.5000000000         0.6129785013         4.7259288605       -18.8883839396
        1.7756717000         0.5000000000         0.5951122133         4.6442687818       -19.3537952091
        1.7806161000         0.5000000000         0.5951122133         4.5626087031       -19.3537952091
        1.7863434000         0.5000000000         0.5951122133         4.4835005019       -19.3537952091
        1.7912361000         0.5000000000         0.6104261745         4.4069441781       -18.9548712638
        1.7957714000         0.5000000000         0.5900075596         4.3329397318       -19.4867698576
        1.8006289000         0.5000000000         0.6002168670         4.2640390404       -19.2208205607
        1.8056019000         0.5000000000         0.6053215207         4.1951383490       -19.0878459122
        1.8106800000         0.5000000000         0.5925598865         4.1134782703       -19.4202825334
        1.8156390000         0.5000000000         0.6206354819         4.0445775789       -18.6889219669
        1.8205968000         0.5000000000         0.5925598865         3.9578137453       -19.4202825334
        1.8256033000         0.5000000000         0.5900075596         3.8863611765       -19.4867698576
        1.8305802000         0.5000000000         0.5925598865         3.8047010978       -19.4202825334
        1.8355704000         0.5000000000         0.5823505790         3.7409041613       -19.6862318303
        1.8405595000         0.5000000000         0.6002168670         3.6617959601       -19.2208205607
        1.8455769000         0.5000000000         0.6104261745         3.5903433912       -18.9548712638
        1.8504712000         0.5000000000         0.5823505790         3.5137870674       -19.6862318303
        1.8557795000         0.5000000000         0.6002168670         3.4372307437       -19.2208205607
        1.8606359000         0.5000000000         0.5849029059         3.3606744199       -19.6197445061
        1.8656077000         0.5000000000         0.5849029059         3.2866699736       -19.6197445061
        1.8705726000         0.5000000000         0.6078738476         3.2203211597       -19.0213585880
        1.8755149000         0.5000000000         0.5823505790         3.1386610810       -19.6862318303
        1.8805700000         0.5000000000         0.5925598865         3.0621047572       -19.4202825334
        1.8855480000         0.5000000000         0.6104261745         2.9957559433       -18.9548712638
        1.8905423000         0.5000000000         0.5925598865         2.9243033744       -19.4202825334
        1.8954511000         0.5000000000         0.5976645402         2.8400914183       -19.2873078849
        1.9004881000         0.5000000000         0.5823505790         2.7584313396       -19.6862318303
        1.9054761000         0.5000000000         0.5874552328         2.6895306482       -19.5532571818
        1.9106233000         0.5000000000         0.6027691939         2.6180780793       -19.1543332365
        1.9155517000         0.5000000000         0.5797982522         2.5338661232       -19.7527191545
        1.9207373000         0.5000000000         0.6002168670         2.4598616769       -19.2208205607
        1.9266282000         0.5000000000         0.5951122133         2.3833053531       -19.3537952091
        1.9309812000         0.5000000000         0.5797982522         2.3041971519       -19.7527191545
        1.9366128000         0.5000000000         0.6053215207         2.2429520929       -19.0878459122
        1.9435500000         0.5000000000         0.5874552328         2.1510845043       -19.5532571818
        1.9485667000         0.5000000000         0.6002168670         2.0592169158       -19.2208205607
        1.9517699000         0.5000000000         0.5951122133         2.0005237343       -19.3537952091
        1.9556976000         0.5000000000         0.6027691939         1.9367267978       -19.1543332365
        1.9606949000         0.5000000000         0.6027691939         1.8703779838       -19.1543332365
        1.9654675000         0.5000000000         0.5951122133         1.7861660277       -19.3537952091
        1.9707370000         0.5000000000         0.6002168670         1.7172653363       -19.2208205607
        1.9756016000         0.5000000000         0.6027691939         1.6432608900       -19.1543332365
        1.9811262000         0.5000000000         0.5900075596         1.5743601986       -19.4867698576
        1.9863971000         0.5000000000         0.5900075596         1.5003557523       -19.4867698576
        1.9907676000         0.5000000000         0.5925598865         1.4186956736       -19.4202825334
        1.9955834000         0.5000000000         0.6104261745         1.3625543695       -18.9548712638
        2.0004982000         0.5000000000         0.6002168670         1.2859980457       -19.2208205607
        2.0055370000         0.5000000000         0.6002168670         1.2068898445       -19.2208205607
        2.0106003000         0.5000000000         0.5976645402         1.1379891531       -19.2873078849
        2.0156812000         0.5000000000         0.6078738476         1.0767440941       -19.0213585880
        2.0207532000         0.5000000000         0.6078738476         0.9925321379       -19.0213585880
        2.0256673000         0.5000000000         0.5951122133         0.9134239367       -19.3537952091
        2.0304511000         0.5000000000         0.6129785013         0.8496270002       -18.8883839396
        2.0354383000         0.5000000000         0.5976645402         0.7781744314       -19.2873078849
        2.0407028000         0.5000000000         0.6002168670         0.6914105978       -19.2208205607
        2.0454909000         0.5000000000         0.6104261745         0.6276136613       -18.9548712638
        2.0504431000         0.5000000000         0.6104261745         0.5587129699       -18.9548712638
        2.0554926000         0.5000000000         0.6053215207         0.4796047687       -19.0878459122
        2.0645262000         0.5000000000         0.5900075596         0.3953928125       -19.4867698576
        2.0656201000         0.5000000000         0.6180831550         0.3188364888       -18.7554092911
        2.0724345000         0.5000000000         0.5925598865         0.2473839199       -19.4202825334
        2.0755110000         0.5000000000         0.6308447893         0.1835869834       -18.4229726700
        2.0805115000         0.5000000000         0.6002168670         0.0993750273       -19.2208205607
        2.0854731000         0.5000000000         0.6027691939         0.0253705810       -19.1543332365
        2.0905418000         0.5000000000         0.6078738476        -0.0001481936       -19.0213585880
        2.0955571000         0.5000000000         0.6078738476         1.1124703785       -19.0213585880
        2.1006075000         0.5000000000         0.6231878087         4.9989797486       -18.6224346427
        2.1057074000         0.5000000000         0.6206354819         5.0142910133       -18.6889219669
        2.1105613000         0.5000000000         0.6027691939         4.9632534642       -19.1543332365
        2.1155647000         0.5000000000         0.6078738476         4.8841452629       -19.0213585880
        2.1224846000         0.5000000000         0.6027691939         4.7973814293       -19.1543332365
        2.1288454000         0.5000000000         0.6155308282         4.7335844928       -18.8218966153
        2.1307768000         0.5000000000         0.6002168670         4.6493725367       -19.2208205607
        2.1358376000         0.5000000000         0.6053215207         4.5728162129       -19.0878459122
        2.1414429000         0.5000000000         0.5925598865         4.4911561342       -19.4202825334
        2.1458043000         0.5000000000         0.6078738476         4.4197035654       -19.0213585880
        2.1507563000         0.5000000000         0.5976645402         4.3482509965       -19.2873078849
        2.1564203000         0.5000000000         0.6180831550         4.2716946728       -18.7554092911
        2.1612077000         0.5000000000         0.5900075596         4.1849308392       -19.4867698576
        2.1663859000         0.5000000000         0.5823505790         4.1109263928       -19.6862318303
        2.1707883000         0.5000000000         0.6002168670         4.0394738240       -19.2208205607
        2.1757436000         0.5000000000         0.5925598865         3.9731250101       -19.4202825334
        2.1808465000         0.5000000000         0.5951122133         3.8889130539       -19.3537952091
        2.1860785000         0.5000000000         0.5976645402         3.8098048527       -19.2873078849
        2.1908740000         0.5000000000         0.5746935985         3.7434560388       -19.8856938030
        2.1960579000         0.5000000000         0.6078738476         3.6694515924       -19.0213585880
        2.2007122000         0.5000000000         0.5874552328         3.5903433912       -19.5532571818
        2.2057196000         0.5000000000         0.5925598865         3.5163389449       -19.4202825334
        2.2110855000         0.5000000000         0.5976645402         3.4397826211       -19.2873078849
        2.2165805000         0.5000000000         0.5797982522         3.3683300523       -19.7527191545
        2.2206619000         0.5000000000         0.5772459253         3.2968774834       -19.8192064787
        2.2256979000         0.5000000000         0.6027691939         3.2152174047       -19.1543332365
        2.2325459000         0.5000000000         0.5874552328         3.1386610810       -19.5532571818
        2.2367652000         0.5000000000         0.5951122133         3.0697603896       -19.3537952091
        2.2410492000         0.5000000000         0.5900075596         2.9855484334       -19.4867698576
        2.2470223000         0.5000000000         0.5823505790         2.9115439871       -19.6862318303
        2.2509316000         0.5000000000         0.5874552328         2.8375395408       -19.5532571818
        2.2599880000         0.5000000000         0.5900075596         2.7584313396       -19.4867698576
        2.2611731000         0.5000000000         0.5746935985         2.6793231383       -19.8856938030
        2.2663711000         0.5000000000         0.5874552328         2.6027668146       -19.5532571818
        2.2712190000         0.5000000000         0.5823505790         2.5313142457       -19.6862318303
        2.2759432000         0.5000000000         0.5976645402         2.4624135543       -19.2873078849
        2.2814384000         0.5000000000         0.6002168670         2.3833053531       -19.2208205607
        2.2866468000         0.5000000000         0.5849029059         2.3093009068       -19.6197445061
        2.2909001000         0.5000000000         0.5874552328         2.2327445830       -19.5532571818
        2.2967006000         0.5000000000         0.5797982522         2.1510845043       -19.7527191545
        2.3011158000         0.5000000000         0.5874552328         2.0796319355       -19.5532571818
        2.3057236000         0.5000000000         0.5925598865         2.0107312441       -19.4202825334
        2.3117251000         0.5000000000         0.5951122133         1.9418305527       -19.3537952091
        2.3159984000         0.5000000000         0.5925598865         1.8678261064       -19.4202825334
        2.3217915000         0.5000000000         0.6053215207         1.7912697826       -19.0878459122
        2.3257864000         0.5000000000         0.5849029059         1.7070578265       -19.6197445061
        2.3320305000         0.5000000000         0.6027691939         1.6407090125       -19.1543332365
        2.3356483000         0.5000000000         0.5874552328         1.5641526888       -19.5532571818
        2.3416253000         0.5000000000         0.5976645402         1.4952519974       -19.2873078849
        2.3456357000         0.5000000000         0.5900075596         1.4186956736       -19.4867698576
        2.3507925000         0.5000000000         0.6078738476         1.3497949822       -19.0213585880
        2.3557296000         0.5000000000         0.5900075596         1.2783424134       -19.4867698576
        2.3606906000         0.5000000000         0.6104261745         1.2068898445       -18.9548712638
        2.3657264000         0.5000000000         0.5976645402         1.1405410306       -19.2873078849
        2.3707495000         0.5000000000         0.6053215207         1.0614328293       -19.0878459122
        2.3760654000         0.5000000000         0.5874552328         0.9823246281       -19.5532571818
        2.3808204000         0.5000000000         0.6129785013         0.9236314466       -18.8883839396
        2.3856040000         0.5000000000         0.6129785013         0.8496270002       -18.8883839396
        2.3905592000         0.5000000000         0.6129785013         0.7781744314       -18.8883839396
        2.3956611000         0.5000000000         0.5900075596         0.6965143527       -19.4867698576
        2.4006457000         0.5000000000         0.6002168670         0.6174061515       -19.2208205607
        2.4056548000         0.5000000000         0.6129785013         0.5485054601       -18.8883839396
        2.4105585000         0.5000000000         0.6104261745         0.4642935039       -18.9548712638
        2.4156871000         0.5000000000         0.6078738476         0.4030484449       -19.0213585880
        2.4204374000         0.5000000000         0.6104261745         0.3239402437       -18.9548712638
        2.4254509000         0.5000000000         0.5874552328         0.2448320425       -19.5532571818
        2.4307246000         0.5000000000         0.6180831550         0.1631719638       -18.7554092911
        2.4356340000         0.5000000000         0.6129785013         0.0968231498       -18.8883839396
        2.4405771000         0.5000000000         0.6002168670         0.0202668261       -19.2208205607
        2.4455474000         0.5000000000         0.6104261745         0.0049555613       -18.9548712638
        2.4504705000         0.5000000000         0.6078738476         1.1099185011       -19.0213585880
        2.4556363000         0.5000000000         0.6027691939         5.0091872584       -19.1543332365
        2.4606840000         0.5000000000         0.6104261745         5.0066353810       -18.9548712638
        2.4656169000         0.5000000000         0.6053215207         4.9555978318       -19.0878459122
        2.4711787000         0.5000000000         0.5976645402         4.8688339982       -19.2873078849
        2.4756074000         0.5000000000         0.5925598865         4.7922776744       -19.4202825334
        2.4805556000         0.5000000000         0.6078738476         4.7284807379       -19.0213585880
        2.4856617000         0.5000000000         0.6078738476         4.6417169043       -19.0213585880
        2.4910163000         0.5000000000         0.6002168670         4.5600568256       -19.2208205607
        2.4956494000         0.5000000000         0.6129785013         4.4937080117       -18.8883839396
        2.5005189000         0.5000000000         0.5925598865         4.4145998105       -19.4202825334
        2.5055955000         0.5000000000         0.5976645402         4.3380434867       -19.2873078849
        2.5106217000         0.5000000000         0.6027691939         4.2614871629       -19.1543332365
        2.5156416000         0.5000000000         0.5925598865         4.1849308392       -19.4202825334
        2.5216366000         0.5000000000         0.5900075596         4.0981670056       -19.4867698576
        2.5256532000         0.5000000000         0.6078738476         4.0369219465       -19.0213585880
        2.5307174000         0.5000000000         0.5849029059         3.9552618679       -19.6197445061
        2.5356877000         0.5000000000         0.5797982522         3.8761536666       -19.7527191545
        2.5407073000         0.5000000000         0.6053215207         3.8047010978       -19.0878459122
        2.5457448000         0.5000000000         0.5772459253         3.7306966515       -19.8192064787
        2.5506991000         0.5000000000         0.5874552328         3.6541403277       -19.5532571818
        2.5556757000         0.5000000000         0.5823505790         3.5750321265       -19.6862318303
        2.5605953000         0.5000000000         0.5976645402         3.5086833125       -19.2873078849
        2.5654733000         0.5000000000         0.5900075596         3.4244713564       -19.4867698576
        2.5707440000         0.5000000000         0.5951122133         3.3555706650       -19.3537952091
        2.5758467000         0.5000000000         0.5695889448         3.2790143412       -20.0186684514
        2.5805839000         0.5000000000         0.6053215207         3.2101136498       -19.0878459122
        2.5857027000         0.5000000000         0.5849029059         3.1207979388       -19.6197445061
        2.5907337000         0.5000000000         0.6002168670         3.0570010023       -19.2208205607
        2.5956147000         0.5000000000         0.5874552328         2.9829965560       -19.5532571818
        2.6006337000         0.5000000000         0.5900075596         2.9038883547       -19.4867698576
        2.6056439000         0.5000000000         0.5721412716         2.8222282761       -19.9521811272
        2.6106814000         0.5000000000         0.5951122133         2.7533275847       -19.3537952091
        2.6195070000         0.5000000000         0.5900075596         2.6538043638       -19.4867698576
        2.6213017000         0.5000000000         0.5900075596         2.5925593047       -19.4867698576
        2.6269202000         0.5000000000         0.5797982522         2.5262104908       -19.7527191545
        2.6310714000         0.5000000000         0.5900075596         2.4471022896       -19.4867698576
        2.6357587000         0.5000000000         0.5874552328         2.3730978433       -19.5532571818
        2.6407577000         0.5000000000         0.5925598865         2.3016452744       -19.4202825334
        2.6457236000         0.5000000000         0.6002168670         2.2250889506       -19.2208205607
        2.6507882000         0.5000000000         0.5849029059         2.1485326269       -19.6197445061
        2.6557587000         0.5000000000         0.5925598865         2.0770800580       -19.4202825334
        2.6606685000         0.5000000000         0.6002168670         2.0030756117       -19.2208205607
        2.6656643000         0.5000000000         0.5925598865         1.9239674105       -19.4202825334
        2.6706419000         0.5000000000         0.5925598865         1.8550667191       -19.4202825334
        2.6756510000         0.5000000000         0.6002168670         1.7836141502       -19.2208205607
        2.6807877000         0.5000000000         0.5874552328         1.7019540715       -19.5532571818
        2.6856930000         0.5000000000         0.6002168670         1.6279496252       -19.2208205607
        2.6906701000         0.5000000000         0.6002168670         1.5616008113       -19.2208205607
        2.6955668000         0.5000000000         0.5874552328         1.4799407326       -19.5532571818
        2.7005436000         0.5000000000         0.5951122133         1.4059362863       -19.3537952091
        2.7055194000         0.5000000000         0.5951122133         1.3344837175       -19.3537952091
        2.7105735000         0.5000000000         0.5951122133         1.2681349035       -19.3537952091
        2.7156262000         0.5000000000         0.6078738476         1.1992342121       -19.0213585880
        2.7206480000         0.5000000000         0.5951122133         1.1252297658       -19.3537952091
        2.7256793000         0.5000000000         0.6129785013         1.0537771970       -18.8883839396
        2.7307101000         0.5000000000         0.5951122133         0.9848765056       -19.3537952091
        2.7356850000         0.5000000000         0.6104261745         0.9134239367       -18.9548712638
        2.7417133000         0.5000000000         0.5951122133         0.8317638580       -19.3537952091
        2.7516537000         0.5000000000         0.6155308282         0.7654150441       -18.8218966153
        2.7526273000         0.5000000000         0.6053215207         0.6633399457       -19.0878459122
        2.7556296000         0.5000000000         0.6027691939         0.6148542740       -19.1543332365
        2.7606815000         0.5000000000         0.6078738476         0.5408498277       -19.0213585880
        2.7656449000         0.5000000000         0.6359494430         0.4642935039       -18.2899980215
        2.7705756000         0.5000000000         0.5951122133         0.3826334252       -19.3537952091
        2.7756353000         0.5000000000         0.6155308282         0.3111808564       -18.8218966153
        2.7807253000         0.5000000000         0.5976645402         0.2320726552       -19.2873078849
        2.7856454000         0.5000000000         0.6078738476         0.1529644539       -19.0213585880
        2.7906887000         0.5000000000         0.5976645402         0.0840637625       -19.2873078849
        2.7955193000         0.5000000000         0.6104261745         0.0075074388       -18.9548712638
        2.8006903000         0.5000000000         0.6155308282         0.0024036839       -18.8218966153
        2.8057146000         0.5000000000         0.6053215207         1.1073666236       -19.0878459122
        2.8106535000         0.5000000000         0.6078738476         5.0040835035       -19.0213585880
        2.8156249000         0.5000000000         0.6002168670         5.0015316260       -19.2208205607
        2.8217322000         0.5000000000         0.6104261745         4.9275271797       -18.9548712638
        2.8256694000         0.5000000000         0.6053215207         4.8739377531       -19.0878459122
        2.8307493000         0.5000000000         0.6180831550         4.7922776744       -18.7554092911
        2.8393376000         0.5000000000         0.5976645402         4.7131694732       -19.2873078849
        2.8409912000         0.5000000000         0.6002168670         4.6289575170       -19.2208205607
        2.8461238000         0.5000000000         0.5951122133         4.5549530707       -19.3537952091
        2.8513241000         0.5000000000         0.5925598865         4.4809486244       -19.4202825334
        2.8564970000         0.5000000000         0.6027691939         4.3865291584       -19.1543332365
        2.8607287000         0.5000000000         0.5976645402         4.3303878543       -19.2873078849
        2.8657149000         0.5000000000         0.5925598865         4.2512796531       -19.4202825334
        2.8706172000         0.5000000000         0.5951122133         4.1798270842       -19.3537952091
        2.8757135000         0.5000000000         0.5849029059         4.0981670056       -19.6197445061
        2.8805538000         0.5000000000         0.5900075596         4.0216106818       -19.4867698576
        2.8857067000         0.5000000000         0.5900075596         3.9501581129       -19.4867698576
        2.8905688000         0.5000000000         0.5874552328         3.8710499117       -19.5532571818
        2.8956573000         0.5000000000         0.6027691939         3.8098048527       -19.1543332365
        2.9006889000         0.5000000000         0.5976645402         3.7332485289       -19.2873078849
        2.9057049000         0.5000000000         0.6206354819         3.6592440826       -18.6889219669
        2.9106740000         0.5000000000         0.5874552328         3.5750321265       -19.5532571818
        2.9157227000         0.5000000000         0.5925598865         3.4984758027       -19.4202825334
        2.9207250000         0.5000000000         0.5925598865         3.4295751113       -19.4202825334
        2.9259177000         0.5000000000         0.6104261745         3.3428112777       -18.9548712638
        2.9306501000         0.5000000000         0.5849029059         3.2841180961       -19.6197445061
        2.9357945000         0.5000000000         0.6002168670         3.1948023851       -19.2208205607
        2.9407035000         0.5000000000         0.5644842910         3.1182460613       -20.1516430999
        2.9455903000         0.5000000000         0.5925598865         3.0442416150       -19.4202825334
        2.9506654000         0.5000000000         0.5849029059         2.9753409236       -19.6197445061
        2.9559397000         0.5000000000         0.5849029059         2.8987845998       -19.6197445061
        2.9606140000         0.5000000000         0.5823505790         2.8247801535       -19.6862318303
        2.9658205000         0.5000000000         0.5849029059         2.7456719523       -19.6197445061
        2.9706879000         0.5000000000         0.5925598865         2.6691156285       -19.4202825334
        2.9756924000         0.5000000000         0.5976645402         2.6027668146       -19.2873078849
        2.9804997000         0.5000000000         0.5925598865         2.5287623683       -19.4202825334
        2.9855372000         0.5000000000         0.5849029059         2.4496541670       -19.6197445061
        2.9905945000         0.5000000000         0.5874552328         2.3628903334       -19.5532571818
        2.9957516000         0.5000000000         0.5772459253         2.2914377646       -19.8192064787
        3.0007720000         0.5000000000         0.5925598865         2.2072258084       -19.4202825334
        3.0057038000         0.5000000000         0.5746935985         2.1332213621       -19.8856938030
        3.0105421000         0.5000000000         0.5925598865         2.0719763031       -19.4202825334
        3.0157073000         0.5000000000         0.5874552328         1.9979718568       -19.5532571818
        3.0206987000         0.5000000000         0.6027691939         1.9163117781       -19.1543332365
        3.0256898000         0.5000000000         0.5874552328         1.8423073318       -19.5532571818
        3.0305351000         0.5000000000         0.6002168670         1.7657510080       -19.2208205607
        3.0358129000         0.5000000000         0.5823505790         1.6994021941       -19.6862318303
        3.0405965000         0.5000000000         0.6027691939         1.6228458703       -19.1543332365
        3.0455660000         0.5000000000         0.5849029059         1.5539451789       -19.6197445061
        3.0505976000         0.5000000000         0.6078738476         1.4799407326       -19.0213585880
        3.0556780000         0.5000000000         0.6002168670         1.4110400412       -19.2208205607
        3.0607166000         0.5000000000         0.6002168670         1.3344837175       -19.2208205607
        3.0657365000         0.5000000000         0.5925598865         1.2604792711       -19.4202825334
        3.0705621000         0.5000000000         0.5951122133         1.1813710699       -19.3537952091
        3.0756072000         0.5000000000         0.6053215207         1.1201260109       -19.0878459122
        3.0805436000         0.5000000000         0.6027691939         1.0410178097       -19.1543332365
        3.0855251000         0.5000000000         0.6002168670         0.9746689957       -19.2208205607
        3.0907196000         0.5000000000         0.6078738476         0.9006645494       -19.0213585880
        3.0955807000         0.5000000000         0.6027691939         0.8215563482       -19.1543332365
        3.1006727000         0.5000000000         0.6002168670         0.7501037793       -19.2208205607
        3.1055960000         0.5000000000         0.6078738476         0.6812030879       -19.0213585880
        3.1107535000         0.5000000000         0.6053215207         0.6020948867       -19.0878459122
        3.1156708000         0.5000000000         0.5925598865         0.5255385629       -19.4202825334
        3.1206877000         0.5000000000         0.6104261745         0.4515341166       -18.9548712638
        3.1256519000         0.5000000000         0.6002168670         0.3775296703       -19.2208205607
        3.1306967000         0.5000000000         0.6129785013         0.3009733466       -18.8883839396
        3.1356861000         0.5000000000         0.6078738476         0.2346245326       -19.0213585880
        3.1406620000         0.5000000000         0.6078738476         0.1504125765       -19.0213585880
        3.1457653000         0.5000000000         0.5900075596         0.0636487429       -19.4867698576
        3.1507128000         0.5000000000         0.6053215207        -0.0052519485       -19.0878459122
        3.1557252000         0.5000000000         0.6078738476         0.0024036839       -19.0213585880
        3.1607261000         0.5000000000         0.6053215207         1.0997109912       -19.0878459122
        3.1657709000         0.5000000000         0.5849029059         5.0015316260       -19.6197445061
        3.1706633000         0.5000000000         0.6206354819         5.0066353810       -18.6889219669
        3.1756192000         0.5000000000         0.6027691939         4.9453903219       -19.1543332365
        3.1807412000         0.5000000000         0.6053215207         4.8509708560       -19.0878459122
        3.1857449000         0.5000000000         0.6002168670         4.7769664097       -19.2208205607
        3.1907587000         0.5000000000         0.6053215207         4.7029619633       -19.0878459122
        3.1957310000         0.5000000000         0.5823505790         4.6187500072       -19.6862318303
        3.2006981000         0.5000000000         0.6104261745         4.5472974383       -18.9548712638
        3.2056228000         0.5000000000         0.5874552328         4.4656373597       -19.5532571818
        3.2106242000         0.5000000000         0.6078738476         4.3941847908       -19.0213585880
        3.2157780000         0.5000000000         0.5925598865         4.3176284670       -19.4202825334
        3.2207425000         0.5000000000         0.5925598865         4.2436240207       -19.4202825334
        3.2256313000         0.5000000000         0.5976645402         4.1670676969       -19.2873078849
        3.2306637000         0.5000000000         0.6053215207         4.0981670056       -19.0878459122
        3.2355261000         0.5000000000         0.5849029059         4.0165069269       -19.6197445061
        3.2405166000         0.5000000000         0.5925598865         3.9399506031       -19.4202825334
        3.2456177000         0.5000000000         0.5797982522         3.8608424019       -19.7527191545
        3.2506021000         0.5000000000         0.5976645402         3.7842860781       -19.2873078849
        3.2556496000         0.5000000000         0.5900075596         3.7077297543       -19.4867698576
        3.2606877000         0.5000000000         0.5900075596         3.6388290629       -19.4867698576
        3.2656820000         0.5000000000         0.5925598865         3.5597208617       -19.4202825334
        3.2707082000         0.5000000000         0.5772459253         3.4831645379       -19.8192064787
        3.2756901000         0.5000000000         0.5772459253         3.4066082142       -19.8192064787
        3.2806133000         0.5000000000         0.5900075596         3.3300518904       -19.4867698576
        3.2856083000         0.5000000000         0.5849029059         3.2611511990       -19.6197445061
        3.2907983000         0.5000000000         0.5976645402         3.1871467527       -19.2873078849
        3.2957276000         0.5000000000         0.6002168670         3.1182460613       -19.2208205607
        3.3006080000         0.5000000000         0.5951122133         3.0467934924       -19.3537952091
        3.3055927000         0.5000000000         0.5797982522         2.9702371687       -19.7527191545
        3.3107031000         0.5000000000         0.6129785013         2.8860252125       -18.8883839396
        3.3156285000         0.5000000000         0.6053215207         2.8145726437       -19.0878459122
        3.3207051000         0.5000000000         0.5951122133         2.7405681974       -19.3537952091
        3.3256119000         0.5000000000         0.5797982522         2.6589081187       -19.7527191545
        3.3306013000         0.5000000000         0.5823505790         2.5823517949       -19.6862318303
        3.3356113000         0.5000000000         0.5976645402         2.5083473486       -19.2873078849
        3.3405807000         0.5000000000         0.5772459253         2.4317910248       -19.8192064787
        3.3455888000         0.5000000000         0.5925598865         2.3552347011       -19.4202825334
        3.3506900000         0.5000000000         0.5746935985         2.2710227449       -19.8856938030
        3.3556152000         0.5000000000         0.5951122133         2.2021220535       -19.3537952091
        3.3605639000         0.5000000000         0.5925598865         2.1281176072       -19.4202825334
        3.3658134000         0.5000000000         0.5925598865         2.0464575285       -19.4202825334
        3.3707392000         0.5000000000         0.5900075596         1.9852124695       -19.4867698576
        3.3757604000         0.5000000000         0.5951122133         1.9035523908       -19.3537952091
        3.3807138000         0.5000000000         0.5925598865         1.8346516994       -19.4202825334
        3.3856903000         0.5000000000         0.6308447893         1.7529916207       -18.4229726700
        3.3905338000         0.5000000000         0.6002168670         1.6917465617       -19.2208205607
        3.3955859000         0.5000000000         0.5874552328         1.6151902379       -19.5532571818
        3.4005500000         0.5000000000         0.5976645402         1.5462895465       -19.2873078849
        3.4055302000         0.5000000000         0.6053215207         1.4773888552       -19.0878459122
        3.4104848000         0.5000000000         0.5951122133         1.3931768990       -19.3537952091
        3.4156793000         0.5000000000         0.5976645402         1.3242762076       -19.2873078849
        3.4205646000         0.5000000000         0.5976645402         1.2502717613       -19.2873078849
        3.4255347000         0.5000000000         0.5900075596         1.1737154375       -19.4867698576
        3.4305514000         0.5000000000         0.5874552328         1.1048147461       -19.5532571818
        3.4355051000         0.5000000000         0.6053215207         1.0333621773       -19.0878459122
        3.4406034000         0.5000000000         0.5951122133         0.9517020986       -19.3537952091
        3.4454943000         0.5000000000         0.5900075596         0.8879051621       -19.4867698576
        3.4504725000         0.5000000000         0.6027691939         0.8087969609       -19.1543332365
        3.4555796000         0.5000000000         0.6231878087         0.7347925146       -18.6224346427
        3.4606019000         0.5000000000         0.6078738476         0.6582361908       -19.0213585880
        3.4656130000         0.5000000000         0.5925598865         0.5842317445       -19.4202825334
        3.4706105000         0.5000000000         0.6027691939         0.5102272982       -19.1543332365
        3.4755901000         0.5000000000         0.6078738476         0.4438784843       -19.0213585880
        3.4804695000         0.5000000000         0.6053215207         0.3622184056       -19.0878459122
        3.4856791000         0.5000000000         0.6104261745         0.2907658367       -18.9548712638
        3.4907898000         0.5000000000         0.6053215207         0.2091057580       -19.0878459122
        3.4956040000         0.5000000000         0.6027691939         0.1351013117       -19.1543332365
        3.5004939000         0.5000000000         0.6078738476         0.0636487429       -19.0213585880
        3.5055939000         0.5000000000         0.5900075596        -0.0027000711       -19.4867698576
        3.5106815000         0.5000000000         0.6053215207         0.0024036839       -19.0878459122
        3.5156001000         0.5000000000         0.6078738476         1.1124703785       -19.0213585880
        3.5204732000         0.5000000000         0.5925598865         5.0066353810       -19.4202825334
        3.5256341000         0.5000000000         0.6002168670         4.9938759937       -19.2208205607
        3.5305462000         0.5000000000         0.5951122133         4.9173196699       -19.3537952091
        3.5356206000         0.5000000000         0.5951122133         4.8305558363       -19.3537952091
        3.5407619000         0.5000000000         0.6155308282         4.7667588998       -18.8218966153
        3.5456456000         0.5000000000         0.5925598865         4.6748913113       -19.4202825334
        3.5507287000         0.5000000000         0.5849029059         4.6034387424       -19.6197445061
        3.5556082000         0.5000000000         0.6053215207         4.5268824187       -19.0878459122
        3.5607012000         0.5000000000         0.5772459253         4.4452223400       -19.8192064787
        3.5656119000         0.5000000000         0.6129785013         4.3788735260       -18.8883839396
        3.5706594000         0.5000000000         0.6002168670         4.2997653248       -19.2208205607
        3.5756325000         0.5000000000         0.5951122133         4.2283127560       -19.3537952091
        3.5805607000         0.5000000000         0.5874552328         4.1466526773       -19.5532571818
        3.5856461000         0.5000000000         0.5900075596         4.0700963535       -19.4867698576
        3.5905994000         0.5000000000         0.5874552328         3.9884362748       -19.5532571818
        3.5956159000         0.5000000000         0.5900075596         3.9144318285       -19.4867698576
        3.6004838000         0.5000000000         0.5849029059         3.8429792597       -19.6197445061
        3.6056028000         0.5000000000         0.5797982522         3.7689748133       -19.7527191545
        3.6105788000         0.5000000000         0.6002168670         3.6975222445       -19.2208205607
        3.6156004000         0.5000000000         0.5900075596         3.6133102883       -19.4867698576
        3.6206607000         0.5000000000         0.5976645402         3.5342020871       -19.2873078849
        3.6256237000         0.5000000000         0.5772459253         3.4601976408       -19.8192064787
        3.6305561000         0.5000000000         0.5823505790         3.3887450720       -19.6862318303
        3.6356246000         0.5000000000         0.5874552328         3.3070849933       -19.5532571818
        3.6406257000         0.5000000000         0.5797982522         3.2407361793       -19.7527191545
        3.6456904000         0.5000000000         0.5874552328         3.1539723457       -19.5532571818
        3.6505816000         0.5000000000         0.6002168670         3.0978310416       -19.2208205607
        3.6556399000         0.5000000000         0.5772459253         3.0161709629       -19.8192064787
        3.6607474000         0.5000000000         0.5900075596         2.9447183941       -19.4867698576
        3.6655825000         0.5000000000         0.5849029059         2.8630583154       -19.6197445061
        3.6705920000         0.5000000000         0.5849029059         2.7839501142       -19.6197445061
        3.6755769000         0.5000000000         0.5874552328         2.7124975453       -19.5532571818
        3.6805670000         0.5000000000         0.5849029059         2.6410449765       -19.6197445061
        3.6855622000         0.5000000000         0.5746935985         2.5542811429       -19.8856938030
        3.6906409000         0.5000000000         0.6027691939         2.4828285740       -19.1543332365
        3.6957169000         0.5000000000         0.5823505790         2.4011684953       -19.6862318303
        3.7006084000         0.5000000000         0.5951122133         2.3348196814       -19.3537952091
        3.7055276000         0.5000000000         0.5849029059         2.2531596027       -19.6197445061
        3.7105888000         0.5000000000         0.5849029059         2.1689476465       -19.6197445061
        3.7156689000         0.5000000000         0.5925598865         2.1077025875       -19.4202825334
        3.7206270000         0.5000000000         0.6206354819         2.0311462638       -18.6889219669
        3.7256023000         0.5000000000         0.5900075596         1.9622455724       -19.4867698576
        3.7305142000         0.5000000000         0.5772459253         1.8729298613       -19.8192064787
        3.7356821000         0.5000000000         0.5900075596         1.8014772924       -19.4867698576
        3.7407025000         0.5000000000         0.5925598865         1.7402322334       -19.4202825334
        3.7457532000         0.5000000000         0.5976645402         1.6585721547       -19.2873078849
        3.7506026000         0.5000000000         0.5900075596         1.5947752183       -19.4867698576
        3.7556171000         0.5000000000         0.5951122133         1.5207707720       -19.3537952091
        3.7605533000         0.5000000000         0.5976645402         1.4493182031       -19.2873078849
        3.7656370000         0.5000000000         0.5900075596         1.3574506146       -19.4867698576
        3.7706120000         0.5000000000         0.5925598865         1.2962055556       -19.4202825334
        3.7755980000         0.5000000000         0.6027691939         1.2196492318       -19.1543332365
        3.7806359000         0.5000000000         0.5900075596         1.1481966629       -19.4867698576
        3.7857814000         0.5000000000         0.6078738476         1.0792959716       -19.0213585880
        3.7907120000         0.5000000000         0.6002168670         1.0103952802       -19.2208205607
        3.7956785000         0.5000000000         0.6104261745         0.9338389564       -18.9548712638
        3.8007491000         0.5000000000         0.5976645402         0.8572826326       -19.2873078849
        3.8055704000         0.5000000000         0.6078738476         0.7883819412       -19.0213585880
        3.8107221000         0.5000000000         0.6129785013         0.7067218625       -18.8883839396
        3.8156956000         0.5000000000         0.6053215207         0.6378211711       -19.0878459122
        3.8207053000         0.5000000000         0.5976645402         0.5510573375       -19.2873078849
        3.8255599000         0.5000000000         0.6053215207         0.4796047687       -19.0878459122
        3.8305660000         0.5000000000         0.5900075596         0.4004965675       -19.4867698576
        3.8356427000         0.5000000000         0.6078738476         0.3341477535       -19.0213585880
        3.8407481000         0.5000000000         0.5900075596         0.2550395523       -19.4867698576
        3.8456721000         0.5000000000         0.6155308282         0.1759313511       -18.8218966153
        3.8506303000         0.5000000000         0.5976645402         0.0968231498       -19.2873078849
        3.8555705000         0.5000000000         0.5951122133         0.0253705810       -19.3537952091
        3.8606644000         0.5000000000         0.6002168670         0.0024036839       -19.2208205607
        3.8656086000         0.5000000000         0.6180831550         1.0997109912       -18.7554092911
        3.8706268000         0.5000000000         0.6078738476         5.0040835035       -19.0213585880
        3.8756257000         0.5000000000         0.6104261745         5.0066353810       -18.9548712638
        3.8806266000         0.5000000000         0.6002168670         4.9683572191       -19.2208205607
        3.8854788000         0.5000000000         0.6002168670         4.8841452629       -19.2208205607
        3.8905572000         0.5000000000         0.5900075596         4.8024851842       -19.4867698576
        3.8954929000         0.5000000000         0.6053215207         4.7284807379       -19.0878459122
        3.9005971000         0.5000000000         0.6053215207         4.6570281691       -19.0878459122
        3.9057162000         0.5000000000         0.5951122133         4.5728162129       -19.3537952091
        3.9105954000         0.5000000000         0.5925598865         4.5013636441       -19.4202825334
        3.9156006000         0.5000000000         0.6002168670         4.4222554428       -19.2208205607
        3.9207629000         0.5000000000         0.5900075596         4.3431472416       -19.4867698576
        3.9255734000         0.5000000000         0.6155308282         4.2742465502       -18.8218966153
        3.9307965000         0.5000000000         0.5976645402         4.1925864715       -19.2873078849
        3.9356579000         0.5000000000         0.5976645402         4.1185820252       -19.2873078849
        3.9406265000         0.5000000000         0.5925598865         4.0369219465       -19.4202825334
        3.9455795000         0.5000000000         0.6002168670         3.9705731326       -19.2208205607
        3.9506698000         0.5000000000         0.5900075596         3.8914649314       -19.4867698576
        3.9556467000         0.5000000000         0.5925598865         3.8098048527       -19.4202825334
        3.9606533000         0.5000000000         0.6002168670         3.7434560388       -19.2208205607
        3.9656160000         0.5000000000         0.5797982522         3.6643478375       -19.7527191545
        3.9706976000         0.5000000000         0.6002168670         3.5979990236       -19.2208205607
        3.9756301000         0.5000000000         0.5900075596         3.5137870674       -19.4867698576
        3.9806697000         0.5000000000         0.5900075596         3.4372307437       -19.4867698576
        3.9856773000         0.5000000000         0.5797982522         3.3581225424       -19.7527191545
        3.9907324000         0.5000000000         0.5772459253         3.2815662187       -19.8192064787
        3.9957492000         0.5000000000         0.6027691939         3.2203211597       -19.1543332365
        4.0008284000         0.5000000000         0.5849029059         3.1412129584       -19.6197445061
