% Sweep Step 64/200  Vcmd=2.1800V  CCW 
% Vg_offset=1.338069V  K_gimbal=26.049690

Time[s]              Vcmd[V]              Vg_raw[V]            Pot[V]             Omega[rad/s]
        0.0020367000         2.1800000000         1.3454963091         0.9695652408         0.1934781135
        0.0056025000         2.1800000000         1.3327346748         0.9542539761        -0.1389585076
        0.0108698000         2.1800000000         1.3429439823         0.9619096084         0.1269907893
        0.0155384000         2.1800000000         1.3403916554         0.9593577310         0.0605034650
        0.0205900000         2.1800000000         1.3327346748         0.9542539761        -0.1389585076
        0.0256042000         2.1800000000         1.3352870017         0.9619096084        -0.0724711834
        0.0304828000         2.1800000000         1.3378393285         0.9619096084        -0.0059838592
        0.0356143000         2.1800000000         1.3327346748         0.9568058535        -0.1389585076
        0.0406175000         2.1800000000         1.2740311571         0.9542539761        -1.6681669648
        0.0455251000         2.1800000000         1.3199730405         0.9542539761        -0.4713951288
        0.0506356000         2.1800000000         1.2970020988         0.9465983437        -1.0697810468
        0.0556298000         2.1800000000         1.3097637331         0.9440464662        -0.7373444257
        0.0606259000         2.1800000000         1.2893451183         0.9440464662        -1.2692430195
        0.0654612000         2.1800000000         1.3250776943         0.9440464662        -0.3384204803
        0.0704979000         2.1800000000         1.2944497720         0.9338389564        -1.1362683710
        0.0756180000         2.1800000000         1.3072114063         0.9236314466        -0.8038317499
        0.0806692000         2.1800000000         1.3123160600         0.9287352015        -0.6708571014
        0.0855357000         2.1800000000         1.3097637331         0.9312870789        -0.7373444257
        0.0906758000         2.1800000000         1.3225253674         0.9287352015        -0.4049078045
        0.0955346000         2.1800000000         1.3097637331         0.9210795691        -0.7373444257
        0.1005127000         2.1800000000         1.3097637331         0.9159758142        -0.7373444257
        0.1055282000         2.1800000000         1.3097637331         0.9134239367        -0.7373444257
        0.1104878000         2.1800000000         1.3072114063         0.9134239367        -0.8038317499
        0.1155190000         2.1800000000         1.3123160600         0.9134239367        -0.6708571014
        0.1205378000         2.1800000000         1.3097637331         0.9032164269        -0.7373444257
        0.1254897000         2.1800000000         1.3097637331         0.9006645494        -0.7373444257
        0.1305366000         2.1800000000         1.3021067526         0.8930089170        -0.9368063984
        0.1354914000         2.1800000000         1.2995544257         0.8930089170        -1.0032937226
        0.1405399000         2.1800000000         1.3021067526         0.8930089170        -0.9368063984
        0.1455339000         2.1800000000         1.2970020988         0.8853532847        -1.0697810468
        0.1505279000         2.1800000000         1.2995544257         0.8853532847        -1.0032937226
        0.1555401000         2.1800000000         1.2918974451         0.8776976523        -1.2027556953
        0.1605230000         2.1800000000         1.2970020988         0.8776976523        -1.0697810468
        0.1655362000         2.1800000000         1.2995544257         0.8802495297        -1.0032937226
        0.1705439000         2.1800000000         1.2995544257         0.8751457748        -1.0032937226
        0.1755261000         2.1800000000         1.2970020988         0.8725938974        -1.0697810468
        0.1805212000         2.1800000000         1.2970020988         0.8674901425        -1.0697810468
        0.1856901000         2.1800000000         1.2893451183         0.8572826326        -1.2692430195
        0.1905338000         2.1800000000         1.2842404646         0.8521788777        -1.4022176679
        0.1955162000         2.1800000000         1.2842404646         0.8394194904        -1.4022176679
        0.2005275000         2.1800000000         1.2970020988         0.8470751228        -1.0697810468
        0.2055912000         2.1800000000         1.2944497720         0.8419713679        -1.1362683710
        0.2107267000         2.1800000000         1.2970020988         0.8394194904        -1.0697810468
        0.2155481000         2.1800000000         1.2893451183         0.8266601031        -1.2692430195
        0.2205640000         2.1800000000         1.3021067526         0.8266601031        -0.9368063984
        0.2256242000         2.1800000000         1.2970020988         0.8266601031        -1.0697810468
        0.2305107000         2.1800000000         1.3123160600         0.8164525933        -0.6708571014
        0.2355473000         2.1800000000         1.2918974451         0.8113488384        -1.2027556953
        0.2406078000         2.1800000000         1.2867927914         0.7985894511        -1.3357303437
        0.2455380000         2.1800000000         1.2842404646         0.7960375736        -1.4022176679
        0.2504518000         2.1800000000         1.2918974451         0.7960375736        -1.2027556953
        0.2556520000         2.1800000000         1.2970020988         0.7883819412        -1.0697810468
        0.2605842000         2.1800000000         1.2893451183         0.7858300638        -1.2692430195
        0.2655439000         2.1800000000         1.2944497720         0.7858300638        -1.1362683710
        0.2705027000         2.1800000000         1.2995544257         0.7807263088        -1.0032937226
        0.2756627000         2.1800000000         1.2867927914         0.7756225539        -1.3357303437
        0.2805563000         2.1800000000         1.2918974451         0.7679669216        -1.2027556953
        0.2856171000         2.1800000000         1.2867927914         0.7552075343        -1.3357303437
        0.2907342000         2.1800000000         1.3199730405         0.7603112892        -0.4713951288
        0.2956080000         2.1800000000         1.2995544257         0.7603112892        -1.0032937226
        0.3007530000         2.1800000000         1.2970020988         0.7501037793        -1.0697810468
        0.3057212000         2.1800000000         1.2970020988         0.7398962695        -1.0697810468
        0.3105841000         2.1800000000         1.2944497720         0.7424481470        -1.1362683710
        0.3155541000         2.1800000000         1.2995544257         0.7475519019        -1.0032937226
        0.3211706000         2.1800000000         1.2944497720         0.7322406371        -1.1362683710
        0.3257281000         2.1800000000         1.2918974451         0.7296887597        -1.2027556953
        0.3305912000         2.1800000000         1.2918974451         0.7220331273        -1.2027556953
        0.3354684000         2.1800000000         1.2893451183         0.7194812498        -1.2692430195
        0.3406499000         2.1800000000         1.2867927914         0.7092737400        -1.3357303437
        0.3455424000         2.1800000000         1.2918974451         0.7169293724        -1.2027556953
        0.3506413000         2.1800000000         1.2842404646         0.6990662302        -1.4022176679
        0.3555033000         2.1800000000         1.2867927914         0.6990662302        -1.3357303437
        0.3606153000         2.1800000000         1.2970020988         0.6990662302        -1.0697810468
        0.3655313000         2.1800000000         1.2842404646         0.6837549654        -1.4022176679
        0.3706828000         2.1800000000         1.2918974451         0.6863068429        -1.2027556953
        0.3756685000         2.1800000000         1.2867927914         0.6709955781        -1.3357303437
        0.3806288000         2.1800000000         1.2893451183         0.6709955781        -1.2692430195
        0.3855223000         2.1800000000         1.2970020988         0.6786512105        -1.0697810468
        0.3906526000         2.1800000000         1.2893451183         0.6684437007        -1.2692430195
        0.3956461000         2.1800000000         1.2893451183         0.6607880683        -1.2692430195
        0.4006387000         2.1800000000         1.2893451183         0.6582361908        -1.2692430195
        0.4057182000         2.1800000000         1.2893451183         0.6505805584        -1.2692430195
        0.4105718000         2.1800000000         1.2893451183         0.6454768035        -1.2692430195
        0.4156158000         2.1800000000         1.2918974451         0.6378211711        -1.2027556953
        0.4205348000         2.1800000000         1.2918974451         0.6378211711        -1.2027556953
        0.4256729000         2.1800000000         1.2944497720         0.6301655388        -1.1362683710
        0.4305109000         2.1800000000         1.2944497720         0.6276136613        -1.1362683710
        0.4359517000         2.1800000000         1.3021067526         0.6225099064        -0.9368063984
        0.4405046000         2.1800000000         1.2970020988         0.6199580289        -1.0697810468
        0.4455425000         2.1800000000         1.2995544257         0.6199580289        -1.0032937226
        0.4505930000         2.1800000000         1.2867927914         0.6020948867        -1.3357303437
        0.4555745000         2.1800000000         1.2893451183         0.5969911318        -1.2692430195
        0.4604938000         2.1800000000         1.2918974451         0.6020948867        -1.2027556953
        0.4655260000         2.1800000000         1.2867927914         0.5918873769        -1.3357303437
        0.4705488000         2.1800000000         1.2995544257         0.5969911318        -1.0032937226
        0.4756271000         2.1800000000         1.3021067526         0.5842317445        -0.9368063984
        0.4806177000         2.1800000000         1.2893451183         0.5791279896        -1.2692430195
        0.4855916000         2.1800000000         1.2944497720         0.5842317445        -1.1362683710
        0.4906003000         2.1800000000         1.2893451183         0.5714723572        -1.2692430195
        0.4955876000         2.1800000000         1.2867927914         0.5663686023        -1.3357303437
        0.5005802000         2.1800000000         1.2842404646         0.5536092150        -1.4022176679
        0.5056015000         2.1800000000         1.2842404646         0.5561610925        -1.4022176679
        0.5106030000         2.1800000000         1.2918974451         0.5510573375        -1.2027556953
        0.5156052000         2.1800000000         1.2918974451         0.5510573375        -1.2027556953
        0.5205708000         2.1800000000         1.2944497720         0.5459535826        -1.1362683710
        0.5256115000         2.1800000000         1.2970020988         0.5408498277        -1.0697810468
        0.5305673000         2.1800000000         1.2893451183         0.5306423179        -1.2692430195
        0.5355488000         2.1800000000         1.2918974451         0.5331941953        -1.2027556953
        0.5407068000         2.1800000000         1.2893451183         0.5229866855        -1.2692430195
        0.5456678000         2.1800000000         1.3097637331         0.5153310531        -0.7373444257
        0.5505119000         2.1800000000         1.2893451183         0.5127791757        -1.2692430195
        0.5555327000         2.1800000000         1.2893451183         0.5102272982        -1.2692430195
        0.5605331000         2.1800000000         1.2842404646         0.5000197884        -1.4022176679
        0.5655900000         2.1800000000         1.2842404646         0.4923641560        -1.4022176679
        0.5705829000         2.1800000000         1.2765834840         0.4847085236        -1.6016796406
        0.5755970000         2.1800000000         1.2842404646         0.4923641560        -1.4022176679
        0.5805920000         2.1800000000         1.2842404646         0.4847085236        -1.4022176679
        0.5855852000         2.1800000000         1.2791358108         0.4668453814        -1.5351923164
        0.5906612000         2.1800000000         1.2791358108         0.4642935039        -1.5351923164
        0.5956649000         2.1800000000         1.2867927914         0.4693972588        -1.3357303437
        0.6006629000         2.1800000000         1.2867927914         0.4566378716        -1.3357303437
        0.6056333000         2.1800000000         1.2791358108         0.4464303617        -1.5351923164
        0.6105725000         2.1800000000         1.2791358108         0.4413266068        -1.5351923164
        0.6156141000         2.1800000000         1.2816881377         0.4438784843        -1.4687049922
        0.6206554000         2.1800000000         1.2791358108         0.4311190970        -1.5351923164
        0.6256227000         2.1800000000         1.2842404646         0.4311190970        -1.4022176679
        0.6305159000         2.1800000000         1.2791358108         0.4183597097        -1.5351923164
        0.6356604000         2.1800000000         1.2893451183         0.4285672195        -1.2692430195
        0.6405972000         2.1800000000         1.2867927914         0.4158078322        -1.3357303437
        0.6456263000         2.1800000000         1.2842404646         0.4081521998        -1.4022176679
        0.6505394000         2.1800000000         1.2893451183         0.4107040773        -1.2692430195
        0.6555244000         2.1800000000         1.2816881377         0.4004965675        -1.4687049922
        0.6607048000         2.1800000000         1.2791358108         0.3851853027        -1.5351923164
        0.6655927000         2.1800000000         1.2740311571         0.3800815478        -1.6681669648
        0.6704503000         2.1800000000         1.2791358108         0.3724259154        -1.5351923164
        0.6755699000         2.1800000000         1.2893451183         0.3800815478        -1.2692430195
        0.6812646000         2.1800000000         1.2842404646         0.3698740379        -1.4022176679
        0.6855160000         2.1800000000         1.2816881377         0.3647702830        -1.4687049922
        0.6906318000         2.1800000000         1.3021067526         0.3545627732        -0.9368063984
        0.6956103000         2.1800000000         1.2765834840         0.3469071408        -1.6016796406
        0.7005410000         2.1800000000         1.2842404646         0.3494590183        -1.4022176679
        0.7056985000         2.1800000000         1.2816881377         0.3418033859        -1.4687049922
        0.7105755000         2.1800000000         1.2816881377         0.3315958761        -1.4687049922
        0.7155754000         2.1800000000         1.2816881377         0.3290439986        -1.4687049922
        0.7206700000         2.1800000000         1.2918974451         0.3341477535        -1.2027556953
        0.7256589000         2.1800000000         1.2791358108         0.3264921211        -1.5351923164
        0.7306400000         2.1800000000         1.2944497720         0.3213883662        -1.1362683710
        0.7355408000         2.1800000000         1.2867927914         0.3086289789        -1.3357303437
        0.7405324000         2.1800000000         1.2918974451         0.3086289789        -1.2027556953
        0.7455497000         2.1800000000         1.2944497720         0.2984214691        -1.1362683710
        0.7505349000         2.1800000000         1.2816881377         0.2933177142        -1.4687049922
        0.7555283000         2.1800000000         1.2918974451         0.2933177142        -1.2027556953
        0.7605295000         2.1800000000         1.2893451183         0.2805583269        -1.2692430195
        0.7655836000         2.1800000000         1.2765834840         0.2677989396        -1.6016796406
        0.7705701000         2.1800000000         1.2867927914         0.2754545720        -1.3357303437
        0.7755403000         2.1800000000         1.2816881377         0.2652470621        -1.4687049922
        0.7806536000         2.1800000000         1.2842404646         0.2601433072        -1.4022176679
        0.7855904000         2.1800000000         1.2842404646         0.2550395523        -1.4022176679
        0.7906167000         2.1800000000         1.2842404646         0.2550395523        -1.4022176679
        0.7955267000         2.1800000000         1.2918974451         0.2473839199        -1.2027556953
        0.8005229000         2.1800000000         1.2765834840         0.2371764101        -1.6016796406
        0.8055847000         2.1800000000         1.2842404646         0.2295207777        -1.4022176679
        0.8105771000         2.1800000000         1.2791358108         0.2193132679        -1.5351923164
        0.8156735000         2.1800000000         1.2842404646         0.2193132679        -1.4022176679
        0.8206009000         2.1800000000         1.2765834840         0.2091057580        -1.6016796406
        0.8255974000         2.1800000000         1.2816881377         0.2065538806        -1.4687049922
        0.8305931000         2.1800000000         1.2816881377         0.1988982482        -1.4687049922
        0.8356104000         2.1800000000         1.2842404646         0.1963463707        -1.4022176679
        0.8405507000         2.1800000000         1.2842404646         0.1963463707        -1.4022176679
        0.8455388000         2.1800000000         1.2765834840         0.1784832285        -1.6016796406
        0.8505260000         2.1800000000         1.2842404646         0.1861388609        -1.4022176679
        0.8556978000         2.1800000000         1.2867927914         0.1784832285        -1.3357303437
        0.8605566000         2.1800000000         1.2867927914         0.1733794736        -1.3357303437
        0.8656039000         2.1800000000         1.2842404646         0.1631719638        -1.4022176679
        0.8706649000         2.1800000000         1.2842404646         0.1657238412        -1.4022176679
        0.8756793000         2.1800000000         1.2816881377         0.1478606990        -1.4687049922
        0.8807652000         2.1800000000         1.2867927914         0.1529644539        -1.3357303437
        0.8855628000         2.1800000000         1.2842404646         0.1351013117        -1.4022176679
        0.8907152000         2.1800000000         1.2765834840         0.1274456793        -1.6016796406
        0.8955659000         2.1800000000         1.2816881377         0.1274456793        -1.4687049922
        0.9004858000         2.1800000000         1.2791358108         0.1146862920        -1.5351923164
        0.9056244000         2.1800000000         1.2765834840         0.1172381695        -1.6016796406
        0.9104720000         2.1800000000         1.2765834840         0.1044787822        -1.6016796406
        0.9156007000         2.1800000000         1.2816881377         0.0968231498        -1.4687049922
        0.9205979000         2.1800000000         1.2842404646         0.0968231498        -1.4022176679
        0.9256321000         2.1800000000         1.2842404646         0.0917193949        -1.4022176679
        0.9305625000         2.1800000000         1.2918974451         0.0942712724        -1.2027556953
        0.9359052000         2.1800000000         1.2816881377         0.0764081302        -1.4687049922
        0.9405972000         2.1800000000         1.2867927914         0.0764081302        -1.3357303437
        0.9454740000         2.1800000000         1.2893451183         0.0764081302        -1.2692430195
        0.9505482000         2.1800000000         1.2893451183         0.0713043752        -1.2692430195
        0.9555414000         2.1800000000         1.2893451183         0.0610968654        -1.2692430195
        0.9606261000         2.1800000000         1.2867927914         0.0559931105        -1.3357303437
        0.9655967000         2.1800000000         1.2867927914         0.0483374781        -1.3357303437
        0.9706454000         2.1800000000         1.2842404646         0.0432337232        -1.4022176679
        0.9757035000         2.1800000000         1.2842404646         0.0330262134        -1.4022176679
        0.9805350000         2.1800000000         1.2970020988         0.0304743359        -1.0697810468
        0.9858843000         2.1800000000         1.2918974451         0.0381299683        -1.2027556953
        0.9906081000         2.1800000000         1.2944497720         0.0330262134        -1.1362683710
        0.9954831000         2.1800000000         1.2816881377         0.0151630711        -1.4687049922
        1.0005840000         2.1800000000         1.2842404646         0.0100593162        -1.4022176679
        1.0055330000         2.1800000000         1.2842404646         0.0075074388        -1.4022176679
        1.0106629000         2.1800000000         1.2918974451         0.0100593162        -1.2027556953
        1.0154692000         2.1800000000         1.2816881377         0.0049555613        -1.4687049922
        1.0206943000         2.1800000000         1.2842404646        -0.0052519485        -1.4022176679
        1.0257261000         2.1800000000         1.2918974451         0.0049555613        -1.2027556953
        1.0305847000         2.1800000000         1.2867927914         0.0049555613        -1.3357303437
        1.0354866000         2.1800000000         1.2918974451         0.0049555613        -1.2027556953
        1.0405717000         2.1800000000         1.2944497720         0.0024036839        -1.1362683710
        1.0455177000         2.1800000000         1.2918974451         0.0126111937        -1.2027556953
        1.0505695000         2.1800000000         1.2893451183        -0.0001481936        -1.2692430195
        1.0555317000         2.1800000000         1.2944497720         0.0024036839        -1.1362683710
        1.0607507000         2.1800000000         1.2842404646        -0.0052519485        -1.4022176679
        1.0654860000         2.1800000000         1.2791358108         0.0024036839        -1.5351923164
        1.0705892000         2.1800000000         1.2842404646        -0.0001481936        -1.4022176679
        1.0755615000         2.1800000000         1.2816881377        -0.0027000711        -1.4687049922
        1.0805266000         2.1800000000         1.2867927914        -0.0001481936        -1.3357303437
        1.0856282000         2.1800000000         1.2893451183        -0.0001481936        -1.2692430195
        1.0905904000         2.1800000000         1.2791358108         0.0024036839        -1.5351923164
        1.0956788000         2.1800000000         1.2918974451        -0.0001481936        -1.2027556953
        1.1005764000         2.1800000000         1.2867927914        -0.0027000711        -1.3357303437
        1.1055334000         2.1800000000         1.2867927914         0.0024036839        -1.3357303437
        1.1105845000         2.1800000000         1.2867927914         0.0024036839        -1.3357303437
        1.1154929000         2.1800000000         1.2842404646         0.0024036839        -1.4022176679
        1.1205477000         2.1800000000         1.3046590794         0.0049555613        -0.8703190741
        1.1255707000         2.1800000000         1.2842404646         0.0049555613        -1.4022176679
        1.1305581000         2.1800000000         1.2893451183         1.1099185011        -1.2692430195
        1.1356474000         2.1800000000         1.3046590794         1.1175741334        -0.8703190741
        1.1405807000         2.1800000000         1.2918974451         1.1226778884        -1.2027556953
        1.1455962000         2.1800000000         1.2816881377         1.1048147461        -1.4687049922
        1.1506340000         2.1800000000         1.2816881377         1.1048147461        -1.4687049922
        1.1555867000         2.1800000000         1.2867927914         1.1124703785        -1.3357303437
        1.1605688000         2.1800000000         1.2842404646         1.1150222560        -1.4022176679
        1.1656958000         2.1800000000         1.2970020988         1.1175741334        -1.0697810468
        1.1706396000         2.1800000000         1.2918974451         1.1226778884        -1.2027556953
        1.1756422000         2.1800000000         1.2918974451         1.1099185011        -1.2027556953
        1.1806967000         2.1800000000         1.2944497720         1.1201260109        -1.1362683710
        1.1856760000         2.1800000000         1.2867927914         1.1099185011        -1.3357303437
        1.1906017000         2.1800000000         1.2867927914         5.0015316260        -1.3357303437
        1.1957024000         2.1800000000         1.2970020988         5.0040835035        -1.0697810468
        1.2007005000         2.1800000000         1.2918974451         5.0091872584        -1.2027556953
        1.2057008000         2.1800000000         1.2918974451         5.0091872584        -1.2027556953
        1.2106967000         2.1800000000         1.2918974451         5.0142910133        -1.2027556953
        1.2156990000         2.1800000000         1.2842404646         5.0066353810        -1.4022176679
        1.2206074000         2.1800000000         1.2842404646         5.0040835035        -1.4022176679
        1.2256490000         2.1800000000         1.2791358108         5.0066353810        -1.5351923164
        1.2306705000         2.1800000000         1.2842404646         5.0091872584        -1.4022176679
        1.2356382000         2.1800000000         1.2918974451         5.0142910133        -1.2027556953
        1.2406085000         2.1800000000         1.2867927914         5.0066353810        -1.3357303437
        1.2456106000         2.1800000000         1.2867927914         5.0015316260        -1.3357303437
        1.2506476000         2.1800000000         1.2893451183         5.0066353810        -1.2692430195
        1.2556270000         2.1800000000         1.2893451183         5.0066353810        -1.2692430195
        1.2606153000         2.1800000000         1.2893451183         5.0142910133        -1.2692430195
        1.2655289000         2.1800000000         1.2867927914         5.0040835035        -1.3357303437
        1.2705720000         2.1800000000         1.2918974451         5.0066353810        -1.2027556953
        1.2756689000         2.1800000000         1.2893451183         5.0066353810        -1.2692430195
        1.2805912000         2.1800000000         1.2867927914         5.0066353810        -1.3357303437
        1.2856401000         2.1800000000         1.2970020988         5.0117391359        -1.0697810468
        1.2905496000         2.1800000000         1.2816881377         5.0091872584        -1.4687049922
        1.2956261000         2.1800000000         1.2944497720         5.0142910133        -1.1362683710
        1.3006176000         2.1800000000         1.2842404646         5.0066353810        -1.4022176679
        1.3056797000         2.1800000000         1.2765834840         4.9989797486        -1.6016796406
        1.3104507000         2.1800000000         1.2944497720         5.0066353810        -1.1362683710
        1.3155545000         2.1800000000         1.2689265034         5.0015316260        -1.8011416133
        1.3205027000         2.1800000000         1.2944497720         4.9964278711        -1.1362683710
        1.3255023000         2.1800000000         1.2791358108         4.9862203613        -1.5351923164
        1.3306247000         2.1800000000         1.2944497720         4.9938759937        -1.1362683710
        1.3356198000         2.1800000000         1.2918974451         4.9887722387        -1.2027556953
        1.3405583000         2.1800000000         1.2842404646         4.9785647289        -1.4022176679
        1.3456658000         2.1800000000         1.2918974451         4.9785647289        -1.2027556953
        1.3505227000         2.1800000000         1.2842404646         4.9607015867        -1.4022176679
        1.3555486000         2.1800000000         1.2918974451         4.9658053416        -1.2027556953
        1.3608419000         2.1800000000         1.2791358108         4.9555978318        -1.5351923164
        1.3656868000         2.1800000000         1.2867927914         4.9504940769        -1.3357303437
        1.3705986000         2.1800000000         1.2765834840         4.9377346896        -1.6016796406
        1.3756504000         2.1800000000         1.2918974451         4.9377346896        -1.2027556953
        1.3804958000         2.1800000000         1.2791358108         4.9300790572        -1.5351923164
        1.3856845000         2.1800000000         1.2791358108         4.9224234248        -1.5351923164
        1.3904575000         2.1800000000         1.2765834840         4.9147677924        -1.6016796406
        1.3957034000         2.1800000000         1.2816881377         4.9122159150        -1.4687049922
        1.4006997000         2.1800000000         1.2791358108         4.9045602826        -1.5351923164
        1.4056429000         2.1800000000         1.2714788303         4.9045602826        -1.7346542891
        1.4104758000         2.1800000000         1.2791358108         4.8943527728        -1.5351923164
        1.4156727000         2.1800000000         1.2765834840         4.8892490178        -1.6016796406
        1.4205939000         2.1800000000         1.2816881377         4.8841452629        -1.4687049922
        1.4255720000         2.1800000000         1.2918974451         4.8866971404        -1.2027556953
        1.4306528000         2.1800000000         1.2842404646         4.8739377531        -1.4022176679
        1.4355652000         2.1800000000         1.2918974451         4.8739377531        -1.2027556953
        1.4405630000         2.1800000000         1.2867927914         4.8662821207        -1.3357303437
        1.4456079000         2.1800000000         1.2893451183         4.8535227334        -1.2692430195
        1.4505820000         2.1800000000         1.2842404646         4.8509708560        -1.4022176679
        1.4555561000         2.1800000000         1.2816881377         4.8484189785        -1.4687049922
        1.4605741000         2.1800000000         1.2893451183         4.8433152236        -1.2692430195
        1.4656638000         2.1800000000         1.2944497720         4.8458671010        -1.1362683710
        1.4707310000         2.1800000000         1.2893451183         4.8356595912        -1.2692430195
        1.4756753000         2.1800000000         1.2995544257         4.8331077137        -1.0032937226
        1.4804685000         2.1800000000         1.2944497720         4.8305558363        -1.1362683710
        1.4856148000         2.1800000000         1.2970020988         4.8254520814        -1.0697810468
        1.4904645000         2.1800000000         1.2842404646         4.8075889392        -1.4022176679
        1.4956573000         2.1800000000         1.2842404646         4.7999333068        -1.4022176679
        1.5005950000         2.1800000000         1.2816881377         4.7973814293        -1.4687049922
        1.5055473000         2.1800000000         1.2944497720         4.7973814293        -1.1362683710
        1.5105224000         2.1800000000         1.2867927914         4.7922776744        -1.3357303437
        1.5155270000         2.1800000000         1.2893451183         4.7846220420        -1.2692430195
        1.5205289000         2.1800000000         1.2918974451         4.7820701646        -1.2027556953
        1.5256187000         2.1800000000         1.2893451183         4.7795182871        -1.2692430195
        1.5306590000         2.1800000000         1.2944497720         4.7820701646        -1.1362683710
        1.5356719000         2.1800000000         1.2970020988         4.7718626547        -1.0697810468
        1.5406708000         2.1800000000         1.2944497720         4.7667588998        -1.1362683710
        1.5455204000         2.1800000000         1.2893451183         4.7591032674        -1.2692430195
        1.5505264000         2.1800000000         1.2765834840         4.7565513900        -1.6016796406
        1.5556017000         2.1800000000         1.2918974451         4.7463438801        -1.2027556953
        1.5605439000         2.1800000000         1.2893451183         4.7412401252        -1.2692430195
        1.5654832000         2.1800000000         1.2867927914         4.7361363703        -1.3357303437
        1.5706541000         2.1800000000         1.2918974451         4.7335844928        -1.2027556953
        1.5756225000         2.1800000000         1.2893451183         4.7259288605        -1.2692430195
        1.5805196000         2.1800000000         1.2893451183         4.7233769830        -1.2692430195
        1.5854992000         2.1800000000         1.2867927914         4.7182732281        -1.3357303437
        1.5905780000         2.1800000000         1.3046590794         4.7182732281        -0.8703190741
        1.5955550000         2.1800000000         1.2944497720         4.7131694732        -1.1362683710
        1.6006901000         2.1800000000         1.2893451183         4.6978582084        -1.2692430195
        1.6055824000         2.1800000000         1.2944497720         4.7004100859        -1.1362683710
        1.6105771000         2.1800000000         1.2944497720         4.7004100859        -1.1362683710
        1.6155084000         2.1800000000         1.2944497720         4.6927544535        -1.1362683710
        1.6205960000         2.1800000000         1.2893451183         4.6850988211        -1.2692430195
        1.6255782000         2.1800000000         1.2842404646         4.6723394338        -1.4022176679
        1.6305716000         2.1800000000         1.2816881377         4.6697875564        -1.4687049922
        1.6355730000         2.1800000000         1.2893451183         4.6672356789        -1.2692430195
        1.6405733000         2.1800000000         1.2918974451         4.6697875564        -1.2027556953
        1.6456312000         2.1800000000         1.2867927914         4.6595800465        -1.3357303437
        1.6505261000         2.1800000000         1.2893451183         4.6544762916        -1.2692430195
        1.6555784000         2.1800000000         1.2842404646         4.6493725367        -1.4022176679
        1.6605790000         2.1800000000         1.2970020988         4.6442687818        -1.0697810468
        1.6656155000         2.1800000000         1.3148683868         4.6442687818        -0.6043697772
        1.6706666000         2.1800000000         1.2918974451         4.6366131494        -1.2027556953
        1.6756167000         2.1800000000         1.2867927914         4.6238537621        -1.3357303437
        1.6806418000         2.1800000000         1.2970020988         4.6238537621        -1.0697810468
        1.6856260000         2.1800000000         1.2842404646         4.6136462523        -1.4022176679
        1.6906087000         2.1800000000         1.2893451183         4.6110943748        -1.2692430195
        1.6954840000         2.1800000000         1.3021067526         4.6187500072        -0.9368063984
        1.7006307000         2.1800000000         1.2893451183         4.6034387424        -1.2692430195
        1.7056319000         2.1800000000         1.2893451183         4.6110943748        -1.2692430195
        1.7105556000         2.1800000000         1.2995544257         4.6059906199        -1.0032937226
        1.7158461000         2.1800000000         1.2842404646         4.5855756002        -1.4022176679
        1.7207315000         2.1800000000         1.2944497720         4.5855756002        -1.1362683710
        1.7258725000         2.1800000000         1.2893451183         4.5881274777        -1.2692430195
        1.7305388000         2.1800000000         1.2918974451         4.5804718453        -1.2027556953
        1.7355941000         2.1800000000         1.2918974451         4.5779199678        -1.2027556953
        1.7405326000         2.1800000000         1.2867927914         4.5677124580        -1.3357303437
        1.7454649000         2.1800000000         1.2970020988         4.5702643355        -1.0697810468
        1.7506194000         2.1800000000         1.2816881377         4.5524011933        -1.4687049922
        1.7555437000         2.1800000000         1.2842404646         4.5447455609        -1.4022176679
        1.7606562000         2.1800000000         1.2816881377         4.5421936834        -1.4687049922
        1.7658006000         2.1800000000         1.2842404646         4.5370899285        -1.4022176679
        1.7706871000         2.1800000000         1.2816881377         4.5294342961        -1.4687049922
        1.7756284000         2.1800000000         1.2918974451         4.5268824187        -1.2027556953
        1.7806724000         2.1800000000         1.2816881377         4.5217786637        -1.4687049922
        1.7856624000         2.1800000000         1.2995544257         4.5268824187        -1.0032937226
        1.7906293000         2.1800000000         1.2842404646         4.5090192765        -1.4022176679
        1.7956588000         2.1800000000         1.2918974451         4.5115711539        -1.2027556953
        1.8006465000         2.1800000000         1.2995544257         4.5141230314        -1.0032937226
        1.8056538000         2.1800000000         1.3046590794         4.5090192765        -0.8703190741
        1.8105294000         2.1800000000         1.2995544257         4.5039155215        -1.0032937226
        1.8155872000         2.1800000000         1.2893451183         4.4937080117        -1.2692430195
        1.8205579000         2.1800000000         1.2893451183         4.4860523793        -1.2692430195
        1.8256763000         2.1800000000         1.2893451183         4.4809486244        -1.2692430195
        1.8306595000         2.1800000000         1.2816881377         4.4732929920        -1.4687049922
        1.8355500000         2.1800000000         1.2816881377         4.4681892371        -1.4687049922
        1.8405923000         2.1800000000         1.2842404646         4.4630854822        -1.4022176679
        1.8456261000         2.1800000000         1.2867927914         4.4579817273        -1.3357303437
        1.8505956000         2.1800000000         1.2842404646         4.4528779724        -1.4022176679
        1.8556240000         2.1800000000         1.3046590794         4.4528779724        -0.8703190741
        1.8606052000         2.1800000000         1.2918974451         4.4528779724        -1.2027556953
        1.8656449000         2.1800000000         1.2867927914         4.4503260949        -1.3357303437
        1.8706874000         2.1800000000         1.2842404646         4.4299110752        -1.4022176679
        1.8755771000         2.1800000000         1.2816881377         4.4350148301        -1.4687049922
        1.8806016000         2.1800000000         1.2970020988         4.4324629527        -1.0697810468
        1.8856252000         2.1800000000         1.2816881377         4.4273591978        -1.4687049922
        1.8906285000         2.1800000000         1.2816881377         4.4120479330        -1.4687049922
        1.8956209000         2.1800000000         1.2842404646         4.4145998105        -1.4022176679
        1.9005358000         2.1800000000         1.2944497720         4.4120479330        -1.1362683710
        1.9057555000         2.1800000000         1.2842404646         4.4043923006        -1.4022176679
        1.9105698000         2.1800000000         1.2944497720         4.4018404232        -1.1362683710
        1.9155800000         2.1800000000         1.2944497720         4.3992885457        -1.1362683710
        1.9205414000         2.1800000000         1.2791358108         4.3788735260        -1.5351923164
        1.9256151000         2.1800000000         1.2842404646         4.3763216486        -1.4022176679
        1.9305755000         2.1800000000         1.2842404646         4.3737697711        -1.4022176679
        1.9356000000         2.1800000000         1.2842404646         4.3712178937        -1.4022176679
        1.9405618000         2.1800000000         1.2816881377         4.3661141388        -1.4687049922
        1.9455823000         2.1800000000         1.2893451183         4.3661141388        -1.2692430195
        1.9505799000         2.1800000000         1.2714788303         4.3482509965        -1.7346542891
        1.9554883000         2.1800000000         1.2842404646         4.3533547515        -1.4022176679
        1.9605015000         2.1800000000         1.2842404646         4.3482509965        -1.4022176679
        1.9655055000         2.1800000000         1.2740311571         4.3329397318        -1.6681669648
        1.9704391000         2.1800000000         1.2893451183         4.3354916092        -1.2692430195
        1.9754873000         2.1800000000         1.2867927914         4.3252840994        -1.3357303437
        1.9805144000         2.1800000000         1.2791358108         4.3252840994        -1.5351923164
        1.9855150000         2.1800000000         1.2816881377         4.3176284670        -1.4687049922
        1.9905526000         2.1800000000         1.2867927914         4.3125247121        -1.3357303437
        1.9955662000         2.1800000000         1.2816881377         4.2997653248        -1.4687049922
        2.0005649000         2.1800000000         1.2791358108         4.2921096924        -1.5351923164
        2.0055542000         2.1800000000         1.2791358108         4.2921096924        -1.5351923164
        2.0105075000         2.1800000000         1.2816881377         4.2870059375        -1.4687049922
        2.0155541000         2.1800000000         1.2893451183         4.2895578150        -1.2692430195
        2.0205041000         2.1800000000         1.2791358108         4.2716946728        -1.5351923164
        2.0256361000         2.1800000000         1.2714788303         4.2691427953        -1.7346542891
        2.0305510000         2.1800000000         1.2842404646         4.2640390404        -1.4022176679
        2.0355061000         2.1800000000         1.2944497720         4.2640390404        -1.1362683710
        2.0405348000         2.1800000000         1.2867927914         4.2563834080        -1.3357303437
        2.0455707000         2.1800000000         1.2842404646         4.2563834080        -1.4022176679
        2.0505568000         2.1800000000         1.2893451183         4.2410721433        -1.2692430195
        2.0555327000         2.1800000000         1.2714788303         4.2308646334        -1.7346542891
        2.0605520000         2.1800000000         1.2893451183         4.2385202658        -1.2692430195
        2.0655719000         2.1800000000         1.2867927914         4.2206571236        -1.3357303437
        2.0705496000         2.1800000000         1.2791358108         4.2155533687        -1.5351923164
        2.0755742000         2.1800000000         1.2867927914         4.2130014912        -1.3357303437
        2.0805736000         2.1800000000         1.2867927914         4.2104496138        -1.3357303437
        2.0855073000         2.1800000000         1.2842404646         4.2027939814        -1.4022176679
        2.0905108000         2.1800000000         1.2842404646         4.2027939814        -1.4022176679
        2.0955117000         2.1800000000         1.2663741766         4.1951383490        -1.8676289375
        2.1005077000         2.1800000000         1.2918974451         4.1951383490        -1.2027556953
        2.1055121000         2.1800000000         1.2816881377         4.1798270842        -1.4687049922
        2.1105401000         2.1800000000         1.2918974451         4.1823789617        -1.2027556953
        2.1155534000         2.1800000000         1.2893451183         4.1798270842        -1.2692430195
        2.1204662000         2.1800000000         1.2918974451         4.1670676969        -1.2027556953
        2.1255688000         2.1800000000         1.2842404646         4.1594120646        -1.4022176679
        2.1305953000         2.1800000000         1.2867927914         4.1568601871        -1.3357303437
        2.1356149000         2.1800000000         1.3123160600         4.1568601871        -0.6708571014
        2.1405731000         2.1800000000         1.2893451183         4.1492045547        -1.2692430195
        2.1456037000         2.1800000000         1.2867927914         4.1466526773        -1.3357303437
        2.1506138000         2.1800000000         1.2842404646         4.1338932900        -1.4022176679
        2.1554761000         2.1800000000         1.2893451183         4.1338932900        -1.2692430195
        2.1604670000         2.1800000000         1.2816881377         4.1160301478        -1.4687049922
        2.1654724000         2.1800000000         1.2816881377         4.1134782703        -1.4687049922
        2.1706061000         2.1800000000         1.2842404646         4.1160301478        -1.4022176679
        2.1755152000         2.1800000000         1.2918974451         4.1109263928        -1.2027556953
        2.1805913000         2.1800000000         1.2918974451         4.1058226379        -1.2027556953
        2.1855420000         2.1800000000         1.2918974451         4.0956151281        -1.2027556953
        2.1905605000         2.1800000000         1.2816881377         4.0905113732        -1.4687049922
        2.1955607000         2.1800000000         1.2944497720         4.0930632506        -1.1362683710
        2.2006081000         2.1800000000         1.2867927914         4.0854076183        -1.3357303437
        2.2056193000         2.1800000000         1.2740311571         4.0752001084        -1.6681669648
        2.2106406000         2.1800000000         1.2867927914         4.0752001084        -1.3357303437
        2.2157015000         2.1800000000         1.2689265034         4.0547850888        -1.8011416133
        2.2204923000         2.1800000000         1.2740311571         4.0496813338        -1.6681669648
        2.2257508000         2.1800000000         1.2765834840         4.0522332113        -1.6016796406
        2.2306469000         2.1800000000         1.2816881377         4.0496813338        -1.4687049922
        2.2355978000         2.1800000000         1.2714788303         4.0318181916        -1.7346542891
        2.2406258000         2.1800000000         1.2714788303         4.0241625592        -1.7346542891
        2.2455664000         2.1800000000         1.2740311571         4.0241625592        -1.6681669648
        2.2505792000         2.1800000000         1.2791358108         4.0165069269        -1.5351923164
        2.2555202000         2.1800000000         1.2816881377         4.0139550494        -1.4687049922
        2.2606670000         2.1800000000         1.2765834840         4.0062994170        -1.6016796406
        2.2655024000         2.1800000000         1.2816881377         3.9960919072        -1.4687049922
        2.2704486000         2.1800000000         1.2765834840         3.9960919072        -1.6016796406
        2.2757507000         2.1800000000         1.2765834840         3.9909881523        -1.6016796406
        2.2805555000         2.1800000000         1.2842404646         3.9858843974        -1.4022176679
        2.2855061000         2.1800000000         1.2842404646         3.9807806424        -1.4022176679
        2.2904671000         2.1800000000         1.2816881377         3.9731250101        -1.4687049922
        2.2954682000         2.1800000000         1.2816881377         3.9629175002        -1.4687049922
        2.3004682000         2.1800000000         1.2765834840         3.9552618679        -1.6016796406
        2.3054552000         2.1800000000         1.2714788303         3.9450543580        -1.7346542891
        2.3105304000         2.1800000000         1.2740311571         3.9450543580        -1.6681669648
        2.3155597000         2.1800000000         1.2765834840         3.9373987256        -1.6016796406
        2.3204559000         2.1800000000         1.2740311571         3.9322949707        -1.6681669648
        2.3255127000         2.1800000000         1.2816881377         3.9271912158        -1.4687049922
        2.3305947000         2.1800000000         1.2740311571         3.9144318285        -1.6681669648
        2.3355918000         2.1800000000         1.2714788303         3.9067761961        -1.7346542891
        2.3406666000         2.1800000000         1.2765834840         3.9093280736        -1.6016796406
        2.3455594000         2.1800000000         1.2791358108         3.9016724412        -1.5351923164
        2.3506737000         2.1800000000         1.2893451183         3.8940168088        -1.2692430195
        2.3555826000         2.1800000000         1.2842404646         3.8965686863        -1.4022176679
        2.3605270000         2.1800000000         1.2867927914         3.8863611765        -1.3357303437
        2.3655990000         2.1800000000         1.2765834840         3.8761536666        -1.6016796406
        2.3705422000         2.1800000000         1.2765834840         3.8736017892        -1.6016796406
        2.3755841000         2.1800000000         1.2740311571         3.8736017892        -1.6681669648
        2.3805714000         2.1800000000         1.2791358108         3.8557386469        -1.5351923164
        2.3855462000         2.1800000000         1.2791358108         3.8582905244        -1.5351923164
        2.3914727000         2.1800000000         1.2970020988         3.8531867695        -1.0697810468
        2.3955521000         2.1800000000         1.2740311571         3.8404273822        -1.6681669648
        2.4006059000         2.1800000000         1.2714788303         3.8327717498        -1.7346542891
        2.4056274000         2.1800000000         1.2765834840         3.8276679949        -1.6016796406
        2.4106081000         2.1800000000         1.2740311571         3.8200123625        -1.6681669648
        2.4156274000         2.1800000000         1.2944497720         3.8200123625        -1.1362683710
        2.4205918000         2.1800000000         1.2740311571         3.8123567301        -1.6681669648
        2.4256671000         2.1800000000         1.2765834840         3.8021492203        -1.6016796406
        2.4306274000         2.1800000000         1.2816881377         3.8021492203        -1.4687049922
        2.4355676000         2.1800000000         1.2791358108         3.7893898330        -1.5351923164
        2.4405967000         2.1800000000         1.2765834840         3.7868379556        -1.6016796406
        2.4456407000         2.1800000000         1.2765834840         3.7766304457        -1.6016796406
        2.4505677000         2.1800000000         1.2740311571         3.7715266908        -1.6681669648
        2.4556579000         2.1800000000         1.2740311571         3.7664229359        -1.6681669648
        2.4605440000         2.1800000000         1.2663741766         3.7536635486        -1.8676289375
        2.4656704000         2.1800000000         1.2765834840         3.7536635486        -1.6016796406
        2.4705336000         2.1800000000         1.2689265034         3.7460079162        -1.8011416133
        2.4756680000         2.1800000000         1.2842404646         3.7485597937        -1.4022176679
        2.4805852000         2.1800000000         1.2791358108         3.7383522838        -1.5351923164
        2.4856620000         2.1800000000         1.2765834840         3.7281447740        -1.6016796406
        2.4905407000         2.1800000000         1.2791358108         3.7204891416        -1.5351923164
        2.4956227000         2.1800000000         1.2740311571         3.7153853867        -1.6681669648
        2.5005701000         2.1800000000         1.2791358108         3.7102816318        -1.5351923164
        2.5055927000         2.1800000000         1.2714788303         3.6924184896        -1.7346542891
        2.5106539000         2.1800000000         1.2765834840         3.6975222445        -1.6016796406
        2.5156799000         2.1800000000         1.2816881377         3.6949703670        -1.4687049922
        2.5204541000         2.1800000000         1.2740311571         3.6822109797        -1.6681669648
        2.5256148000         2.1800000000         1.2740311571         3.6822109797        -1.6681669648
        2.5305722000         2.1800000000         1.2893451183         3.6720034699        -1.2692430195
        2.5356699000         2.1800000000         1.2740311571         3.6592440826        -1.6681669648
        2.5406039000         2.1800000000         1.2740311571         3.6592440826        -1.6681669648
        2.5455887000         2.1800000000         1.2842404646         3.6541403277        -1.4022176679
        2.5505937000         2.1800000000         1.2842404646         3.6464846953        -1.4022176679
        2.5556070000         2.1800000000         1.2765834840         3.6362771855        -1.6016796406
        2.5605147000         2.1800000000         1.2918974451         3.6311734306        -1.2027556953
        2.5655628000         2.1800000000         1.2765834840         3.6311734306        -1.6016796406
        2.5704676000         2.1800000000         1.2842404646         3.6311734306        -1.4022176679
        2.5756005000         2.1800000000         1.2740311571         3.6158621658        -1.6681669648
        2.5805498000         2.1800000000         1.2791358108         3.6133102883        -1.5351923164
        2.5855640000         2.1800000000         1.2791358108         3.6082065334        -1.5351923164
        2.5905243000         2.1800000000         1.2816881377         3.6005509010        -1.4687049922
        2.5954625000         2.1800000000         1.2689265034         3.5928952687        -1.8011416133
        2.6004930000         2.1800000000         1.2740311571         3.5852396363        -1.6681669648
        2.6055820000         2.1800000000         1.2714788303         3.5775840039        -1.7346542891
        2.6107543000         2.1800000000         1.2714788303         3.5750321265        -1.7346542891
        2.6156586000         2.1800000000         1.2765834840         3.5699283715        -1.6016796406
        2.6205526000         2.1800000000         1.2816881377         3.5750321265        -1.4687049922
        2.6256854000         2.1800000000         1.2791358108         3.5673764941        -1.5351923164
        2.6306498000         2.1800000000         1.2816881377         3.5571689842        -1.4687049922
        2.6356781000         2.1800000000         1.2867927914         3.5546171068        -1.3357303437
        2.6406513000         2.1800000000         1.2842404646         3.5520652293        -1.4022176679
        2.6456097000         2.1800000000         1.2791358108         3.5367539646        -1.5351923164
        2.6505816000         2.1800000000         1.2740311571         3.5316502097        -1.6681669648
        2.6555678000         2.1800000000         1.2816881377         3.5239945773        -1.4687049922
        2.6606643000         2.1800000000         1.2842404646         3.5265464547        -1.4022176679
        2.6655597000         2.1800000000         1.2740311571         3.5214426998        -1.6681669648
        2.6704727000         2.1800000000         1.2740311571         3.5112351900        -1.6681669648
        2.6756215000         2.1800000000         1.2740311571         3.4959239252        -1.6681669648
        2.6805512000         2.1800000000         1.2867927914         3.4984758027        -1.3357303437
        2.6857070000         2.1800000000         1.2842404646         3.4882682929        -1.4022176679
        2.6906331000         2.1800000000         1.2740311571         3.4780607830        -1.6681669648
        2.6955342000         2.1800000000         1.2689265034         3.4704051506        -1.8011416133
        2.7004821000         2.1800000000         1.2740311571         3.4678532732        -1.6681669648
        2.7054779000         2.1800000000         1.2842404646         3.4653013957        -1.4022176679
        2.7105596000         2.1800000000         1.2740311571         3.4627495183        -1.6681669648
        2.7156648000         2.1800000000         1.2791358108         3.4550938859        -1.5351923164
        2.7205020000         2.1800000000         1.2765834840         3.4474382535        -1.6016796406
        2.7255928000         2.1800000000         1.2842404646         3.4423344986        -1.4022176679
        2.7306728000         2.1800000000         1.2791358108         3.4346788662        -1.5351923164
        2.7355790000         2.1800000000         1.2816881377         3.4321269888        -1.4687049922
        2.7405345000         2.1800000000         1.2765834840         3.4244713564        -1.6016796406
        2.7456299000         2.1800000000         1.2791358108         3.4193676015        -1.5351923164
        2.7506096000         2.1800000000         1.2816881377         3.4142638465        -1.4687049922
        2.7555558000         2.1800000000         1.2867927914         3.4117119691        -1.3357303437
        2.7605320000         2.1800000000         1.2816881377         3.4015044592        -1.4687049922
        2.7656573000         2.1800000000         1.2816881377         3.3989525818        -1.4687049922
        2.7705651000         2.1800000000         1.2714788303         3.3836413170        -1.7346542891
        2.7756107000         2.1800000000         1.2918974451         3.3964007043        -1.2027556953
        2.7805243000         2.1800000000         1.2842404646         3.3836413170        -1.4022176679
        2.7856563000         2.1800000000         1.2842404646         3.3734338072        -1.4022176679
        2.7906603000         2.1800000000         1.2842404646         3.3683300523        -1.4022176679
        2.7956175000         2.1800000000         1.2893451183         3.3683300523        -1.2692430195
        2.8005137000         2.1800000000         1.2816881377         3.3555706650        -1.4687049922
        2.8057227000         2.1800000000         1.2816881377         3.3504669101        -1.4687049922
        2.8106615000         2.1800000000         1.2816881377         3.3479150326        -1.4687049922
        2.8156296000         2.1800000000         1.2816881377         3.3402594002        -1.4687049922
        2.8205029000         2.1800000000         1.2816881377         3.3326037679        -1.4687049922
        2.8254784000         2.1800000000         1.2842404646         3.3326037679        -1.4022176679
        2.8306572000         2.1800000000         1.2791358108         3.3249481355        -1.5351923164
        2.8356835000         2.1800000000         1.2842404646         3.3198443806        -1.4022176679
        2.8406589000         2.1800000000         1.2816881377         3.3121887482        -1.4687049922
        2.8457140000         2.1800000000         1.2740311571         3.2994293609        -1.6681669648
        2.8505528000         2.1800000000         1.2714788303         3.2968774834        -1.7346542891
        2.8556135000         2.1800000000         1.2740311571         3.2866699736        -1.6681669648
        2.8605822000         2.1800000000         1.2816881377         3.2892218510        -1.4687049922
        2.8655905000         2.1800000000         1.2816881377         3.2841180961        -1.4687049922
        2.8705045000         2.1800000000         1.2714788303         3.2739105863        -1.7346542891
        2.8756367000         2.1800000000         1.2791358108         3.2713587088        -1.5351923164
        2.8805954000         2.1800000000         1.2867927914         3.2611511990        -1.3357303437
        2.8856171000         2.1800000000         1.2791358108         3.2611511990        -1.5351923164
        2.8906635000         2.1800000000         1.2842404646         3.2611511990        -1.4022176679
        2.8956616000         2.1800000000         1.2842404646         3.2560474441        -1.4022176679
        2.9006737000         2.1800000000         1.2791358108         3.2432880568        -1.5351923164
        2.9055700000         2.1800000000         1.2867927914         3.2432880568        -1.3357303437
        2.9106524000         2.1800000000         1.2740311571         3.2330805470        -1.6681669648
        2.9156640000         2.1800000000         1.2842404646         3.2254249146        -1.4022176679
        2.9205091000         2.1800000000         1.2816881377         3.2203211597        -1.4687049922
        2.9256618000         2.1800000000         1.2842404646         3.2228730371        -1.4022176679
        2.9305407000         2.1800000000         1.2842404646         3.2075617724        -1.4022176679
        2.9355120000         2.1800000000         1.2944497720         3.2101136498        -1.1362683710
        2.9405475000         2.1800000000         1.2918974451         3.2050098949        -1.2027556953
        2.9455981000         2.1800000000         1.2893451183         3.1948023851        -1.2692430195
        2.9505889000         2.1800000000         1.2893451183         3.1896986301        -1.2692430195
        2.9556101000         2.1800000000         1.3021067526         3.1769392429        -0.9368063984
        2.9605649000         2.1800000000         1.2893451183         3.1769392429        -1.2692430195
        2.9655141000         2.1800000000         1.2944497720         3.1794911203        -1.1362683710
        2.9704885000         2.1800000000         1.2842404646         3.1692836105        -1.4022176679
        2.9754556000         2.1800000000         1.2867927914         3.1616279781        -1.3357303437
        2.9806657000         2.1800000000         1.2842404646         3.1590761006        -1.4022176679
        2.9855434000         2.1800000000         1.2714788303         3.1488685908        -1.7346542891
        2.9905801000         2.1800000000         1.2867927914         3.1539723457        -1.3357303437
        2.9955931000         2.1800000000         1.2791358108         3.1412129584        -1.5351923164
        3.0005444000         2.1800000000         1.2791358108         3.1310054486        -1.5351923164
        3.0056733000         2.1800000000         1.2816881377         3.1284535711        -1.4687049922
        3.0105411000         2.1800000000         1.2816881377         3.1259016937        -1.4687049922
        3.0154648000         2.1800000000         1.2867927914         3.1207979388        -1.3357303437
        3.0205576000         2.1800000000         1.2842404646         3.1156941838        -1.4022176679
        3.0256173000         2.1800000000         1.2944497720         3.1156941838        -1.1362683710
        3.0305807000         2.1800000000         1.2842404646         3.1003829191        -1.4022176679
        3.0355976000         2.1800000000         1.2816881377         3.0952791642        -1.4687049922
        3.0406159000         2.1800000000         1.2893451183         3.0952791642        -1.2692430195
        3.0456862000         2.1800000000         1.2867927914         3.0876235318        -1.3357303437
        3.0505719000         2.1800000000         1.2944497720         3.0927272867        -1.1362683710
        3.0555959000         2.1800000000         1.2816881377         3.0748641445        -1.4687049922
        3.0605468000         2.1800000000         1.2842404646         3.0748641445        -1.4022176679
        3.0655382000         2.1800000000         1.2842404646         3.0774160220        -1.4022176679
        3.0704947000         2.1800000000         1.2893451183         3.0748641445        -1.2692430195
        3.0756387000         2.1800000000         1.2867927914         3.0570010023        -1.3357303437
        3.0806697000         2.1800000000         1.2842404646         3.0570010023        -1.4022176679
        3.0856481000         2.1800000000         1.2944497720         3.0544491248        -1.1362683710
        3.0905283000         2.1800000000         1.2867927914         3.0518972474        -1.3357303437
        3.0955600000         2.1800000000         1.2893451183         3.0442416150        -1.2692430195
        3.1005983000         2.1800000000         1.2816881377         3.0314822277        -1.4687049922
        3.1055796000         2.1800000000         1.2791358108         3.0263784728        -1.5351923164
        3.1105306000         2.1800000000         1.2816881377         3.0187228404        -1.4687049922
        3.1155197000         2.1800000000         1.2765834840         3.0161709629        -1.6016796406
        3.1206468000         2.1800000000         1.2970020988         3.0110672080        -1.0697810468
        3.1256004000         2.1800000000         1.2791358108         3.0059634531        -1.5351923164
        3.1305223000         2.1800000000         1.2740311571         2.9932040658        -1.6681669648
        3.1355963000         2.1800000000         1.2740311571         2.9881003109        -1.6681669648
        3.1405941000         2.1800000000         1.2791358108         2.9881003109        -1.5351923164
        3.1456071000         2.1800000000         1.2765834840         2.9804446785        -1.6016796406
        3.1506905000         2.1800000000         1.2740311571         2.9702371687        -1.6681669648
        3.1555767000         2.1800000000         1.2689265034         2.9600296588        -1.8011416133
        3.1604766000         2.1800000000         1.2740311571         2.9600296588        -1.6681669648
        3.1654538000         2.1800000000         1.2816881377         2.9549259039        -1.4687049922
        3.1704755000         2.1800000000         1.2816881377         2.9498221490        -1.4687049922
        3.1754616000         2.1800000000         1.2638218497         2.9396146392        -1.9341162618
        3.1804755000         2.1800000000         1.2791358108         2.9345108842        -1.5351923164
        3.1855032000         2.1800000000         1.2765834840         2.9319590068        -1.6016796406
        3.1904668000         2.1800000000         1.2765834840         2.9243033744        -1.6016796406
        3.1955365000         2.1800000000         1.2816881377         2.9243033744        -1.4687049922
        3.2008372000         2.1800000000         1.2765834840         2.9115439871        -1.6016796406
        3.2054808000         2.1800000000         1.2791358108         2.9064402322        -1.5351923164
        3.2104955000         2.1800000000         1.2791358108         2.9013364773        -1.5351923164
        3.2156329000         2.1800000000         1.2842404646         2.8936808449        -1.4022176679
        3.2207999000         2.1800000000         1.2816881377         2.8860252125        -1.4687049922
        3.2254998000         2.1800000000         1.2765834840         2.8809214576        -1.6016796406
        3.2305039000         2.1800000000         1.2842404646         2.8783695801        -1.4022176679
        3.2355925000         2.1800000000         1.2816881377         2.8758177027        -1.4687049922
        3.2405779000         2.1800000000         1.2816881377         2.8707139478        -1.4687049922
        3.2457407000         2.1800000000         1.2816881377         2.8630583154        -1.4687049922
        3.2506046000         2.1800000000         1.2867927914         2.8554026830        -1.3357303437
        3.2556377000         2.1800000000         1.2791358108         2.8426432957        -1.5351923164
        3.2606077000         2.1800000000         1.2867927914         2.8477470506        -1.3357303437
        3.2656631000         2.1800000000         1.2842404646         2.8400914183        -1.4022176679
        3.2705441000         2.1800000000         1.2791358108         2.8273320310        -1.5351923164
        3.2755957000         2.1800000000         1.2791358108         2.8222282761        -1.5351923164
        3.2805915000         2.1800000000         1.2765834840         2.8094688888        -1.6016796406
        3.2855966000         2.1800000000         1.2842404646         2.8120207662        -1.4022176679
        3.2905436000         2.1800000000         1.2816881377         2.8069170113        -1.4687049922
        3.2956102000         2.1800000000         1.2816881377         2.7941576240        -1.4687049922
        3.3005700000         2.1800000000         1.2638218497         2.7865019916        -1.9341162618
        3.3055153000         2.1800000000         1.2791358108         2.7813982367        -1.5351923164
        3.3105597000         2.1800000000         1.2791358108         2.7762944818        -1.5351923164
        3.3156081000         2.1800000000         1.2765834840         2.7788463592        -1.6016796406
        3.3205871000         2.1800000000         1.2740311571         2.7635350945        -1.6681669648
        3.3256078000         2.1800000000         1.2791358108         2.7635350945        -1.5351923164
        3.3306327000         2.1800000000         1.2765834840         2.7558794621        -1.6016796406
        3.3355906000         2.1800000000         1.2816881377         2.7507757072        -1.4687049922
        3.3406826000         2.1800000000         1.2816881377         2.7482238297        -1.4687049922
        3.3456827000         2.1800000000         1.2791358108         2.7482238297        -1.5351923164
        3.3506805000         2.1800000000         1.2765834840         2.7278088101        -1.6016796406
        3.3556072000         2.1800000000         1.2842404646         2.7278088101        -1.4022176679
        3.3605840000         2.1800000000         1.2791358108         2.7252569326        -1.5351923164
        3.3655896000         2.1800000000         1.2867927914         2.7252569326        -1.3357303437
        3.3705282000         2.1800000000         1.2791358108         2.7048419129        -1.5351923164
        3.3755732000         2.1800000000         1.2791358108         2.7073937904        -1.5351923164
        3.3804751000         2.1800000000         1.2893451183         2.7048419129        -1.2692430195
        3.3856500000         2.1800000000         1.2740311571         2.6895306482        -1.6681669648
        3.3906552000         2.1800000000         1.2842404646         2.6895306482        -1.4022176679
        3.3955800000         2.1800000000         1.2867927914         2.6920825256        -1.3357303437
        3.4006709000         2.1800000000         1.2765834840         2.6793231383        -1.6016796406
        3.4055804000         2.1800000000         1.2842404646         2.6793231383        -1.4022176679
        3.4106572000         2.1800000000         1.2765834840         2.6614599961        -1.6016796406
        3.4155448000         2.1800000000         1.2867927914         2.6691156285        -1.3357303437
        3.4205922000         2.1800000000         1.2918974451         2.6614599961        -1.2027556953
        3.4255283000         2.1800000000         1.2791358108         2.6487006088        -1.5351923164
        3.4304876000         2.1800000000         1.2893451183         2.6512524863        -1.2692430195
        3.4357465000         2.1800000000         1.2867927914         2.6487006088        -1.3357303437
        3.4406445000         2.1800000000         1.2791358108         2.6333893441        -1.5351923164
        3.4456208000         2.1800000000         1.2816881377         2.6282855892        -1.4687049922
        3.4505928000         2.1800000000         1.2918974451         2.6282855892        -1.2027556953
        3.4556024000         2.1800000000         1.2816881377         2.6180780793        -1.4687049922
        3.4606213000         2.1800000000         1.2765834840         2.6053186920        -1.6016796406
        3.4659883000         2.1800000000         1.2791358108         2.6053186920        -1.5351923164
        3.4706057000         2.1800000000         1.2893451183         2.6078705695        -1.2692430195
        3.4754842000         2.1800000000         1.2816881377         2.5951111822        -1.4687049922
        3.4805904000         2.1800000000         1.2791358108         2.5900074273        -1.5351923164
        3.4855326000         2.1800000000         1.2816881377         2.5823517949        -1.4687049922
        3.4905970000         2.1800000000         1.3021067526         2.5772480400        -0.9368063984
        3.4956142000         2.1800000000         1.2842404646         2.5721442851        -1.4022176679
        3.5006532000         2.1800000000         1.2791358108         2.5619367752        -1.5351923164
        3.5056786000         2.1800000000         1.2893451183         2.5670405302        -1.2692430195
        3.5106052000         2.1800000000         1.2842404646         2.5568330203        -1.4022176679
        3.5156687000         2.1800000000         1.2816881377         2.5466255105        -1.4687049922
        3.5207059000         2.1800000000         1.2714788303         2.5466255105        -1.7346542891
        3.5255998000         2.1800000000         1.2842404646         2.5389698781        -1.4022176679
        3.5305607000         2.1800000000         1.2740311571         2.5262104908        -1.6681669648
        3.5356301000         2.1800000000         1.2918974451         2.5364180006        -1.2027556953
        3.5405430000         2.1800000000         1.2791358108         2.5262104908        -1.5351923164
        3.5455198000         2.1800000000         1.2867927914         2.5185548584        -1.3357303437
        3.5506139000         2.1800000000         1.2842404646         2.5134511035        -1.4022176679
        3.5554875000         2.1800000000         1.2740311571         2.5032435937        -1.6681669648
        3.5605897000         2.1800000000         1.2842404646         2.5006917162        -1.4022176679
        3.5655359000         2.1800000000         1.2765834840         2.4879323289        -1.6016796406
        3.5704719000         2.1800000000         1.2816881377         2.4904842064        -1.4687049922
        3.5755360000         2.1800000000         1.2816881377         2.4828285740        -1.4687049922
        3.5805554000         2.1800000000         1.2893451183         2.4853804515        -1.2692430195
        3.5855111000         2.1800000000         1.2970020988         2.4802766965        -1.0697810468
        3.5905197000         2.1800000000         1.2867927914         2.4700691867        -1.3357303437
        3.5954551000         2.1800000000         1.3046590794         2.4726210642        -0.8703190741
        3.6005952000         2.1800000000         1.2842404646         2.4522060445        -1.4022176679
        3.6055233000         2.1800000000         1.2918974451         2.4547579220        -1.2027556953
        3.6104353000         2.1800000000         1.2893451183         2.4522060445        -1.2692430195
        3.6155847000         2.1800000000         1.2842404646         2.4394466572        -1.4022176679
        3.6205444000         2.1800000000         1.2893451183         2.4445504121        -1.2692430195
        3.6256831000         2.1800000000         1.2970020988         2.4368947797        -1.0697810468
        3.6305901000         2.1800000000         1.2893451183         2.4394466572        -1.2692430195
        3.6356075000         2.1800000000         1.3072114063         2.4292391474        -0.8038317499
        3.6405545000         2.1800000000         1.2842404646         2.4190316375        -1.4022176679
        3.6455066000         2.1800000000         1.2944497720         2.4190316375        -1.1362683710
        3.6506172000         2.1800000000         1.2970020988         2.4139278826        -1.0697810468
        3.6556041000         2.1800000000         1.2918974451         2.4113760052        -1.2027556953
        3.6607453000         2.1800000000         1.3046590794         2.4113760052        -0.8703190741
        3.6656684000         2.1800000000         1.3046590794         2.4113760052        -0.8703190741
        3.6707212000         2.1800000000         1.2970020988         2.4037203728        -1.0697810468
        3.6756461000         2.1800000000         1.2893451183         2.3884091080        -1.2692430195
        3.6805983000         2.1800000000         1.2918974451         2.3858572306        -1.2027556953
        3.6855941000         2.1800000000         1.2867927914         2.3807534756        -1.3357303437
        3.6907567000         2.1800000000         1.2867927914         2.3730978433        -1.3357303437
        3.6957202000         2.1800000000         1.2842404646         2.3705459658        -1.4022176679
        3.7006581000         2.1800000000         1.2944497720         2.3756497207        -1.1362683710
        3.7055673000         2.1800000000         1.2893451183         2.3628903334        -1.2692430195
        3.7105751000         2.1800000000         1.2995544257         2.3679940883        -1.0032937226
        3.7155931000         2.1800000000         1.2944497720         2.3552347011        -1.1362683710
        3.7206788000         2.1800000000         1.2893451183         2.3501309461        -1.2692430195
        3.7256304000         2.1800000000         1.3021067526         2.3603384560        -0.9368063984
        3.7305372000         2.1800000000         1.3046590794         2.3526828236        -0.8703190741
        3.7356319000         2.1800000000         1.2893451183         2.3399234363        -1.2692430195
        3.7405574000         2.1800000000         1.3021067526         2.3475790687        -0.9368063984
        3.7455952000         2.1800000000         1.2944497720         2.3373715588        -1.1362683710
        3.7506091000         2.1800000000         1.2944497720         2.3322678039        -1.1362683710
        3.7555922000         2.1800000000         1.2893451183         2.3220602941        -1.2692430195
        3.7606028000         2.1800000000         1.3046590794         2.3271640490        -0.8703190741
        3.7656132000         2.1800000000         1.2918974451         2.3169565392        -1.2027556953
        3.7705279000         2.1800000000         1.2893451183         2.3067490293        -1.2692430195
        3.7755560000         2.1800000000         1.2918974451         2.3093009068        -1.2027556953
        3.7805275000         2.1800000000         1.2944497720         2.3016452744        -1.1362683710
        3.7855697000         2.1800000000         1.2970020988         2.2990933970        -1.0697810468
        3.7905724000         2.1800000000         1.3123160600         2.2888858871        -0.6708571014
        3.7955551000         2.1800000000         1.2995544257         2.2965415195        -1.0032937226
        3.8005177000         2.1800000000         1.2893451183         2.2888858871        -1.2692430195
        3.8055540000         2.1800000000         1.2893451183         2.2761264998        -1.2692430195
        3.8105260000         2.1800000000         1.2944497720         2.2837821322        -1.1362683710
        3.8156066000         2.1800000000         1.2867927914         2.2684708674        -1.3357303437
        3.8206022000         2.1800000000         1.2944497720         2.2608152351        -1.1362683710
        3.8255735000         2.1800000000         1.2944497720         2.2633671125        -1.1362683710
        3.8306005000         2.1800000000         1.2944497720         2.2608152351        -1.1362683710
        3.8356087000         2.1800000000         1.2893451183         2.2506077252        -1.2692430195
        3.8405929000         2.1800000000         1.2970020988         2.2506077252        -1.0697810468
        3.8455149000         2.1800000000         1.2893451183         2.2506077252        -1.2692430195
        3.8504848000         2.1800000000         1.2970020988         2.2429520929        -1.0697810468
        3.8555911000         2.1800000000         1.3021067526         2.2455039703        -0.9368063984
        3.8607169000         2.1800000000         1.2944497720         2.2327445830        -1.1362683710
        3.8656486000         2.1800000000         1.2918974451         2.2301927056        -1.2027556953
        3.8706235000         2.1800000000         1.2867927914         2.2199851957        -1.3357303437
        3.8755158000         2.1800000000         1.2842404646         2.2148814408        -1.4022176679
        3.8805875000         2.1800000000         1.2893451183         2.2097776859        -1.2692430195
        3.8856088000         2.1800000000         1.2918974451         2.2123295633        -1.2027556953
        3.8905842000         2.1800000000         1.2944497720         2.2097776859        -1.1362683710
        3.8956133000         2.1800000000         1.3021067526         2.2072258084        -0.9368063984
        3.9005782000         2.1800000000         1.3072114063         2.2046739310        -0.8038317499
        3.9055344000         2.1800000000         1.3072114063         2.2021220535        -0.8038317499
        3.9105336000         2.1800000000         1.2944497720         2.1868107888        -1.1362683710
        3.9155411000         2.1800000000         1.3097637331         2.1919145437        -0.7373444257
        3.9205865000         2.1800000000         1.3021067526         2.1842589113        -0.9368063984
        3.9256357000         2.1800000000         1.3072114063         2.1893626662        -0.8038317499
        3.9305457000         2.1800000000         1.3097637331         2.1868107888        -0.7373444257
        3.9356361000         2.1800000000         1.3046590794         2.1791551564        -0.8703190741
        3.9405810000         2.1800000000         1.3021067526         2.1689476465        -0.9368063984
        3.9456065000         2.1800000000         1.3021067526         2.1766032789        -0.9368063984
        3.9505735000         2.1800000000         1.2918974451         2.1561882593        -1.2027556953
        3.9555473000         2.1800000000         1.2944497720         2.1587401367        -1.1362683710
        3.9605870000         2.1800000000         1.2867927914         2.1485326269        -1.3357303437
        3.9655367000         2.1800000000         1.2918974451         2.1434288720        -1.2027556953
        3.9705060000         2.1800000000         1.2970020988         2.1459807494        -1.0697810468
        3.9754874000         2.1800000000         1.2995544257         2.1485326269        -1.0032937226
        3.9805657000         2.1800000000         1.2970020988         2.1383251170        -1.0697810468
        3.9856758000         2.1800000000         1.2893451183         2.1281176072        -1.2692430195
        3.9905530000         2.1800000000         1.3021067526         2.1281176072        -0.9368063984
        3.9955557000         2.1800000000         1.2944497720         2.1204619748        -1.1362683710
        4.0005614000         2.1800000000         1.3021067526         2.1281176072        -0.9368063984
