% Sweep Step 84/200  Vcmd=2.0800V  CCW 
% Vg_offset=1.338069V  K_gimbal=26.049690

Time[s]              Vcmd[V]              Vg_raw[V]            Pot[V]             Omega[rad/s]
        0.0055116000         2.0800000000         1.3378393285         3.0008596982        -0.0059838592
        0.0061646000         2.0800000000         1.3454963091         3.0085153306         0.1934781135
        0.0105373000         2.0800000000         1.3352870017         2.9983078207        -0.0724711834
        0.0156562000         2.0800000000         1.3352870017         2.9957559433        -0.0724711834
        0.0205844000         2.0800000000         1.3378393285         3.0008596982        -0.0059838592
        0.0255762000         2.0800000000         1.3429439823         3.0059634531         0.1269907893
        0.0305943000         2.0800000000         1.3429439823         3.0085153306         0.1269907893
        0.0356427000         2.0800000000         1.2918974451         2.9983078207        -1.2027556953
        0.0405931000         2.0800000000         1.2434032349         2.9957559433        -2.4660148556
        0.0456668000         2.0800000000         1.2842404646         2.9727890461        -1.4022176679
        0.0505715000         2.0800000000         1.2510602154         2.9753409236        -2.2665528829
        0.0555487000         2.0800000000         1.2714788303         2.9702371687        -1.7346542891
        0.0607450000         2.0800000000         1.2638218497         2.9625815363        -1.9341162618
        0.0655547000         2.0800000000         1.2587171960         2.9523740265        -2.0670909102
        0.0706667000         2.0800000000         1.2510602154         2.9396146392        -2.2665528829
        0.0754924000         2.0800000000         1.2612695229         2.9294071293        -2.0006035860
        0.0805142000         2.0800000000         1.2612695229         2.9294071293        -2.0006035860
        0.0854849000         2.0800000000         1.2561648691         2.9217514970        -2.1335782344
        0.0904489000         2.0800000000         1.2663741766         2.9140958646        -1.8676289375
        0.0955114000         2.0800000000         1.2510602154         2.9140958646        -2.2665528829
        0.1005919000         2.0800000000         1.2561648691         2.8911289674        -2.1335782344
        0.1055177000         2.0800000000         1.2663741766         2.8885770900        -1.8676289375
        0.1104861000         2.0800000000         1.2561648691         2.8809214576        -2.1335782344
        0.1155255000         2.0800000000         1.2459555617         2.8656101929        -2.3995275313
        0.1205236000         2.0800000000         1.2536125423         2.8681620703        -2.2000655587
        0.1255567000         2.0800000000         1.2561648691         2.8528508056        -2.1335782344
        0.1305239000         2.0800000000         1.2561648691         2.8528508056        -2.1335782344
        0.1354889000         2.0800000000         1.2459555617         2.8349876633        -2.3995275313
        0.1404869000         2.0800000000         1.2510602154         2.8324357859        -2.2665528829
        0.1454980000         2.0800000000         1.2510602154         2.8120207662        -2.2665528829
        0.1504856000         2.0800000000         1.2536125423         2.8120207662        -2.2000655587
        0.1554885000         2.0800000000         1.2612695229         2.8069170113        -2.0006035860
        0.1605336000         2.0800000000         1.2434032349         2.7865019916        -2.4660148556
        0.1655722000         2.0800000000         1.2382985811         2.7762944818        -2.5989895040
        0.1704940000         2.0800000000         1.2408509080         2.7660869720        -2.5325021798
        0.1755112000         2.0800000000         1.2536125423         2.7635350945        -2.2000655587
        0.1804906000         2.0800000000         1.2357462543         2.7533275847        -2.6654768282
        0.1854900000         2.0800000000         1.2408509080         2.7405681974        -2.5325021798
        0.1905252000         2.0800000000         1.2408509080         2.7354644424        -2.5325021798
        0.1955213000         2.0800000000         1.2510602154         2.7252569326        -2.2665528829
        0.2005434000         2.0800000000         1.2408509080         2.7073937904        -2.5325021798
        0.2054632000         2.0800000000         1.2434032349         2.7124975453        -2.4660148556
        0.2104670000         2.0800000000         1.2408509080         2.6971862806        -2.5325021798
        0.2155531000         2.0800000000         1.2459555617         2.6869787707        -2.3995275313
        0.2205615000         2.0800000000         1.2536125423         2.6793231383        -2.2000655587
        0.2255258000         2.0800000000         1.2382985811         2.6691156285        -2.5989895040
        0.2305736000         2.0800000000         1.2510602154         2.6691156285        -2.2665528829
        0.2355200000         2.0800000000         1.2331939274         2.6435968539        -2.7319641525
        0.2405522000         2.0800000000         1.2382985811         2.6384930990        -2.5989895040
        0.2455738000         2.0800000000         1.2536125423         2.6282855892        -2.2000655587
        0.2504812000         2.0800000000         1.2459555617         2.6257337117        -2.3995275313
        0.2555198000         2.0800000000         1.2331939274         2.6027668146        -2.7319641525
        0.2605541000         2.0800000000         1.2485078886         2.5976630597        -2.3330402071
        0.2656539000         2.0800000000         1.2382985811         2.5823517949        -2.5989895040
        0.2705703000         2.0800000000         1.2306416006         2.5797999174        -2.7984514767
        0.2756070000         2.0800000000         1.2485078886         2.5772480400        -2.3330402071
        0.2805596000         2.0800000000         1.2331939274         2.5644886527        -2.7319641525
        0.2856837000         2.0800000000         1.2434032349         2.5568330203        -2.4660148556
        0.2906797000         2.0800000000         1.2434032349         2.5415217556        -2.4660148556
        0.2956976000         2.0800000000         1.2357462543         2.5287623683        -2.6654768282
        0.3006971000         2.0800000000         1.2382985811         2.5160029810        -2.5989895040
        0.3057185000         2.0800000000         1.2255369469         2.5057954711        -2.9314261252
        0.3105880000         2.0800000000         1.2331939274         2.5006917162        -2.7319641525
        0.3156917000         2.0800000000         1.2382985811         2.4904842064        -2.5989895040
        0.3206983000         2.0800000000         1.2638218497         2.4853804515        -1.9341162618
        0.3257681000         2.0800000000         1.2459555617         2.4751729416        -2.3995275313
        0.3306670000         2.0800000000         1.2459555617         2.4649654318        -2.3995275313
        0.3355864000         2.0800000000         1.2331939274         2.4445504121        -2.7319641525
        0.3405824000         2.0800000000         1.2408509080         2.4368947797        -2.5325021798
        0.3455507000         2.0800000000         1.2255369469         2.4343429023        -2.9314261252
        0.3505673000         2.0800000000         1.2255369469         2.4139278826        -2.9314261252
        0.3554504000         2.0800000000         1.2357462543         2.4011684953        -2.6654768282
        0.3604741000         2.0800000000         1.2331939274         2.3986166179        -2.7319641525
        0.3654461000         2.0800000000         1.2434032349         2.3884091080        -2.4660148556
        0.3707400000         2.0800000000         1.2331939274         2.3782015982        -2.7319641525
        0.3755705000         2.0800000000         1.2408509080         2.3628903334        -2.5325021798
        0.3805526000         2.0800000000         1.2408509080         2.3526828236        -2.5325021798
        0.3856811000         2.0800000000         1.2331939274         2.3501309461        -2.7319641525
        0.3906659000         2.0800000000         1.2791358108         2.3450271912        -1.5351923164
        0.3957288000         2.0800000000         1.2434032349         2.3297159265        -2.4660148556
        0.4005991000         2.0800000000         1.2434032349         2.3169565392        -2.4660148556
        0.4056331000         2.0800000000         1.2357462543         2.3118527843        -2.6654768282
        0.4107412000         2.0800000000         1.2408509080         2.2965415195        -2.5325021798
        0.4156209000         2.0800000000         1.2408509080         2.3016452744        -2.5325021798
        0.4205896000         2.0800000000         1.2408509080         2.2812302547        -2.5325021798
        0.4257062000         2.0800000000         1.2459555617         2.2710227449        -2.3995275313
        0.4305332000         2.0800000000         1.2357462543         2.2633671125        -2.6654768282
        0.4355075000         2.0800000000         1.2485078886         2.2582633576        -2.3330402071
        0.4405069000         2.0800000000         1.2485078886         2.2429520929        -2.3330402071
        0.4455134000         2.0800000000         1.2434032349         2.2301927056        -2.4660148556
        0.4506757000         2.0800000000         1.2408509080         2.2301927056        -2.5325021798
        0.4554742000         2.0800000000         1.2510602154         2.2148814408        -2.2665528829
        0.4605564000         2.0800000000         1.2408509080         2.2021220535        -2.5325021798
        0.4656602000         2.0800000000         1.2485078886         2.1970182986        -2.3330402071
        0.4705557000         2.0800000000         1.2434032349         2.1791551564        -2.4660148556
        0.4755408000         2.0800000000         1.2510602154         2.1817070338        -2.2665528829
        0.4805432000         2.0800000000         1.2459555617         2.1663957691        -2.3995275313
        0.4855083000         2.0800000000         1.2459555617         2.1561882593        -2.3995275313
        0.4905170000         2.0800000000         1.2331939274         2.1485326269        -2.7319641525
        0.4954736000         2.0800000000         1.2408509080         2.1408769945        -2.5325021798
        0.5005746000         2.0800000000         1.2459555617         2.1332213621        -2.3995275313
        0.5054978000         2.0800000000         1.2434032349         2.1230138523        -2.4660148556
        0.5105807000         2.0800000000         1.2536125423         2.1179100974        -2.2000655587
        0.5158174000         2.0800000000         1.2459555617         2.1000469552        -2.3995275313
        0.5205044000         2.0800000000         1.2434032349         2.0949432002        -2.4660148556
        0.5255427000         2.0800000000         1.2382985811         2.0770800580        -2.5989895040
        0.5305495000         2.0800000000         1.2510602154         2.0796319355        -2.2665528829
        0.5355048000         2.0800000000         1.2382985811         2.0592169158        -2.5989895040
        0.5405714000         2.0800000000         1.2485078886         2.0541131609        -2.3330402071
        0.5455333000         2.0800000000         1.2434032349         2.0464575285        -2.4660148556
        0.5505640000         2.0800000000         1.2434032349         2.0311462638        -2.4660148556
        0.5555817000         2.0800000000         1.2485078886         2.0260425088        -2.3330402071
        0.5605555000         2.0800000000         1.2434032349         2.0158349990        -2.4660148556
        0.5655540000         2.0800000000         1.2434032349         2.0056274892        -2.4660148556
        0.5705736000         2.0800000000         1.2536125423         2.0056274892        -2.2000655587
        0.5756630000         2.0800000000         1.2408509080         1.9826605920        -2.5325021798
        0.5806287000         2.0800000000         1.2434032349         1.9801087146        -2.4660148556
        0.5855917000         2.0800000000         1.2510602154         1.9724530822        -2.2665528829
        0.5906309000         2.0800000000         1.2510602154         1.9699012047        -2.2665528829
        0.5955088000         2.0800000000         1.2485078886         1.9545899400        -2.3330402071
        0.6005345000         2.0800000000         1.2357462543         1.9392786752        -2.6654768282
        0.6056182000         2.0800000000         1.2485078886         1.9341749203        -2.3330402071
        0.6106602000         2.0800000000         1.2510602154         1.9265192879        -2.2665528829
        0.6156719000         2.0800000000         1.2434032349         1.9137599006        -2.4660148556
        0.6206625000         2.0800000000         1.2434032349         1.9112080232        -2.4660148556
        0.6256698000         2.0800000000         1.2434032349         1.9061042683        -2.4660148556
        0.6306642000         2.0800000000         1.2434032349         1.8882411261        -2.4660148556
        0.6356205000         2.0800000000         1.2536125423         1.8933448810        -2.2000655587
        0.6405589000         2.0800000000         1.2434032349         1.8754817388        -2.4660148556
        0.6456181000         2.0800000000         1.2408509080         1.8678261064        -2.5325021798
        0.6506435000         2.0800000000         1.2536125423         1.8627223515        -2.2000655587
        0.6556624000         2.0800000000         1.2510602154         1.8550667191        -2.2665528829
        0.6606599000         2.0800000000         1.2510602154         1.8397554543        -2.2665528829
        0.6656394000         2.0800000000         1.2382985811         1.8320998220        -2.5989895040
        0.6705631000         2.0800000000         1.2510602154         1.8244441896        -2.2665528829
        0.6755894000         2.0800000000         1.2408509080         1.8091329248        -2.5325021798
        0.6804181000         2.0800000000         1.2485078886         1.8040291699        -2.3330402071
        0.6856432000         2.0800000000         1.2382985811         1.7887179052        -2.5989895040
        0.6906351000         2.0800000000         1.2459555617         1.7861660277        -2.3995275313
        0.6956305000         2.0800000000         1.2434032349         1.7708547629        -2.4660148556
        0.7005732000         2.0800000000         1.2536125423         1.7734066404        -2.2000655587
        0.7054358000         2.0800000000         1.2485078886         1.7606472531        -2.3330402071
        0.7111058000         2.0800000000         1.2536125423         1.7529916207        -2.2000655587
        0.7161707000         2.0800000000         1.2510602154         1.7427841109        -2.2665528829
        0.7204625000         2.0800000000         1.2434032349         1.7274728461        -2.4660148556
        0.7256896000         2.0800000000         1.2510602154         1.7249209687        -2.2665528829
        0.7306246000         2.0800000000         1.2434032349         1.7121615814        -2.4660148556
        0.7356234000         2.0800000000         1.2434032349         1.7019540715        -2.4660148556
        0.7405461000         2.0800000000         1.2689265034         1.6968503166        -1.8011416133
        0.7454872000         2.0800000000         1.2510602154         1.6942984392        -2.2665528829
        0.7504968000         2.0800000000         1.2485078886         1.6789871744        -2.3330402071
        0.7556122000         2.0800000000         1.2485078886         1.6764352970        -2.3330402071
        0.7606292000         2.0800000000         1.2561648691         1.6611240322        -2.1335782344
        0.7656370000         2.0800000000         1.2510602154         1.6636759097        -2.2665528829
        0.7704436000         2.0800000000         1.2587171960         1.6509165224        -2.0670909102
        0.7754828000         2.0800000000         1.2485078886         1.6381571351        -2.3330402071
        0.7807014000         2.0800000000         1.2638218497         1.6381571351        -1.9341162618
        0.7855890000         2.0800000000         1.2434032349         1.6151902379        -2.4660148556
        0.7906394000         2.0800000000         1.2510602154         1.6126383605        -2.2665528829
        0.7956540000         2.0800000000         1.2536125423         1.6049827281        -2.2000655587
        0.8006257000         2.0800000000         1.2434032349         1.5896714634        -2.4660148556
        0.8056660000         2.0800000000         1.2561648691         1.5947752183        -2.1335782344
        0.8106684000         2.0800000000         1.2434032349         1.5718083211        -2.4660148556
        0.8156346000         2.0800000000         1.2561648691         1.5718083211        -2.1335782344
        0.8206410000         2.0800000000         1.2485078886         1.5513933015        -2.3330402071
        0.8256379000         2.0800000000         1.2485078886         1.5513933015        -2.3330402071
        0.8305662000         2.0800000000         1.2459555617         1.5411857916        -2.3995275313
        0.8356889000         2.0800000000         1.2459555617         1.5284264043        -2.3995275313
        0.8406619000         2.0800000000         1.2587171960         1.5284264043        -2.0670909102
        0.8456554000         2.0800000000         1.2459555617         1.5131151396        -2.3995275313
        0.8504709000         2.0800000000         1.2561648691         1.5105632621        -2.1335782344
        0.8554441000         2.0800000000         1.2536125423         1.5080113847        -2.2000655587
        0.8605746000         2.0800000000         1.2357462543         1.4901482425        -2.6654768282
        0.8654853000         2.0800000000         1.2561648691         1.4850444875        -2.1335782344
        0.8704731000         2.0800000000         1.2561648691         1.4799407326        -2.1335782344
        0.8754774000         2.0800000000         1.2536125423         1.4697332228        -2.2000655587
        0.8804095000         2.0800000000         1.2536125423         1.4620775904        -2.2000655587
        0.8854799000         2.0800000000         1.2459555617         1.4493182031        -2.3995275313
        0.8905349000         2.0800000000         1.2510602154         1.4467663256        -2.2665528829
        0.8956321000         2.0800000000         1.2510602154         1.4365588158        -2.2665528829
        0.9006463000         2.0800000000         1.2485078886         1.4289031834        -2.3330402071
        0.9056511000         2.0800000000         1.2485078886         1.4314550609        -2.3330402071
        0.9106293000         2.0800000000         1.2459555617         1.4084881638        -2.3995275313
        0.9156167000         2.0800000000         1.2434032349         1.4033844088        -2.4660148556
        0.9206579000         2.0800000000         1.2587171960         1.4008325314        -2.0670909102
        0.9256533000         2.0800000000         1.2485078886         1.3778656343        -2.3330402071
        0.9307712000         2.0800000000         1.2485078886         1.3778656343        -2.3330402071
        0.9356437000         2.0800000000         1.2561648691         1.3727618793        -2.1335782344
        0.9407928000         2.0800000000         1.2536125423         1.3625543695        -2.2000655587
        0.9454910000         2.0800000000         1.2561648691         1.3497949822        -2.1335782344
        0.9504483000         2.0800000000         1.2434032349         1.3344837175        -2.4660148556
        0.9555139000         2.0800000000         1.2434032349         1.3293799625        -2.4660148556
        0.9605713000         2.0800000000         1.2791358108         1.3293799625        -1.5351923164
        0.9655495000         2.0800000000         1.2382985811         1.3089649429        -2.5989895040
        0.9705233000         2.0800000000         1.2536125423         1.3115168203        -2.2000655587
        0.9754588000         2.0800000000         1.2510602154         1.2987574330        -2.2665528829
        0.9806695000         2.0800000000         1.2510602154         1.2885499232        -2.2665528829
        0.9855317000         2.0800000000         1.2485078886         1.2859980457        -2.3330402071
        0.9904936000         2.0800000000         1.2510602154         1.2630311486        -2.2665528829
        0.9954434000         2.0800000000         1.2434032349         1.2579273937        -2.4660148556
        1.0005822000         2.0800000000         1.2536125423         1.2528236388        -2.2000655587
        1.0056987000         2.0800000000         1.2408509080         1.2400642515        -2.5325021798
        1.0106178000         2.0800000000         1.2434032349         1.2298567416        -2.4660148556
        1.0154907000         2.0800000000         1.2459555617         1.2298567416        -2.3995275313
        1.0204825000         2.0800000000         1.2459555617         1.2119935994        -2.3995275313
        1.0254525000         2.0800000000         1.2510602154         1.2094417220        -2.2665528829
        1.0306102000         2.0800000000         1.2434032349         1.1992342121        -2.4660148556
        1.0354641000         2.0800000000         1.2510602154         1.1915785797        -2.2665528829
        1.0405470000         2.0800000000         1.2536125423         1.1915785797        -2.2000655587
        1.0455855000         2.0800000000         1.2485078886         1.1737154375        -2.3330402071
        1.0506943000         2.0800000000         1.2434032349         1.1686116826        -2.4660148556
        1.0556295000         2.0800000000         1.2485078886         1.1584041728        -2.3330402071
        1.0606247000         2.0800000000         1.2382985811         1.1430929080        -2.5989895040
        1.0655334000         2.0800000000         1.2510602154         1.1430929080        -2.2665528829
        1.0706798000         2.0800000000         1.2510602154         1.1354372756        -2.2665528829
        1.0755488000         2.0800000000         1.2434032349         1.1201260109        -2.4660148556
        1.0806376000         2.0800000000         1.2459555617         1.1150222560        -2.3995275313
        1.0856746000         2.0800000000         1.2561648691         1.1099185011        -2.1335782344
        1.0906494000         2.0800000000         1.2510602154         1.1022628687        -2.2665528829
        1.0955820000         2.0800000000         1.2459555617         1.0869516039        -2.3995275313
        1.1006317000         2.0800000000         1.2561648691         1.0869516039        -2.1335782344
        1.1056447000         2.0800000000         1.2485078886         1.0716403392        -2.3330402071
        1.1104824000         2.0800000000         1.2536125423         1.0639847068        -2.2000655587
        1.1156034000         2.0800000000         1.2587171960         1.0614328293        -2.0670909102
        1.1206852000         2.0800000000         1.2510602154         1.0435696871        -2.2665528829
        1.1256842000         2.0800000000         1.2561648691         1.0359140547        -2.1335782344
        1.1306238000         2.0800000000         1.2587171960         1.0308102998        -2.0670909102
        1.1357472000         2.0800000000         1.2434032349         1.0206027900        -2.4660148556
        1.1404868000         2.0800000000         1.2663741766         1.0180509125        -1.8676289375
        1.1456725000         2.0800000000         1.2561648691         1.0027396478        -2.1335782344
        1.1505518000         2.0800000000         1.2459555617         0.9899802605        -2.3995275313
        1.1556493000         2.0800000000         1.2612695229         0.9899802605        -2.0006035860
        1.1605142000         2.0800000000         1.2587171960         0.9797727506        -2.0670909102
        1.1655197000         2.0800000000         1.2612695229         0.9644614859        -2.0006035860
        1.1705480000         2.0800000000         1.2561648691         0.9644614859        -2.1335782344
        1.1756229000         2.0800000000         1.2638218497         0.9568058535        -1.9341162618
        1.1804937000         2.0800000000         1.2638218497         0.9465983437        -1.9341162618
        1.1855163000         2.0800000000         1.2689265034         0.9491502211        -1.8011416133
        1.1905468000         2.0800000000         1.2663741766         0.9312870789        -1.8676289375
        1.1954474000         2.0800000000         1.2587171960         0.9261833240        -2.0670909102
        1.2007951000         2.0800000000         1.2638218497         0.9159758142        -1.9341162618
        1.2054860000         2.0800000000         1.2561648691         0.9108720593        -2.1335782344
        1.2105057000         2.0800000000         1.2638218497         0.9083201818        -1.9341162618
        1.2155116000         2.0800000000         1.2587171960         0.8955607945        -2.0670909102
        1.2207089000         2.0800000000         1.2638218497         0.8981126720        -1.9341162618
        1.2254333000         2.0800000000         1.2612695229         0.8828014072        -2.0006035860
        1.2306335000         2.0800000000         1.2638218497         0.8776976523        -1.9341162618
        1.2354922000         2.0800000000         1.2561648691         0.8674901425        -2.1335782344
        1.2405549000         2.0800000000         1.2536125423         0.8623863875        -2.2000655587
        1.2454563000         2.0800000000         1.2689265034         0.8496270002        -1.8011416133
        1.2504620000         2.0800000000         1.2459555617         0.8445232453        -2.3995275313
        1.2555195000         2.0800000000         1.2510602154         0.8292119806        -2.2665528829
        1.2605193000         2.0800000000         1.2765834840         0.8343157355        -1.6016796406
        1.2654498000         2.0800000000         1.2485078886         0.8139007158        -2.3330402071
        1.2704931000         2.0800000000         1.2485078886         0.8036932060        -2.3330402071
        1.2754453000         2.0800000000         1.2485078886         0.7960375736        -2.3330402071
        1.2804983000         2.0800000000         1.2510602154         0.7934856961        -2.2665528829
        1.2855867000         2.0800000000         1.2510602154         0.7858300638        -2.2665528829
        1.2906245000         2.0800000000         1.2485078886         0.7781744314        -2.3330402071
        1.2956070000         2.0800000000         1.2612695229         0.7730706765        -2.0006035860
        1.3006047000         2.0800000000         1.2536125423         0.7654150441        -2.2000655587
        1.3056397000         2.0800000000         1.2536125423         0.7475519019        -2.2000655587
        1.3106217000         2.0800000000         1.2510602154         0.7398962695        -2.2665528829
        1.3155613000         2.0800000000         1.2587171960         0.7322406371        -2.0670909102
        1.3206129000         2.0800000000         1.2510602154         0.7194812498        -2.2665528829
        1.3256169000         2.0800000000         1.2510602154         0.7092737400        -2.2665528829
        1.3306359000         2.0800000000         1.2382985811         0.6990662302        -2.5989895040
        1.3356657000         2.0800000000         1.2485078886         0.6965143527        -2.3330402071
        1.3406710000         2.0800000000         1.2536125423         0.6939624752        -2.2000655587
        1.3456444000         2.0800000000         1.2536125423         0.6837549654        -2.2000655587
        1.3506178000         2.0800000000         1.2459555617         0.6658918232        -2.3995275313
        1.3555892000         2.0800000000         1.2459555617         0.6607880683        -2.3995275313
        1.3605655000         2.0800000000         1.2434032349         0.6505805584        -2.4660148556
        1.3656786000         2.0800000000         1.2536125423         0.6480286810        -2.2000655587
        1.3705990000         2.0800000000         1.2459555617         0.6276136613        -2.3995275313
        1.3756058000         2.0800000000         1.2434032349         0.6225099064        -2.4660148556
        1.3806790000         2.0800000000         1.2485078886         0.6097505191        -2.3330402071
        1.3857301000         2.0800000000         1.2485078886         0.6046467642        -2.3330402071
        1.3905358000         2.0800000000         1.2408509080         0.5867836220        -2.5325021798
        1.3955036000         2.0800000000         1.2408509080         0.5791279896        -2.5325021798
        1.4004541000         2.0800000000         1.2434032349         0.5740242347        -2.4660148556
        1.4055092000         2.0800000000         1.2434032349         0.5663686023        -2.4660148556
        1.4106540000         2.0800000000         1.2382985811         0.5612648474        -2.5989895040
        1.4155662000         2.0800000000         1.2434032349         0.5485054601        -2.4660148556
        1.4205537000         2.0800000000         1.2536125423         0.5434017052        -2.2000655587
        1.4256898000         2.0800000000         1.2459555617         0.5306423179        -2.3995275313
        1.4306292000         2.0800000000         1.2408509080         0.5153310531        -2.5325021798
        1.4354245000         2.0800000000         1.2587171960         0.5127791757        -2.0670909102
        1.4406468000         2.0800000000         1.2434032349         0.4974679109        -2.4660148556
        1.4455046000         2.0800000000         1.2434032349         0.4872604011        -2.4660148556
        1.4505569000         2.0800000000         1.2306416006         0.4770528912        -2.7984514767
        1.4556454000         2.0800000000         1.2638218497         0.4693972588        -1.9341162618
        1.4605629000         2.0800000000         1.2306416006         0.4591897490        -2.7984514767
        1.4655649000         2.0800000000         1.2485078886         0.4464303617        -2.3330402071
        1.4705389000         2.0800000000         1.2382985811         0.4362228519        -2.5989895040
        1.4755409000         2.0800000000         1.2485078886         0.4336709744        -2.3330402071
        1.4806488000         2.0800000000         1.2357462543         0.4132559548        -2.6654768282
        1.4856093000         2.0800000000         1.2459555617         0.4132559548        -2.3995275313
        1.4905867000         2.0800000000         1.2408509080         0.3979446900        -2.5325021798
        1.4956498000         2.0800000000         1.2434032349         0.3953928125        -2.4660148556
        1.5005713000         2.0800000000         1.2459555617         0.3826334252        -2.3995275313
        1.5055467000         2.0800000000         1.2434032349         0.3698740379        -2.4660148556
        1.5107009000         2.0800000000         1.2382985811         0.3647702830        -2.5989895040
        1.5156264000         2.0800000000         1.2408509080         0.3418033859        -2.5325021798
        1.5206810000         2.0800000000         1.2306416006         0.3315958761        -2.7984514767
        1.5255814000         2.0800000000         1.2485078886         0.3315958761        -2.3330402071
        1.5304892000         2.0800000000         1.2331939274         0.3188364888        -2.7319641525
        1.5356019000         2.0800000000         1.2306416006         0.3009733466        -2.7984514767
        1.5405973000         2.0800000000         1.2382985811         0.3009733466        -2.5989895040
        1.5455995000         2.0800000000         1.2434032349         0.2907658367        -2.4660148556
        1.5506126000         2.0800000000         1.2331939274         0.2780064494        -2.7319641525
        1.5555805000         2.0800000000         1.2255369469         0.2575914298        -2.9314261252
        1.5606567000         2.0800000000         1.2459555617         0.2626951847        -2.3995275313
        1.5656732000         2.0800000000         1.2306416006         0.2371764101        -2.7984514767
        1.5705171000         2.0800000000         1.2306416006         0.2346245326        -2.7984514767
        1.5756732000         2.0800000000         1.2331939274         0.2269689002        -2.7319641525
        1.5805986000         2.0800000000         1.2434032349         0.2167613904        -2.4660148556
        1.5856551000         2.0800000000         1.2408509080         0.2091057580        -2.5325021798
        1.5906716000         2.0800000000         1.2357462543         0.1988982482        -2.6654768282
        1.5955747000         2.0800000000         1.2255369469         0.1733794736        -2.9314261252
        1.6006108000         2.0800000000         1.2510602154         0.1733794736        -2.2665528829
        1.6057944000         2.0800000000         1.2408509080         0.1657238412        -2.5325021798
        1.6105390000         2.0800000000         1.2357462543         0.1529644539        -2.6654768282
        1.6154880000         2.0800000000         1.2408509080         0.1402050666        -2.5325021798
        1.6205308000         2.0800000000         1.2331939274         0.1274456793        -2.7319641525
        1.6255656000         2.0800000000         1.2382985811         0.1223419244        -2.5989895040
        1.6304375000         2.0800000000         1.2306416006         0.0968231498        -2.7984514767
        1.6355682000         2.0800000000         1.2306416006         0.0917193949        -2.7984514767
        1.6406252000         2.0800000000         1.2306416006         0.0738562527        -2.7984514767
        1.6456718000         2.0800000000         1.2280892737         0.0687524978        -2.8649388009
        1.6504945000         2.0800000000         1.2357462543         0.0610968654        -2.6654768282
        1.6556358000         2.0800000000         1.2331939274         0.0559931105        -2.7319641525
        1.6605451000         2.0800000000         1.2331939274         0.0406818457        -2.7319641525
        1.6655824000         2.0800000000         1.2357462543         0.0279224584        -2.6654768282
        1.6706585000         2.0800000000         1.2229846200         0.0151630711        -2.9979134494
        1.6756596000         2.0800000000         1.2306416006         0.0126111937        -2.7984514767
        1.6804666000         2.0800000000         1.2485078886         0.0100593162        -2.3330402071
        1.6856281000         2.0800000000         1.2331939274         0.0075074388        -2.7319641525
        1.6905030000         2.0800000000         1.2408509080         0.0075074388        -2.5325021798
        1.6956188000         2.0800000000         1.2357462543         0.0024036839        -2.6654768282
        1.7006195000         2.0800000000         1.2331939274        -0.0001481936        -2.7319641525
        1.7056160000         2.0800000000         1.2178799663        -0.0052519485        -3.1308880978
        1.7107030000         2.0800000000         1.2382985811        -0.0052519485        -2.5989895040
        1.7156198000         2.0800000000         1.2229846200        -0.0001481936        -2.9979134494
        1.7206020000         2.0800000000         1.2434032349         0.0024036839        -2.4660148556
        1.7255880000         2.0800000000         1.2306416006         0.0024036839        -2.7984514767
        1.7305782000         2.0800000000         1.2382985811         0.0100593162        -2.5989895040
        1.7356218000         2.0800000000         1.2357462543         1.0920553588        -2.6654768282
        1.7406187000         2.0800000000         1.2408509080         1.1124703785        -2.5325021798
        1.7456524000         2.0800000000         1.2255369469         1.1099185011        -2.9314261252
        1.7506180000         2.0800000000         1.2331939274         1.1073666236        -2.7319641525
        1.7556180000         2.0800000000         1.2357462543         1.1073666236        -2.6654768282
        1.7604939000         2.0800000000         1.2408509080         1.1150222560        -2.5325021798
        1.7654216000         2.0800000000         1.2306416006         5.0040835035        -2.7984514767
        1.7704490000         2.0800000000         1.2357462543         5.0015316260        -2.6654768282
        1.7755256000         2.0800000000         1.2434032349         5.0040835035        -2.4660148556
        1.7804102000         2.0800000000         1.2357462543         5.0066353810        -2.6654768282
        1.7854269000         2.0800000000         1.2280892737         5.0066353810        -2.8649388009
        1.7905200000         2.0800000000         1.2459555617         5.0066353810        -2.3995275313
        1.7955032000         2.0800000000         1.2331939274         5.0066353810        -2.7319641525
        1.8004746000         2.0800000000         1.2434032349         5.0117391359        -2.4660148556
        1.8055043000         2.0800000000         1.2280892737         5.0066353810        -2.8649388009
        1.8105234000         2.0800000000         1.2382985811         5.0040835035        -2.5989895040
        1.8155516000         2.0800000000         1.2331939274         5.0066353810        -2.7319641525
        1.8204435000         2.0800000000         1.2306416006         5.0066353810        -2.7984514767
        1.8254810000         2.0800000000         1.2434032349         5.0117391359        -2.4660148556
        1.8304373000         2.0800000000         1.2204322931         4.9862203613        -3.0644007736
        1.8354002000         2.0800000000         1.2434032349         4.9887722387        -2.4660148556
        1.8404639000         2.0800000000         1.2255369469         4.9658053416        -2.9314261252
        1.8453969000         2.0800000000         1.2229846200         4.9555978318        -2.9979134494
        1.8504985000         2.0800000000         1.2280892737         4.9453903219        -2.8649388009
        1.8554319000         2.0800000000         1.2408509080         4.9402865670        -2.5325021798
        1.8605466000         2.0800000000         1.2229846200         4.9249753023        -2.9979134494
        1.8655102000         2.0800000000         1.2357462543         4.9173196699        -2.6654768282
        1.8704090000         2.0800000000         1.2204322931         4.8994565277        -3.0644007736
        1.8754356000         2.0800000000         1.2331939274         4.8943527728        -2.7319641525
        1.8804928000         2.0800000000         1.2434032349         4.8892490178        -2.4660148556
        1.8854359000         2.0800000000         1.2229846200         4.8662821207        -2.9979134494
        1.8904308000         2.0800000000         1.2306416006         4.8637302433        -2.7984514767
        1.8955027000         2.0800000000         1.2459555617         4.8586264883        -2.3995275313
        1.9004474000         2.0800000000         1.2204322931         4.8331077137        -3.0644007736
        1.9054104000         2.0800000000         1.2434032349         4.8331077137        -2.4660148556
        1.9104533000         2.0800000000         1.2331939274         4.8177964490        -2.7319641525
        1.9154470000         2.0800000000         1.2331939274         4.8126926941        -2.7319641525
        1.9204560000         2.0800000000         1.2306416006         4.7948295519        -2.7984514767
        1.9254005000         2.0800000000         1.2255369469         4.7769664097        -2.9314261252
        1.9304316000         2.0800000000         1.2280892737         4.7718626547        -2.8649388009
        1.9354324000         2.0800000000         1.2331939274         4.7591032674        -2.7319641525
        1.9404352000         2.0800000000         1.2280892737         4.7488957576        -2.8649388009
        1.9454317000         2.0800000000         1.2331939274         4.7386882478        -2.7319641525
        1.9504673000         2.0800000000         1.2434032349         4.7284807379        -2.4660148556
        1.9554397000         2.0800000000         1.2229846200         4.7157213506        -2.9979134494
        1.9604461000         2.0800000000         1.2357462543         4.7106175957        -2.6654768282
        1.9654686000         2.0800000000         1.2459555617         4.6978582084        -2.3995275313
        1.9704767000         2.0800000000         1.2051183320         4.6774431887        -3.4633247190
        1.9755390000         2.0800000000         1.2306416006         4.6697875564        -2.7984514767
        1.9804951000         2.0800000000         1.2382985811         4.6646838015        -2.5989895040
        1.9854382000         2.0800000000         1.2382985811         4.6519244142        -2.5989895040
        1.9904540000         2.0800000000         1.2229846200         4.6340612719        -2.9979134494
        1.9954448000         2.0800000000         1.2331939274         4.6264056396        -2.7319641525
        2.0004857000         2.0800000000         1.2280892737         4.6187500072        -2.8649388009
        2.0053974000         2.0800000000         1.2382985811         4.6059906199        -2.5989895040
        2.0104601000         2.0800000000         1.2204322931         4.5906793551        -3.0644007736
        2.0154457000         2.0800000000         1.2331939274         4.5906793551        -2.7319641525
        2.0204513000         2.0800000000         1.2434032349         4.5779199678        -2.4660148556
        2.0253989000         2.0800000000         1.2280892737         4.5575049482        -2.8649388009
        2.0304866000         2.0800000000         1.2331939274         4.5549530707        -2.7319641525
        2.0354931000         2.0800000000         1.2331939274         4.5370899285        -2.7319641525
        2.0405163000         2.0800000000         1.2306416006         4.5294342961        -2.7984514767
        2.0461450000         2.0800000000         1.2306416006         4.5166749088        -2.7984514767
        2.0504699000         2.0800000000         1.2280892737         4.5039155215        -2.8649388009
        2.0553999000         2.0800000000         1.2280892737         4.4962598892        -2.8649388009
        2.0604086000         2.0800000000         1.2255369469         4.4809486244        -2.9314261252
        2.0654347000         2.0800000000         1.2459555617         4.4835005019        -2.3995275313
        2.0704310000         2.0800000000         1.2178799663         4.4605336047        -3.1308880978
        2.0755601000         2.0800000000         1.2331939274         4.4477742174        -2.7319641525
        2.0804663000         2.0800000000         1.2255369469         4.4375667076        -2.9314261252
        2.0854327000         2.0800000000         1.2255369469         4.4273591978        -2.9314261252
        2.0904174000         2.0800000000         1.2408509080         4.4222554428        -2.5325021798
        2.0954023000         2.0800000000         1.2357462543         4.4120479330        -2.6654768282
        2.1003975000         2.0800000000         1.2331939274         4.4043923006        -2.7319641525
        2.1055516000         2.0800000000         1.2434032349         4.3941847908        -2.4660148556
        2.1104598000         2.0800000000         1.2331939274         4.3788735260        -2.7319641525
        2.1154847000         2.0800000000         1.2331939274         4.3737697711        -2.7319641525
        2.1203671000         2.0800000000         1.2408509080         4.3610103838        -2.5325021798
        2.1254332000         2.0800000000         1.2280892737         4.3482509965        -2.8649388009
        2.1304303000         2.0800000000         1.2255369469         4.3303878543        -2.9314261252
        2.1354346000         2.0800000000         1.2331939274         4.3227322219        -2.7319641525
        2.1403974000         2.0800000000         1.2255369469         4.3099728347        -2.9314261252
        2.1454338000         2.0800000000         1.2331939274         4.3023172023        -2.7319641525
        2.1504368000         2.0800000000         1.2306416006         4.2895578150        -2.7984514767
        2.1554041000         2.0800000000         1.2357462543         4.2870059375        -2.6654768282
        2.1603988000         2.0800000000         1.2306416006         4.2614871629        -2.7984514767
        2.1654728000         2.0800000000         1.2280892737         4.2589352855        -2.8649388009
        2.1704685000         2.0800000000         1.2331939274         4.2487277756        -2.7319641525
        2.1754592000         2.0800000000         1.2331939274         4.2359683883        -2.7319641525
        2.1804414000         2.0800000000         1.2229846200         4.2308646334        -2.9979134494
        2.1855857000         2.0800000000         1.2331939274         4.2155533687        -2.7319641525
        2.1905597000         2.0800000000         1.2306416006         4.2027939814        -2.7984514767
        2.1954948000         2.0800000000         1.2306416006         4.1976902265        -2.7984514767
        2.2004755000         2.0800000000         1.2280892737         4.1823789617        -2.8649388009
        2.2054751000         2.0800000000         1.2306416006         4.1721714519        -2.7984514767
        2.2104049000         2.0800000000         1.2280892737         4.1645158195        -2.8649388009
        2.2154331000         2.0800000000         1.2357462543         4.1543083097        -2.6654768282
        2.2204357000         2.0800000000         1.2204322931         4.1338932900        -3.0644007736
        2.2254439000         2.0800000000         1.2280892737         4.1262376576        -2.8649388009
        2.2304738000         2.0800000000         1.2255369469         4.1083745154        -2.9314261252
        2.2355425000         2.0800000000         1.2204322931         4.1032707605        -3.0644007736
        2.2405401000         2.0800000000         1.2331939274         4.0956151281        -2.7319641525
        2.2454516000         2.0800000000         1.2331939274         4.0777519859        -2.7319641525
        2.2504137000         2.0800000000         1.2280892737         4.0777519859        -2.8649388009
        2.2554778000         2.0800000000         1.2204322931         4.0547850888        -3.0644007736
        2.2604095000         2.0800000000         1.2204322931         4.0445775789        -3.0644007736
        2.2654359000         2.0800000000         1.2153276394         4.0394738240        -3.1973754221
        2.2704632000         2.0800000000         1.2357462543         4.0241625592        -2.6654768282
        2.2753998000         2.0800000000         1.2255369469         4.0062994170        -2.9314261252
        2.2804422000         2.0800000000         1.2306416006         4.0114031719        -2.7984514767
        2.2854440000         2.0800000000         1.2204322931         3.9909881523        -3.0644007736
        2.2904354000         2.0800000000         1.2204322931         3.9731250101        -3.0644007736
        2.2954617000         2.0800000000         1.2280892737         3.9680212551        -2.8649388009
        2.3004288000         2.0800000000         1.2357462543         3.9578137453        -2.6654768282
        2.3054368000         2.0800000000         1.2434032349         3.9476062355        -2.4660148556
        2.3103985000         2.0800000000         1.2280892737         3.9348468482        -2.8649388009
        2.3154297000         2.0800000000         1.2306416006         3.9297430933        -2.7984514767
        2.3204353000         2.0800000000         1.2331939274         3.9169837060        -2.7319641525
        2.3254020000         2.0800000000         1.2178799663         3.9067761961        -3.1308880978
        2.3304304000         2.0800000000         1.2153276394         3.8889130539        -3.1973754221
        2.3354444000         2.0800000000         1.2331939274         3.8787055441        -2.7319641525
        2.3403980000         2.0800000000         1.2204322931         3.8684980342        -3.0644007736
        2.3454061000         2.0800000000         1.2204322931         3.8531867695        -3.0644007736
        2.3504885000         2.0800000000         1.2255369469         3.8506348920        -2.9314261252
        2.3554339000         2.0800000000         1.2280892737         3.8378755047        -2.8649388009
        2.3604337000         2.0800000000         1.2102229857         3.8149086076        -3.3303500705
        2.3660650000         2.0800000000         1.2255369469         3.8072529752        -2.9314261252
        2.3704318000         2.0800000000         1.2408509080         3.8021492203        -2.5325021798
        2.3755690000         2.0800000000         1.2255369469         3.7817342006        -2.9314261252
        2.3804351000         2.0800000000         1.2255369469         3.7842860781        -2.9314261252
        2.3854618000         2.0800000000         1.2204322931         3.7664229359        -3.0644007736
        2.3904136000         2.0800000000         1.2280892737         3.7460079162        -2.8649388009
        2.3955223000         2.0800000000         1.2076706589         3.7460079162        -3.3968373947
        2.4004505000         2.0800000000         1.2306416006         3.7383522838        -2.7984514767
        2.4054088000         2.0800000000         1.2204322931         3.7102816318        -3.0644007736
        2.4104332000         2.0800000000         1.2178799663         3.7051778769        -3.1308880978
        2.4153988000         2.0800000000         1.2229846200         3.6949703670        -2.9979134494
        2.4204349000         2.0800000000         1.2153276394         3.6771072248        -3.1973754221
        2.4254328000         2.0800000000         1.2306416006         3.6796591023        -2.7984514767
        2.4304444000         2.0800000000         1.2127753126         3.6541403277        -3.2638627463
        2.4354446000         2.0800000000         1.2255369469         3.6490365728        -2.9314261252
        2.4404491000         2.0800000000         1.2255369469         3.6362771855        -2.9314261252
        2.4454608000         2.0800000000         1.2153276394         3.6184140433        -3.1973754221
        2.4505256000         2.0800000000         1.2255369469         3.6184140433        -2.9314261252
        2.4554828000         2.0800000000         1.2178799663         3.5979990236        -3.1308880978
        2.4604394000         2.0800000000         1.2229846200         3.5954471461        -2.9979134494
        2.4654389000         2.0800000000         1.2178799663         3.5877915138        -3.1308880978
        2.4704351000         2.0800000000         1.2280892737         3.5648246166        -2.8649388009
        2.4754370000         2.0800000000         1.2153276394         3.5571689842        -3.1973754221
        2.4804309000         2.0800000000         1.2229846200         3.5444095970        -2.9979134494
        2.4854304000         2.0800000000         1.2255369469         3.5316502097        -2.9314261252
        2.4904907000         2.0800000000         1.2306416006         3.5265464547        -2.7984514767
        2.4954663000         2.0800000000         1.2229846200         3.5086833125        -2.9979134494
        2.5004612000         2.0800000000         1.2178799663         3.4959239252        -3.1308880978
        2.5054658000         2.0800000000         1.2153276394         3.4780607830        -3.1973754221
        2.5104375000         2.0800000000         1.2204322931         3.4729570281        -3.0644007736
        2.5154635000         2.0800000000         1.2178799663         3.4601976408        -3.1308880978
        2.5204301000         2.0800000000         1.2204322931         3.4423344986        -3.0644007736
        2.5254302000         2.0800000000         1.2178799663         3.4372307437        -3.1308880978
        2.5304406000         2.0800000000         1.2331939274         3.4346788662        -2.7319641525
        2.5354101000         2.0800000000         1.2229846200         3.4219194789        -2.9979134494
        2.5404411000         2.0800000000         1.2255369469         3.4015044592        -2.9314261252
        2.5454471000         2.0800000000         1.2331939274         3.3912969494        -2.7319641525
        2.5504362000         2.0800000000         1.2229846200         3.3785375621        -2.9979134494
        2.5553987000         2.0800000000         1.2229846200         3.3683300523        -2.9979134494
        2.5604931000         2.0800000000         1.2306416006         3.3606744199        -2.7984514767
        2.5654028000         2.0800000000         1.2255369469         3.3479150326        -2.9314261252
        2.5704336000         2.0800000000         1.2204322931         3.3249481355        -3.0644007736
        2.5754299000         2.0800000000         1.2204322931         3.3223962580        -3.0644007736
        2.5804391000         2.0800000000         1.2229846200         3.3070849933        -2.9979134494
        2.5854448000         2.0800000000         1.2280892737         3.3019812383        -2.8649388009
        2.5904358000         2.0800000000         1.2204322931         3.2866699736        -3.0644007736
        2.5954371000         2.0800000000         1.2357462543         3.2815662187        -2.6654768282
        2.6003974000         2.0800000000         1.2153276394         3.2637030765        -3.1973754221
        2.6053979000         2.0800000000         1.2178799663         3.2458399342        -3.1308880978
        2.6104352000         2.0800000000         1.2204322931         3.2407361793        -3.0644007736
        2.6154292000         2.0800000000         1.2255369469         3.2279767920        -2.9314261252
        2.6205094000         2.0800000000         1.2229846200         3.2152174047        -2.9979134494
        2.6254118000         2.0800000000         1.2331939274         3.2126655273        -2.7319641525
        2.6304305000         2.0800000000         1.2255369469         3.1922505076        -2.9314261252
        2.6353989000         2.0800000000         1.2280892737         3.1820429978        -2.8649388009
        2.6404334000         2.0800000000         1.2255369469         3.1718354879        -2.9314261252
        2.6454076000         2.0800000000         1.2255369469         3.1539723457        -2.9314261252
        2.6504323000         2.0800000000         1.2229846200         3.1488685908        -2.9979134494
        2.6554334000         2.0800000000         1.2204322931         3.1361092035        -3.0644007736
        2.6605099000         2.0800000000         1.2280892737         3.1284535711        -2.8649388009
        2.6654450000         2.0800000000         1.2331939274         3.1233498162        -2.7319641525
        2.6705178000         2.0800000000         1.2280892737         3.1054866740        -2.8649388009
        2.6754412000         2.0800000000         1.2255369469         3.0850716543        -2.9314261252
        2.6804335000         2.0800000000         1.2331939274         3.0876235318        -2.7319641525
        2.6854441000         2.0800000000         1.2306416006         3.0672085121        -2.7984514767
        2.6905307000         2.0800000000         1.2229846200         3.0621047572        -2.9979134494
        2.6954694000         2.0800000000         1.2306416006         3.0493453699        -2.7984514767
        2.7004325000         2.0800000000         1.2255369469         3.0391378601        -2.9314261252
        2.7054309000         2.0800000000         1.2204322931         3.0289303502        -3.0644007736
        2.7104854000         2.0800000000         1.2357462543         3.0263784728        -2.6654768282
        2.7153998000         2.0800000000         1.2153276394         3.0059634531        -3.1973754221
        2.7204628000         2.0800000000         1.2331939274         3.0034115756        -2.7319641525
        2.7254273000         2.0800000000         1.2280892737         2.9855484334        -2.8649388009
        2.7304315000         2.0800000000         1.2204322931         2.9651334138        -3.0644007736
        2.7353985000         2.0800000000         1.2178799663         2.9574777814        -3.1308880978
        2.7405131000         2.0800000000         1.2229846200         2.9421665166        -2.9979134494
        2.7453977000         2.0800000000         1.2255369469         2.9447183941        -2.9314261252
        2.7504319000         2.0800000000         1.2331939274         2.9243033744        -2.7319641525
        2.7554109000         2.0800000000         1.2331939274         2.9243033744        -2.7319641525
        2.7604388000         2.0800000000         1.2255369469         2.9038883547        -2.9314261252
        2.7654308000         2.0800000000         1.2306416006         2.8885770900        -2.7984514767
        2.7705168000         2.0800000000         1.2331939274         2.8885770900        -2.7319641525
        2.7754513000         2.0800000000         1.2331939274         2.8707139478        -2.7319641525
        2.7804784000         2.0800000000         1.2306416006         2.8681620703        -2.7984514767
        2.7854308000         2.0800000000         1.2382985811         2.8579545605        -2.5989895040
        2.7904970000         2.0800000000         1.2331939274         2.8451951732        -2.7319641525
        2.7954524000         2.0800000000         1.2306416006         2.8298839084        -2.7984514767
        2.8004011000         2.0800000000         1.2229846200         2.8196763986        -2.9979134494
        2.8054304000         2.0800000000         1.2306416006         2.8043651338        -2.7984514767
        2.8104919000         2.0800000000         1.2255369469         2.7916057465        -2.9314261252
        2.8154542000         2.0800000000         1.2204322931         2.7839501142        -3.0644007736
        2.8204314000         2.0800000000         1.2229846200         2.7660869720        -2.9979134494
        2.8253975000         2.0800000000         1.2306416006         2.7635350945        -2.7984514767
        2.8304355000         2.0800000000         1.2204322931         2.7482238297        -3.0644007736
        2.8354299000         2.0800000000         1.2255369469         2.7431200748        -2.9314261252
        2.8404820000         2.0800000000         1.2357462543         2.7303606875        -2.6654768282
        2.8454349000         2.0800000000         1.2178799663         2.7048419129        -3.1308880978
        2.8504725000         2.0800000000         1.2306416006         2.7124975453        -2.7984514767
        2.8554307000         2.0800000000         1.2204322931         2.6844268933        -3.0644007736
        2.8604854000         2.0800000000         1.2357462543         2.6869787707        -2.6654768282
        2.8654320000         2.0800000000         1.2153276394         2.6640118736        -3.1973754221
        2.8705159000         2.0800000000         1.2331939274         2.6640118736        -2.7319641525
        2.8754656000         2.0800000000         1.2306416006         2.6538043638        -2.7984514767
        2.8804516000         2.0800000000         1.2306416006         2.6359412215        -2.7984514767
        2.8855015000         2.0800000000         1.2229846200         2.6282855892        -2.9979134494
        2.8905221000         2.0800000000         1.2280892737         2.6155262019        -2.8649388009
        2.8955230000         2.0800000000         1.2459555617         2.6027668146        -2.3995275313
        2.9004611000         2.0800000000         1.2357462543         2.6027668146        -2.6654768282
        2.9054288000         2.0800000000         1.2178799663         2.5746961625        -3.1308880978
        2.9104923000         2.0800000000         1.2510602154         2.5670405302        -2.2665528829
        2.9154307000         2.0800000000         1.2306416006         2.5593848978        -2.7984514767
        2.9204346000         2.0800000000         1.2280892737         2.5542811429        -2.8649388009
        2.9254352000         2.0800000000         1.2280892737         2.5338661232        -2.8649388009
        2.9304397000         2.0800000000         1.2178799663         2.5211067359        -3.1308880978
        2.9354311000         2.0800000000         1.2306416006         2.5185548584        -2.7984514767
        2.9404316000         2.0800000000         1.2306416006         2.5057954711        -2.7984514767
        2.9453970000         2.0800000000         1.2280892737         2.5006917162        -2.8649388009
        2.9504349000         2.0800000000         1.2280892737         2.4828285740        -2.8649388009
        2.9554377000         2.0800000000         1.2306416006         2.4726210642        -2.7984514767
        2.9606070000         2.0800000000         1.2331939274         2.4649654318        -2.7319641525
        2.9654383000         2.0800000000         1.2255369469         2.4445504121        -2.9314261252
        2.9704950000         2.0800000000         1.2357462543         2.4419985347        -2.6654768282
        2.9754392000         2.0800000000         1.2331939274         2.4343429023        -2.7319641525
        2.9804615000         2.0800000000         1.2382985811         2.4088241277        -2.5989895040
        2.9854345000         2.0800000000         1.2306416006         2.4062722502        -2.7984514767
        2.9906991000         2.0800000000         1.2357462543         2.4011684953        -2.6654768282
        2.9954397000         2.0800000000         1.2306416006         2.3858572306        -2.7984514767
        3.0003975000         2.0800000000         1.2178799663         2.3679940883        -3.1308880978
        3.0054537000         2.0800000000         1.2306416006         2.3552347011        -2.7984514767
        3.0104487000         2.0800000000         1.2306416006         2.3526828236        -2.7984514767
        3.0154332000         2.0800000000         1.2255369469         2.3424753138        -2.9314261252
        3.0203968000         2.0800000000         1.2331939274         2.3271640490        -2.7319641525
        3.0254020000         2.0800000000         1.2434032349         2.3195084166        -2.4660148556
        3.0304308000         2.0800000000         1.2331939274         2.3195084166        -2.7319641525
        3.0354881000         2.0800000000         1.2434032349         2.3041971519        -2.4660148556
        3.0404274000         2.0800000000         1.2204322931         2.2837821322        -3.0644007736
        3.0454344000         2.0800000000         1.2306416006         2.2735746224        -2.7984514767
        3.0504607000         2.0800000000         1.2485078886         2.2684708674        -2.3330402071
        3.0554348000         2.0800000000         1.2510602154         2.2582633576        -2.2665528829
        3.0604376000         2.0800000000         1.2459555617         2.2531596027        -2.3995275313
        3.0654349000         2.0800000000         1.2306416006         2.2301927056        -2.7984514767
        3.0704325000         2.0800000000         1.2357462543         2.2276408281        -2.6654768282
        3.0754484000         2.0800000000         1.2434032349         2.2174333183        -2.4660148556
        3.0803982000         2.0800000000         1.2434032349         2.2174333183        -2.4660148556
        3.0854304000         2.0800000000         1.2382985811         2.1970182986        -2.5989895040
        3.0907257000         2.0800000000         1.2357462543         2.1868107888        -2.6654768282
        3.0954564000         2.0800000000         1.2510602154         2.1766032789        -2.2665528829
        3.1006156000         2.0800000000         1.2357462543         2.1740514015        -2.6654768282
        3.1054921000         2.0800000000         1.2408509080         2.1536363818        -2.5325021798
        3.1104981000         2.0800000000         1.2434032349         2.1561882593        -2.4660148556
        3.1154519000         2.0800000000         1.2408509080         2.1408769945        -2.5325021798
        3.1204667000         2.0800000000         1.2510602154         2.1306694847        -2.2665528829
        3.1254874000         2.0800000000         1.2612695229         2.1281176072        -2.0006035860
        3.1304325000         2.0800000000         1.2408509080         2.1077025875        -2.5325021798
        3.1354364000         2.0800000000         1.2434032349         2.1051507101        -2.4660148556
        3.1404069000         2.0800000000         1.2536125423         2.1000469552        -2.2000655587
        3.1454575000         2.0800000000         1.2434032349         2.0847356904        -2.4660148556
        3.1504439000         2.0800000000         1.2587171960         2.0745281806        -2.0670909102
        3.1554373000         2.0800000000         1.2459555617         2.0617687933        -2.3995275313
        3.1603972000         2.0800000000         1.2510602154         2.0643206707        -2.2665528829
        3.1655076000         2.0800000000         1.2536125423         2.0541131609        -2.2000655587
        3.1705008000         2.0800000000         1.2408509080         2.0336981412        -2.5325021798
        3.1755097000         2.0800000000         1.2587171960         2.0362500187        -2.0670909102
        3.1804304000         2.0800000000         1.2459555617         2.0183868765        -2.3995275313
        3.1854367000         2.0800000000         1.2408509080         2.0056274892        -2.5325021798
        3.1904025000         2.0800000000         1.2536125423         2.0030756117        -2.2000655587
        3.1954359000         2.0800000000         1.2434032349         1.9928681019        -2.4660148556
        3.2004275000         2.0800000000         1.2382985811         1.9775568371        -2.5989895040
        3.2055493000         2.0800000000         1.2510602154         1.9801087146        -2.2665528829
        3.2104436000         2.0800000000         1.2485078886         1.9673493273        -2.3330402071
        3.2154798000         2.0800000000         1.2408509080         1.9494861851        -2.5325021798
        3.2204296000         2.0800000000         1.2485078886         1.9469343076        -2.3330402071
        3.2254326000         2.0800000000         1.2434032349         1.9367267978        -2.4660148556
        3.2304344000         2.0800000000         1.2434032349         1.9239674105        -2.4660148556
        3.2354562000         2.0800000000         1.2536125423         1.9214155330        -2.2000655587
        3.2404839000         2.0800000000         1.2561648691         1.9214155330        -2.1335782344
        3.2455827000         2.0800000000         1.2459555617         1.9061042683        -2.3995275313
        3.2504428000         2.0800000000         1.2434032349         1.8933448810        -2.4660148556
        3.2554102000         2.0800000000         1.2638218497         1.8882411261        -1.9341162618
        3.2604364000         2.0800000000         1.2638218497         1.8882411261        -1.9341162618
        3.2654282000         2.0800000000         1.2485078886         1.8729298613        -2.3330402071
        3.2704366000         2.0800000000         1.2561648691         1.8678261064        -2.1335782344
        3.2754646000         2.0800000000         1.2510602154         1.8550667191        -2.2665528829
        3.2804305000         2.0800000000         1.2561648691         1.8550667191        -2.1335782344
        3.2854107000         2.0800000000         1.2536125423         1.8320998220        -2.2000655587
        3.2904354000         2.0800000000         1.2485078886         1.8244441896        -2.3330402071
        3.2954358000         2.0800000000         1.2561648691         1.8218923121        -2.1335782344
        3.3005514000         2.0800000000         1.2536125423         1.8167885572        -2.2000655587
        3.3054566000         2.0800000000         1.2561648691         1.8091329248        -2.1335782344
        3.3104824000         2.0800000000         1.2510602154         1.7912697826        -2.2665528829
        3.3154414000         2.0800000000         1.2561648691         1.7938216601        -2.1335782344
        3.3204908000         2.0800000000         1.2663741766         1.7887179052        -1.8676289375
        3.3254398000         2.0800000000         1.2536125423         1.7759585179        -2.2000655587
        3.3305518000         2.0800000000         1.2561648691         1.7631991306        -2.1335782344
        3.3355123000         2.0800000000         1.2587171960         1.7580953756        -2.0670909102
        3.3404583000         2.0800000000         1.2485078886         1.7427841109        -2.3330402071
        3.3454382000         2.0800000000         1.2587171960         1.7478878658        -2.0670909102
        3.3504371000         2.0800000000         1.2485078886         1.7300247236        -2.3330402071
        3.3553997000         2.0800000000         1.2459555617         1.7249209687        -2.3995275313
        3.3604370000         2.0800000000         1.2536125423         1.7223690912        -2.2000655587
        3.3654337000         2.0800000000         1.2459555617         1.7019540715        -2.3995275313
        3.3704338000         2.0800000000         1.2587171960         1.7070578265        -2.0670909102
        3.3753983000         2.0800000000         1.2536125423         1.6968503166        -2.2000655587
        3.3804470000         2.0800000000         1.2536125423         1.6840909293        -2.2000655587
        3.3853974000         2.0800000000         1.2536125423         1.6738834195        -2.2000655587
        3.3905472000         2.0800000000         1.2510602154         1.6662277871        -2.2665528829
        3.3954959000         2.0800000000         1.2485078886         1.6585721547        -2.3330402071
        3.4004004000         2.0800000000         1.2612695229         1.6483646449        -2.0006035860
        3.4054377000         2.0800000000         1.2485078886         1.6356052576        -2.3330402071
        3.4104370000         2.0800000000         1.2536125423         1.6305015027        -2.2000655587
        3.4154485000         2.0800000000         1.2536125423         1.6228458703        -2.2000655587
        3.4204314000         2.0800000000         1.2510602154         1.6177421154        -2.2665528829
        3.4254029000         2.0800000000         1.2638218497         1.6151902379        -1.9341162618
        3.4304327000         2.0800000000         1.2536125423         1.6075346056        -2.2000655587
        3.4354303000         2.0800000000         1.2536125423         1.5922233408        -2.2000655587
        3.4404070000         2.0800000000         1.2485078886         1.5845677084        -2.3330402071
        3.4453986000         2.0800000000         1.2485078886         1.5667045662        -2.3330402071
        3.4503991000         2.0800000000         1.2485078886         1.5641526888        -2.3330402071
        3.4554298000         2.0800000000         1.2434032349         1.5539451789        -2.4660148556
        3.4605168000         2.0800000000         1.2434032349         1.5437376691        -2.4660148556
        3.4653969000         2.0800000000         1.2510602154         1.5360820367        -2.2665528829
        3.4703968000         2.0800000000         1.2536125423         1.5309782818        -2.2000655587
        3.4754382000         2.0800000000         1.2485078886         1.5233226494        -2.3330402071
        3.4804345000         2.0800000000         1.2434032349         1.5080113847        -2.4660148556
        3.4853981000         2.0800000000         1.2485078886         1.5131151396        -2.3330402071
        3.4904110000         2.0800000000         1.2434032349         1.4927001199        -2.4660148556
        3.4954296000         2.0800000000         1.2485078886         1.4850444875        -2.3330402071
        3.5005499000         2.0800000000         1.2536125423         1.4875963650        -2.2000655587
        3.5054438000         2.0800000000         1.2536125423         1.4773888552        -2.2000655587
        3.5104819000         2.0800000000         1.2510602154         1.4646294679        -2.2665528829
        3.5155192000         2.0800000000         1.2612695229         1.4646294679        -2.0006035860
        3.5204643000         2.0800000000         1.2434032349         1.4442144482        -2.4660148556
        3.5254695000         2.0800000000         1.2536125423         1.4467663256        -2.2000655587
        3.5304056000         2.0800000000         1.2536125423         1.4314550609        -2.2000655587
        3.5353980000         2.0800000000         1.2434032349         1.4161437961        -2.4660148556
        3.5405192000         2.0800000000         1.2536125423         1.4135919187        -2.2000655587
        3.5454407000         2.0800000000         1.2536125423         1.4084881638        -2.2000655587
        3.5504490000         2.0800000000         1.2459555617         1.3982806539        -2.3995275313
        3.5554100000         2.0800000000         1.2612695229         1.3957287765        -2.0006035860
        3.5604325000         2.0800000000         1.2587171960         1.3855212666        -2.0670909102
        3.5654312000         2.0800000000         1.2561648691         1.3702100019        -2.1335782344
        3.5704295000         2.0800000000         1.2408509080         1.3600024920        -2.5325021798
        3.5754425000         2.0800000000         1.2434032349         1.3497949822        -2.4660148556
        3.5804574000         2.0800000000         1.2561648691         1.3472431047        -2.1335782344
        3.5854309000         2.0800000000         1.2408509080         1.3319318400        -2.5325021798
        3.5904020000         2.0800000000         1.2561648691         1.3293799625        -2.1335782344
        3.5954381000         2.0800000000         1.2510602154         1.3217243302        -2.2665528829
        3.6004835000         2.0800000000         1.2536125423         1.3115168203        -2.2000655587
        3.6054307000         2.0800000000         1.2510602154         1.3064130654        -2.2665528829
        3.6104442000         2.0800000000         1.2510602154         1.2962055556        -2.2665528829
        3.6154641000         2.0800000000         1.2561648691         1.2885499232        -2.1335782344
        3.6204542000         2.0800000000         1.2485078886         1.2757905359        -2.3330402071
        3.6254415000         2.0800000000         1.2536125423         1.2681349035        -2.2000655587
        3.6304652000         2.0800000000         1.2510602154         1.2604792711        -2.2665528829
        3.6354379000         2.0800000000         1.2536125423         1.2553755162        -2.2000655587
        3.6405095000         2.0800000000         1.2587171960         1.2451680064        -2.0670909102
        3.6454809000         2.0800000000         1.2459555617         1.2451680064        -2.3995275313
        3.6504141000         2.0800000000         1.2536125423         1.2324086191        -2.2000655587
        3.6554421000         2.0800000000         1.2510602154         1.2222011093        -2.2665528829
        3.6607257000         2.0800000000         1.2536125423         1.2119935994        -2.2000655587
        3.6654377000         2.0800000000         1.2510602154         1.2043379670        -2.2665528829
        3.6704019000         2.0800000000         1.2561648691         1.2043379670        -2.1335782344
        3.6754417000         2.0800000000         1.2510602154         1.1813710699        -2.2665528829
        3.6804631000         2.0800000000         1.2485078886         1.1788191925        -2.3330402071
        3.6854461000         2.0800000000         1.2561648691         1.1711635601        -2.1335782344
        3.6908843000         2.0800000000         1.2434032349         1.1584041728        -2.4660148556
        3.6954376000         2.0800000000         1.2485078886         1.1481966629        -2.3330402071
        3.7008694000         2.0800000000         1.2536125423         1.1558522953        -2.2000655587
        3.7054847000         2.0800000000         1.2536125423         1.1405410306        -2.2000655587
        3.7106597000         2.0800000000         1.2536125423         1.1379891531        -2.2000655587
        3.7154362000         2.0800000000         1.2561648691         1.1226778884        -2.1335782344
        3.7203968000         2.0800000000         1.2485078886         1.1124703785        -2.3330402071
        3.7254915000         2.0800000000         1.2536125423         1.1073666236        -2.2000655587
        3.7304638000         2.0800000000         1.2510602154         1.0920553588        -2.2665528829
        3.7354329000         2.0800000000         1.2510602154         1.0920553588        -2.2665528829
        3.7403999000         2.0800000000         1.2510602154         1.0843997265        -2.2665528829
        3.7455082000         2.0800000000         1.2485078886         1.0690884617        -2.3330402071
        3.7505487000         2.0800000000         1.2459555617         1.0665365843        -2.3995275313
        3.7554458000         2.0800000000         1.2638218497         1.0639847068        -1.9341162618
        3.7604601000         2.0800000000         1.2765834840         1.0435696871        -1.6016796406
        3.7654394000         2.0800000000         1.2587171960         1.0461215646        -2.0670909102
        3.7704955000         2.0800000000         1.2638218497         1.0308102998        -1.9341162618
        3.7754374000         2.0800000000         1.2638218497         1.0333621773        -1.9341162618
        3.7804089000         2.0800000000         1.2918974451         1.0180509125        -1.2027556953
        3.7853969000         2.0800000000         1.2663741766         1.0154990351        -1.8676289375
        3.7904130000         2.0800000000         1.2561648691         1.0078434027        -2.1335782344
        3.7954331000         2.0800000000         1.2561648691         0.9899802605        -2.1335782344
        3.8004294000         2.0800000000         1.2663741766         0.9950840154        -1.8676289375
        3.8055083000         2.0800000000         1.2689265034         0.9848765056        -1.8011416133
        3.8104267000         2.0800000000         1.2612695229         0.9670133634        -2.0006035860
        3.8154859000         2.0800000000         1.2587171960         0.9593577310        -2.0670909102
        3.8204708000         2.0800000000         1.2638218497         0.9568058535        -1.9341162618
        3.8254376000         2.0800000000         1.2714788303         0.9542539761        -1.7346542891
        3.8304404000         2.0800000000         1.2638218497         0.9389427113        -1.9341162618
        3.8353989000         2.0800000000         1.2740311571         0.9440464662        -1.6681669648
        3.8404074000         2.0800000000         1.2612695229         0.9312870789        -2.0006035860
        3.8454365000         2.0800000000         1.2689265034         0.9236314466        -1.8011416133
        3.8505375000         2.0800000000         1.2714788303         0.9159758142        -1.7346542891
        3.8554316000         2.0800000000         1.2587171960         0.9032164269        -2.0670909102
        3.8604214000         2.0800000000         1.2689265034         0.9032164269        -1.8011416133
        3.8654092000         2.0800000000         1.2740311571         0.9032164269        -1.6681669648
        3.8704964000         2.0800000000         1.2689265034         0.8904570396        -1.8011416133
        3.8754416000         2.0800000000         1.2638218497         0.8879051621        -1.9341162618
        3.8804045000         2.0800000000         1.2587171960         0.8700420199        -2.0670909102
        3.8853976000         2.0800000000         1.2663741766         0.8725938974        -1.8676289375
        3.8904281000         2.0800000000         1.2638218497         0.8598345101        -1.9341162618
        3.8954451000         2.0800000000         1.2561648691         0.8445232453        -2.1335782344
        3.9005747000         2.0800000000         1.2561648691         0.8470751228        -2.1335782344
        3.9054395000         2.0800000000         1.2638218497         0.8419713679        -1.9341162618
        3.9107479000         2.0800000000         1.2510602154         0.8215563482        -2.2665528829
        3.9154528000         2.0800000000         1.2510602154         0.8139007158        -2.2665528829
        3.9210944000         2.0800000000         1.2638218497         0.8164525933        -1.9341162618
        3.9254952000         2.0800000000         1.2510602154         0.7960375736        -2.2665528829
        3.9304529000         2.0800000000         1.2536125423         0.7960375736        -2.2000655587
        3.9353980000         2.0800000000         1.2510602154         0.7781744314        -2.2665528829
        3.9404787000         2.0800000000         1.2485078886         0.7756225539        -2.3330402071
        3.9454590000         2.0800000000         1.2536125423         0.7705187990        -2.2000655587
        3.9505338000         2.0800000000         1.2587171960         0.7577594117        -2.0670909102
        3.9555313000         2.0800000000         1.2612695229         0.7603112892        -2.0006035860
        3.9605687000         2.0800000000         1.2638218497         0.7526556568        -1.9341162618
        3.9654072000         2.0800000000         1.2638218497         0.7322406371        -1.9341162618
        3.9704634000         2.0800000000         1.2510602154         0.7296887597        -2.2665528829
        3.9754366000         2.0800000000         1.2561648691         0.7194812498        -2.1335782344
        3.9805183000         2.0800000000         1.2536125423         0.7143774949        -2.2000655587
        3.9853966000         2.0800000000         1.2510602154         0.6965143527        -2.2665528829
        3.9905699000         2.0800000000         1.2434032349         0.7016181076        -2.4660148556
        3.9955701000         2.0800000000         1.2536125423         0.6914105978        -2.2000655587
        4.0005299000         2.0800000000         1.2408509080         0.6709955781        -2.5325021798
