% Sweep Step 53/200  Vcmd=2.7700V  CW 
% Vg_offset=1.338069V  K_gimbal=26.049690

Time[s]              Vcmd[V]              Vg_raw[V]            Pot[V]             Omega[rad/s]
        0.0020004000         2.7700000000         1.3327346748         3.3479150326        -0.1389585076
        0.0055649000         2.7700000000         1.3454963091         3.3606744199         0.1934781135
        0.0105527000         2.7700000000         1.3352870017         3.3479150326        -0.0724711834
        0.0156257000         2.7700000000         1.3378393285         3.3530187875        -0.0059838592
        0.0205300000         2.7700000000         1.3352870017         3.3555706650        -0.0724711834
        0.0255603000         2.7700000000         1.3378393285         3.3530187875        -0.0059838592
        0.0305316000         2.7700000000         1.3352870017         3.3504669101        -0.0724711834
        0.0357170000         2.7700000000         1.3352870017         3.3555706650        -0.0724711834
        0.0405828000         2.7700000000         1.3378393285         3.3555706650        -0.0059838592
        0.0456307000         2.7700000000         1.3710195777         3.3632262974         0.8583513558
        0.0505359000         2.7700000000         1.3888858657         3.3683300523         1.3237626254
        0.0555277000         2.7700000000         1.3786765582         3.3734338072         1.0578133284
        0.0605163000         2.7700000000         1.3735719045         3.3657781748         0.9248386800
        0.0654779000         2.7700000000         1.3761242314         3.3734338072         0.9913260042
        0.0704733000         2.7700000000         1.3710195777         3.3785375621         0.8583513558
        0.0755023000         2.7700000000         1.3761242314         3.3785375621         0.9913260042
        0.0805529000         2.7700000000         1.3761242314         3.3836413170         0.9913260042
        0.0855366000         2.7700000000         1.3710195777         3.3861931945         0.8583513558
        0.0904867000         2.7700000000         1.3786765582         3.3887450720         1.0578133284
        0.0954661000         2.7700000000         1.3786765582         3.4040563367         1.0578133284
        0.1004865000         2.7700000000         1.3761242314         3.3989525818         0.9913260042
        0.1054630000         2.7700000000         1.3710195777         3.4015044592         0.8583513558
        0.1104831000         2.7700000000         1.3710195777         3.4040563367         0.8583513558
        0.1154886000         2.7700000000         1.3837812120         3.4142638465         1.1907879769
        0.1204821000         2.7700000000         1.3735719045         3.4142638465         0.9248386800
        0.1255520000         2.7700000000         1.3761242314         3.4142638465         0.9913260042
        0.1307047000         2.7700000000         1.3735719045         3.4142638465         0.9248386800
        0.1356262000         2.7700000000         1.3710195777         3.4219194789         0.8583513558
        0.1405668000         2.7700000000         1.3684672508         3.4193676015         0.7918640315
        0.1455818000         2.7700000000         1.3735719045         3.4321269888         0.9248386800
        0.1505508000         2.7700000000         1.3761242314         3.4397826211         0.9913260042
        0.1555677000         2.7700000000         1.3786765582         3.4423344986         1.0578133284
        0.1607179000         2.7700000000         1.3761242314         3.4346788662         0.9913260042
        0.1656022000         2.7700000000         1.3812288851         3.4499901310         1.1243006527
        0.1704743000         2.7700000000         1.3863335388         3.4550938859         1.2572753011
        0.1755274000         2.7700000000         1.3710195777         3.4448863760         0.8583513558
        0.1804691000         2.7700000000         1.3863335388         3.4627495183         1.2572753011
        0.1854351000         2.7700000000         1.3812288851         3.4653013957         1.1243006527
        0.1904227000         2.7700000000         1.3812288851         3.4729570281         1.1243006527
        0.1955190000         2.7700000000         1.3761242314         3.4678532732         0.9913260042
        0.2005002000         2.7700000000         1.4067521537         3.4704051506         1.7891738949
        0.2055380000         2.7700000000         1.3761242314         3.4704051506         0.9913260042
        0.2105314000         2.7700000000         1.3761242314         3.4857164154         0.9913260042
        0.2155281000         2.7700000000         1.3659149240         3.4755089056         0.7253767073
        0.2205425000         2.7700000000         1.3710195777         3.4857164154         0.8583513558
        0.2255001000         2.7700000000         1.3761242314         3.4959239252         0.9913260042
        0.2305012000         2.7700000000         1.3735719045         3.4908201703         0.9248386800
        0.2354583000         2.7700000000         1.3684672508         3.4882682929         0.7918640315
        0.2404781000         2.7700000000         1.3735719045         3.4984758027         0.9248386800
        0.2454329000         2.7700000000         1.3659149240         3.5035795576         0.7253767073
        0.2505976000         2.7700000000         1.3659149240         3.5010276801         0.7253767073
        0.2554824000         2.7700000000         1.3582579434         3.5086833125         0.5259147346
        0.2606206000         2.7700000000         1.3837812120         3.5214426998         1.1907879769
        0.2656323000         2.7700000000         1.3761242314         3.5239945773         0.9913260042
        0.2705816000         2.7700000000         1.3761242314         3.5214426998         0.9913260042
        0.2756666000         2.7700000000         1.3786765582         3.5265464547         1.0578133284
        0.2806016000         2.7700000000         1.4118568074         3.5265464547         1.9221485434
        0.2857186000         2.7700000000         1.3761242314         3.5265464547         0.9913260042
        0.2905782000         2.7700000000         1.3812288851         3.5393058420         1.1243006527
        0.2956366000         2.7700000000         1.3684672508         3.5316502097         0.7918640315
        0.3006251000         2.7700000000         1.3735719045         3.5418577195         0.9248386800
        0.3055814000         2.7700000000         1.3735719045         3.5469614744         0.9248386800
        0.3105583000         2.7700000000         1.3812288851         3.5546171068         1.1243006527
        0.3155823000         2.7700000000         1.3710195777         3.5520652293         0.8583513558
        0.3205517000         2.7700000000         1.3735719045         3.5546171068         0.9248386800
        0.3255365000         2.7700000000         1.3582579434         3.5597208617         0.5259147346
        0.3305403000         2.7700000000         1.3710195777         3.5546171068         0.8583513558
        0.3355439000         2.7700000000         1.3761242314         3.5673764941         0.9913260042
        0.3405427000         2.7700000000         1.3812288851         3.5775840039         1.1243006527
        0.3455318000         2.7700000000         1.3735719045         3.5724802490         0.9248386800
        0.3505933000         2.7700000000         1.3786765582         3.5852396363         1.0578133284
        0.3555541000         2.7700000000         1.3735719045         3.5775840039         0.9248386800
        0.3605634000         2.7700000000         1.3812288851         3.5903433912         1.1243006527
        0.3655485000         2.7700000000         1.3735719045         3.5877915138         0.9248386800
        0.3705574000         2.7700000000         1.3786765582         3.5903433912         1.0578133284
        0.3755264000         2.7700000000         1.3812288851         3.6005509010         1.1243006527
        0.3806339000         2.7700000000         1.3735719045         3.6005509010         0.9248386800
        0.3855385000         2.7700000000         1.3684672508         3.5979990236         0.7918640315
        0.3905993000         2.7700000000         1.3735719045         3.6082065334         0.9248386800
        0.3955849000         2.7700000000         1.3735719045         3.6107584109         0.9248386800
        0.4007270000         2.7700000000         1.3710195777         3.6107584109         0.8583513558
        0.4056235000         2.7700000000         1.3735719045         3.6184140433         0.9248386800
        0.4105679000         2.7700000000         1.3710195777         3.6184140433         0.8583513558
        0.4156139000         2.7700000000         1.3659149240         3.6184140433         0.7253767073
        0.4206562000         2.7700000000         1.3761242314         3.6362771855         0.9913260042
        0.4256188000         2.7700000000         1.3761242314         3.6362771855         0.9913260042
        0.4304853000         2.7700000000         1.3735719045         3.6413809404         0.9248386800
        0.4354873000         2.7700000000         1.3684672508         3.6388290629         0.7918640315
        0.4405678000         2.7700000000         1.3608102703         3.6362771855         0.5924020589
        0.4456295000         2.7700000000         1.3710195777         3.6464846953         0.8583513558
        0.4504955000         2.7700000000         1.3633625971         3.6413809404         0.6588893831
        0.4555725000         2.7700000000         1.3761242314         3.6566922051         0.9913260042
        0.4605766000         2.7700000000         1.3684672508         3.6541403277         0.7918640315
        0.4656247000         2.7700000000         1.3761242314         3.6617959601         0.9913260042
        0.4705626000         2.7700000000         1.3684672508         3.6566922051         0.7918640315
        0.4756318000         2.7700000000         1.3659149240         3.6566922051         0.7253767073
        0.4806459000         2.7700000000         1.3684672508         3.6668997150         0.7918640315
        0.4855842000         2.7700000000         1.3710195777         3.6668997150         0.8583513558
        0.4905807000         2.7700000000         1.3812288851         3.6720034699         1.1243006527
        0.4955801000         2.7700000000         1.3761242314         3.6822109797         0.9913260042
        0.5007187000         2.7700000000         1.3710195777         3.6694515924         0.8583513558
        0.5055700000         2.7700000000         1.3659149240         3.6771072248         0.7253767073
        0.5105750000         2.7700000000         1.3761242314         3.6873147347         0.9913260042
        0.5155050000         2.7700000000         1.3659149240         3.6898666121         0.7253767073
        0.5206025000         2.7700000000         1.3659149240         3.6898666121         0.7253767073
        0.5255473000         2.7700000000         1.3659149240         3.6924184896         0.7253767073
        0.5305270000         2.7700000000         1.3761242314         3.7000741219         0.9913260042
        0.5355598000         2.7700000000         1.3710195777         3.7051778769         0.8583513558
        0.5405582000         2.7700000000         1.3761242314         3.7077297543         0.9913260042
        0.5455992000         2.7700000000         1.3710195777         3.7128335092         0.8583513558
        0.5505572000         2.7700000000         1.3659149240         3.7102816318         0.7253767073
        0.5556188000         2.7700000000         1.3710195777         3.7204891416         0.8583513558
        0.5606208000         2.7700000000         1.3659149240         3.7153853867         0.7253767073
        0.5657855000         2.7700000000         1.3761242314         3.7306966515         0.9913260042
        0.5706629000         2.7700000000         1.3684672508         3.7281447740         0.7918640315
        0.5755327000         2.7700000000         1.3710195777         3.7332485289         0.8583513558
        0.5805409000         2.7700000000         1.3786765582         3.7434560388         1.0578133284
        0.5854845000         2.7700000000         1.3735719045         3.7383522838         0.9248386800
        0.5905306000         2.7700000000         1.3735719045         3.7434560388         0.9248386800
        0.5956543000         2.7700000000         1.3684672508         3.7460079162         0.7918640315
        0.6007249000         2.7700000000         1.3710195777         3.7511116711         0.8583513558
        0.6055478000         2.7700000000         1.3812288851         3.7638710584         1.1243006527
        0.6105276000         2.7700000000         1.3786765582         3.7638710584         1.0578133284
        0.6157651000         2.7700000000         1.3837812120         3.7689748133         1.1907879769
        0.6206925000         2.7700000000         1.3735719045         3.7664229359         0.9248386800
        0.6255412000         2.7700000000         1.3761242314         3.7715266908         0.9913260042
        0.6305608000         2.7700000000         1.3761242314         3.7766304457         0.9913260042
        0.6355183000         2.7700000000         1.3684672508         3.7715266908         0.7918640315
        0.6406407000         2.7700000000         1.3735719045         3.7817342006         0.9248386800
        0.6455616000         2.7700000000         1.3684672508         3.7791823232         0.7918640315
        0.6505574000         2.7700000000         1.3761242314         3.7919417105         0.9913260042
        0.6555944000         2.7700000000         1.3786765582         3.7970454654         1.0578133284
        0.6605169000         2.7700000000         1.3786765582         3.8021492203         1.0578133284
        0.6656474000         2.7700000000         1.3735719045         3.7970454654         0.9248386800
        0.6706419000         2.7700000000         1.3735719045         3.8021492203         0.9248386800
        0.6757145000         2.7700000000         1.3735719045         3.8047010978         0.9248386800
        0.6806296000         2.7700000000         1.3786765582         3.8149086076         1.0578133284
        0.6855493000         2.7700000000         1.3710195777         3.8098048527         0.8583513558
        0.6906866000         2.7700000000         1.3659149240         3.8098048527         0.7253767073
        0.6956811000         2.7700000000         1.3710195777         3.8123567301         0.8583513558
        0.7004663000         2.7700000000         1.3761242314         3.8251161174         0.9913260042
        0.7055014000         2.7700000000         1.3710195777         3.8276679949         0.8583513558
        0.7107299000         2.7700000000         1.3659149240         3.8200123625         0.7253767073
        0.7156063000         2.7700000000         1.3659149240         3.8276679949         0.7253767073
        0.7206605000         2.7700000000         1.3684672508         3.8327717498         0.7918640315
        0.7256112000         2.7700000000         1.3710195777         3.8404273822         0.8583513558
        0.7305881000         2.7700000000         1.3761242314         3.8506348920         0.9913260042
        0.7355745000         2.7700000000         1.3761242314         3.8531867695         0.9913260042
        0.7405831000         2.7700000000         1.3761242314         3.8531867695         0.9913260042
        0.7455795000         2.7700000000         1.3710195777         3.8531867695         0.8583513558
        0.7505519000         2.7700000000         1.3684672508         3.8582905244         0.7918640315
        0.7556314000         2.7700000000         1.3684672508         3.8608424019         0.7918640315
        0.7605606000         2.7700000000         1.3761242314         3.8710499117         0.9913260042
        0.7655868000         2.7700000000         1.3710195777         3.8684980342         0.8583513558
        0.7705453000         2.7700000000         1.3608102703         3.8684980342         0.5924020589
        0.7755180000         2.7700000000         1.3735719045         3.8787055441         0.9248386800
        0.7805450000         2.7700000000         1.3582579434         3.8684980342         0.5259147346
        0.7856307000         2.7700000000         1.3633625971         3.8736017892         0.6588893831
        0.7905732000         2.7700000000         1.3633625971         3.8787055441         0.6588893831
        0.7956731000         2.7700000000         1.3888858657         3.8838092990         1.3237626254
        0.8005084000         2.7700000000         1.3633625971         3.8838092990         0.6588893831
        0.8055658000         2.7700000000         1.3633625971         3.8889130539         0.6588893831
        0.8104698000         2.7700000000         1.3684672508         3.8965686863         0.7918640315
        0.8155319000         2.7700000000         1.3659149240         3.8991205638         0.7253767073
        0.8206331000         2.7700000000         1.3710195777         3.9016724412         0.8583513558
        0.8255392000         2.7700000000         1.3684672508         3.9067761961         0.7918640315
        0.8305384000         2.7700000000         1.3659149240         3.9016724412         0.7253767073
        0.8355794000         2.7700000000         1.3684672508         3.9093280736         0.7918640315
        0.8405743000         2.7700000000         1.3659149240         3.9118799510         0.7253767073
        0.8457065000         2.7700000000         1.3710195777         3.9169837060         0.8583513558
        0.8505755000         2.7700000000         1.3608102703         3.9118799510         0.5924020589
        0.8555525000         2.7700000000         1.3608102703         3.9144318285         0.5924020589
        0.8605824000         2.7700000000         1.3633625971         3.9246393383         0.6588893831
        0.8655433000         2.7700000000         1.3608102703         3.9220874609         0.5924020589
        0.8706390000         2.7700000000         1.3659149240         3.9297430933         0.7253767073
        0.8756682000         2.7700000000         1.3659149240         3.9373987256         0.7253767073
        0.8805005000         2.7700000000         1.3608102703         3.9322949707         0.5924020589
        0.8854873000         2.7700000000         1.3710195777         3.9450543580         0.8583513558
        0.8905007000         2.7700000000         1.3735719045         3.9450543580         0.9248386800
        0.8954934000         2.7700000000         1.3608102703         3.9373987256         0.5924020589
        0.9006554000         2.7700000000         1.3659149240         3.9501581129         0.7253767073
        0.9056496000         2.7700000000         1.3531532897         3.9527099904         0.3929400862
        0.9105384000         2.7700000000         1.3659149240         3.9527099904         0.7253767073
        0.9156015000         2.7700000000         1.3659149240         3.9578137453         0.7253767073
        0.9206742000         2.7700000000         1.3608102703         3.9552618679         0.5924020589
        0.9255216000         2.7700000000         1.3684672508         3.9629175002         0.7918640315
        0.9304303000         2.7700000000         1.3608102703         3.9603656228         0.5924020589
        0.9355841000         2.7700000000         1.3710195777         3.9680212551         0.8583513558
        0.9408387000         2.7700000000         1.3888858657         3.9654693777         1.3237626254
        0.9456137000         2.7700000000         1.3710195777         3.9731250101         0.8583513558
        0.9511128000         2.7700000000         1.3735719045         3.9833325199         0.9248386800
        0.9556112000         2.7700000000         1.3735719045         3.9833325199         0.9248386800
        0.9605466000         2.7700000000         1.3684672508         3.9833325199         0.7918640315
        0.9655470000         2.7700000000         1.3710195777         3.9858843974         0.8583513558
        0.9704624000         2.7700000000         1.3710195777         3.9935400297         0.8583513558
        0.9754957000         2.7700000000         1.3633625971         3.9909881523         0.6588893831
        0.9812209000         2.7700000000         1.3659149240         3.9935400297         0.7253767073
        0.9855561000         2.7700000000         1.3812288851         4.0088512945         1.1243006527
        0.9906409000         2.7700000000         1.3735719045         4.0139550494         0.9248386800
        0.9956463000         2.7700000000         1.3786765582         4.0165069269         1.0578133284
        1.0005922000         2.7700000000         1.3684672508         4.0139550494         0.7918640315
        1.0055800000         2.7700000000         1.3633625971         4.0114031719         0.6588893831
        1.0105715000         2.7700000000         1.3786765582         4.0114031719         1.0578133284
        1.0155863000         2.7700000000         1.3633625971         4.0165069269         0.6588893831
        1.0204991000         2.7700000000         1.3659149240         4.0190588043         0.7253767073
        1.0255684000         2.7700000000         1.3735719045         4.0318181916         0.9248386800
        1.0305335000         2.7700000000         1.3684672508         4.0369219465         0.7918640315
        1.0355797000         2.7700000000         1.3659149240         4.0318181916         0.7253767073
        1.0406413000         2.7700000000         1.3531532897         4.0318181916         0.3929400862
        1.0456799000         2.7700000000         1.3735719045         4.0420257015         0.9248386800
        1.0507334000         2.7700000000         1.3735719045         4.0471294564         0.9248386800
        1.0556032000         2.7700000000         1.3735719045         4.0496813338         0.9248386800
        1.0606777000         2.7700000000         1.3684672508         4.0547850888         0.7918640315
        1.0656682000         2.7700000000         1.3786765582         4.0598888437         1.0578133284
        1.0706206000         2.7700000000         1.3735719045         4.0624407211         0.9248386800
        1.0755569000         2.7700000000         1.3659149240         4.0598888437         0.7253767073
        1.0805230000         2.7700000000         1.3710195777         4.0649925986         0.8583513558
        1.0855496000         2.7700000000         1.3761242314         4.0777519859         0.9913260042
        1.0906166000         2.7700000000         1.3710195777         4.0752001084         0.8583513558
        1.0955753000         2.7700000000         1.3557056165         4.0726482310         0.4594274104
        1.1006070000         2.7700000000         1.3608102703         4.0777519859         0.5924020589
        1.1056512000         2.7700000000         1.3659149240         4.0803038633         0.7253767073
        1.1106705000         2.7700000000         1.3659149240         4.0879594957         0.7253767073
        1.1156138000         2.7700000000         1.3735719045         4.0930632506         0.9248386800
        1.1206715000         2.7700000000         1.3684672508         4.0930632506         0.7918640315
        1.1255987000         2.7700000000         1.3633625971         4.0956151281         0.6588893831
        1.1306058000         2.7700000000         1.3761242314         4.1007188830         0.9913260042
        1.1354940000         2.7700000000         1.3659149240         4.1007188830         0.7253767073
        1.1406139000         2.7700000000         1.3710195777         4.1058226379         0.8583513558
        1.1457937000         2.7700000000         1.3659149240         4.1058226379         0.7253767073
        1.1506167000         2.7700000000         1.3710195777         4.1134782703         0.8583513558
        1.1559240000         2.7700000000         1.3684672508         4.1109263928         0.7918640315
        1.1605251000         2.7700000000         1.3633625971         4.1134782703         0.6588893831
        1.1656026000         2.7700000000         1.3633625971         4.1134782703         0.6588893831
        1.1705072000         2.7700000000         1.3684672508         4.1185820252         0.7918640315
        1.1757077000         2.7700000000         1.3761242314         4.1287895351         0.9913260042
        1.1805307000         2.7700000000         1.3633625971         4.1211339027         0.6588893831
        1.1857019000         2.7700000000         1.3735719045         4.1287895351         0.9248386800
        1.1905253000         2.7700000000         1.3735719045         4.1313414125         0.9248386800
        1.1955832000         2.7700000000         1.3735719045         4.1415489224         0.9248386800
        1.2006493000         2.7700000000         1.3786765582         4.1441007998         1.0578133284
        1.2057015000         2.7700000000         1.3633625971         4.1338932900         0.6588893831
        1.2105319000         2.7700000000         1.3684672508         4.1441007998         0.7918640315
        1.2158951000         2.7700000000         1.3684672508         4.1466526773         0.7918640315
        1.2205269000         2.7700000000         1.3633625971         4.1441007998         0.6588893831
        1.2255045000         2.7700000000         1.3684672508         4.1543083097         0.7918640315
        1.2306685000         2.7700000000         1.3684672508         4.1619639420         0.7918640315
        1.2354927000         2.7700000000         1.3633625971         4.1594120646         0.6588893831
        1.2405639000         2.7700000000         1.3684672508         4.1619639420         0.7918640315
        1.2455754000         2.7700000000         1.3761242314         4.1721714519         0.9913260042
        1.2505711000         2.7700000000         1.3710195777         4.1696195744         0.8583513558
        1.2555650000         2.7700000000         1.3633625971         4.1696195744         0.6588893831
        1.2605809000         2.7700000000         1.3710195777         4.1747233293         0.8583513558
        1.2655518000         2.7700000000         1.3608102703         4.1696195744         0.5924020589
        1.2705135000         2.7700000000         1.3761242314         4.1874827166         0.9913260042
        1.2755895000         2.7700000000         1.3684672508         4.1823789617         0.7918640315
        1.2806108000         2.7700000000         1.3735719045         4.1925864715         0.9248386800
        1.2855857000         2.7700000000         1.3710195777         4.2002421039         0.8583513558
        1.2905487000         2.7700000000         1.3684672508         4.1925864715         0.7918640315
        1.2956329000         2.7700000000         1.3659149240         4.1951383490         0.7253767073
        1.3005559000         2.7700000000         1.3710195777         4.2053458588         0.8583513558
        1.3056631000         2.7700000000         1.3659149240         4.2053458588         0.7253767073
        1.3107845000         2.7700000000         1.3659149240         4.2104496138         0.7253767073
        1.3155983000         2.7700000000         1.3659149240         4.2078977363         0.7253767073
        1.3205711000         2.7700000000         1.3659149240         4.2104496138         0.7253767073
        1.3255886000         2.7700000000         1.3633625971         4.2104496138         0.6588893831
        1.3306125000         2.7700000000         1.3710195777         4.2181052461         0.8583513558
        1.3356233000         2.7700000000         1.3684672508         4.2257608785         0.7918640315
        1.3406699000         2.7700000000         1.3633625971         4.2206571236         0.6588893831
        1.3455146000         2.7700000000         1.3608102703         4.2257608785         0.5924020589
        1.3505941000         2.7700000000         1.3582579434         4.2206571236         0.5259147346
        1.3563064000         2.7700000000         1.3633625971         4.2283127560         0.6588893831
        1.3606754000         2.7700000000         1.3684672508         4.2385202658         0.7918640315
        1.3656866000         2.7700000000         1.3684672508         4.2410721433         0.7918640315
        1.3707097000         2.7700000000         1.3710195777         4.2436240207         0.8583513558
        1.3756226000         2.7700000000         1.3761242314         4.2461758982         0.9913260042
        1.3806696000         2.7700000000         1.3659149240         4.2410721433         0.7253767073
        1.3856116000         2.7700000000         1.3633625971         4.2436240207         0.6588893831
        1.3907731000         2.7700000000         1.3659149240         4.2487277756         0.7253767073
        1.3957056000         2.7700000000         1.3633625971         4.2410721433         0.6588893831
        1.4006173000         2.7700000000         1.3659149240         4.2461758982         0.7253767073
        1.4056233000         2.7700000000         1.3633625971         4.2512796531         0.6588893831
        1.4106550000         2.7700000000         1.3684672508         4.2614871629         0.7918640315
        1.4156361000         2.7700000000         1.3684672508         4.2614871629         0.7918640315
        1.4206196000         2.7700000000         1.3710195777         4.2665909178         0.8583513558
        1.4255690000         2.7700000000         1.3684672508         4.2716946728         0.7918640315
        1.4305314000         2.7700000000         1.3659149240         4.2665909178         0.7253767073
        1.4354871000         2.7700000000         1.3684672508         4.2767984277         0.7918640315
        1.4406682000         2.7700000000         1.3761242314         4.2870059375         0.9913260042
        1.4455791000         2.7700000000         1.3684672508         4.2793503051         0.7918640315
        1.4505076000         2.7700000000         1.3735719045         4.2895578150         0.9248386800
        1.4555249000         2.7700000000         1.3659149240         4.2844540601         0.7253767073
        1.4605406000         2.7700000000         1.3786765582         4.2972134474         1.0578133284
        1.4655484000         2.7700000000         1.3633625971         4.2895578150         0.6588893831
        1.4706714000         2.7700000000         1.3659149240         4.2921096924         0.7253767073
        1.4755786000         2.7700000000         1.3633625971         4.2972134474         0.6588893831
        1.4805638000         2.7700000000         1.3659149240         4.2997653248         0.7253767073
        1.4855836000         2.7700000000         1.3684672508         4.3074209572         0.7918640315
        1.4905027000         2.7700000000         1.3888858657         4.3099728347         1.3237626254
        1.4955618000         2.7700000000         1.3659149240         4.3176284670         0.7253767073
        1.5005238000         2.7700000000         1.3684672508         4.3176284670         0.7918640315
        1.5055448000         2.7700000000         1.3659149240         4.3201803445         0.7253767073
        1.5105452000         2.7700000000         1.3710195777         4.3227322219         0.8583513558
        1.5155440000         2.7700000000         1.3786765582         4.3329397318         1.0578133284
        1.5205668000         2.7700000000         1.3531532897         4.3278359769         0.3929400862
        1.5255661000         2.7700000000         1.3710195777         4.3303878543         0.8583513558
        1.5307334000         2.7700000000         1.3761242314         4.3431472416         0.9913260042
        1.5356051000         2.7700000000         1.3735719045         4.3431472416         0.9248386800
        1.5405685000         2.7700000000         1.3761242314         4.3482509965         0.9913260042
        1.5455942000         2.7700000000         1.3710195777         4.3482509965         0.8583513558
        1.5505555000         2.7700000000         1.3710195777         4.3533547515         0.8583513558
        1.5555679000         2.7700000000         1.3684672508         4.3584585064         0.7918640315
        1.5605288000         2.7700000000         1.3684672508         4.3610103838         0.7918640315
        1.5655195000         2.7700000000         1.3735719045         4.3635622613         0.9248386800
        1.5705424000         2.7700000000         1.3786765582         4.3737697711         1.0578133284
        1.5755483000         2.7700000000         1.3761242314         4.3763216486         0.9913260042
        1.5805674000         2.7700000000         1.3710195777         4.3712178937         0.8583513558
        1.5855526000         2.7700000000         1.3735719045         4.3788735260         0.9248386800
        1.5905597000         2.7700000000         1.3761242314         4.3839772810         0.9913260042
        1.5955544000         2.7700000000         1.3608102703         4.3814254035         0.5924020589
        1.6005587000         2.7700000000         1.3761242314         4.3941847908         0.9913260042
        1.6055575000         2.7700000000         1.3684672508         4.3916329133         0.7918640315
        1.6105436000         2.7700000000         1.3659149240         4.3916329133         0.7253767073
        1.6155220000         2.7700000000         1.3684672508         4.3967366683         0.7918640315
        1.6204872000         2.7700000000         1.3710195777         4.3992885457         0.8583513558
        1.6254481000         2.7700000000         1.3710195777         4.4069441781         0.8583513558
        1.6304141000         2.7700000000         1.3608102703         4.3967366683         0.5924020589
        1.6355314000         2.7700000000         1.3684672508         4.4069441781         0.7918640315
        1.6405331000         2.7700000000         1.3608102703         4.4069441781         0.5924020589
        1.6455464000         2.7700000000         1.3531532897         4.4145998105         0.3929400862
        1.6505017000         2.7700000000         1.3659149240         4.4120479330         0.7253767073
        1.6555913000         2.7700000000         1.3735719045         4.4273591978         0.9248386800
        1.6605402000         2.7700000000         1.3710195777         4.4248073203         0.8583513558
        1.6655179000         2.7700000000         1.3684672508         4.4299110752         0.7918640315
        1.6705222000         2.7700000000         1.3684672508         4.4324629527         0.7918640315
        1.6755348000         2.7700000000         1.3710195777         4.4350148301         0.8583513558
        1.6804791000         2.7700000000         1.3608102703         4.4426704625         0.5924020589
        1.6854779000         2.7700000000         1.3735719045         4.4426704625         0.9248386800
        1.6904485000         2.7700000000         1.3633625971         4.4426704625         0.6588893831
        1.6954100000         2.7700000000         1.3633625971         4.4452223400         0.6588893831
        1.7004642000         2.7700000000         1.3710195777         4.4528779724         0.8583513558
        1.7056000000         2.7700000000         1.3659149240         4.4554298498         0.7253767073
        1.7105145000         2.7700000000         1.3684672508         4.4579817273         0.7918640315
        1.7154559000         2.7700000000         1.3761242314         4.4656373597         0.9913260042
        1.7204071000         2.7700000000         1.3710195777         4.4656373597         0.8583513558
        1.7254318000         2.7700000000         1.3608102703         4.4630854822         0.5924020589
        1.7305311000         2.7700000000         1.3684672508         4.4732929920         0.7918640315
        1.7354768000         2.7700000000         1.3684672508         4.4758448695         0.7918640315
        1.7405199000         2.7700000000         1.3735719045         4.4860523793         0.9248386800
        1.7454821000         2.7700000000         1.3633625971         4.4783967469         0.6588893831
        1.7505309000         2.7700000000         1.3710195777         4.4860523793         0.8583513558
        1.7554435000         2.7700000000         1.3761242314         4.4962598892         0.9913260042
        1.7605740000         2.7700000000         1.3684672508         4.4911561342         0.7918640315
        1.7657957000         2.7700000000         1.3812288851         4.4988117666         1.1243006527
        1.7704594000         2.7700000000         1.3735719045         4.4988117666         0.9248386800
        1.7754076000         2.7700000000         1.3608102703         4.5039155215         0.5924020589
        1.7804882000         2.7700000000         1.3710195777         4.5039155215         0.8583513558
        1.7855198000         2.7700000000         1.3761242314         4.5141230314         0.9913260042
        1.7905610000         2.7700000000         1.3761242314         4.5166749088         0.9913260042
        1.7956750000         2.7700000000         1.3786765582         4.5064673990         1.0578133284
        1.8006663000         2.7700000000         1.3710195777         4.5166749088         0.8583513558
        1.8056019000         2.7700000000         1.3710195777         4.5217786637         0.8583513558
        1.8105989000         2.7700000000         1.3735719045         4.5294342961         0.9248386800
        1.8156633000         2.7700000000         1.3710195777         4.5294342961         0.8583513558
        1.8206824000         2.7700000000         1.3608102703         4.5268824187         0.5924020589
        1.8256575000         2.7700000000         1.3684672508         4.5294342961         0.7918640315
        1.8306167000         2.7700000000         1.3710195777         4.5345380510         0.8583513558
        1.8356030000         2.7700000000         1.3684672508         4.5447455609         0.7918640315
        1.8405591000         2.7700000000         1.3659149240         4.5421936834         0.7253767073
        1.8455854000         2.7700000000         1.3735719045         4.5524011933         0.9248386800
        1.8505053000         2.7700000000         1.3659149240         4.5498493158         0.7253767073
        1.8554955000         2.7700000000         1.3659149240         4.5524011933         0.7253767073
        1.8605627000         2.7700000000         1.3684672508         4.5472974383         0.7918640315
        1.8656216000         2.7700000000         1.3684672508         4.5549530707         0.7918640315
        1.8705898000         2.7700000000         1.3633625971         4.5575049482         0.6588893831
        1.8755620000         2.7700000000         1.3684672508         4.5575049482         0.7918640315
        1.8805747000         2.7700000000         1.3659149240         4.5626087031         0.7253767073
        1.8855596000         2.7700000000         1.3710195777         4.5702643355         0.8583513558
        1.8906562000         2.7700000000         1.3659149240         4.5702643355         0.7253767073
        1.8956680000         2.7700000000         1.3659149240         4.5728162129         0.7253767073
        1.9005476000         2.7700000000         1.3735719045         4.5855756002         0.9248386800
        1.9055249000         2.7700000000         1.3761242314         4.5855756002         0.9913260042
        1.9105234000         2.7700000000         1.3786765582         4.5983349875         1.0578133284
        1.9156582000         2.7700000000         1.3761242314         4.5932312326         0.9913260042
        1.9206651000         2.7700000000         1.3659149240         4.5906793551         0.7253767073
        1.9255855000         2.7700000000         1.3633625971         4.5957831101         0.6588893831
        1.9305061000         2.7700000000         1.3735719045         4.6059906199         0.9248386800
        1.9355248000         2.7700000000         1.3735719045         4.6110943748         0.9248386800
        1.9405547000         2.7700000000         1.3684672508         4.6059906199         0.7918640315
        1.9455931000         2.7700000000         1.3710195777         4.6161981297         0.8583513558
        1.9505898000         2.7700000000         1.3710195777         4.6187500072         0.8583513558
        1.9556652000         2.7700000000         1.3761242314         4.6264056396         0.9913260042
        1.9608170000         2.7700000000         1.3582579434         4.6213018847         0.5259147346
        1.9668475000         2.7700000000         1.3735719045         4.6264056396         0.9248386800
        1.9706042000         2.7700000000         1.3659149240         4.6315093945         0.7253767073
        1.9756788000         2.7700000000         1.3786765582         4.6391650269         1.0578133284
        1.9805921000         2.7700000000         1.3633625971         4.6289575170         0.6588893831
        1.9856493000         2.7700000000         1.3710195777         4.6442687818         0.8583513558
        1.9906118000         2.7700000000         1.3684672508         4.6442687818         0.7918640315
        1.9955848000         2.7700000000         1.3633625971         4.6417169043         0.6588893831
        2.0006701000         2.7700000000         1.3710195777         4.6493725367         0.8583513558
        2.0056800000         2.7700000000         1.3633625971         4.6493725367         0.6588893831
        2.0106069000         2.7700000000         1.3863335388         4.6570281691         1.2572753011
        2.0156235000         2.7700000000         1.3684672508         4.6595800465         0.7918640315
        2.0205714000         2.7700000000         1.3684672508         4.6646838015         0.7918640315
        2.0256140000         2.7700000000         1.3608102703         4.6595800465         0.5924020589
        2.0305971000         2.7700000000         1.3684672508         4.6697875564         0.7918640315
        2.0356574000         2.7700000000         1.3735719045         4.6799950662         0.9248386800
        2.0406186000         2.7700000000         1.3454963091         4.6697875564         0.1934781135
        2.0455416000         2.7700000000         1.3659149240         4.6799950662         0.7253767073
        2.0506863000         2.7700000000         1.3659149240         4.6825469437         0.7253767073
        2.0556566000         2.7700000000         1.3659149240         4.6825469437         0.7253767073
        2.0604967000         2.7700000000         1.3735719045         4.6876506986         0.9248386800
        2.0655764000         2.7700000000         1.3659149240         4.6825469437         0.7253767073
        2.0705478000         2.7700000000         1.3659149240         4.6927544535         0.7253767073
        2.0756273000         2.7700000000         1.3659149240         4.6978582084         0.7253767073
        2.0806119000         2.7700000000         1.3684672508         4.7080657183         0.7918640315
        2.0855887000         2.7700000000         1.3684672508         4.7080657183         0.7918640315
        2.0905461000         2.7700000000         1.3710195777         4.7055138408         0.8583513558
        2.0954772000         2.7700000000         1.3710195777         4.7106175957         0.8583513558
        2.1005046000         2.7700000000         1.3735719045         4.7182732281         0.9248386800
        2.1056080000         2.7700000000         1.3761242314         4.7208251056         0.9913260042
        2.1105056000         2.7700000000         1.3659149240         4.7131694732         0.7253767073
        2.1154892000         2.7700000000         1.3684672508         4.7182732281         0.7918640315
        2.1204729000         2.7700000000         1.3659149240         4.7208251056         0.7253767073
        2.1254718000         2.7700000000         1.3633625971         4.7182732281         0.6588893831
        2.1306370000         2.7700000000         1.3710195777         4.7310326154         0.8583513558
        2.1356695000         2.7700000000         1.3659149240         4.7310326154         0.7253767073
        2.1405357000         2.7700000000         1.3786765582         4.7412401252         1.0578133284
        2.1454647000         2.7700000000         1.4016475000         4.7437920027         1.6561992465
        2.1506127000         2.7700000000         1.3710195777         4.7412401252         0.8583513558
        2.1556348000         2.7700000000         1.3710195777         4.7437920027         0.8583513558
        2.1605849000         2.7700000000         1.3633625971         4.7437920027         0.6588893831
        2.1655989000         2.7700000000         1.3684672508         4.7463438801         0.7918640315
        2.1707143000         2.7700000000         1.3659149240         4.7488957576         0.7253767073
        2.1757522000         2.7700000000         1.3761242314         4.7642070224         0.9913260042
        2.1805135000         2.7700000000         1.3684672508         4.7616551449         0.7918640315
        2.1855901000         2.7700000000         1.3684672508         4.7642070224         0.7918640315
        2.1906303000         2.7700000000         1.3710195777         4.7693107773         0.8583513558
        2.1955733000         2.7700000000         1.3684672508         4.7744145322         0.7918640315
        2.2005405000         2.7700000000         1.3684672508         4.7795182871         0.7918640315
        2.2055985000         2.7700000000         1.3735719045         4.7846220420         0.9248386800
        2.2109630000         2.7700000000         1.3659149240         4.7795182871         0.7253767073
        2.2156764000         2.7700000000         1.3633625971         4.7820701646         0.6588893831
        2.2206437000         2.7700000000         1.3965428462         4.7897257969         1.5232245980
        2.2255954000         2.7700000000         1.3659149240         4.7897257969         0.7253767073
        2.2305908000         2.7700000000         1.3761242314         4.8050370617         0.9913260042
        2.2355326000         2.7700000000         1.3684672508         4.7922776744         0.7918640315
        2.2404867000         2.7700000000         1.3761242314         4.8101408166         0.9913260042
        2.2454336000         2.7700000000         1.3684672508         4.8075889392         0.7918640315
        2.2505594000         2.7700000000         1.3710195777         4.8126926941         0.8583513558
        2.2555852000         2.7700000000         1.3761242314         4.8203483265         0.9913260042
        2.2605340000         2.7700000000         1.3633625971         4.8152445715         0.6588893831
        2.2655137000         2.7700000000         1.3659149240         4.8177964490         0.7253767073
        2.2704439000         2.7700000000         1.3684672508         4.8229002039         0.7918640315
        2.2754848000         2.7700000000         1.3684672508         4.8305558363         0.7918640315
        2.2805424000         2.7700000000         1.3659149240         4.8331077137         0.7253767073
        2.2855754000         2.7700000000         1.3684672508         4.8382114687         0.7918640315
        2.2905113000         2.7700000000         1.3633625971         4.8331077137         0.6588893831
        2.2955183000         2.7700000000         1.3761242314         4.8484189785         0.9913260042
        2.3004785000         2.7700000000         1.3633625971         4.8407633461         0.6588893831
        2.3055120000         2.7700000000         1.3684672508         4.8509708560         0.7918640315
        2.3105080000         2.7700000000         1.3761242314         4.8535227334         0.9913260042
        2.3154817000         2.7700000000         1.3659149240         4.8560746109         0.7253767073
        2.3205542000         2.7700000000         1.3710195777         4.8611783658         0.8583513558
        2.3255872000         2.7700000000         1.3710195777         4.8611783658         0.8583513558
        2.3306148000         2.7700000000         1.3939905194         4.8713858756         1.4567372738
        2.3356471000         2.7700000000         1.3684672508         4.8662821207         0.7918640315
        2.3405755000         2.7700000000         1.3710195777         4.8739377531         0.8583513558
        2.3455294000         2.7700000000         1.3659149240         4.8713858756         0.7253767073
        2.3506318000         2.7700000000         1.3761242314         4.8841452629         0.9913260042
        2.3556314000         2.7700000000         1.3710195777         4.8841452629         0.8583513558
        2.3607250000         2.7700000000         1.3659149240         4.8815933855         0.7253767073
        2.3656735000         2.7700000000         1.3761242314         4.8943527728         0.9913260042
        2.3706721000         2.7700000000         1.3710195777         4.8918008953         0.8583513558
        2.3756498000         2.7700000000         1.3710195777         4.8969046502         0.8583513558
        2.3806669000         2.7700000000         1.3735719045         4.9071121601         0.9248386800
        2.3856415000         2.7700000000         1.3710195777         4.9020084051         0.8583513558
        2.3905696000         2.7700000000         1.3659149240         4.9071121601         0.7253767073
        2.3954473000         2.7700000000         1.3659149240         4.9122159150         0.7253767073
        2.4006018000         2.7700000000         1.3684672508         4.9147677924         0.7918640315
        2.4056149000         2.7700000000         1.3735719045         4.9224234248         0.9248386800
        2.4107715000         2.7700000000         1.3735719045         4.9275271797         0.9248386800
        2.4156390000         2.7700000000         1.3735719045         4.9351828121         0.9248386800
        2.4205736000         2.7700000000         1.3710195777         4.9351828121         0.8583513558
        2.4256383000         2.7700000000         1.3506009628         4.9351828121         0.3264527620
        2.4305555000         2.7700000000         1.3684672508         4.9351828121         0.7918640315
        2.4356611000         2.7700000000         1.3659149240         4.9402865670         0.7253767073
        2.4406108000         2.7700000000         1.3710195777         4.9504940769         0.8583513558
        2.4455049000         2.7700000000         1.3684672508         4.9530459543         0.7918640315
        2.4506510000         2.7700000000         1.3735719045         4.9555978318         0.9248386800
        2.4555921000         2.7700000000         1.3582579434         4.9658053416         0.5259147346
        2.4605955000         2.7700000000         1.3761242314         4.9632534642         0.9913260042
        2.4655473000         2.7700000000         1.3659149240         4.9632534642         0.7253767073
        2.4704974000         2.7700000000         1.3710195777         4.9709090965         0.8583513558
        2.4755725000         2.7700000000         1.3633625971         4.9683572191         0.6588893831
        2.4805979000         2.7700000000         1.3735719045         4.9760128515         0.9248386800
        2.4855765000         2.7700000000         1.3684672508         4.9811166064         0.7918640315
        2.4905758000         2.7700000000         1.3684672508         4.9760128515         0.7918640315
        2.4954642000         2.7700000000         1.3735719045         4.9887722387         0.9248386800
        2.5005581000         2.7700000000         1.3659149240         4.9836684838         0.7253767073
        2.5057258000         2.7700000000         1.3735719045         4.9938759937         0.9248386800
        2.5105822000         2.7700000000         1.3633625971         4.9913241162         0.6588893831
        2.5155674000         2.7700000000         1.3659149240         4.9964278711         0.7253767073
        2.5205567000         2.7700000000         1.3633625971         4.9989797486         0.6588893831
        2.5255177000         2.7700000000         1.3454963091         4.9964278711         0.1934781135
        2.5305074000         2.7700000000         1.3786765582         5.0117391359         1.0578133284
        2.5355339000         2.7700000000         1.3761242314         5.0142910133         0.9913260042
        2.5405223000         2.7700000000         1.3735719045         5.0040835035         0.9248386800
        2.5454297000         2.7700000000         1.3684672508         5.0040835035         0.7918640315
        2.5505825000         2.7700000000         1.3761242314         5.0117391359         0.9913260042
        2.5555270000         2.7700000000         1.3684672508         5.0066353810         0.7918640315
        2.5606206000         2.7700000000         1.3710195777         5.0091872584         0.8583513558
        2.5655299000         2.7700000000         1.3608102703         5.0015316260         0.5924020589
        2.5705950000         2.7700000000         1.3761242314         5.0117391359         0.9913260042
        2.5756920000         2.7700000000         1.3735719045         5.0117391359         0.9248386800
        2.5807089000         2.7700000000         1.3761242314         5.0091872584         0.9913260042
        2.5857021000         2.7700000000         1.3659149240         5.0066353810         0.7253767073
        2.5906262000         2.7700000000         1.3710195777         5.0066353810         0.8583513558
        2.5954788000         2.7700000000         1.3659149240         5.0015316260         0.7253767073
        2.6005212000         2.7700000000         1.3735719045         5.0066353810         0.9248386800
        2.6055613000         2.7700000000         1.3710195777         5.0066353810         0.8583513558
        2.6105538000         2.7700000000         1.3710195777         5.0168428908         0.8583513558
        2.6155711000         2.7700000000         1.3710195777         5.0066353810         0.8583513558
        2.6204949000         2.7700000000         1.3684672508         5.0066353810         0.7918640315
        2.6257647000         2.7700000000         1.3633625971         5.0015316260         0.6588893831
        2.6305366000         2.7700000000         1.3761242314         5.0091872584         0.9913260042
        2.6356107000         2.7700000000         1.3761242314         5.0142910133         0.9913260042
        2.6406901000         2.7700000000         1.3659149240         5.0091872584         0.7253767073
        2.6454822000         2.7700000000         1.3633625971         4.9989797486         0.6588893831
        2.6507241000         2.7700000000         1.3659149240         4.9989797486         0.7253767073
        2.6557005000         2.7700000000         1.3633625971         5.0015316260         0.6588893831
        2.6604823000         2.7700000000         1.3735719045         5.0040835035         0.9248386800
        2.6655806000         2.7700000000         1.3710195777         5.0066353810         0.8583513558
        2.6705890000         2.7700000000         1.3659149240         5.0040835035         0.7253767073
        2.6756240000         2.7700000000         1.3786765582         5.0142910133         1.0578133284
        2.6805720000         2.7700000000         1.3735719045         5.0066353810         0.9248386800
        2.6856922000         2.7700000000         1.3684672508         5.0040835035         0.7918640315
        2.6907444000         2.7700000000         1.3735719045         5.0066353810         0.9248386800
        2.6954538000         2.7700000000         1.3684672508         4.9964278711         0.7918640315
        2.7005539000         2.7700000000         1.3710195777         5.0066353810         0.8583513558
        2.7055489000         2.7700000000         1.3812288851         5.0091872584         1.1243006527
        2.7104496000         2.7700000000         1.3633625971         4.9989797486         0.6588893831
        2.7155327000         2.7700000000         1.3735719045         5.0015316260         0.9248386800
        2.7204330000         2.7700000000         1.3684672508         1.0997109912         0.7918640315
        2.7255040000         2.7700000000         1.3761242314         1.1175741334         0.9913260042
        2.7304660000         2.7700000000         1.3786765582         1.1175741334         1.0578133284
        2.7355028000         2.7700000000         1.3710195777         1.1099185011         0.8583513558
        2.7405987000         2.7700000000         1.3710195777         1.1099185011         0.8583513558
        2.7454504000         2.7700000000         1.3761242314         1.1175741334         0.9913260042
        2.7507147000         2.7700000000         1.3710195777         1.1099185011         0.8583513558
        2.7557402000         2.7700000000         1.3659149240         1.1073666236         0.7253767073
        2.7605672000         2.7700000000         1.3633625971         1.1048147461         0.6588893831
        2.7655735000         2.7700000000         1.3659149240         1.1124703785         0.7253767073
        2.7705425000         2.7700000000         1.3761242314         1.1175741334         0.9913260042
        2.7755884000         2.7700000000         1.3684672508         1.1124703785         0.7918640315
        2.7805275000         2.7700000000         1.3684672508         1.1099185011         0.7918640315
        2.7856131000         2.7700000000         1.3659149240         1.0895034814         0.7253767073
        2.7906118000         2.7700000000         1.3761242314         1.1048147461         0.9913260042
        2.7954176000         2.7700000000         1.3710195777         1.0971591138         0.8583513558
        2.8005122000         2.7700000000         1.3684672508         1.1048147461         0.7918640315
        2.8057114000         2.7700000000         1.3710195777         1.1099185011         0.8583513558
        2.8105484000         2.7700000000         1.3735719045         0.0126111937         0.9248386800
        2.8155191000         2.7700000000         1.3735719045         0.0024036839         0.9248386800
        2.8206784000         2.7700000000         1.3684672508        -0.0052519485         0.7918640315
        2.8255728000         2.7700000000         1.3735719045         0.0024036839         0.9248386800
        2.8305279000         2.7700000000         1.3812288851         0.0075074388         1.1243006527
        2.8355356000         2.7700000000         1.3812288851         0.0049555613         1.1243006527
        2.8407147000         2.7700000000         1.3735719045        -0.0001481936         0.9248386800
        2.8454547000         2.7700000000         1.3633625971        -0.0052519485         0.6588893831
        2.8505155000         2.7700000000         1.3633625971        -0.0052519485         0.6588893831
        2.8555503000         2.7700000000         1.3710195777         0.0024036839         0.8583513558
        2.8606060000         2.7700000000         1.3786765582         0.0024036839         1.0578133284
        2.8656458000         2.7700000000         1.4067521537         0.0024036839         1.7891738949
        2.8706064000         2.7700000000         1.3608102703        -0.0027000711         0.5924020589
        2.8756189000         2.7700000000         1.3659149240        -0.0052519485         0.7253767073
        2.8805669000         2.7700000000         1.3684672508         0.0024036839         0.7918640315
        2.8855800000         2.7700000000         1.3684672508         0.0024036839         0.7918640315
        2.8906854000         2.7700000000         1.3659149240         0.0049555613         0.7253767073
        2.8954829000         2.7700000000         1.3761242314         0.0075074388         0.9913260042
        2.9005320000         2.7700000000         1.3659149240        -0.0001481936         0.7253767073
        2.9054999000         2.7700000000         1.3659149240        -0.0052519485         0.7253767073
        2.9105732000         2.7700000000         1.3684672508        -0.0027000711         0.7918640315
        2.9155836000         2.7700000000         1.3761242314         0.0100593162         0.9913260042
        2.9205950000         2.7700000000         1.3761242314         0.0049555613         0.9913260042
        2.9254880000         2.7700000000         1.3735719045         0.0024036839         0.9248386800
        2.9305752000         2.7700000000         1.3710195777         0.0024036839         0.8583513558
        2.9355526000         2.7700000000         1.3659149240        -0.0027000711         0.7253767073
        2.9406900000         2.7700000000         1.3710195777         0.0024036839         0.8583513558
        2.9454674000         2.7700000000         1.3735719045         0.0049555613         0.9248386800
        2.9505591000         2.7700000000         1.3710195777         0.0024036839         0.8583513558
        2.9557141000         2.7700000000         1.3684672508        -0.0001481936         0.7918640315
        2.9606352000         2.7700000000         1.3710195777         0.0024036839         0.8583513558
        2.9655682000         2.7700000000         1.3710195777         0.0024036839         0.8583513558
        2.9706686000         2.7700000000         1.3761242314         0.0100593162         0.9913260042
        2.9755680000         2.7700000000         1.3684672508         0.0024036839         0.7918640315
        2.9805232000         2.7700000000         1.3633625971        -0.0001481936         0.6588893831
        2.9855374000         2.7700000000         1.3710195777         0.0075074388         0.8583513558
        2.9905572000         2.7700000000         1.3684672508         0.0049555613         0.7918640315
        2.9954504000         2.7700000000         1.3735719045         0.0151630711         0.9248386800
        3.0005500000         2.7700000000         1.3786765582         0.0228187035         1.0578133284
        3.0055210000         2.7700000000         1.3812288851         0.0253705810         1.1243006527
        3.0105109000         2.7700000000         1.3659149240         0.0151630711         0.7253767073
        3.0154890000         2.7700000000         1.3659149240         0.0177149486         0.7253767073
        3.0205616000         2.7700000000         1.3659149240         0.0228187035         0.7253767073
        3.0255947000         2.7700000000         1.3761242314         0.0355780908         0.9913260042
        3.0305459000         2.7700000000         1.3710195777         0.0330262134         0.8583513558
        3.0354616000         2.7700000000         1.3684672508         0.0304743359         0.7918640315
        3.0405679000         2.7700000000         1.3659149240         0.0355780908         0.7253767073
        3.0455129000         2.7700000000         1.3735719045         0.0432337232         0.9248386800
        3.0504965000         2.7700000000         1.3735719045         0.0483374781         0.9248386800
        3.0555791000         2.7700000000         1.3710195777         0.0508893556         0.8583513558
        3.0606133000         2.7700000000         1.3735719045         0.0559931105         0.9248386800
        3.0656117000         2.7700000000         1.3608102703         0.0534412330         0.5924020589
        3.0707114000         2.7700000000         1.3710195777         0.0610968654         0.8583513558
        3.0756712000         2.7700000000         1.3633625971         0.0585449879         0.6588893831
        3.0805372000         2.7700000000         1.3710195777         0.0687524978         0.8583513558
        3.0855638000         2.7700000000         1.3761242314         0.0764081302         0.9913260042
        3.0905568000         2.7700000000         1.3735719045         0.0738562527         0.9248386800
        3.0957539000         2.7700000000         1.3710195777         0.0789600076         0.8583513558
        3.1004765000         2.7700000000         1.3761242314         0.0866156400         0.9913260042
        3.1055127000         2.7700000000         1.3735719045         0.0866156400         0.9248386800
        3.1105705000         2.7700000000         1.3659149240         0.0866156400         0.7253767073
        3.1154932000         2.7700000000         1.3735719045         0.0917193949         0.9248386800
        3.1205507000         2.7700000000         1.3608102703         0.0917193949         0.5924020589
        3.1256740000         2.7700000000         1.3710195777         0.0968231498         0.8583513558
        3.1304898000         2.7700000000         1.3659149240         0.0968231498         0.7253767073
        3.1355533000         2.7700000000         1.3735719045         0.1070306597         0.9248386800
        3.1405207000         2.7700000000         1.3761242314         0.1070306597         0.9913260042
        3.1454726000         2.7700000000         1.3812288851         0.1172381695         1.1243006527
        3.1507615000         2.7700000000         1.3659149240         0.1095825371         0.7253767073
        3.1557266000         2.7700000000         1.3684672508         0.1197900470         0.7918640315
        3.1607001000         2.7700000000         1.3710195777         0.1172381695         0.8583513558
        3.1655459000         2.7700000000         1.3659149240         0.1274456793         0.7253767073
        3.1705937000         2.7700000000         1.3710195777         0.1325494343         0.8583513558
        3.1755576000         2.7700000000         1.3710195777         0.1402050666         0.8583513558
        3.1805293000         2.7700000000         1.3633625971         0.1325494343         0.6588893831
        3.1855257000         2.7700000000         1.3608102703         0.1325494343         0.5924020589
        3.1905337000         2.7700000000         1.3633625971         0.1376531892         0.6588893831
        3.1955310000         2.7700000000         1.3659149240         0.1453088216         0.7253767073
        3.2004601000         2.7700000000         1.3659149240         0.1504125765         0.7253767073
        3.2055010000         2.7700000000         1.3684672508         0.1504125765         0.7918640315
        3.2104449000         2.7700000000         1.3659149240         0.1580682088         0.7253767073
        3.2154728000         2.7700000000         1.3633625971         0.1529644539         0.6588893831
        3.2204235000         2.7700000000         1.3608102703         0.1555163314         0.5924020589
        3.2254373000         2.7700000000         1.3659149240         0.1606200863         0.7253767073
        3.2304518000         2.7700000000         1.3659149240         0.1606200863         0.7253767073
        3.2354831000         2.7700000000         1.3710195777         0.1733794736         0.8583513558
        3.2404390000         2.7700000000         1.3710195777         0.1708275961         0.8583513558
        3.2454629000         2.7700000000         1.3659149240         0.1708275961         0.7253767073
        3.2504826000         2.7700000000         1.3761242314         0.1912426158         0.9913260042
        3.2554694000         2.7700000000         1.3710195777         0.1810351060         0.8583513558
        3.2605404000         2.7700000000         1.3735719045         0.1937944933         0.9248386800
        3.2655600000         2.7700000000         1.3761242314         0.1937944933         0.9913260042
        3.2706528000         2.7700000000         1.3812288851         0.2065538806         1.1243006527
        3.2756004000         2.7700000000         1.3812288851         0.2065538806         1.1243006527
        3.2806001000         2.7700000000         1.3735719045         0.2065538806         0.9248386800
        3.2855538000         2.7700000000         1.3684672508         0.2065538806         0.7918640315
        3.2907102000         2.7700000000         1.3659149240         0.2065538806         0.7253767073
        3.2955480000         2.7700000000         1.3812288851         0.2193132679         1.1243006527
        3.3004862000         2.7700000000         1.3633625971         0.2142095129         0.6588893831
        3.3055896000         2.7700000000         1.3761242314         0.2320726552         0.9913260042
        3.3105162000         2.7700000000         1.3684672508         0.2295207777         0.7918640315
        3.3155028000         2.7700000000         1.3761242314         0.2346245326         0.9913260042
        3.3205910000         2.7700000000         1.3735719045         0.2397282875         0.9248386800
        3.3255683000         2.7700000000         1.3786765582         0.2397282875         1.0578133284
        3.3306711000         2.7700000000         1.4041998268         0.2422801650         1.7226865707
        3.3355754000         2.7700000000         1.3684672508         0.2422801650         0.7918640315
        3.3405824000         2.7700000000         1.3735719045         0.2524876748         0.9248386800
        3.3456059000         2.7700000000         1.3633625971         0.2422801650         0.6588893831
        3.3505626000         2.7700000000         1.3710195777         0.2524876748         0.8583513558
        3.3557049000         2.7700000000         1.3659149240         0.2499357974         0.7253767073
        3.3606373000         2.7700000000         1.3735719045         0.2601433072         0.9248386800
        3.3655894000         2.7700000000         1.3608102703         0.2677989396         0.5924020589
        3.3705458000         2.7700000000         1.3786765582         0.2729026945         1.0578133284
        3.3755284000         2.7700000000         1.3710195777         0.2703508170         0.8583513558
        3.3806574000         2.7700000000         1.3710195777         0.2703508170         0.8583513558
        3.3856462000         2.7700000000         1.3710195777         0.2780064494         0.8583513558
        3.3906657000         2.7700000000         1.3735719045         0.2805583269         0.9248386800
        3.3954943000         2.7700000000         1.3786765582         0.2907658367         1.0578133284
        3.4005894000         2.7700000000         1.3812288851         0.2831102043         1.1243006527
        3.4055657000         2.7700000000         1.3761242314         0.2907658367         0.9913260042
        3.4105815000         2.7700000000         1.3761242314         0.2958695916         0.9913260042
        3.4156374000         2.7700000000         1.3786765582         0.2984214691         1.0578133284
        3.4206260000         2.7700000000         1.3659149240         0.2958695916         0.7253767073
        3.4255407000         2.7700000000         1.3735719045         0.3060771015         0.9248386800
        3.4305146000         2.7700000000         1.3761242314         0.3086289789         0.9913260042
        3.4355935000         2.7700000000         1.3531532897         0.3086289789         0.3929400862
        3.4406420000         2.7700000000         1.3761242314         0.3188364888         0.9913260042
        3.4456375000         2.7700000000         1.3710195777         0.3137327338         0.8583513558
        3.4505797000         2.7700000000         1.3735719045         0.3264921211         0.9248386800
        3.4555469000         2.7700000000         1.3761242314         0.3315958761         0.9913260042
        3.4606248000         2.7700000000         1.3812288851         0.3392515084         1.1243006527
        3.4656160000         2.7700000000         1.3812288851         0.3418033859         1.1243006527
        3.4706584000         2.7700000000         1.3761242314         0.3392515084         0.9913260042
        3.4756907000         2.7700000000         1.3710195777         0.3366996310         0.8583513558
        3.4806781000         2.7700000000         1.3684672508         0.3443552634         0.7918640315
        3.4856369000         2.7700000000         1.3659149240         0.3443552634         0.7253767073
        3.4905891000         2.7700000000         1.3786765582         0.3571146507         1.0578133284
        3.4957282000         2.7700000000         1.3735719045         0.3622184056         0.9248386800
        3.5006805000         2.7700000000         1.3761242314         0.3622184056         0.9913260042
        3.5056041000         2.7700000000         1.3684672508         0.3622184056         0.7918640315
        3.5106361000         2.7700000000         1.3710195777         0.3647702830         0.8583513558
        3.5154996000         2.7700000000         1.3684672508         0.3698740379         0.7918640315
        3.5205744000         2.7700000000         1.3812288851         0.3851853027         1.1243006527
        3.5256716000         2.7700000000         1.3710195777         0.3775296703         0.8583513558
        3.5304578000         2.7700000000         1.3761242314         0.3851853027         0.9913260042
        3.5356520000         2.7700000000         1.3863335388         0.3953928125         1.2572753011
        3.5404478000         2.7700000000         1.3863335388         0.4030484449         1.2572753011
        3.5455244000         2.7700000000         1.3786765582         0.4004965675         1.0578133284
        3.5505600000         2.7700000000         1.3786765582         0.4004965675         1.0578133284
        3.5555273000         2.7700000000         1.4220661148         0.4132559548         2.1880978403
        3.5605739000         2.7700000000         1.3812288851         0.4081521998         1.1243006527
        3.5655819000         2.7700000000         1.3812288851         0.4209115871         1.1243006527
        3.5705725000         2.7700000000         1.3761242314         0.4132559548         0.9913260042
        3.5756030000         2.7700000000         1.3735719045         0.4209115871         0.9248386800
        3.5805903000         2.7700000000         1.3863335388         0.4336709744         1.2572753011
        3.5856126000         2.7700000000         1.3812288851         0.4311190970         1.1243006527
        3.5906933000         2.7700000000         1.3786765582         0.4387747293         1.0578133284
        3.5956435000         2.7700000000         1.3888858657         0.4489822392         1.3237626254
        3.6005470000         2.7700000000         1.3863335388         0.4464303617         1.2572753011
        3.6056431000         2.7700000000         1.3786765582         0.4438784843         1.0578133284
        3.6107195000         2.7700000000         1.3812288851         0.4489822392         1.1243006527
        3.6155645000         2.7700000000         1.3735719045         0.4515341166         0.9248386800
        3.6206353000         2.7700000000         1.3786765582         0.4642935039         1.0578133284
        3.6256932000         2.7700000000         1.3710195777         0.4591897490         0.8583513558
        3.6305670000         2.7700000000         1.3735719045         0.4642935039         0.9248386800
        3.6355706000         2.7700000000         1.3684672508         0.4693972588         0.7918640315
        3.6406249000         2.7700000000         1.3786765582         0.4796047687         1.0578133284
        3.6457305000         2.7700000000         1.3735719045         0.4745010138         0.9248386800
        3.6506398000         2.7700000000         1.3786765582         0.4872604011         1.0578133284
        3.6556062000         2.7700000000         1.3863335388         0.5000197884         1.2572753011
        3.6605512000         2.7700000000         1.3786765582         0.4974679109         1.0578133284
        3.6655595000         2.7700000000         1.3812288851         0.4974679109         1.1243006527
        3.6705982000         2.7700000000         1.3735719045         0.4974679109         0.9248386800
        3.6756652000         2.7700000000         1.3786765582         0.5102272982         1.0578133284
        3.6805374000         2.7700000000         1.3761242314         0.5127791757         0.9913260042
        3.6855472000         2.7700000000         1.3837812120         0.5204348080         1.1907879769
        3.6905560000         2.7700000000         1.3812288851         0.5255385629         1.1243006527
        3.6955205000         2.7700000000         1.3710195777         0.5255385629         0.8583513558
        3.7005274000         2.7700000000         1.3812288851         0.5357460728         1.1243006527
        3.7055242000         2.7700000000         1.3659149240         0.5255385629         0.7253767073
        3.7105040000         2.7700000000         1.3761242314         0.5306423179         0.9913260042
        3.7154980000         2.7700000000         1.3684672508         0.5331941953         0.7918640315
        3.7205657000         2.7700000000         1.3684672508         0.5382979502         0.7918640315
        3.7255643000         2.7700000000         1.3684672508         0.5408498277         0.7918640315
        3.7305249000         2.7700000000         1.3633625971         0.5459535826         0.6588893831
        3.7355356000         2.7700000000         1.3786765582         0.5536092150         1.0578133284
        3.7405323000         2.7700000000         1.3837812120         0.5663686023         1.1907879769
        3.7456879000         2.7700000000         1.3812288851         0.5638167248         1.1243006527
        3.7505278000         2.7700000000         1.3837812120         0.5689204797         1.1907879769
        3.7554962000         2.7700000000         1.3863335388         0.5765761121         1.2572753011
        3.7606228000         2.7700000000         1.3812288851         0.5765761121         1.1243006527
        3.7655907000         2.7700000000         1.3761242314         0.5816798670         0.9913260042
        3.7705931000         2.7700000000         1.3735719045         0.5791279896         0.9248386800
        3.7755083000         2.7700000000         1.3837812120         0.5944392543         1.1907879769
        3.7806106000         2.7700000000         1.3786765582         0.5969911318         1.0578133284
        3.7855057000         2.7700000000         1.4169614611         0.5969911318         2.0551231918
        3.7905287000         2.7700000000         1.3786765582         0.6071986416         1.0578133284
        3.7955367000         2.7700000000         1.3786765582         0.6097505191         1.0578133284
        3.8005626000         2.7700000000         1.3710195777         0.6071986416         0.8583513558
        3.8055237000         2.7700000000         1.3659149240         0.6071986416         0.7253767073
        3.8105883000         2.7700000000         1.3684672508         0.6123023966         0.7918640315
        3.8154475000         2.7700000000         1.3735719045         0.6148542740         0.9248386800
        3.8207049000         2.7700000000         1.3812288851         0.6225099064         1.1243006527
        3.8258661000         2.7700000000         1.3735719045         0.6225099064         0.9248386800
        3.8305399000         2.7700000000         1.3684672508         0.6225099064         0.7918640315
        3.8357339000         2.7700000000         1.3735719045         0.6301655388         0.9248386800
        3.8409544000         2.7700000000         1.3837812120         0.6327174162         1.1907879769
        3.8462950000         2.7700000000         1.3812288851         0.6429249261         1.1243006527
        3.8505626000         2.7700000000         1.3786765582         0.6454768035         1.0578133284
        3.8556291000         2.7700000000         1.3761242314         0.6454768035         0.9913260042
        3.8605289000         2.7700000000         1.3710195777         0.6429249261         0.8583513558
        3.8655706000         2.7700000000         1.3684672508         0.6505805584         0.7918640315
        3.8705511000         2.7700000000         1.3735719045         0.6531324359         0.9248386800
        3.8755595000         2.7700000000         1.3761242314         0.6633399457         0.9913260042
        3.8806471000         2.7700000000         1.3786765582         0.6633399457         1.0578133284
        3.8856191000         2.7700000000         1.3735719045         0.6633399457         0.9248386800
        3.8905791000         2.7700000000         1.3710195777         0.6735474556         0.8583513558
        3.8957360000         2.7700000000         1.3735719045         0.6735474556         0.9248386800
        3.9006126000         2.7700000000         1.3786765582         0.6837549654         1.0578133284
        3.9057270000         2.7700000000         1.3735719045         0.6888587203         0.9248386800
        3.9106127000         2.7700000000         1.3812288851         0.6965143527         1.1243006527
        3.9156321000         2.7700000000         1.3863335388         0.6939624752         1.2572753011
        3.9206687000         2.7700000000         1.3812288851         0.6990662302         1.1243006527
        3.9257028000         2.7700000000         1.3761242314         0.6990662302         0.9913260042
        3.9308817000         2.7700000000         1.3837812120         0.7118256175         1.1907879769
        3.9355500000         2.7700000000         1.3761242314         0.7092737400         0.9913260042
        3.9405184000         2.7700000000         1.3786765582         0.7118256175         1.0578133284
        3.9456208000         2.7700000000         1.3735719045         0.7169293724         0.9248386800
        3.9506632000         2.7700000000         1.3786765582         0.7194812498         1.0578133284
        3.9555710000         2.7700000000         1.3812288851         0.7296887597         1.1243006527
        3.9605049000         2.7700000000         1.3761242314         0.7296887597         0.9913260042
        3.9656408000         2.7700000000         1.3761242314         0.7322406371         0.9913260042
        3.9707701000         2.7700000000         1.3684672508         0.7296887597         0.7918640315
        3.9755100000         2.7700000000         1.3761242314         0.7398962695         0.9913260042
        3.9806009000         2.7700000000         1.3735719045         0.7424481470         0.9248386800
        3.9856553000         2.7700000000         1.3735719045         0.7475519019         0.9248386800
        3.9904478000         2.7700000000         1.3710195777         0.7526556568         0.8583513558
        3.9955460000         2.7700000000         1.3761242314         0.7501037793         0.9913260042
        4.0005775000         2.7700000000         1.3633625971         0.7501037793         0.6588893831
