% Sweep Step 77/200  Vcmd=2.8900V  CW 
% Vg_offset=1.338069V  K_gimbal=26.049690

Time[s]              Vcmd[V]              Vg_raw[V]            Pot[V]             Omega[rad/s]
        0.0022541000         2.8900000000         1.3429439823         4.7106175957         0.1269907893
        0.0056353000         2.8900000000         1.3403916554         4.7029619633         0.0605034650
        0.0106494000         2.8900000000         1.3378393285         4.7055138408        -0.0059838592
        0.0155915000         2.8900000000         1.3301823480         4.6927544535        -0.2054458319
        0.0206662000         2.8900000000         1.3454963091         4.7080657183         0.1934781135
        0.0257107000         2.8900000000         1.3301823480         4.6978582084        -0.2054458319
        0.0305591000         2.8900000000         1.3454963091         4.7080657183         0.1934781135
        0.0355816000         2.8900000000         1.3761242314         4.6978582084         0.9913260042
        0.0407150000         2.8900000000         1.4271707685         4.7182732281         2.3210724888
        0.0455447000         2.8900000000         1.3888858657         4.7157213506         1.3237626254
        0.0507046000         2.8900000000         1.4041998268         4.7310326154         1.7226865707
        0.0555360000         2.8900000000         1.3990951731         4.7259288605         1.5897119223
        0.0605297000         2.8900000000         1.3939905194         4.7335844928         1.4567372738
        0.0654806000         2.8900000000         1.4169614611         4.7514476351         2.0551231918
        0.0705458000         2.8900000000         1.4041998268         4.7437920027         1.7226865707
        0.0755486000         2.8900000000         1.4067521537         4.7667588998         1.7891738949
        0.0804836000         2.8900000000         1.4067521537         4.7667588998         1.7891738949
        0.0856328000         2.8900000000         1.4144091342         4.7718626547         1.9886358676
        0.0905519000         2.8900000000         1.4016475000         4.7744145322         1.6561992465
        0.0954815000         2.8900000000         1.4067521537         4.7871739195         1.7891738949
        0.1004940000         2.8900000000         1.4220661148         4.8024851842         2.1880978403
        0.1054806000         2.8900000000         1.4093044805         4.8024851842         1.8556612192
        0.1104686000         2.8900000000         1.4144091342         4.8126926941         1.9886358676
        0.1154330000         2.8900000000         1.4220661148         4.8126926941         2.1880978403
        0.1204058000         2.8900000000         1.4169614611         4.8305558363         2.0551231918
        0.1254220000         2.8900000000         1.4093044805         4.8331077137         1.8556612192
        0.1304076000         2.8900000000         1.4322754222         4.8509708560         2.4540471372
        0.1354627000         2.8900000000         1.4220661148         4.8611783658         2.1880978403
        0.1404212000         2.8900000000         1.4246184417         4.8637302433         2.2545851645
        0.1454208000         2.8900000000         1.4195137880         4.8662821207         2.1216105161
        0.1504889000         2.8900000000         1.4195137880         4.8815933855         2.1216105161
        0.1554450000         2.8900000000         1.4144091342         4.8815933855         1.9886358676
        0.1604002000         2.8900000000         1.4169614611         4.8969046502         2.0551231918
        0.1654228000         2.8900000000         1.4348277491         4.9071121601         2.5205344614
        0.1704206000         2.8900000000         1.4220661148         4.9224234248         2.1880978403
        0.1754198000         2.8900000000         1.4144091342         4.9173196699         1.9886358676
        0.1804009000         2.8900000000         1.4246184417         4.9402865670         2.2545851645
        0.1854522000         2.8900000000         1.4195137880         4.9351828121         2.1216105161
        0.1903999000         2.8900000000         1.4246184417         4.9504940769         2.2545851645
        0.1954218000         2.8900000000         1.4271707685         4.9581497092         2.3210724888
        0.2008575000         2.8900000000         1.4220661148         4.9658053416         2.1880978403
        0.2055002000         2.8900000000         1.4271707685         4.9785647289         2.3210724888
        0.2105014000         2.8900000000         1.4271707685         4.9887722387         2.3210724888
        0.2155176000         2.8900000000         1.4220661148         4.9938759937         2.1880978403
        0.2204927000         2.8900000000         1.4169614611         4.9938759937         2.0551231918
        0.2255008000         2.8900000000         1.4195137880         5.0091872584         2.1216105161
        0.2304689000         2.8900000000         1.4246184417         5.0117391359         2.2545851645
        0.2354350000         2.8900000000         1.4220661148         5.0015316260         2.1880978403
        0.2414563000         2.8900000000         1.4195137880         5.0091872584         2.1216105161
        0.2456313000         2.8900000000         1.4271707685         4.9989797486         2.3210724888
        0.2504800000         2.8900000000         1.4169614611         4.9989797486         2.0551231918
        0.2554748000         2.8900000000         1.4271707685         5.0117391359         2.3210724888
        0.2604438000         2.8900000000         1.4144091342         4.9989797486         1.9886358676
        0.2654978000         2.8900000000         1.4271707685         5.0066353810         2.3210724888
        0.2704433000         2.8900000000         1.4220661148         5.0066353810         2.1880978403
        0.2754733000         2.8900000000         1.4271707685         5.0015316260         2.3210724888
        0.2804375000         2.8900000000         1.4297230954         5.0091872584         2.3875598130
        0.2854413000         2.8900000000         1.4322754222         5.0040835035         2.4540471372
        0.2904407000         2.8900000000         1.4246184417         5.0015316260         2.2545851645
        0.2954532000         2.8900000000         1.4297230954         4.9989797486         2.3875598130
        0.3004430000         2.8900000000         1.4348277491         1.1175741334         2.5205344614
        0.3054251000         2.8900000000         1.4246184417         1.1048147461         2.2545851645
        0.3104409000         2.8900000000         1.4271707685         1.1048147461         2.3210724888
        0.3154409000         2.8900000000         1.4246184417         1.0920553588         2.2545851645
        0.3204406000         2.8900000000         1.4322754222         1.0946072363         2.4540471372
        0.3254533000         2.8900000000         1.4297230954         1.0971591138         2.3875598130
        0.3304835000         2.8900000000         1.4271707685         0.0049555613         2.3210724888
        0.3354503000         2.8900000000         1.4297230954         0.0049555613         2.3875598130
        0.3404402000         2.8900000000         1.4373800759         0.0075074388         2.5870217857
        0.3454694000         2.8900000000         1.4246184417        -0.0001481936         2.2545851645
        0.3504429000         2.8900000000         1.4629033445         0.0075074388         3.2518950279
        0.3554970000         2.8900000000         1.4271707685        -0.0052519485         2.3210724888
        0.3604565000         2.8900000000         1.4271707685         0.0049555613         2.3210724888
        0.3654624000         2.8900000000         1.4373800759         0.0075074388         2.5870217857
        0.3705018000         2.8900000000         1.4373800759         0.0024036839         2.5870217857
        0.3755491000         2.8900000000         1.4297230954         0.0024036839         2.3875598130
        0.3804659000         2.8900000000         1.4373800759         0.0075074388         2.5870217857
        0.3854830000         2.8900000000         1.4373800759        -0.0027000711         2.5870217857
        0.3904877000         2.8900000000         1.4322754222         0.0126111937         2.4540471372
        0.3954928000         2.8900000000         1.4271707685         0.0100593162         2.3210724888
        0.4004769000         2.8900000000         1.4348277491         0.0228187035         2.5205344614
        0.4055758000         2.8900000000         1.4348277491         0.0304743359         2.5205344614
        0.4104616000         2.8900000000         1.4731126519         0.0432337232         3.5178443248
        0.4154774000         2.8900000000         1.4399324028         0.0508893556         2.6535091099
        0.4204992000         2.8900000000         1.4322754222         0.0534412330         2.4540471372
        0.4254720000         2.8900000000         1.4475893834         0.0636487429         2.8529710826
        0.4304422000         2.8900000000         1.4399324028         0.0789600076         2.6535091099
        0.4354951000         2.8900000000         1.4450370565         0.0917193949         2.7864837583
        0.4404570000         2.8900000000         1.4297230954         0.0942712724         2.3875598130
        0.4455081000         2.8900000000         1.4348277491         0.1044787822         2.5205344614
        0.4504505000         2.8900000000         1.4475893834         0.1274456793         2.8529710826
        0.4555006000         2.8900000000         1.4424847297         0.1376531892         2.7199964341
        0.4604502000         2.8900000000         1.4373800759         0.1427569441         2.5870217857
        0.4654327000         2.8900000000         1.4246184417         0.1529644539         2.2545851645
        0.4704507000         2.8900000000         1.4348277491         0.1631719638         2.5205344614
        0.4754905000         2.8900000000         1.4475893834         0.1733794736         2.8529710826
        0.4804859000         2.8900000000         1.4348277491         0.1810351060         2.5205344614
        0.4854702000         2.8900000000         1.4373800759         0.1937944933         2.5870217857
        0.4904429000         2.8900000000         1.4399324028         0.2040020031         2.6535091099
        0.4955494000         2.8900000000         1.4373800759         0.2116576355         2.5870217857
        0.5004486000         2.8900000000         1.4373800759         0.2346245326         2.5870217857
        0.5054144000         2.8900000000         1.4297230954         0.2320726552         2.3875598130
        0.5104280000         2.8900000000         1.4424847297         0.2499357974         2.7199964341
        0.5154746000         2.8900000000         1.4424847297         0.2626951847         2.7199964341
        0.5204525000         2.8900000000         1.4373800759         0.2652470621         2.5870217857
        0.5255422000         2.8900000000         1.4348277491         0.2729026945         2.5205344614
        0.5304475000         2.8900000000         1.4322754222         0.2907658367         2.4540471372
        0.5354251000         2.8900000000         1.4450370565         0.2984214691         2.7864837583
        0.5404294000         2.8900000000         1.4322754222         0.3060771015         2.4540471372
        0.5454423000         2.8900000000         1.4424847297         0.3213883662         2.7199964341
        0.5504432000         2.8900000000         1.4348277491         0.3213883662         2.5205344614
        0.5554515000         2.8900000000         1.4424847297         0.3366996310         2.7199964341
        0.5604401000         2.8900000000         1.4297230954         0.3392515084         2.3875598130
        0.5654406000         2.8900000000         1.4475893834         0.3622184056         2.8529710826
        0.5704553000         2.8900000000         1.4373800759         0.3673221605         2.5870217857
        0.5755429000         2.8900000000         1.4424847297         0.3826334252         2.7199964341
        0.5804484000         2.8900000000         1.4373800759         0.3877371802         2.5870217857
        0.5854831000         2.8900000000         1.4450370565         0.4081521998         2.7864837583
        0.5905790000         2.8900000000         1.4322754222         0.4081521998         2.4540471372
        0.5954653000         2.8900000000         1.4450370565         0.4183597097         2.7864837583
        0.6004784000         2.8900000000         1.4399324028         0.4336709744         2.6535091099
        0.6054916000         2.8900000000         1.4297230954         0.4362228519         2.3875598130
        0.6104680000         2.8900000000         1.4348277491         0.4464303617         2.5205344614
        0.6156208000         2.8900000000         1.4348277491         0.4566378716         2.5205344614
        0.6222763000         2.8900000000         1.4373800759         0.4719491363         2.5870217857
        0.6255388000         2.8900000000         1.4373800759         0.4770528912         2.5870217857
        0.6304899000         2.8900000000         1.4348277491         0.4872604011         2.5205344614
        0.6355535000         2.8900000000         1.4322754222         0.5000197884         2.4540471372
        0.6404998000         2.8900000000         1.4373800759         0.5127791757         2.5870217857
        0.6455003000         2.8900000000         1.4373800759         0.5229866855         2.5870217857
        0.6504392000         2.8900000000         1.4297230954         0.5229866855         2.3875598130
        0.6555765000         2.8900000000         1.4399324028         0.5382979502         2.6535091099
        0.6604568000         2.8900000000         1.4373800759         0.5536092150         2.5870217857
        0.6654683000         2.8900000000         1.4680079982         0.5536092150         3.3848696764
        0.6705227000         2.8900000000         1.4271707685         0.5638167248         2.3210724888
        0.6755296000         2.8900000000         1.4348277491         0.5714723572         2.5205344614
        0.6805294000         2.8900000000         1.4399324028         0.5944392543         2.6535091099
        0.6855399000         2.8900000000         1.4373800759         0.5969911318         2.5870217857
        0.6905175000         2.8900000000         1.4348277491         0.6020948867         2.5205344614
        0.6954992000         2.8900000000         1.4348277491         0.6174061515         2.5205344614
        0.7005204000         2.8900000000         1.4450370565         0.6352692937         2.7864837583
        0.7055218000         2.8900000000         1.4450370565         0.6454768035         2.7864837583
        0.7105021000         2.8900000000         1.4373800759         0.6480286810         2.5870217857
        0.7154937000         2.8900000000         1.4424847297         0.6658918232         2.7199964341
        0.7205202000         2.8900000000         1.4475893834         0.6684437007         2.8529710826
        0.7254520000         2.8900000000         1.4424847297         0.6863068429         2.7199964341
        0.7304971000         2.8900000000         1.4424847297         0.6914105978         2.7199964341
        0.7356128000         2.8900000000         1.4450370565         0.6990662302         2.7864837583
        0.7405424000         2.8900000000         1.4373800759         0.7220331273         2.5870217857
        0.7456142000         2.8900000000         1.4348277491         0.7143774949         2.5205344614
        0.7504686000         2.8900000000         1.4450370565         0.7347925146         2.7864837583
        0.7556486000         2.8900000000         1.4373800759         0.7424481470         2.5870217857
        0.7605270000         2.8900000000         1.4373800759         0.7577594117         2.5870217857
        0.7654388000         2.8900000000         1.4373800759         0.7603112892         2.5870217857
        0.7704817000         2.8900000000         1.4297230954         0.7705187990         2.3875598130
        0.7757562000         2.8900000000         1.4399324028         0.7883819412         2.6535091099
        0.7804860000         2.8900000000         1.4348277491         0.7909338187         2.5205344614
        0.7855360000         2.8900000000         1.4450370565         0.8062450834         2.7864837583
        0.7905010000         2.8900000000         1.4450370565         0.8011413285         2.7864837583
        0.7954718000         2.8900000000         1.4322754222         0.8215563482         2.4540471372
        0.8004862000         2.8900000000         1.4271707685         0.8241082257         2.3210724888
        0.8054846000         2.8900000000         1.4348277491         0.8368676129         2.5205344614
        0.8104941000         2.8900000000         1.4424847297         0.8547307552         2.7199964341
        0.8154707000         2.8900000000         1.4322754222         0.8598345101         2.4540471372
        0.8204946000         2.8900000000         1.4348277491         0.8674901425         2.5205344614
        0.8254913000         2.8900000000         1.4348277491         0.8751457748         2.5205344614
        0.8304685000         2.8900000000         1.4297230954         0.8904570396         2.3875598130
        0.8354387000         2.8900000000         1.4271707685         0.8930089170         2.3210724888
        0.8405456000         2.8900000000         1.4348277491         0.9083201818         2.5205344614
        0.8455037000         2.8900000000         1.4297230954         0.9210795691         2.3875598130
        0.8504918000         2.8900000000         1.4246184417         0.9236314466         2.2545851645
        0.8556062000         2.8900000000         1.4169614611         0.9210795691         2.0551231918
        0.8604784000         2.8900000000         1.4297230954         0.9440464662         2.3875598130
        0.8655246000         2.8900000000         1.4144091342         0.9465983437         1.9886358676
        0.8704852000         2.8900000000         1.4144091342         0.9568058535         1.9886358676
        0.8754700000         2.8900000000         1.4118568074         0.9619096084         1.9221485434
        0.8804278000         2.8900000000         1.4118568074         0.9695652408         1.9221485434
        0.8854667000         2.8900000000         1.4093044805         0.9797727506         1.8556612192
        0.8905165000         2.8900000000         1.4144091342         0.9848765056         1.9886358676
        0.8954488000         2.8900000000         1.3965428462         0.9899802605         1.5232245980
        0.9004952000         2.8900000000         1.4016475000         0.9950840154         1.6561992465
        0.9054726000         2.8900000000         1.4041998268         1.0052915252         1.7226865707
        0.9105371000         2.8900000000         1.3863335388         1.0001877703         1.2572753011
        0.9155591000         2.8900000000         1.3939905194         1.0103952802         1.4567372738
        0.9205736000         2.8900000000         1.4041998268         1.0180509125         1.7226865707
        0.9255034000         2.8900000000         1.3888858657         1.0154990351         1.3237626254
        0.9305785000         2.8900000000         1.3914381925         1.0231546675         1.3902499496
        0.9355382000         2.8900000000         1.3990951731         1.0308102998         1.5897119223
        0.9405345000         2.8900000000         1.3990951731         1.0435696871         1.5897119223
        0.9455289000         2.8900000000         1.3965428462         1.0384659322         1.5232245980
        0.9504947000         2.8900000000         1.3990951731         1.0512253195         1.5897119223
        0.9554927000         2.8900000000         1.4067521537         1.0614328293         1.7891738949
        0.9605353000         2.8900000000         1.4093044805         1.0690884617         1.8556612192
        0.9655823000         2.8900000000         1.4041998268         1.0690884617         1.7226865707
        0.9705598000         2.8900000000         1.4195137880         1.0869516039         2.1216105161
        0.9755196000         2.8900000000         1.4169614611         1.0946072363         2.0551231918
        0.9804823000         2.8900000000         1.4144091342         1.0946072363         1.9886358676
        0.9855332000         2.8900000000         1.4144091342         1.0971591138         1.9886358676
        0.9904342000         2.8900000000         1.4246184417         1.1175741334         2.2545851645
        0.9954493000         2.8900000000         1.4144091342         1.1124703785         1.9886358676
        1.0005437000         2.8900000000         1.4169614611         1.1277816433         2.0551231918
        1.0055031000         2.8900000000         1.4246184417         1.1405410306         2.2545851645
        1.0104801000         2.8900000000         1.4220661148         1.1379891531         2.1880978403
        1.0154677000         2.8900000000         1.4424847297         1.1481966629         2.7199964341
        1.0205374000         2.8900000000         1.4220661148         1.1584041728         2.1880978403
        1.0255138000         2.8900000000         1.4169614611         1.1609560502         2.0551231918
        1.0305121000         2.8900000000         1.4297230954         1.1839229474         2.3875598130
        1.0355208000         2.8900000000         1.4475893834         1.1864748248         2.8529710826
        1.0404869000         2.8900000000         1.4271707685         1.1890267023         2.3210724888
        1.0454516000         2.8900000000         1.4195137880         1.1966823347         2.1216105161
        1.0504830000         2.8900000000         1.4220661148         1.2017860896         2.1880978403
        1.0554763000         2.8900000000         1.4399324028         1.2273048642         2.6535091099
        1.0604787000         2.8900000000         1.4271707685         1.2273048642         2.3210724888
        1.0654871000         2.8900000000         1.4246184417         1.2298567416         2.2545851645
        1.0706165000         2.8900000000         1.4322754222         1.2502717613         2.4540471372
        1.0755172000         2.8900000000         1.4297230954         1.2502717613         2.3875598130
        1.0804517000         2.8900000000         1.4348277491         1.2706867810         2.5205344614
        1.0854168000         2.8900000000         1.4297230954         1.2706867810         2.3875598130
        1.0904128000         2.8900000000         1.4271707685         1.2757905359         2.3210724888
        1.0954836000         2.8900000000         1.4246184417         1.2808942908         2.2545851645
        1.1004326000         2.8900000000         1.4629033445         1.3038611879         3.2518950279
        1.1054896000         2.8900000000         1.4399324028         1.3115168203         2.6535091099
        1.1104906000         2.8900000000         1.4348277491         1.3217243302         2.5205344614
        1.1156296000         2.8900000000         1.4271707685         1.3293799625         2.3210724888
        1.1208373000         2.8900000000         1.4348277491         1.3421393498         2.5205344614
        1.1255266000         2.8900000000         1.4373800759         1.3523468597         2.5870217857
        1.1304761000         2.8900000000         1.4246184417         1.3472431047         2.2545851645
        1.1356708000         2.8900000000         1.4246184417         1.3574506146         2.2545851645
        1.1406380000         2.8900000000         1.4271707685         1.3651062470         2.3210724888
        1.1456150000         2.8900000000         1.4297230954         1.3855212666         2.3875598130
        1.1508279000         2.8900000000         1.4322754222         1.3880731441         2.4540471372
        1.1556272000         2.8900000000         1.4322754222         1.3957287765         2.4540471372
        1.1604861000         2.8900000000         1.4297230954         1.4033844088         2.3875598130
        1.1655188000         2.8900000000         1.4348277491         1.4161437961         2.5205344614
        1.1706107000         2.8900000000         1.4424847297         1.4340069384         2.7199964341
        1.1756368000         2.8900000000         1.4297230954         1.4391106933         2.3875598130
        1.1806531000         2.8900000000         1.4373800759         1.4518700806         2.5870217857
        1.1854871000         2.8900000000         1.4399324028         1.4569738355         2.6535091099
        1.1904595000         2.8900000000         1.4373800759         1.4722851002         2.5870217857
        1.1955787000         2.8900000000         1.4220661148         1.4697332228         2.1880978403
        1.2004409000         2.8900000000         1.4373800759         1.4850444875         2.5870217857
        1.2055365000         2.8900000000         1.4424847297         1.4978038748         2.7199964341
        1.2104759000         2.8900000000         1.4297230954         1.5029076297         2.3875598130
        1.2154786000         2.8900000000         1.4348277491         1.5131151396         2.5205344614
        1.2205622000         2.8900000000         1.4322754222         1.5207707720         2.4540471372
        1.2255134000         2.8900000000         1.4475893834         1.5258745269         2.8529710826
        1.2304193000         2.8900000000         1.4348277491         1.5360820367         2.5205344614
        1.2355351000         2.8900000000         1.4297230954         1.5462895465         2.3875598130
        1.2404171000         2.8900000000         1.4450370565         1.5616008113         2.7864837583
        1.2454914000         2.8900000000         1.4322754222         1.5718083211         2.4540471372
        1.2504528000         2.8900000000         1.4373800759         1.5794639535         2.5870217857
        1.2554194000         2.8900000000         1.4246184417         1.5845677084         2.2545851645
        1.2604363000         2.8900000000         1.4195137880         1.5871195859         2.1216105161
        1.2655479000         2.8900000000         1.4144091342         1.5947752183         1.9886358676
        1.2705827000         2.8900000000         1.4246184417         1.6024308506         2.2545851645
        1.2755456000         2.8900000000         1.4220661148         1.6177421154         2.1880978403
        1.2805459000         2.8900000000         1.4220661148         1.6202939929         2.1880978403
        1.2855869000         2.8900000000         1.4220661148         1.6330533802         2.1880978403
        1.2905260000         2.8900000000         1.4246184417         1.6407090125         2.2545851645
        1.2955360000         2.8900000000         1.4297230954         1.6483646449         2.3875598130
        1.3004959000         2.8900000000         1.4348277491         1.6662277871         2.5205344614
        1.3055312000         2.8900000000         1.4322754222         1.6662277871         2.4540471372
        1.3104824000         2.8900000000         1.4246184417         1.6738834195         2.2545851645
        1.3154879000         2.8900000000         1.4629033445         1.6917465617         3.2518950279
        1.3205076000         2.8900000000         1.4322754222         1.6994021941         2.4540471372
        1.3254376000         2.8900000000         1.4118568074         1.6968503166         1.9221485434
        1.3305488000         2.8900000000         1.4271707685         1.7070578265         2.3210724888
        1.3355706000         2.8900000000         1.4373800759         1.7274728461         2.5870217857
        1.3404128000         2.8900000000         1.4195137880         1.7300247236         2.1216105161
        1.3454320000         2.8900000000         1.4271707685         1.7376803560         2.3210724888
        1.3505169000         2.8900000000         1.4399324028         1.7555434982         2.6535091099
        1.3554648000         2.8900000000         1.4271707685         1.7555434982         2.3210724888
        1.3604733000         2.8900000000         1.4322754222         1.7683028855         2.4540471372
        1.3657673000         2.8900000000         1.4348277491         1.7785103953         2.5205344614
        1.3705075000         2.8900000000         1.4501417102         1.7810622728         2.9194584068
        1.3755108000         2.8900000000         1.4399324028         1.8065810474         2.6535091099
        1.3805130000         2.8900000000         1.4322754222         1.8040291699         2.4540471372
        1.3855322000         2.8900000000         1.4297230954         1.8116848023         2.3875598130
        1.3904902000         2.8900000000         1.4399324028         1.8295479445         2.6535091099
        1.3955319000         2.8900000000         1.4271707685         1.8423073318         2.3210724888
        1.4005216000         2.8900000000         1.4475893834         1.8499629642         2.8529710826
        1.4055170000         2.8900000000         1.4297230954         1.8474110867         2.3875598130
        1.4104790000         2.8900000000         1.4348277491         1.8601704740         2.5205344614
        1.4154531000         2.8900000000         1.4322754222         1.8652742289         2.4540471372
        1.4205050000         2.8900000000         1.4348277491         1.8805854937         2.5205344614
        1.4255311000         2.8900000000         1.4348277491         1.8907930035         2.5205344614
        1.4305174000         2.8900000000         1.4373800759         1.9061042683         2.5870217857
        1.4355448000         2.8900000000         1.4373800759         1.9010005134         2.5870217857
        1.4404882000         2.8900000000         1.4322754222         1.9163117781         2.4540471372
        1.4454923000         2.8900000000         1.4271707685         1.9239674105         2.3210724888
        1.4504774000         2.8900000000         1.4297230954         1.9341749203         2.3875598130
        1.4555036000         2.8900000000         1.4424847297         1.9494861851         2.7199964341
        1.4605263000         2.8900000000         1.4271707685         1.9494861851         2.3210724888
        1.4655293000         2.8900000000         1.4373800759         1.9647974498         2.5870217857
        1.4705669000         2.8900000000         1.4399324028         1.9801087146         2.6535091099
        1.4755142000         2.8900000000         1.4373800759         1.9903162244         2.5870217857
        1.4805078000         2.8900000000         1.4399324028         1.9954199793         2.6535091099
        1.4855241000         2.8900000000         1.4373800759         2.0005237343         2.5870217857
        1.4905050000         2.8900000000         1.4399324028         2.0132831215         2.6535091099
        1.4954540000         2.8900000000         1.4373800759         2.0234906314         2.5870217857
        1.5005078000         2.8900000000         1.4322754222         2.0362500187         2.4540471372
        1.5054631000         2.8900000000         1.4475893834         2.0490094060         2.8529710826
        1.5105201000         2.8900000000         1.4450370565         2.0566650383         2.7864837583
        1.5155729000         2.8900000000         1.4424847297         2.0643206707         2.7199964341
        1.5204661000         2.8900000000         1.4373800759         2.0719763031         2.5870217857
        1.5255199000         2.8900000000         1.4424847297         2.0898394453         2.7199964341
        1.5305229000         2.8900000000         1.4424847297         2.0949432002         2.7199964341
        1.5355617000         2.8900000000         1.4450370565         2.1102544650         2.7864837583
        1.5406537000         2.8900000000         1.4348277491         2.1153582199         2.5205344614
        1.5456168000         2.8900000000         1.4348277491         2.1255657297         2.5205344614
        1.5505225000         2.8900000000         1.4399324028         2.1332213621         2.6535091099
        1.5556392000         2.8900000000         1.4348277491         2.1434288720         2.5205344614
        1.5605322000         2.8900000000         1.4373800759         2.1510845043         2.5870217857
        1.5654982000         2.8900000000         1.4373800759         2.1612920142         2.5870217857
        1.5704843000         2.8900000000         1.4424847297         2.1766032789         2.7199964341
        1.5754535000         2.8900000000         1.4322754222         2.1791551564         2.4540471372
        1.5804677000         2.8900000000         1.4348277491         2.1970182986         2.5205344614
        1.5854433000         2.8900000000         1.4373800759         2.1995701761         2.5870217857
        1.5904435000         2.8900000000         1.4373800759         2.2097776859         2.5870217857
        1.5954513000         2.8900000000         1.4348277491         2.2148814408         2.5205344614
        1.6004414000         2.8900000000         1.4424847297         2.2378483379         2.7199964341
        1.6054518000         2.8900000000         1.4348277491         2.2352964605         2.5205344614
        1.6104455000         2.8900000000         1.4373800759         2.2582633576         2.5870217857
        1.6155343000         2.8900000000         1.4475893834         2.2659189900         2.8529710826
        1.6205277000         2.8900000000         1.4271707685         2.2659189900         2.3210724888
        1.6255311000         2.8900000000         1.4450370565         2.2812302547         2.7864837583
        1.6306238000         2.8900000000         1.4373800759         2.2939896420         2.5870217857
        1.6356306000         2.8900000000         1.4348277491         2.2990933970         2.5205344614
        1.6404896000         2.8900000000         1.4450370565         2.3118527843         2.7864837583
        1.6454525000         2.8900000000         1.4450370565         2.3220602941         2.7864837583
        1.6505420000         2.8900000000         1.4450370565         2.3424753138         2.7864837583
        1.6555422000         2.8900000000         1.4526940371         2.3450271912         2.9859457310
        1.6604457000         2.8900000000         1.4424847297         2.3577865785         2.7199964341
        1.6655051000         2.8900000000         1.4450370565         2.3730978433         2.7864837583
        1.6705335000         2.8900000000         1.4373800759         2.3705459658         2.5870217857
        1.6755053000         2.8900000000         1.4373800759         2.3833053531         2.5870217857
        1.6804865000         2.8900000000         1.4271707685         2.3909609855         2.3210724888
        1.6854518000         2.8900000000         1.4450370565         2.4062722502         2.7864837583
        1.6904653000         2.8900000000         1.4297230954         2.4113760052         2.3875598130
        1.6954236000         2.8900000000         1.4450370565         2.4266872699         2.7864837583
        1.7004656000         2.8900000000         1.4373800759         2.4317910248         2.5870217857
        1.7056126000         2.8900000000         1.4526940371         2.4547579220         2.9859457310
        1.7105447000         2.8900000000         1.4501417102         2.4649654318         2.9194584068
        1.7154850000         2.8900000000         1.4424847297         2.4726210642         2.7199964341
        1.7206373000         2.8900000000         1.4399324028         2.4828285740         2.6535091099
        1.7255563000         2.8900000000         1.4399324028         2.4904842064         2.6535091099
        1.7304363000         2.8900000000         1.4373800759         2.4955879613         2.5870217857
        1.7360968000         2.8900000000         1.4475893834         2.5185548584         2.8529710826
        1.7406932000         2.8900000000         1.4450370565         2.5236586133         2.7864837583
        1.7458604000         2.8900000000         1.4348277491         2.5262104908         2.5205344614
        1.7504374000         2.8900000000         1.4373800759         2.5364180006         2.5870217857
        1.7561022000         2.8900000000         1.4399324028         2.5619367752         2.6535091099
        1.7604422000         2.8900000000         1.4424847297         2.5670405302         2.7199964341
        1.7654837000         2.8900000000         1.4373800759         2.5695924076         2.5870217857
        1.7705271000         2.8900000000         1.4373800759         2.5823517949         2.5870217857
        1.7755352000         2.8900000000         1.4424847297         2.5951111822         2.7199964341
        1.7804551000         2.8900000000         1.4450370565         2.6078705695         2.7864837583
        1.7855316000         2.8900000000         1.4399324028         2.6231818342         2.6535091099
        1.7905063000         2.8900000000         1.4424847297         2.6282855892         2.7199964341
        1.7955406000         2.8900000000         1.4399324028         2.6384930990         2.6535091099
        1.8004589000         2.8900000000         1.4552463639         2.6538043638         3.0524330552
        1.8055161000         2.8900000000         1.4348277491         2.6512524863         2.5205344614
        1.8105316000         2.8900000000         1.4501417102         2.6742193834         2.9194584068
        1.8155015000         2.8900000000         1.4322754222         2.6716675060         2.4540471372
        1.8205377000         2.8900000000         1.4552463639         2.6895306482         3.0524330552
        1.8255040000         2.8900000000         1.4399324028         2.7022900355         2.6535091099
        1.8304683000         2.8900000000         1.4373800759         2.7048419129         2.5870217857
        1.8354593000         2.8900000000         1.4373800759         2.7201531777         2.5870217857
        1.8405299000         2.8900000000         1.4475893834         2.7380163199         2.8529710826
        1.8455636000         2.8900000000         1.4373800759         2.7405681974         2.5870217857
        1.8505193000         2.8900000000         1.4399324028         2.7533275847         2.6535091099
        1.8554369000         2.8900000000         1.4348277491         2.7558794621         2.5205344614
        1.8604806000         2.8900000000         1.4373800759         2.7686388494         2.5870217857
        1.8654672000         2.8900000000         1.4399324028         2.7813982367         2.6535091099
        1.8704569000         2.8900000000         1.4501417102         2.7916057465         2.9194584068
        1.8755327000         2.8900000000         1.4348277491         2.7992613789         2.5205344614
        1.8805198000         2.8900000000         1.4348277491         2.8094688888         2.5205344614
        1.8855523000         2.8900000000         1.4424847297         2.8196763986         2.7199964341
        1.8905464000         2.8900000000         1.4450370565         2.8324357859         2.7864837583
        1.8955300000         2.8900000000         1.4450370565         2.8528508056         2.7864837583
        1.9004663000         2.8900000000         1.4424847297         2.8579545605         2.7199964341
        1.9054834000         2.8900000000         1.4475893834         2.8732658252         2.8529710826
        1.9104930000         2.8900000000         1.4475893834         2.8834733351         2.8529710826
        1.9155169000         2.8900000000         1.4475893834         2.8911289674         2.8529710826
        1.9204228000         2.8900000000         1.4373800759         2.9013364773         2.5870217857
        1.9255266000         2.8900000000         1.4501417102         2.9140958646         2.9194584068
        1.9305046000         2.8900000000         1.4348277491         2.9140958646         2.5205344614
        1.9354715000         2.8900000000         1.4475893834         2.9370627617         2.8529710826
        1.9405081000         2.8900000000         1.4475893834         2.9421665166         2.8529710826
        1.9455077000         2.8900000000         1.4501417102         2.9498221490         2.9194584068
        1.9505372000         2.8900000000         1.4399324028         2.9625815363         2.6535091099
        1.9554422000         2.8900000000         1.4526940371         2.9829965560         2.9859457310
        1.9604962000         2.8900000000         1.4399324028         2.9778928011         2.6535091099
        1.9655064000         2.8900000000         1.4399324028         2.9983078207         2.6535091099
        1.9705885000         2.8900000000         1.4399324028         2.9983078207         2.6535091099
        1.9755972000         2.8900000000         1.4424847297         3.0161709629         2.7199964341
        1.9806096000         2.8900000000         1.4475893834         3.0365859826         2.8529710826
        1.9855588000         2.8900000000         1.4322754222         3.0340341051         2.4540471372
        1.9906048000         2.8900000000         1.4475893834         3.0544491248         2.8529710826
        1.9956246000         2.8900000000         1.4399324028         3.0595528797         2.6535091099
        2.0006162000         2.8900000000         1.4424847297         3.0672085121         2.7199964341
        2.0054936000         2.8900000000         1.4322754222         3.0799678994         2.4540471372
        2.0105990000         2.8900000000         1.4424847297         3.0876235318         2.7199964341
        2.0156296000         2.8900000000         1.4373800759         3.0901754092         2.5870217857
        2.0206655000         2.8900000000         1.4399324028         3.1080385515         2.6535091099
        2.0255191000         2.8900000000         1.4399324028         3.1182460613         2.6535091099
        2.0305223000         2.8900000000         1.4450370565         3.1335573261         2.7864837583
        2.0356634000         2.8900000000         1.4373800759         3.1386610810         2.5870217857
        2.0405877000         2.8900000000         1.4348277491         3.1412129584         2.5205344614
        2.0456233000         2.8900000000         1.4271707685         3.1488685908         2.3210724888
        2.0506083000         2.8900000000         1.4322754222         3.1616279781         2.4540471372
        2.0556189000         2.8900000000         1.4475893834         3.1845948752         2.8529710826
        2.0605728000         2.8900000000         1.4373800759         3.1871467527         2.5870217857
        2.0656631000         2.8900000000         1.4399324028         3.1999061400         2.6535091099
        2.0704709000         2.8900000000         1.4271707685         3.2075617724         2.3210724888
        2.0755241000         2.8900000000         1.4399324028         3.2203211597         2.6535091099
        2.0806538000         2.8900000000         1.4373800759         3.2279767920         2.5870217857
        2.0855635000         2.8900000000         1.4450370565         3.2432880568         2.7864837583
        2.0904926000         2.8900000000         1.4450370565         3.2483918117         2.7864837583
        2.0956288000         2.8900000000         1.4297230954         3.2585993215         2.3875598130
        2.1005217000         2.8900000000         1.4399324028         3.2611511990         2.6535091099
        2.1055661000         2.8900000000         1.4424847297         3.2866699736         2.7199964341
        2.1104693000         2.8900000000         1.4399324028         3.2866699736         2.6535091099
        2.1155984000         2.8900000000         1.4399324028         3.2968774834         2.6535091099
        2.1206563000         2.8900000000         1.4424847297         3.3070849933         2.7199964341
        2.1256604000         2.8900000000         1.4373800759         3.3172925031         2.5870217857
        2.1306353000         2.8900000000         1.4501417102         3.3275000129         2.9194584068
        2.1356739000         2.8900000000         1.4373800759         3.3402594002         2.5870217857
        2.1406911000         2.8900000000         1.4501417102         3.3555706650         2.9194584068
        2.1454648000         2.8900000000         1.4348277491         3.3555706650         2.5205344614
        2.1505104000         2.8900000000         1.4501417102         3.3810894396         2.9194584068
        2.1555700000         2.8900000000         1.4373800759         3.3785375621         2.5870217857
        2.1605918000         2.8900000000         1.4475893834         3.3938488269         2.8529710826
        2.1655410000         2.8900000000         1.4348277491         3.3989525818         2.5205344614
        2.1705449000         2.8900000000         1.4577986908         3.4193676015         3.1189203795
        2.1756923000         2.8900000000         1.4450370565         3.4244713564         2.7864837583
        2.1806623000         2.8900000000         1.4450370565         3.4295751113         2.7864837583
        2.1855888000         2.8900000000         1.4501417102         3.4499901310         2.9194584068
        2.1906147000         2.8900000000         1.4475893834         3.4627495183         2.8529710826
        2.1955311000         2.8900000000         1.4501417102         3.4755089056         2.9194584068
        2.2004731000         2.8900000000         1.4501417102         3.4806126605         2.9194584068
        2.2055616000         2.8900000000         1.4475893834         3.4908201703         2.8529710826
        2.2108767000         2.8900000000         1.4475893834         3.5061314351         2.8529710826
        2.2156695000         2.8900000000         1.4450370565         3.5163389449         2.7864837583
        2.2206903000         2.8900000000         1.4501417102         3.5239945773         2.9194584068
        2.2256560000         2.8900000000         1.4475893834         3.5342020871         2.8529710826
        2.2306507000         2.8900000000         1.4424847297         3.5418577195         2.7199964341
        2.2356468000         2.8900000000         1.4399324028         3.5622727392         2.6535091099
        2.2406634000         2.8900000000         1.4475893834         3.5648246166         2.8529710826
        2.2456039000         2.8900000000         1.4450370565         3.5775840039         2.7864837583
        2.2506633000         2.8900000000         1.4450370565         3.5877915138         2.7864837583
        2.2556670000         2.8900000000         1.4577986908         3.6082065334         3.1189203795
        2.2606651000         2.8900000000         1.4399324028         3.6056546560         2.6535091099
        2.2657244000         2.8900000000         1.4552463639         3.6158621658         3.0524330552
        2.2706228000         2.8900000000         1.4552463639         3.6413809404         3.0524330552
        2.2756243000         2.8900000000         1.4399324028         3.6439328179         2.6535091099
        2.2806325000         2.8900000000         1.4373800759         3.6515884502         2.5870217857
        2.2857281000         2.8900000000         1.4424847297         3.6643478375         2.7199964341
        2.2905246000         2.8900000000         1.4475893834         3.6796591023         2.8529710826
        2.2955201000         2.8900000000         1.4526940371         3.6898666121         2.9859457310
        2.3007071000         2.8900000000         1.4577986908         3.7051778769         3.1189203795
        2.3056428000         2.8900000000         1.4399324028         3.7051778769         2.6535091099
        2.3107007000         2.8900000000         1.4424847297         3.7230410191         2.7199964341
        2.3156179000         2.8900000000         1.4424847297         3.7332485289         2.7199964341
        2.3206586000         2.8900000000         1.4424847297         3.7383522838         2.7199964341
        2.3256617000         2.8900000000         1.4526940371         3.7536635486         2.9859457310
        2.3306936000         2.8900000000         1.4603510177         3.7664229359         3.1854077037
        2.3356964000         2.8900000000         1.4884266131         3.7715266908         3.9167682702
        2.3405812000         2.8900000000         1.4399324028         3.7868379556         2.6535091099
        2.3456744000         2.8900000000         1.4424847297         3.8021492203         2.7199964341
        2.3506131000         2.8900000000         1.4424847297         3.8021492203         2.7199964341
        2.3555925000         2.8900000000         1.4348277491         3.8149086076         2.5205344614
        2.3606044000         2.8900000000         1.4501417102         3.8302198724         2.9194584068
        2.3657185000         2.8900000000         1.4450370565         3.8455311371         2.7864837583
        2.3706086000         2.8900000000         1.4424847297         3.8480830146         2.7199964341
        2.3756619000         2.8900000000         1.4399324028         3.8633942793         2.6535091099
        2.3806507000         2.8900000000         1.4424847297         3.8684980342         2.7199964341
        2.3856900000         2.8900000000         1.4373800759         3.8787055441         2.5870217857
        2.3906922000         2.8900000000         1.4450370565         3.8863611765         2.7864837583
        2.3954787000         2.8900000000         1.4373800759         3.9016724412         2.5870217857
        2.4005660000         2.8900000000         1.4322754222         3.9042243187         2.4540471372
        2.4056413000         2.8900000000         1.4450370565         3.9271912158         2.7864837583
        2.4106194000         2.8900000000         1.4424847297         3.9271912158         2.7199964341
        2.4156898000         2.8900000000         1.4322754222         3.9399506031         2.4540471372
        2.4206132000         2.8900000000         1.4373800759         3.9501581129         2.5870217857
        2.4255694000         2.8900000000         1.4373800759         3.9654693777         2.5870217857
        2.4305921000         2.8900000000         1.4322754222         3.9680212551         2.4540471372
        2.4361139000         2.8900000000         1.4450370565         3.9833325199         2.7864837583
        2.4405843000         2.8900000000         1.4373800759         3.9935400297         2.5870217857
        2.4455442000         2.8900000000         1.4373800759         4.0062994170         2.5870217857
        2.4505490000         2.8900000000         1.4348277491         4.0088512945         2.5205344614
        2.4555894000         2.8900000000         1.4373800759         4.0165069269         2.5870217857
        2.4605442000         2.8900000000         1.4297230954         4.0343700691         2.3875598130
        2.4655205000         2.8900000000         1.4246184417         4.0343700691         2.2545851645
        2.4706548000         2.8900000000         1.4322754222         4.0420257015         2.4540471372
        2.4756032000         2.8900000000         1.4348277491         4.0624407211         2.5205344614
        2.4805574000         2.8900000000         1.4348277491         4.0752001084         2.5205344614
        2.4856911000         2.8900000000         1.4271707685         4.0726482310         2.3210724888
        2.4906085000         2.8900000000         1.4246184417         4.0854076183         2.2545851645
        2.4956031000         2.8900000000         1.4373800759         4.0981670056         2.5870217857
        2.5006626000         2.8900000000         1.4246184417         4.1032707605         2.2545851645
        2.5054869000         2.8900000000         1.4424847297         4.1058226379         2.7199964341
        2.5105007000         2.8900000000         1.4195137880         4.1160301478         2.1216105161
        2.5154666000         2.8900000000         1.4399324028         4.1364451674         2.6535091099
        2.5205260000         2.8900000000         1.4220661148         4.1313414125         2.1880978403
        2.5255824000         2.8900000000         1.4399324028         4.1543083097         2.6535091099
        2.5304760000         2.8900000000         1.4322754222         4.1619639420         2.4540471372
        2.5354391000         2.8900000000         1.4169614611         4.1619639420         2.0551231918
        2.5406550000         2.8900000000         1.4271707685         4.1798270842         2.3210724888
        2.5455982000         2.8900000000         1.4271707685         4.1798270842         2.3210724888
        2.5505731000         2.8900000000         1.4271707685         4.1951383490         2.3210724888
        2.5555574000         2.8900000000         1.4348277491         4.2078977363         2.5205344614
        2.5605384000         2.8900000000         1.4271707685         4.2104496138         2.3210724888
        2.5654809000         2.8900000000         1.4246184417         4.2181052461         2.2545851645
        2.5705672000         2.8900000000         1.4271707685         4.2334165109         2.3210724888
        2.5755265000         2.8900000000         1.4399324028         4.2512796531         2.6535091099
        2.5805616000         2.8900000000         1.4246184417         4.2410721433         2.2545851645
        2.5856414000         2.8900000000         1.4297230954         4.2614871629         2.3875598130
        2.5905756000         2.8900000000         1.4373800759         4.2767984277         2.5870217857
        2.5955596000         2.8900000000         1.4220661148         4.2742465502         2.1880978403
        2.6006877000         2.8900000000         1.4373800759         4.2870059375         2.5870217857
        2.6055641000         2.8900000000         1.4271707685         4.3023172023         2.3210724888
        2.6106749000         2.8900000000         1.4195137880         4.2997653248         2.1216105161
        2.6154809000         2.8900000000         1.4271707685         4.3125247121         2.3210724888
        2.6205894000         2.8900000000         1.4322754222         4.3303878543         2.4540471372
        2.6255553000         2.8900000000         1.4271707685         4.3329397318         2.3210724888
        2.6305757000         2.8900000000         1.4195137880         4.3380434867         2.1216105161
        2.6355625000         2.8900000000         1.4322754222         4.3584585064         2.4540471372
        2.6405214000         2.8900000000         1.4271707685         4.3584585064         2.3210724888
        2.6455839000         2.8900000000         1.4475893834         4.3788735260         2.8529710826
        2.6505420000         2.8900000000         1.4424847297         4.3788735260         2.7199964341
        2.6555722000         2.8900000000         1.4220661148         4.3890810359         2.1880978403
        2.6605919000         2.8900000000         1.4220661148         4.3967366683         2.1880978403
        2.6654602000         2.8900000000         1.4297230954         4.4069441781         2.3875598130
        2.6705295000         2.8900000000         1.4246184417         4.4145998105         2.2545851645
        2.6754981000         2.8900000000         1.4322754222         4.4222554428         2.4540471372
        2.6806584000         2.8900000000         1.4348277491         4.4375667076         2.5205344614
        2.6856507000         2.8900000000         1.4322754222         4.4426704625         2.4540471372
        2.6906042000         2.8900000000         1.4322754222         4.4528779724         2.4540471372
        2.6956776000         2.8900000000         1.4297230954         4.4605336047         2.3875598130
        2.7005552000         2.8900000000         1.4246184417         4.4707411146         2.2545851645
        2.7055334000         2.8900000000         1.4297230954         4.4732929920         2.3875598130
        2.7106894000         2.8900000000         1.4246184417         4.4835005019         2.2545851645
        2.7154712000         2.8900000000         1.4373800759         4.5064673990         2.5870217857
        2.7207471000         2.8900000000         1.4322754222         4.5141230314         2.4540471372
        2.7256808000         2.8900000000         1.4399324028         4.5243305412         2.6535091099
        2.7306130000         2.8900000000         1.4271707685         4.5217786637         2.3210724888
        2.7355785000         2.8900000000         1.4297230954         4.5396418060         2.3875598130
        2.7405686000         2.8900000000         1.4246184417         4.5421936834         2.2545851645
        2.7457317000         2.8900000000         1.4220661148         4.5524011933         2.1880978403
        2.7506227000         2.8900000000         1.4399324028         4.5677124580         2.6535091099
        2.7555929000         2.8900000000         1.4348277491         4.5830237228         2.5205344614
        2.7606006000         2.8900000000         1.4297230954         4.5881274777         2.3875598130
        2.7655260000         2.8900000000         1.4399324028         4.6034387424         2.6535091099
        2.7705565000         2.8900000000         1.4220661148         4.6059906199         2.1880978403
        2.7755785000         2.8900000000         1.4373800759         4.6238537621         2.5870217857
        2.7805672000         2.8900000000         1.4399324028         4.6238537621         2.6535091099
        2.7856490000         2.8900000000         1.4271707685         4.6315093945         2.3210724888
        2.7905995000         2.8900000000         1.4271707685         4.6468206592         2.3210724888
        2.7955601000         2.8900000000         1.4399324028         4.6570281691         2.6535091099
        2.8006007000         2.8900000000         1.4297230954         4.6672356789         2.3875598130
        2.8056274000         2.8900000000         1.4297230954         4.6697875564         2.3875598130
        2.8105873000         2.8900000000         1.4373800759         4.6927544535         2.5870217857
        2.8155554000         2.8900000000         1.4271707685         4.6902025760         2.3210724888
        2.8205731000         2.8900000000         1.4348277491         4.7055138408         2.5205344614
        2.8255529000         2.8900000000         1.4399324028         4.7208251056         2.6535091099
        2.8305236000         2.8900000000         1.4424847297         4.7335844928         2.7199964341
        2.8355465000         2.8900000000         1.4297230954         4.7386882478         2.3875598130
        2.8405547000         2.8900000000         1.4373800759         4.7463438801         2.5870217857
        2.8455874000         2.8900000000         1.4322754222         4.7565513900         2.4540471372
        2.8505316000         2.8900000000         1.4348277491         4.7693107773         2.5205344614
        2.8556561000         2.8900000000         1.4348277491         4.7769664097         2.5205344614
        2.8604891000         2.8900000000         1.4348277491         4.7795182871         2.5205344614
        2.8654168000         2.8900000000         1.4424847297         4.8050370617         2.7199964341
        2.8704398000         2.8900000000         1.4322754222         4.8075889392         2.4540471372
        2.8754811000         2.8900000000         1.4373800759         4.8203483265         2.5870217857
        2.8804536000         2.8900000000         1.4348277491         4.8229002039         2.5205344614
        2.8855193000         2.8900000000         1.4399324028         4.8484189785         2.6535091099
        2.8904777000         2.8900000000         1.4271707685         4.8509708560         2.3210724888
        2.8954972000         2.8900000000         1.4271707685         4.8560746109         2.3210724888
        2.9005526000         2.8900000000         1.4399324028         4.8713858756         2.6535091099
        2.9055791000         2.8900000000         1.4424847297         4.8892490178         2.7199964341
        2.9104657000         2.8900000000         1.4271707685         4.8866971404         2.3210724888
        2.9154588000         2.8900000000         1.4348277491         4.8969046502         2.5205344614
        2.9205633000         2.8900000000         1.4450370565         4.9173196699         2.7864837583
        2.9255842000         2.8900000000         1.4348277491         4.9224234248         2.5205344614
        2.9304793000         2.8900000000         1.4348277491         4.9351828121         2.5205344614
        2.9354696000         2.8900000000         1.4424847297         4.9479421994         2.7199964341
        2.9404388000         2.8900000000         1.4348277491         4.9530459543         2.5205344614
        2.9454716000         2.8900000000         1.4322754222         4.9581497092         2.4540471372
        2.9504717000         2.8900000000         1.4322754222         4.9760128515         2.4540471372
        2.9556519000         2.8900000000         1.4271707685         4.9734609740         2.3210724888
        2.9604394000         2.8900000000         1.4424847297         5.0015316260         2.7199964341
        2.9654912000         2.8900000000         1.4450370565         5.0040835035         2.7864837583
        2.9704612000         2.8900000000         1.4373800759         5.0117391359         2.5870217857
        2.9754707000         2.8900000000         1.4373800759         5.0066353810         2.5870217857
        2.9804392000         2.8900000000         1.4373800759         5.0117391359         2.5870217857
        2.9854667000         2.8900000000         1.4348277491         5.0015316260         2.5205344614
        2.9904484000         2.8900000000         1.4348277491         5.0066353810         2.5205344614
        2.9954421000         2.8900000000         1.4373800759         5.0066353810         2.5870217857
        3.0004707000         2.8900000000         1.4322754222         5.0066353810         2.4540471372
        3.0054982000         2.8900000000         1.4322754222         5.0015316260         2.4540471372
        3.0104435000         2.8900000000         1.4348277491         5.0066353810         2.5205344614
        3.0155004000         2.8900000000         1.4322754222         5.0066353810         2.4540471372
        3.0205347000         2.8900000000         1.4475893834         5.0091872584         2.8529710826
        3.0255442000         2.8900000000         1.4424847297         5.0091872584         2.7199964341
        3.0305328000         2.8900000000         1.4297230954         4.9964278711         2.3875598130
        3.0354675000         2.8900000000         1.4399324028         1.1201260109         2.6535091099
        3.0404556000         2.8900000000         1.4297230954         1.0946072363         2.3875598130
        3.0455861000         2.8900000000         1.4271707685         1.1073666236         2.3210724888
        3.0505039000         2.8900000000         1.4373800759         1.1124703785         2.5870217857
        3.0555085000         2.8900000000         1.4424847297         1.1150222560         2.7199964341
        3.0604442000         2.8900000000         1.4322754222         1.1124703785         2.4540471372
        3.0654504000         2.8900000000         1.4373800759         0.0024036839         2.5870217857
        3.0705804000         2.8900000000         1.4373800759         0.0024036839         2.5870217857
        3.0755550000         2.8900000000         1.4373800759         0.0100593162         2.5870217857
        3.0805882000         2.8900000000         1.4271707685         0.0024036839         2.3210724888
        3.0861441000         2.8900000000         1.4450370565         0.0075074388         2.7864837583
        3.0906176000         2.8900000000         1.4297230954         0.0024036839         2.3875598130
        3.0955802000         2.8900000000         1.4348277491         0.0024036839         2.5205344614
        3.1005578000         2.8900000000         1.4373800759        -0.0001481936         2.5870217857
        3.1055472000         2.8900000000         1.4501417102         0.0075074388         2.9194584068
        3.1104917000         2.8900000000         1.4322754222         0.0024036839         2.4540471372
        3.1154326000         2.8900000000         1.4348277491         0.0024036839         2.5205344614
        3.1205146000         2.8900000000         1.4348277491        -0.0001481936         2.5205344614
        3.1255275000         2.8900000000         1.4399324028         0.0202668261         2.6535091099
        3.1305560000         2.8900000000         1.4475893834         0.0228187035         2.8529710826
        3.1356725000         2.8900000000         1.4373800759         0.0253705810         2.5870217857
        3.1406356000         2.8900000000         1.4348277491         0.0355780908         2.5205344614
        3.1454395000         2.8900000000         1.4348277491         0.0457856007         2.5205344614
        3.1506430000         2.8900000000         1.4501417102         0.0636487429         2.9194584068
        3.1554829000         2.8900000000         1.4271707685         0.0662006203         2.3210724888
        3.1605117000         2.8900000000         1.4450370565         0.0789600076         2.7864837583
        3.1654355000         2.8900000000         1.4424847297         0.0917193949         2.7199964341
        3.1704672000         2.8900000000         1.4271707685         0.0917193949         2.3210724888
        3.1756788000         2.8900000000         1.4424847297         0.1146862920         2.7199964341
        3.1804616000         2.8900000000         1.4297230954         0.1095825371         2.3875598130
        3.1856272000         2.8900000000         1.4348277491         0.1325494343         2.5205344614
        3.1905230000         2.8900000000         1.4399324028         0.1402050666         2.6535091099
        3.1956523000         2.8900000000         1.4271707685         0.1376531892         2.3210724888
        3.2005933000         2.8900000000         1.4271707685         0.1504125765         2.3210724888
        3.2056625000         2.8900000000         1.4271707685         0.1657238412         2.3210724888
        3.2106077000         2.8900000000         1.4475893834         0.1810351060         2.8529710826
        3.2154449000         2.8900000000         1.4322754222         0.1861388609         2.4540471372
        3.2206130000         2.8900000000         1.4373800759         0.2014501257         2.5870217857
        3.2256035000         2.8900000000         1.4297230954         0.1988982482         2.3875598130
        3.2305587000         2.8900000000         1.4373800759         0.2218651453         2.5870217857
        3.2356457000         2.8900000000         1.4246184417         0.2218651453         2.2545851645
        3.2405118000         2.8900000000         1.4297230954         0.2320726552         2.3875598130
        3.2456558000         2.8900000000         1.4373800759         0.2448320425         2.5870217857
        3.2506462000         2.8900000000         1.4271707685         0.2448320425         2.3210724888
        3.2556539000         2.8900000000         1.4450370565         0.2677989396         2.7864837583
        3.2605637000         2.8900000000         1.4246184417         0.2626951847         2.2545851645
        3.2655268000         2.8900000000         1.4399324028         0.2882139593         2.6535091099
        3.2706548000         2.8900000000         1.4348277491         0.2907658367         2.5205344614
        3.2756663000         2.8900000000         1.4424847297         0.3086289789         2.7199964341
        3.2807188000         2.8900000000         1.4271707685         0.3060771015         2.3210724888
        3.2856074000         2.8900000000         1.4399324028         0.3264921211         2.6535091099
        3.2906052000         2.8900000000         1.4348277491         0.3290439986         2.5205344614
        3.2955907000         2.8900000000         1.4399324028         0.3494590183         2.6535091099
        3.3005300000         2.8900000000         1.4322754222         0.3469071408         2.4540471372
        3.3055033000         2.8900000000         1.4348277491         0.3571146507         2.5205344614
        3.3105522000         2.8900000000         1.4297230954         0.3698740379         2.3875598130
        3.3154506000         2.8900000000         1.4424847297         0.3826334252         2.7199964341
        3.3205978000         2.8900000000         1.4297230954         0.3851853027         2.3875598130
        3.3256171000         2.8900000000         1.4399324028         0.3979446900         2.6535091099
        3.3305459000         2.8900000000         1.4680079982         0.4030484449         3.3848696764
        3.3355941000         2.8900000000         1.4399324028         0.4158078322         2.6535091099
        3.3405114000         2.8900000000         1.4373800759         0.4336709744         2.5870217857
        3.3454812000         2.8900000000         1.4373800759         0.4438784843         2.5870217857
        3.3505490000         2.8900000000         1.4424847297         0.4515341166         2.7199964341
        3.3556402000         2.8900000000         1.4373800759         0.4617416265         2.5870217857
        3.3606280000         2.8900000000         1.4424847297         0.4719491363         2.7199964341
        3.3655324000         2.8900000000         1.4399324028         0.4796047687         2.6535091099
        3.3705776000         2.8900000000         1.4424847297         0.5000197884         2.7199964341
        3.3756440000         2.8900000000         1.4373800759         0.5025716658         2.5870217857
        3.3804811000         2.8900000000         1.4348277491         0.5127791757         2.5205344614
        3.3855676000         2.8900000000         1.4399324028         0.5280904404         2.6535091099
        3.3906523000         2.8900000000         1.4373800759         0.5331941953         2.5870217857
        3.3955810000         2.8900000000         1.4424847297         0.5459535826         2.7199964341
        3.4004446000         2.8900000000         1.4475893834         0.5612648474         2.8529710826
        3.4056010000         2.8900000000         1.4373800759         0.5663686023         2.5870217857
        3.4105784000         2.8900000000         1.4373800759         0.5689204797         2.5870217857
        3.4156076000         2.8900000000         1.4424847297         0.5867836220         2.7199964341
        3.4206115000         2.8900000000         1.4246184417         0.5944392543         2.2545851645
        3.4255638000         2.8900000000         1.4501417102         0.6123023966         2.9194584068
        3.4305507000         2.8900000000         1.4424847297         0.6174061515         2.7199964341
        3.4355107000         2.8900000000         1.4424847297         0.6276136613         2.7199964341
        3.4404971000         2.8900000000         1.4373800759         0.6327174162         2.5870217857
        3.4456478000         2.8900000000         1.4424847297         0.6480286810         2.7199964341
        3.4505918000         2.8900000000         1.4399324028         0.6582361908         2.6535091099
        3.4560228000         2.8900000000         1.4373800759         0.6735474556         2.5870217857
        3.4605562000         2.8900000000         1.4475893834         0.6837549654         2.8529710826
        3.4656649000         2.8900000000         1.4424847297         0.6914105978         2.7199964341
        3.4706535000         2.8900000000         1.4450370565         0.7067218625         2.7864837583
        3.4756625000         2.8900000000         1.4348277491         0.7169293724         2.5205344614
        3.4807001000         2.8900000000         1.4475893834         0.7245850047         2.8529710826
        3.4856324000         2.8900000000         1.4450370565         0.7424481470         2.7864837583
        3.4906603000         2.8900000000         1.4424847297         0.7450000244         2.7199964341
        3.4956516000         2.8900000000         1.4731126519         0.7501037793         3.5178443248
        3.5006115000         2.8900000000         1.4399324028         0.7654150441         2.6535091099
        3.5055415000         2.8900000000         1.4450370565         0.7832781863         2.7864837583
        3.5104833000         2.8900000000         1.4399324028         0.7807263088         2.6535091099
        3.5156103000         2.8900000000         1.4373800759         0.7985894511         2.5870217857
        3.5206369000         2.8900000000         1.4450370565         0.8087969609         2.7864837583
        3.5255388000         2.8900000000         1.4424847297         0.8215563482         2.7199964341
        3.5306356000         2.8900000000         1.4475893834         0.8368676129         2.8529710826
        3.5355034000         2.8900000000         1.4424847297         0.8394194904         2.7199964341
        3.5404629000         2.8900000000         1.4399324028         0.8445232453         2.6535091099
        3.5455400000         2.8900000000         1.4475893834         0.8649382650         2.8529710826
        3.5505985000         2.8900000000         1.4424847297         0.8725938974         2.7199964341
        3.5555598000         2.8900000000         1.4399324028         0.8853532847         2.6535091099
        3.5606429000         2.8900000000         1.4399324028         0.8955607945         2.6535091099
        3.5655323000         2.8900000000         1.4348277491         0.9006645494         2.5205344614
        3.5706458000         2.8900000000         1.4322754222         0.9083201818         2.4540471372
        3.5756463000         2.8900000000         1.4297230954         0.9185276916         2.3875598130
        3.5805786000         2.8900000000         1.4297230954         0.9261833240         2.3875598130
        3.5856107000         2.8900000000         1.4373800759         0.9440464662         2.5870217857
        3.5906003000         2.8900000000         1.4271707685         0.9517020986         2.3210724888
        3.5955556000         2.8900000000         1.4246184417         0.9542539761         2.2545851645
        3.6005557000         2.8900000000         1.4195137880         0.9593577310         2.1216105161
        3.6056457000         2.8900000000         1.4195137880         0.9695652408         2.1216105161
        3.6106959000         2.8900000000         1.4246184417         0.9772208732         2.2545851645
        3.6156207000         2.8900000000         1.4118568074         0.9874283830         1.9221485434
        3.6205545000         2.8900000000         1.4093044805         0.9899802605         1.8556612192
        3.6256462000         2.8900000000         1.4093044805         1.0052915252         1.8556612192
        3.6305996000         2.8900000000         1.4041998268         1.0027396478         1.7226865707
        3.6356319000         2.8900000000         1.4093044805         1.0180509125         1.8556612192
        3.6406546000         2.8900000000         1.4067521537         1.0180509125         1.7891738949
        3.6456633000         2.8900000000         1.4118568074         1.0359140547         1.9221485434
        3.6505849000         2.8900000000         1.4016475000         1.0282584224         1.6561992465
        3.6556536000         2.8900000000         1.4169614611         1.0461215646         2.0551231918
        3.6606392000         2.8900000000         1.4169614611         1.0563290744         2.0551231918
        3.6656276000         2.8900000000         1.4118568074         1.0563290744         1.9221485434
        3.6706015000         2.8900000000         1.4169614611         1.0639847068         2.0551231918
        3.6756204000         2.8900000000         1.4220661148         1.0818478490         2.1880978403
        3.6806141000         2.8900000000         1.4195137880         1.0792959716         2.1216105161
        3.6856833000         2.8900000000         1.4246184417         1.0869516039         2.2545851645
        3.6906429000         2.8900000000         1.4118568074         1.0869516039         1.9221485434
        3.6956029000         2.8900000000         1.4246184417         1.1022628687         2.2545851645
        3.7005791000         2.8900000000         1.4220661148         1.1099185011         2.1880978403
        3.7056274000         2.8900000000         1.4169614611         1.1150222560         2.0551231918
        3.7107280000         2.8900000000         1.4144091342         1.1226778884         1.9886358676
        3.7156896000         2.8900000000         1.4322754222         1.1405410306         2.4540471372
        3.7205022000         2.8900000000         1.4246184417         1.1379891531         2.2545851645
        3.7256506000         2.8900000000         1.4195137880         1.1456447855         2.1216105161
        3.7306722000         2.8900000000         1.4195137880         1.1558522953         2.1216105161
        3.7356784000         2.8900000000         1.4271707685         1.1686116826         2.3210724888
        3.7405732000         2.8900000000         1.4271707685         1.1762673150         2.3210724888
        3.7456570000         2.8900000000         1.4246184417         1.1788191925         2.2545851645
        3.7506241000         2.8900000000         1.4348277491         1.1992342121         2.5205344614
        3.7555415000         2.8900000000         1.4271707685         1.2043379670         2.3210724888
        3.7604627000         2.8900000000         1.4246184417         1.2119935994         2.2545851645
        3.7656624000         2.8900000000         1.4246184417         1.2170973543         2.2545851645
        3.7705835000         2.8900000000         1.4373800759         1.2349604965         2.5870217857
        3.7756379000         2.8900000000         1.4297230954         1.2400642515         2.3875598130
        3.7806969000         2.8900000000         1.4271707685         1.2451680064         2.3210724888
        3.7856790000         2.8900000000         1.4271707685         1.2502717613         2.3210724888
        3.7906783000         2.8900000000         1.4322754222         1.2706867810         2.4540471372
        3.7956437000         2.8900000000         1.4246184417         1.2681349035         2.2545851645
        3.8006739000         2.8900000000         1.4297230954         1.2808942908         2.3875598130
        3.8056799000         2.8900000000         1.4246184417         1.2859980457         2.2545851645
        3.8106065000         2.8900000000         1.4373800759         1.3064130654         2.5870217857
        3.8156502000         2.8900000000         1.4297230954         1.3089649429         2.3875598130
        3.8205220000         2.8900000000         1.4373800759         1.3242762076         2.5870217857
        3.8256375000         2.8900000000         1.4297230954         1.3344837175         2.3875598130
        3.8306671000         2.8900000000         1.4399324028         1.3421393498         2.6535091099
        3.8356609000         2.8900000000         1.4297230954         1.3395874724         2.3875598130
        3.8412452000         2.8900000000         1.4373800759         1.3574506146         2.5870217857
        3.8455378000         2.8900000000         1.4322754222         1.3651062470         2.4540471372
        3.8506159000         2.8900000000         1.4348277491         1.3702100019         2.5205344614
        3.8555475000         2.8900000000         1.4297230954         1.3855212666         2.3875598130
        3.8605665000         2.8900000000         1.4348277491         1.3931768990         2.5205344614
        3.8656426000         2.8900000000         1.4348277491         1.4033844088         2.5205344614
        3.8704418000         2.8900000000         1.4373800759         1.4135919187         2.5870217857
        3.8756185000         2.8900000000         1.4271707685         1.4186956736         2.3210724888
        3.8805264000         2.8900000000         1.4373800759         1.4314550609         2.5870217857
        3.8856482000         2.8900000000         1.4399324028         1.4467663256         2.6535091099
        3.8906716000         2.8900000000         1.4552463639         1.4518700806         3.0524330552
        3.8956328000         2.8900000000         1.4322754222         1.4544219580         2.4540471372
        3.9006381000         2.8900000000         1.4322754222         1.4722851002         2.4540471372
        3.9056809000         2.8900000000         1.4399324028         1.4850444875         2.6535091099
        3.9106276000         2.8900000000         1.4271707685         1.4850444875         2.3210724888
        3.9156897000         2.8900000000         1.4399324028         1.5003557523         2.6535091099
        3.9205345000         2.8900000000         1.4424847297         1.5156670170         2.7199964341
        3.9256508000         2.8900000000         1.4373800759         1.5156670170         2.5870217857
        3.9305727000         2.8900000000         1.4348277491         1.5233226494         2.5205344614
        3.9356405000         2.8900000000         1.4450370565         1.5411857916         2.7864837583
        3.9405603000         2.8900000000         1.4348277491         1.5488414240         2.5205344614
        3.9455739000         2.8900000000         1.4399324028         1.5616008113         2.6535091099
        3.9506197000         2.8900000000         1.4348277491         1.5667045662         2.5205344614
        3.9556442000         2.8900000000         1.4373800759         1.5743601986         2.5870217857
        3.9605284000         2.8900000000         1.4348277491         1.5845677084         2.5205344614
        3.9656836000         2.8900000000         1.4373800759         1.5998789732         2.5870217857
        3.9705574000         2.8900000000         1.4271707685         1.6024308506         2.3210724888
        3.9754727000         2.8900000000         1.4807696325         1.6126383605         3.7173062975
        3.9806020000         2.8900000000         1.4373800759         1.6279496252         2.5870217857
        3.9855638000         2.8900000000         1.4348277491         1.6330533802         2.5205344614
        3.9905771000         2.8900000000         1.4297230954         1.6330533802         2.3875598130
        3.9955665000         2.8900000000         1.4322754222         1.6560202773         2.4540471372
        4.0005542000         2.8900000000         1.4373800759         1.6585721547         2.5870217857
