% Sweep Step 132/200  Vcmd=1.2000V  CCW 
% Vg_offset=1.338069V  K_gimbal=26.049690

Time[s]              Vcmd[V]              Vg_raw[V]            Pot[V]             Omega[rad/s]
        0.0022240000         1.2000000000         1.3378393285         4.3329397318        -0.0059838592
        0.0056764000         1.2000000000         1.3378393285         4.3303878543        -0.0059838592
        0.0107060000         1.2000000000         1.3378393285         4.3303878543        -0.0059838592
        0.0157025000         1.2000000000         1.3327346748         4.3227322219        -0.1389585076
        0.0205796000         1.2000000000         1.1004729309         4.3227322219        -6.1893050123
        0.0256815000         1.2000000000         1.1055775846         4.2870059375        -6.0563303638
        0.0306218000         1.2000000000         1.1438624875         4.2742465502        -5.0590205004
        0.0356995000         1.2000000000         1.0902636235         4.2487277756        -6.4552543092
        0.0407037000         1.2000000000         1.0468740669         4.2206571236        -7.5855388210
        0.0456280000         1.2000000000         1.0596357012         4.1976902265        -7.2531021999
        0.0506020000         1.2000000000         1.0213507983         4.1619639420        -8.2504120633
        0.0555274000         1.2000000000         1.0136938178         4.1338932900        -8.4498740360
        0.0605674000         1.2000000000         1.0341124326         4.0981670056        -7.9179754422
        0.0655570000         1.2000000000         0.9703042612         4.0624407211        -9.5801585478
        0.0707756000         1.2000000000         0.9779612418         4.0318181916        -9.3806965751
        0.0758085000         1.2000000000         0.9856182224         3.9807806424        -9.1812346025
        0.0806513000         1.2000000000         0.9549903001         3.9501581129        -9.9790824932
        0.0855793000         1.2000000000         0.9524379732         3.9169837060       -10.0455698174
        0.0906474000         1.2000000000         0.9549903001         3.8710499117        -9.9790824932
        0.0955959000         1.2000000000         0.9473333195         3.8353236273       -10.1785444659
        0.1006327000         1.2000000000         0.9243623778         3.7970454654       -10.7769303839
        0.1055571000         1.2000000000         0.9447809927         3.7562154260       -10.2450317901
        0.1107632000         1.2000000000         0.9090484167         3.7077297543       -11.1758543293
        0.1155454000         1.2000000000         0.9243623778         3.6771072248       -10.7769303839
        0.1205418000         1.2000000000         0.9116007435         3.6235177982       -11.1093670050
        0.1255547000         1.2000000000         0.9116007435         3.5877915138       -11.1093670050
        0.1305527000         1.2000000000         0.8988391092         3.5469614744       -11.4418036262
        0.1354884000         1.2000000000         0.9167053972         3.5010276801       -10.9763923566
        0.1405711000         1.2000000000         0.8911821287         3.4525420084       -11.6412655989
        0.1455619000         1.2000000000         0.8962867824         3.4117119691       -11.5082909504
        0.1505730000         1.2000000000         0.8937344555         3.3708819297       -11.5747782746
        0.1557421000         1.2000000000         0.8835251481         3.3275000129       -11.8407275715
        0.1606235000         1.2000000000         0.8707635138         3.2713587088       -12.1731641927
        0.1654449000         1.2000000000         0.8937344555         3.2305286695       -11.5747782746
        0.1704659000         1.2000000000         0.8580018795         3.1845948752       -12.5056008138
        0.1755826000         1.2000000000         0.8886298018         3.1361092035       -11.7077529231
        0.1804434000         1.2000000000         0.8707635138         3.0927272867       -12.1731641927
        0.1854662000         1.2000000000         0.8656588601         3.0544491248       -12.3061388411
        0.1904498000         1.2000000000         0.8707635138         2.9932040658       -12.1731641927
        0.1954744000         1.2000000000         0.8528972258         2.9472702715       -12.6385754623
        0.2004463000         1.2000000000         0.8656588601         2.9038883547       -12.3061388411
        0.2054842000         1.2000000000         0.8580018795         2.8579545605       -12.5056008138
        0.2104732000         1.2000000000         0.8656588601         2.8120207662       -12.3061388411
        0.2154523000         1.2000000000         0.8631065332         2.7533275847       -12.3726261653
        0.2204759000         1.2000000000         0.8477925721         2.7124975453       -12.7715501107
        0.2254855000         1.2000000000         0.8758681675         2.6665637511       -12.0401895442
        0.2306575000         1.2000000000         0.8452402453         2.6231818342       -12.8380374349
        0.2354506000         1.2000000000         0.8503448990         2.5670405302       -12.7050627865
        0.2405715000         1.2000000000         0.8631065332         2.5262104908       -12.3726261653
        0.2454938000         1.2000000000         0.8426879184         2.4700691867       -12.9045247592
        0.2504325000         1.2000000000         0.8528972258         2.4139278826       -12.6385754623
        0.2556343000         1.2000000000         0.8452402453         2.3654422109       -12.8380374349
        0.2605260000         1.2000000000         0.8452402453         2.3195084166       -12.8380374349
        0.2655524000         1.2000000000         0.8580018795         2.2761264998       -12.5056008138
        0.2705153000         1.2000000000         0.8248216304         2.2174333183       -13.3699360287
        0.2754764000         1.2000000000         0.8452402453         2.1689476465       -12.8380374349
        0.2805154000         1.2000000000         0.8350309378         2.1179100974       -13.1039867318
        0.2854554000         1.2000000000         0.8554495527         2.0796319355       -12.5720881380
        0.2904518000         1.2000000000         0.8426879184         2.0234906314       -12.9045247592
        0.2955976000         1.2000000000         0.8426879184         1.9699012047       -12.9045247592
        0.3005501000         1.2000000000         0.8656588601         1.9316230429       -12.3061388411
        0.3055524000         1.2000000000         0.8452402453         1.8729298613       -12.8380374349
        0.3104317000         1.2000000000         0.8401355915         1.8346516994       -12.9710120834
        0.3155302000         1.2000000000         0.8656588601         1.7810622728       -12.3061388411
        0.3203942000         1.2000000000         0.8503448990         1.7351284785       -12.7050627865
        0.3255426000         1.2000000000         0.8528972258         1.6917465617       -12.6385754623
        0.3304055000         1.2000000000         0.8758681675         1.6330533802       -12.0401895442
        0.3354981000         1.2000000000         0.8452402453         1.5845677084       -12.8380374349
        0.3404600000         1.2000000000         0.8401355915         1.5360820367       -12.9710120834
        0.3454662000         1.2000000000         0.8503448990         1.5003557523       -12.7050627865
        0.3504231000         1.2000000000         0.8375832647         1.4442144482       -13.0374994076
        0.3554503000         1.2000000000         0.8375832647         1.3931768990       -13.0374994076
        0.3604054000         1.2000000000         0.8528972258         1.3497949822       -12.6385754623
        0.3655579000         1.2000000000         0.8452402453         1.3064130654       -12.8380374349
        0.3704495000         1.2000000000         0.8528972258         1.2579273937       -12.6385754623
        0.3754176000         1.2000000000         0.8426879184         1.1992342121       -12.9045247592
        0.3804305000         1.2000000000         0.8426879184         1.1558522953       -12.9045247592
        0.3853971000         1.2000000000         0.8426879184         1.1048147461       -12.9045247592
        0.3905720000         1.2000000000         0.8605542064         1.0614328293       -12.4391134896
        0.3954024000         1.2000000000         0.8477925721         1.0206027900       -12.7715501107
        0.4004209000         1.2000000000         0.8528972258         0.9619096084       -12.6385754623
        0.4055713000         1.2000000000         0.8477925721         0.9159758142       -12.7715501107
        0.4104415000         1.2000000000         0.8554495527         0.8700420199       -12.5720881380
        0.4154208000         1.2000000000         0.8656588601         0.8266601031       -12.3061388411
        0.4204444000         1.2000000000         0.8477925721         0.7705187990       -12.7715501107
        0.4254326000         1.2000000000         0.8452402453         0.7296887597       -12.8380374349
        0.4304603000         1.2000000000         0.8401355915         0.6760993330       -12.9710120834
        0.4354023000         1.2000000000         0.8528972258         0.6250617838       -12.6385754623
        0.4405192000         1.2000000000         0.8452402453         0.5740242347       -12.8380374349
        0.4454235000         1.2000000000         0.8452402453         0.5178829306       -12.8380374349
        0.4505231000         1.2000000000         0.8477925721         0.4745010138       -12.7715501107
        0.4554256000         1.2000000000         0.8426879184         0.4234634646       -12.9045247592
        0.4604002000         1.2000000000         0.8426879184         0.3673221605       -12.9045247592
        0.4654308000         1.2000000000         0.8375832647         0.3213883662       -13.0374994076
        0.4703971000         1.2000000000         0.8350309378         0.2703508170       -13.1039867318
        0.4754351000         1.2000000000         0.8528972258         0.2218651453       -12.6385754623
        0.4804200000         1.2000000000         0.8273739573         0.1631719638       -13.3034487045
        0.4854650000         1.2000000000         0.8452402453         0.1197900470       -12.8380374349
        0.4904638000         1.2000000000         0.8350309378         0.0636487429       -13.1039867318
        0.4954384000         1.2000000000         0.8426879184         0.0228187035       -12.9045247592
        0.5004602000         1.2000000000         0.8375832647        -0.0052519485       -13.0374994076
        0.5054278000         1.2000000000         0.8324786110        -0.0027000711       -13.1704740561
        0.5103977000         1.2000000000         0.8299262841         1.1073666236       -13.2369613803
        0.5155546000         1.2000000000         0.8146123230         4.9989797486       -13.6358853257
        0.5206277000         1.2000000000         0.8477925721         5.0142910133       -12.7715501107
        0.5254517000         1.2000000000         0.8324786110         5.0142910133       -13.1704740561
        0.5304170000         1.2000000000         0.8401355915         4.9607015867       -12.9710120834
        0.5356052000         1.2000000000         0.8248216304         4.9045602826       -13.3699360287
        0.5404208000         1.2000000000         0.8324786110         4.8637302433       -13.1704740561
        0.5454195000         1.2000000000         0.8248216304         4.7948295519       -13.3699360287
        0.5504157000         1.2000000000         0.8324786110         4.7514476351       -13.1704740561
        0.5554689000         1.2000000000         0.8375832647         4.6902025760       -13.0374994076
        0.5604370000         1.2000000000         0.8171646498         4.6366131494       -13.5693980014
        0.5654041000         1.2000000000         0.8401355915         4.5830237228       -12.9710120834
        0.5704145000         1.2000000000         0.8426879184         4.5421936834       -12.9045247592
        0.5754128000         1.2000000000         0.8146123230         4.4732929920       -13.6358853257
        0.5803891000         1.2000000000         0.8299262841         4.4299110752       -13.2369613803
        0.5854182000         1.2000000000         0.8273739573         4.3839772810       -13.3034487045
        0.5904070000         1.2000000000         0.8299262841         4.3303878543       -13.2369613803
        0.5954419000         1.2000000000         0.8171646498         4.2716946728       -13.5693980014
        0.6004003000         1.2000000000         0.8273739573         4.2155533687       -13.3034487045
        0.6054106000         1.2000000000         0.8120599961         4.1670676969       -13.7023726499
        0.6104233000         1.2000000000         0.8248216304         4.1160301478       -13.3699360287
        0.6154271000         1.2000000000         0.8452402453         4.0700963535       -12.8380374349
        0.6204505000         1.2000000000         0.8146123230         4.0062994170       -13.6358853257
        0.6255606000         1.2000000000         0.8197169767         3.9527099904       -13.5029106772
        0.6304032000         1.2000000000         0.8069553424         3.8940168088       -13.8353472983
        0.6354240000         1.2000000000         0.8248216304         3.8506348920       -13.3699360287
        0.6404418000         1.2000000000         0.8146123230         3.7970454654       -13.6358853257
        0.6454583000         1.2000000000         0.8248216304         3.7511116711       -13.3699360287
        0.6506681000         1.2000000000         0.8069553424         3.6898666121       -13.8353472983
        0.6554607000         1.2000000000         0.8146123230         3.6388290629       -13.6358853257
        0.6604390000         1.2000000000         0.8222693035         3.5928952687       -13.4364233530
        0.6654165000         1.2000000000         0.8095076693         3.5418577195       -13.7688599741
        0.6704354000         1.2000000000         0.8197169767         3.4780607830       -13.5029106772
        0.6755271000         1.2000000000         0.7941937081         3.4219194789       -14.1677839195
        0.6806107000         1.2000000000         0.8248216304         3.3759856847       -13.3699360287
        0.6855890000         1.2000000000         0.7992983618         3.3249481355       -14.0348092710
        0.6905298000         1.2000000000         0.8146123230         3.2739105863       -13.6358853257
        0.6955628000         1.2000000000         0.8120599961         3.2203211597       -13.7023726499
        0.7005249000         1.2000000000         0.7992983618         3.1590761006       -14.0348092710
        0.7055710000         1.2000000000         0.8146123230         3.1080385515       -13.6358853257
        0.7105417000         1.2000000000         0.7992983618         3.0646566347       -14.0348092710
        0.7155689000         1.2000000000         0.8222693035         3.0136190855       -13.4364233530
        0.7205273000         1.2000000000         0.8069553424         2.9549259039       -13.8353472983
        0.7255628000         1.2000000000         0.8146123230         2.8962327224       -13.6358853257
        0.7306809000         1.2000000000         0.7916413813         2.8426432957       -14.2342712437
        0.7354874000         1.2000000000         0.8095076693         2.7890538691       -13.7688599741
        0.7405888000         1.2000000000         0.8018506887         2.7431200748       -13.9683219468
        0.7455252000         1.2000000000         0.8120599961         2.6895306482       -13.7023726499
        0.7505557000         1.2000000000         0.8146123230         2.6359412215       -13.6358853257
        0.7555616000         1.2000000000         0.7967460350         2.5797999174       -14.1012965952
        0.7605585000         1.2000000000         0.8222693035         2.5364180006       -13.4364233530
        0.7655622000         1.2000000000         0.8197169767         2.4751729416       -13.5029106772
        0.7705639000         1.2000000000         0.8120599961         2.4241353924       -13.7023726499
        0.7755836000         1.2000000000         0.8222693035         2.3782015982       -13.4364233530
        0.7804988000         1.2000000000         0.8044030155         2.3118527843       -13.9018346226
        0.7855881000         1.2000000000         0.8324786110         2.2710227449       -13.1704740561
        0.7905325000         1.2000000000         0.8069553424         2.2046739310       -13.8353472983
        0.7955595000         1.2000000000         0.8095076693         2.1510845043       -13.7688599741
        0.8005187000         1.2000000000         0.8222693035         2.1077025875       -13.4364233530
        0.8055774000         1.2000000000         0.8171646498         2.0617687933       -13.5693980014
        0.8106251000         1.2000000000         0.8171646498         2.0030756117       -13.5693980014
        0.8155919000         1.2000000000         0.8273739573         1.9545899400       -13.3034487045
        0.8205280000         1.2000000000         0.8248216304         1.8984486359       -13.3699360287
        0.8255374000         1.2000000000         0.8146123230         1.8525148416       -13.6358853257
        0.8305729000         1.2000000000         0.8171646498         1.8014772924       -13.5693980014
        0.8356023000         1.2000000000         0.8248216304         1.7555434982       -13.3699360287
        0.8406499000         1.2000000000         0.8044030155         1.6968503166       -13.9018346226
        0.8455200000         1.2000000000         0.8273739573         1.6509165224       -13.3034487045
        0.8505831000         1.2000000000         0.8171646498         1.5973270957       -13.5693980014
        0.8555445000         1.2000000000         0.8222693035         1.5462895465       -13.4364233530
        0.8605194000         1.2000000000         0.8222693035         1.4927001199       -13.4364233530
        0.8656673000         1.2000000000         0.8222693035         1.4442144482       -13.4364233530
        0.8705369000         1.2000000000         0.8197169767         1.3906250215       -13.5029106772
        0.8755403000         1.2000000000         0.8197169767         1.3344837175       -13.5029106772
        0.8805501000         1.2000000000         0.8299262841         1.2962055556       -13.2369613803
        0.8854173000         1.2000000000         0.8299262841         1.2400642515       -13.2369613803
        0.8904417000         1.2000000000         0.8375832647         1.1992342121       -13.0374994076
        0.8954143000         1.2000000000         0.8273739573         1.1507485404       -13.3034487045
        0.9004297000         1.2000000000         0.8350309378         1.0920553588       -13.1039867318
        0.9054286000         1.2000000000         0.8248216304         1.0410178097       -13.3699360287
        0.9104018000         1.2000000000         0.8273739573         0.9925321379       -13.3034487045
        0.9154216000         1.2000000000         0.8299262841         0.9414945888       -13.2369613803
        0.9204411000         1.2000000000         0.8324786110         0.8930089170       -13.1704740561
        0.9254334000         1.2000000000         0.8401355915         0.8394194904       -12.9710120834
        0.9304530000         1.2000000000         0.8350309378         0.7909338187       -13.1039867318
        0.9355713000         1.2000000000         0.8248216304         0.7322406371       -13.3699360287
        0.9404606000         1.2000000000         0.8171646498         0.6812030879       -13.5693980014
        0.9454351000         1.2000000000         0.8273739573         0.6327174162       -13.3034487045
        0.9505033000         1.2000000000         0.8248216304         0.5816798670       -13.3699360287
        0.9554221000         1.2000000000         0.8120599961         0.5255385629       -13.7023726499
        0.9604448000         1.2000000000         0.8299262841         0.4821566461       -13.2369613803
        0.9654037000         1.2000000000         0.8222693035         0.4234634646       -13.4364233530
        0.9704222000         1.2000000000         0.8350309378         0.3800815478       -13.1039867318
        0.9754240000         1.2000000000         0.8350309378         0.3213883662       -13.1039867318
        0.9804628000         1.2000000000         0.8171646498         0.2754545720       -13.5693980014
        0.9853961000         1.2000000000         0.8452402453         0.2218651453       -12.8380374349
        0.9907028000         1.2000000000         0.8222693035         0.1631719638       -13.4364233530
        0.9955464000         1.2000000000         0.8248216304         0.1044787822       -13.3699360287
        1.0004868000         1.2000000000         0.8044030155         0.0508893556       -13.9018346226
        1.0055151000         1.2000000000         0.8401355915         0.0126111937       -12.9710120834
        1.0104363000         1.2000000000         0.8222693035         0.0024036839       -13.4364233530
        1.0154406000         1.2000000000         0.8324786110         0.0075074388       -13.1704740561
        1.0205680000         1.2000000000         0.8350309378         1.1277816433       -13.1039867318
        1.0254342000         1.2000000000         0.8197169767         5.0066353810       -13.5029106772
        1.0305100000         1.2000000000         0.8350309378         5.0015316260       -13.1039867318
        1.0354380000         1.2000000000         0.8146123230         4.9964278711       -13.6358853257
        1.0404510000         1.2000000000         0.8350309378         4.9581497092       -13.1039867318
        1.0454161000         1.2000000000         0.8146123230         4.8943527728       -13.6358853257
        1.0504347000         1.2000000000         0.8299262841         4.8331077137       -13.2369613803
        1.0554375000         1.2000000000         0.8095076693         4.7820701646       -13.7688599741
        1.0604191000         1.2000000000         0.8248216304         4.7310326154       -13.3699360287
        1.0654596000         1.2000000000         0.8222693035         4.6697875564       -13.4364233530
        1.0703886000         1.2000000000         0.8248216304         4.6289575170       -13.3699360287
        1.0754046000         1.2000000000         0.8222693035         4.5728162129       -13.4364233530
        1.0805504000         1.2000000000         0.8171646498         4.5141230314       -13.5693980014
        1.0854189000         1.2000000000         0.8222693035         4.4605336047       -13.4364233530
        1.0907173000         1.2000000000         0.8273739573         4.4069441781       -13.3034487045
        1.0955835000         1.2000000000         0.8044030155         4.3559066289       -13.9018346226
        1.1004377000         1.2000000000         0.8222693035         4.3023172023       -13.4364233530
        1.1054202000         1.2000000000         0.8095076693         4.2563834080       -13.7688599741
        1.1104660000         1.2000000000         0.8248216304         4.1976902265       -13.3699360287
        1.1154222000         1.2000000000         0.7967460350         4.1415489224       -14.1012965952
        1.1204735000         1.2000000000         0.8273739573         4.0905113732       -13.3034487045
        1.1254488000         1.2000000000         0.8044030155         4.0369219465       -13.9018346226
        1.1304688000         1.2000000000         0.8120599961         3.9756768875       -13.7023726499
        1.1354024000         1.2000000000         0.7941937081         3.9220874609       -14.1677839195
        1.1406643000         1.2000000000         0.8248216304         3.8838092990       -13.3699360287
        1.1455634000         1.2000000000         0.8350309378         3.8327717498       -13.1039867318
        1.1504362000         1.2000000000         0.7916413813         3.7740785683       -14.2342712437
        1.1554642000         1.2000000000         0.8324786110         3.7204891416       -13.1704740561
        1.1605452000         1.2000000000         0.8044030155         3.6694515924       -13.9018346226
        1.1654316000         1.2000000000         0.8299262841         3.6158621658       -13.2369613803
        1.1704123000         1.2000000000         0.7967460350         3.5546171068       -14.1012965952
        1.1754313000         1.2000000000         0.8197169767         3.5086833125       -13.5029106772
        1.1804227000         1.2000000000         0.8095076693         3.4601976408       -13.7688599741
        1.1855818000         1.2000000000         0.8095076693         3.4040563367       -13.7688599741
        1.1903976000         1.2000000000         0.8146123230         3.3530187875       -13.6358853257
        1.1954008000         1.2000000000         0.8018506887         3.2994293609       -13.9683219468
        1.2005203000         1.2000000000         0.8324786110         3.2483918117       -13.1704740561
        1.2055642000         1.2000000000         0.7941937081         3.1948023851       -14.1677839195
        1.2104340000         1.2000000000         0.8171646498         3.1361092035       -13.5693980014
        1.2154408000         1.2000000000         0.8095076693         3.0901754092       -13.7688599741
        1.2204183000         1.2000000000         0.8146123230         3.0391378601       -13.6358853257
        1.2254278000         1.2000000000         0.8146123230         2.9804446785       -13.6358853257
        1.2304502000         1.2000000000         0.8120599961         2.9319590068       -13.7023726499
        1.2354576000         1.2000000000         0.8273739573         2.8885770900       -13.3034487045
        1.2404193000         1.2000000000         0.8171646498         2.8375395408       -13.5693980014
        1.2454266000         1.2000000000         0.8146123230         2.7762944818       -13.6358853257
        1.2504195000         1.2000000000         0.8120599961         2.7227050552       -13.7023726499
        1.2554200000         1.2000000000         0.8452402453         2.6767712609       -12.8380374349
        1.2604186000         1.2000000000         0.8146123230         2.6180780793       -13.6358853257
        1.2654093000         1.2000000000         0.8248216304         2.5721442851       -13.3699360287
        1.2703883000         1.2000000000         0.8324786110         2.5160029810       -13.1704740561
        1.2754026000         1.2000000000         0.7941937081         2.4624135543       -14.1677839195
        1.2803936000         1.2000000000         0.8324786110         2.4164797601       -13.1704740561
        1.2856523000         1.2000000000         0.8146123230         2.3526828236       -13.6358853257
        1.2904272000         1.2000000000         0.8018506887         2.2990933970       -13.9683219468
        1.2954180000         1.2000000000         0.8248216304         2.2480558478       -13.3699360287
        1.3004436000         1.2000000000         0.8222693035         2.1970182986       -13.4364233530
        1.3054341000         1.2000000000         0.8197169767         2.1485326269       -13.5029106772
        1.3103992000         1.2000000000         0.8248216304         2.1000469552       -13.3699360287
        1.3154343000         1.2000000000         0.8324786110         2.0413537736       -13.1704740561
        1.3204065000         1.2000000000         0.8018506887         1.9903162244       -13.9683219468
        1.3254348000         1.2000000000         0.8324786110         1.9341749203       -13.1704740561
        1.3304295000         1.2000000000         0.8069553424         1.8831373711       -13.8353472983
        1.3354234000         1.2000000000         0.8375832647         1.8448592093       -13.0374994076
        1.3404423000         1.2000000000         0.8146123230         1.7887179052       -13.6358853257
        1.3454379000         1.2000000000         0.8401355915         1.7453359884       -12.9710120834
        1.3504179000         1.2000000000         0.8146123230         1.6866428068       -13.6358853257
        1.3555067000         1.2000000000         0.8222693035         1.6330533802       -13.4364233530
        1.3607236000         1.2000000000         0.8222693035         1.5845677084       -13.4364233530
        1.3655341000         1.2000000000         0.8580018795         1.5411857916       -12.5056008138
        1.3704355000         1.2000000000         0.8324786110         1.4875963650       -13.1704740561
        1.3754255000         1.2000000000         0.8273739573         1.4365588158       -13.3034487045
        1.3804653000         1.2000000000         0.8350309378         1.3855212666       -13.1039867318
        1.3854733000         1.2000000000         0.8197169767         1.3319318400       -13.5029106772
        1.3904402000         1.2000000000         0.8299262841         1.2859980457       -13.2369613803
        1.3954297000         1.2000000000         0.8324786110         1.2451680064       -13.1704740561
        1.4004336000         1.2000000000         0.8401355915         1.1890267023       -12.9710120834
        1.4054326000         1.2000000000         0.8248216304         1.1379891531       -13.3699360287
        1.4104647000         1.2000000000         0.8401355915         1.0946072363       -12.9710120834
        1.4154537000         1.2000000000         0.8324786110         1.0410178097       -13.1704740561
        1.4204155000         1.2000000000         0.8273739573         0.9848765056       -13.3034487045
        1.4254623000         1.2000000000         0.8375832647         0.9414945888       -13.0374994076
        1.4303991000         1.2000000000         0.8324786110         0.8930089170       -13.1704740561
        1.4354263000         1.2000000000         0.8452402453         0.8470751228       -12.8380374349
        1.4404321000         1.2000000000         0.8452402453         0.7909338187       -12.8380374349
        1.4454299000         1.2000000000         0.8401355915         0.7475519019       -12.9710120834
        1.4504429000         1.2000000000         0.8375832647         0.6888587203       -13.0374994076
        1.4554500000         1.2000000000         0.8299262841         0.6378211711       -13.2369613803
        1.4604116000         1.2000000000         0.8426879184         0.5867836220       -12.9045247592
        1.4654198000         1.2000000000         0.8222693035         0.5357460728       -13.4364233530
        1.4704346000         1.2000000000         0.8452402453         0.4847085236       -12.8380374349
        1.4754564000         1.2000000000         0.8248216304         0.4311190970       -13.3699360287
        1.4804067000         1.2000000000         0.8324786110         0.3749777929       -13.1704740561
        1.4853941000         1.2000000000         0.8350309378         0.3239402437       -13.1039867318
        1.4904111000         1.2000000000         0.8299262841         0.2780064494       -13.2369613803
        1.4954296000         1.2000000000         0.8426879184         0.2269689002       -12.9045247592
        1.5004346000         1.2000000000         0.8248216304         0.1708275961       -13.3699360287
        1.5054254000         1.2000000000         0.8350309378         0.1223419244       -13.1039867318
        1.5104700000         1.2000000000         0.8299262841         0.0687524978       -13.2369613803
        1.5154370000         1.2000000000         0.8299262841         0.0151630711       -13.2369613803
        1.5204719000         1.2000000000         0.8401355915         0.0100593162       -12.9710120834
        1.5254301000         1.2000000000         0.8401355915         0.0075074388       -12.9710120834
        1.5305307000         1.2000000000         0.8222693035         1.0971591138       -13.4364233530
        1.5354021000         1.2000000000         0.8273739573         5.0040835035       -13.3034487045
        1.5404748000         1.2000000000         0.8350309378         5.0015316260       -13.1039867318
        1.5453888000         1.2000000000         0.8273739573         5.0040835035       -13.3034487045
        1.5504404000         1.2000000000         0.8273739573         4.9658053416       -13.3034487045
        1.5554601000         1.2000000000         0.8324786110         4.9147677924       -13.1704740561
        1.5604407000         1.2000000000         0.8197169767         4.8484189785       -13.5029106772
        1.5655826000         1.2000000000         0.8222693035         4.8101408166       -13.4364233530
        1.5705888000         1.2000000000         0.8350309378         4.7514476351       -13.1039867318
        1.5754295000         1.2000000000         0.8171646498         4.6927544535       -13.5693980014
        1.5804358000         1.2000000000         0.8171646498         4.6442687818       -13.5693980014
        1.5854569000         1.2000000000         0.8197169767         4.5830237228       -13.5029106772
        1.5904126000         1.2000000000         0.8197169767         4.5268824187       -13.5029106772
        1.5954341000         1.2000000000         0.8146123230         4.4809486244       -13.6358853257
        1.6004402000         1.2000000000         0.8248216304         4.4197035654       -13.3699360287
        1.6054620000         1.2000000000         0.8095076693         4.3661141388       -13.7688599741
        1.6104285000         1.2000000000         0.8273739573         4.3227322219       -13.3034487045
        1.6154296000         1.2000000000         0.8146123230         4.2716946728       -13.6358853257
        1.6203996000         1.2000000000         0.8248216304         4.2155533687       -13.3699360287
        1.6254617000         1.2000000000         0.8146123230         4.1594120646       -13.6358853257
        1.6303935000         1.2000000000         0.8120599961         4.1109263928       -13.7023726499
        1.6354317000         1.2000000000         0.8324786110         4.0573369662       -13.1704740561
        1.6404647000         1.2000000000         0.7941937081         3.9935400297       -14.1677839195
        1.6454328000         1.2000000000         0.8146123230         3.9348468482       -13.6358853257
        1.6504010000         1.2000000000         0.7890890544         3.8838092990       -14.3007585679
        1.6554803000         1.2000000000         0.8146123230         3.8302198724       -13.6358853257
        1.6604383000         1.2000000000         0.7865367276         3.7842860781       -14.3672458921
        1.6654354000         1.2000000000         0.8197169767         3.7332485289       -13.5029106772
        1.6703945000         1.2000000000         0.8018506887         3.6771072248       -13.9683219468
        1.6754603000         1.2000000000         0.8018506887         3.6235177982       -13.9683219468
        1.6803880000         1.2000000000         0.8044030155         3.5597208617       -13.9018346226
        1.6854269000         1.2000000000         0.7916413813         3.5163389449       -14.2342712437
        1.6903991000         1.2000000000         0.8120599961         3.4601976408       -13.7023726499
        1.6954251000         1.2000000000         0.7890890544         3.4040563367       -14.3007585679
        1.7004138000         1.2000000000         0.8146123230         3.3479150326       -13.6358853257
        1.7054178000         1.2000000000         0.7916413813         3.3019812383       -14.2342712437
        1.7103993000         1.2000000000         0.8120599961         3.2407361793       -13.7023726499
        1.7154440000         1.2000000000         0.7941937081         3.1871467527       -14.1677839195
        1.7204451000         1.2000000000         0.8171646498         3.1386610810       -13.5693980014
        1.7254275000         1.2000000000         0.8095076693         3.0876235318       -13.7688599741
        1.7304152000         1.2000000000         0.8018506887         3.0289303502       -13.9683219468
        1.7354176000         1.2000000000         0.8146123230         2.9855484334       -13.6358853257
        1.7404236000         1.2000000000         0.7992983618         2.9294071293       -14.0348092710
        1.7454984000         1.2000000000         0.8197169767         2.8758177027       -13.5029106772
        1.7505928000         1.2000000000         0.8069553424         2.8273320310       -13.8353472983
        1.7554911000         1.2000000000         0.8018506887         2.7635350945       -13.9683219468
        1.7605874000         1.2000000000         0.7967460350         2.7201531777       -14.1012965952
        1.7655590000         1.2000000000         0.8197169767         2.6691156285       -13.5029106772
        1.7704270000         1.2000000000         0.7967460350         2.6155262019       -14.1012965952
        1.7756827000         1.2000000000         0.8120599961         2.5517292654       -13.7023726499
        1.7804842000         1.2000000000         0.7916413813         2.4955879613       -14.2342712437
        1.7855943000         1.2000000000         0.8146123230         2.4522060445       -13.6358853257
        1.7906148000         1.2000000000         0.8018506887         2.3909609855       -13.9683219468
        1.7957787000         1.2000000000         0.8018506887         2.3399234363       -13.9683219468
        1.8005082000         1.2000000000         0.8018506887         2.2837821322       -13.9683219468
        1.8059162000         1.2000000000         0.8095076693         2.2352964605       -13.7688599741
        1.8105847000         1.2000000000         0.8069553424         2.1740514015       -13.8353472983
        1.8155281000         1.2000000000         0.7967460350         2.1230138523       -14.1012965952
        1.8205867000         1.2000000000         0.8044030155         2.0643206707       -13.9018346226
        1.8256011000         1.2000000000         0.8018506887         2.0158349990       -13.9683219468
        1.8305193000         1.2000000000         0.8222693035         1.9622455724       -13.4364233530
        1.8355820000         1.2000000000         0.8069553424         1.9188636556       -13.8353472983
        1.8406602000         1.2000000000         0.8146123230         1.8601704740       -13.6358853257
        1.8456469000         1.2000000000         0.8044030155         1.8014772924       -13.9018346226
        1.8505840000         1.2000000000         0.8120599961         1.7580953756       -13.7023726499
        1.8555967000         1.2000000000         0.8273739573         1.7096097039       -13.3034487045
        1.8606261000         1.2000000000         0.8146123230         1.6534683998       -13.6358853257
        1.8657432000         1.2000000000         0.8120599961         1.5973270957       -13.7023726499
        1.8707232000         1.2000000000         0.8044030155         1.5539451789       -13.9018346226
        1.8757381000         1.2000000000         0.8299262841         1.5054595072       -13.2369613803
        1.8807764000         1.2000000000         0.8120599961         1.4569738355       -13.7023726499
        1.8857087000         1.2000000000         0.8324786110         1.4008325314       -13.1704740561
        1.8906060000         1.2000000000         0.8018506887         1.3421393498       -13.9683219468
        1.8956206000         1.2000000000         0.8248216304         1.2962055556       -13.3699360287
        1.9008541000         1.2000000000         0.8095076693         1.2426161289       -13.7688599741
        1.9055363000         1.2000000000         0.8452402453         1.1864748248       -12.8380374349
        1.9105683000         1.2000000000         0.8171646498         1.1481966629       -13.5693980014
        1.9155675000         1.2000000000         0.8350309378         1.0971591138       -13.1039867318
        1.9206583000         1.2000000000         0.8146123230         1.0435696871       -13.6358853257
        1.9254547000         1.2000000000         0.8324786110         0.9950840154       -13.1704740561
        1.9305134000         1.2000000000         0.8095076693         0.9338389564       -13.7688599741
        1.9355856000         1.2000000000         0.8273739573         0.8930089170       -13.3034487045
        1.9405841000         1.2000000000         0.8273739573         0.8445232453       -13.3034487045
        1.9455117000         1.2000000000         0.8350309378         0.7909338187       -13.1039867318
        1.9505843000         1.2000000000         0.8248216304         0.7373443920       -13.3699360287
        1.9554604000         1.2000000000         0.8222693035         0.6863068429       -13.4364233530
        1.9604825000         1.2000000000         0.8299262841         0.6301655388       -13.2369613803
        1.9654723000         1.2000000000         0.8222693035         0.5816798670       -13.4364233530
        1.9705669000         1.2000000000         0.8350309378         0.5331941953       -13.1039867318
        1.9754066000         1.2000000000         0.8503448990         0.4796047687       -12.7050627865
        1.9805511000         1.2000000000         0.8171646498         0.4260153420       -13.5693980014
        1.9856145000         1.2000000000         0.8401355915         0.3724259154       -12.9710120834
        1.9905315000         1.2000000000         0.8146123230         0.3188364888       -13.6358853257
        1.9954404000         1.2000000000         0.8146123230         0.2575914298       -13.6358853257
        2.0005234000         1.2000000000         0.8299262841         0.2091057580       -13.2369613803
        2.0054379000         1.2000000000         0.8273739573         0.1580682088       -13.3034487045
        2.0105801000         1.2000000000         0.8120599961         0.1019269048       -13.7023726499
        2.0154330000         1.2000000000         0.8248216304         0.0508893556       -13.3699360287
        2.0205446000         1.2000000000         0.8222693035         0.0049555613       -13.4364233530
        2.0254124000         1.2000000000         0.8222693035         0.0075074388       -13.4364233530
        2.0304840000         1.2000000000         0.8248216304         0.0024036839       -13.3699360287
        2.0354281000         1.2000000000         0.8248216304         1.1048147461       -13.3699360287
        2.0404841000         1.2000000000         0.8171646498         5.0066353810       -13.5693980014
        2.0454452000         1.2000000000         0.8248216304         5.0091872584       -13.3699360287
        2.0504526000         1.2000000000         0.8069553424         4.9836684838       -13.8353472983
        2.0554223000         1.2000000000         0.8146123230         4.9351828121       -13.6358853257
        2.0605085000         1.2000000000         0.8171646498         4.8815933855       -13.5693980014
        2.0655127000         1.2000000000         0.8197169767         4.8331077137       -13.5029106772
        2.0706359000         1.2000000000         0.8120599961         4.7667588998       -13.7023726499
        2.0754308000         1.2000000000         0.8171646498         4.7182732281       -13.5693980014
        2.0804104000         1.2000000000         0.8095076693         4.6570281691       -13.7688599741
        2.0853882000         1.2000000000         0.8120599961         4.6059906199       -13.7023726499
        2.0904763000         1.2000000000         0.8146123230         4.5524011933       -13.6358853257
        2.0953975000         1.2000000000         0.8095076693         4.5013636441       -13.7688599741
        2.1004441000         1.2000000000         0.8146123230         4.4452223400       -13.6358853257
        2.1054747000         1.2000000000         0.8146123230         4.3941847908       -13.6358853257
        2.1104565000         1.2000000000         0.8146123230         4.3380434867       -13.6358853257
        2.1153954000         1.2000000000         0.8248216304         4.2870059375       -13.3699360287
        2.1204014000         1.2000000000         0.7992983618         4.2257608785       -14.0348092710
        2.1254306000         1.2000000000         0.8171646498         4.1772752068       -13.5693980014
        2.1304993000         1.2000000000         0.7916413813         4.1287895351       -14.2342712437
        2.1354701000         1.2000000000         0.8222693035         4.0726482310       -13.4364233530
        2.1404515000         1.2000000000         0.7916413813         4.0088512945       -14.2342712437
        2.1454415000         1.2000000000         0.8146123230         3.9552618679       -13.6358853257
        2.1504311000         1.2000000000         0.7941937081         3.9016724412       -14.1677839195
        2.1554595000         1.2000000000         0.8120599961         3.8557386469       -13.7023726499
        2.1604242000         1.2000000000         0.8018506887         3.8047010978       -13.9683219468
        2.1654295000         1.2000000000         0.7941937081         3.7460079162       -14.1677839195
        2.1704484000         1.2000000000         0.8324786110         3.7026259994       -13.1704740561
        2.1753967000         1.2000000000         0.7941937081         3.6515884502       -14.1677839195
        2.1805958000         1.2000000000         0.8248216304         3.5877915138       -13.3699360287
        2.1854805000         1.2000000000         0.8095076693         3.5367539646       -13.7688599741
        2.1905385000         1.2000000000         0.8299262841         3.4908201703       -13.2369613803
        2.1954413000         1.2000000000         0.7839844007         3.4270232338       -14.4337332164
        2.2006373000         1.2000000000         0.8273739573         3.3836413170       -13.3034487045
        2.2054551000         1.2000000000         0.8018506887         3.3249481355       -13.9683219468
        2.2104308000         1.2000000000         0.8171646498         3.2815662187       -13.5693980014
        2.2154301000         1.2000000000         0.8146123230         3.2254249146       -13.6358853257
        2.2204654000         1.2000000000         0.8069553424         3.1667317330       -13.8353472983
        2.2256374000         1.2000000000         0.8095076693         3.1080385515       -13.7688599741
        2.2305357000         1.2000000000         0.7941937081         3.0595528797       -14.1677839195
        2.2354385000         1.2000000000         0.8120599961         3.0034115756       -13.7023726499
        2.2404130000         1.2000000000         0.7865367276         2.9472702715       -14.3672458921
        2.2454797000         1.2000000000         0.8273739573         2.9064402322       -13.3034487045
        2.2504870000         1.2000000000         0.7890890544         2.8426432957       -14.3007585679
        2.2555066000         1.2000000000         0.8120599961         2.7941576240       -13.7023726499
        2.2605380000         1.2000000000         0.7992983618         2.7405681974       -14.0348092710
        2.2656843000         1.2000000000         0.7992983618         2.6818750158       -14.0348092710
        2.2706037000         1.2000000000         0.8018506887         2.6308374666       -13.9683219468
        2.2756011000         1.2000000000         0.8299262841         2.5874555498       -13.2369613803
        2.2805662000         1.2000000000         0.8171646498         2.5338661232       -13.5693980014
        2.2855939000         1.2000000000         0.8018506887         2.4802766965       -13.9683219468
        2.2905527000         1.2000000000         0.8095076693         2.4190316375       -13.7688599741
        2.2955801000         1.2000000000         0.7967460350         2.3603384560       -14.1012965952
        2.3005768000         1.2000000000         0.8044030155         2.3093009068       -13.9018346226
        2.3055103000         1.2000000000         0.7992983618         2.2531596027       -14.0348092710
        2.3105212000         1.2000000000         0.8069553424         2.1995701761       -13.8353472983
        2.3154574000         1.2000000000         0.7941937081         2.1434288720       -14.1677839195
        2.3206509000         1.2000000000         0.8120599961         2.0974950777       -13.7023726499
        2.3256059000         1.2000000000         0.8171646498         2.0439056511       -13.5693980014
        2.3305680000         1.2000000000         0.7967460350         1.9903162244       -14.1012965952
        2.3355613000         1.2000000000         0.8171646498         1.9341749203       -13.5693980014
        2.3405757000         1.2000000000         0.8044030155         1.8805854937       -13.9018346226
        2.3455841000         1.2000000000         0.8146123230         1.8423073318       -13.6358853257
        2.3506185000         1.2000000000         0.8146123230         1.7887179052       -13.6358853257
        2.3555853000         1.2000000000         0.8197169767         1.7325766011       -13.5029106772
        2.3605496000         1.2000000000         0.8095076693         1.6840909293       -13.7688599741
        2.3656009000         1.2000000000         0.8120599961         1.6305015027       -13.7023726499
        2.3707270000         1.2000000000         0.8120599961         1.5718083211       -13.7023726499
        2.3756275000         1.2000000000         0.8146123230         1.5258745269       -13.6358853257
        2.3808215000         1.2000000000         0.8197169767         1.4824926101       -13.5029106772
        2.3856290000         1.2000000000         0.8171646498         1.4289031834       -13.5693980014
        2.3905417000         1.2000000000         0.8171646498         1.3676581244       -13.5693980014
        2.3956177000         1.2000000000         0.8171646498         1.3166205752       -13.5693980014
        2.4008199000         1.2000000000         0.8171646498         1.2706867810       -13.5693980014
        2.4055548000         1.2000000000         0.8273739573         1.2196492318       -13.3034487045
        2.4106663000         1.2000000000         0.8146123230         1.1686116826       -13.6358853257
        2.4155955000         1.2000000000         0.8146123230         1.1252297658       -13.6358853257
        2.4206192000         1.2000000000         0.8222693035         1.0665365843       -13.4364233530
        2.4255879000         1.2000000000         0.8248216304         1.0231546675       -13.3699360287
        2.4305950000         1.2000000000         0.8273739573         0.9746689957       -13.3034487045
        2.4356021000         1.2000000000         0.8171646498         0.9236314466       -13.5693980014
        2.4405508000         1.2000000000         0.8401355915         0.8649382650       -12.9710120834
        2.4455984000         1.2000000000         0.8222693035         0.8215563482       -13.4364233530
        2.4507520000         1.2000000000         0.8171646498         0.7603112892       -13.5693980014
        2.4556735000         1.2000000000         0.8222693035         0.7220331273       -13.4364233530
        2.4605475000         1.2000000000         0.8350309378         0.6684437007       -13.1039867318
        2.4655313000         1.2000000000         0.8171646498         0.6071986416       -13.5693980014
        2.4705815000         1.2000000000         0.8197169767         0.5536092150       -13.5029106772
        2.4755704000         1.2000000000         0.8248216304         0.5025716658       -13.3699360287
        2.4805437000         1.2000000000         0.8248216304         0.4515341166       -13.3699360287
        2.4855139000         1.2000000000         0.8095076693         0.3928409351       -13.7688599741
        2.4906003000         1.2000000000         0.8299262841         0.3494590183       -13.2369613803
        2.4955948000         1.2000000000         0.8095076693         0.2882139593       -13.7688599741
        2.5006480000         1.2000000000         0.8222693035         0.2371764101       -13.4364233530
        2.5055514000         1.2000000000         0.8248216304         0.1810351060       -13.3699360287
        2.5105992000         1.2000000000         0.8324786110         0.1376531892       -13.1704740561
        2.5158009000         1.2000000000         0.8146123230         0.0789600076       -13.6358853257
        2.5206501000         1.2000000000         0.8222693035         0.0253705810       -13.4364233530
        2.5255575000         1.2000000000         0.8095076693        -0.0052519485       -13.7688599741
        2.5304693000         1.2000000000         0.8095076693         0.0075074388       -13.7688599741
        2.5355038000         1.2000000000         0.8095076693         1.1073666236       -13.7688599741
        2.5405316000         1.2000000000         0.8171646498         5.0040835035       -13.5693980014
        2.5455330000         1.2000000000         0.8222693035         5.0117391359       -13.4364233530
        2.5505040000         1.2000000000         0.8222693035         5.0040835035       -13.4364233530
        2.5556523000         1.2000000000         0.8146123230         4.9607015867       -13.6358853257
        2.5605273000         1.2000000000         0.8222693035         4.9096640375       -13.4364233530
        2.5656305000         1.2000000000         0.8146123230         4.8586264883       -13.6358853257
        2.5705076000         1.2000000000         0.8069553424         4.7922776744       -13.8353472983
        2.5755079000         1.2000000000         0.8018506887         4.7361363703       -13.9683219468
        2.5805570000         1.2000000000         0.8222693035         4.6876506986       -13.4364233530
        2.5855948000         1.2000000000         0.8095076693         4.6315093945       -13.7688599741
        2.5906202000         1.2000000000         0.8171646498         4.5779199678       -13.5693980014
        2.5955175000         1.2000000000         0.8171646498         4.5192267863       -13.5693980014
        2.6005431000         1.2000000000         0.8044030155         4.4681892371       -13.9018346226
        2.6054389000         1.2000000000         0.8171646498         4.4094960556       -13.5693980014
        2.6105625000         1.2000000000         0.8069553424         4.3635622613       -13.8353472983
        2.6156083000         1.2000000000         0.8197169767         4.3048690797       -13.5029106772
        2.6205474000         1.2000000000         0.7941937081         4.2512796531       -14.1677839195
        2.6254816000         1.2000000000         0.8324786110         4.2027939814       -13.1704740561
        2.6304395000         1.2000000000         0.7941937081         4.1441007998       -14.1677839195
        2.6355528000         1.2000000000         0.8197169767         4.0854076183       -13.5029106772
        2.6405059000         1.2000000000         0.8095076693         4.0445775789       -13.7688599741
        2.6454580000         1.2000000000         0.8197169767         3.9833325199       -13.5029106772
        2.6505203000         1.2000000000         0.8044030155         3.9297430933       -13.9018346226
        2.6554699000         1.2000000000         0.8069553424         3.8761536666       -13.8353472983
        2.6605111000         1.2000000000         0.8350309378         3.8327717498       -13.1039867318
        2.6657077000         1.2000000000         0.7839844007         3.7664229359       -14.4337332164
        2.6704428000         1.2000000000         0.8222693035         3.7179372642       -13.4364233530
        2.6755776000         1.2000000000         0.7967460350         3.6694515924       -14.1012965952
        2.6805289000         1.2000000000         0.8299262841         3.6158621658       -13.2369613803
        2.6855596000         1.2000000000         0.7941937081         3.5571689842       -14.1677839195
        2.6904570000         1.2000000000         0.8120599961         3.4984758027       -13.7023726499
        2.6954615000         1.2000000000         0.8044030155         3.4448863760       -13.9018346226
        2.7003973000         1.2000000000         0.7941937081         3.3912969494       -14.1677839195
        2.7054418000         1.2000000000         0.8146123230         3.3453631551       -13.6358853257
        2.7104129000         1.2000000000         0.7916413813         3.2968774834       -14.2342712437
        2.7153956000         1.2000000000         0.8248216304         3.2458399342       -13.3699360287
        2.7206349000         1.2000000000         0.7941937081         3.1871467527       -14.1677839195
        2.7254752000         1.2000000000         0.8171646498         3.1386610810       -13.5693980014
        2.7309092000         1.2000000000         0.7941937081         3.0748641445       -14.1677839195
        2.7355096000         1.2000000000         0.8018506887         3.0263784728       -13.9683219468
        2.7405072000         1.2000000000         0.8018506887         2.9676852912       -13.9683219468
        2.7455389000         1.2000000000         0.8069553424         2.9243033744       -13.8353472983
        2.7506091000         1.2000000000         0.8069553424         2.8630583154       -13.8353472983
        2.7555880000         1.2000000000         0.7967460350         2.8018132564       -14.1012965952
        2.7605411000         1.2000000000         0.8018506887         2.7558794621       -13.9683219468
        2.7654807000         1.2000000000         0.8044030155         2.7073937904       -13.9018346226
        2.7704963000         1.2000000000         0.8044030155         2.6384930990       -13.9018346226
        2.7755103000         1.2000000000         0.7992983618         2.5976630597       -14.0348092710
        2.7804292000         1.2000000000         0.8146123230         2.5466255105       -13.6358853257
        2.7854192000         1.2000000000         0.7839844007         2.4777248191       -14.4337332164
        2.7904040000         1.2000000000         0.8222693035         2.4292391474       -13.4364233530
        2.7953936000         1.2000000000         0.8018506887         2.3833053531       -13.9683219468
        2.8004196000         1.2000000000         0.8069553424         2.3169565392       -13.8353472983
        2.8054193000         1.2000000000         0.8018506887         2.2761264998       -13.9683219468
        2.8104274000         1.2000000000         0.8018506887         2.2199851957       -13.9683219468
        2.8154640000         1.2000000000         0.7992983618         2.1561882593       -14.0348092710
        2.8205931000         1.2000000000         0.8095076693         2.1128063424       -13.7688599741
        2.8255367000         1.2000000000         0.8171646498         2.0541131609       -13.5693980014
        2.8304413000         1.2000000000         0.7941937081         2.0005237343       -14.1677839195
        2.8353937000         1.2000000000         0.8222693035         1.9494861851       -13.4364233530
        2.8407954000         1.2000000000         0.8044030155         1.8958967584       -13.9018346226
        2.8453996000         1.2000000000         0.8120599961         1.8423073318       -13.7023726499
        2.8503879000         1.2000000000         0.8095076693         1.8040291699       -13.7688599741
        2.8554248000         1.2000000000         0.8248216304         1.7376803560       -13.3699360287
        2.8605618000         1.2000000000         0.7967460350         1.6891946843       -14.1012965952
        2.8655329000         1.2000000000         0.8324786110         1.6458127674       -13.1704740561
        2.8704421000         1.2000000000         0.8120599961         1.5973270957       -13.7023726499
        2.8754390000         1.2000000000         0.8299262841         1.5462895465       -13.2369613803
        2.8804772000         1.2000000000         0.8120599961         1.4824926101       -13.7023726499
        2.8854267000         1.2000000000         0.8171646498         1.4391106933       -13.5693980014
        2.8904162000         1.2000000000         0.8171646498         1.3855212666       -13.5693980014
        2.8954198000         1.2000000000         0.8044030155         1.3293799625       -13.9018346226
        2.9004515000         1.2000000000         0.8273739573         1.2808942908       -13.3034487045
        2.9054200000         1.2000000000         0.8120599961         1.2324086191       -13.7023726499
        2.9103948000         1.2000000000         0.8273739573         1.1788191925       -13.3034487045
        2.9154176000         1.2000000000         0.8171646498         1.1328853982       -13.5693980014
        2.9205377000         1.2000000000         0.8222693035         1.0767440941       -13.4364233530
        2.9254439000         1.2000000000         0.8375832647         1.0308102998       -13.0374994076
        2.9304782000         1.2000000000         0.8299262841         0.9874283830       -13.2369613803
        2.9354405000         1.2000000000         0.8095076693         0.9236314466       -13.7688599741
        2.9404656000         1.2000000000         0.8248216304         0.8802495297       -13.3699360287
        2.9454628000         1.2000000000         0.8324786110         0.8266601031       -13.1704740561
        2.9504322000         1.2000000000         0.8197169767         0.7756225539       -13.5029106772
        2.9554525000         1.2000000000         0.8350309378         0.7245850047       -13.1039867318
        2.9605624000         1.2000000000         0.8248216304         0.6786512105       -13.3699360287
        2.9653939000         1.2000000000         0.8324786110         0.6250617838       -13.1704740561
        2.9705806000         1.2000000000         0.8452402453         0.5663686023       -12.8380374349
        2.9755701000         1.2000000000         0.8248216304         0.5076754207       -13.3699360287
        2.9804242000         1.2000000000         0.8222693035         0.4617416265       -13.4364233530
        2.9854069000         1.2000000000         0.8222693035         0.4158078322       -13.4364233530
        2.9904926000         1.2000000000         0.8299262841         0.3571146507       -13.2369613803
        2.9954006000         1.2000000000         0.8248216304         0.3035252240       -13.3699360287
        3.0004840000         1.2000000000         0.8171646498         0.2499357974       -13.5693980014
        3.0054017000         1.2000000000         0.8528972258         0.1963463707       -12.6385754623
        3.0105824000         1.2000000000         0.8095076693         0.1376531892       -13.7688599741
        3.0153990000         1.2000000000         0.8146123230         0.0815118851       -13.6358853257
        3.0204380000         1.2000000000         0.8120599961         0.0432337232       -13.7023726499
        3.0255358000         1.2000000000         0.8350309378        -0.0001481936       -13.1039867318
        3.0305076000         1.2000000000         0.7992983618        -0.0052519485       -14.0348092710
        3.0355722000         1.2000000000         0.8324786110         1.1099185011       -13.1704740561
        3.0405817000         1.2000000000         0.8146123230         4.9887722387       -13.6358853257
        3.0454066000         1.2000000000         0.8095076693         4.9989797486       -13.7688599741
        3.0503947000         1.2000000000         0.8171646498         5.0091872584       -13.5693980014
        3.0555355000         1.2000000000         0.8197169767         4.9760128515       -13.5029106772
        3.0604197000         1.2000000000         0.8146123230         4.9198715474       -13.6358853257
        3.0653935000         1.2000000000         0.8018506887         4.8611783658       -13.9683219468
        3.0705467000         1.2000000000         0.8146123230         4.8101408166       -13.6358853257
        3.0755718000         1.2000000000         0.8018506887         4.7463438801       -13.9683219468
        3.0804071000         1.2000000000         0.8171646498         4.6953063310       -13.5693980014
        3.0854301000         1.2000000000         0.8018506887         4.6391650269       -13.9683219468
        3.0905594000         1.2000000000         0.8069553424         4.5830237228       -13.8353472983
        3.0954273000         1.2000000000         0.8299262841         4.5396418060       -13.2369613803
        3.1005936000         1.2000000000         0.7967460350         4.4783967469       -14.1012965952
        3.1054358000         1.2000000000         0.8273739573         4.4248073203       -13.3034487045
        3.1104301000         1.2000000000         0.7967460350         4.3712178937       -14.1012965952
        3.1153945000         1.2000000000         0.8248216304         4.3252840994       -13.3699360287
        3.1204457000         1.2000000000         0.7941937081         4.2640390404       -14.1677839195
        3.1254264000         1.2000000000         0.8222693035         4.2104496138       -13.4364233530
        3.1305187000         1.2000000000         0.7967460350         4.1517564322       -14.1012965952
        3.1353893000         1.2000000000         0.8095076693         4.0981670056       -13.7688599741
        3.1404541000         1.2000000000         0.8120599961         4.0445775789       -13.7023726499
        3.1454668000         1.2000000000         0.8120599961         3.9858843974       -13.7023726499
        3.1504424000         1.2000000000         0.8197169767         3.9425024806       -13.5029106772
        3.1554354000         1.2000000000         0.7967460350         3.8889130539       -14.1012965952
        3.1604214000         1.2000000000         0.8171646498         3.8302198724       -13.5693980014
        3.1656302000         1.2000000000         0.7941937081         3.7766304457       -14.1677839195
        3.1706035000         1.2000000000         0.8069553424         3.7255928965       -13.8353472983
        3.1754899000         1.2000000000         0.8044030155         3.6796591023       -13.9018346226
        3.1804472000         1.2000000000         0.7992983618         3.6184140433       -14.0348092710
        3.1854206000         1.2000000000         0.8044030155         3.5673764941       -13.9018346226
        3.1904059000         1.2000000000         0.7941937081         3.5061314351       -14.1677839195
        3.1955384000         1.2000000000         0.8146123230         3.4678532732       -13.6358853257
        3.2006437000         1.2000000000         0.8018506887         3.4066082142       -13.9683219468
        3.2054541000         1.2000000000         0.8222693035         3.3632262974       -13.4364233530
        3.2105462000         1.2000000000         0.7916413813         3.3019812383       -14.2342712437
        3.2155460000         1.2000000000         0.8146123230         3.2483918117       -13.6358853257
        3.2204386000         1.2000000000         0.8044030155         3.1896986301       -13.9018346226
        3.2254450000         1.2000000000         0.8120599961         3.1361092035       -13.7023726499
        3.2304310000         1.2000000000         0.8146123230         3.0952791642       -13.6358853257
        3.2355447000         1.2000000000         0.8095076693         3.0391378601       -13.7688599741
        3.2404616000         1.2000000000         0.8044030155         2.9829965560       -13.9018346226
        3.2455199000         1.2000000000         0.8018506887         2.9243033744       -13.9683219468
        3.2504842000         1.2000000000         0.8095076693         2.8834733351       -13.7688599741
        3.2554847000         1.2000000000         0.7992983618         2.8247801535       -14.0348092710
        3.2604787000         1.2000000000         0.8018506887         2.7609832170       -13.9683219468
        3.2654642000         1.2000000000         0.7941937081         2.7124975453       -14.1677839195
        3.2704290000         1.2000000000         0.8171646498         2.6589081187       -13.5693980014
        3.2755812000         1.2000000000         0.7737750933         2.6002149371       -14.6996825133
        3.2805514000         1.2000000000         0.8120599961         2.5466255105       -13.7023726499
        3.2855846000         1.2000000000         0.7941937081         2.5032435937       -14.1677839195
        3.2906173000         1.2000000000         0.8146123230         2.4445504121       -13.6358853257
        3.2955732000         1.2000000000         0.8095076693         2.3935128629       -13.7688599741
        3.3005441000         1.2000000000         0.8095076693         2.3322678039       -13.7688599741
        3.3054741000         1.2000000000         0.8018506887         2.2812302547       -13.9683219468
        3.3105720000         1.2000000000         0.8120599961         2.2276408281       -13.7023726499
        3.3155779000         1.2000000000         0.7992983618         2.1663957691       -14.0348092710
        3.3204170000         1.2000000000         0.8044030155         2.1153582199       -13.9018346226
        3.3255674000         1.2000000000         0.8146123230         2.0719763031       -13.6358853257
        3.3305380000         1.2000000000         0.8120599961         2.0209387539       -13.7023726499
        3.3355867000         1.2000000000         0.8197169767         1.9622455724       -13.5029106772
        3.3404536000         1.2000000000         0.8069553424         1.9137599006       -13.8353472983
        3.3454260000         1.2000000000         0.8197169767         1.8525148416       -13.5029106772
        3.3504425000         1.2000000000         0.8095076693         1.8116848023       -13.7688599741
        3.3554876000         1.2000000000         0.8222693035         1.7580953756       -13.4364233530
        3.3604607000         1.2000000000         0.8044030155         1.7019540715       -13.9018346226
        3.3653940000         1.2000000000         0.8146123230         1.6458127674       -13.6358853257
        3.3704020000         1.2000000000         0.8120599961         1.5998789732       -13.7023726499
        3.3753937000         1.2000000000         0.8146123230         1.5641526888       -13.6358853257
        3.3804464000         1.2000000000         0.8222693035         1.4978038748       -13.4364233530
        3.3854195000         1.2000000000         0.8426879184         1.4518700806       -12.9045247592
        3.3904872000         1.2000000000         0.8120599961         1.3957287765       -13.7023726499
        3.3954286000         1.2000000000         0.8146123230         1.3497949822       -13.6358853257
        3.4004321000         1.2000000000         0.8120599961         1.2936536781       -13.7023726499
        3.4053957000         1.2000000000         0.8146123230         1.2477198838       -13.6358853257
        3.4105398000         1.2000000000         0.8299262841         1.1966823347       -13.2369613803
        3.4154708000         1.2000000000         0.8095076693         1.1456447855       -13.7688599741
        3.4204632000         1.2000000000         0.8248216304         1.0946072363       -13.3699360287
        3.4254858000         1.2000000000         0.8299262841         1.0512253195       -13.2369613803
        3.4304203000         1.2000000000         0.8171646498         0.9950840154       -13.5693980014
        3.4354501000         1.2000000000         0.8299262841         0.9440464662       -13.2369613803
        3.4405428000         1.2000000000         0.8044030155         0.8853532847       -13.9018346226
        3.4455841000         1.2000000000         0.8222693035         0.8317638580       -13.4364233530
        3.4504168000         1.2000000000         0.8146123230         0.7858300638       -13.6358853257
        3.4554068000         1.2000000000         0.8248216304         0.7322406371       -13.3699360287
        3.4603952000         1.2000000000         0.8095076693         0.6812030879       -13.7688599741
        3.4654172000         1.2000000000         0.8375832647         0.6378211711       -13.0374994076
        3.4704011000         1.2000000000         0.8197169767         0.5867836220       -13.5029106772
        3.4754719000         1.2000000000         0.8299262841         0.5255385629       -13.2369613803
        3.4804525000         1.2000000000         0.8120599961         0.4693972588       -13.7023726499
        3.4854253000         1.2000000000         0.8171646498         0.4209115871       -13.5693980014
        3.4904227000         1.2000000000         0.8222693035         0.3673221605       -13.4364233530
        3.4954397000         1.2000000000         0.8222693035         0.3111808564       -13.4364233530
        3.5004701000         1.2000000000         0.8018506887         0.2601433072       -13.9683219468
        3.5054704000         1.2000000000         0.8350309378         0.2142095129       -13.1039867318
        3.5104357000         1.2000000000         0.8018506887         0.1478606990       -13.9683219468
        3.5154687000         1.2000000000         0.8146123230         0.0968231498       -13.6358853257
        3.5203995000         1.2000000000         0.8095076693         0.0406818457       -13.7688599741
        3.5254715000         1.2000000000         0.8273739573         0.0075074388       -13.3034487045
        3.5304239000         1.2000000000         0.8171646498         0.0049555613       -13.5693980014
        3.5354752000         1.2000000000         0.8146123230         0.0075074388       -13.6358853257
        3.5403955000         1.2000000000         0.8222693035         1.1048147461       -13.4364233530
        3.5454390000         1.2000000000         0.7967460350         4.9989797486       -14.1012965952
        3.5504488000         1.2000000000         0.8299262841         4.9989797486       -13.2369613803
        3.5554632000         1.2000000000         0.7992983618         4.9760128515       -14.0348092710
        3.5604329000         1.2000000000         0.8222693035         4.9300790572       -13.4364233530
        3.5654371000         1.2000000000         0.8171646498         4.8815933855       -13.5693980014
        3.5704042000         1.2000000000         0.8248216304         4.8254520814       -13.3699360287
        3.5754719000         1.2000000000         0.8069553424         4.7667588998       -13.8353472983
        3.5803958000         1.2000000000         0.8146123230         4.7080657183       -13.6358853257
        3.5854544000         1.2000000000         0.7967460350         4.6493725367       -14.1012965952
        3.5905087000         1.2000000000         0.8095076693         4.5983349875       -13.7688599741
        3.5954749000         1.2000000000         0.8146123230         4.5396418060       -13.6358853257
        3.6004274000         1.2000000000         0.7941937081         4.4860523793       -14.1677839195
        3.6054370000         1.2000000000         0.8350309378         4.4375667076       -13.1039867318
        3.6104206000         1.2000000000         0.7916413813         4.3763216486       -14.2342712437
        3.6154657000         1.2000000000         0.8273739573         4.3354916092       -13.3034487045
        3.6203970000         1.2000000000         0.8069553424         4.2819021826       -13.8353472983
        3.6254560000         1.2000000000         0.8095076693         4.2181052461       -13.7688599741
        3.6303927000         1.2000000000         0.8095076693         4.1619639420       -13.7688599741
        3.6356347000         1.2000000000         0.8146123230         4.1185820252       -13.6358853257
        3.6405387000         1.2000000000         0.8095076693         4.0573369662       -13.7688599741
        3.6455412000         1.2000000000         0.7967460350         3.9986437847       -14.1012965952
        3.6504248000         1.2000000000         0.8197169767         3.9527099904       -13.5029106772
        3.6554447000         1.2000000000         0.7941937081         3.9042243187       -14.1677839195
        3.6604140000         1.2000000000         0.8171646498         3.8353236273       -13.5693980014
        3.6653840000         1.2000000000         0.7992983618         3.7944935879       -14.0348092710
        3.6705004000         1.2000000000         0.8146123230         3.7383522838       -13.6358853257
        3.6754350000         1.2000000000         0.8248216304         3.6873147347       -13.3699360287
        3.6804509000         1.2000000000         0.8120599961         3.6337253080       -13.7023726499
        3.6854274000         1.2000000000         0.8018506887         3.5750321265       -13.9683219468
        3.6905850000         1.2000000000         0.7916413813         3.5163389449       -14.2342712437
        3.6954429000         1.2000000000         0.8222693035         3.4729570281       -13.4364233530
        3.7004729000         1.2000000000         0.7916413813         3.4244713564       -14.2342712437
        3.7054477000         1.2000000000         0.8248216304         3.3657781748       -13.3699360287
        3.7103983000         1.2000000000         0.8018506887         3.3121887482       -13.9683219468
        3.7154186000         1.2000000000         0.8146123230         3.2611511990       -13.6358853257
        3.7204368000         1.2000000000         0.7967460350         3.2152174047       -14.1012965952
        3.7253985000         1.2000000000         0.8120599961         3.1565242232       -13.7023726499
        3.7304520000         1.2000000000         0.8095076693         3.0952791642       -13.7688599741
        3.7354024000         1.2000000000         0.7890890544         3.0467934924       -14.3007585679
        3.7404214000         1.2000000000         0.8095076693         2.9906521883       -13.7688599741
        3.7453881000         1.2000000000         0.7890890544         2.9345108842       -14.3007585679
        3.7504244000         1.2000000000         0.8146123230         2.8885770900       -13.6358853257
        3.7554553000         1.2000000000         0.8018506887         2.8324357859       -13.9683219468
        3.7604173000         1.2000000000         0.8222693035         2.7813982367       -13.4364233530
        3.7654258000         1.2000000000         0.7941937081         2.7278088101       -14.1677839195
        3.7705867000         1.2000000000         0.8273739573         2.6767712609       -13.3034487045
        3.7753919000         1.2000000000         0.7967460350         2.6129743244       -14.1012965952
        3.7804662000         1.2000000000         0.8171646498         2.5721442851       -13.5693980014
        3.7854278000         1.2000000000         0.8146123230         2.5108992261       -13.6358853257
        3.7904055000         1.2000000000         0.8069553424         2.4573097994       -13.8353472983
        3.7953937000         1.2000000000         0.8120599961         2.4037203728       -13.7023726499
        3.8005349000         1.2000000000         0.8044030155         2.3526828236       -13.9018346226
        3.8054649000         1.2000000000         0.8120599961         2.3041971519       -13.7023726499
        3.8104742000         1.2000000000         0.8120599961         2.2429520929       -13.7023726499
        3.8153947000         1.2000000000         0.8044030155         2.1893626662       -13.9018346226
        3.8204096000         1.2000000000         0.8171646498         2.1332213621       -13.5693980014
        3.8254338000         1.2000000000         0.8018506887         2.0821838129       -13.9683219468
        3.8304313000         1.2000000000         0.8401355915         2.0388018961       -12.9710120834
        3.8354268000         1.2000000000         0.8120599961         1.9852124695       -13.7023726499
        3.8404772000         1.2000000000         0.8146123230         1.9239674105       -13.6358853257
        3.8453955000         1.2000000000         0.8018506887         1.8703779838       -13.9683219468
        3.8505270000         1.2000000000         0.8222693035         1.8320998220       -13.4364233530
        3.8556073000         1.2000000000         0.8069553424         1.7683028855       -13.8353472983
        3.8605244000         1.2000000000         0.8171646498         1.7249209687       -13.5693980014
        3.8654225000         1.2000000000         0.8146123230         1.6738834195       -13.6358853257
        3.8704382000         1.2000000000         0.8222693035         1.6279496252       -13.4364233530
        3.8754010000         1.2000000000         0.8222693035         1.5718083211       -13.4364233530
        3.8804135000         1.2000000000         0.8222693035         1.5233226494       -13.4364233530
        3.8854104000         1.2000000000         0.8350309378         1.4748369777       -13.1039867318
        3.8905328000         1.2000000000         0.8171646498         1.4186956736       -13.5693980014
        3.8954135000         1.2000000000         0.8222693035         1.3651062470       -13.4364233530
        3.9004062000         1.2000000000         0.8477925721         1.3191724527       -12.7715501107
        3.9054386000         1.2000000000         0.8146123230         1.2655830261       -13.6358853257
        3.9105360000         1.2000000000         0.8375832647         1.2247529867       -13.0374994076
        3.9155180000         1.2000000000         0.8146123230         1.1660598052       -13.6358853257
        3.9203991000         1.2000000000         0.8273739573         1.1150222560       -13.3034487045
        3.9253936000         1.2000000000         0.8222693035         1.0716403392       -13.4364233530
        3.9304994000         1.2000000000         0.8222693035         1.0154990351       -13.4364233530
        3.9354292000         1.2000000000         0.8324786110         0.9670133634       -13.1704740561
        3.9404171000         1.2000000000         0.8248216304         0.9210795691       -13.3699360287
        3.9453945000         1.2000000000         0.8375832647         0.8725938974       -13.0374994076
        3.9504705000         1.2000000000         0.8324786110         0.8190044707       -13.1704740561
        3.9554397000         1.2000000000         0.8248216304         0.7577594117       -13.3699360287
        3.9604461000         1.2000000000         0.8171646498         0.7118256175       -13.5693980014
        3.9654297000         1.2000000000         0.8273739573         0.6582361908       -13.3034487045
        3.9704328000         1.2000000000         0.8197169767         0.5995430093       -13.5029106772
        3.9754022000         1.2000000000         0.8095076693         0.5485054601       -13.7688599741
        3.9804211000         1.2000000000         0.8248216304         0.4974679109       -13.3699360287
        3.9854269000         1.2000000000         0.8273739573         0.4489822392       -13.3034487045
        3.9905010000         1.2000000000         0.8171646498         0.3953928125       -13.5693980014
        3.9954231000         1.2000000000         0.8452402453         0.3469071408       -12.8380374349
        4.0004289000         1.2000000000         0.8171646498         0.2958695916       -13.5693980014
