% Sweep Step 128/200  Vcmd=1.3000V  CCW 
% Vg_offset=1.338069V  K_gimbal=26.049690

Time[s]              Vcmd[V]              Vg_raw[V]            Pot[V]             Omega[rad/s]
        0.0018297000         1.3000000000         1.3403916554         1.3421393498         0.0605034650
        0.0056374000         1.3000000000         1.3454963091         1.3497949822         0.1934781135
        0.0106849000         1.3000000000         1.3327346748         1.3421393498        -0.1389585076
        0.0156082000         1.3000000000         1.3378393285         1.3421393498        -0.0059838592
        0.0205154000         1.3000000000         1.1591764486         1.3344837175        -4.6600965550
        0.0256281000         1.3000000000         1.1004729309         1.3166205752        -6.1893050123
        0.0305292000         1.3000000000         1.1566241217         1.2859980457        -4.7265838793
        0.0354389000         1.3000000000         1.1132345652         1.2732386584        -5.8568683911
        0.0404746000         1.3000000000         1.0519787206         1.2451680064        -7.4525641726
        0.0455052000         1.3000000000         1.0698450086         1.2119935994        -6.9871529030
        0.0504645000         1.3000000000         1.0775019892         1.1966823347        -6.7876909303
        0.0557275000         1.3000000000         1.0034845104         1.1609560502        -8.7158233329
        0.0606303000         1.3000000000         1.0545310475         1.1328853982        -7.3860768483
        0.0655179000         1.3000000000         1.0085891641         1.0946072363        -8.5828486844
        0.0705651000         1.3000000000         1.0085891641         1.0792959716        -8.5828486844
        0.0757748000         1.3000000000         1.0060368372         1.0359140547        -8.6493360086
        0.0805240000         1.3000000000         1.0085891641         1.0129471576        -8.5828486844
        0.0855484000         1.3000000000         0.9651996075         0.9619096084        -9.7131331963
        0.0906702000         1.3000000000         1.0060368372         0.9414945888        -8.6493360086
        0.0958250000         1.3000000000         0.9703042612         0.9006645494        -9.5801585478
        0.1005460000         1.3000000000         0.9754089149         0.8547307552        -9.4471838994
        0.1055307000         1.3000000000         0.9754089149         0.8317638580        -9.4471838994
        0.1105078000         1.3000000000         0.9600949538         0.7858300638        -9.8461078447
        0.1155086000         1.3000000000         0.9575426269         0.7501037793        -9.9125951690
        0.1206058000         1.3000000000         0.9549903001         0.7067218625        -9.9790824932
        0.1256075000         1.3000000000         0.9396763389         0.6684437007       -10.3780064385
        0.1306858000         1.3000000000         0.9422286658         0.6250617838       -10.3115191143
        0.1356635000         1.3000000000         0.9447809927         0.5893354994       -10.2450317901
        0.1406617000         1.3000000000         0.9294670315         0.5434017052       -10.6439557355
        0.1456628000         1.3000000000         0.9422286658         0.5127791757       -10.3115191143
        0.1506419000         1.3000000000         0.9320193584         0.4617416265       -10.5774684112
        0.1556004000         1.3000000000         0.9167053972         0.4234634646       -10.9763923566
        0.1605910000         1.3000000000         0.9294670315         0.3775296703       -10.6439557355
        0.1656365000         1.3000000000         0.9371240121         0.3469071408       -10.4444937628
        0.1706568000         1.3000000000         0.9090484167         0.2933177142       -11.1758543293
        0.1756358000         1.3000000000         0.9141530704         0.2575914298       -11.0428796808
        0.1805136000         1.3000000000         0.9243623778         0.2142095129       -10.7769303839
        0.1856548000         1.3000000000         0.8988391092         0.1631719638       -11.4418036262
        0.1905386000         1.3000000000         0.9116007435         0.1248938019       -11.1093670050
        0.1955249000         1.3000000000         0.9090484167         0.0815118851       -11.1758543293
        0.2004882000         1.3000000000         0.9064960898         0.0355780908       -11.2423416535
        0.2055869000         1.3000000000         0.9116007435         0.0024036839       -11.1093670050
        0.2106247000         1.3000000000         0.9039437630        -0.0052519485       -11.3088289777
        0.2155687000         1.3000000000         0.8937344555         0.0024036839       -11.5747782746
        0.2206079000         1.3000000000         0.9141530704         1.1048147461       -11.0428796808
        0.2255913000         1.3000000000         0.8860774750         4.9989797486       -11.7742402473
        0.2304591000         1.3000000000         0.9116007435         5.0066353810       -11.1093670050
        0.2356432000         1.3000000000         0.9013914361         5.0142910133       -11.3753163019
        0.2407072000         1.3000000000         0.8962867824         4.9836684838       -11.5082909504
        0.2454986000         1.3000000000         0.8962867824         4.9504940769       -11.5082909504
        0.2504722000         1.3000000000         0.8962867824         4.8969046502       -11.5082909504
        0.2555345000         1.3000000000         0.8962867824         4.8509708560       -11.5082909504
        0.2605858000         1.3000000000         0.8911821287         4.8101408166       -11.6412655989
        0.2655783000         1.3000000000         0.8911821287         4.7591032674       -11.6412655989
        0.2705661000         1.3000000000         0.8988391092         4.7131694732       -11.4418036262
        0.2755608000         1.3000000000         0.8758681675         4.6621319240       -12.0401895442
        0.2806770000         1.3000000000         0.8784204944         4.6136462523       -11.9737022200
        0.2857115000         1.3000000000         0.8860774750         4.5626087031       -11.7742402473
        0.2905864000         1.3000000000         0.8707635138         4.5166749088       -12.1731641927
        0.2958535000         1.3000000000         0.8733158407         4.4656373597       -12.1066768684
        0.3077895000         1.3000000000         0.8682111870         4.3559066289       -12.2396515169
        0.3082798000         1.3000000000         0.8886298018         4.3431472416       -11.7077529231
        0.3105739000         1.3000000000         0.8707635138         4.3227322219       -12.1731641927
        0.3156240000         1.3000000000         0.8707635138         4.2793503051       -12.1731641927
        0.3205282000         1.3000000000         0.8656588601         4.2410721433       -12.3061388411
        0.3255302000         1.3000000000         0.8707635138         4.1849308392       -12.1731641927
        0.3304712000         1.3000000000         0.8758681675         4.1441007998       -12.0401895442
        0.3355552000         1.3000000000         0.8733158407         4.0879594957       -12.1066768684
        0.3405106000         1.3000000000         0.8554495527         4.0394738240       -12.5720881380
        0.3457747000         1.3000000000         0.8605542064         3.9858843974       -12.4391134896
        0.3504562000         1.3000000000         0.8401355915         3.9348468482       -12.9710120834
        0.3554559000         1.3000000000         0.8631065332         3.8940168088       -12.3726261653
        0.3604447000         1.3000000000         0.8656588601         3.8480830146       -12.3061388411
        0.3655124000         1.3000000000         0.8426879184         3.7919417105       -12.9045247592
        0.3705373000         1.3000000000         0.8452402453         3.7434560388       -12.8380374349
        0.3754649000         1.3000000000         0.8860774750         3.7051778769       -11.7742402473
        0.3805098000         1.3000000000         0.8528972258         3.6592440826       -12.6385754623
        0.3855690000         1.3000000000         0.8682111870         3.6082065334       -12.2396515169
        0.3905527000         1.3000000000         0.8554495527         3.5648246166       -12.5720881380
        0.3955040000         1.3000000000         0.8605542064         3.5112351900       -12.4391134896
        0.4004236000         1.3000000000         0.8528972258         3.4601976408       -12.6385754623
        0.4054345000         1.3000000000         0.8503448990         3.4091600916       -12.7050627865
        0.4104213000         1.3000000000         0.8554495527         3.3632262974       -12.5720881380
        0.4154760000         1.3000000000         0.8375832647         3.3070849933       -13.0374994076
        0.4204532000         1.3000000000         0.8682111870         3.2764624638       -12.2396515169
        0.4254418000         1.3000000000         0.8375832647         3.2075617724       -13.0374994076
        0.4304508000         1.3000000000         0.8452402453         3.1641798556       -12.8380374349
        0.4354267000         1.3000000000         0.8528972258         3.1131423064       -12.6385754623
        0.4404436000         1.3000000000         0.8350309378         3.0723122670       -13.1039867318
        0.4454371000         1.3000000000         0.8528972258         3.0161709629       -12.6385754623
        0.4504102000         1.3000000000         0.8554495527         2.9778928011       -12.5720881380
        0.4554647000         1.3000000000         0.8452402453         2.9217514970       -12.8380374349
        0.4604689000         1.3000000000         0.8477925721         2.8707139478       -12.7715501107
        0.4655064000         1.3000000000         0.8477925721         2.8222282761       -12.7715501107
        0.4706700000         1.3000000000         0.8554495527         2.7788463592       -12.5720881380
        0.4755960000         1.3000000000         0.8401355915         2.7150494228       -12.9710120834
        0.4806461000         1.3000000000         0.8580018795         2.6793231383       -12.5056008138
        0.4856526000         1.3000000000         0.8401355915         2.6257337117       -12.9710120834
        0.4906417000         1.3000000000         0.8503448990         2.5772480400       -12.7050627865
        0.4955030000         1.3000000000         0.8631065332         2.5287623683       -12.3726261653
        0.5005546000         1.3000000000         0.8350309378         2.4751729416       -13.1039867318
        0.5056562000         1.3000000000         0.8477925721         2.4215835150       -12.7715501107
        0.5106316000         1.3000000000         0.8401355915         2.3833053531       -12.9710120834
        0.5156019000         1.3000000000         0.8605542064         2.3348196814       -12.4391134896
        0.5206644000         1.3000000000         0.8350309378         2.2761264998       -13.1039867318
        0.5254401000         1.3000000000         0.8733158407         2.2352964605       -12.1066768684
        0.5306665000         1.3000000000         0.8350309378         2.1714995240       -13.1039867318
        0.5355180000         1.3000000000         0.8631065332         2.1383251170       -12.3726261653
        0.5406087000         1.3000000000         0.8631065332         2.0796319355       -12.3726261653
        0.5456149000         1.3000000000         0.8631065332         2.0336981412       -12.3726261653
        0.5506785000         1.3000000000         0.8401355915         1.9903162244       -12.9710120834
        0.5555126000         1.3000000000         0.8656588601         1.9316230429       -12.3061388411
        0.5606243000         1.3000000000         0.8452402453         1.8933448810       -12.8380374349
        0.5656362000         1.3000000000         0.8554495527         1.8474110867       -12.5720881380
        0.5705899000         1.3000000000         0.8554495527         1.8040291699       -12.5720881380
        0.5756321000         1.3000000000         0.8656588601         1.7453359884       -12.3061388411
        0.5805991000         1.3000000000         0.8452402453         1.6942984392       -12.8380374349
        0.5855911000         1.3000000000         0.8554495527         1.6483646449       -12.5720881380
        0.5906349000         1.3000000000         0.8554495527         1.5998789732       -12.5720881380
        0.5955959000         1.3000000000         0.8605542064         1.5564970564       -12.4391134896
        0.6006242000         1.3000000000         0.8682111870         1.5105632621       -12.2396515169
        0.6056092000         1.3000000000         0.8784204944         1.4748369777       -11.9737022200
        0.6106976000         1.3000000000         0.8707635138         1.4186956736       -12.1731641927
        0.6155945000         1.3000000000         0.8733158407         1.3727618793       -12.1066768684
        0.6206274000         1.3000000000         0.8656588601         1.3268280851       -12.3061388411
        0.6256620000         1.3000000000         0.8682111870         1.2834461683       -12.2396515169
        0.6306501000         1.3000000000         0.8682111870         1.2349604965       -12.2396515169
        0.6356944000         1.3000000000         0.8733158407         1.1864748248       -12.1066768684
        0.6406051000         1.3000000000         0.8682111870         1.1481966629       -12.2396515169
        0.6455819000         1.3000000000         0.8733158407         1.0971591138       -12.1066768684
        0.6506309000         1.3000000000         0.8682111870         1.0512253195       -12.2396515169
        0.6556261000         1.3000000000         0.8682111870         1.0103952802       -12.2396515169
        0.6606392000         1.3000000000         0.8733158407         0.9517020986       -12.1066768684
        0.6656874000         1.3000000000         0.8631065332         0.9108720593       -12.3726261653
        0.6706185000         1.3000000000         0.8758681675         0.8674901425       -12.0401895442
        0.6755572000         1.3000000000         0.8784204944         0.8241082257       -11.9737022200
        0.6806131000         1.3000000000         0.8733158407         0.7781744314       -12.1066768684
        0.6856572000         1.3000000000         0.8656588601         0.7271368822       -12.3061388411
        0.6906843000         1.3000000000         0.8835251481         0.6786512105       -11.8407275715
        0.6956238000         1.3000000000         0.8631065332         0.6327174162       -12.3726261653
        0.7008930000         1.3000000000         0.8886298018         0.5791279896       -11.7077529231
        0.7055917000         1.3000000000         0.8528972258         0.5255385629       -12.6385754623
        0.7105109000         1.3000000000         0.8835251481         0.4898122785       -11.8407275715
        0.7156825000         1.3000000000         0.8656588601         0.4362228519       -12.3061388411
        0.7205943000         1.3000000000         0.8707635138         0.3902890576       -12.1731641927
        0.7255963000         1.3000000000         0.8733158407         0.3366996310       -12.1066768684
        0.7306896000         1.3000000000         0.8656588601         0.3009733466       -12.3061388411
        0.7355714000         1.3000000000         0.8758681675         0.2499357974       -12.0401895442
        0.7407538000         1.3000000000         0.8656588601         0.1912426158       -12.3061388411
        0.7456752000         1.3000000000         0.8554495527         0.1504125765       -12.5720881380
        0.7505991000         1.3000000000         0.8707635138         0.1019269048       -12.1731641927
        0.7556986000         1.3000000000         0.8554495527         0.0483374781       -12.5720881380
        0.7606698000         1.3000000000         0.8656588601         0.0075074388       -12.3061388411
        0.7656943000         1.3000000000         0.8631065332        -0.0052519485       -12.3726261653
        0.7706533000         1.3000000000         0.8733158407         0.0075074388       -12.1066768684
        0.7756387000         1.3000000000         0.8707635138         1.1073666236       -12.1731641927
        0.7806398000         1.3000000000         0.8656588601         5.0040835035       -12.3061388411
        0.7856270000         1.3000000000         0.8758681675         5.0142910133       -12.0401895442
        0.7906058000         1.3000000000         0.8631065332         5.0066353810       -12.3726261653
        0.7956716000         1.3000000000         0.8656588601         4.9811166064       -12.3061388411
        0.8005950000         1.3000000000         0.8580018795         4.9249753023       -12.5056008138
        0.8056246000         1.3000000000         0.8784204944         4.8841452629       -11.9737022200
        0.8106084000         1.3000000000         0.8733158407         4.8331077137       -12.1066768684
        0.8155285000         1.3000000000         0.8631065332         4.7846220420       -12.3726261653
        0.8205986000         1.3000000000         0.8911821287         4.7335844928       -11.6412655989
        0.8255432000         1.3000000000         0.8528972258         4.6825469437       -12.6385754623
        0.8305625000         1.3000000000         0.8554495527         4.6264056396       -12.5720881380
        0.8356892000         1.3000000000         0.8631065332         4.5779199678       -12.3726261653
        0.8407047000         1.3000000000         0.8605542064         4.5268824187       -12.4391134896
        0.8456767000         1.3000000000         0.8580018795         4.4835005019       -12.5056008138
        0.8505725001         1.3000000000         0.8707635138         4.4248073203       -12.1731641927
        0.8555992000         1.3000000000         0.8452402453         4.3737697711       -12.8380374349
        0.8606155000         1.3000000000         0.8580018795         4.3227322219       -12.5056008138
        0.8656188000         1.3000000000         0.8528972258         4.2793503051       -12.6385754623
        0.8706335000         1.3000000000         0.8401355915         4.2206571236       -12.9710120834
        0.8756261000         1.3000000000         0.8503448990         4.1772752068       -12.7050627865
        0.8805744000         1.3000000000         0.8426879184         4.1338932900       -12.9045247592
        0.8856674000         1.3000000000         0.8554495527         4.0726482310       -12.5720881380
        0.8905653000         1.3000000000         0.8426879184         4.0343700691       -12.9045247592
        0.8957686000         1.3000000000         0.8631065332         3.9807806424       -12.3726261653
        0.9006217000         1.3000000000         0.8426879184         3.9322949707       -12.9045247592
        0.9055824000         1.3000000000         0.8350309378         3.8736017892       -13.1039867318
        0.9105856000         1.3000000000         0.8299262841         3.8251161174       -13.2369613803
        0.9155631000         1.3000000000         0.8299262841         3.7817342006       -13.2369613803
        0.9206902000         1.3000000000         0.8528972258         3.7281447740       -12.6385754623
        0.9255412000         1.3000000000         0.8426879184         3.6796591023       -12.9045247592
        0.9306962000         1.3000000000         0.8350309378         3.6286215531       -13.1039867318
        0.9356486000         1.3000000000         0.8426879184         3.5750321265       -12.9045247592
        0.9406325000         1.3000000000         0.8350309378         3.5367539646       -13.1039867318
        0.9456279000         1.3000000000         0.8528972258         3.4780607830       -12.6385754623
        0.9506048000         1.3000000000         0.8171646498         3.4295751113       -13.5693980014
        0.9556126000         1.3000000000         0.8503448990         3.3810894396       -12.7050627865
        0.9606295000         1.3000000000         0.8401355915         3.3326037679       -12.9710120834
        0.9656035000         1.3000000000         0.8324786110         3.2815662187       -13.1704740561
        0.9707184000         1.3000000000         0.8631065332         3.2305286695       -12.3726261653
        0.9756249000         1.3000000000         0.8273739573         3.1743873654       -13.3034487045
        0.9806670000         1.3000000000         0.8528972258         3.1386610810       -12.6385754623
        0.9855724000         1.3000000000         0.8477925721         3.0799678994       -12.7715501107
        0.9905465000         1.3000000000         0.8477925721         3.0340341051       -12.7715501107
        0.9954850000         1.3000000000         0.8503448990         2.9906521883       -12.7050627865
        1.0005633000         1.3000000000         0.8554495527         2.9447183941       -12.5720881380
        1.0056484000         1.3000000000         0.8528972258         2.8885770900       -12.6385754623
        1.0104825000         1.3000000000         0.8401355915         2.8324357859       -12.9710120834
        1.0156779000         1.3000000000         0.8426879184         2.7813982367       -12.9045247592
        1.0205628000         1.3000000000         0.8350309378         2.7405681974       -13.1039867318
        1.0256178000         1.3000000000         0.8401355915         2.6895306482       -12.9710120834
        1.0305929000         1.3000000000         0.8401355915         2.6384930990       -12.9710120834
        1.0356515000         1.3000000000         0.8350309378         2.5849036724       -13.1039867318
        1.0405843000         1.3000000000         0.8554495527         2.5491773879       -12.5720881380
        1.0455704000         1.3000000000         0.8426879184         2.4904842064       -12.9045247592
        1.0506459000         1.3000000000         0.8426879184         2.4394466572       -12.9045247592
        1.0556502000         1.3000000000         0.8503448990         2.3986166179       -12.7050627865
        1.0606380000         1.3000000000         0.8477925721         2.3501309461       -12.7715501107
        1.0656366000         1.3000000000         0.8452402453         2.2965415195       -12.8380374349
        1.0705665000         1.3000000000         0.8452402453         2.2404002154       -12.8380374349
        1.0756360000         1.3000000000         0.8426879184         2.1868107888       -12.9045247592
        1.0804333000         1.3000000000         0.8350309378         2.1332213621       -13.1039867318
        1.0854760000         1.3000000000         0.8605542064         2.0923913228       -12.4391134896
        1.0905484000         1.3000000000         0.8580018795         2.0490094060       -12.5056008138
        1.0956906000         1.3000000000         0.8426879184         1.9979718568       -12.9045247592
        1.1006741000         1.3000000000         0.8580018795         1.9520380625       -12.5056008138
        1.1056869000         1.3000000000         0.8477925721         1.8907930035       -12.7715501107
        1.1105390000         1.3000000000         0.8554495527         1.8499629642       -12.5720881380
        1.1155318000         1.3000000000         0.8554495527         1.8091329248       -12.5720881380
        1.1206574000         1.3000000000         0.8528972258         1.7478878658       -12.6385754623
        1.1256464000         1.3000000000         0.8528972258         1.7121615814       -12.6385754623
        1.1305708000         1.3000000000         0.8528972258         1.6534683998       -12.6385754623
        1.1356399000         1.3000000000         0.8631065332         1.6202939929       -12.3726261653
        1.1408437000         1.3000000000         0.8503448990         1.5641526888       -12.7050627865
        1.1456647000         1.3000000000         0.8580018795         1.5182188945       -12.5056008138
        1.1505082000         1.3000000000         0.8631065332         1.4799407326       -12.3726261653
        1.1556516000         1.3000000000         0.8580018795         1.4237994285       -12.5056008138
        1.1606922000         1.3000000000         0.8835251481         1.3702100019       -11.8407275715
        1.1657008000         1.3000000000         0.8631065332         1.3319318400       -12.3726261653
        1.1706872000         1.3000000000         0.8605542064         1.2859980457       -12.4391134896
        1.1756637000         1.3000000000         0.8758681675         1.2324086191       -12.0401895442
        1.1805153000         1.3000000000         0.8580018795         1.1890267023       -12.5056008138
        1.1856946000         1.3000000000         0.8631065332         1.1481966629       -12.3726261653
        1.1908149000         1.3000000000         0.8656588601         1.0971591138       -12.3061388411
        1.1955288000         1.3000000000         0.8580018795         1.0563290744       -12.5056008138
        1.2005671000         1.3000000000         0.8605542064         1.0001877703       -12.4391134896
        1.2055526000         1.3000000000         0.8707635138         0.9644614859       -12.1731641927
        1.2104905000         1.3000000000         0.8707635138         0.9134239367       -12.1731641927
        1.2156344000         1.3000000000         0.8528972258         0.8572826326       -12.6385754623
        1.2206271000         1.3000000000         0.8835251481         0.8164525933       -11.8407275715
        1.2256239000         1.3000000000         0.8580018795         0.7756225539       -12.5056008138
        1.2306877000         1.3000000000         0.8758681675         0.7169293724       -12.0401895442
        1.2356988000         1.3000000000         0.8605542064         0.6735474556       -12.4391134896
        1.2406805000         1.3000000000         0.8758681675         0.6352692937       -12.0401895442
        1.2457296000         1.3000000000         0.8554495527         0.5791279896       -12.5720881380
        1.2507077000         1.3000000000         0.8656588601         0.5255385629       -12.3061388411
        1.2556189000         1.3000000000         0.8554495527         0.4745010138       -12.5720881380
        1.2606028000         1.3000000000         0.8580018795         0.4311190970       -12.5056008138
        1.2655655000         1.3000000000         0.8707635138         0.3902890576       -12.1731641927
        1.2706743000         1.3000000000         0.8707635138         0.3366996310       -12.1731641927
        1.2756888000         1.3000000000         0.8426879184         0.2805583269       -12.9045247592
        1.2806647000         1.3000000000         0.8758681675         0.2397282875       -12.0401895442
        1.2855587000         1.3000000000         0.8452402453         0.1886907384       -12.8380374349
        1.2905765000         1.3000000000         0.8682111870         0.1478606990       -12.2396515169
        1.2955200000         1.3000000000         0.8656588601         0.0968231498       -12.3061388411
        1.3005267000         1.3000000000         0.8580018795         0.0355780908       -12.5056008138
        1.3055665000         1.3000000000         0.8580018795         0.0024036839       -12.5056008138
        1.3105680000         1.3000000000         0.8631065332         0.0024036839       -12.3726261653
        1.3155331000         1.3000000000         0.8707635138         0.0075074388       -12.1731641927
        1.3206483000         1.3000000000         0.8554495527         1.0971591138       -12.5720881380
        1.3256713000         1.3000000000         0.8631065332         5.0040835035       -12.3726261653
        1.3305101000         1.3000000000         0.8809728212         5.0142910133       -11.9072148958
        1.3355157000         1.3000000000         0.8554495527         5.0066353810       -12.5720881380
        1.3406484000         1.3000000000         0.8580018795         4.9632534642       -12.5056008138
        1.3457079000         1.3000000000         0.8528972258         4.9071121601       -12.6385754623
        1.3505033000         1.3000000000         0.8528972258         4.8637302433       -12.6385754623
        1.3555444000         1.3000000000         0.8580018795         4.8050370617       -12.5056008138
        1.3605585000         1.3000000000         0.8554495527         4.7591032674       -12.5720881380
        1.3656204000         1.3000000000         0.8631065332         4.7106175957       -12.3726261653
        1.3705926000         1.3000000000         0.8656588601         4.6646838015       -12.3061388411
        1.3757313000         1.3000000000         0.8554495527         4.6059906199       -12.5720881380
        1.3806376000         1.3000000000         0.8477925721         4.5575049482       -12.7715501107
        1.3856436000         1.3000000000         0.8477925721         4.5039155215       -12.7715501107
        1.3905331000         1.3000000000         0.8554495527         4.4656373597       -12.5720881380
        1.3954795000         1.3000000000         0.8656588601         4.4171516879       -12.3061388411
        1.4006097000         1.3000000000         0.8503448990         4.3635622613       -12.7050627865
        1.4057187000         1.3000000000         0.8682111870         4.3099728347       -12.2396515169
        1.4106532000         1.3000000000         0.8401355915         4.2614871629       -12.9710120834
        1.4156073000         1.3000000000         0.8656588601         4.2181052461       -12.3061388411
        1.4205929000         1.3000000000         0.8401355915         4.1645158195       -12.9710120834
        1.4255502000         1.3000000000         0.8503448990         4.1134782703       -12.7050627865
        1.4304741000         1.3000000000         0.8426879184         4.0573369662       -12.9045247592
        1.4355307000         1.3000000000         0.8375832647         4.0062994170       -13.0374994076
        1.4404702000         1.3000000000         0.8477925721         3.9603656228       -12.7715501107
        1.4455183000         1.3000000000         0.8452402453         3.9169837060       -12.8380374349
        1.4504631000         1.3000000000         0.8426879184         3.8557386469       -12.9045247592
        1.4555680000         1.3000000000         0.8426879184         3.8072529752       -12.9045247592
        1.4605442000         1.3000000000         0.8248216304         3.7587673035       -13.3699360287
        1.4654757000         1.3000000000         0.8682111870         3.7230410191       -12.2396515169
        1.4704586000         1.3000000000         0.8299262841         3.6643478375       -13.2369613803
        1.4754558000         1.3000000000         0.8554495527         3.6235177982       -12.5720881380
        1.4805595000         1.3000000000         0.8426879184         3.5622727392       -12.9045247592
        1.4855185000         1.3000000000         0.8477925721         3.5163389449       -12.7715501107
        1.4904687000         1.3000000000         0.8528972258         3.4729570281       -12.6385754623
        1.4955824000         1.3000000000         0.8426879184         3.4219194789       -12.9045247592
        1.5004762000         1.3000000000         0.8631065332         3.3759856847       -12.3726261653
        1.5055584000         1.3000000000         0.8299262841         3.3198443806       -13.2369613803
        1.5105410000         1.3000000000         0.8503448990         3.2662549539       -12.7050627865
        1.5155403000         1.3000000000         0.8452402453         3.2279767920       -12.8380374349
        1.5205290000         1.3000000000         0.8528972258         3.1769392429       -12.6385754623
        1.5255464000         1.3000000000         0.8528972258         3.1310054486       -12.6385754623
        1.5304667000         1.3000000000         0.8350309378         3.0697603896       -13.1039867318
        1.5354711000         1.3000000000         0.8452402453         3.0263784728       -12.8380374349
        1.5404498000         1.3000000000         0.8350309378         2.9753409236       -13.1039867318
        1.5455315000         1.3000000000         0.8401355915         2.9294071293       -12.9710120834
        1.5505418000         1.3000000000         0.8426879184         2.8758177027       -12.9045247592
        1.5554447000         1.3000000000         0.8375832647         2.8273320310       -13.0374994076
        1.5604996000         1.3000000000         0.8324786110         2.7686388494       -13.1704740561
        1.5655302000         1.3000000000         0.8452402453         2.7278088101       -12.8380374349
        1.5705842000         1.3000000000         0.8299262841         2.6716675060       -13.2369613803
        1.5757118000         1.3000000000         0.8452402453         2.6231818342       -12.8380374349
        1.5806034000         1.3000000000         0.8452402453         2.5823517949       -12.8380374349
        1.5856300000         1.3000000000         0.8554495527         2.5313142457       -12.5720881380
        1.5906398000         1.3000000000         0.8273739573         2.4675173092       -13.3034487045
        1.5961519000         1.3000000000         0.8503448990         2.4164797601       -12.7050627865
        1.6006034000         1.3000000000         0.8452402453         2.3730978433       -12.8380374349
        1.6061177000         1.3000000000         0.8350309378         2.3144046617       -13.1039867318
        1.6106272000         1.3000000000         0.8401355915         2.2761264998       -12.9710120834
        1.6158244000         1.3000000000         0.8375832647         2.2225370732       -13.0374994076
        1.6205694000         1.3000000000         0.8452402453         2.1766032789       -12.8380374349
        1.6258370000         1.3000000000         0.8273739573         2.1179100974       -13.3034487045
        1.6306953000         1.3000000000         0.8528972258         2.0745281806       -12.6385754623
        1.6356572000         1.3000000000         0.8426879184         2.0260425088       -12.9045247592
        1.6406598000         1.3000000000         0.8452402453         1.9775568371       -12.8380374349
        1.6455347000         1.3000000000         0.8605542064         1.9341749203       -12.4391134896
        1.6505575000         1.3000000000         0.8426879184         1.8831373711       -12.9045247592
        1.6556800000         1.3000000000         0.8503448990         1.8397554543       -12.7050627865
        1.6606965000         1.3000000000         0.8426879184         1.7810622728       -12.9045247592
        1.6656593000         1.3000000000         0.8528972258         1.7453359884       -12.6385754623
        1.6706760000         1.3000000000         0.8477925721         1.6866428068       -12.7715501107
        1.6756723000         1.3000000000         0.8503448990         1.6407090125       -12.7050627865
        1.6805527000         1.3000000000         0.8426879184         1.5896714634       -12.9045247592
        1.6856852000         1.3000000000         0.8528972258         1.5462895465       -12.6385754623
        1.6905915000         1.3000000000         0.8452402453         1.4927001199       -12.8380374349
        1.6955470000         1.3000000000         0.8452402453         1.4518700806       -12.8380374349
        1.7004749000         1.3000000000         0.8656588601         1.4110400412       -12.3061388411
        1.7054784000         1.3000000000         0.8580018795         1.3574506146       -12.5056008138
        1.7104750000         1.3000000000         0.8682111870         1.3089649429       -12.2396515169
        1.7155263000         1.3000000000         0.8503448990         1.2553755162       -12.7050627865
        1.7205951000         1.3000000000         0.8605542064         1.2119935994       -12.4391134896
        1.7257009000         1.3000000000         0.8580018795         1.1686116826       -12.5056008138
        1.7306632000         1.3000000000         0.8580018795         1.1303335207       -12.5056008138
        1.7356624000         1.3000000000         0.8554495527         1.0741922166       -12.5720881380
        1.7406390000         1.3000000000         0.8656588601         1.0308102998       -12.3061388411
        1.7455908000         1.3000000000         0.8580018795         0.9848765056       -12.5056008138
        1.7505834000         1.3000000000         0.8605542064         0.9363908338       -12.4391134896
        1.7556333000         1.3000000000         0.8605542064         0.8879051621       -12.4391134896
        1.7606248000         1.3000000000         0.8682111870         0.8419713679       -12.2396515169
        1.7656791000         1.3000000000         0.8528972258         0.7909338187       -12.6385754623
        1.7707286000         1.3000000000         0.8758681675         0.7501037793       -12.0401895442
        1.7757363000         1.3000000000         0.8554495527         0.6990662302       -12.5720881380
        1.7807406000         1.3000000000         0.8656588601         0.6480286810       -12.3061388411
        1.7856334000         1.3000000000         0.8605542064         0.6071986416       -12.4391134896
        1.7905437000         1.3000000000         0.8707635138         0.5536092150       -12.1731641927
        1.7954615000         1.3000000000         0.8605542064         0.4974679109       -12.4391134896
        1.8007077000         1.3000000000         0.8580018795         0.4489822392       -12.5056008138
        1.8057135000         1.3000000000         0.8554495527         0.4004965675       -12.5720881380
        1.8106777000         1.3000000000         0.8656588601         0.3596665281       -12.3061388411
        1.8156025000         1.3000000000         0.8554495527         0.3060771015       -12.5720881380
        1.8205761001         1.3000000000         0.8528972258         0.2601433072       -12.6385754623
        1.8256166000         1.3000000000         0.8860774750         0.2091057580       -11.7742402473
        1.8305741000         1.3000000000         0.8631065332         0.1657238412       -12.3726261653
        1.8355698000         1.3000000000         0.8528972258         0.1044787822       -12.6385754623
        1.8406316000         1.3000000000         0.8682111870         0.0662006203       -12.2396515169
        1.8454543000         1.3000000000         0.8528972258         0.0049555613       -12.6385754623
        1.8506613000         1.3000000000         0.8528972258         0.0024036839       -12.6385754623
        1.8556200000         1.3000000000         0.8656588601         0.0075074388       -12.3061388411
        1.8605732000         1.3000000000         0.8426879184         1.0946072363       -12.9045247592
        1.8656288000         1.3000000000         0.8528972258         5.0040835035       -12.6385754623
        1.8706428000         1.3000000000         0.8375832647         5.0066353810       -13.0374994076
        1.8756595000         1.3000000000         0.8605542064         5.0015316260       -12.4391134896
        1.8806433000         1.3000000000         0.8426879184         4.9760128515       -12.9045247592
        1.8856534000         1.3000000000         0.8580018795         4.9249753023       -12.5056008138
        1.8905751000         1.3000000000         0.8452402453         4.8815933855       -12.8380374349
        1.8957233000         1.3000000000         0.8503448990         4.8177964490       -12.7050627865
        1.9005869000         1.3000000000         0.8452402453         4.7718626547       -12.8380374349
        1.9056197000         1.3000000000         0.8503448990         4.7208251056       -12.7050627865
        1.9105171000         1.3000000000         0.8631065332         4.6748913113       -12.3726261653
        1.9155041000         1.3000000000         0.8503448990         4.6264056396       -12.7050627865
        1.9206180000         1.3000000000         0.8656588601         4.5753680904       -12.3061388411
        1.9256345000         1.3000000000         0.8375832647         4.5166749088       -13.0374994076
        1.9304895000         1.3000000000         0.8452402453         4.4656373597       -12.8380374349
        1.9355590000         1.3000000000         0.8477925721         4.4120479330       -12.7715501107
        1.9405772000         1.3000000000         0.8426879184         4.3661141388       -12.9045247592
        1.9454841000         1.3000000000         0.8554495527         4.3227322219       -12.5720881380
        1.9507132000         1.3000000000         0.8375832647         4.2665909178       -13.0374994076
        1.9557333000         1.3000000000         0.8631065332         4.2232090010       -12.3726261653
        1.9606960000         1.3000000000         0.8477925721         4.1696195744       -12.7715501107
        1.9656128000         1.3000000000         0.8503448990         4.1160301478       -12.7050627865
        1.9706161000         1.3000000000         0.8503448990         4.0598888437       -12.7050627865
        1.9755759000         1.3000000000         0.8401355915         4.0165069269       -12.9710120834
        1.9805798000         1.3000000000         0.8477925721         3.9603656228       -12.7715501107
        1.9855835000         1.3000000000         0.8401355915         3.9144318285       -12.9710120834
        1.9905688000         1.3000000000         0.8452402453         3.8633942793       -12.8380374349
        1.9954753000         1.3000000000         0.8580018795         3.8225642400       -12.5056008138
        2.0006562000         1.3000000000         0.8171646498         3.7664229359       -13.5693980014
        2.0055523000         1.3000000000         0.8580018795         3.7281447740       -12.5056008138
        2.0106502000         1.3000000000         0.8222693035         3.6617959601       -13.4364233530
        2.0156021000         1.3000000000         0.8554495527         3.6235177982       -12.5720881380
        2.0206712000         1.3000000000         0.8222693035         3.5622727392       -13.4364233530
        2.0256905000         1.3000000000         0.8503448990         3.5239945773       -12.7050627865
        2.0305750000         1.3000000000         0.8426879184         3.4653013957       -12.9045247592
        2.0354690000         1.3000000000         0.8273739573         3.4193676015       -13.3034487045
        2.0405010000         1.3000000000         0.8580018795         3.3785375621       -12.5056008138
        2.0454387000         1.3000000000         0.8197169767         3.3147406256       -13.5029106772
        2.0507365000         1.3000000000         0.8299262841         3.2611511990       -13.2369613803
        2.0555883000         1.3000000000         0.8452402453         3.2203211597       -12.8380374349
        2.0604811000         1.3000000000         0.8273739573         3.1667317330       -13.3034487045
        2.0656764000         1.3000000000         0.8452402453         3.1233498162       -12.8380374349
        2.0705734000         1.3000000000         0.8299262841         3.0672085121       -13.2369613803
        2.0755942000         1.3000000000         0.8401355915         3.0263784728       -12.9710120834
        2.0805746000         1.3000000000         0.8401355915         2.9727890461       -12.9710120834
        2.0855877000         1.3000000000         0.8375832647         2.9166477420       -13.0374994076
        2.0906238000         1.3000000000         0.8401355915         2.8656101929       -12.9710120834
        2.0955146000         1.3000000000         0.8452402453         2.8222282761       -12.8380374349
        2.1006506000         1.3000000000         0.8426879184         2.7737426043       -12.9045247592
        2.1056686000         1.3000000000         0.8452402453         2.7124975453       -12.8380374349
        2.1106841000         1.3000000000         0.8554495527         2.6640118736       -12.5720881380
        2.1155442000         1.3000000000         0.8350309378         2.6206299568       -13.1039867318
        2.1205954000         1.3000000000         0.8350309378         2.5670405302       -13.1039867318
        2.1255020000         1.3000000000         0.8503448990         2.5211067359       -12.7050627865
        2.1304778000         1.3000000000         0.8248216304         2.4675173092       -13.3699360287
        2.1355980000         1.3000000000         0.8477925721         2.4139278826       -12.7715501107
        2.1406517000         1.3000000000         0.8350309378         2.3654422109       -13.1039867318
        2.1454787000         1.3000000000         0.8452402453         2.3169565392       -12.8380374349
        2.1506880000         1.3000000000         0.8350309378         2.2531596027       -13.1039867318
        2.1556078000         1.3000000000         0.8426879184         2.2123295633       -12.9045247592
        2.1606524000         1.3000000000         0.8350309378         2.1561882593       -13.1039867318
        2.1655581000         1.3000000000         0.8375832647         2.1102544650       -13.0374994076
        2.1706566000         1.3000000000         0.8528972258         2.0668725482       -12.6385754623
        2.1755615000         1.3000000000         0.8299262841         2.0081793666       -13.2369613803
        2.1806625000         1.3000000000         0.8784204944         1.9494861851       -11.9737022200
        2.1855650000         1.3000000000         0.8375832647         1.9086561457       -13.0374994076
        2.1906862000         1.3000000000         0.8426879184         1.8550667191       -12.9045247592
        2.1955555000         1.3000000000         0.8426879184         1.8218923121       -12.9045247592
        2.2006486000         1.3000000000         0.8477925721         1.7606472531       -12.7715501107
        2.2055762000         1.3000000000         0.8477925721         1.7300247236       -12.7715501107
        2.2105513000         1.3000000000         0.8452402453         1.6636759097       -12.8380374349
        2.2154696000         1.3000000000         0.8528972258         1.6228458703       -12.6385754623
        2.2206560000         1.3000000000         0.8528972258         1.5743601986       -12.6385754623
        2.2255547000         1.3000000000         0.8503448990         1.5258745269       -12.7050627865
        2.2306568000         1.3000000000         0.8580018795         1.4850444875       -12.5056008138
        2.2355804000         1.3000000000         0.8426879184         1.4289031834       -12.9045247592
        2.2406406000         1.3000000000         0.8605542064         1.3880731441       -12.4391134896
        2.2454530000         1.3000000000         0.8605542064         1.3370355949       -12.4391134896
        2.2505367000         1.3000000000         0.8554495527         1.2885499232       -12.5720881380
        2.2554983000         1.3000000000         0.8554495527         1.2502717613       -12.5720881380
        2.2605492000         1.3000000000         0.8682111870         1.1966823347       -12.2396515169
        2.2656054000         1.3000000000         0.8426879184         1.1456447855       -12.9045247592
        2.2705793000         1.3000000000         0.8707635138         1.1022628687       -12.1731641927
        2.2755574000         1.3000000000         0.8503448990         1.0486734420       -12.7050627865
        2.2806670000         1.3000000000         0.8605542064         1.0206027900       -12.4391134896
        2.2856486000         1.3000000000         0.8733158407         0.9619096084       -12.1066768684
        2.2906721000         1.3000000000         0.8324786110         0.9108720593       -13.1704740561
        2.2955867000         1.3000000000         0.8784204944         0.8751457748       -11.9737022200
        2.3006385000         1.3000000000         0.8682111870         0.8215563482       -12.2396515169
        2.3056446000         1.3000000000         0.8580018795         0.7807263088       -12.5056008138
        2.3105621000         1.3000000000         0.8580018795         0.7194812498       -12.5056008138
        2.3155595000         1.3000000000         0.8656588601         0.6837549654       -12.3061388411
        2.3205342000         1.3000000000         0.8656588601         0.6327174162       -12.3061388411
        2.3255428000         1.3000000000         0.8580018795         0.5816798670       -12.5056008138
        2.3304845000         1.3000000000         0.8580018795         0.5229866855       -12.5056008138
        2.3356036000         1.3000000000         0.8682111870         0.4847085236       -12.2396515169
        2.3406421000         1.3000000000         0.8682111870         0.4413266068       -12.2396515169
        2.3454368000         1.3000000000         0.8580018795         0.3800815478       -12.5056008138
        2.3506252000         1.3000000000         0.8528972258         0.3315958761       -12.6385754623
        2.3555407000         1.3000000000         0.8656588601         0.2933177142       -12.3061388411
        2.3606590000         1.3000000000         0.8503448990         0.2371764101       -12.7050627865
        2.3655256000         1.3000000000         0.8656588601         0.1861388609       -12.3061388411
        2.3704626000         1.3000000000         0.8477925721         0.1376531892       -12.7715501107
        2.3755672000         1.3000000000         0.8631065332         0.0866156400       -12.3726261653
        2.3806409000         1.3000000000         0.8503448990         0.0406818457       -12.7050627865
        2.3854421000         1.3000000000         0.8656588601         0.0049555613       -12.3061388411
        2.3904878000         1.3000000000         0.8426879184        -0.0027000711       -12.9045247592
        2.3957140000         1.3000000000         0.8580018795         0.0049555613       -12.5056008138
        2.4005119000         1.3000000000         0.8528972258         1.1150222560       -12.6385754623
        2.4055129000         1.3000000000         0.8452402453         5.0066353810       -12.8380374349
        2.4104774000         1.3000000000         0.8631065332         5.0117391359       -12.3726261653
        2.4155042000         1.3000000000         0.8528972258         5.0091872584       -12.6385754623
        2.4205222000         1.3000000000         0.8503448990         4.9555978318       -12.7050627865
        2.4254410000         1.3000000000         0.8528972258         4.8943527728       -12.6385754623
        2.4304902000         1.3000000000         0.8528972258         4.8560746109       -12.6385754623
        2.4357748000         1.3000000000         0.8528972258         4.7973814293       -12.6385754623
        2.4404903000         1.3000000000         0.8528972258         4.7539995125       -12.6385754623
        2.4454824000         1.3000000000         0.8631065332         4.7004100859       -12.3726261653
        2.4505313000         1.3000000000         0.8477925721         4.6519244142       -12.7715501107
        2.4554778000         1.3000000000         0.8477925721         4.5881274777       -12.7715501107
        2.4605217000         1.3000000000         0.8605542064         4.5421936834       -12.4391134896
        2.4654817000         1.3000000000         0.8299262841         4.4937080117       -13.2369613803
        2.4705089000         1.3000000000         0.8528972258         4.4350148301       -12.6385754623
        2.4754889000         1.3000000000         0.8528972258         4.3967366683       -12.6385754623
        2.4804612000         1.3000000000         0.8452402453         4.3405953642       -12.8380374349
        2.4854702000         1.3000000000         0.8350309378         4.2921096924       -13.1039867318
        2.4905131000         1.3000000000         0.8477925721         4.2436240207       -12.7715501107
        2.4954310000         1.3000000000         0.8503448990         4.1976902265       -12.7050627865
        2.5005325000         1.3000000000         0.8452402453         4.1364451674       -12.8380374349
        2.5055532000         1.3000000000         0.8580018795         4.0981670056       -12.5056008138
        2.5104906000         1.3000000000         0.8324786110         4.0420257015       -13.1704740561
        2.5154887000         1.3000000000         0.8452402453         3.9935400297       -12.8380374349
        2.5205825000         1.3000000000         0.8528972258         3.9399506031       -12.6385754623
        2.5255810000         1.3000000000         0.8350309378         3.8940168088       -13.1039867318
        2.5309712000         1.3000000000         0.8452402453         3.8327717498       -12.8380374349
        2.5358567000         1.3000000000         0.8426879184         3.7944935879       -12.9045247592
        2.5407358000         1.3000000000         0.8375832647         3.7409041613       -13.0374994076
        2.5454757000         1.3000000000         0.8401355915         3.6847628572       -12.9710120834
        2.5505567000         1.3000000000         0.8248216304         3.6337253080       -13.3699360287
        2.5555485000         1.3000000000         0.8452402453         3.5903433912       -12.8380374349
        2.5605551000         1.3000000000         0.8248216304         3.5418577195       -13.3699360287
        2.5657173000         1.3000000000         0.8452402453         3.4908201703       -12.8380374349
        2.5705556000         1.3000000000         0.8197169767         3.4372307437       -13.5029106772
        2.5755577000         1.3000000000         0.8426879184         3.3964007043       -12.9045247592
        2.5805732000         1.3000000000         0.8477925721         3.3377075228       -12.7715501107
        2.5856008000         1.3000000000         0.8273739573         3.2917737285       -13.3034487045
        2.5906720000         1.3000000000         0.8426879184         3.2381843019       -12.9045247592
        2.5955814000         1.3000000000         0.8222693035         3.1896986301       -13.4364233530
        2.6006252000         1.3000000000         0.8426879184         3.1386610810       -12.9045247592
        2.6057300000         1.3000000000         0.8503448990         3.0876235318       -12.7050627865
        2.6106689000         1.3000000000         0.8273739573         3.0314822277       -13.3034487045
        2.6156435000         1.3000000000         0.8452402453         2.9932040658       -12.8380374349
        2.6206868000         1.3000000000         0.8248216304         2.9294071293       -13.3699360287
        2.6255923000         1.3000000000         0.8452402453         2.8962327224       -12.8380374349
        2.6307446000         1.3000000000         0.8248216304         2.8375395408       -13.3699360287
        2.6356660000         1.3000000000         0.8299262841         2.7788463592       -13.2369613803
        2.6405234000         1.3000000000         0.8350309378         2.7405681974       -13.1039867318
        2.6455724000         1.3000000000         0.8299262841         2.6818750158       -13.2369613803
        2.6506199000         1.3000000000         0.8248216304         2.6257337117       -13.3699360287
        2.6556188000         1.3000000000         0.8248216304         2.5797999174       -13.3699360287
        2.6605702000         1.3000000000         0.8503448990         2.5313142457       -12.7050627865
        2.6656473000         1.3000000000         0.8069553424         2.4726210642       -13.8353472983
        2.6706115000         1.3000000000         0.8401355915         2.4292391474       -12.9710120834
        2.6755770000         1.3000000000         0.8299262841         2.3756497207       -13.2369613803
        2.6805499000         1.3000000000         0.8401355915         2.3246121715       -12.9710120834
        2.6855782000         1.3000000000         0.8324786110         2.2786783773       -13.1704740561
        2.6905754000         1.3000000000         0.8426879184         2.2225370732       -12.9045247592
        2.6956208000         1.3000000000         0.8426879184         2.1817070338       -12.9045247592
        2.7005663000         1.3000000000         0.8401355915         2.1255657297       -12.9710120834
        2.7056072000         1.3000000000         0.8375832647         2.0694244256       -13.0374994076
        2.7105837000         1.3000000000         0.8477925721         2.0311462638       -12.7715501107
        2.7156031000         1.3000000000         0.8426879184         1.9750049597       -12.9045247592
        2.7205754000         1.3000000000         0.8528972258         1.9341749203       -12.6385754623
        2.7256130000         1.3000000000         0.8554495527         1.8805854937       -12.5720881380
        2.7305207000         1.3000000000         0.8401355915         1.8320998220       -12.9710120834
        2.7354769000         1.3000000000         0.8528972258         1.7810622728       -12.6385754623
        2.7404670000         1.3000000000         0.8375832647         1.7351284785       -13.0374994076
        2.7456326000         1.3000000000         0.8426879184         1.6866428068       -12.9045247592
        2.7505612000         1.3000000000         0.8477925721         1.6381571351       -12.7715501107
        2.7554762000         1.3000000000         0.8324786110         1.5845677084       -13.1704740561
        2.7604654000         1.3000000000         0.8426879184         1.5462895465       -12.9045247592
        2.7654629000         1.3000000000         0.8503448990         1.4875963650       -12.7050627865
        2.7704951000         1.3000000000         0.8452402453         1.4467663256       -12.8380374349
        2.7754339000         1.3000000000         0.8426879184         1.3931768990       -12.9045247592
        2.7805044000         1.3000000000         0.8580018795         1.3446912273       -12.5056008138
        2.7855416000         1.3000000000         0.8477925721         1.3089649429       -12.7715501107
        2.7904743000         1.3000000000         0.8452402453         1.2528236388       -12.8380374349
        2.7956028000         1.3000000000         0.8631065332         1.2094417220       -12.3726261653
        2.8004382000         1.3000000000         0.8452402453         1.1660598052       -12.8380374349
        2.8054444000         1.3000000000         0.8554495527         1.1048147461       -12.5720881380
        2.8104854000         1.3000000000         0.8554495527         1.0665365843       -12.5720881380
        2.8155021000         1.3000000000         0.8426879184         1.0103952802       -12.9045247592
        2.8204632000         1.3000000000         0.8452402453         0.9772208732       -12.8380374349
        2.8255029000         1.3000000000         0.8682111870         0.9287352015       -12.2396515169
        2.8304514000         1.3000000000         0.8477925721         0.8674901425       -12.7715501107
        2.8354518000         1.3000000000         0.8554495527         0.8241082257       -12.5720881380
        2.8406645000         1.3000000000         0.8477925721         0.7807263088       -12.7715501107
        2.8454652000         1.3000000000         0.8631065332         0.7296887597       -12.3726261653
        2.8504784000         1.3000000000         0.8528972258         0.6837549654       -12.6385754623
        2.8554976000         1.3000000000         0.8656588601         0.6378211711       -12.3061388411
        2.8604665000         1.3000000000         0.8426879184         0.5765761121       -12.9045247592
        2.8654613000         1.3000000000         0.8656588601         0.5408498277       -12.3061388411
        2.8704477000         1.3000000000         0.8401355915         0.4796047687       -12.9710120834
        2.8755105000         1.3000000000         0.8477925721         0.4285672195       -12.7715501107
        2.8805244000         1.3000000000         0.8503448990         0.3851853027       -12.7050627865
        2.8855593000         1.3000000000         0.8656588601         0.3392515084       -12.3061388411
        2.8904788000         1.3000000000         0.8426879184         0.2831102043       -12.9045247592
        2.8954936000         1.3000000000         0.8426879184         0.2295207777       -12.9045247592
        2.9005855000         1.3000000000         0.8631065332         0.1912426158       -12.3726261653
        2.9055283000         1.3000000000         0.8528972258         0.1376531892       -12.6385754623
        2.9105896000         1.3000000000         0.8426879184         0.0764081302       -12.9045247592
        2.9155675000         1.3000000000         0.8503448990         0.0330262134       -12.7050627865
        2.9205790000         1.3000000000         0.8528972258         0.0024036839       -12.6385754623
        2.9256277000         1.3000000000         0.8554495527         0.0075074388       -12.5720881380
        2.9306017000         1.3000000000         0.8503448990         1.1201260109       -12.7050627865
        2.9355733000         1.3000000000         0.8503448990         1.0971591138       -12.7050627865
        2.9406261000         1.3000000000         0.8350309378         5.0040835035       -13.1039867318
        2.9455629000         1.3000000000         0.8580018795         5.0015316260       -12.5056008138
        2.9504307000         1.3000000000         0.8426879184         4.9938759937       -12.9045247592
        2.9556085000         1.3000000000         0.8452402453         4.9453903219       -12.8380374349
        2.9604696000         1.3000000000         0.8426879184         4.8892490178       -12.9045247592
        2.9655614000         1.3000000000         0.8452402453         4.8407633461       -12.8380374349
        2.9705738000         1.3000000000         0.8554495527         4.7948295519       -12.5720881380
        2.9755867000         1.3000000000         0.8299262841         4.7310326154       -13.2369613803
        2.9805508000         1.3000000000         0.8580018795         4.6850988211       -12.5056008138
        2.9855813000         1.3000000000         0.8222693035         4.6366131494       -13.4364233530
        2.9905421000         1.3000000000         0.8605542064         4.5779199678       -12.4391134896
        2.9955250000         1.3000000000         0.8503448990         4.5370899285       -12.7050627865
        3.0006393000         1.3000000000         0.8324786110         4.4732929920       -13.1704740561
        3.0055420000         1.3000000000         0.8580018795         4.4273591978       -12.5056008138
        3.0105356000         1.3000000000         0.8299262841         4.3737697711       -13.2369613803
        3.0155419000         1.3000000000         0.8477925721         4.3278359769       -12.7715501107
        3.0206934000         1.3000000000         0.8350309378         4.2767984277       -13.1039867318
        3.0257386000         1.3000000000         0.8452402453         4.2283127560       -12.8380374349
        3.0306709000         1.3000000000         0.8401355915         4.1721714519       -12.9710120834
        3.0355799000         1.3000000000         0.8375832647         4.1313414125       -13.0374994076
        3.0406576000         1.3000000000         0.8299262841         4.0777519859       -13.2369613803
        3.0456426000         1.3000000000         0.8375832647         4.0292663142       -13.0374994076
        3.0506193000         1.3000000000         0.8503448990         3.9731250101       -12.7050627865
        3.0556211000         1.3000000000         0.8299262841         3.9220874609       -13.2369613803
        3.0606422000         1.3000000000         0.8248216304         3.8659461568       -13.3699360287
        3.0660467000         1.3000000000         0.8324786110         3.8098048527       -13.1704740561
        3.0705742000         1.3000000000         0.8401355915         3.7715266908       -12.9710120834
        3.0755534000         1.3000000000         0.8375832647         3.7153853867       -13.0374994076
        3.0806084000         1.3000000000         0.8375832647         3.6694515924       -13.0374994076
        3.0855024000         1.3000000000         0.8324786110         3.6133102883       -13.1704740561
        3.0905750000         1.3000000000         0.8324786110         3.5750321265       -13.1704740561
        3.0955609000         1.3000000000         0.8248216304         3.5188908224       -13.3699360287
        3.1006657000         1.3000000000         0.8528972258         3.4780607830       -12.6385754623
        3.1055907000         1.3000000000         0.8120599961         3.4142638465       -13.7023726499
        3.1105887000         1.3000000000         0.8401355915         3.3683300523       -12.9710120834
        3.1155369000         1.3000000000         0.8350309378         3.3223962580       -13.1039867318
        3.1205729000         1.3000000000         0.8324786110         3.2611511990       -13.1704740561
        3.1256735000         1.3000000000         0.8273739573         3.2101136498       -13.3034487045
        3.1305723000         1.3000000000         0.8299262841         3.1692836105       -13.2369613803
        3.1355600000         1.3000000000         0.8426879184         3.1182460613       -12.9045247592
        3.1405715000         1.3000000000         0.8018506887         3.0595528797       -13.9683219468
        3.1456421000         1.3000000000         0.8401355915         3.0136190855       -12.9710120834
        3.1506103000         1.3000000000         0.8248216304         2.9651334138       -13.3699360287
        3.1554876000         1.3000000000         0.8248216304         2.9038883547       -13.3699360287
        3.1604966000         1.3000000000         0.8248216304         2.8528508056       -13.3699360287
        3.1655071000         1.3000000000         0.8248216304         2.8094688888       -13.3699360287
        3.1706521000         1.3000000000         0.8324786110         2.7558794621       -13.1704740561
        3.1755696000         1.3000000000         0.8120599961         2.6997381580       -13.7023726499
        3.1805100000         1.3000000000         0.8554495527         2.6640118736       -12.5720881380
        3.1854617000         1.3000000000         0.8273739573         2.6027668146       -13.3034487045
        3.1904608000         1.3000000000         0.8401355915         2.5568330203       -12.9710120834
        3.1955932000         1.3000000000         0.8375832647         2.5108992261       -13.0374994076
        3.2004874000         1.3000000000         0.8375832647         2.4624135543       -13.0374994076
        3.2059157000         1.3000000000         0.8350309378         2.3960647404       -13.1039867318
        3.2104856000         1.3000000000         0.8375832647         2.3603384560       -13.0374994076
        3.2154655000         1.3000000000         0.8503448990         2.3093009068       -12.7050627865
        3.2204398000         1.3000000000         0.8452402453         2.2506077252       -12.8380374349
        3.2253936000         1.3000000000         0.8248216304         2.1970182986       -13.3699360287
        3.2305139000         1.3000000000         0.8477925721         2.1587401367       -12.7715501107
        3.2356218000         1.3000000000         0.8503448990         2.1077025875       -12.7050627865
        3.2404405000         1.3000000000         0.8452402453         2.0566650383       -12.8380374349
        3.2454484000         1.3000000000         0.8273739573         2.0030756117       -13.3034487045
        3.2504857000         1.3000000000         0.8401355915         1.9469343076       -12.9710120834
        3.2554261000         1.3000000000         0.8375832647         1.9061042683       -13.0374994076
        3.2605021000         1.3000000000         0.8401355915         1.8576185965       -12.9710120834
        3.2654492000         1.3000000000         0.8324786110         1.8040291699       -13.1704740561
        3.2705134000         1.3000000000         0.8401355915         1.7580953756       -12.9710120834
        3.2756314000         1.3000000000         0.8452402453         1.7172653363       -12.8380374349
        3.2805110000         1.3000000000         0.8477925721         1.6560202773       -12.7715501107
        3.2855894000         1.3000000000         0.8375832647         1.6126383605       -13.0374994076
        3.2904809000         1.3000000000         0.8426879184         1.5616008113       -12.9045247592
        3.2956155000         1.3000000000         0.8477925721         1.5207707720       -12.7715501107
        3.3004656000         1.3000000000         0.8528972258         1.4671813453       -12.6385754623
        3.3054636000         1.3000000000         0.8733158407         1.4135919187       -12.1066768684
        3.3105065000         1.3000000000         0.8452402453         1.3651062470       -12.8380374349
        3.3154709000         1.3000000000         0.8452402453         1.3166205752       -12.8380374349
        3.3204639000         1.3000000000         0.8452402453         1.2732386584       -12.8380374349
        3.3255214000         1.3000000000         0.8503448990         1.2324086191       -12.7050627865
        3.3304830000         1.3000000000         0.8452402453         1.1737154375       -12.8380374349
        3.3355007000         1.3000000000         0.8554495527         1.1328853982       -12.5720881380
        3.3405769000         1.3000000000         0.8426879184         1.0869516039       -12.9045247592
        3.3455007000         1.3000000000         0.8631065332         1.0359140547       -12.3726261653
        3.3505474000         1.3000000000         0.8426879184         0.9899802605       -12.9045247592
        3.3555699000         1.3000000000         0.8605542064         0.9414945888       -12.4391134896
        3.3604806000         1.3000000000         0.8426879184         0.8930089170       -12.9045247592
        3.3660058000         1.3000000000         0.8554495527         0.8419713679       -12.5720881380
        3.3705168000         1.3000000000         0.8605542064         0.8011413285       -12.4391134896
        3.3754708000         1.3000000000         0.8426879184         0.7450000244       -12.9045247592
        3.3805037000         1.3000000000         0.8528972258         0.6990662302       -12.6385754623
        3.3855056000         1.3000000000         0.8503448990         0.6454768035       -12.7050627865
        3.3904663000         1.3000000000         0.8503448990         0.5995430093       -12.7050627865
        3.3955472000         1.3000000000         0.8426879184         0.5485054601       -12.9045247592
        3.4004629000         1.3000000000         0.8452402453         0.4949160334       -12.8380374349
        3.4054604000         1.3000000000         0.8528972258         0.4540859941       -12.6385754623
        3.4105075000         1.3000000000         0.8528972258         0.4056003224       -12.6385754623
        3.4154833000         1.3000000000         0.8707635138         0.3545627732       -12.1731641927
        3.4204836001         1.3000000000         0.8452402453         0.2984214691       -12.8380374349
        3.4254805000         1.3000000000         0.8554495527         0.2575914298       -12.5720881380
        3.4304955000         1.3000000000         0.8528972258         0.1937944933       -12.6385754623
        3.4355013000         1.3000000000         0.8477925721         0.1504125765       -12.7715501107
        3.4405838000         1.3000000000         0.8477925721         0.0968231498       -12.7715501107
        3.4454864000         1.3000000000         0.8503448990         0.0483374781       -12.7050627865
        3.4505147000         1.3000000000         0.8503448990         0.0049555613       -12.7050627865
        3.4555083000         1.3000000000         0.8605542064        -0.0027000711       -12.4391134896
        3.4604816000         1.3000000000         0.8528972258        -0.0001481936       -12.6385754623
        3.4654701000         1.3000000000         0.8528972258         1.1099185011       -12.6385754623
        3.4705858000         1.3000000000         0.8426879184         4.9989797486       -12.9045247592
        3.4755087000         1.3000000000         0.8554495527         5.0066353810       -12.5720881380
        3.4805353000         1.3000000000         0.8554495527         5.0142910133       -12.5720881380
        3.4855323000         1.3000000000         0.8350309378         4.9555978318       -13.1039867318
        3.4905937000         1.3000000000         0.8554495527         4.9096640375       -12.5720881380
        3.4956146000         1.3000000000         0.8426879184         4.8560746109       -12.9045247592
        3.5006099000         1.3000000000         0.8477925721         4.8024851842       -12.7715501107
        3.5055335000         1.3000000000         0.8477925721         4.7514476351       -12.7715501107
        3.5105882000         1.3000000000         0.8528972258         4.7029619633       -12.6385754623
        3.5156195000         1.3000000000         0.8324786110         4.6493725367       -13.1704740561
        3.5206064000         1.3000000000         0.8452402453         4.5983349875       -12.8380374349
        3.5255794000         1.3000000000         0.8835251481         4.5524011933       -11.8407275715
        3.5304915000         1.3000000000         0.8248216304         4.4962598892       -13.3699360287
        3.5357770000         1.3000000000         0.8477925721         4.4401185851       -12.7715501107
        3.5407305000         1.3000000000         0.8426879184         4.3865291584       -12.9045247592
        3.5456368000         1.3000000000         0.8401355915         4.3431472416       -12.9710120834
        3.5505887000         1.3000000000         0.8554495527         4.3023172023       -12.5720881380
        3.5556266000         1.3000000000         0.8401355915         4.2436240207       -12.9710120834
        3.5605149000         1.3000000000         0.8503448990         4.1925864715       -12.7050627865
        3.5655958000         1.3000000000         0.8197169767         4.1364451674       -13.5029106772
        3.5705316000         1.3000000000         0.8528972258         4.0930632506       -12.6385754623
        3.5755412000         1.3000000000         0.8350309378         4.0420257015       -13.1039867318
        3.5806310000         1.3000000000         0.8426879184         3.9858843974       -12.9045247592
        3.5855240000         1.3000000000         0.8452402453         3.9450543580       -12.8380374349
        3.5904994000         1.3000000000         0.8426879184         3.8889130539       -12.9045247592
        3.5956687000         1.3000000000         0.8452402453         3.8480830146       -12.8380374349
        3.6005220000         1.3000000000         0.8197169767         3.7817342006       -13.5029106772
        3.6056288000         1.3000000000         0.8426879184         3.7460079162       -12.9045247592
        3.6104918000         1.3000000000         0.8401355915         3.6898666121       -12.9710120834
        3.6156764000         1.3000000000         0.8299262841         3.6388290629       -13.2369613803
        3.6206542000         1.3000000000         0.8452402453         3.5903433912       -12.8380374349
        3.6255692000         1.3000000000         0.8248216304         3.5393058420       -13.3699360287
        3.6305073000         1.3000000000         0.8401355915         3.4882682929       -12.9710120834
        3.6356571000         1.3000000000         0.8222693035         3.4321269888       -13.4364233530
        3.6407117000         1.3000000000         0.8324786110         3.3861931945       -13.1704740561
        3.6456446000         1.3000000000         0.8401355915         3.3428112777       -12.9710120834
        3.6506404000         1.3000000000         0.8120599961         3.2790143412       -13.7023726499
        3.6556081000         1.3000000000         0.8452402453         3.2305286695       -12.8380374349
        3.6605886000         1.3000000000         0.8324786110         3.1896986301       -13.1704740561
        3.6656576000         1.3000000000         0.8375832647         3.1335573261       -13.0374994076
        3.6706197000         1.3000000000         0.8248216304         3.0774160220       -13.3699360287
        3.6755016000         1.3000000000         0.8350309378         3.0314822277       -13.1039867318
        3.6806828000         1.3000000000         0.8477925721         2.9906521883       -12.7715501107
        3.6855934000         1.3000000000         0.8222693035         2.9319590068       -13.4364233530
        3.6906460000         1.3000000000         0.8631065332         2.8885770900       -12.3726261653
        3.6956554000         1.3000000000         0.8273739573         2.8298839084       -13.3034487045
        3.7006760000         1.3000000000         0.8452402453         2.7813982367       -12.8380374349
        3.7055001000         1.3000000000         0.8171646498         2.7227050552       -13.5693980014
        3.7107349000         1.3000000000         0.8401355915         2.6793231383       -12.9710120834
        3.7156409000         1.3000000000         0.8222693035         2.6231818342       -13.4364233530
        3.7206953000         1.3000000000         0.8324786110         2.5797999174       -13.1704740561
        3.7256174000         1.3000000000         0.8401355915         2.5287623683       -12.9710120834
        3.7306206000         1.3000000000         0.8248216304         2.4777248191       -13.3699360287
        3.7355846000         1.3000000000         0.8324786110         2.4215835150       -13.1704740561
        3.7406535000         1.3000000000         0.8324786110         2.3807534756       -13.1704740561
        3.7455155000         1.3000000000         0.8299262841         2.3246121715       -13.2369613803
        3.7506860000         1.3000000000         0.8273739573         2.2735746224       -13.3034487045
        3.7556825000         1.3000000000         0.8248216304         2.2148814408       -13.3699360287
        3.7606897000         1.3000000000         0.8248216304         2.1638438916       -13.3699360287
        3.7656278000         1.3000000000         0.8273739573         2.1153582199       -13.3034487045
        3.7706334000         1.3000000000         0.8299262841         2.0668725482       -13.2369613803
        3.7756919000         1.3000000000         0.8401355915         2.0234906314       -12.9710120834
        3.7805720000         1.3000000000         0.8299262841         1.9622455724       -13.2369613803
        3.7855227000         1.3000000000         0.8248216304         1.9112080232       -13.3699360287
        3.7905551000         1.3000000000         0.8426879184         1.8729298613       -12.9045247592
        3.7957439000         1.3000000000         0.8375832647         1.8193404347       -13.0374994076
        3.8006106000         1.3000000000         0.8375832647         1.7708547629       -13.0374994076
        3.8055854000         1.3000000000         0.8426879184         1.7249209687       -12.9045247592
        3.8107009000         1.3000000000         0.8350309378         1.6738834195       -13.1039867318
        3.8155600000         1.3000000000         0.8452402453         1.6253977478       -12.8380374349
        3.8206773000         1.3000000000         0.8503448990         1.5718083211       -12.7050627865
        3.8258425000         1.3000000000         0.8426879184         1.5258745269       -12.9045247592
        3.8306641000         1.3000000000         0.8375832647         1.4799407326       -13.0374994076
        3.8356253000         1.3000000000         0.8375832647         1.4314550609       -13.0374994076
        3.8406229000         1.3000000000         0.8503448990         1.3829693892       -12.7050627865
        3.8456363000         1.3000000000         0.8452402453         1.3344837175       -12.8380374349
        3.8506498000         1.3000000000         0.8350309378         1.2808942908       -13.1039867318
        3.8555566000         1.3000000000         0.8503448990         1.2400642515       -12.7050627865
        3.8606803000         1.3000000000         0.8580018795         1.1966823347       -12.5056008138
        3.8655480000         1.3000000000         0.8350309378         1.1354372756       -13.1039867318
        3.8706635000         1.3000000000         0.8580018795         1.0971591138       -12.5056008138
        3.8755302000         1.3000000000         0.8503448990         1.0537771970       -12.7050627865
        3.8805603000         1.3000000000         0.8426879184         0.9950840154       -12.9045247592
        3.8855492000         1.3000000000         0.8554495527         0.9465983437       -12.5720881380
        3.8906660000         1.3000000000         0.8375832647         0.8955607945       -13.0374994076
        3.8958448000         1.3000000000         0.8631065332         0.8572826326       -12.3726261653
        3.9005898000         1.3000000000         0.8554495527         0.8087969609       -12.5720881380
        3.9056262000         1.3000000000         0.8503448990         0.7603112892       -12.7050627865
        3.9106642000         1.3000000000         0.8631065332         0.7169293724       -12.3726261653
        3.9156339000         1.3000000000         0.8554495527         0.6684437007       -12.5720881380
        3.9207849000         1.3000000000         0.8528972258         0.6123023966       -12.6385754623
        3.9257534000         1.3000000000         0.8452402453         0.5587129699       -12.8380374349
        3.9305723000         1.3000000000         0.8452402453         0.5076754207       -12.8380374349
        3.9356466000         1.3000000000         0.8528972258         0.4566378716       -12.6385754623
        3.9406577000         1.3000000000         0.8452402453         0.4183597097       -12.8380374349
        3.9455690000         1.3000000000         0.8503448990         0.3545627732       -12.7050627865
        3.9506268000         1.3000000000         0.8528972258         0.3162846113       -12.6385754623
        3.9557257000         1.3000000000         0.8452402453         0.2601433072       -12.8380374349
        3.9606525000         1.3000000000         0.8707635138         0.2193132679       -12.1731641927
        3.9655385000         1.3000000000         0.8452402453         0.1631719638       -12.8380374349
        3.9705793000         1.3000000000         0.8452402453         0.1044787822       -12.8380374349
        3.9755642000         1.3000000000         0.8528972258         0.0610968654       -12.6385754623
        3.9806397000         1.3000000000         0.8503448990         0.0177149486       -12.7050627865
        3.9855461000         1.3000000000         0.8426879184         0.0024036839       -12.9045247592
        3.9904705000         1.3000000000         0.8477925721        -0.0001481936       -12.7715501107
        3.9954806000         1.3000000000         0.8528972258         1.1175741334       -12.6385754623
        4.0031934000         1.3000000000         0.8528972258         5.0066353810       -12.6385754623
