% Potentiometer Recording  5.0 s
% Vg_offset=1.338069V  K_gimbal=26.049690
% Fs=200 Hz  samples=1001

Time[s]              Vg[V]                Pot[V]               Omega[rad/s]        
        0.0007908000         1.3378393285         2.4649654318        -0.0059838592
        0.0053844000         1.3429439823         2.4700691867         0.1269907893
        0.0104752000         1.3378393285         2.4649654318        -0.0059838592
        0.0153880000         1.3378393285         2.4649654318        -0.0059838592
        0.0203883000         1.3301823480         2.4598616769        -0.2054458319
        0.0254264000         1.3378393285         2.4649654318        -0.0059838592
        0.0305102000         1.3480486360         2.4700691867         0.2599654377
        0.0354834000         1.3352870017         2.4649654318        -0.0724711834
        0.0404741000         1.3378393285         2.4649654318        -0.0059838592
        0.0454138000         1.3327346748         2.4573097994        -0.1389585076
        0.0503895000         1.3327346748         2.4598616769        -0.1389585076
        0.0554047000         1.3403916554         2.4649654318         0.0605034650
        0.0603809000         1.3378393285         2.4649654318        -0.0059838592
        0.0654114000         1.3429439823         2.4726210642         0.1269907893
        0.0703973000         1.3352870017         2.4700691867        -0.0724711834
        0.0754127000         1.3378393285         2.4649654318        -0.0059838592
        0.0803863000         1.3352870017         2.4624135543        -0.0724711834
        0.0853938000         1.3378393285         2.4649654318        -0.0059838592
        0.0903889000         1.3454963091         2.4726210642         0.1934781135
        0.0954301000         1.3378393285         2.4649654318        -0.0059838592
        0.1003990000         1.3378393285         2.4649654318        -0.0059838592
        0.1054058000         1.3378393285         2.4700691867        -0.0059838592
        0.1103925000         1.3429439823         2.4726210642         0.1269907893
        0.1154888000         1.3454963091         2.4700691867         0.1934781135
        0.1204120000         1.3327346748         2.4598616769        -0.1389585076
        0.1253953000         1.3327346748         2.4649654318        -0.1389585076
        0.1303859000         1.3378393285         2.4675173092        -0.0059838592
        0.1353846000         1.3327346748         2.4598616769        -0.1389585076
        0.1403986000         1.3378393285         2.4675173092        -0.0059838592
        0.1453980000         1.3429439823         2.4700691867         0.1269907893
        0.1504156000         1.3378393285         2.4649654318        -0.0059838592
        0.1553953000         1.3378393285         2.4649654318        -0.0059838592
        0.1604085000         1.3301823480         2.4598616769        -0.2054458319
        0.1653838000         1.3480486360         2.4573097994         0.2599654377
        0.1703951000         1.3454963091         2.4649654318         0.1934781135
        0.1753831000         1.3327346748         2.4573097994        -0.1389585076
        0.1803934000         1.3403916554         2.4649654318         0.0605034650
        0.1853935000         1.3454963091         2.4700691867         0.1934781135
        0.1903809000         1.3429439823         2.4700691867         0.1269907893
        0.1953950000         1.3352870017         2.4649654318        -0.0724711834
        0.2004026000         1.3327346748         2.4573097994        -0.1389585076
        0.2053881000         1.3301823480         2.4598616769        -0.2054458319
        0.2103906000         1.3378393285         2.4649654318        -0.0059838592
        0.2153736000         1.3378393285         2.4649654318        -0.0059838592
        0.2204069000         1.3378393285         2.4649654318        -0.0059838592
        0.2253875000         1.3352870017         2.4649654318        -0.0724711834
        0.2303822000         1.3403916554         2.4649654318         0.0605034650
        0.2354024000         1.3378393285         2.4649654318        -0.0059838592
        0.2403985000         1.3352870017         2.4649654318        -0.0724711834
        0.2454038000         1.3454963091         2.4700691867         0.1934781135
        0.2503905000         1.3403916554         2.4726210642         0.0605034650
        0.2553865000         1.3378393285         2.4624135543        -0.0059838592
        0.2604111000         1.3327346748         2.4573097994        -0.1389585076
        0.2653824000         1.3327346748         2.4573097994        -0.1389585076
        0.2703899000         1.3454963091         2.4649654318         0.1934781135
        0.2754042000         1.3378393285         2.4649654318        -0.0059838592
        0.2803872000         1.3301823480         2.4598616769        -0.2054458319
        0.2853989000         1.3454963091         2.4700691867         0.1934781135
        0.2903881000         1.3378393285         2.4649654318        -0.0059838592
        0.2953916000         1.3327346748         2.4598616769        -0.1389585076
        0.3003767000         1.3454963091         2.4598616769         0.1934781135
        0.3053783000         1.3378393285         2.4649654318        -0.0059838592
        0.3103911000         1.3429439823         2.4700691867         0.1269907893
        0.3154000000         1.3301823480         2.4598616769        -0.2054458319
        0.3204064000         1.3454963091         2.4700691867         0.1934781135
        0.3253914000         1.3454963091         2.4726210642         0.1934781135
        0.3305390000         1.3403916554         2.4649654318         0.0605034650
        0.3354090000         1.3429439823         2.4726210642         0.1269907893
        0.3403882000         1.3403916554         2.4624135543         0.0605034650
        0.3454212000         1.3429439823         2.4700691867         0.1269907893
        0.3503792000         1.3429439823         2.4700691867         0.1269907893
        0.3553890000         1.3301823480         2.4573097994        -0.2054458319
        0.3603742000         1.3327346748         2.4573097994        -0.1389585076
        0.3653882000         1.3378393285         2.4649654318        -0.0059838592
        0.3704230000         1.3429439823         2.4726210642         0.1269907893
        0.3753998000         1.3378393285         2.4649654318        -0.0059838592
        0.3804168000         1.3352870017         2.4624135543        -0.0724711834
        0.3854191000         1.3327346748         2.4598616769        -0.1389585076
        0.3904105000         1.3327346748         2.4598616769        -0.1389585076
        0.3953859000         1.3378393285         2.4649654318        -0.0059838592
        0.4004229000         1.3454963091         2.4700691867         0.1934781135
        0.4054359000         1.3429439823         2.4726210642         0.1269907893
        0.4104165000         1.3378393285         2.4649654318        -0.0059838592
        0.4154239000         1.3327346748         2.4598616769        -0.1389585076
        0.4204115000         1.3429439823         2.4700691867         0.1269907893
        0.4253888000         1.3352870017         2.4649654318        -0.0724711834
        0.4304249000         1.3301823480         2.4624135543        -0.2054458319
        0.4353871000         1.3327346748         2.4598616769        -0.1389585076
        0.4404191000         1.3378393285         2.4649654318        -0.0059838592
        0.4454018000         1.3378393285         2.4649654318        -0.0059838592
        0.4503879000         1.3327346748         2.4598616769        -0.1389585076
        0.4553960000         1.3429439823         2.4700691867         0.1269907893
        0.4603975000         1.3327346748         2.4573097994        -0.1389585076
        0.4653872000         1.3378393285         2.4649654318        -0.0059838592
        0.4703917000         1.3403916554         2.4624135543         0.0605034650
        0.4754056000         1.3378393285         2.4649654318        -0.0059838592
        0.4803890000         1.3454963091         2.4726210642         0.1934781135
        0.4853892000         1.3327346748         2.4598616769        -0.1389585076
        0.4904695000         1.3378393285         2.4649654318        -0.0059838592
        0.4953985000         1.3327346748         2.4649654318        -0.1389585076
        0.5003934000         1.3352870017         2.4649654318        -0.0724711834
        0.5054061000         1.3403916554         2.4649654318         0.0605034650
        0.5104151000         1.3327346748         2.4573097994        -0.1389585076
        0.5154220000         1.3378393285         2.4675173092        -0.0059838592
        0.5203858000         1.3352870017         2.4649654318        -0.0724711834
        0.5253839000         1.3429439823         2.4700691867         0.1269907893
        0.5303913000         1.3301823480         2.4649654318        -0.2054458319
        0.5353773000         1.3378393285         2.4649654318        -0.0059838592
        0.5403871000         1.3327346748         2.4598616769        -0.1389585076
        0.5453965000         1.3352870017         2.4649654318        -0.0724711834
        0.5503814000         1.3352870017         2.4649654318        -0.0724711834
        0.5553948000         1.3480486360         2.4700691867         0.2599654377
        0.5604012000         1.3327346748         2.4649654318        -0.1389585076
        0.5653981000         1.3327346748         2.4598616769        -0.1389585076
        0.5703883000         1.3301823480         2.4598616769        -0.2054458319
        0.5753962000         1.3403916554         2.4649654318         0.0605034650
        0.5803774000         1.3403916554         2.4649654318         0.0605034650
        0.5854614000         1.3429439823         2.4700691867         0.1269907893
        0.5904033000         1.3378393285         2.4649654318        -0.0059838592
        0.5954351000         1.3327346748         2.4598616769        -0.1389585076
        0.6004236000         1.3327346748         2.4598616769        -0.1389585076
        0.6054350000         1.3378393285         2.4649654318        -0.0059838592
        0.6104079000         1.3378393285         2.4726210642        -0.0059838592
        0.6154005000         1.3352870017         2.4624135543        -0.0724711834
        0.6205343000         1.3352870017         2.4649654318        -0.0724711834
        0.6254067000         1.3301823480         2.4598616769        -0.2054458319
        0.6303966000         1.3557056165         2.4649654318         0.4594274104
        0.6354062000         1.3352870017         2.4649654318        -0.0724711834
        0.6403869000         1.3352870017         2.4649654318        -0.0724711834
        0.6453964000         1.3327346748         2.4598616769        -0.1389585076
        0.6503957000         1.3301823480         2.4624135543        -0.2054458319
        0.6554118000         1.3429439823         2.4700691867         0.1269907893
        0.6604062000         1.3352870017         2.4649654318        -0.0724711834
        0.6653878000         1.3327346748         2.4624135543        -0.1389585076
        0.6704795000         1.3403916554         2.4649654318         0.0605034650
        0.6754056000         1.3301823480         2.4598616769        -0.2054458319
        0.6804116000         1.3454963091         2.4751729416         0.1934781135
        0.6853902000         1.3378393285         2.4624135543        -0.0059838592
        0.6903973000         1.3352870017         2.4649654318        -0.0724711834
        0.6953911000         1.3454963091         2.4700691867         0.1934781135
        0.7003867000         1.3454963091         2.4598616769         0.1934781135
        0.7053982000         1.3378393285         2.4649654318        -0.0059838592
        0.7104093000         1.3429439823         2.4726210642         0.1269907893
        0.7153971000         1.3429439823         2.4700691867         0.1269907893
        0.7203744000         1.3454963091         2.4700691867         0.1934781135
        0.7253923000         1.3378393285         2.4649654318        -0.0059838592
        0.7303898000         1.3378393285         2.4649654318        -0.0059838592
        0.7354080000         1.3403916554         2.4675173092         0.0605034650
        0.7403850000         1.3454963091         2.4726210642         0.1934781135
        0.7453923000         1.3378393285         2.4624135543        -0.0059838592
        0.7503838000         1.3378393285         2.4649654318        -0.0059838592
        0.7553853000         1.3327346748         2.4598616769        -0.1389585076
        0.7604097000         1.3378393285         2.4649654318        -0.0059838592
        0.7654533000         1.3429439823         2.4700691867         0.1269907893
        0.7704413000         1.3429439823         2.4675173092         0.1269907893
        0.7754205000         1.3352870017         2.4649654318        -0.0724711834
        0.7804414000         1.3327346748         2.4598616769        -0.1389585076
        0.7855723000         1.3327346748         2.4573097994        -0.1389585076
        0.7904430000         1.3378393285         2.4649654318        -0.0059838592
        0.7954776000         1.3454963091         2.4675173092         0.1934781135
        0.8004185000         1.3429439823         2.4700691867         0.1269907893
        0.8053993000         1.3403916554         2.4649654318         0.0605034650
        0.8103881000         1.3378393285         2.4649654318        -0.0059838592
        0.8153891000         1.3327346748         2.4649654318        -0.1389585076
        0.8204012000         1.3378393285         2.4649654318        -0.0059838592
        0.8254204000         1.3327346748         2.4573097994        -0.1389585076
        0.8304149000         1.3378393285         2.4649654318        -0.0059838592
        0.8354038000         1.3378393285         2.4649654318        -0.0059838592
        0.8403866000         1.3378393285         2.4675173092        -0.0059838592
        0.8454013000         1.3454963091         2.4700691867         0.1934781135
        0.8504035000         1.3454963091         2.4700691867         0.1934781135
        0.8553952000         1.3378393285         2.4649654318        -0.0059838592
        0.8604265000         1.3327346748         2.4598616769        -0.1389585076
        0.8654270000         1.3378393285         2.4649654318        -0.0059838592
        0.8704110000         1.3378393285         2.4649654318        -0.0059838592
        0.8754228000         1.3480486360         2.4700691867         0.2599654377
        0.8804030000         1.3429439823         2.4726210642         0.1269907893
        0.8854109000         1.3378393285         2.4649654318        -0.0059838592
        0.8904199000         1.3301823480         2.4598616769        -0.2054458319
        0.8954263000         1.3378393285         2.4649654318        -0.0059838592
        0.9004186000         1.3429439823         2.4700691867         0.1269907893
        0.9054227000         1.3352870017         2.4649654318        -0.0724711834
        0.9104321000         1.3301823480         2.4598616769        -0.2054458319
        0.9154109000         1.3327346748         2.4598616769        -0.1389585076
        0.9204255000         1.3352870017         2.4675173092        -0.0724711834
        0.9254105000         1.3454963091         2.4726210642         0.1934781135
        0.9304177000         1.3378393285         2.4649654318        -0.0059838592
        0.9354488000         1.3327346748         2.4598616769        -0.1389585076
        0.9404514000         1.3301823480         2.4573097994        -0.2054458319
        0.9454242000         1.3378393285         2.4649654318        -0.0059838592
        0.9504248000         1.3582579434         2.4700691867         0.5259147346
        0.9554178000         1.3454963091         2.4726210642         0.1934781135
        0.9603911000         1.3352870017         2.4649654318        -0.0724711834
        0.9653939000         1.3301823480         2.4573097994        -0.2054458319
        0.9703855000         1.3378393285         2.4649654318        -0.0059838592
        0.9753974000         1.3378393285         2.4649654318        -0.0059838592
        0.9803867000         1.3327346748         2.4649654318        -0.1389585076
        0.9853908000         1.3378393285         2.4649654318        -0.0059838592
        0.9904108000         1.3378393285         2.4726210642        -0.0059838592
        0.9954055000         1.3378393285         2.4649654318        -0.0059838592
        1.0006706000         1.3301823480         2.4598616769        -0.2054458319
        1.0053882000         1.3454963091         2.4700691867         0.1934781135
        1.0104329000         1.3301823480         2.4649654318        -0.2054458319
        1.0154100000         1.3378393285         2.4573097994        -0.0059838592
        1.0204254000         1.3480486360         2.4573097994         0.2599654377
        1.0254039000         1.3429439823         2.4700691867         0.1269907893
        1.0304064000         1.3327346748         2.4649654318        -0.1389585076
        1.0354012000         1.3352870017         2.4649654318        -0.0724711834
        1.0404043000         1.3327346748         2.4649654318        -0.1389585076
        1.0453914000         1.3327346748         2.4624135543        -0.1389585076
        1.0503746000         1.3378393285         2.4649654318        -0.0059838592
        1.0554039000         1.3327346748         2.4598616769        -0.1389585076
        1.0603942000         1.3378393285         2.4624135543        -0.0059838592
        1.0653982000         1.3378393285         2.4649654318        -0.0059838592
        1.0703873000         1.3301823480         2.4598616769        -0.2054458319
        1.0753954000         1.3429439823         2.4700691867         0.1269907893
        1.0803953000         1.3327346748         2.4598616769        -0.1389585076
        1.0853862000         1.3378393285         2.4598616769        -0.0059838592
        1.0903975000         1.3429439823         2.4700691867         0.1269907893
        1.0954028000         1.3327346748         2.4573097994        -0.1389585076
        1.1004221000         1.3378393285         2.4649654318        -0.0059838592
        1.1054182000         1.3352870017         2.4649654318        -0.0724711834
        1.1104049000         1.3378393285         2.4649654318        -0.0059838592
        1.1154971000         1.3429439823         2.4700691867         0.1269907893
        1.1205340000         1.3429439823         2.4700691867         0.1269907893
        1.1254803000         1.3454963091         2.4726210642         0.1934781135
        1.1304176000         1.3352870017         2.4649654318        -0.0724711834
        1.1354040000         1.3454963091         2.4726210642         0.1934781135
        1.1403777000         1.3429439823         2.4726210642         0.1269907893
        1.1453950000         1.3378393285         2.4649654318        -0.0059838592
        1.1503966000         1.3327346748         2.4598616769        -0.1389585076
        1.1555759000         1.3378393285         2.4598616769        -0.0059838592
        1.1604164000         1.3301823480         2.4598616769        -0.2054458319
        1.1654119000         1.3327346748         2.4598616769        -0.1389585076
        1.1704046000         1.3352870017         2.4649654318        -0.0724711834
        1.1754315000         1.3403916554         2.4700691867         0.0605034650
        1.1804079000         1.3352870017         2.4649654318        -0.0724711834
        1.1854126000         1.3301823480         2.4598616769        -0.2054458319
        1.1903954000         1.3327346748         2.4598616769        -0.1389585076
        1.1954137000         1.3352870017         2.4649654318        -0.0724711834
        1.2004233000         1.3378393285         2.4649654318        -0.0059838592
        1.2054565000         1.3378393285         2.4700691867        -0.0059838592
        1.2104066000         1.3378393285         2.4649654318        -0.0059838592
        1.2153860000         1.3352870017         2.4649654318        -0.0724711834
        1.2203945000         1.3301823480         2.4573097994        -0.2054458319
        1.2254019000         1.3378393285         2.4598616769        -0.0059838592
        1.2303871000         1.3378393285         2.4649654318        -0.0059838592
        1.2354250000         1.3378393285         2.4598616769        -0.0059838592
        1.2403884000         1.3378393285         2.4649654318        -0.0059838592
        1.2453848000         1.3327346748         2.4598616769        -0.1389585076
        1.2503998000         1.3378393285         2.4649654318        -0.0059838592
        1.2554278000         1.3454963091         2.4700691867         0.1934781135
        1.2604849000         1.3454963091         2.4726210642         0.1934781135
        1.2654033000         1.3378393285         2.4624135543        -0.0059838592
        1.2703878000         1.3327346748         2.4598616769        -0.1389585076
        1.2753967000         1.3378393285         2.4649654318        -0.0059838592
        1.2804009000         1.3429439823         2.4700691867         0.1269907893
        1.2853907000         1.3454963091         2.4649654318         0.1934781135
        1.2903982000         1.3429439823         2.4675173092         0.1269907893
        1.2953780000         1.3378393285         2.4649654318        -0.0059838592
        1.3003880000         1.3454963091         2.4700691867         0.1934781135
        1.3053911000         1.3506009628         2.4700691867         0.3264527620
        1.3104057000         1.3429439823         2.4700691867         0.1269907893
        1.3154092000         1.3378393285         2.4649654318        -0.0059838592
        1.3203935000         1.3327346748         2.4598616769        -0.1389585076
        1.3254076000         1.3378393285         2.4649654318        -0.0059838592
        1.3304156000         1.3454963091         2.4700691867         0.1934781135
        1.3353972000         1.3429439823         2.4700691867         0.1269907893
        1.3403853000         1.3429439823         2.4700691867         0.1269907893
        1.3454085000         1.3378393285         2.4649654318        -0.0059838592
        1.3503745000         1.3352870017         2.4649654318        -0.0724711834
        1.3554009000         1.3327346748         2.4573097994        -0.1389585076
        1.3603860000         1.3352870017         2.4649654318        -0.0724711834
        1.3653993000         1.3454963091         2.4700691867         0.1934781135
        1.3704049000         1.3352870017         2.4649654318        -0.0724711834
        1.3756113000         1.3378393285         2.4649654318        -0.0059838592
        1.3803937000         1.3327346748         2.4573097994        -0.1389585076
        1.3853863000         1.3327346748         2.4598616769        -0.1389585076
        1.3903830000         1.3378393285         2.4649654318        -0.0059838592
        1.3953990000         1.3429439823         2.4700691867         0.1269907893
        1.4003803000         1.3454963091         2.4726210642         0.1934781135
        1.4054172000         1.3403916554         2.4649654318         0.0605034650
        1.4104245000         1.3327346748         2.4598616769        -0.1389585076
        1.4154443000         1.3531532897         2.4700691867         0.3929400862
        1.4204426000         1.3378393285         2.4649654318        -0.0059838592
        1.4254462000         1.3429439823         2.4700691867         0.1269907893
        1.4304145000         1.3327346748         2.4598616769        -0.1389585076
        1.4354169000         1.3454963091         2.4700691867         0.1934781135
        1.4404237000         1.3352870017         2.4624135543        -0.0724711834
        1.4453937000         1.3378393285         2.4649654318        -0.0059838592
        1.4504020000         1.3378393285         2.4649654318        -0.0059838592
        1.4554348000         1.3378393285         2.4649654318        -0.0059838592
        1.4604175000         1.3429439823         2.4726210642         0.1269907893
        1.4654022000         1.3327346748         2.4573097994        -0.1389585076
        1.4704046000         1.3378393285         2.4649654318        -0.0059838592
        1.4754142000         1.3378393285         2.4649654318        -0.0059838592
        1.4804688000         1.3301823480         2.4598616769        -0.2054458319
        1.4854422000         1.3480486360         2.4649654318         0.2599654377
        1.4904221000         1.3378393285         2.4726210642        -0.0059838592
        1.4953973000         1.3429439823         2.4700691867         0.1269907893
        1.5004017000         1.3352870017         2.4624135543        -0.0724711834
        1.5054117000         1.3327346748         2.4573097994        -0.1389585076
        1.5103808000         1.3378393285         2.4624135543        -0.0059838592
        1.5153835000         1.3378393285         2.4675173092        -0.0059838592
        1.5203978000         1.3378393285         2.4624135543        -0.0059838592
        1.5255183000         1.3403916554         2.4649654318         0.0605034650
        1.5304085000         1.3378393285         2.4649654318        -0.0059838592
        1.5354215000         1.3327346748         2.4598616769        -0.1389585076
        1.5403809000         1.3378393285         2.4649654318        -0.0059838592
        1.5454814000         1.3378393285         2.4649654318        -0.0059838592
        1.5504170000         1.3378393285         2.4649654318        -0.0059838592
        1.5554284000         1.3403916554         2.4649654318         0.0605034650
        1.5604140000         1.3301823480         2.4598616769        -0.2054458319
        1.5654206000         1.3378393285         2.4649654318        -0.0059838592
        1.5704335000         1.3429439823         2.4700691867         0.1269907893
        1.5754149000         1.3454963091         2.4700691867         0.1934781135
        1.5803633000         1.3454963091         2.4726210642         0.1934781135
        1.5853980000         1.3327346748         2.4598616769        -0.1389585076
        1.5903870000         1.3327346748         2.4598616769        -0.1389585076
        1.5953911000         1.3327346748         2.4598616769        -0.1389585076
        1.6004140000         1.3378393285         2.4649654318        -0.0059838592
        1.6054162000         1.3378393285         2.4649654318        -0.0059838592
        1.6104194000         1.3301823480         2.4598616769        -0.2054458319
        1.6154444000         1.3403916554         2.4649654318         0.0605034650
        1.6204456000         1.3429439823         2.4700691867         0.1269907893
        1.6254065000         1.3378393285         2.4649654318        -0.0059838592
        1.6304093000         1.3301823480         2.4598616769        -0.2054458319
        1.6354172000         1.3378393285         2.4649654318        -0.0059838592
        1.6404067000         1.3352870017         2.4700691867        -0.0724711834
        1.6454123000         1.3352870017         2.4649654318        -0.0724711834
        1.6503900000         1.3352870017         2.4649654318        -0.0724711834
        1.6553981000         1.3301823480         2.4573097994        -0.2054458319
        1.6603898000         1.3301823480         2.4598616769        -0.2054458319
        1.6653976000         1.3378393285         2.4649654318        -0.0059838592
        1.6703782000         1.3378393285         2.4624135543        -0.0059838592
        1.6753765000         1.3327346748         2.4598616769        -0.1389585076
        1.6804060000         1.3352870017         2.4649654318        -0.0724711834
        1.6854540000         1.3429439823         2.4726210642         0.1269907893
        1.6904532000         1.3429439823         2.4700691867         0.1269907893
        1.6954412000         1.3327346748         2.4598616769        -0.1389585076
        1.7004086000         1.3403916554         2.4649654318         0.0605034650
        1.7053868000         1.3327346748         2.4573097994        -0.1389585076
        1.7105755000         1.3378393285         2.4649654318        -0.0059838592
        1.7153791000         1.3352870017         2.4649654318        -0.0724711834
        1.7203899000         1.3454963091         2.4700691867         0.1934781135
        1.7254219000         1.3301823480         2.4598616769        -0.2054458319
        1.7303860000         1.3378393285         2.4649654318        -0.0059838592
        1.7353969000         1.3352870017         2.4598616769        -0.0724711834
        1.7403788000         1.3327346748         2.4598616769        -0.1389585076
        1.7453870000         1.3378393285         2.4649654318        -0.0059838592
        1.7503953000         1.3378393285         2.4649654318        -0.0059838592
        1.7554047000         1.3378393285         2.4649654318        -0.0059838592
        1.7604520000         1.3454963091         2.4700691867         0.1934781135
        1.7654011000         1.3378393285         2.4649654318        -0.0059838592
        1.7703854000         1.3378393285         2.4649654318        -0.0059838592
        1.7753874000         1.3301823480         2.4598616769        -0.2054458319
        1.7804230000         1.3429439823         2.4675173092         0.1269907893
        1.7860471000         1.3429439823         2.4675173092         0.1269907893
        1.7903973000         1.3378393285         2.4649654318        -0.0059838592
        1.7954008000         1.3378393285         2.4649654318        -0.0059838592
        1.8004099000         1.3429439823         2.4726210642         0.1269907893
        1.8053878000         1.3352870017         2.4649654318        -0.0724711834
        1.8104038000         1.3327346748         2.4598616769        -0.1389585076
        1.8153872000         1.3327346748         2.4598616769        -0.1389585076
        1.8204188000         1.3378393285         2.4649654318        -0.0059838592
        1.8254108000         1.3403916554         2.4700691867         0.0605034650
        1.8304027000         1.3378393285         2.4649654318        -0.0059838592
        1.8353887000         1.3403916554         2.4624135543         0.0605034650
        1.8404023000         1.3480486360         2.4598616769         0.2599654377
        1.8453855000         1.3301823480         2.4598616769        -0.2054458319
        1.8504189000         1.3378393285         2.4649654318        -0.0059838592
        1.8554251000         1.3454963091         2.4700691867         0.1934781135
        1.8604384000         1.3327346748         2.4598616769        -0.1389585076
        1.8654122000         1.3378393285         2.4649654318        -0.0059838592
        1.8704231000         1.3378393285         2.4649654318        -0.0059838592
        1.8754256000         1.3327346748         2.4598616769        -0.1389585076
        1.8804231000         1.3429439823         2.4700691867         0.1269907893
        1.8853995000         1.3378393285         2.4649654318        -0.0059838592
        1.8904098000         1.3378393285         2.4649654318        -0.0059838592
        1.8954338000         1.3352870017         2.4649654318        -0.0724711834
        1.9004401000         1.3378393285         2.4649654318        -0.0059838592
        1.9054404000         1.3352870017         2.4726210642        -0.0724711834
        1.9103901000         1.3327346748         2.4598616769        -0.1389585076
        1.9154266000         1.3429439823         2.4700691867         0.1269907893
        1.9203887000         1.3378393285         2.4649654318        -0.0059838592
        1.9253967000         1.3378393285         2.4624135543        -0.0059838592
        1.9303861000         1.3301823480         2.4598616769        -0.2054458319
        1.9353887000         1.3429439823         2.4700691867         0.1269907893
        1.9403997000         1.3327346748         2.4573097994        -0.1389585076
        1.9454037000         1.3454963091         2.4649654318         0.1934781135
        1.9505117000         1.3378393285         2.4649654318        -0.0059838592
        1.9554010000         1.3301823480         2.4573097994        -0.2054458319
        1.9603844000         1.3378393285         2.4649654318        -0.0059838592
        1.9653894000         1.3378393285         2.4649654318        -0.0059838592
        1.9703983000         1.3352870017         2.4649654318        -0.0724711834
        1.9753791000         1.3480486360         2.4726210642         0.2599654377
        1.9803961000         1.3174207137         2.4573097994        -0.5378824530
        1.9853946000         1.3454963091         2.4726210642         0.1934781135
        1.9905523000         1.3352870017         2.4624135543        -0.0724711834
        1.9954864000         1.3378393285         2.4649654318        -0.0059838592
        2.0004262000         1.3454963091         2.4700691867         0.1934781135
        2.0053845000         1.3429439823         2.4700691867         0.1269907893
        2.0104173000         1.3378393285         2.4649654318        -0.0059838592
        2.0154115000         1.3327346748         2.4598616769        -0.1389585076
        2.0203912000         1.3301823480         2.4598616769        -0.2054458319
        2.0253934000         1.3378393285         2.4649654318        -0.0059838592
        2.0304065000         1.3429439823         2.4624135543         0.1269907893
        2.0354736000         1.3403916554         2.4624135543         0.0605034650
        2.0403982000         1.3352870017         2.4624135543        -0.0724711834
        2.0453789000         1.3327346748         2.4547579220        -0.1389585076
        2.0503891000         1.3378393285         2.4726210642        -0.0059838592
        2.0553983000         1.3352870017         2.4649654318        -0.0724711834
        2.0604063000         1.3352870017         2.4573097994        -0.0724711834
        2.0654130000         1.3352870017         2.4649654318        -0.0724711834
        2.0703983000         1.3378393285         2.4649654318        -0.0059838592
        2.0753889000         1.3403916554         2.4649654318         0.0605034650
        2.0803880000         1.3301823480         2.4573097994        -0.2054458319
        2.0855175000         1.3327346748         2.4598616769        -0.1389585076
        2.0903830000         1.3378393285         2.4649654318        -0.0059838592
        2.0960690000         1.3429439823         2.4649654318         0.1269907893
        2.1003970000         1.3378393285         2.4649654318        -0.0059838592
        2.1054100000         1.3403916554         2.4649654318         0.0605034650
        2.1103981000         1.3429439823         2.4726210642         0.1269907893
        2.1154871000         1.3352870017         2.4649654318        -0.0724711834
        2.1205841000         1.3327346748         2.4573097994        -0.1389585076
        2.1253900000         1.3352870017         2.4649654318        -0.0724711834
        2.1303980000         1.3352870017         2.4649654318        -0.0724711834
        2.1353863000         1.3454963091         2.4700691867         0.1934781135
        2.1403984000         1.3378393285         2.4649654318        -0.0059838592
        2.1453739000         1.3378393285         2.4649654318        -0.0059838592
        2.1503772000         1.3327346748         2.4598616769        -0.1389585076
        2.1554138000         1.3429439823         2.4700691867         0.1269907893
        2.1604464000         1.3557056165         2.4675173092         0.4594274104
        2.1653849000         1.3429439823         2.4751729416         0.1269907893
        2.1703987000         1.3378393285         2.4649654318        -0.0059838592
        2.1753872000         1.3403916554         2.4649654318         0.0605034650
        2.1803863000         1.3454963091         2.4700691867         0.1934781135
        2.1853897000         1.3378393285         2.4649654318        -0.0059838592
        2.1903857000         1.3378393285         2.4649654318        -0.0059838592
        2.1953893000         1.3327346748         2.4598616769        -0.1389585076
        2.2004015000         1.3378393285         2.4649654318        -0.0059838592
        2.2053787000         1.3378393285         2.4649654318        -0.0059838592
        2.2103918000         1.3429439823         2.4700691867         0.1269907893
        2.2153993000         1.3378393285         2.4649654318        -0.0059838592
        2.2203867000         1.3378393285         2.4649654318        -0.0059838592
        2.2253867000         1.3301823480         2.4598616769        -0.2054458319
        2.2303967000         1.3403916554         2.4649654318         0.0605034650
        2.2353872000         1.3378393285         2.4649654318        -0.0059838592
        2.2403971000         1.3429439823         2.4700691867         0.1269907893
        2.2454001000         1.3403916554         2.4649654318         0.0605034650
        2.2505700000         1.3378393285         2.4649654318        -0.0059838592
        2.2553958000         1.3327346748         2.4598616769        -0.1389585076
        2.2603787000         1.3327346748         2.4598616769        -0.1389585076
        2.2653676000         1.3327346748         2.4624135543        -0.1389585076
        2.2704101000         1.3352870017         2.4649654318        -0.0724711834
        2.2754102000         1.3429439823         2.4700691867         0.1269907893
        2.2803908000         1.3429439823         2.4700691867         0.1269907893
        2.2853983000         1.3378393285         2.4649654318        -0.0059838592
        2.2903839000         1.3327346748         2.4598616769        -0.1389585076
        2.2954183000         1.3429439823         2.4700691867         0.1269907893
        2.3003971000         1.3454963091         2.4726210642         0.1934781135
        2.3054058000         1.3531532897         2.4649654318         0.3929400862
        2.3103832000         1.3301823480         2.4573097994        -0.2054458319
        2.3154000000         1.3429439823         2.4726210642         0.1269907893
        2.3203861000         1.3378393285         2.4649654318        -0.0059838592
        2.3257134000         1.3378393285         2.4624135543        -0.0059838592
        2.3305048000         1.3429439823         2.4700691867         0.1269907893
        2.3354092000         1.3429439823         2.4700691867         0.1269907893
        2.3403958000         1.3378393285         2.4624135543        -0.0059838592
        2.3454044000         1.3429439823         2.4700691867         0.1269907893
        2.3505114000         1.3454963091         2.4675173092         0.1934781135
        2.3555188000         1.3403916554         2.4649654318         0.0605034650
        2.3604175000         1.3301823480         2.4598616769        -0.2054458319
        2.3653888000         1.3327346748         2.4573097994        -0.1389585076
        2.3703919000         1.3429439823         2.4700691867         0.1269907893
        2.3754013000         1.3352870017         2.4573097994        -0.0724711834
        2.3803881000         1.3378393285         2.4649654318        -0.0059838592
        2.3853880000         1.3454963091         2.4726210642         0.1934781135
        2.3903988000         1.3378393285         2.4649654318        -0.0059838592
        2.3954093000         1.3327346748         2.4573097994        -0.1389585076
        2.4008217000         1.3378393285         2.4649654318        -0.0059838592
        2.4054742000         1.3429439823         2.4726210642         0.1269907893
        2.4103826000         1.3327346748         2.4573097994        -0.1389585076
        2.4153988000         1.3429439823         2.4726210642         0.1269907893
        2.4203849000         1.3378393285         2.4573097994        -0.0059838592
        2.4253972000         1.3378393285         2.4649654318        -0.0059838592
        2.4304075000         1.3429439823         2.4726210642         0.1269907893
        2.4354029000         1.3301823480         2.4649654318        -0.2054458319
        2.4403868000         1.3378393285         2.4649654318        -0.0059838592
        2.4453980000         1.3352870017         2.4649654318        -0.0724711834
        2.4503850000         1.3378393285         2.4726210642        -0.0059838592
        2.4554131000         1.3403916554         2.4649654318         0.0605034650
        2.4603738000         1.3378393285         2.4624135543        -0.0059838592
        2.4654188000         1.3378393285         2.4649654318        -0.0059838592
        2.4704217000         1.3454963091         2.4726210642         0.1934781135
        2.4754701000         1.3403916554         2.4598616769         0.0605034650
        2.4804203000         1.3301823480         2.4573097994        -0.2054458319
        2.4854211000         1.3378393285         2.4649654318        -0.0059838592
        2.4904050000         1.3352870017         2.4649654318        -0.0724711834
        2.4953914000         1.3429439823         2.4726210642         0.1269907893
        2.5004787000         1.3352870017         2.4649654318        -0.0724711834
        2.5053992000         1.3352870017         2.4598616769        -0.0724711834
        2.5103860000         1.3327346748         2.4573097994        -0.1389585076
        2.5154061000         1.3378393285         2.4649654318        -0.0059838592
        2.5203843000         1.3352870017         2.4649654318        -0.0724711834
        2.5254171000         1.3403916554         2.4649654318         0.0605034650
        2.5304992000         1.3480486360         2.4573097994         0.2599654377
        2.5353883000         1.3378393285         2.4624135543        -0.0059838592
        2.5404199000         1.3403916554         2.4649654318         0.0605034650
        2.5454118000         1.3429439823         2.4700691867         0.1269907893
        2.5504145000         1.3429439823         2.4700691867         0.1269907893
        2.5554124000         1.3403916554         2.4624135543         0.0605034650
        2.5605028000         1.3301823480         2.4573097994        -0.2054458319
        2.5655013000         1.3327346748         2.4573097994        -0.1389585076
        2.5704195000         1.3378393285         2.4649654318        -0.0059838592
        2.5754262000         1.3454963091         2.4726210642         0.1934781135
        2.5804370000         1.3378393285         2.4649654318        -0.0059838592
        2.5854234000         1.3378393285         2.4649654318        -0.0059838592
        2.5904158000         1.3352870017         2.4649654318        -0.0724711834
        2.5954161000         1.3327346748         2.4573097994        -0.1389585076
        2.6004204000         1.3454963091         2.4649654318         0.1934781135
        2.6054111000         1.3378393285         2.4624135543        -0.0059838592
        2.6104144000         1.3352870017         2.4649654318        -0.0724711834
        2.6154056000         1.3378393285         2.4649654318        -0.0059838592
        2.6204074000         1.3378393285         2.4624135543        -0.0059838592
        2.6253848000         1.3352870017         2.4598616769        -0.0724711834
        2.6303942000         1.3378393285         2.4649654318        -0.0059838592
        2.6353799000         1.3352870017         2.4649654318        -0.0724711834
        2.6403936000         1.3352870017         2.4649654318        -0.0724711834
        2.6454013000         1.3378393285         2.4649654318        -0.0059838592
        2.6503818000         1.3378393285         2.4649654318        -0.0059838592
        2.6553854000         1.3429439823         2.4700691867         0.1269907893
        2.6604350000         1.3454963091         2.4700691867         0.1934781135
        2.6653810000         1.3378393285         2.4649654318        -0.0059838592
        2.6704102000         1.3352870017         2.4649654318        -0.0724711834
        2.6754106000         1.3378393285         2.4649654318        -0.0059838592
        2.6803942000         1.3429439823         2.4726210642         0.1269907893
        2.6853953000         1.3378393285         2.4649654318        -0.0059838592
        2.6903711000         1.3557056165         2.4624135543         0.4594274104
        2.6953902000         1.3352870017         2.4649654318        -0.0724711834
        2.7003754000         1.3429439823         2.4700691867         0.1269907893
        2.7054148000         1.3327346748         2.4598616769        -0.1389585076
        2.7103867000         1.3429439823         2.4726210642         0.1269907893
        2.7153935000         1.3378393285         2.4573097994        -0.0059838592
        2.7204126000         1.3429439823         2.4726210642         0.1269907893
        2.7254361000         1.3352870017         2.4649654318        -0.0724711834
        2.7304269000         1.3378393285         2.4649654318        -0.0059838592
        2.7354735000         1.3378393285         2.4624135543        -0.0059838592
        2.7404727000         1.3327346748         2.4573097994        -0.1389585076
        2.7453984000         1.3378393285         2.4649654318        -0.0059838592
        2.7504048000         1.3378393285         2.4649654318        -0.0059838592
        2.7554260000         1.3429439823         2.4700691867         0.1269907893
        2.7603987000         1.3429439823         2.4700691867         0.1269907893
        2.7654854000         1.3352870017         2.4649654318        -0.0724711834
        2.7704210000         1.3327346748         2.4598616769        -0.1389585076
        2.7754892000         1.3429439823         2.4726210642         0.1269907893
        2.7804081000         1.3378393285         2.4649654318        -0.0059838592
        2.7854209000         1.3378393285         2.4649654318        -0.0059838592
        2.7904066000         1.3429439823         2.4700691867         0.1269907893
        2.7954134000         1.3352870017         2.4649654318        -0.0724711834
        2.8004962000         1.3327346748         2.4573097994        -0.1389585076
        2.8055021000         1.3378393285         2.4649654318        -0.0059838592
        2.8104165000         1.3429439823         2.4700691867         0.1269907893
        2.8156018000         1.3429439823         2.4726210642         0.1269907893
        2.8204145000         1.3352870017         2.4624135543        -0.0724711834
        2.8254076000         1.3429439823         2.4726210642         0.1269907893
        2.8303999000         1.3378393285         2.4649654318        -0.0059838592
        2.8355040000         1.3429439823         2.4700691867         0.1269907893
        2.8404149000         1.3403916554         2.4649654318         0.0605034650
        2.8453913000         1.3327346748         2.4598616769        -0.1389585076
        2.8503873000         1.3378393285         2.4649654318        -0.0059838592
        2.8553983000         1.3352870017         2.4649654318        -0.0724711834
        2.8604002000         1.3378393285         2.4649654318        -0.0059838592
        2.8654121000         1.3378393285         2.4649654318        -0.0059838592
        2.8704934000         1.3378393285         2.4649654318        -0.0059838592
        2.8754008000         1.3429439823         2.4675173092         0.1269907893
        2.8804374000         1.3327346748         2.4598616769        -0.1389585076
        2.8854157000         1.3378393285         2.4624135543        -0.0059838592
        2.8904379000         1.3352870017         2.4700691867        -0.0724711834
        2.8954372000         1.3327346748         2.4598616769        -0.1389585076
        2.9004257000         1.3454963091         2.4700691867         0.1934781135
        2.9054228000         1.3301823480         2.4598616769        -0.2054458319
        2.9104167000         1.3378393285         2.4649654318        -0.0059838592
        2.9153872000         1.3352870017         2.4649654318        -0.0724711834
        2.9203782000         1.3429439823         2.4700691867         0.1269907893
        2.9254482000         1.3327346748         2.4573097994        -0.1389585076
        2.9304244000         1.3429439823         2.4700691867         0.1269907893
        2.9354282000         1.3327346748         2.4573097994        -0.1389585076
        2.9403943000         1.3378393285         2.4624135543        -0.0059838592
        2.9454254000         1.3378393285         2.4649654318        -0.0059838592
        2.9504606000         1.3301823480         2.4598616769        -0.2054458319
        2.9554600000         1.3429439823         2.4675173092         0.1269907893
        2.9603978000         1.3378393285         2.4649654318        -0.0059838592
        2.9654304000         1.3327346748         2.4624135543        -0.1389585076
        2.9703960000         1.3327346748         2.4598616769        -0.1389585076
        2.9754703000         1.3378393285         2.4649654318        -0.0059838592
        2.9804731000         1.3378393285         2.4649654318        -0.0059838592
        2.9854146000         1.3378393285         2.4649654318        -0.0059838592
        2.9904283000         1.3378393285         2.4624135543        -0.0059838592
        2.9954550000         1.3378393285         2.4649654318        -0.0059838592
        3.0004127000         1.3378393285         2.4649654318        -0.0059838592
        3.0054497000         1.3454963091         2.4700691867         0.1934781135
        3.0105695000         1.3352870017         2.4649654318        -0.0724711834
        3.0154294000         1.3403916554         2.4649654318         0.0605034650
        3.0205092000         1.3301823480         2.4573097994        -0.2054458319
        3.0255022000         1.3327346748         2.4573097994        -0.1389585076
        3.0304068000         1.3454963091         2.4675173092         0.1934781135
        3.0354910000         1.3327346748         2.4598616769        -0.1389585076
        3.0405020000         1.3378393285         2.4649654318        -0.0059838592
        3.0455005000         1.3327346748         2.4598616769        -0.1389585076
        3.0504128000         1.3301823480         2.4598616769        -0.2054458319
        3.0554208000         1.3327346748         2.4598616769        -0.1389585076
        3.0603686000         1.3327346748         2.4598616769        -0.1389585076
        3.0653875000         1.3378393285         2.4573097994        -0.0059838592
        3.0703863000         1.3378393285         2.4649654318        -0.0059838592
        3.0754987000         1.3301823480         2.4624135543        -0.2054458319
        3.0803998000         1.3429439823         2.4700691867         0.1269907893
        3.0855689000         1.3403916554         2.4675173092         0.0605034650
        3.0903991000         1.3378393285         2.4649654318        -0.0059838592
        3.0953810000         1.3378393285         2.4649654318        -0.0059838592
        3.1003925000         1.3327346748         2.4573097994        -0.1389585076
        3.1054034000         1.3378393285         2.4649654318        -0.0059838592
        3.1103999000         1.3378393285         2.4649654318        -0.0059838592
        3.1153922000         1.3327346748         2.4573097994        -0.1389585076
        3.1203951000         1.3429439823         2.4700691867         0.1269907893
        3.1253854000         1.3352870017         2.4649654318        -0.0724711834
        3.1303942000         1.3378393285         2.4649654318        -0.0059838592
        3.1353978000         1.3352870017         2.4649654318        -0.0724711834
        3.1403828000         1.3327346748         2.4598616769        -0.1389585076
        3.1455167000         1.3352870017         2.4649654318        -0.0724711834
        3.1503944000         1.3378393285         2.4624135543        -0.0059838592
        3.1553914000         1.3378393285         2.4649654318        -0.0059838592
        3.1603966000         1.3327346748         2.4573097994        -0.1389585076
        3.1654037000         1.3378393285         2.4624135543        -0.0059838592
        3.1703887000         1.3327346748         2.4598616769        -0.1389585076
        3.1754962000         1.3429439823         2.4700691867         0.1269907893
        3.1804000000         1.3429439823         2.4700691867         0.1269907893
        3.1853997000         1.3429439823         2.4726210642         0.1269907893
        3.1903962000         1.3403916554         2.4649654318         0.0605034650
        3.1953919000         1.3352870017         2.4649654318        -0.0724711834
        3.2003863000         1.3352870017         2.4649654318        -0.0724711834
        3.2054359000         1.3352870017         2.4649654318        -0.0724711834
        3.2105040000         1.3352870017         2.4624135543        -0.0724711834
        3.2153858000         1.3429439823         2.4726210642         0.1269907893
        3.2204241000         1.3301823480         2.4598616769        -0.2054458319
        3.2254736000         1.3429439823         2.4700691867         0.1269907893
        3.2305158000         1.3301823480         2.4573097994        -0.2054458319
        3.2354206000         1.3352870017         2.4649654318        -0.0724711834
        3.2403880000         1.3429439823         2.4700691867         0.1269907893
        3.2454164000         1.3327346748         2.4598616769        -0.1389585076
        3.2503778000         1.3378393285         2.4649654318        -0.0059838592
        3.2553871000         1.3352870017         2.4649654318        -0.0724711834
        3.2603888000         1.3301823480         2.4573097994        -0.2054458319
        3.2654003000         1.3378393285         2.4624135543        -0.0059838592
        3.2703884000         1.3378393285         2.4649654318        -0.0059838592
        3.2753882000         1.3378393285         2.4624135543        -0.0059838592
        3.2803999000         1.3454963091         2.4700691867         0.1934781135
        3.2853857000         1.3378393285         2.4624135543        -0.0059838592
        3.2903887000         1.3301823480         2.4598616769        -0.2054458319
        3.2954057000         1.3403916554         2.4649654318         0.0605034650
        3.3003870000         1.3454963091         2.4649654318         0.1934781135
        3.3053984000         1.3378393285         2.4700691867        -0.0059838592
        3.3103880000         1.3352870017         2.4649654318        -0.0724711834
        3.3153912000         1.3429439823         2.4649654318         0.1269907893
        3.3204224000         1.3378393285         2.4649654318        -0.0059838592
        3.3254310000         1.3403916554         2.4649654318         0.0605034650
        3.3303948000         1.3378393285         2.4649654318        -0.0059838592
        3.3354047000         1.3429439823         2.4700691867         0.1269907893
        3.3403895000         1.3301823480         2.4598616769        -0.2054458319
        3.3454200000         1.3454963091         2.4726210642         0.1934781135
        3.3504014000         1.3378393285         2.4649654318        -0.0059838592
        3.3554088000         1.3429439823         2.4726210642         0.1269907893
        3.3604369000         1.3352870017         2.4649654318        -0.0724711834
        3.3654925000         1.3301823480         2.4573097994        -0.2054458319
        3.3703843000         1.3352870017         2.4649654318        -0.0724711834
        3.3754326000         1.3327346748         2.4573097994        -0.1389585076
        3.3804255000         1.3352870017         2.4649654318        -0.0724711834
        3.3856569000         1.3352870017         2.4624135543        -0.0724711834
        3.3905452000         1.3378393285         2.4649654318        -0.0059838592
        3.3954459000         1.3327346748         2.4649654318        -0.1389585076
        3.4004418000         1.3378393285         2.4624135543        -0.0059838592
        3.4053940000         1.3327346748         2.4573097994        -0.1389585076
        3.4105170000         1.3378393285         2.4598616769        -0.0059838592
        3.4155271000         1.3557056165         2.4700691867         0.4594274104
        3.4204191000         1.3327346748         2.4598616769        -0.1389585076
        3.4254141000         1.3327346748         2.4598616769        -0.1389585076
        3.4304524000         1.3301823480         2.4598616769        -0.2054458319
        3.4353970000         1.3352870017         2.4649654318        -0.0724711834
        3.4403850000         1.3301823480         2.4649654318        -0.2054458319
        3.4454286000         1.3429439823         2.4700691867         0.1269907893
        3.4504243000         1.3301823480         2.4573097994        -0.2054458319
        3.4553839000         1.3327346748         2.4598616769        -0.1389585076
        3.4603983000         1.3352870017         2.4700691867        -0.0724711834
        3.4654032000         1.3378393285         2.4649654318        -0.0059838592
        3.4703911000         1.3352870017         2.4726210642        -0.0724711834
        3.4753916000         1.3327346748         2.4573097994        -0.1389585076
        3.4804818000         1.3454963091         2.4726210642         0.1934781135
        3.4853939000         1.3378393285         2.4649654318        -0.0059838592
        3.4903996000         1.3378393285         2.4649654318        -0.0059838592
        3.4953852000         1.3378393285         2.4649654318        -0.0059838592
        3.5003899000         1.3454963091         2.4726210642         0.1934781135
        3.5053929000         1.3378393285         2.4649654318        -0.0059838592
        3.5103844000         1.3327346748         2.4649654318        -0.1389585076
        3.5153952000         1.3378393285         2.4649654318        -0.0059838592
        3.5203988000         1.3301823480         2.4598616769        -0.2054458319
        3.5253969000         1.3454963091         2.4700691867         0.1934781135
        3.5303853000         1.3378393285         2.4649654318        -0.0059838592
        3.5354080000         1.3378393285         2.4649654318        -0.0059838592
        3.5403806000         1.3429439823         2.4700691867         0.1269907893
        3.5454889000         1.3403916554         2.4598616769         0.0605034650
        3.5504271000         1.3454963091         2.4726210642         0.1934781135
        3.5553896000         1.3301823480         2.4598616769        -0.2054458319
        3.5604811000         1.3454963091         2.4624135543         0.1934781135
        3.5654046000         1.3352870017         2.4649654318        -0.0724711834
        3.5704827000         1.3378393285         2.4649654318        -0.0059838592
        3.5757088000         1.3327346748         2.4598616769        -0.1389585076
        3.5805020000         1.3352870017         2.4675173092        -0.0724711834
        3.5853882000         1.3378393285         2.4649654318        -0.0059838592
        3.5903913000         1.3454963091         2.4700691867         0.1934781135
        3.5954778000         1.3301823480         2.4573097994        -0.2054458319
        3.6003920000         1.3454963091         2.4700691867         0.1934781135
        3.6053946000         1.3301823480         2.4598616769        -0.2054458319
        3.6104807000         1.3429439823         2.4726210642         0.1269907893
        3.6153857000         1.3352870017         2.4624135543        -0.0724711834
        3.6203953000         1.3378393285         2.4624135543        -0.0059838592
        3.6253978000         1.3454963091         2.4649654318         0.1934781135
        3.6303844000         1.3352870017         2.4598616769        -0.0724711834
        3.6353953000         1.3429439823         2.4726210642         0.1269907893
        3.6403794000         1.3378393285         2.4649654318        -0.0059838592
        3.6453828000         1.3378393285         2.4649654318        -0.0059838592
        3.6504813000         1.3352870017         2.4624135543        -0.0724711834
        3.6553876000         1.3301823480         2.4573097994        -0.2054458319
        3.6603874000         1.3429439823         2.4700691867         0.1269907893
        3.6653965000         1.3327346748         2.4598616769        -0.1389585076
        3.6703846000         1.3352870017         2.4624135543        -0.0724711834
        3.6753901000         1.3378393285         2.4649654318        -0.0059838592
        3.6804011000         1.3403916554         2.4649654318         0.0605034650
        3.6853889000         1.3327346748         2.4649654318        -0.1389585076
        3.6903957000         1.3352870017         2.4649654318        -0.0724711834
        3.6954129000         1.3378393285         2.4649654318        -0.0059838592
        3.7003893000         1.3327346748         2.4547579220        -0.1389585076
        3.7053893000         1.3378393285         2.4649654318        -0.0059838592
        3.7105129000         1.3429439823         2.4700691867         0.1269907893
        3.7154865000         1.3429439823         2.4700691867         0.1269907893
        3.7203964000         1.3454963091         2.4700691867         0.1934781135
        3.7255136000         1.3352870017         2.4624135543        -0.0724711834
        3.7304020000         1.3378393285         2.4649654318        -0.0059838592
        3.7354849000         1.3378393285         2.4624135543        -0.0059838592
        3.7412508000         1.3378393285         2.4649654318        -0.0059838592
        3.7454563000         1.3378393285         2.4649654318        -0.0059838592
        3.7504253000         1.3454963091         2.4700691867         0.1934781135
        3.7554150000         1.3352870017         2.4649654318        -0.0724711834
        3.7604834000         1.3301823480         2.4598616769        -0.2054458319
        3.7654017000         1.3454963091         2.4700691867         0.1934781135
        3.7704828000         1.3506009628         2.4598616769         0.3264527620
        3.7753880000         1.3327346748         2.4573097994        -0.1389585076
        3.7804826000         1.3454963091         2.4675173092         0.1934781135
        3.7856626000         1.3352870017         2.4649654318        -0.0724711834
        3.7904054000         1.3301823480         2.4598616769        -0.2054458319
        3.7954801000         1.3454963091         2.4700691867         0.1934781135
        3.8003821000         1.3378393285         2.4649654318        -0.0059838592
        3.8054005000         1.3378393285         2.4624135543        -0.0059838592
        3.8103972000         1.3378393285         2.4649654318        -0.0059838592
        3.8154864000         1.3301823480         2.4598616769        -0.2054458319
        3.8204767000         1.3378393285         2.4649654318        -0.0059838592
        3.8254812000         1.3327346748         2.4573097994        -0.1389585076
        3.8303854000         1.3327346748         2.4598616769        -0.1389585076
        3.8354801000         1.3454963091         2.4700691867         0.1934781135
        3.8404827000         1.3454963091         2.4675173092         0.1934781135
        3.8457294000         1.3557056165         2.4649654318         0.4594274104
        3.8504945000         1.3378393285         2.4649654318        -0.0059838592
        3.8554833000         1.3327346748         2.4598616769        -0.1389585076
        3.8603933000         1.3301823480         2.4573097994        -0.2054458319
        3.8653947000         1.3352870017         2.4649654318        -0.0724711834
        3.8704847000         1.3454963091         2.4726210642         0.1934781135
        3.8753986000         1.3352870017         2.4700691867        -0.0724711834
        3.8804767000         1.3352870017         2.4649654318        -0.0724711834
        3.8854937000         1.3378393285         2.4649654318        -0.0059838592
        3.8904874000         1.3378393285         2.4649654318        -0.0059838592
        3.8954840000         1.3327346748         2.4598616769        -0.1389585076
        3.9004823000         1.3327346748         2.4598616769        -0.1389585076
        3.9054862000         1.3429439823         2.4700691867         0.1269907893
        3.9104832000         1.3429439823         2.4649654318         0.1269907893
        3.9154927000         1.3429439823         2.4649654318         0.1269907893
        3.9204866000         1.3454963091         2.4649654318         0.1934781135
        3.9254906000         1.3378393285         2.4649654318        -0.0059838592
        3.9304888000         1.3454963091         2.4675173092         0.1934781135
        3.9353954000         1.3378393285         2.4624135543        -0.0059838592
        3.9404991000         1.3378393285         2.4573097994        -0.0059838592
        3.9454786000         1.3378393285         2.4649654318        -0.0059838592
        3.9504088000         1.3429439823         2.4700691867         0.1269907893
        3.9554828000         1.3454963091         2.4649654318         0.1934781135
        3.9604820000         1.3378393285         2.4649654318        -0.0059838592
        3.9654814000         1.3403916554         2.4700691867         0.0605034650
        3.9704787000         1.3301823480         2.4573097994        -0.2054458319
        3.9753925000         1.3352870017         2.4649654318        -0.0724711834
        3.9803954000         1.3378393285         2.4649654318        -0.0059838592
        3.9853907000         1.3327346748         2.4598616769        -0.1389585076
        3.9904182000         1.3429439823         2.4726210642         0.1269907893
        3.9954986000         1.3327346748         2.4573097994        -0.1389585076
        4.0004766000         1.3378393285         2.4649654318        -0.0059838592
        4.0054162000         1.3327346748         2.4573097994        -0.1389585076
        4.0104879000         1.3327346748         2.4573097994        -0.1389585076
        4.0154780000         1.3352870017         2.4624135543        -0.0724711834
        4.0204822000         1.3378393285         2.4649654318        -0.0059838592
        4.0254798000         1.3352870017         2.4649654318        -0.0724711834
        4.0304855000         1.3378393285         2.4649654318        -0.0059838592
        4.0355729000         1.3429439823         2.4700691867         0.1269907893
        4.0406233000         1.3301823480         2.4598616769        -0.2054458319
        4.0454742000         1.3429439823         2.4700691867         0.1269907893
        4.0503976000         1.3327346748         2.4598616769        -0.1389585076
        4.0553760000         1.3429439823         2.4726210642         0.1269907893
        4.0604945000         1.3327346748         2.4598616769        -0.1389585076
        4.0654716000         1.3301823480         2.4649654318        -0.2054458319
        4.0704824000         1.3327346748         2.4598616769        -0.1389585076
        4.0753924000         1.3327346748         2.4598616769        -0.1389585076
        4.0804781000         1.3378393285         2.4649654318        -0.0059838592
        4.0855607000         1.3352870017         2.4649654318        -0.0724711834
        4.0903957000         1.3429439823         2.4726210642         0.1269907893
        4.0954816000         1.3327346748         2.4573097994        -0.1389585076
        4.1004805000         1.3378393285         2.4598616769        -0.0059838592
        4.1053895000         1.3378393285         2.4598616769        -0.0059838592
        4.1104751000         1.3378393285         2.4624135543        -0.0059838592
        4.1153885000         1.3378393285         2.4649654318        -0.0059838592
        4.1203970000         1.3454963091         2.4726210642         0.1934781135
        4.1254747000         1.3378393285         2.4649654318        -0.0059838592
        4.1304830000         1.3378393285         2.4649654318        -0.0059838592
        4.1354000000         1.3429439823         2.4700691867         0.1269907893
        4.1404831000         1.3327346748         2.4598616769        -0.1389585076
        4.1453838000         1.3352870017         2.4649654318        -0.0724711834
        4.1504871000         1.3352870017         2.4624135543        -0.0724711834
        4.1554786000         1.3378393285         2.4649654318        -0.0059838592
        4.1604037000         1.3403916554         2.4675173092         0.0605034650
        4.1653938000         1.3378393285         2.4649654318        -0.0059838592
        4.1705025000         1.3429439823         2.4700691867         0.1269907893
        4.1754754000         1.3378393285         2.4649654318        -0.0059838592
        4.1803773000         1.3378393285         2.4649654318        -0.0059838592
        4.1853901000         1.3378393285         2.4649654318        -0.0059838592
        4.1904125000         1.3352870017         2.4649654318        -0.0724711834
        4.1954776000         1.3378393285         2.4649654318        -0.0059838592
        4.2005194000         1.3378393285         2.4649654318        -0.0059838592
        4.2054803000         1.3352870017         2.4649654318        -0.0724711834
        4.2104690000         1.3301823480         2.4649654318        -0.2054458319
        4.2154744000         1.3378393285         2.4675173092        -0.0059838592
        4.2204707000         1.3429439823         2.4726210642         0.1269907893
        4.2253761000         1.3378393285         2.4624135543        -0.0059838592
        4.2303836000         1.3531532897         2.4649654318         0.3929400862
        4.2354787000         1.3352870017         2.4598616769        -0.0724711834
        4.2404791000         1.3378393285         2.4675173092        -0.0059838592
        4.2454728000         1.3352870017         2.4649654318        -0.0724711834
        4.2503882000         1.3378393285         2.4649654318        -0.0059838592
        4.2554740000         1.3327346748         2.4598616769        -0.1389585076
        4.2603844000         1.3378393285         2.4649654318        -0.0059838592
        4.2653938000         1.3378393285         2.4700691867        -0.0059838592
        4.2704721000         1.3301823480         2.4598616769        -0.2054458319
        4.2754846000         1.3327346748         2.4598616769        -0.1389585076
        4.2804682000         1.3327346748         2.4598616769        -0.1389585076
        4.2854773000         1.3327346748         2.4598616769        -0.1389585076
        4.2903844000         1.3327346748         2.4649654318        -0.1389585076
        4.2954788000         1.3352870017         2.4649654318        -0.0724711834
        4.3003797000         1.3608102703         2.4700691867         0.5924020589
        4.3053950000         1.3429439823         2.4726210642         0.1269907893
        4.3104785000         1.3378393285         2.4726210642        -0.0059838592
        4.3154773000         1.3378393285         2.4649654318        -0.0059838592
        4.3204745000         1.3378393285         2.4649654318        -0.0059838592
        4.3254826000         1.3327346748         2.4598616769        -0.1389585076
        4.3303857000         1.3327346748         2.4598616769        -0.1389585076
        4.3353898000         1.3378393285         2.4649654318        -0.0059838592
        4.3403753000         1.3378393285         2.4649654318        -0.0059838592
        4.3454784000         1.3403916554         2.4649654318         0.0605034650
        4.3504689000         1.3378393285         2.4649654318        -0.0059838592
        4.3553762000         1.3378393285         2.4649654318        -0.0059838592
        4.3603865000         1.3327346748         2.4598616769        -0.1389585076
        4.3655116000         1.3454963091         2.4700691867         0.1934781135
        4.3704847000         1.3429439823         2.4649654318         0.1269907893
        4.3754731000         1.3429439823         2.4700691867         0.1269907893
        4.3804737000         1.3352870017         2.4649654318        -0.0724711834
        4.3854146000         1.3327346748         2.4598616769        -0.1389585076
        4.3904980000         1.3378393285         2.4675173092        -0.0059838592
        4.3955023000         1.3429439823         2.4700691867         0.1269907893
        4.4004715000         1.3378393285         2.4649654318        -0.0059838592
        4.4053867000         1.3454963091         2.4726210642         0.1934781135
        4.4104777000         1.3378393285         2.4649654318        -0.0059838592
        4.4153781000         1.3378393285         2.4649654318        -0.0059838592
        4.4204809000         1.3301823480         2.4598616769        -0.2054458319
        4.4254670000         1.3454963091         2.4700691867         0.1934781135
        4.4303858000         1.3378393285         2.4649654318        -0.0059838592
        4.4354666000         1.3403916554         2.4598616769         0.0605034650
        4.4403756000         1.3429439823         2.4624135543         0.1269907893
        4.4454711000         1.3327346748         2.4573097994        -0.1389585076
        4.4504696000         1.3378393285         2.4649654318        -0.0059838592
        4.4553809000         1.3378393285         2.4624135543        -0.0059838592
        4.4605505000         1.3378393285         2.4649654318        -0.0059838592
        4.4654722000         1.3301823480         2.4573097994        -0.2054458319
        4.4704723000         1.3378393285         2.4649654318        -0.0059838592
        4.4754754000         1.3378393285         2.4649654318        -0.0059838592
        4.4804744000         1.3403916554         2.4700691867         0.0605034650
        4.4854687000         1.3454963091         2.4726210642         0.1934781135
        4.4904699000         1.3378393285         2.4649654318        -0.0059838592
        4.4954736000         1.3378393285         2.4649654318        -0.0059838592
        4.5003810000         1.3454963091         2.4700691867         0.1934781135
        4.5053848000         1.3327346748         2.4598616769        -0.1389585076
        4.5104710000         1.3429439823         2.4700691867         0.1269907893
        4.5154680000         1.3378393285         2.4649654318        -0.0059838592
        4.5204768000         1.3352870017         2.4649654318        -0.0724711834
        4.5254678000         1.3378393285         2.4649654318        -0.0059838592
        4.5303902000         1.3429439823         2.4726210642         0.1269907893
        4.5354677000         1.3378393285         2.4649654318        -0.0059838592
        4.5404829000         1.3327346748         2.4598616769        -0.1389585076
        4.5454739000         1.3403916554         2.4649654318         0.0605034650
        4.5503978000         1.3378393285         2.4649654318        -0.0059838592
        4.5554955000         1.3378393285         2.4649654318        -0.0059838592
        4.5604061000         1.3378393285         2.4573097994        -0.0059838592
        4.5654679000         1.3378393285         2.4649654318        -0.0059838592
        4.5705116000         1.3429439823         2.4726210642         0.1269907893
        4.5754674000         1.3429439823         2.4700691867         0.1269907893
        4.5804926000         1.3378393285         2.4649654318        -0.0059838592
        4.5853785000         1.3352870017         2.4649654318        -0.0724711834
        4.5904117000         1.3301823480         2.4573097994        -0.2054458319
        4.5955181000         1.3429439823         2.4649654318         0.1269907893
        4.6004234000         1.3429439823         2.4700691867         0.1269907893
        4.6054052000         1.3327346748         2.4573097994        -0.1389585076
        4.6104923000         1.3429439823         2.4700691867         0.1269907893
        4.6155022000         1.3301823480         2.4598616769        -0.2054458319
        4.6205366000         1.3506009628         2.4573097994         0.3264527620
        4.6254744000         1.3378393285         2.4649654318        -0.0059838592
        4.6304929000         1.3327346748         2.4598616769        -0.1389585076
        4.6355408000         1.3378393285         2.4649654318        -0.0059838592
        4.6405011000         1.3352870017         2.4649654318        -0.0724711834
        4.6453893000         1.3378393285         2.4649654318        -0.0059838592
        4.6504947000         1.3429439823         2.4700691867         0.1269907893
        4.6554947000         1.3378393285         2.4649654318        -0.0059838592
        4.6604617000         1.3378393285         2.4649654318        -0.0059838592
        4.6654719000         1.3378393285         2.4649654318        -0.0059838592
        4.6704652000         1.3352870017         2.4624135543        -0.0724711834
        4.6754666000         1.3378393285         2.4649654318        -0.0059838592
        4.6804644000         1.3301823480         2.4598616769        -0.2054458319
        4.6854742000         1.3378393285         2.4649654318        -0.0059838592
        4.6903842000         1.3429439823         2.4649654318         0.1269907893
        4.6955547000         1.3352870017         2.4624135543        -0.0724711834
        4.7004693000         1.3352870017         2.4649654318        -0.0724711834
        4.7055838000         1.3327346748         2.4649654318        -0.1389585076
        4.7104724000         1.3327346748         2.4598616769        -0.1389585076
        4.7154647000         1.3378393285         2.4573097994        -0.0059838592
        4.7204654000         1.3378393285         2.4649654318        -0.0059838592
        4.7255483000         1.3378393285         2.4649654318        -0.0059838592
        4.7303853000         1.3506009628         2.4573097994         0.3264527620
        4.7354644000         1.3378393285         2.4649654318        -0.0059838592
        4.7404647000         1.3429439823         2.4700691867         0.1269907893
        4.7454858000         1.3429439823         2.4700691867         0.1269907893
        4.7504931000         1.3378393285         2.4649654318        -0.0059838592
        4.7555481000         1.3327346748         2.4573097994        -0.1389585076
        4.7604108000         1.3327346748         2.4598616769        -0.1389585076
        4.7654946000         1.3378393285         2.4649654318        -0.0059838592
        4.7705025000         1.3429439823         2.4700691867         0.1269907893
        4.7754940000         1.3454963091         2.4726210642         0.1934781135
        4.7804663000         1.3378393285         2.4649654318        -0.0059838592
        4.7856365000         1.3327346748         2.4598616769        -0.1389585076
        4.7904799000         1.3378393285         2.4649654318        -0.0059838592
        4.7954639000         1.3454963091         2.4700691867         0.1934781135
        4.8003769000         1.3327346748         2.4649654318        -0.1389585076
        4.8054653000         1.3378393285         2.4649654318        -0.0059838592
        4.8104634000         1.3403916554         2.4700691867         0.0605034650
        4.8153758000         1.3454963091         2.4700691867         0.1934781135
        4.8206022000         1.3378393285         2.4649654318        -0.0059838592
        4.8254739000         1.3352870017         2.4649654318        -0.0724711834
        4.8304670000         1.3327346748         2.4573097994        -0.1389585076
        4.8354683000         1.3301823480         2.4598616769        -0.2054458319
        4.8404658000         1.3378393285         2.4649654318        -0.0059838592
        4.8454690000         1.3352870017         2.4624135543        -0.0724711834
        4.8506662000         1.3429439823         2.4726210642         0.1269907893
        4.8554644000         1.3378393285         2.4649654318        -0.0059838592
        4.8603843000         1.3378393285         2.4624135543        -0.0059838592
        4.8654653000         1.3327346748         2.4598616769        -0.1389585076
        4.8704714000         1.3352870017         2.4649654318        -0.0724711834
        4.8755372000         1.3429439823         2.4700691867         0.1269907893
        4.8804809000         1.3429439823         2.4726210642         0.1269907893
        4.8854935000         1.3352870017         2.4649654318        -0.0724711834
        4.8904939000         1.3327346748         2.4598616769        -0.1389585076
        4.8954936000         1.3429439823         2.4726210642         0.1269907893
        4.9004083000         1.3378393285         2.4649654318        -0.0059838592
        4.9055483000         1.3378393285         2.4649654318        -0.0059838592
        4.9104882000         1.3378393285         2.4700691867        -0.0059838592
        4.9154955000         1.3378393285         2.4649654318        -0.0059838592
        4.9204871000         1.3378393285         2.4649654318        -0.0059838592
        4.9255607000         1.3429439823         2.4726210642         0.1269907893
        4.9305557000         1.3378393285         2.4624135543        -0.0059838592
        4.9354896000         1.3378393285         2.4649654318        -0.0059838592
        4.9404930000         1.3403916554         2.4649654318         0.0605034650
        4.9454653000         1.3378393285         2.4649654318        -0.0059838592
        4.9504922000         1.3378393285         2.4649654318        -0.0059838592
        4.9555690000         1.3352870017         2.4649654318        -0.0724711834
        4.9604069000         1.3327346748         2.4598616769        -0.1389585076
        4.9654640000         1.3378393285         2.4649654318        -0.0059838592
        4.9704952000         1.3378393285         2.4700691867        -0.0059838592
        4.9754687000         1.3327346748         2.4624135543        -0.1389585076
        4.9804884000         1.3378393285         2.4598616769        -0.0059838592
        4.9854646000         1.3454963091         2.4700691867         0.1934781135
        4.9905814000         1.3352870017         2.4649654318        -0.0724711834
        4.9954674000         1.3378393285         2.4649654318        -0.0059838592
        5.0004890000         1.3352870017         2.4649654318        -0.0724711834
