% Potentiometer Recording  5.0 s
% Vg_offset=1.338069V  K_gimbal=26.049690
% Fs=200 Hz  samples=1001

Time[s]              Vg[V]                Pot[V]               Omega[rad/s]        
        0.0006018000         1.3454963091         2.3782015982         0.1934781135
        0.0054350000         1.3429439823         2.3807534756         0.1269907893
        0.0103943000         1.3327346748         2.3654422109        -0.1389585076
        0.0153871000         1.3352870017         2.3756497207        -0.0724711834
        0.0203909000         1.3352870017         2.3730978433        -0.0724711834
        0.0254064000         1.3378393285         2.3705459658        -0.0059838592
        0.0304039000         1.3378393285         2.3730978433        -0.0059838592
        0.0353864000         1.3378393285         2.3730978433        -0.0059838592
        0.0404269000         1.3378393285         2.3730978433        -0.0059838592
        0.0454155000         1.3352870017         2.3730978433        -0.0724711834
        0.0504574000         1.3429439823         2.3782015982         0.1269907893
        0.0553997000         1.3327346748         2.3654422109        -0.1389585076
        0.0603967000         1.3378393285         2.3705459658        -0.0059838592
        0.0654403000         1.3403916554         2.3730978433         0.0605034650
        0.0704035000         1.3378393285         2.3730978433        -0.0059838592
        0.0754033000         1.3403916554         2.3730978433         0.0605034650
        0.0804295000         1.3301823480         2.3679940883        -0.2054458319
        0.0854314000         1.3429439823         2.3782015982         0.1269907893
        0.0904337000         1.3352870017         2.3730978433        -0.0724711834
        0.0954463000         1.3454963091         2.3807534756         0.1934781135
        0.1004298000         1.3506009628         2.3730978433         0.3264527620
        0.1054157000         1.3301823480         2.3679940883        -0.2054458319
        0.1104157000         1.3429439823         2.3782015982         0.1269907893
        0.1154269000         1.3327346748         2.3730978433        -0.1389585076
        0.1204971000         1.3301823480         2.3654422109        -0.2054458319
        0.1254257000         1.3378393285         2.3730978433        -0.0059838592
        0.1304301000         1.3378393285         2.3730978433        -0.0059838592
        0.1354127000         1.3301823480         2.3679940883        -0.2054458319
        0.1404284000         1.3454963091         2.3756497207         0.1934781135
        0.1454545000         1.3327346748         2.3654422109        -0.1389585076
        0.1504522000         1.3429439823         2.3782015982         0.1269907893
        0.1554234000         1.3352870017         2.3705459658        -0.0724711834
        0.1604296000         1.3301823480         2.3679940883        -0.2054458319
        0.1654144000         1.3608102703         2.3782015982         0.5924020589
        0.1704642000         1.3301823480         2.3679940883        -0.2054458319
        0.1754184000         1.3327346748         2.3679940883        -0.1389585076
        0.1804143000         1.3378393285         2.3730978433        -0.0059838592
        0.1854206000         1.3352870017         2.3679940883        -0.0724711834
        0.1904286000         1.3378393285         2.3705459658        -0.0059838592
        0.1958343000         1.3454963091         2.3807534756         0.1934781135
        0.2004771000         1.3378393285         2.3730978433        -0.0059838592
        0.2054147000         1.3378393285         2.3782015982        -0.0059838592
        0.2104529000         1.3301823480         2.3679940883        -0.2054458319
        0.2154134000         1.3378393285         2.3730978433        -0.0059838592
        0.2204186000         1.3352870017         2.3730978433        -0.0724711834
        0.2254191000         1.3352870017         2.3730978433        -0.0724711834
        0.2304030000         1.3429439823         2.3807534756         0.1269907893
        0.2354031000         1.3403916554         2.3730978433         0.0605034650
        0.2404618000         1.3378393285         2.3730978433        -0.0059838592
        0.2454231000         1.3557056165         2.3782015982         0.4594274104
        0.2504304000         1.3301823480         2.3679940883        -0.2054458319
        0.2554238000         1.3378393285         2.3730978433        -0.0059838592
        0.2604170000         1.3352870017         2.3730978433        -0.0724711834
        0.2654171000         1.3378393285         2.3730978433        -0.0059838592
        0.2703964000         1.3429439823         2.3730978433         0.1269907893
        0.2754117000         1.3454963091         2.3782015982         0.1934781135
        0.2803920000         1.3429439823         2.3807534756         0.1269907893
        0.2854028000         1.3327346748         2.3679940883        -0.1389585076
        0.2904115000         1.3378393285         2.3705459658        -0.0059838592
        0.2953905000         1.3454963091         2.3807534756         0.1934781135
        0.3004035000         1.3327346748         2.3679940883        -0.1389585076
        0.3054277000         1.3454963091         2.3807534756         0.1934781135
        0.3104286000         1.3454963091         2.3730978433         0.1934781135
        0.3154375000         1.3352870017         2.3679940883        -0.0724711834
        0.3203797000         1.3327346748         2.3654422109        -0.1389585076
        0.3254220000         1.3454963091         2.3756497207         0.1934781135
        0.3304302000         1.3301823480         2.3679940883        -0.2054458319
        0.3354067000         1.3327346748         2.3654422109        -0.1389585076
        0.3404457000         1.3378393285         2.3730978433        -0.0059838592
        0.3454255000         1.3378393285         2.3730978433        -0.0059838592
        0.3504366000         1.3352870017         2.3782015982        -0.0724711834
        0.3554247000         1.3301823480         2.3705459658        -0.2054458319
        0.3604415000         1.3378393285         2.3730978433        -0.0059838592
        0.3654137000         1.3327346748         2.3679940883        -0.1389585076
        0.3704272000         1.3429439823         2.3782015982         0.1269907893
        0.3754081000         1.3480486360         2.3730978433         0.2599654377
        0.3804122000         1.3378393285         2.3730978433        -0.0059838592
        0.3854217000         1.3352870017         2.3807534756        -0.0724711834
        0.3904524000         1.3429439823         2.3730978433         0.1269907893
        0.3954141000         1.3454963091         2.3705459658         0.1934781135
        0.4003908000         1.3378393285         2.3730978433        -0.0059838592
        0.4054045000         1.3327346748         2.3730978433        -0.1389585076
        0.4103989000         1.3327346748         2.3654422109        -0.1389585076
        0.4153973000         1.3429439823         2.3782015982         0.1269907893
        0.4204102000         1.3301823480         2.3654422109        -0.2054458319
        0.4254072000         1.3352870017         2.3756497207        -0.0724711834
        0.4304162000         1.3454963091         2.3782015982         0.1934781135
        0.4354425000         1.3327346748         2.3654422109        -0.1389585076
        0.4404137000         1.3301823480         2.3654422109        -0.2054458319
        0.4453787000         1.3454963091         2.3654422109         0.1934781135
        0.4504544000         1.3454963091         2.3730978433         0.1934781135
        0.4554232000         1.3454963091         2.3730978433         0.1934781135
        0.4604278000         1.3403916554         2.3807534756         0.0605034650
        0.4654152000         1.3454963091         2.3782015982         0.1934781135
        0.4704242000         1.3327346748         2.3679940883        -0.1389585076
        0.4753780000         1.3378393285         2.3730978433        -0.0059838592
        0.4804119000         1.3378393285         2.3730978433        -0.0059838592
        0.4853927000         1.3352870017         2.3705459658        -0.0724711834
        0.4904009000         1.3352870017         2.3730978433        -0.0724711834
        0.4953883000         1.3301823480         2.3654422109        -0.2054458319
        0.5003980000         1.3429439823         2.3782015982         0.1269907893
        0.5053755000         1.3378393285         2.3782015982        -0.0059838592
        0.5104565000         1.3352870017         2.3730978433        -0.0724711834
        0.5154128000         1.3378393285         2.3756497207        -0.0059838592
        0.5204081000         1.3506009628         2.3730978433         0.3264527620
        0.5253880000         1.3531532897         2.3782015982         0.3929400862
        0.5304265000         1.3301823480         2.3654422109        -0.2054458319
        0.5353876000         1.3378393285         2.3730978433        -0.0059838592
        0.5403967000         1.3378393285         2.3730978433        -0.0059838592
        0.5454036000         1.3352870017         2.3730978433        -0.0724711834
        0.5503805000         1.3429439823         2.3782015982         0.1269907893
        0.5553946000         1.3327346748         2.3679940883        -0.1389585076
        0.5603993000         1.3429439823         2.3807534756         0.1269907893
        0.5653872000         1.3378393285         2.3730978433        -0.0059838592
        0.5703979000         1.3403916554         2.3730978433         0.0605034650
        0.5753934000         1.3454963091         2.3782015982         0.1934781135
        0.5804065000         1.3378393285         2.3654422109        -0.0059838592
        0.5853958000         1.3301823480         2.3679940883        -0.2054458319
        0.5903784000         1.3429439823         2.3654422109         0.1269907893
        0.5953850000         1.3608102703         2.3730978433         0.5924020589
        0.6003989000         1.3557056165         2.3730978433         0.4594274104
        0.6053803000         1.3327346748         2.3679940883        -0.1389585076
        0.6104558000         1.3352870017         2.3782015982        -0.0724711834
        0.6153991000         1.3454963091         2.3782015982         0.1934781135
        0.6203799000         1.3327346748         2.3654422109        -0.1389585076
        0.6253828000         1.3352870017         2.3730978433        -0.0724711834
        0.6304245000         1.3378393285         2.3730978433        -0.0059838592
        0.6353999000         1.3327346748         2.3654422109        -0.1389585076
        0.6403918000         1.3403916554         2.3730978433         0.0605034650
        0.6453935000         1.3327346748         2.3730978433        -0.1389585076
        0.6503881000         1.3327346748         2.3705459658        -0.1389585076
        0.6553959000         1.3378393285         2.3730978433        -0.0059838592
        0.6603980000         1.3378393285         2.3730978433        -0.0059838592
        0.6653828000         1.3454963091         2.3807534756         0.1934781135
        0.6703918000         1.3506009628         2.3705459658         0.3264527620
        0.6753739000         1.3352870017         2.3756497207        -0.0724711834
        0.6803937000         1.3429439823         2.3782015982         0.1269907893
        0.6853959000         1.3429439823         2.3807534756         0.1269907893
        0.6904082000         1.3378393285         2.3807534756        -0.0059838592
        0.6953854000         1.3454963091         2.3730978433         0.1934781135
        0.7003913000         1.3454963091         2.3782015982         0.1934781135
        0.7054027000         1.3429439823         2.3807534756         0.1269907893
        0.7103859000         1.3378393285         2.3730978433        -0.0059838592
        0.7153974000         1.3378393285         2.3730978433        -0.0059838592
        0.7204033000         1.3454963091         2.3782015982         0.1934781135
        0.7253885000         1.3352870017         2.3807534756        -0.0724711834
        0.7303971000         1.3378393285         2.3730978433        -0.0059838592
        0.7353843000         1.3327346748         2.3679940883        -0.1389585076
        0.7404385000         1.3378393285         2.3730978433        -0.0059838592
        0.7453979000         1.3531532897         2.3730978433         0.3929400862
        0.7503841000         1.3429439823         2.3782015982         0.1269907893
        0.7553982000         1.3327346748         2.3679940883        -0.1389585076
        0.7603994000         1.3454963091         2.3782015982         0.1934781135
        0.7653853000         1.3378393285         2.3730978433        -0.0059838592
        0.7704190000         1.3378393285         2.3730978433        -0.0059838592
        0.7753754000         1.3378393285         2.3730978433        -0.0059838592
        0.7804086000         1.3378393285         2.3730978433        -0.0059838592
        0.7853895000         1.3327346748         2.3654422109        -0.1389585076
        0.7903986000         1.3454963091         2.3782015982         0.1934781135
        0.7953868000         1.3378393285         2.3782015982        -0.0059838592
        0.8003927000         1.3301823480         2.3679940883        -0.2054458319
        0.8054062000         1.3429439823         2.3807534756         0.1269907893
        0.8104245000         1.3582579434         2.3730978433         0.5259147346
        0.8153998000         1.3352870017         2.3730978433        -0.0724711834
        0.8203965000         1.3454963091         2.3807534756         0.1934781135
        0.8253928000         1.3429439823         2.3782015982         0.1269907893
        0.8304042000         1.3327346748         2.3654422109        -0.1389585076
        0.8353787000         1.3378393285         2.3730978433        -0.0059838592
        0.8403850000         1.3352870017         2.3730978433        -0.0724711834
        0.8454011000         1.3378393285         2.3756497207        -0.0059838592
        0.8504025000         1.3378393285         2.3730978433        -0.0059838592
        0.8553868000         1.3378393285         2.3654422109        -0.0059838592
        0.8604010000         1.3454963091         2.3782015982         0.1934781135
        0.8654171000         1.3352870017         2.3730978433        -0.0724711834
        0.8704457000         1.3378393285         2.3654422109        -0.0059838592
        0.8754256000         1.3454963091         2.3782015982         0.1934781135
        0.8804529000         1.3327346748         2.3679940883        -0.1389585076
        0.8854564000         1.3301823480         2.3654422109        -0.2054458319
        0.8904312000         1.3454963091         2.3782015982         0.1934781135
        0.8954055000         1.3301823480         2.3679940883        -0.2054458319
        0.9003898000         1.3378393285         2.3679940883        -0.0059838592
        0.9054113000         1.3378393285         2.3730978433        -0.0059838592
        0.9103885000         1.3378393285         2.3730978433        -0.0059838592
        0.9154267000         1.3327346748         2.3654422109        -0.1389585076
        0.9203977000         1.3301823480         2.3654422109        -0.2054458319
        0.9253855000         1.3327346748         2.3679940883        -0.1389585076
        0.9303981000         1.3403916554         2.3730978433         0.0605034650
        0.9353853000         1.3429439823         2.3782015982         0.1269907893
        0.9403928000         1.3352870017         2.3730978433        -0.0724711834
        0.9453966000         1.3403916554         2.3730978433         0.0605034650
        0.9503884000         1.3352870017         2.3730978433        -0.0724711834
        0.9553863000         1.3327346748         2.3679940883        -0.1389585076
        0.9603852000         1.3378393285         2.3807534756        -0.0059838592
        0.9653851000         1.3378393285         2.3730978433        -0.0059838592
        0.9703926000         1.3378393285         2.3730978433        -0.0059838592
        0.9753733000         1.3454963091         2.3807534756         0.1934781135
        0.9804390000         1.3403916554         2.3756497207         0.0605034650
        0.9854173000         1.3378393285         2.3730978433        -0.0059838592
        0.9903944000         1.3327346748         2.3654422109        -0.1389585076
        0.9953856000         1.3352870017         2.3730978433        -0.0724711834
        1.0004147000         1.3378393285         2.3654422109        -0.0059838592
        1.0054444000         1.3352870017         2.3730978433        -0.0724711834
        1.0104172000         1.3378393285         2.3730978433        -0.0059838592
        1.0155474000         1.3301823480         2.3679940883        -0.2054458319
        1.0204037000         1.3429439823         2.3782015982         0.1269907893
        1.0253826000         1.3378393285         2.3730978433        -0.0059838592
        1.0304877000         1.3480486360         2.3730978433         0.2599654377
        1.0354048000         1.3378393285         2.3705459658        -0.0059838592
        1.0403904000         1.3327346748         2.3679940883        -0.1389585076
        1.0454009000         1.3429439823         2.3807534756         0.1269907893
        1.0504113000         1.3327346748         2.3679940883        -0.1389585076
        1.0553884000         1.3352870017         2.3730978433        -0.0724711834
        1.0603977000         1.3352870017         2.3730978433        -0.0724711834
        1.0653774000         1.3327346748         2.3730978433        -0.1389585076
        1.0704152000         1.3429439823         2.3730978433         0.1269907893
        1.0753983000         1.3352870017         2.3730978433        -0.0724711834
        1.0804067000         1.3454963091         2.3807534756         0.1934781135
        1.0853892000         1.3429439823         2.3807534756         0.1269907893
        1.0904023000         1.3301823480         2.3679940883        -0.2054458319
        1.0953907000         1.3327346748         2.3654422109        -0.1389585076
        1.1004436000         1.3352870017         2.3730978433        -0.0724711834
        1.1054052000         1.3276300211         2.3730978433        -0.2719331561
        1.1104064000         1.3327346748         2.3679940883        -0.1389585076
        1.1154093000         1.3352870017         2.3730978433        -0.0724711834
        1.1203743000         1.3378393285         2.3730978433        -0.0059838592
        1.1253814000         1.3301823480         2.3654422109        -0.2054458319
        1.1304003000         1.3429439823         2.3782015982         0.1269907893
        1.1353874000         1.3301823480         2.3705459658        -0.2054458319
        1.1406665000         1.3378393285         2.3730978433        -0.0059838592
        1.1454004000         1.3454963091         2.3782015982         0.1934781135
        1.1504062000         1.3352870017         2.3730978433        -0.0724711834
        1.1554151000         1.3301823480         2.3654422109        -0.2054458319
        1.1604109000         1.3352870017         2.3705459658        -0.0724711834
        1.1654071000         1.3378393285         2.3730978433        -0.0059838592
        1.1703878000         1.3301823480         2.3654422109        -0.2054458319
        1.1753995000         1.3454963091         2.3782015982         0.1934781135
        1.1803932000         1.3378393285         2.3730978433        -0.0059838592
        1.1854205000         1.3403916554         2.3654422109         0.0605034650
        1.1904029000         1.3378393285         2.3705459658        -0.0059838592
        1.1953873000         1.3429439823         2.3782015982         0.1269907893
        1.2003923000         1.3327346748         2.3730978433        -0.1389585076
        1.2053965000         1.3454963091         2.3782015982         0.1934781135
        1.2103896000         1.3352870017         2.3782015982        -0.0724711834
        1.2153885000         1.3327346748         2.3730978433        -0.1389585076
        1.2203865000         1.3378393285         2.3730978433        -0.0059838592
        1.2254059000         1.3429439823         2.3782015982         0.1269907893
        1.2304061000         1.3378393285         2.3782015982        -0.0059838592
        1.2354086000         1.3403916554         2.3730978433         0.0605034650
        1.2404228000         1.3378393285         2.3756497207        -0.0059838592
        1.2454275000         1.3480486360         2.3730978433         0.2599654377
        1.2504315000         1.3582579434         2.3807534756         0.5259147346
        1.2555008000         1.3352870017         2.3730978433        -0.0724711834
        1.2604046000         1.3403916554         2.3705459658         0.0605034650
        1.2654101000         1.3429439823         2.3782015982         0.1269907893
        1.2703944000         1.3378393285         2.3782015982        -0.0059838592
        1.2753716000         1.3429439823         2.3782015982         0.1269907893
        1.2803810000         1.3327346748         2.3654422109        -0.1389585076
        1.2853918000         1.3378393285         2.3730978433        -0.0059838592
        1.2903951000         1.3429439823         2.3782015982         0.1269907893
        1.2954036000         1.3301823480         2.3679940883        -0.2054458319
        1.3003889000         1.3378393285         2.3730978433        -0.0059838592
        1.3054016000         1.3429439823         2.3782015982         0.1269907893
        1.3104234000         1.3403916554         2.3730978433         0.0605034650
        1.3154209000         1.3378393285         2.3730978433        -0.0059838592
        1.3204045000         1.3429439823         2.3782015982         0.1269907893
        1.3253870000         1.3378393285         2.3730978433        -0.0059838592
        1.3303880000         1.3378393285         2.3705459658        -0.0059838592
        1.3353994000         1.3352870017         2.3730978433        -0.0724711834
        1.3403863000         1.3301823480         2.3628903334        -0.2054458319
        1.3453977000         1.3403916554         2.3782015982         0.0605034650
        1.3504034000         1.3378393285         2.3730978433        -0.0059838592
        1.3553880000         1.3301823480         2.3679940883        -0.2054458319
        1.3603992000         1.3454963091         2.3782015982         0.1934781135
        1.3654065000         1.3352870017         2.3730978433        -0.0724711834
        1.3703885000         1.3327346748         2.3679940883        -0.1389585076
        1.3753972000         1.3429439823         2.3782015982         0.1269907893
        1.3804051000         1.3301823480         2.3705459658        -0.2054458319
        1.3853852000         1.3301823480         2.3679940883        -0.2054458319
        1.3903933000         1.3429439823         2.3782015982         0.1269907893
        1.3953761000         1.3454963091         2.3782015982         0.1934781135
        1.4003928000         1.3327346748         2.3679940883        -0.1389585076
        1.4053987000         1.3429439823         2.3782015982         0.1269907893
        1.4104091000         1.3327346748         2.3654422109        -0.1389585076
        1.4153901000         1.3352870017         2.3730978433        -0.0724711834
        1.4204025000         1.3378393285         2.3730978433        -0.0059838592
        1.4254659000         1.3429439823         2.3782015982         0.1269907893
        1.4304074000         1.3378393285         2.3730978433        -0.0059838592
        1.4354191000         1.3403916554         2.3730978433         0.0605034650
        1.4404088000         1.3352870017         2.3730978433        -0.0724711834
        1.4453892000         1.3429439823         2.3807534756         0.1269907893
        1.4504056000         1.3378393285         2.3730978433        -0.0059838592
        1.4553852000         1.3531532897         2.3654422109         0.3929400862
        1.4603956000         1.3429439823         2.3756497207         0.1269907893
        1.4653754000         1.3378393285         2.3730978433        -0.0059838592
        1.4703904000         1.3378393285         2.3705459658        -0.0059838592
        1.4753908000         1.3327346748         2.3654422109        -0.1389585076
        1.4804003000         1.3429439823         2.3782015982         0.1269907893
        1.4853847000         1.3327346748         2.3654422109        -0.1389585076
        1.4903978000         1.3429439823         2.3807534756         0.1269907893
        1.4953848000         1.3327346748         2.3654422109        -0.1389585076
        1.5003934000         1.3429439823         2.3807534756         0.1269907893
        1.5053950000         1.3352870017         2.3679940883        -0.0724711834
        1.5104029000         1.3429439823         2.3782015982         0.1269907893
        1.5153844000         1.3378393285         2.3730978433        -0.0059838592
        1.5204062000         1.3378393285         2.3730978433        -0.0059838592
        1.5253875000         1.3608102703         2.3807534756         0.5924020589
        1.5303982000         1.3378393285         2.3730978433        -0.0059838592
        1.5354029000         1.3301823480         2.3679940883        -0.2054458319
        1.5403832000         1.3429439823         2.3730978433         0.1269907893
        1.5453971000         1.3403916554         2.3705459658         0.0605034650
        1.5504010000         1.3378393285         2.3730978433        -0.0059838592
        1.5554376000         1.3378393285         2.3730978433        -0.0059838592
        1.5604189000         1.3352870017         2.3705459658        -0.0724711834
        1.5654288000         1.3378393285         2.3730978433        -0.0059838592
        1.5704318000         1.3403916554         2.3705459658         0.0605034650
        1.5754175000         1.3301823480         2.3654422109        -0.2054458319
        1.5804125000         1.3429439823         2.3782015982         0.1269907893
        1.5854118000         1.3378393285         2.3730978433        -0.0059838592
        1.5903994000         1.3378393285         2.3730978433        -0.0059838592
        1.5953979000         1.3454963091         2.3807534756         0.1934781135
        1.6003890000         1.3378393285         2.3807534756        -0.0059838592
        1.6053976000         1.3301823480         2.3679940883        -0.2054458319
        1.6104714000         1.3378393285         2.3730978433        -0.0059838592
        1.6154452000         1.3352870017         2.3730978433        -0.0724711834
        1.6203955000         1.3327346748         2.3654422109        -0.1389585076
        1.6254061000         1.3403916554         2.3782015982         0.0605034650
        1.6303898000         1.3378393285         2.3730978433        -0.0059838592
        1.6354036000         1.3403916554         2.3654422109         0.0605034650
        1.6403848000         1.3301823480         2.3654422109        -0.2054458319
        1.6453972000         1.3454963091         2.3782015982         0.1934781135
        1.6503991000         1.3327346748         2.3654422109        -0.1389585076
        1.6554098000         1.3454963091         2.3807534756         0.1934781135
        1.6603889000         1.3378393285         2.3730978433        -0.0059838592
        1.6653786000         1.3352870017         2.3730978433        -0.0724711834
        1.6703876000         1.3327346748         2.3654422109        -0.1389585076
        1.6753969000         1.3378393285         2.3730978433        -0.0059838592
        1.6803973000         1.3378393285         2.3756497207        -0.0059838592
        1.6853832000         1.3378393285         2.3705459658        -0.0059838592
        1.6903860000         1.3429439823         2.3782015982         0.1269907893
        1.6954110000         1.3301823480         2.3679940883        -0.2054458319
        1.7003857000         1.3378393285         2.3730978433        -0.0059838592
        1.7053953000         1.3352870017         2.3705459658        -0.0724711834
        1.7104835000         1.3301823480         2.3654422109        -0.2054458319
        1.7154447000         1.3403916554         2.3730978433         0.0605034650
        1.7204176000         1.3557056165         2.3782015982         0.4594274104
        1.7253785000         1.3352870017         2.3730978433        -0.0724711834
        1.7303876000         1.3454963091         2.3782015982         0.1934781135
        1.7354000000         1.3301823480         2.3679940883        -0.2054458319
        1.7403859000         1.3378393285         2.3730978433        -0.0059838592
        1.7453886000         1.3454963091         2.3782015982         0.1934781135
        1.7503974000         1.3327346748         2.3679940883        -0.1389585076
        1.7553845000         1.3403916554         2.3756497207         0.0605034650
        1.7603886000         1.3378393285         2.3730978433        -0.0059838592
        1.7653975000         1.3403916554         2.3730978433         0.0605034650
        1.7703884000         1.3454963091         2.3782015982         0.1934781135
        1.7753886000         1.3454963091         2.3679940883         0.1934781135
        1.7804017000         1.3403916554         2.3705459658         0.0605034650
        1.7854231000         1.3429439823         2.3782015982         0.1269907893
        1.7903970000         1.3378393285         2.3705459658        -0.0059838592
        1.7954701000         1.3352870017         2.3730978433        -0.0724711834
        1.8004114000         1.3378393285         2.3730978433        -0.0059838592
        1.8054236000         1.3327346748         2.3654422109        -0.1389585076
        1.8104515000         1.3429439823         2.3782015982         0.1269907893
        1.8154537000         1.3429439823         2.3782015982         0.1269907893
        1.8204298000         1.3301823480         2.3654422109        -0.2054458319
        1.8254287000         1.3378393285         2.3730978433        -0.0059838592
        1.8304105000         1.3352870017         2.3730978433        -0.0724711834
        1.8353900000         1.3378393285         2.3730978433        -0.0059838592
        1.8403791000         1.3531532897         2.3730978433         0.3929400862
        1.8453856000         1.3327346748         2.3654422109        -0.1389585076
        1.8503979000         1.3352870017         2.3782015982        -0.0724711834
        1.8554407000         1.3378393285         2.3730978433        -0.0059838592
        1.8604109000         1.3378393285         2.3807534756        -0.0059838592
        1.8653962000         1.3352870017         2.3705459658        -0.0724711834
        1.8703835000         1.3327346748         2.3679940883        -0.1389585076
        1.8753846000         1.3429439823         2.3782015982         0.1269907893
        1.8803944000         1.3327346748         2.3679940883        -0.1389585076
        1.8854529000         1.3378393285         2.3730978433        -0.0059838592
        1.8903867000         1.3378393285         2.3705459658        -0.0059838592
        1.8954022000         1.3378393285         2.3730978433        -0.0059838592
        1.9003914000         1.3429439823         2.3782015982         0.1269907893
        1.9054131000         1.3327346748         2.3679940883        -0.1389585076
        1.9103969000         1.3429439823         2.3782015982         0.1269907893
        1.9153851000         1.3352870017         2.3730978433        -0.0724711834
        1.9203941000         1.3378393285         2.3730978433        -0.0059838592
        1.9253787000         1.3429439823         2.3782015982         0.1269907893
        1.9303912000         1.3327346748         2.3679940883        -0.1389585076
        1.9353954000         1.3429439823         2.3782015982         0.1269907893
        1.9403767000         1.3378393285         2.3730978433        -0.0059838592
        1.9453848000         1.3378393285         2.3730978433        -0.0059838592
        1.9503958000         1.3378393285         2.3730978433        -0.0059838592
        1.9553789000         1.3429439823         2.3807534756         0.1269907893
        1.9604276000         1.3301823480         2.3654422109        -0.2054458319
        1.9654196000         1.3454963091         2.3782015982         0.1934781135
        1.9706865000         1.3327346748         2.3628903334        -0.1389585076
        1.9754484000         1.3429439823         2.3807534756         0.1269907893
        1.9805073000         1.3378393285         2.3730978433        -0.0059838592
        1.9854484000         1.3378393285         2.3730978433        -0.0059838592
        1.9904455000         1.3378393285         2.3730978433        -0.0059838592
        1.9954001000         1.3301823480         2.3679940883        -0.2054458319
        2.0004978000         1.3403916554         2.3807534756         0.0605034650
        2.0054110000         1.3327346748         2.3654422109        -0.1389585076
        2.0103986000         1.3429439823         2.3807534756         0.1269907893
        2.0153879000         1.3301823480         2.3654422109        -0.2054458319
        2.0203939000         1.3403916554         2.3730978433         0.0605034650
        2.0253968000         1.3506009628         2.3807534756         0.3264527620
        2.0303825000         1.3301823480         2.3654422109        -0.2054458319
        2.0353969000         1.3378393285         2.3730978433        -0.0059838592
        2.0403958000         1.3378393285         2.3730978433        -0.0059838592
        2.0453844000         1.3429439823         2.3782015982         0.1269907893
        2.0503873000         1.3301823480         2.3679940883        -0.2054458319
        2.0553974000         1.3429439823         2.3807534756         0.1269907893
        2.0603877000         1.3378393285         2.3730978433        -0.0059838592
        2.0653930000         1.3429439823         2.3782015982         0.1269907893
        2.0703783000         1.3276300211         2.3654422109        -0.2719331561
        2.0754385000         1.3378393285         2.3705459658        -0.0059838592
        2.0803913000         1.3378393285         2.3756497207        -0.0059838592
        2.0854043000         1.3301823480         2.3679940883        -0.2054458319
        2.0903915000         1.3429439823         2.3782015982         0.1269907893
        2.0953962000         1.3352870017         2.3730978433        -0.0724711834
        2.1003772000         1.3454963091         2.3782015982         0.1934781135
        2.1053904000         1.3327346748         2.3679940883        -0.1389585076
        2.1103969000         1.3454963091         2.3782015982         0.1934781135
        2.1154555000         1.3454963091         2.3782015982         0.1934781135
        2.1205527000         1.3352870017         2.3730978433        -0.0724711834
        2.1253994000         1.3378393285         2.3705459658        -0.0059838592
        2.1304291000         1.3301823480         2.3654422109        -0.2054458319
        2.1354655000         1.3327346748         2.3679940883        -0.1389585076
        2.1404029000         1.3378393285         2.3782015982        -0.0059838592
        2.1453752000         1.3352870017         2.3756497207        -0.0724711834
        2.1503893000         1.3378393285         2.3730978433        -0.0059838592
        2.1553990000         1.3301823480         2.3654422109        -0.2054458319
        2.1603879000         1.3429439823         2.3807534756         0.1269907893
        2.1653862000         1.3327346748         2.3679940883        -0.1389585076
        2.1703967000         1.3403916554         2.3756497207         0.0605034650
        2.1753871000         1.3429439823         2.3807534756         0.1269907893
        2.1804526000         1.3429439823         2.3807534756         0.1269907893
        2.1854271000         1.3378393285         2.3730978433        -0.0059838592
        2.1907111000         1.3352870017         2.3730978433        -0.0724711834
        2.1954151000         1.3429439823         2.3782015982         0.1269907893
        2.2004188000         1.3378393285         2.3730978433        -0.0059838592
        2.2054099000         1.3403916554         2.3705459658         0.0605034650
        2.2103993000         1.3327346748         2.3730978433        -0.1389585076
        2.2154112000         1.3378393285         2.3730978433        -0.0059838592
        2.2206703000         1.3429439823         2.3782015982         0.1269907893
        2.2254569000         1.3454963091         2.3807534756         0.1934781135
        2.2304696000         1.3327346748         2.3654422109        -0.1389585076
        2.2354227000         1.3327346748         2.3679940883        -0.1389585076
        2.2404500000         1.3352870017         2.3730978433        -0.0724711834
        2.2455079000         1.3352870017         2.3730978433        -0.0724711834
        2.2506232000         1.3327346748         2.3679940883        -0.1389585076
        2.2554324000         1.3429439823         2.3807534756         0.1269907893
        2.2604059000         1.3301823480         2.3679940883        -0.2054458319
        2.2654161000         1.3378393285         2.3730978433        -0.0059838592
        2.2704053000         1.3378393285         2.3730978433        -0.0059838592
        2.2753868000         1.3301823480         2.3679940883        -0.2054458319
        2.2803943000         1.3429439823         2.3782015982         0.1269907893
        2.2854014000         1.3327346748         2.3654422109        -0.1389585076
        2.2905200000         1.3454963091         2.3782015982         0.1934781135
        2.2954161000         1.3301823480         2.3654422109        -0.2054458319
        2.3003980000         1.3378393285         2.3679940883        -0.0059838592
        2.3053837000         1.3327346748         2.3679940883        -0.1389585076
        2.3103964000         1.3429439823         2.3730978433         0.1269907893
        2.3154044000         1.3429439823         2.3833053531         0.1269907893
        2.3203879000         1.3403916554         2.3756497207         0.0605034650
        2.3253962000         1.3327346748         2.3679940883        -0.1389585076
        2.3303856000         1.3352870017         2.3679940883        -0.0724711834
        2.3353874000         1.3352870017         2.3730978433        -0.0724711834
        2.3403941000         1.3429439823         2.3782015982         0.1269907893
        2.3454074000         1.3378393285         2.3730978433        -0.0059838592
        2.3506468000         1.3378393285         2.3730978433        -0.0059838592
        2.3553998000         1.3429439823         2.3807534756         0.1269907893
        2.3604439000         1.3327346748         2.3654422109        -0.1389585076
        2.3653884000         1.3352870017         2.3730978433        -0.0724711834
        2.3704244000         1.3454963091         2.3807534756         0.1934781135
        2.3754290000         1.3327346748         2.3679940883        -0.1389585076
        2.3804185000         1.3378393285         2.3730978433        -0.0059838592
        2.3854235000         1.3378393285         2.3730978433        -0.0059838592
        2.3904183000         1.3403916554         2.3654422109         0.0605034650
        2.3953886000         1.3429439823         2.3782015982         0.1269907893
        2.4004023000         1.3378393285         2.3730978433        -0.0059838592
        2.4053912000         1.3352870017         2.3782015982        -0.0724711834
        2.4104169000         1.3301823480         2.3654422109        -0.2054458319
        2.4154266000         1.3327346748         2.3654422109        -0.1389585076
        2.4204700000         1.3352870017         2.3730978433        -0.0724711834
        2.4253980000         1.3327346748         2.3654422109        -0.1389585076
        2.4303857000         1.3429439823         2.3782015982         0.1269907893
        2.4356263000         1.3378393285         2.3756497207        -0.0059838592
        2.4403947000         1.3378393285         2.3730978433        -0.0059838592
        2.4454950000         1.3403916554         2.3705459658         0.0605034650
        2.4503872000         1.3378393285         2.3705459658        -0.0059838592
        2.4553953000         1.3378393285         2.3730978433        -0.0059838592
        2.4603789000         1.3352870017         2.3730978433        -0.0724711834
        2.4653861000         1.3327346748         2.3679940883        -0.1389585076
        2.4704009000         1.3352870017         2.3730978433        -0.0724711834
        2.4753837000         1.3378393285         2.3756497207        -0.0059838592
        2.4803919000         1.3403916554         2.3730978433         0.0605034650
        2.4853943000         1.3429439823         2.3782015982         0.1269907893
        2.4904082000         1.3301823480         2.3654422109        -0.2054458319
        2.4954365000         1.3403916554         2.3782015982         0.0605034650
        2.5004006000         1.3327346748         2.3679940883        -0.1389585076
        2.5053804000         1.3429439823         2.3807534756         0.1269907893
        2.5103899000         1.3403916554         2.3730978433         0.0605034650
        2.5153942000         1.3327346748         2.3679940883        -0.1389585076
        2.5204075000         1.3378393285         2.3730978433        -0.0059838592
        2.5253868000         1.3378393285         2.3730978433        -0.0059838592
        2.5304016000         1.3327346748         2.3654422109        -0.1389585076
        2.5354087000         1.3378393285         2.3730978433        -0.0059838592
        2.5404162000         1.3352870017         2.3730978433        -0.0724711834
        2.5454311000         1.3429439823         2.3807534756         0.1269907893
        2.5508079000         1.3301823480         2.3654422109        -0.2054458319
        2.5554614000         1.3429439823         2.3807534756         0.1269907893
        2.5604132000         1.3557056165         2.3705459658         0.4594274104
        2.5654204000         1.3352870017         2.3807534756        -0.0724711834
        2.5703924000         1.3378393285         2.3730978433        -0.0059838592
        2.5753810000         1.3378393285         2.3705459658        -0.0059838592
        2.5803889000         1.3454963091         2.3782015982         0.1934781135
        2.5853972000         1.3378393285         2.3730978433        -0.0059838592
        2.5904065000         1.3327346748         2.3679940883        -0.1389585076
        2.5953887000         1.3454963091         2.3782015982         0.1934781135
        2.6003727000         1.3327346748         2.3679940883        -0.1389585076
        2.6053875000         1.3352870017         2.3782015982        -0.0724711834
        2.6104721000         1.3327346748         2.3730978433        -0.1389585076
        2.6154235000         1.3352870017         2.3730978433        -0.0724711834
        2.6205846000         1.3378393285         2.3730978433        -0.0059838592
        2.6253990000         1.3403916554         2.3756497207         0.0605034650
        2.6304010000         1.3582579434         2.3730978433         0.5259147346
        2.6353878000         1.3327346748         2.3679940883        -0.1389585076
        2.6403960000         1.3378393285         2.3705459658        -0.0059838592
        2.6453957000         1.3429439823         2.3705459658         0.1269907893
        2.6504097000         1.3378393285         2.3705459658        -0.0059838592
        2.6556583000         1.3327346748         2.3654422109        -0.1389585076
        2.6603961000         1.3429439823         2.3782015982         0.1269907893
        2.6653871000         1.3327346748         2.3654422109        -0.1389585076
        2.6703903000         1.3454963091         2.3730978433         0.1934781135
        2.6753876000         1.3378393285         2.3730978433        -0.0059838592
        2.6803886000         1.3429439823         2.3807534756         0.1269907893
        2.6853973000         1.3378393285         2.3730978433        -0.0059838592
        2.6904138000         1.3301823480         2.3679940883        -0.2054458319
        2.6954841000         1.3454963091         2.3782015982         0.1934781135
        2.7004236000         1.3506009628         2.3679940883         0.3264527620
        2.7054386000         1.3506009628         2.3654422109         0.3264527620
        2.7104183000         1.3378393285         2.3730978433        -0.0059838592
        2.7154257000         1.3378393285         2.3730978433        -0.0059838592
        2.7204157000         1.3327346748         2.3654422109        -0.1389585076
        2.7254933000         1.3454963091         2.3782015982         0.1934781135
        2.7304256000         1.3378393285         2.3730978433        -0.0059838592
        2.7354372000         1.3378393285         2.3730978433        -0.0059838592
        2.7404198000         1.3352870017         2.3807534756        -0.0724711834
        2.7453983000         1.3327346748         2.3679940883        -0.1389585076
        2.7504148000         1.3454963091         2.3782015982         0.1934781135
        2.7560697000         1.3327346748         2.3679940883        -0.1389585076
        2.7604028000         1.3429439823         2.3807534756         0.1269907893
        2.7653964000         1.3352870017         2.3730978433        -0.0724711834
        2.7704275000         1.3608102703         2.3782015982         0.5924020589
        2.7754280000         1.3378393285         2.3730978433        -0.0059838592
        2.7804360000         1.3352870017         2.3730978433        -0.0724711834
        2.7854616000         1.3327346748         2.3679940883        -0.1389585076
        2.7904437000         1.3429439823         2.3807534756         0.1269907893
        2.7954354000         1.3327346748         2.3679940883        -0.1389585076
        2.8004212000         1.3301823480         2.3654422109        -0.2054458319
        2.8054397000         1.3327346748         2.3679940883        -0.1389585076
        2.8104116000         1.3429439823         2.3782015982         0.1269907893
        2.8153952000         1.3454963091         2.3807534756         0.1934781135
        2.8204130000         1.3378393285         2.3730978433        -0.0059838592
        2.8253854000         1.3378393285         2.3730978433        -0.0059838592
        2.8304010000         1.3327346748         2.3679940883        -0.1389585076
        2.8353843000         1.3352870017         2.3679940883        -0.0724711834
        2.8404383000         1.3557056165         2.3730978433         0.4594274104
        2.8453949000         1.3378393285         2.3730978433        -0.0059838592
        2.8503864000         1.3378393285         2.3730978433        -0.0059838592
        2.8554247000         1.3301823480         2.3654422109        -0.2054458319
        2.8605483000         1.3378393285         2.3730978433        -0.0059838592
        2.8654167000         1.3378393285         2.3730978433        -0.0059838592
        2.8703946000         1.3429439823         2.3782015982         0.1269907893
        2.8753757000         1.3454963091         2.3782015982         0.1934781135
        2.8803861000         1.3378393285         2.3730978433        -0.0059838592
        2.8853893000         1.3327346748         2.3654422109        -0.1389585076
        2.8903848000         1.3327346748         2.3679940883        -0.1389585076
        2.8953848000         1.3429439823         2.3705459658         0.1269907893
        2.9004036000         1.3378393285         2.3730978433        -0.0059838592
        2.9054087000         1.3378393285         2.3730978433        -0.0059838592
        2.9105525000         1.3378393285         2.3705459658        -0.0059838592
        2.9153969000         1.3429439823         2.3807534756         0.1269907893
        2.9204078000         1.3429439823         2.3807534756         0.1269907893
        2.9254128000         1.3378393285         2.3756497207        -0.0059838592
        2.9304201000         1.3327346748         2.3679940883        -0.1389585076
        2.9354339000         1.3352870017         2.3730978433        -0.0724711834
        2.9404203000         1.3378393285         2.3730978433        -0.0059838592
        2.9453941000         1.3378393285         2.3730978433        -0.0059838592
        2.9503756000         1.3378393285         2.3730978433        -0.0059838592
        2.9553861000         1.3352870017         2.3730978433        -0.0724711834
        2.9605298000         1.3429439823         2.3782015982         0.1269907893
        2.9653815000         1.3327346748         2.3679940883        -0.1389585076
        2.9703900000         1.3429439823         2.3807534756         0.1269907893
        2.9754008000         1.3301823480         2.3654422109        -0.2054458319
        2.9804026000         1.3378393285         2.3782015982        -0.0059838592
        2.9853967000         1.3506009628         2.3730978433         0.3264527620
        2.9903967000         1.3352870017         2.3730978433        -0.0724711834
        2.9954085000         1.3378393285         2.3730978433        -0.0059838592
        3.0003980000         1.3327346748         2.3679940883        -0.1389585076
        3.0053696000         1.3378393285         2.3730978433        -0.0059838592
        3.0104111000         1.3327346748         2.3654422109        -0.1389585076
        3.0154010000         1.3327346748         2.3679940883        -0.1389585076
        3.0204155000         1.3327346748         2.3654422109        -0.1389585076
        3.0253878000         1.3429439823         2.3782015982         0.1269907893
        3.0303788000         1.3378393285         2.3705459658        -0.0059838592
        3.0355431000         1.3429439823         2.3807534756         0.1269907893
        3.0404096000         1.3301823480         2.3679940883        -0.2054458319
        3.0454047000         1.3378393285         2.3705459658        -0.0059838592
        3.0504064000         1.3378393285         2.3730978433        -0.0059838592
        3.0555234000         1.3301823480         2.3654422109        -0.2054458319
        3.0604044000         1.3429439823         2.3807534756         0.1269907893
        3.0653856000         1.3454963091         2.3807534756         0.1934781135
        3.0703914000         1.3378393285         2.3730978433        -0.0059838592
        3.0753955000         1.3301823480         2.3654422109        -0.2054458319
        3.0804378000         1.3429439823         2.3782015982         0.1269907893
        3.0853953000         1.3378393285         2.3730978433        -0.0059838592
        3.0904006000         1.3378393285         2.3730978433        -0.0059838592
        3.0953824000         1.3327346748         2.3679940883        -0.1389585076
        3.1003877000         1.3454963091         2.3807534756         0.1934781135
        3.1053951000         1.3352870017         2.3730978433        -0.0724711834
        3.1103880000         1.3327346748         2.3654422109        -0.1389585076
        3.1154489000         1.3429439823         2.3807534756         0.1269907893
        3.1204051000         1.3327346748         2.3679940883        -0.1389585076
        3.1254160000         1.3352870017         2.3730978433        -0.0724711834
        3.1304195000         1.3327346748         2.3679940883        -0.1389585076
        3.1354012000         1.3352870017         2.3705459658        -0.0724711834
        3.1403883000         1.3454963091         2.3782015982         0.1934781135
        3.1453980000         1.3327346748         2.3654422109        -0.1389585076
        3.1503759000         1.3378393285         2.3730978433        -0.0059838592
        3.1553855000         1.3429439823         2.3705459658         0.1269907893
        3.1603976000         1.3506009628         2.3730978433         0.3264527620
        3.1653766000         1.3429439823         2.3782015982         0.1269907893
        3.1703911000         1.3327346748         2.3654422109        -0.1389585076
        3.1753995000         1.3429439823         2.3705459658         0.1269907893
        3.1804282000         1.3378393285         2.3730978433        -0.0059838592
        3.1854176000         1.3378393285         2.3730978433        -0.0059838592
        3.1903976000         1.3429439823         2.3807534756         0.1269907893
        3.1954043000         1.3378393285         2.3730978433        -0.0059838592
        3.2003948000         1.3327346748         2.3679940883        -0.1389585076
        3.2053780000         1.3429439823         2.3782015982         0.1269907893
        3.2104590000         1.3378393285         2.3730978433        -0.0059838592
        3.2154249000         1.3429439823         2.3782015982         0.1269907893
        3.2204066000         1.3301823480         2.3654422109        -0.2054458319
        3.2254367000         1.3378393285         2.3730978433        -0.0059838592
        3.2304233000         1.3480486360         2.3730978433         0.2599654377
        3.2353771000         1.3454963091         2.3756497207         0.1934781135
        3.2404970000         1.3429439823         2.3807534756         0.1269907893
        3.2454198000         1.3327346748         2.3654422109        -0.1389585076
        3.2504270000         1.3378393285         2.3730978433        -0.0059838592
        3.2554204000         1.3429439823         2.3782015982         0.1269907893
        3.2604221000         1.3327346748         2.3654422109        -0.1389585076
        3.2654116000         1.3403916554         2.3730978433         0.0605034650
        3.2705094000         1.3378393285         2.3730978433        -0.0059838592
        3.2754253000         1.3352870017         2.3705459658        -0.0724711834
        3.2804276000         1.3378393285         2.3730978433        -0.0059838592
        3.2853925000         1.3327346748         2.3679940883        -0.1389585076
        3.2903937000         1.3429439823         2.3756497207         0.1269907893
        3.2953932000         1.3327346748         2.3679940883        -0.1389585076
        3.3004135000         1.3301823480         2.3730978433        -0.2054458319
        3.3054059000         1.3352870017         2.3730978433        -0.0724711834
        3.3104545000         1.3378393285         2.3730978433        -0.0059838592
        3.3154215000         1.3352870017         2.3730978433        -0.0724711834
        3.3203822000         1.3352870017         2.3730978433        -0.0724711834
        3.3254088000         1.3454963091         2.3782015982         0.1934781135
        3.3304145000         1.3352870017         2.3730978433        -0.0724711834
        3.3354622000         1.3352870017         2.3730978433        -0.0724711834
        3.3404143000         1.3378393285         2.3730978433        -0.0059838592
        3.3454167000         1.3403916554         2.3654422109         0.0605034650
        3.3504170000         1.3378393285         2.3730978433        -0.0059838592
        3.3554132000         1.3352870017         2.3730978433        -0.0724711834
        3.3603975000         1.3327346748         2.3654422109        -0.1389585076
        3.3654375000         1.3454963091         2.3782015982         0.1934781135
        3.3704231000         1.3378393285         2.3730978433        -0.0059838592
        3.3754163000         1.3327346748         2.3679940883        -0.1389585076
        3.3804427000         1.3454963091         2.3705459658         0.1934781135
        3.3854440000         1.3352870017         2.3782015982        -0.0724711834
        3.3904457000         1.3352870017         2.3705459658        -0.0724711834
        3.3954456000         1.3429439823         2.3782015982         0.1269907893
        3.4004296000         1.3352870017         2.3705459658        -0.0724711834
        3.4054380000         1.3378393285         2.3756497207        -0.0059838592
        3.4104282000         1.3454963091         2.3756497207         0.1934781135
        3.4154418000         1.3378393285         2.3730978433        -0.0059838592
        3.4205128000         1.3429439823         2.3782015982         0.1269907893
        3.4254485000         1.3352870017         2.3782015982        -0.0724711834
        3.4304612000         1.3378393285         2.3730978433        -0.0059838592
        3.4354429000         1.3327346748         2.3679940883        -0.1389585076
        3.4404648000         1.3378393285         2.3756497207        -0.0059838592
        3.4454844000         1.3429439823         2.3807534756         0.1269907893
        3.4504008000         1.3327346748         2.3679940883        -0.1389585076
        3.4554013000         1.3378393285         2.3705459658        -0.0059838592
        3.4603916000         1.3301823480         2.3654422109        -0.2054458319
        3.4654023000         1.3378393285         2.3730978433        -0.0059838592
        3.4703886000         1.3429439823         2.3807534756         0.1269907893
        3.4753854000         1.3378393285         2.3730978433        -0.0059838592
        3.4803963000         1.3327346748         2.3679940883        -0.1389585076
        3.4853902000         1.3301823480         2.3654422109        -0.2054458319
        3.4903992000         1.3429439823         2.3782015982         0.1269907893
        3.4953963000         1.3327346748         2.3679940883        -0.1389585076
        3.5004020000         1.3301823480         2.3654422109        -0.2054458319
        3.5053976000         1.3429439823         2.3807534756         0.1269907893
        3.5104015000         1.3378393285         2.3730978433        -0.0059838592
        3.5153877000         1.3352870017         2.3705459658        -0.0724711834
        3.5203917000         1.3301823480         2.3654422109        -0.2054458319
        3.5253775000         1.3378393285         2.3730978433        -0.0059838592
        3.5304079000         1.3403916554         2.3730978433         0.0605034650
        3.5353978000         1.3378393285         2.3679940883        -0.0059838592
        3.5403892000         1.3378393285         2.3730978433        -0.0059838592
        3.5453934000         1.3378393285         2.3730978433        -0.0059838592
        3.5504019000         1.3352870017         2.3705459658        -0.0724711834
        3.5553830000         1.3454963091         2.3807534756         0.1934781135
        3.5604677000         1.3301823480         2.3730978433        -0.2054458319
        3.5653966000         1.3378393285         2.3654422109        -0.0059838592
        3.5704317000         1.3429439823         2.3807534756         0.1269907893
        3.5753928000         1.3378393285         2.3807534756        -0.0059838592
        3.5804262000         1.3301823480         2.3654422109        -0.2054458319
        3.5853858000         1.3352870017         2.3730978433        -0.0724711834
        3.5904118000         1.3378393285         2.3730978433        -0.0059838592
        3.5954461000         1.3301823480         2.3654422109        -0.2054458319
        3.6004435000         1.3378393285         2.3730978433        -0.0059838592
        3.6054247000         1.3352870017         2.3730978433        -0.0724711834
        3.6104038000         1.3352870017         2.3654422109        -0.0724711834
        3.6154196000         1.3327346748         2.3679940883        -0.1389585076
        3.6205279000         1.3378393285         2.3730978433        -0.0059838592
        3.6254010000         1.3378393285         2.3679940883        -0.0059838592
        3.6303870000         1.3378393285         2.3654422109        -0.0059838592
        3.6353934000         1.3378393285         2.3730978433        -0.0059838592
        3.6403776000         1.3454963091         2.3730978433         0.1934781135
        3.6453851000         1.3352870017         2.3730978433        -0.0724711834
        3.6503940000         1.3454963091         2.3807534756         0.1934781135
        3.6553853000         1.3352870017         2.3730978433        -0.0724711834
        3.6603830000         1.3429439823         2.3782015982         0.1269907893
        3.6653947000         1.3327346748         2.3679940883        -0.1389585076
        3.6703781000         1.3454963091         2.3807534756         0.1934781135
        3.6753865000         1.3378393285         2.3654422109        -0.0059838592
        3.6804099000         1.3352870017         2.3782015982        -0.0724711834
        3.6853853000         1.3378393285         2.3730978433        -0.0059838592
        3.6903960000         1.3378393285         2.3730978433        -0.0059838592
        3.6954063000         1.3429439823         2.3654422109         0.1269907893
        3.7003836000         1.3352870017         2.3730978433        -0.0724711834
        3.7053963000         1.3378393285         2.3654422109        -0.0059838592
        3.7103735000         1.3301823480         2.3654422109        -0.2054458319
        3.7153872000         1.3429439823         2.3782015982         0.1269907893
        3.7203911000         1.3327346748         2.3730978433        -0.1389585076
        3.7253801000         1.3327346748         2.3705459658        -0.1389585076
        3.7304171000         1.3327346748         2.3654422109        -0.1389585076
        3.7354297000         1.3378393285         2.3730978433        -0.0059838592
        3.7404234000         1.3429439823         2.3782015982         0.1269907893
        3.7455055000         1.3429439823         2.3782015982         0.1269907893
        3.7505064000         1.3327346748         2.3730978433        -0.1389585076
        3.7554186000         1.3378393285         2.3705459658        -0.0059838592
        3.7604389000         1.3429439823         2.3782015982         0.1269907893
        3.7654211000         1.3378393285         2.3730978433        -0.0059838592
        3.7704285000         1.3403916554         2.3730978433         0.0605034650
        3.7755137000         1.3327346748         2.3679940883        -0.1389585076
        3.7804264000         1.3378393285         2.3730978433        -0.0059838592
        3.7854042000         1.3429439823         2.3807534756         0.1269907893
        3.7904175000         1.3327346748         2.3654422109        -0.1389585076
        3.7954222000         1.3378393285         2.3730978433        -0.0059838592
        3.8003812000         1.3378393285         2.3730978433        -0.0059838592
        3.8054262000         1.3301823480         2.3705459658        -0.2054458319
        3.8105245000         1.3352870017         2.3705459658        -0.0724711834
        3.8154118000         1.3429439823         2.3782015982         0.1269907893
        3.8204247000         1.3327346748         2.3654422109        -0.1389585076
        3.8254194000         1.3429439823         2.3807534756         0.1269907893
        3.8303894000         1.3403916554         2.3705459658         0.0605034650
        3.8353906000         1.3454963091         2.3782015982         0.1934781135
        3.8403987000         1.3582579434         2.3730978433         0.5259147346
        3.8454151000         1.3403916554         2.3730978433         0.0605034650
        3.8503964000         1.3454963091         2.3782015982         0.1934781135
        3.8553999000         1.3327346748         2.3679940883        -0.1389585076
        3.8604081000         1.3429439823         2.3782015982         0.1269907893
        3.8654179000         1.3378393285         2.3730978433        -0.0059838592
        3.8704392000         1.3327346748         2.3654422109        -0.1389585076
        3.8754043000         1.3429439823         2.3807534756         0.1269907893
        3.8804197000         1.3378393285         2.3730978433        -0.0059838592
        3.8854067000         1.3301823480         2.3654422109        -0.2054458319
        3.8907231000         1.3454963091         2.3782015982         0.1934781135
        3.8954098000         1.3301823480         2.3679940883        -0.2054458319
        3.9004094000         1.3429439823         2.3782015982         0.1269907893
        3.9054093000         1.3378393285         2.3654422109        -0.0059838592
        3.9103968000         1.3352870017         2.3730978433        -0.0724711834
        3.9153885000         1.3403916554         2.3807534756         0.0605034650
        3.9203873000         1.3327346748         2.3654422109        -0.1389585076
        3.9254007000         1.3352870017         2.3782015982        -0.0724711834
        3.9304454000         1.3327346748         2.3730978433        -0.1389585076
        3.9353944000         1.3429439823         2.3807534756         0.1269907893
        3.9404286000         1.3378393285         2.3730978433        -0.0059838592
        3.9453885000         1.3378393285         2.3730978433        -0.0059838592
        3.9504055000         1.3378393285         2.3730978433        -0.0059838592
        3.9554062000         1.3352870017         2.3730978433        -0.0724711834
        3.9603908000         1.3403916554         2.3807534756         0.0605034650
        3.9653944000         1.3327346748         2.3679940883        -0.1389585076
        3.9703796000         1.3378393285         2.3730978433        -0.0059838592
        3.9753952000         1.3327346748         2.3654422109        -0.1389585076
        3.9804100000         1.3429439823         2.3782015982         0.1269907893
        3.9853873000         1.3352870017         2.3730978433        -0.0724711834
        3.9904997000         1.3429439823         2.3807534756         0.1269907893
        3.9954010000         1.3378393285         2.3730978433        -0.0059838592
        4.0004089000         1.3378393285         2.3730978433        -0.0059838592
        4.0054457000         1.3378393285         2.3730978433        -0.0059838592
        4.0104480000         1.3301823480         2.3654422109        -0.2054458319
        4.0154655000         1.3378393285         2.3705459658        -0.0059838592
        4.0204471000         1.3378393285         2.3730978433        -0.0059838592
        4.0254492000         1.3301823480         2.3654422109        -0.2054458319
        4.0304405000         1.3352870017         2.3730978433        -0.0724711834
        4.0353866000         1.3301823480         2.3679940883        -0.2054458319
        4.0404022000         1.3378393285         2.3730978433        -0.0059838592
        4.0453922000         1.3378393285         2.3730978433        -0.0059838592
        4.0503892000         1.3378393285         2.3730978433        -0.0059838592
        4.0554941000         1.3403916554         2.3654422109         0.0605034650
        4.0604053000         1.3301823480         2.3730978433        -0.2054458319
        4.0654016000         1.3378393285         2.3730978433        -0.0059838592
        4.0704239000         1.3378393285         2.3730978433        -0.0059838592
        4.0754131000         1.3378393285         2.3730978433        -0.0059838592
        4.0803904000         1.3378393285         2.3730978433        -0.0059838592
        4.0854124000         1.3429439823         2.3807534756         0.1269907893
        4.0904107000         1.3378393285         2.3730978433        -0.0059838592
        4.0953952000         1.3378393285         2.3730978433        -0.0059838592
        4.1003978000         1.3429439823         2.3782015982         0.1269907893
        4.1053838000         1.3301823480         2.3679940883        -0.2054458319
        4.1103930000         1.3352870017         2.3730978433        -0.0724711834
        4.1154075000         1.3429439823         2.3782015982         0.1269907893
        4.1204280000         1.3378393285         2.3730978433        -0.0059838592
        4.1253995000         1.3378393285         2.3756497207        -0.0059838592
        4.1303845000         1.3429439823         2.3782015982         0.1269907893
        4.1353832000         1.3327346748         2.3654422109        -0.1389585076
        4.1404105000         1.3352870017         2.3705459658        -0.0724711834
        4.1454363000         1.3327346748         2.3654422109        -0.1389585076
        4.1504316000         1.3378393285         2.3730978433        -0.0059838592
        4.1554291000         1.3378393285         2.3730978433        -0.0059838592
        4.1604102000         1.3403916554         2.3730978433         0.0605034650
        4.1654148000         1.3327346748         2.3730978433        -0.1389585076
        4.1705361000         1.3327346748         2.3654422109        -0.1389585076
        4.1754073000         1.3301823480         2.3679940883        -0.2054458319
        4.1805146000         1.3454963091         2.3807534756         0.1934781135
        4.1854036000         1.3480486360         2.3833053531         0.2599654377
        4.1904160000         1.3327346748         2.3705459658        -0.1389585076
        4.1953979000         1.3378393285         2.3705459658        -0.0059838592
        4.2004019000         1.3352870017         2.3730978433        -0.0724711834
        4.2053936000         1.3327346748         2.3679940883        -0.1389585076
        4.2103935000         1.3429439823         2.3730978433         0.1269907893
        4.2154072000         1.3454963091         2.3833053531         0.1934781135
        4.2203929000         1.3352870017         2.3730978433        -0.0724711834
        4.2254046000         1.3378393285         2.3730978433        -0.0059838592
        4.2304044000         1.3352870017         2.3730978433        -0.0724711834
        4.2353950000         1.3327346748         2.3654422109        -0.1389585076
        4.2404015000         1.3352870017         2.3705459658        -0.0724711834
        4.2453778000         1.3429439823         2.3807534756         0.1269907893
        4.2503941000         1.3327346748         2.3679940883        -0.1389585076
        4.2553953000         1.3429439823         2.3730978433         0.1269907893
        4.2604027000         1.3378393285         2.3730978433        -0.0059838592
        4.2653883000         1.3301823480         2.3654422109        -0.2054458319
        4.2703981000         1.3429439823         2.3807534756         0.1269907893
        4.2753878000         1.3378393285         2.3730978433        -0.0059838592
        4.2804198000         1.3454963091         2.3782015982         0.1934781135
        4.2853995000         1.3327346748         2.3730978433        -0.1389585076
        4.2905233000         1.3352870017         2.3705459658        -0.0724711834
        4.2954170000         1.3454963091         2.3782015982         0.1934781135
        4.3004460000         1.3327346748         2.3654422109        -0.1389585076
        4.3054414000         1.3582579434         2.3730978433         0.5259147346
        4.3104719000         1.3301823480         2.3679940883        -0.2054458319
        4.3154358000         1.3352870017         2.3807534756        -0.0724711834
        4.3204342000         1.3327346748         2.3730978433        -0.1389585076
        4.3253945000         1.3352870017         2.3730978433        -0.0724711834
        4.3304275000         1.3352870017         2.3654422109        -0.0724711834
        4.3353891000         1.3327346748         2.3679940883        -0.1389585076
        4.3403971000         1.3378393285         2.3730978433        -0.0059838592
        4.3453776000         1.3352870017         2.3730978433        -0.0724711834
        4.3504076000         1.3327346748         2.3705459658        -0.1389585076
        4.3554222000         1.3378393285         2.3730978433        -0.0059838592
        4.3604273000         1.3429439823         2.3782015982         0.1269907893
        4.3653962000         1.3403916554         2.3782015982         0.0605034650
        4.3704201000         1.3327346748         2.3679940883        -0.1389585076
        4.3753890000         1.3378393285         2.3730978433        -0.0059838592
        4.3804592000         1.3403916554         2.3807534756         0.0605034650
        4.3854305000         1.3327346748         2.3654422109        -0.1389585076
        4.3904079000         1.3301823480         2.3679940883        -0.2054458319
        4.3954222000         1.3429439823         2.3807534756         0.1269907893
        4.4004260000         1.3378393285         2.3730978433        -0.0059838592
        4.4054722000         1.3378393285         2.3679940883        -0.0059838592
        4.4104721000         1.3378393285         2.3730978433        -0.0059838592
        4.4154288000         1.3378393285         2.3730978433        -0.0059838592
        4.4204187000         1.3301823480         2.3654422109        -0.2054458319
        4.4255453000         1.3378393285         2.3730978433        -0.0059838592
        4.4303767000         1.3378393285         2.3705459658        -0.0059838592
        4.4354348000         1.3352870017         2.3730978433        -0.0724711834
        4.4404500000         1.3454963091         2.3730978433         0.1934781135
        4.4454418000         1.3531532897         2.3730978433         0.3929400862
        4.4504634000         1.3429439823         2.3782015982         0.1269907893
        4.4554496000         1.3454963091         2.3782015982         0.1934781135
        4.4604149000         1.3378393285         2.3730978433        -0.0059838592
        4.4653988000         1.3352870017         2.3730978433        -0.0724711834
        4.4704165000         1.3352870017         2.3782015982        -0.0724711834
        4.4753978000         1.3378393285         2.3756497207        -0.0059838592
        4.4803910000         1.3327346748         2.3705459658        -0.1389585076
        4.4853950000         1.3429439823         2.3782015982         0.1269907893
        4.4904095000         1.3327346748         2.3679940883        -0.1389585076
        4.4953961000         1.3378393285         2.3730978433        -0.0059838592
        4.5003971000         1.3327346748         2.3679940883        -0.1389585076
        4.5053852000         1.3454963091         2.3807534756         0.1934781135
        4.5103917000         1.3378393285         2.3730978433        -0.0059838592
        4.5153741000         1.3352870017         2.3730978433        -0.0724711834
        4.5203839000         1.3429439823         2.3782015982         0.1269907893
        4.5253971000         1.3301823480         2.3654422109        -0.2054458319
        4.5304027000         1.3454963091         2.3782015982         0.1934781135
        4.5353861000         1.3378393285         2.3730978433        -0.0059838592
        4.5403968000         1.3378393285         2.3730978433        -0.0059838592
        4.5453959000         1.3454963091         2.3782015982         0.1934781135
        4.5503857000         1.3378393285         2.3730978433        -0.0059838592
        4.5553977000         1.3378393285         2.3730978433        -0.0059838592
        4.5604035000         1.3403916554         2.3730978433         0.0605034650
        4.5653889000         1.3352870017         2.3679940883        -0.0724711834
        4.5703995000         1.3454963091         2.3807534756         0.1934781135
        4.5753860000         1.3378393285         2.3730978433        -0.0059838592
        4.5805249000         1.3378393285         2.3730978433        -0.0059838592
        4.5853998000         1.3633625971         2.3782015982         0.6588893831
        4.5905435000         1.3301823480         2.3654422109        -0.2054458319
        4.5954369000         1.3429439823         2.3782015982         0.1269907893
        4.6011012000         1.3378393285         2.3730978433        -0.0059838592
        4.6054163000         1.3327346748         2.3654422109        -0.1389585076
        4.6104124000         1.3429439823         2.3782015982         0.1269907893
        4.6153996000         1.3327346748         2.3654422109        -0.1389585076
        4.6205105000         1.3327346748         2.3679940883        -0.1389585076
        4.6253990000         1.3429439823         2.3782015982         0.1269907893
        4.6303983000         1.3327346748         2.3654422109        -0.1389585076
        4.6353854000         1.3454963091         2.3782015982         0.1934781135
        4.6403930000         1.3352870017         2.3730978433        -0.0724711834
        4.6453955000         1.3327346748         2.3705459658        -0.1389585076
        4.6503819000         1.3429439823         2.3730978433         0.1269907893
        4.6553904000         1.3378393285         2.3730978433        -0.0059838592
        4.6604013000         1.3378393285         2.3730978433        -0.0059838592
        4.6653851000         1.3378393285         2.3730978433        -0.0059838592
        4.6703903000         1.3378393285         2.3730978433        -0.0059838592
        4.6754088000         1.3301823480         2.3654422109        -0.2054458319
        4.6804058000         1.3454963091         2.3756497207         0.1934781135
        4.6853922000         1.3378393285         2.3756497207        -0.0059838592
        4.6904035000         1.3454963091         2.3730978433         0.1934781135
        4.6953924000         1.3378393285         2.3730978433        -0.0059838592
        4.7003935000         1.3454963091         2.3782015982         0.1934781135
        4.7053870000         1.3429439823         2.3833053531         0.1269907893
        4.7103921000         1.3378393285         2.3730978433        -0.0059838592
        4.7154004000         1.3327346748         2.3654422109        -0.1389585076
        4.7203830000         1.3429439823         2.3782015982         0.1269907893
        4.7253836000         1.3378393285         2.3730978433        -0.0059838592
        4.7303954000         1.3378393285         2.3730978433        -0.0059838592
        4.7355247000         1.3352870017         2.3705459658        -0.0724711834
        4.7404110000         1.3378393285         2.3730978433        -0.0059838592
        4.7454022000         1.3327346748         2.3730978433        -0.1389585076
        4.7504038000         1.3454963091         2.3782015982         0.1934781135
        4.7554214000         1.3301823480         2.3730978433        -0.2054458319
        4.7603972000         1.3454963091         2.3730978433         0.1934781135
        4.7653828000         1.3403916554         2.3730978433         0.0605034650
        4.7704181000         1.3403916554         2.3730978433         0.0605034650
        4.7753951000         1.3352870017         2.3730978433        -0.0724711834
        4.7806102000         1.3327346748         2.3679940883        -0.1389585076
        4.7853970000         1.3378393285         2.3730978433        -0.0059838592
        4.7903758000         1.3633625971         2.3782015982         0.6588893831
        4.7953862000         1.3327346748         2.3654422109        -0.1389585076
        4.8003958000         1.3454963091         2.3782015982         0.1934781135
        4.8053992000         1.3301823480         2.3654422109        -0.2054458319
        4.8105266000         1.3378393285         2.3730978433        -0.0059838592
        4.8154264000         1.3429439823         2.3807534756         0.1269907893
        4.8203811000         1.3454963091         2.3782015982         0.1934781135
        4.8253835000         1.3378393285         2.3730978433        -0.0059838592
        4.8303932000         1.3327346748         2.3679940883        -0.1389585076
        4.8354325000         1.3480486360         2.3705459658         0.2599654377
        4.8404140000         1.3378393285         2.3730978433        -0.0059838592
        4.8454201000         1.3403916554         2.3730978433         0.0605034650
        4.8503871000         1.3327346748         2.3679940883        -0.1389585076
        4.8554146000         1.3429439823         2.3705459658         0.1269907893
        4.8603751000         1.3378393285         2.3730978433        -0.0059838592
        4.8653913000         1.3429439823         2.3807534756         0.1269907893
        4.8703911000         1.3378393285         2.3730978433        -0.0059838592
        4.8753936000         1.3378393285         2.3679940883        -0.0059838592
        4.8803860000         1.3327346748         2.3679940883        -0.1389585076
        4.8853940000         1.3378393285         2.3705459658        -0.0059838592
        4.8903819000         1.3429439823         2.3730978433         0.1269907893
        4.8953928000         1.3352870017         2.3730978433        -0.0724711834
        4.9003960000         1.3378393285         2.3730978433        -0.0059838592
        4.9054255000         1.3403916554         2.3730978433         0.0605034650
        4.9104011000         1.3327346748         2.3679940883        -0.1389585076
        4.9154755000         1.3403916554         2.3730978433         0.0605034650
        4.9204744000         1.3403916554         2.3730978433         0.0605034650
        4.9254201000         1.3327346748         2.3654422109        -0.1389585076
        4.9304264000         1.3429439823         2.3782015982         0.1269907893
        4.9354331000         1.3327346748         2.3654422109        -0.1389585076
        4.9404196000         1.3378393285         2.3730978433        -0.0059838592
        4.9454037000         1.3429439823         2.3807534756         0.1269907893
        4.9504862000         1.3378393285         2.3730978433        -0.0059838592
        4.9554175000         1.3327346748         2.3654422109        -0.1389585076
        4.9604246000         1.3429439823         2.3807534756         0.1269907893
        4.9653852000         1.3352870017         2.3730978433        -0.0724711834
        4.9703858000         1.3352870017         2.3730978433        -0.0724711834
        4.9753987000         1.3378393285         2.3730978433        -0.0059838592
        4.9804084000         1.3557056165         2.3730978433         0.4594274104
        4.9857171000         1.3327346748         2.3679940883        -0.1389585076
        4.9904245000         1.3327346748         2.3679940883        -0.1389585076
        4.9954284000         1.3429439823         2.3782015982         0.1269907893
        5.0004114000         1.3378393285         2.3782015982        -0.0059838592
