% Potentiometer Recording  5.0 s
% Vg_offset=1.395394V  K_gimbal=26.049690
% Fs=200 Hz  samples=1001

Time[s]              Vg[V]                Pot[V]               Omega[rad/s]        
        0.0004645000         1.3914381925         2.5083473486        -0.1030553526
        0.0054117000         1.3965428462         2.5057954711         0.0299192959
        0.0104010000         1.3965428462         2.5108992261         0.0299192959
        0.0154033000         1.3965428462         2.5134511035         0.0299192959
        0.0203974000         1.4041998268         2.5108992261         0.2293812686
        0.0253962000         1.3965428462         2.5134511035         0.0299192959
        0.0304424000         1.3965428462         2.5108992261         0.0299192959
        0.0354137000         1.3888858657         2.5108992261        -0.1695426768
        0.0404305000         1.3888858657         2.5057954711        -0.1695426768
        0.0454163000         1.3939905194         2.5108992261        -0.0365680283
        0.0503954000         1.3965428462         2.5108992261         0.0299192959
        0.0555047000         1.3914381925         2.5032435937        -0.1030553526
        0.0603930000         1.3965428462         2.5108992261         0.0299192959
        0.0654040000         1.3965428462         2.5108992261         0.0299192959
        0.0704305000         1.3965428462         2.5108992261         0.0299192959
        0.0753931000         1.4016475000         2.5160029810         0.1628939444
        0.0803800000         1.4016475000         2.5160029810         0.1628939444
        0.0853926000         1.3965428462         2.5108992261         0.0299192959
        0.0903919000         1.3965428462         2.5108992261         0.0299192959
        0.0954313000         1.4016475000         2.5160029810         0.1628939444
        0.1004231000         1.4041998268         2.5185548584         0.2293812686
        0.1054277000         1.3914381925         2.5032435937        -0.1030553526
        0.1104741000         1.3888858657         2.5057954711        -0.1695426768
        0.1154761000         1.3888858657         2.5057954711        -0.1695426768
        0.1204202000         1.3888858657         2.5057954711        -0.1695426768
        0.1254304000         1.3965428462         2.5108992261         0.0299192959
        0.1304130000         1.3965428462         2.5108992261         0.0299192959
        0.1354841000         1.4041998268         2.5160029810         0.2293812686
        0.1404340000         1.3965428462         2.5108992261         0.0299192959
        0.1454855000         1.3939905194         2.5108992261        -0.0365680283
        0.1504236000         1.3914381925         2.5057954711        -0.1030553526
        0.1554289000         1.3888858657         2.5057954711        -0.1695426768
        0.1604257000         1.3965428462         2.5108992261         0.0299192959
        0.1654091000         1.3939905194         2.5108992261        -0.0365680283
        0.1704999000         1.4041998268         2.5108992261         0.2293812686
        0.1754250000         1.3965428462         2.5108992261         0.0299192959
        0.1804117000         1.4016475000         2.5160029810         0.1628939444
        0.1854359000         1.3939905194         2.5108992261        -0.0365680283
        0.1904158000         1.3965428462         2.5108992261         0.0299192959
        0.1953764000         1.3965428462         2.5134511035         0.0299192959
        0.2003850000         1.3888858657         2.5057954711        -0.1695426768
        0.2053926000         1.4041998268         2.5108992261         0.2293812686
        0.2104272000         1.4041998268         2.5160029810         0.2293812686
        0.2154157000         1.4016475000         2.5160029810         0.1628939444
        0.2204210000         1.4041998268         2.5160029810         0.2293812686
        0.2253858000         1.4041998268         2.5160029810         0.2293812686
        0.2303851000         1.4016475000         2.5160029810         0.1628939444
        0.2354244000         1.3965428462         2.5108992261         0.0299192959
        0.2404256000         1.3888858657         2.5057954711        -0.1695426768
        0.2454188000         1.3965428462         2.5057954711         0.0299192959
        0.2504204000         1.3965428462         2.5134511035         0.0299192959
        0.2554344000         1.4016475000         2.5185548584         0.1628939444
        0.2604321000         1.4016475000         2.5185548584         0.1628939444
        0.2654365000         1.3965428462         2.5108992261         0.0299192959
        0.2704049000         1.3965428462         2.5108992261         0.0299192959
        0.2753971000         1.3888858657         2.5057954711        -0.1695426768
        0.2804261000         1.3965428462         2.5108992261         0.0299192959
        0.2853982000         1.3939905194         2.5108992261        -0.0365680283
        0.2903972000         1.4016475000         2.5160029810         0.1628939444
        0.2953961000         1.3914381925         2.5057954711        -0.1030553526
        0.3004165000         1.3939905194         2.5134511035        -0.0365680283
        0.3053964000         1.3939905194         2.5108992261        -0.0365680283
        0.3103984000         1.3965428462         2.5108992261         0.0299192959
        0.3153903000         1.4016475000         2.5185548584         0.1628939444
        0.3204008000         1.3914381925         2.5057954711        -0.1030553526
        0.3254084000         1.4041998268         2.5160029810         0.2293812686
        0.3303886000         1.3939905194         2.5134511035        -0.0365680283
        0.3354078000         1.3939905194         2.5108992261        -0.0365680283
        0.3404039000         1.4016475000         2.5134511035         0.1628939444
        0.3453865000         1.4016475000         2.5160029810         0.1628939444
        0.3504024000         1.3965428462         2.5108992261         0.0299192959
        0.3553786000         1.3965428462         2.5108992261         0.0299192959
        0.3603901000         1.3888858657         2.5057954711        -0.1695426768
        0.3653744000         1.3914381925         2.5057954711        -0.1030553526
        0.3703796000         1.3965428462         2.5108992261         0.0299192959
        0.3753861000         1.4016475000         2.5160029810         0.1628939444
        0.3804021000         1.3965428462         2.5108992261         0.0299192959
        0.3854808000         1.3965428462         2.5108992261         0.0299192959
        0.3903928000         1.4016475000         2.5160029810         0.1628939444
        0.3954246000         1.3888858657         2.5057954711        -0.1695426768
        0.4004147000         1.3888858657         2.5057954711        -0.1695426768
        0.4054357000         1.3965428462         2.5108992261         0.0299192959
        0.4104263000         1.3888858657         2.5057954711        -0.1695426768
        0.4154153000         1.3888858657         2.5083473486        -0.1695426768
        0.4204204000         1.3965428462         2.5083473486         0.0299192959
        0.4254309000         1.4016475000         2.5160029810         0.1628939444
        0.4304142000         1.4016475000         2.5185548584         0.1628939444
        0.4355039000         1.3965428462         2.5108992261         0.0299192959
        0.4404014000         1.3888858657         2.5083473486        -0.1695426768
        0.4454112000         1.3965428462         2.5134511035         0.0299192959
        0.4504048000         1.4016475000         2.5160029810         0.1628939444
        0.4554051000         1.3914381925         2.5057954711        -0.1030553526
        0.4603895000         1.3965428462         2.5108992261         0.0299192959
        0.4653755000         1.4016475000         2.5185548584         0.1628939444
        0.4704408000         1.3965428462         2.5108992261         0.0299192959
        0.4754938000         1.4016475000         2.5160029810         0.1628939444
        0.4803992000         1.4041998268         2.5160029810         0.2293812686
        0.4854149000         1.4016475000         2.5160029810         0.1628939444
        0.4904119000         1.3888858657         2.5057954711        -0.1695426768
        0.4954300000         1.4016475000         2.5160029810         0.1628939444
        0.5004981000         1.3965428462         2.5108992261         0.0299192959
        0.5054200000         1.4041998268         2.5108992261         0.2293812686
        0.5103971000         1.4016475000         2.5108992261         0.1628939444
        0.5154042000         1.3965428462         2.5057954711         0.0299192959
        0.5203948000         1.3914381925         2.5057954711        -0.1030553526
        0.5253975000         1.4016475000         2.5160029810         0.1628939444
        0.5303867000         1.4041998268         2.5185548584         0.2293812686
        0.5353989000         1.3965428462         2.5108992261         0.0299192959
        0.5404264000         1.3914381925         2.5057954711        -0.1030553526
        0.5453853000         1.3914381925         2.5057954711        -0.1030553526
        0.5504235000         1.3965428462         2.5134511035         0.0299192959
        0.5554272000         1.3965428462         2.5108992261         0.0299192959
        0.5603850000         1.4016475000         2.5083473486         0.1628939444
        0.5654003000         1.3965428462         2.5134511035         0.0299192959
        0.5704003000         1.4016475000         2.5160029810         0.1628939444
        0.5753913000         1.4041998268         2.5185548584         0.2293812686
        0.5803956000         1.3939905194         2.5108992261        -0.0365680283
        0.5853809000         1.3939905194         2.5108992261        -0.0365680283
        0.5903871000         1.3888858657         2.5057954711        -0.1695426768
        0.5953994000         1.3990951731         2.5134511035         0.0964066201
        0.6003842000         1.4016475000         2.5108992261         0.1628939444
        0.6054108000         1.3965428462         2.5108992261         0.0299192959
        0.6104251000         1.3965428462         2.5108992261         0.0299192959
        0.6154777000         1.3939905194         2.5108992261        -0.0365680283
        0.6204239000         1.3914381925         2.5032435937        -0.1030553526
        0.6254975000         1.3965428462         2.5108992261         0.0299192959
        0.6304564000         1.3888858657         2.5057954711        -0.1695426768
        0.6354208000         1.4041998268         2.5185548584         0.2293812686
        0.6404416000         1.4041998268         2.5108992261         0.2293812686
        0.6453878000         1.3939905194         2.5108992261        -0.0365680283
        0.6503959000         1.3888858657         2.5057954711        -0.1695426768
        0.6553748000         1.3914381925         2.5057954711        -0.1030553526
        0.6604034000         1.3888858657         2.5057954711        -0.1695426768
        0.6653676000         1.3965428462         2.5108992261         0.0299192959
        0.6704302000         1.3939905194         2.5108992261        -0.0365680283
        0.6754049000         1.3888858657         2.5032435937        -0.1695426768
        0.6803907000         1.3914381925         2.5057954711        -0.1030553526
        0.6853965000         1.3990951731         2.5160029810         0.0964066201
        0.6903916000         1.3965428462         2.5134511035         0.0299192959
        0.6953885000         1.3965428462         2.5057954711         0.0299192959
        0.7004035000         1.3965428462         2.5134511035         0.0299192959
        0.7053887000         1.3965428462         2.5134511035         0.0299192959
        0.7103945000         1.4016475000         2.5160029810         0.1628939444
        0.7153809000         1.4016475000         2.5160029810         0.1628939444
        0.7203905000         1.3939905194         2.5134511035        -0.0365680283
        0.7253984000         1.3888858657         2.5032435937        -0.1695426768
        0.7303785000         1.3965428462         2.5108992261         0.0299192959
        0.7353878000         1.3863335388         2.5057954711        -0.2360300010
        0.7403970000         1.3965428462         2.5134511035         0.0299192959
        0.7453760000         1.3939905194         2.5108992261        -0.0365680283
        0.7504102000         1.3965428462         2.5108992261         0.0299192959
        0.7553921000         1.3914381925         2.5057954711        -0.1030553526
        0.7603895000         1.3965428462         2.5108992261         0.0299192959
        0.7653899000         1.3939905194         2.5134511035        -0.0365680283
        0.7703753000         1.3888858657         2.5057954711        -0.1695426768
        0.7753864000         1.4016475000         2.5160029810         0.1628939444
        0.7803904000         1.3888858657         2.5057954711        -0.1695426768
        0.7854225000         1.4016475000         2.5185548584         0.1628939444
        0.7903888000         1.3965428462         2.5108992261         0.0299192959
        0.7954502000         1.3939905194         2.5108992261        -0.0365680283
        0.8003805000         1.4016475000         2.5185548584         0.1628939444
        0.8054180000         1.3914381925         2.5032435937        -0.1030553526
        0.8103971000         1.4016475000         2.5185548584         0.1628939444
        0.8154052000         1.4041998268         2.5160029810         0.2293812686
        0.8204171000         1.3914381925         2.5032435937        -0.1030553526
        0.8254615000         1.3965428462         2.5134511035         0.0299192959
        0.8304647000         1.3965428462         2.5108992261         0.0299192959
        0.8354113000         1.4016475000         2.5160029810         0.1628939444
        0.8404178000         1.3965428462         2.5108992261         0.0299192959
        0.8454290000         1.3888858657         2.5032435937        -0.1695426768
        0.8504129000         1.3914381925         2.5057954711        -0.1030553526
        0.8554732000         1.3965428462         2.5108992261         0.0299192959
        0.8604726000         1.3914381925         2.5134511035        -0.1030553526
        0.8653862000         1.3965428462         2.5108992261         0.0299192959
        0.8704174000         1.4041998268         2.5108992261         0.2293812686
        0.8753878000         1.3965428462         2.5108992261         0.0299192959
        0.8803846000         1.3914381925         2.5108992261        -0.1030553526
        0.8853983000         1.3965428462         2.5108992261         0.0299192959
        0.8903869000         1.3914381925         2.5032435937        -0.1030553526
        0.8953892000         1.4016475000         2.5160029810         0.1628939444
        0.9004275000         1.3888858657         2.5057954711        -0.1695426768
        0.9054054000         1.4016475000         2.5160029810         0.1628939444
        0.9103966000         1.3939905194         2.5108992261        -0.0365680283
        0.9153767000         1.4016475000         2.5160029810         0.1628939444
        0.9203846000         1.3965428462         2.5108992261         0.0299192959
        0.9253889000         1.3888858657         2.5057954711        -0.1695426768
        0.9304271000         1.3939905194         2.5108992261        -0.0365680283
        0.9354070000         1.4016475000         2.5160029810         0.1628939444
        0.9403960000         1.4016475000         2.5160029810         0.1628939444
        0.9453875000         1.4016475000         2.5160029810         0.1628939444
        0.9503861000         1.3965428462         2.5083473486         0.0299192959
        0.9553929000         1.3888858657         2.5057954711        -0.1695426768
        0.9604013000         1.3965428462         2.5134511035         0.0299192959
        0.9653896000         1.3965428462         2.5108992261         0.0299192959
        0.9703976000         1.4041998268         2.5160029810         0.2293812686
        0.9753827000         1.3965428462         2.5160029810         0.0299192959
        0.9803854000         1.3939905194         2.5108992261        -0.0365680283
        0.9853961000         1.3939905194         2.5134511035        -0.0365680283
        0.9903796000         1.3939905194         2.5083473486        -0.0365680283
        0.9954223000         1.3965428462         2.5108992261         0.0299192959
        1.0003788000         1.4016475000         2.5185548584         0.1628939444
        1.0054409000         1.3965428462         2.5134511035         0.0299192959
        1.0103980000         1.3939905194         2.5057954711        -0.0365680283
        1.0154938000         1.3939905194         2.5108992261        -0.0365680283
        1.0204441000         1.4041998268         2.5185548584         0.2293812686
        1.0254416000         1.3888858657         2.5108992261        -0.1695426768
        1.0304678000         1.4016475000         2.5185548584         0.1628939444
        1.0354209000         1.3965428462         2.5108992261         0.0299192959
        1.0404300000         1.3939905194         2.5108992261        -0.0365680283
        1.0453757000         1.3888858657         2.5057954711        -0.1695426768
        1.0504155000         1.4016475000         2.5160029810         0.1628939444
        1.0554185000         1.4016475000         2.5160029810         0.1628939444
        1.0604092000         1.3888858657         2.5108992261        -0.1695426768
        1.0653913000         1.3965428462         2.5108992261         0.0299192959
        1.0703948000         1.3888858657         2.5032435937        -0.1695426768
        1.0754042000         1.3965428462         2.5108992261         0.0299192959
        1.0804177000         1.4016475000         2.5160029810         0.1628939444
        1.0854001000         1.4016475000         2.5160029810         0.1628939444
        1.0903860000         1.4016475000         2.5160029810         0.1628939444
        1.0953950000         1.3965428462         2.5108992261         0.0299192959
        1.1003978000         1.3914381925         2.5083473486        -0.1030553526
        1.1053829000         1.3888858657         2.5057954711        -0.1695426768
        1.1103967000         1.3965428462         2.5134511035         0.0299192959
        1.1154008000         1.4016475000         2.5185548584         0.1628939444
        1.1203849000         1.3965428462         2.5160029810         0.0299192959
        1.1253816000         1.3939905194         2.5134511035        -0.0365680283
        1.1303849000         1.3939905194         2.5108992261        -0.0365680283
        1.1353839000         1.3939905194         2.5108992261        -0.0365680283
        1.1403913000         1.3888858657         2.5057954711        -0.1695426768
        1.1453783000         1.3888858657         2.5057954711        -0.1695426768
        1.1503892000         1.3965428462         2.5108992261         0.0299192959
        1.1553978000         1.4041998268         2.5160029810         0.2293812686
        1.1604305000         1.3888858657         2.5057954711        -0.1695426768
        1.1654527000         1.4016475000         2.5185548584         0.1628939444
        1.1706420000         1.3965428462         2.5108992261         0.0299192959
        1.1754345000         1.4016475000         2.5160029810         0.1628939444
        1.1804201000         1.4016475000         2.5160029810         0.1628939444
        1.1854311000         1.3965428462         2.5108992261         0.0299192959
        1.1904122000         1.3939905194         2.5134511035        -0.0365680283
        1.1953913000         1.3888858657         2.5057954711        -0.1695426768
        1.2003988000         1.3965428462         2.5108992261         0.0299192959
        1.2053877000         1.3965428462         2.5108992261         0.0299192959
        1.2103876000         1.4041998268         2.5185548584         0.2293812686
        1.2153960000         1.4016475000         2.5160029810         0.1628939444
        1.2203873000         1.3965428462         2.5108992261         0.0299192959
        1.2253916000         1.3888858657         2.5057954711        -0.1695426768
        1.2303982000         1.3965428462         2.5108992261         0.0299192959
        1.2353840000         1.3965428462         2.5108992261         0.0299192959
        1.2403975000         1.4041998268         2.5160029810         0.2293812686
        1.2454082000         1.3965428462         2.5108992261         0.0299192959
        1.2504318000         1.3965428462         2.5134511035         0.0299192959
        1.2554002000         1.3965428462         2.5083473486         0.0299192959
        1.2604035000         1.3965428462         2.5108992261         0.0299192959
        1.2654216000         1.3914381925         2.5032435937        -0.1030553526
        1.2704232000         1.3965428462         2.5108992261         0.0299192959
        1.2753993000         1.3990951731         2.5160029810         0.0964066201
        1.2803852000         1.4016475000         2.5160029810         0.1628939444
        1.2853978000         1.3888858657         2.5057954711        -0.1695426768
        1.2903748000         1.3888858657         2.5057954711        -0.1695426768
        1.2953901000         1.4016475000         2.5160029810         0.1628939444
        1.3003975000         1.3914381925         2.5057954711        -0.1030553526
        1.3053852000         1.3965428462         2.5108992261         0.0299192959
        1.3103872000         1.3965428462         2.5108992261         0.0299192959
        1.3153772000         1.3888858657         2.5134511035        -0.1695426768
        1.3203848000         1.3914381925         2.5057954711        -0.1030553526
        1.3253932000         1.3965428462         2.5108992261         0.0299192959
        1.3303964000         1.3965428462         2.5108992261         0.0299192959
        1.3353862000         1.3888858657         2.5057954711        -0.1695426768
        1.3403869000         1.3965428462         2.5134511035         0.0299192959
        1.3453863000         1.3939905194         2.5108992261        -0.0365680283
        1.3504084000         1.3965428462         2.5134511035         0.0299192959
        1.3554265000         1.3939905194         2.5108992261        -0.0365680283
        1.3603996000         1.3914381925         2.5057954711        -0.1030553526
        1.3653837000         1.3888858657         2.5057954711        -0.1695426768
        1.3703986000         1.3939905194         2.5108992261        -0.0365680283
        1.3753963000         1.3965428462         2.5108992261         0.0299192959
        1.3804130000         1.3914381925         2.5057954711        -0.1030553526
        1.3853918000         1.3965428462         2.5108992261         0.0299192959
        1.3903757000         1.4016475000         2.5185548584         0.1628939444
        1.3953847000         1.3914381925         2.5057954711        -0.1030553526
        1.4003980000         1.4016475000         2.5160029810         0.1628939444
        1.4054916000         1.3914381925         2.5057954711        -0.1030553526
        1.4104197000         1.3965428462         2.5108992261         0.0299192959
        1.4154160000         1.4016475000         2.5160029810         0.1628939444
        1.4204310000         1.3888858657         2.5057954711        -0.1695426768
        1.4254165000         1.4016475000         2.5160029810         0.1628939444
        1.4303984000         1.3965428462         2.5108992261         0.0299192959
        1.4353870000         1.4016475000         2.5185548584         0.1628939444
        1.4403921000         1.3888858657         2.5057954711        -0.1695426768
        1.4454010000         1.3965428462         2.5108992261         0.0299192959
        1.4504389000         1.4041998268         2.5185548584         0.2293812686
        1.4553909000         1.4016475000         2.5185548584         0.1628939444
        1.4604008000         1.3888858657         2.5057954711        -0.1695426768
        1.4653824000         1.3888858657         2.5057954711        -0.1695426768
        1.4704047000         1.3965428462         2.5108992261         0.0299192959
        1.4754249000         1.4016475000         2.5211067359         0.1628939444
        1.4804539000         1.4041998268         2.5160029810         0.2293812686
        1.4854392000         1.3965428462         2.5108992261         0.0299192959
        1.4904194000         1.3939905194         2.5108992261        -0.0365680283
        1.4954122000         1.4016475000         2.5160029810         0.1628939444
        1.5004237000         1.3965428462         2.5108992261         0.0299192959
        1.5054044000         1.3888858657         2.5032435937        -0.1695426768
        1.5104133000         1.3888858657         2.5032435937        -0.1695426768
        1.5153820000         1.4016475000         2.5160029810         0.1628939444
        1.5204752000         1.3965428462         2.5108992261         0.0299192959
        1.5253803000         1.3965428462         2.5160029810         0.0299192959
        1.5304285000         1.3888858657         2.5057954711        -0.1695426768
        1.5354485000         1.4041998268         2.5083473486         0.2293812686
        1.5404256000         1.3939905194         2.5108992261        -0.0365680283
        1.5454287000         1.3965428462         2.5057954711         0.0299192959
        1.5504138000         1.3965428462         2.5108992261         0.0299192959
        1.5554221000         1.3965428462         2.5108992261         0.0299192959
        1.5604308000         1.4016475000         2.5185548584         0.1628939444
        1.5654131000         1.3888858657         2.5057954711        -0.1695426768
        1.5704240000         1.4016475000         2.5185548584         0.1628939444
        1.5754311000         1.3863335388         2.5057954711        -0.2360300010
        1.5804131000         1.3965428462         2.5108992261         0.0299192959
        1.5854007000         1.3965428462         2.5134511035         0.0299192959
        1.5904291000         1.3965428462         2.5108992261         0.0299192959
        1.5954189000         1.3990951731         2.5185548584         0.0964066201
        1.6004194000         1.3888858657         2.5032435937        -0.1695426768
        1.6054759000         1.3965428462         2.5108992261         0.0299192959
        1.6104121000         1.3965428462         2.5108992261         0.0299192959
        1.6154814000         1.3888858657         2.5083473486        -0.1695426768
        1.6204271000         1.3965428462         2.5108992261         0.0299192959
        1.6254080000         1.3939905194         2.5108992261        -0.0365680283
        1.6304294000         1.3888858657         2.5057954711        -0.1695426768
        1.6354431000         1.3888858657         2.5057954711        -0.1695426768
        1.6404179000         1.4041998268         2.5160029810         0.2293812686
        1.6454912000         1.3965428462         2.5108992261         0.0299192959
        1.6504049000         1.3888858657         2.5057954711        -0.1695426768
        1.6554162000         1.4016475000         2.5160029810         0.1628939444
        1.6604244000         1.4041998268         2.5160029810         0.2293812686
        1.6654217000         1.3965428462         2.5083473486         0.0299192959
        1.6705000000         1.3965428462         2.5108992261         0.0299192959
        1.6754271000         1.4016475000         2.5160029810         0.1628939444
        1.6804124000         1.4016475000         2.5185548584         0.1628939444
        1.6854196000         1.3965428462         2.5108992261         0.0299192959
        1.6904237000         1.3914381925         2.5108992261        -0.1030553526
        1.6954309000         1.4016475000         2.5160029810         0.1628939444
        1.7004147000         1.3965428462         2.5108992261         0.0299192959
        1.7054250000         1.3888858657         2.5057954711        -0.1695426768
        1.7106370000         1.3914381925         2.5057954711        -0.1030553526
        1.7154169000         1.3965428462         2.5108992261         0.0299192959
        1.7204287000         1.4016475000         2.5160029810         0.1628939444
        1.7254153000         1.4016475000         2.5185548584         0.1628939444
        1.7304278000         1.4016475000         2.5160029810         0.1628939444
        1.7354297000         1.3965428462         2.5108992261         0.0299192959
        1.7404341000         1.3939905194         2.5108992261        -0.0365680283
        1.7454220000         1.3939905194         2.5185548584        -0.0365680283
        1.7504629000         1.4016475000         2.5185548584         0.1628939444
        1.7554728000         1.3914381925         2.5057954711        -0.1030553526
        1.7604506000         1.3965428462         2.5108992261         0.0299192959
        1.7654101000         1.3965428462         2.5134511035         0.0299192959
        1.7704126000         1.4041998268         2.5160029810         0.2293812686
        1.7754053000         1.3965428462         2.5108992261         0.0299192959
        1.7804521000         1.3965428462         2.5134511035         0.0299192959
        1.7854436000         1.4016475000         2.5160029810         0.1628939444
        1.7903974000         1.3914381925         2.5057954711        -0.1030553526
        1.7954041000         1.3888858657         2.5057954711        -0.1695426768
        1.8004111000         1.3888858657         2.5057954711        -0.1695426768
        1.8054458000         1.4016475000         2.5160029810         0.1628939444
        1.8104143000         1.3939905194         2.5134511035        -0.0365680283
        1.8154596000         1.4016475000         2.5185548584         0.1628939444
        1.8204237000         1.3939905194         2.5108992261        -0.0365680283
        1.8254626000         1.3939905194         2.5108992261        -0.0365680283
        1.8304177000         1.3914381925         2.5032435937        -0.1030553526
        1.8354295000         1.3965428462         2.5134511035         0.0299192959
        1.8404119000         1.3965428462         2.5108992261         0.0299192959
        1.8454710000         1.4016475000         2.5160029810         0.1628939444
        1.8504728000         1.4016475000         2.5160029810         0.1628939444
        1.8554119000         1.3965428462         2.5108992261         0.0299192959
        1.8604175000         1.3863335388         2.5057954711        -0.2360300010
        1.8654097000         1.3888858657         2.5032435937        -0.1695426768
        1.8704402000         1.3939905194         2.5108992261        -0.0365680283
        1.8753915000         1.3965428462         2.5108992261         0.0299192959
        1.8804122000         1.3888858657         2.5057954711        -0.1695426768
        1.8854137000         1.3914381925         2.5057954711        -0.1030553526
        1.8904277000         1.3965428462         2.5134511035         0.0299192959
        1.8954321000         1.4016475000         2.5160029810         0.1628939444
        1.9004134000         1.4016475000         2.5185548584         0.1628939444
        1.9053968000         1.3965428462         2.5108992261         0.0299192959
        1.9103840000         1.3965428462         2.5083473486         0.0299192959
        1.9154983000         1.4016475000         2.5185548584         0.1628939444
        1.9204273000         1.3888858657         2.5108992261        -0.1695426768
        1.9254301000         1.3863335388         2.5057954711        -0.2360300010
        1.9304221000         1.3888858657         2.5032435937        -0.1695426768
        1.9354066000         1.3990951731         2.5083473486         0.0964066201
        1.9404124000         1.3965428462         2.5185548584         0.0299192959
        1.9455125000         1.3914381925         2.5057954711        -0.1030553526
        1.9504271000         1.4016475000         2.5185548584         0.1628939444
        1.9553973000         1.3965428462         2.5108992261         0.0299192959
        1.9604231000         1.3965428462         2.5108992261         0.0299192959
        1.9654107000         1.4016475000         2.5160029810         0.1628939444
        1.9705208000         1.4016475000         2.5185548584         0.1628939444
        1.9754274000         1.3914381925         2.5057954711        -0.1030553526
        1.9804019000         1.3939905194         2.5108992261        -0.0365680283
        1.9854154000         1.3965428462         2.5108992261         0.0299192959
        1.9904011000         1.3939905194         2.5108992261        -0.0365680283
        1.9954128000         1.4016475000         2.5108992261         0.1628939444
        2.0004342000         1.3965428462         2.5108992261         0.0299192959
        2.0054402000         1.3965428462         2.5134511035         0.0299192959
        2.0104314000         1.3939905194         2.5108992261        -0.0365680283
        2.0154255000         1.3914381925         2.5057954711        -0.1030553526
        2.0204273000         1.4016475000         2.5185548584         0.1628939444
        2.0254363000         1.3914381925         2.5057954711        -0.1030553526
        2.0304546000         1.3965428462         2.5057954711         0.0299192959
        2.0354318000         1.3939905194         2.5057954711        -0.0365680283
        2.0404400000         1.3939905194         2.5083473486        -0.0365680283
        2.0454250000         1.3888858657         2.5057954711        -0.1695426768
        2.0504277000         1.4016475000         2.5185548584         0.1628939444
        2.0554131000         1.3965428462         2.5108992261         0.0299192959
        2.0604190000         1.3965428462         2.5083473486         0.0299192959
        2.0654303000         1.3939905194         2.5108992261        -0.0365680283
        2.0704174000         1.3888858657         2.5057954711        -0.1695426768
        2.0754279000         1.4016475000         2.5185548584         0.1628939444
        2.0804091000         1.3965428462         2.5108992261         0.0299192959
        2.0854688000         1.4016475000         2.5185548584         0.1628939444
        2.0904298000         1.3888858657         2.5057954711        -0.1695426768
        2.0954730000         1.3939905194         2.5108992261        -0.0365680283
        2.1004257000         1.3965428462         2.5108992261         0.0299192959
        2.1057564000         1.3939905194         2.5108992261        -0.0365680283
        2.1103899000         1.3990951731         2.5160029810         0.0964066201
        2.1153915000         1.3888858657         2.5057954711        -0.1695426768
        2.1204006000         1.4016475000         2.5185548584         0.1628939444
        2.1254337000         1.3965428462         2.5134511035         0.0299192959
        2.1304366000         1.3888858657         2.5057954711        -0.1695426768
        2.1353986000         1.3888858657         2.5057954711        -0.1695426768
        2.1403857000         1.3939905194         2.5134511035        -0.0365680283
        2.1454014000         1.3939905194         2.5108992261        -0.0365680283
        2.1503986000         1.3965428462         2.5057954711         0.0299192959
        2.1554060000         1.3965428462         2.5108992261         0.0299192959
        2.1603975000         1.3914381925         2.5108992261        -0.1030553526
        2.1653851000         1.3888858657         2.5057954711        -0.1695426768
        2.1703854000         1.4041998268         2.5160029810         0.2293812686
        2.1754110000         1.3914381925         2.5057954711        -0.1030553526
        2.1803745000         1.3965428462         2.5134511035         0.0299192959
        2.1853891000         1.3939905194         2.5108992261        -0.0365680283
        2.1903748000         1.3888858657         2.5032435937        -0.1695426768
        2.1953994000         1.3965428462         2.5108992261         0.0299192959
        2.2003849000         1.3965428462         2.5108992261         0.0299192959
        2.2054040000         1.3914381925         2.5057954711        -0.1030553526
        2.2103864000         1.3888858657         2.5032435937        -0.1695426768
        2.2153922000         1.4016475000         2.5160029810         0.1628939444
        2.2203890000         1.3888858657         2.5057954711        -0.1695426768
        2.2254019000         1.4016475000         2.5185548584         0.1628939444
        2.2303854000         1.3965428462         2.5083473486         0.0299192959
        2.2354093000         1.3888858657         2.5057954711        -0.1695426768
        2.2404560000         1.3965428462         2.5108992261         0.0299192959
        2.2455498000         1.3965428462         2.5108992261         0.0299192959
        2.2504471000         1.4016475000         2.5160029810         0.1628939444
        2.2554255000         1.3914381925         2.5057954711        -0.1030553526
        2.2604224000         1.3888858657         2.5057954711        -0.1695426768
        2.2654691000         1.4016475000         2.5108992261         0.1628939444
        2.2703872000         1.3965428462         2.5134511035         0.0299192959
        2.2753977000         1.3965428462         2.5160029810         0.0299192959
        2.2803825000         1.3990951731         2.5160029810         0.0964066201
        2.2853937000         1.3888858657         2.5032435937        -0.1695426768
        2.2903971000         1.4041998268         2.5160029810         0.2293812686
        2.2953847000         1.4016475000         2.5160029810         0.1628939444
        2.3003858000         1.3939905194         2.5108992261        -0.0365680283
        2.3054000000         1.3888858657         2.5057954711        -0.1695426768
        2.3104207000         1.3888858657         2.5057954711        -0.1695426768
        2.3157894000         1.4016475000         2.5185548584         0.1628939444
        2.3203974000         1.3965428462         2.5134511035         0.0299192959
        2.3253847000         1.3888858657         2.5057954711        -0.1695426768
        2.3303886000         1.4016475000         2.5160029810         0.1628939444
        2.3355325000         1.3888858657         2.5057954711        -0.1695426768
        2.3404024000         1.4016475000         2.5185548584         0.1628939444
        2.3453858000         1.3965428462         2.5108992261         0.0299192959
        2.3503990000         1.3939905194         2.5108992261        -0.0365680283
        2.3554758000         1.3939905194         2.5108992261        -0.0365680283
        2.3603938000         1.3888858657         2.5057954711        -0.1695426768
        2.3653998000         1.4016475000         2.5160029810         0.1628939444
        2.3703813000         1.3888858657         2.5032435937        -0.1695426768
        2.3754148000         1.4016475000         2.5160029810         0.1628939444
        2.3804290000         1.3939905194         2.5134511035        -0.0365680283
        2.3854107000         1.4016475000         2.5160029810         0.1628939444
        2.3903964000         1.3965428462         2.5032435937         0.0299192959
        2.3953859000         1.3965428462         2.5108992261         0.0299192959
        2.4004084000         1.3888858657         2.5057954711        -0.1695426768
        2.4054174000         1.4016475000         2.5160029810         0.1628939444
        2.4107570000         1.3990951731         2.5185548584         0.0964066201
        2.4154131000         1.3965428462         2.5108992261         0.0299192959
        2.4204064000         1.3888858657         2.5057954711        -0.1695426768
        2.4254027000         1.3939905194         2.5108992261        -0.0365680283
        2.4304084000         1.3965428462         2.5108992261         0.0299192959
        2.4354024000         1.3914381925         2.5108992261        -0.1030553526
        2.4404101000         1.3888858657         2.5057954711        -0.1695426768
        2.4454130000         1.3939905194         2.5108992261        -0.0365680283
        2.4504060000         1.3939905194         2.5134511035        -0.0365680283
        2.4554020000         1.4041998268         2.5160029810         0.2293812686
        2.4604728000         1.4041998268         2.5160029810         0.2293812686
        2.4654296000         1.3965428462         2.5083473486         0.0299192959
        2.4704130000         1.3939905194         2.5108992261        -0.0365680283
        2.4753960000         1.3914381925         2.5057954711        -0.1030553526
        2.4804253000         1.4016475000         2.5185548584         0.1628939444
        2.4854090000         1.3888858657         2.5057954711        -0.1695426768
        2.4903891000         1.3965428462         2.5108992261         0.0299192959
        2.4954002000         1.3965428462         2.5083473486         0.0299192959
        2.5003865000         1.3888858657         2.5057954711        -0.1695426768
        2.5053924000         1.3965428462         2.5108992261         0.0299192959
        2.5104377000         1.3965428462         2.5083473486         0.0299192959
        2.5154090000         1.3965428462         2.5083473486         0.0299192959
        2.5204228000         1.3914381925         2.5057954711        -0.1030553526
        2.5254169000         1.4016475000         2.5160029810         0.1628939444
        2.5304123000         1.3965428462         2.5108992261         0.0299192959
        2.5354028000         1.3914381925         2.5057954711        -0.1030553526
        2.5404162000         1.3888858657         2.5108992261        -0.1695426768
        2.5454133000         1.3965428462         2.5108992261         0.0299192959
        2.5503954000         1.4041998268         2.5185548584         0.2293812686
        2.5554040000         1.3965428462         2.5134511035         0.0299192959
        2.5603879000         1.4016475000         2.5160029810         0.1628939444
        2.5653956000         1.3914381925         2.5057954711        -0.1030553526
        2.5703782000         1.3939905194         2.5134511035        -0.0365680283
        2.5754198000         1.3939905194         2.5108992261        -0.0365680283
        2.5804305000         1.3965428462         2.5108992261         0.0299192959
        2.5854088000         1.3939905194         2.5108992261        -0.0365680283
        2.5904310000         1.3965428462         2.5134511035         0.0299192959
        2.5954601000         1.3863335388         2.5057954711        -0.2360300010
        2.6004217000         1.3888858657         2.5083473486        -0.1695426768
        2.6054268000         1.3888858657         2.5108992261        -0.1695426768
        2.6104082000         1.3914381925         2.5134511035        -0.1030553526
        2.6162837000         1.3965428462         2.5108992261         0.0299192959
        2.6204448000         1.3965428462         2.5108992261         0.0299192959
        2.6254643000         1.3965428462         2.5108992261         0.0299192959
        2.6304056000         1.3965428462         2.5108992261         0.0299192959
        2.6353986000         1.4016475000         2.5185548584         0.1628939444
        2.6404633000         1.3965428462         2.5108992261         0.0299192959
        2.6453899000         1.3888858657         2.5032435937        -0.1695426768
        2.6504235000         1.4041998268         2.5160029810         0.2293812686
        2.6554467000         1.4016475000         2.5160029810         0.1628939444
        2.6604185000         1.3939905194         2.5134511035        -0.0365680283
        2.6654077000         1.3939905194         2.5134511035        -0.0365680283
        2.6704231000         1.3939905194         2.5134511035        -0.0365680283
        2.6754135000         1.4041998268         2.5160029810         0.2293812686
        2.6804285000         1.3939905194         2.5108992261        -0.0365680283
        2.6854133000         1.3888858657         2.5057954711        -0.1695426768
        2.6904148000         1.4041998268         2.5185548584         0.2293812686
        2.6954055000         1.4016475000         2.5185548584         0.1628939444
        2.7004093000         1.3965428462         2.5108992261         0.0299192959
        2.7053953000         1.4016475000         2.5185548584         0.1628939444
        2.7104187000         1.3888858657         2.5057954711        -0.1695426768
        2.7154289000         1.4016475000         2.5185548584         0.1628939444
        2.7205085000         1.3914381925         2.5057954711        -0.1030553526
        2.7254753000         1.3939905194         2.5108992261        -0.0365680283
        2.7304284000         1.3939905194         2.5108992261        -0.0365680283
        2.7354310000         1.3965428462         2.5134511035         0.0299192959
        2.7404188000         1.4041998268         2.5160029810         0.2293812686
        2.7453836000         1.3939905194         2.5108992261        -0.0365680283
        2.7503920000         1.3990951731         2.5108992261         0.0964066201
        2.7553957000         1.3939905194         2.5134511035        -0.0365680283
        2.7603917000         1.3888858657         2.5057954711        -0.1695426768
        2.7653922000         1.4016475000         2.5160029810         0.1628939444
        2.7703763000         1.3965428462         2.5108992261         0.0299192959
        2.7754218000         1.3965428462         2.5134511035         0.0299192959
        2.7803921000         1.3888858657         2.5057954711        -0.1695426768
        2.7853951000         1.3939905194         2.5108992261        -0.0365680283
        2.7904106000         1.4041998268         2.5185548584         0.2293812686
        2.7953900000         1.3965428462         2.5108992261         0.0299192959
        2.8004013000         1.3965428462         2.5108992261         0.0299192959
        2.8053839000         1.4016475000         2.5185548584         0.1628939444
        2.8106325000         1.4016475000         2.5185548584         0.1628939444
        2.8154255000         1.3939905194         2.5108992261        -0.0365680283
        2.8203884000         1.3990951731         2.5134511035         0.0964066201
        2.8254533000         1.3939905194         2.5108992261        -0.0365680283
        2.8304473000         1.3888858657         2.5057954711        -0.1695426768
        2.8354415000         1.3965428462         2.5083473486         0.0299192959
        2.8404772000         1.3965428462         2.5134511035         0.0299192959
        2.8454099000         1.4041998268         2.5160029810         0.2293812686
        2.8503930000         1.3965428462         2.5108992261         0.0299192959
        2.8553996000         1.3914381925         2.5057954711        -0.1030553526
        2.8603983000         1.3888858657         2.5057954711        -0.1695426768
        2.8654255000         1.3965428462         2.5108992261         0.0299192959
        2.8704309000         1.3965428462         2.5108992261         0.0299192959
        2.8754244000         1.3939905194         2.5108992261        -0.0365680283
        2.8804182000         1.3863335388         2.5057954711        -0.2360300010
        2.8854287000         1.3888858657         2.5057954711        -0.1695426768
        2.8904158000         1.3939905194         2.5108992261        -0.0365680283
        2.8954183000         1.3965428462         2.5134511035         0.0299192959
        2.9004245000         1.3965428462         2.5108992261         0.0299192959
        2.9054992000         1.3914381925         2.5083473486        -0.1030553526
        2.9104182000         1.3888858657         2.5057954711        -0.1695426768
        2.9154034000         1.3939905194         2.5083473486        -0.0365680283
        2.9204157000         1.3888858657         2.5057954711        -0.1695426768
        2.9254184000         1.3939905194         2.5083473486        -0.0365680283
        2.9305085000         1.3965428462         2.5134511035         0.0299192959
        2.9354403000         1.4016475000         2.5160029810         0.1628939444
        2.9404278000         1.4016475000         2.5160029810         0.1628939444
        2.9454275000         1.3888858657         2.5057954711        -0.1695426768
        2.9504146000         1.3888858657         2.5057954711        -0.1695426768
        2.9555143000         1.4016475000         2.5160029810         0.1628939444
        2.9604134000         1.3939905194         2.5108992261        -0.0365680283
        2.9654154000         1.3939905194         2.5134511035        -0.0365680283
        2.9704265000         1.3965428462         2.5108992261         0.0299192959
        2.9754306000         1.4016475000         2.5108992261         0.1628939444
        2.9804138000         1.4016475000         2.5160029810         0.1628939444
        2.9854138000         1.3888858657         2.5032435937        -0.1695426768
        2.9904105000         1.4016475000         2.5108992261         0.1628939444
        2.9954823000         1.3965428462         2.5108992261         0.0299192959
        3.0004506000         1.3888858657         2.5083473486        -0.1695426768
        3.0054623000         1.4016475000         2.5160029810         0.1628939444
        3.0104497000         1.3888858657         2.5057954711        -0.1695426768
        3.0154450000         1.4016475000         2.5160029810         0.1628939444
        3.0205301000         1.3888858657         2.5057954711        -0.1695426768
        3.0256436000         1.3939905194         2.5083473486        -0.0365680283
        3.0304498000         1.3888858657         2.5057954711        -0.1695426768
        3.0354588000         1.3914381925         2.5057954711        -0.1030553526
        3.0404093000         1.4041998268         2.5160029810         0.2293812686
        3.0454351000         1.3888858657         2.5057954711        -0.1695426768
        3.0505414000         1.3965428462         2.5108992261         0.0299192959
        3.0555330000         1.3990951731         2.5134511035         0.0964066201
        3.0604911000         1.3965428462         2.5108992261         0.0299192959
        3.0666023000         1.4016475000         2.5185548584         0.1628939444
        3.0707902000         1.3965428462         2.5108992261         0.0299192959
        3.0755600000         1.3965428462         2.5134511035         0.0299192959
        3.0804552000         1.3939905194         2.5108992261        -0.0365680283
        3.0856581000         1.3888858657         2.5057954711        -0.1695426768
        3.0905072000         1.3965428462         2.5108992261         0.0299192959
        3.0955466000         1.3965428462         2.5134511035         0.0299192959
        3.1004653000         1.3914381925         2.5057954711        -0.1030553526
        3.1054151000         1.3965428462         2.5108992261         0.0299192959
        3.1104145000         1.3965428462         2.5083473486         0.0299192959
        3.1154031000         1.3888858657         2.5057954711        -0.1695426768
        3.1204142000         1.3965428462         2.5108992261         0.0299192959
        3.1253860000         1.4041998268         2.5185548584         0.2293812686
        3.1304017000         1.3965428462         2.5083473486         0.0299192959
        3.1354141000         1.3965428462         2.5108992261         0.0299192959
        3.1404224000         1.4016475000         2.5160029810         0.1628939444
        3.1454953000         1.4016475000         2.5160029810         0.1628939444
        3.1504120000         1.3888858657         2.5057954711        -0.1695426768
        3.1554189000         1.4016475000         2.5185548584         0.1628939444
        3.1604467000         1.4016475000         2.5185548584         0.1628939444
        3.1655096000         1.3888858657         2.5057954711        -0.1695426768
        3.1704063000         1.3965428462         2.5057954711         0.0299192959
        3.1755073000         1.4016475000         2.5185548584         0.1628939444
        3.1804114000         1.3939905194         2.5185548584        -0.0365680283
        3.1854287000         1.3965428462         2.5134511035         0.0299192959
        3.1904092000         1.3965428462         2.5108992261         0.0299192959
        3.1954139000         1.3965428462         2.5057954711         0.0299192959
        3.2004224000         1.3939905194         2.5108992261        -0.0365680283
        3.2054307000         1.3965428462         2.5108992261         0.0299192959
        3.2104159000         1.3888858657         2.5057954711        -0.1695426768
        3.2154083000         1.3888858657         2.5057954711        -0.1695426768
        3.2204103000         1.3965428462         2.5108992261         0.0299192959
        3.2254235000         1.4016475000         2.5160029810         0.1628939444
        3.2303994000         1.4016475000         2.5160029810         0.1628939444
        3.2354056000         1.3914381925         2.5057954711        -0.1030553526
        3.2404182000         1.3965428462         2.5108992261         0.0299192959
        3.2454278000         1.3965428462         2.5108992261         0.0299192959
        3.2504264000         1.3888858657         2.5057954711        -0.1695426768
        3.2554047000         1.4016475000         2.5108992261         0.1628939444
        3.2604022000         1.3965428462         2.5108992261         0.0299192959
        3.2654029000         1.3965428462         2.5108992261         0.0299192959
        3.2703950000         1.4016475000         2.5160029810         0.1628939444
        3.2754001000         1.3914381925         2.5057954711        -0.1030553526
        3.2803835000         1.3965428462         2.5108992261         0.0299192959
        3.2854666000         1.3888858657         2.5057954711        -0.1695426768
        3.2904042000         1.3888858657         2.5057954711        -0.1695426768
        3.2954760000         1.3939905194         2.5108992261        -0.0365680283
        3.3003992000         1.3939905194         2.5134511035        -0.0365680283
        3.3053985000         1.3939905194         2.5108992261        -0.0365680283
        3.3103861000         1.3965428462         2.5134511035         0.0299192959
        3.3153896000         1.4016475000         2.5160029810         0.1628939444
        3.3204057000         1.3965428462         2.5108992261         0.0299192959
        3.3253841000         1.3965428462         2.5108992261         0.0299192959
        3.3303996000         1.4016475000         2.5160029810         0.1628939444
        3.3353971000         1.3965428462         2.5108992261         0.0299192959
        3.3403836000         1.3939905194         2.5108992261        -0.0365680283
        3.3453972000         1.4016475000         2.5134511035         0.1628939444
        3.3504025000         1.3965428462         2.5134511035         0.0299192959
        3.3554107000         1.3888858657         2.5057954711        -0.1695426768
        3.3604079000         1.3965428462         2.5108992261         0.0299192959
        3.3654012000         1.3965428462         2.5108992261         0.0299192959
        3.3703898000         1.3914381925         2.5108992261        -0.1030553526
        3.3754186000         1.3914381925         2.5057954711        -0.1030553526
        3.3804920000         1.4016475000         2.5160029810         0.1628939444
        3.3854192000         1.3965428462         2.5108992261         0.0299192959
        3.3903986000         1.3888858657         2.5057954711        -0.1695426768
        3.3954404000         1.3965428462         2.5160029810         0.0299192959
        3.4003964000         1.3939905194         2.5108992261        -0.0365680283
        3.4054008000         1.3888858657         2.5057954711        -0.1695426768
        3.4103828000         1.3888858657         2.5083473486        -0.1695426768
        3.4153908000         1.3939905194         2.5108992261        -0.0365680283
        3.4203999000         1.3965428462         2.5134511035         0.0299192959
        3.4253822000         1.3914381925         2.5057954711        -0.1030553526
        3.4304008000         1.4016475000         2.5185548584         0.1628939444
        3.4354122000         1.3939905194         2.5160029810        -0.0365680283
        3.4404558000         1.4016475000         2.5160029810         0.1628939444
        3.4454218000         1.4016475000         2.5185548584         0.1628939444
        3.4504315000         1.3888858657         2.5057954711        -0.1695426768
        3.4554352000         1.4041998268         2.5160029810         0.2293812686
        3.4604234000         1.3939905194         2.5108992261        -0.0365680283
        3.4654079000         1.3965428462         2.5108992261         0.0299192959
        3.4704141000         1.3914381925         2.5057954711        -0.1030553526
        3.4754301000         1.3965428462         2.5134511035         0.0299192959
        3.4804287000         1.3965428462         2.5185548584         0.0299192959
        3.4854006000         1.4016475000         2.5185548584         0.1628939444
        3.4904223000         1.3939905194         2.5108992261        -0.0365680283
        3.4954098000         1.3965428462         2.5134511035         0.0299192959
        3.5003850000         1.3965428462         2.5108992261         0.0299192959
        3.5053838000         1.4016475000         2.5185548584         0.1628939444
        3.5104116000         1.3965428462         2.5108992261         0.0299192959
        3.5153673000         1.3965428462         2.5108992261         0.0299192959
        3.5204220000         1.3965428462         2.5134511035         0.0299192959
        3.5254141000         1.3965428462         2.5108992261         0.0299192959
        3.5304518000         1.4016475000         2.5185548584         0.1628939444
        3.5353906000         1.4016475000         2.5160029810         0.1628939444
        3.5404630000         1.4041998268         2.5211067359         0.2293812686
        3.5453925000         1.3965428462         2.5108992261         0.0299192959
        3.5503848000         1.3965428462         2.5134511035         0.0299192959
        3.5553882000         1.4016475000         2.5185548584         0.1628939444
        3.5603998000         1.3965428462         2.5108992261         0.0299192959
        3.5654020000         1.3888858657         2.5057954711        -0.1695426768
        3.5703869000         1.3888858657         2.5057954711        -0.1695426768
        3.5753943000         1.3965428462         2.5108992261         0.0299192959
        3.5804029000         1.3990951731         2.5160029810         0.0964066201
        3.5853844000         1.4041998268         2.5185548584         0.2293812686
        3.5903933000         1.3888858657         2.5057954711        -0.1695426768
        3.5955208000         1.4016475000         2.5160029810         0.1628939444
        3.6004095000         1.3888858657         2.5057954711        -0.1695426768
        3.6054009000         1.3965428462         2.5134511035         0.0299192959
        3.6103878000         1.4016475000         2.5160029810         0.1628939444
        3.6153873000         1.3888858657         2.5032435937        -0.1695426768
        3.6203941000         1.4016475000         2.5185548584         0.1628939444
        3.6254883000         1.3888858657         2.5083473486        -0.1695426768
        3.6304182000         1.3888858657         2.5057954711        -0.1695426768
        3.6353962000         1.3990951731         2.5108992261         0.0964066201
        3.6404073000         1.3965428462         2.5108992261         0.0299192959
        3.6453888000         1.3939905194         2.5108992261        -0.0365680283
        3.6503763000         1.4016475000         2.5160029810         0.1628939444
        3.6554038000         1.4041998268         2.5160029810         0.2293812686
        3.6603957000         1.3939905194         2.5134511035        -0.0365680283
        3.6653844000         1.3965428462         2.5160029810         0.0299192959
        3.6703899000         1.3914381925         2.5032435937        -0.1030553526
        3.6753950000         1.3939905194         2.5108992261        -0.0365680283
        3.6803865000         1.3965428462         2.5108992261         0.0299192959
        3.6854124000         1.3914381925         2.5057954711        -0.1030553526
        3.6903909000         1.4016475000         2.5160029810         0.1628939444
        3.6954001000         1.3914381925         2.5057954711        -0.1030553526
        3.7003847000         1.3965428462         2.5083473486         0.0299192959
        3.7053957000         1.3965428462         2.5108992261         0.0299192959
        3.7103861000         1.3965428462         2.5108992261         0.0299192959
        3.7153893000         1.3888858657         2.5057954711        -0.1695426768
        3.7204731000         1.3888858657         2.5057954711        -0.1695426768
        3.7254097000         1.3888858657         2.5057954711        -0.1695426768
        3.7303935000         1.3939905194         2.5108992261        -0.0365680283
        3.7354337000         1.3965428462         2.5108992261         0.0299192959
        3.7404104000         1.3888858657         2.5057954711        -0.1695426768
        3.7454202000         1.4016475000         2.5108992261         0.1628939444
        3.7504249000         1.4016475000         2.5185548584         0.1628939444
        3.7554120000         1.4016475000         2.5160029810         0.1628939444
        3.7604129000         1.3939905194         2.5108992261        -0.0365680283
        3.7654309000         1.3965428462         2.5108992261         0.0299192959
        3.7704103000         1.3939905194         2.5083473486        -0.0365680283
        3.7754155000         1.3990951731         2.5185548584         0.0964066201
        3.7804260000         1.3939905194         2.5108992261        -0.0365680283
        3.7854376000         1.3914381925         2.5057954711        -0.1030553526
        3.7907567000         1.3888858657         2.5057954711        -0.1695426768
        3.7954300000         1.4016475000         2.5160029810         0.1628939444
        3.8004058000         1.3965428462         2.5108992261         0.0299192959
        3.8054168000         1.3965428462         2.5134511035         0.0299192959
        3.8103971000         1.3965428462         2.5108992261         0.0299192959
        3.8153862000         1.4016475000         2.5160029810         0.1628939444
        3.8203966000         1.3914381925         2.5108992261        -0.1030553526
        3.8254059000         1.3914381925         2.5057954711        -0.1030553526
        3.8303873000         1.3888858657         2.5057954711        -0.1695426768
        3.8354235000         1.4016475000         2.5160029810         0.1628939444
        3.8403866000         1.4041998268         2.5160029810         0.2293812686
        3.8453933000         1.3888858657         2.5108992261        -0.1695426768
        3.8503977000         1.3888858657         2.5057954711        -0.1695426768
        3.8553957000         1.3888858657         2.5057954711        -0.1695426768
        3.8603860000         1.3965428462         2.5108992261         0.0299192959
        3.8653995000         1.4041998268         2.5185548584         0.2293812686
        3.8704379000         1.3965428462         2.5108992261         0.0299192959
        3.8754422000         1.3888858657         2.5057954711        -0.1695426768
        3.8804312000         1.3965428462         2.5032435937         0.0299192959
        3.8854217000         1.3965428462         2.5108992261         0.0299192959
        3.8904158000         1.3888858657         2.5083473486        -0.1695426768
        3.8955697000         1.3939905194         2.5134511035        -0.0365680283
        3.9004398000         1.3965428462         2.5108992261         0.0299192959
        3.9054173000         1.3888858657         2.5032435937        -0.1695426768
        3.9104327000         1.3888858657         2.5057954711        -0.1695426768
        3.9154058000         1.3888858657         2.5057954711        -0.1695426768
        3.9205082000         1.3965428462         2.5083473486         0.0299192959
        3.9254082000         1.4016475000         2.5134511035         0.1628939444
        3.9304207000         1.4016475000         2.5160029810         0.1628939444
        3.9354252000         1.3888858657         2.5108992261        -0.1695426768
        3.9404114000         1.3965428462         2.5108992261         0.0299192959
        3.9454130000         1.3965428462         2.5134511035         0.0299192959
        3.9504091000         1.3965428462         2.5108992261         0.0299192959
        3.9553873000         1.3965428462         2.5108992261         0.0299192959
        3.9603933000         1.3914381925         2.5057954711        -0.1030553526
        3.9653788000         1.3914381925         2.5057954711        -0.1030553526
        3.9703935000         1.3965428462         2.5134511035         0.0299192959
        3.9754243000         1.4016475000         2.5160029810         0.1628939444
        3.9804061000         1.3939905194         2.5108992261        -0.0365680283
        3.9854364000         1.3965428462         2.5108992261         0.0299192959
        3.9903989000         1.3888858657         2.5057954711        -0.1695426768
        3.9954305000         1.3939905194         2.5083473486        -0.0365680283
        4.0004430000         1.3965428462         2.5108992261         0.0299192959
        4.0053996000         1.3965428462         2.5108992261         0.0299192959
        4.0103771000         1.3965428462         2.5108992261         0.0299192959
        4.0153873000         1.3888858657         2.5057954711        -0.1695426768
        4.0203957000         1.3965428462         2.5134511035         0.0299192959
        4.0254019000         1.4016475000         2.5211067359         0.1628939444
        4.0304381000         1.3888858657         2.5032435937        -0.1695426768
        4.0353816000         1.4016475000         2.5160029810         0.1628939444
        4.0403829000         1.3939905194         2.5057954711        -0.0365680283
        4.0453858000         1.3965428462         2.5108992261         0.0299192959
        4.0504485000         1.4016475000         2.5160029810         0.1628939444
        4.0554056000         1.3965428462         2.5108992261         0.0299192959
        4.0603905000         1.3965428462         2.5108992261         0.0299192959
        4.0653863000         1.3965428462         2.5108992261         0.0299192959
        4.0704662000         1.3914381925         2.5057954711        -0.1030553526
        4.0753973000         1.3939905194         2.5108992261        -0.0365680283
        4.0803753000         1.3939905194         2.5108992261        -0.0365680283
        4.0854096000         1.3965428462         2.5134511035         0.0299192959
        4.0903908000         1.3939905194         2.5108992261        -0.0365680283
        4.0953989000         1.3914381925         2.5057954711        -0.1030553526
        4.1003905000         1.3914381925         2.5057954711        -0.1030553526
        4.1053948000         1.3965428462         2.5083473486         0.0299192959
        4.1104115000         1.3939905194         2.5083473486        -0.0365680283
        4.1154161000         1.3990951731         2.5185548584         0.0964066201
        4.1204208000         1.3965428462         2.5108992261         0.0299192959
        4.1254411000         1.3888858657         2.5057954711        -0.1695426768
        4.1304929000         1.3888858657         2.5032435937        -0.1695426768
        4.1354944000         1.3939905194         2.5108992261        -0.0365680283
        4.1404346000         1.4016475000         2.5160029810         0.1628939444
        4.1454423000         1.3965428462         2.5108992261         0.0299192959
        4.1504242000         1.3965428462         2.5108992261         0.0299192959
        4.1554153000         1.3965428462         2.5108992261         0.0299192959
        4.1604176000         1.4041998268         2.5185548584         0.2293812686
        4.1654084000         1.4016475000         2.5160029810         0.1628939444
        4.1704120000         1.3888858657         2.5032435937        -0.1695426768
        4.1754164000         1.4016475000         2.5160029810         0.1628939444
        4.1804264000         1.3965428462         2.5108992261         0.0299192959
        4.1854136000         1.3939905194         2.5108992261        -0.0365680283
        4.1905169000         1.3939905194         2.5108992261        -0.0365680283
        4.1953915000         1.3888858657         2.5032435937        -0.1695426768
        4.2004345000         1.3888858657         2.5057954711        -0.1695426768
        4.2054185000         1.4016475000         2.5160029810         0.1628939444
        4.2104270000         1.3888858657         2.5032435937        -0.1695426768
        4.2154161000         1.3965428462         2.5108992261         0.0299192959
        4.2204289000         1.3965428462         2.5108992261         0.0299192959
        4.2254289000         1.3965428462         2.5134511035         0.0299192959
        4.2304167000         1.3965428462         2.5108992261         0.0299192959
        4.2354247000         1.4016475000         2.5160029810         0.1628939444
        4.2404089000         1.3965428462         2.5083473486         0.0299192959
        4.2454172000         1.3990951731         2.5185548584         0.0964066201
        4.2504000000         1.3965428462         2.5057954711         0.0299192959
        4.2554403000         1.3965428462         2.5108992261         0.0299192959
        4.2603905000         1.3888858657         2.5057954711        -0.1695426768
        4.2654036000         1.4016475000         2.5185548584         0.1628939444
        4.2703883000         1.3914381925         2.5057954711        -0.1030553526
        4.2754191000         1.4016475000         2.5160029810         0.1628939444
        4.2804007000         1.3965428462         2.5108992261         0.0299192959
        4.2854552000         1.3965428462         2.5160029810         0.0299192959
        4.2904138000         1.3939905194         2.5108992261        -0.0365680283
        4.2953996000         1.4016475000         2.5160029810         0.1628939444
        4.3003719000         1.3965428462         2.5108992261         0.0299192959
        4.3054087000         1.4016475000         2.5160029810         0.1628939444
        4.3104003000         1.3965428462         2.5057954711         0.0299192959
        4.3154151000         1.3965428462         2.5108992261         0.0299192959
        4.3207169000         1.3965428462         2.5108992261         0.0299192959
        4.3254275000         1.3965428462         2.5108992261         0.0299192959
        4.3304121000         1.4016475000         2.5185548584         0.1628939444
        4.3354291000         1.3914381925         2.5057954711        -0.1030553526
        4.3404020000         1.3965428462         2.5134511035         0.0299192959
        4.3454124000         1.3965428462         2.5108992261         0.0299192959
        4.3504226000         1.3939905194         2.5108992261        -0.0365680283
        4.3554010000         1.3888858657         2.5057954711        -0.1695426768
        4.3603855000         1.3965428462         2.5134511035         0.0299192959
        4.3653940000         1.3939905194         2.5083473486        -0.0365680283
        4.3703837000         1.3965428462         2.5134511035         0.0299192959
        4.3754195000         1.4016475000         2.5211067359         0.1628939444
        4.3803943000         1.3888858657         2.5057954711        -0.1695426768
        4.3854022000         1.3965428462         2.5108992261         0.0299192959
        4.3903951000         1.3965428462         2.5108992261         0.0299192959
        4.3954055000         1.3939905194         2.5108992261        -0.0365680283
        4.4003860000         1.3939905194         2.5108992261        -0.0365680283
        4.4053946000         1.3939905194         2.5057954711        -0.0365680283
        4.4104280000         1.4041998268         2.5160029810         0.2293812686
        4.4154186000         1.4016475000         2.5160029810         0.1628939444
        4.4204216000         1.3965428462         2.5083473486         0.0299192959
        4.4253782000         1.3965428462         2.5134511035         0.0299192959
        4.4304143000         1.3914381925         2.5057954711        -0.1030553526
        4.4353919000         1.3965428462         2.5108992261         0.0299192959
        4.4404036000         1.4041998268         2.5108992261         0.2293812686
        4.4453919000         1.3939905194         2.5108992261        -0.0365680283
        4.4503960000         1.4041998268         2.5160029810         0.2293812686
        4.4554874000         1.3965428462         2.5108992261         0.0299192959
        4.4603873000         1.3888858657         2.5108992261        -0.1695426768
        4.4653758000         1.3965428462         2.5108992261         0.0299192959
        4.4704100000         1.3939905194         2.5134511035        -0.0365680283
        4.4754191000         1.4016475000         2.5185548584         0.1628939444
        4.4804271000         1.3965428462         2.5083473486         0.0299192959
        4.4854126000         1.3888858657         2.5057954711        -0.1695426768
        4.4904168000         1.4041998268         2.5185548584         0.2293812686
        4.4954232000         1.3914381925         2.5057954711        -0.1030553526
        4.5004281000         1.4041998268         2.5185548584         0.2293812686
        4.5054132000         1.3888858657         2.5083473486        -0.1695426768
        4.5103991000         1.3965428462         2.5057954711         0.0299192959
        4.5153878000         1.3888858657         2.5057954711        -0.1695426768
        4.5203983000         1.4016475000         2.5108992261         0.1628939444
        4.5253736000         1.3965428462         2.5108992261         0.0299192959
        4.5303915000         1.3939905194         2.5108992261        -0.0365680283
        4.5353700000         1.3888858657         2.5057954711        -0.1695426768
        4.5404073000         1.3965428462         2.5083473486         0.0299192959
        4.5453871000         1.3888858657         2.5057954711        -0.1695426768
        4.5503904000         1.4016475000         2.5160029810         0.1628939444
        4.5553751000         1.3965428462         2.5057954711         0.0299192959
        4.5603903000         1.3939905194         2.5108992261        -0.0365680283
        4.5653937000         1.3965428462         2.5108992261         0.0299192959
        4.5703859000         1.3914381925         2.5057954711        -0.1030553526
        4.5753864000         1.4016475000         2.5185548584         0.1628939444
        4.5803920000         1.3888858657         2.5057954711        -0.1695426768
        4.5854095000         1.3939905194         2.5108992261        -0.0365680283
        4.5904138000         1.4016475000         2.5160029810         0.1628939444
        4.5954004000         1.4016475000         2.5185548584         0.1628939444
        4.6004076000         1.3965428462         2.5108992261         0.0299192959
        4.6053929000         1.3965428462         2.5108992261         0.0299192959
        4.6103968000         1.3888858657         2.5057954711        -0.1695426768
        4.6153793000         1.3888858657         2.5057954711        -0.1695426768
        4.6204106000         1.3965428462         2.5108992261         0.0299192959
        4.6253988000         1.3914381925         2.5057954711        -0.1030553526
        4.6303844000         1.3939905194         2.5108992261        -0.0365680283
        4.6354238000         1.3965428462         2.5108992261         0.0299192959
        4.6403975000         1.3939905194         2.5083473486        -0.0365680283
        4.6454442000         1.3914381925         2.5032435937        -0.1030553526
        4.6504129000         1.3965428462         2.5108992261         0.0299192959
        4.6554267000         1.3965428462         2.5108992261         0.0299192959
        4.6604125000         1.3990951731         2.5160029810         0.0964066201
        4.6654299000         1.3888858657         2.5057954711        -0.1695426768
        4.6704228000         1.4016475000         2.5185548584         0.1628939444
        4.6754113000         1.4016475000         2.5160029810         0.1628939444
        4.6804233000         1.3939905194         2.5108992261        -0.0365680283
        4.6854241000         1.3888858657         2.5057954711        -0.1695426768
        4.6904116000         1.3939905194         2.5108992261        -0.0365680283
        4.6954213000         1.3888858657         2.5057954711        -0.1695426768
        4.7004047000         1.3914381925         2.5083473486        -0.1030553526
        4.7054189000         1.3965428462         2.5057954711         0.0299192959
        4.7104236000         1.3914381925         2.5057954711        -0.1030553526
        4.7154342000         1.3965428462         2.5108992261         0.0299192959
        4.7204116000         1.3888858657         2.5057954711        -0.1695426768
        4.7254320000         1.3965428462         2.5108992261         0.0299192959
        4.7304314000         1.3939905194         2.5108992261        -0.0365680283
        4.7354390000         1.3990951731         2.5160029810         0.0964066201
        4.7404206000         1.3939905194         2.5134511035        -0.0365680283
        4.7454339000         1.3914381925         2.5057954711        -0.1030553526
        4.7504251000         1.3914381925         2.5057954711        -0.1030553526
        4.7554098000         1.4016475000         2.5160029810         0.1628939444
        4.7604160000         1.3939905194         2.5185548584        -0.0365680283
        4.7659959000         1.3965428462         2.5134511035         0.0299192959
        4.7704231000         1.3914381925         2.5057954711        -0.1030553526
        4.7753927000         1.3888858657         2.5057954711        -0.1695426768
        4.7803974000         1.3965428462         2.5134511035         0.0299192959
        4.7854155000         1.4016475000         2.5160029810         0.1628939444
        4.7904582000         1.4016475000         2.5160029810         0.1628939444
        4.7954049000         1.3965428462         2.5134511035         0.0299192959
        4.8004059000         1.3888858657         2.5057954711        -0.1695426768
        4.8055575000         1.4016475000         2.5185548584         0.1628939444
        4.8104268000         1.4041998268         2.5185548584         0.2293812686
        4.8154744000         1.3939905194         2.5108992261        -0.0365680283
        4.8204116000         1.3939905194         2.5108992261        -0.0365680283
        4.8254179000         1.3939905194         2.5108992261        -0.0365680283
        4.8304309000         1.3939905194         2.5134511035        -0.0365680283
        4.8353974000         1.3888858657         2.5057954711        -0.1695426768
        4.8403980000         1.3965428462         2.5108992261         0.0299192959
        4.8454937000         1.3939905194         2.5108992261        -0.0365680283
        4.8504173000         1.3965428462         2.5108992261         0.0299192959
        4.8553965000         1.3965428462         2.5108992261         0.0299192959
        4.8603875000         1.3965428462         2.5108992261         0.0299192959
        4.8654153000         1.3888858657         2.5032435937        -0.1695426768
        4.8705680000         1.4016475000         2.5185548584         0.1628939444
        4.8753853000         1.4016475000         2.5160029810         0.1628939444
        4.8803917000         1.3965428462         2.5108992261         0.0299192959
        4.8854204000         1.3888858657         2.5057954711        -0.1695426768
        4.8904098000         1.3939905194         2.5134511035        -0.0365680283
        4.8954147000         1.3965428462         2.5108992261         0.0299192959
        4.9004198000         1.3939905194         2.5108992261        -0.0365680283
        4.9054137000         1.4041998268         2.5185548584         0.2293812686
        4.9104082000         1.4041998268         2.5185548584         0.2293812686
        4.9154069000         1.3965428462         2.5134511035         0.0299192959
        4.9204190000         1.3939905194         2.5083473486        -0.0365680283
        4.9254176000         1.3939905194         2.5108992261        -0.0365680283
        4.9304020000         1.3939905194         2.5108992261        -0.0365680283
        4.9353879000         1.3965428462         2.5108992261         0.0299192959
        4.9403930000         1.3965428462         2.5108992261         0.0299192959
        4.9453855000         1.3888858657         2.5057954711        -0.1695426768
        4.9503950000         1.4041998268         2.5134511035         0.2293812686
        4.9554021000         1.3965428462         2.5108992261         0.0299192959
        4.9603800000         1.3888858657         2.5057954711        -0.1695426768
        4.9654167000         1.4016475000         2.5160029810         0.1628939444
        4.9706244000         1.3888858657         2.5032435937        -0.1695426768
        4.9755045000         1.4016475000         2.5160029810         0.1628939444
        4.9803913000         1.3914381925         2.5057954711        -0.1030553526
        4.9854272000         1.3965428462         2.5108992261         0.0299192959
        4.9904211000         1.3888858657         2.5057954711        -0.1695426768
        4.9954136000         1.3965428462         2.5160029810         0.0299192959
        5.0005073000         1.4041998268         2.5160029810         0.2293812686
