% Potentiometer Recording  5.0 s
% Vg_offset=1.338069V  K_gimbal=26.049690
% Fs=200 Hz  samples=1001

Time[s]              Vg[V]                Pot[V]               Omega[rad/s]        
        0.0010858000         1.3403916554         1.9341749203         0.0605034650
        0.0053966000         1.3378393285         1.9316230429        -0.0059838592
        0.0104113000         1.3378393285         1.9290711654        -0.0059838592
        0.0154878000         1.3378393285         1.9316230429        -0.0059838592
        0.0204331000         1.3378393285         1.9316230429        -0.0059838592
        0.0254355000         1.3378393285         1.9290711654        -0.0059838592
        0.0304636000         1.3378393285         1.9341749203        -0.0059838592
        0.0363858000         1.3506009628         1.9367267978         0.3264527620
        0.0406019000         1.3327346748         1.9265192879        -0.1389585076
        0.0457097000         1.3327346748         1.9265192879        -0.1389585076
        0.0503942000         1.3454963091         1.9367267978         0.1934781135
        0.0554152000         1.3429439823         1.9367267978         0.1269907893
        0.0604242000         1.3378393285         1.9316230429        -0.0059838592
        0.0654052000         1.3454963091         1.9392786752         0.1934781135
        0.0704129000         1.3378393285         1.9341749203        -0.0059838592
        0.0754264000         1.3301823480         1.9239674105        -0.2054458319
        0.0804318000         1.3403916554         1.9341749203         0.0605034650
        0.0854514000         1.3378393285         1.9341749203        -0.0059838592
        0.0904609000         1.3352870017         1.9341749203        -0.0724711834
        0.0954354000         1.3378393285         1.9316230429        -0.0059838592
        0.1004403000         1.3429439823         1.9392786752         0.1269907893
        0.1054057000         1.3378393285         1.9316230429        -0.0059838592
        0.1104348000         1.3276300211         1.9316230429        -0.2719331561
        0.1154528000         1.3327346748         1.9290711654        -0.1389585076
        0.1204548000         1.3378393285         1.9316230429        -0.0059838592
        0.1254507000         1.3429439823         1.9367267978         0.1269907893
        0.1304672000         1.3378393285         1.9341749203        -0.0059838592
        0.1354508000         1.3378393285         1.9290711654        -0.0059838592
        0.1405232000         1.3378393285         1.9316230429        -0.0059838592
        0.1454473000         1.3454963091         1.9392786752         0.1934781135
        0.1504301000         1.3327346748         1.9290711654        -0.1389585076
        0.1554135000         1.3378393285         1.9341749203        -0.0059838592
        0.1604224000         1.3327346748         1.9265192879        -0.1389585076
        0.1654037000         1.3429439823         1.9367267978         0.1269907893
        0.1704432000         1.3378393285         1.9341749203        -0.0059838592
        0.1754194000         1.3582579434         1.9367267978         0.5259147346
        0.1804044000         1.3403916554         1.9316230429         0.0605034650
        0.1854196000         1.3378393285         1.9341749203        -0.0059838592
        0.1904564000         1.3301823480         1.9290711654        -0.2054458319
        0.1954355000         1.3454963091         1.9392786752         0.1934781135
        0.2004119000         1.3352870017         1.9341749203        -0.0724711834
        0.2054257000         1.3403916554         1.9316230429         0.0605034650
        0.2104139000         1.3378393285         1.9316230429        -0.0059838592
        0.2154127000         1.3378393285         1.9316230429        -0.0059838592
        0.2204046000         1.3454963091         1.9392786752         0.1934781135
        0.2254713000         1.3301823480         1.9265192879        -0.2054458319
        0.2304231000         1.3454963091         1.9316230429         0.1934781135
        0.2354277000         1.3454963091         1.9392786752         0.1934781135
        0.2404156000         1.3378393285         1.9341749203        -0.0059838592
        0.2453840000         1.3301823480         1.9239674105        -0.2054458319
        0.2504002000         1.3454963091         1.9367267978         0.1934781135
        0.2554834000         1.3327346748         1.9265192879        -0.1389585076
        0.2604851000         1.3429439823         1.9392786752         0.1269907893
        0.2654011000         1.3301823480         1.9265192879        -0.2054458319
        0.2704289000         1.3403916554         1.9392786752         0.0605034650
        0.2754248000         1.3378393285         1.9341749203        -0.0059838592
        0.2805599000         1.3327346748         1.9265192879        -0.1389585076
        0.2854983000         1.3403916554         1.9418305527         0.0605034650
        0.2904266000         1.3327346748         1.9239674105        -0.1389585076
        0.2954258000         1.3429439823         1.9367267978         0.1269907893
        0.3003750000         1.3403916554         1.9341749203         0.0605034650
        0.3054271000         1.3327346748         1.9239674105        -0.1389585076
        0.3104089000         1.3352870017         1.9341749203        -0.0724711834
        0.3154384000         1.3429439823         1.9367267978         0.1269907893
        0.3204195000         1.3403916554         1.9341749203         0.0605034650
        0.3254281000         1.3327346748         1.9290711654        -0.1389585076
        0.3304170000         1.3378393285         1.9341749203        -0.0059838592
        0.3354074000         1.3429439823         1.9367267978         0.1269907893
        0.3405189000         1.3378393285         1.9341749203        -0.0059838592
        0.3454147000         1.3378393285         1.9316230429        -0.0059838592
        0.3504231000         1.3454963091         1.9392786752         0.1934781135
        0.3554073000         1.3327346748         1.9290711654        -0.1389585076
        0.3604200000         1.3352870017         1.9341749203        -0.0724711834
        0.3654295000         1.3429439823         1.9367267978         0.1269907893
        0.3704169000         1.3378393285         1.9341749203        -0.0059838592
        0.3754185000         1.3327346748         1.9290711654        -0.1389585076
        0.3804238000         1.3378393285         1.9341749203        -0.0059838592
        0.3854743000         1.3454963091         1.9367267978         0.1934781135
        0.3904541000         1.3378393285         1.9341749203        -0.0059838592
        0.3954265000         1.3352870017         1.9341749203        -0.0724711834
        0.4004356000         1.3378393285         1.9265192879        -0.0059838592
        0.4054453000         1.3327346748         1.9265192879        -0.1389585076
        0.4104330000         1.3403916554         1.9316230429         0.0605034650
        0.4154155000         1.3429439823         1.9367267978         0.1269907893
        0.4204223000         1.3327346748         1.9265192879        -0.1389585076
        0.4254038000         1.3327346748         1.9265192879        -0.1389585076
        0.4304180000         1.3429439823         1.9392786752         0.1269907893
        0.4354258000         1.3327346748         1.9290711654        -0.1389585076
        0.4404037000         1.3301823480         1.9290711654        -0.2054458319
        0.4454193000         1.3429439823         1.9392786752         0.1269907893
        0.4504264000         1.3327346748         1.9265192879        -0.1389585076
        0.4554140000         1.3659149240         1.9392786752         0.7253767073
        0.4604172000         1.3378393285         1.9341749203        -0.0059838592
        0.4654253000         1.3352870017         1.9341749203        -0.0724711834
        0.4704140000         1.3327346748         1.9290711654        -0.1389585076
        0.4754191000         1.3403916554         1.9316230429         0.0605034650
        0.4804253000         1.3429439823         1.9341749203         0.1269907893
        0.4854134000         1.3429439823         1.9341749203         0.1269907893
        0.4904260000         1.3429439823         1.9392786752         0.1269907893
        0.4954250000         1.3327346748         1.9265192879        -0.1389585076
        0.5004396000         1.3378393285         1.9341749203        -0.0059838592
        0.5054188000         1.3429439823         1.9392786752         0.1269907893
        0.5104292000         1.3327346748         1.9239674105        -0.1389585076
        0.5154347000         1.3429439823         1.9341749203         0.1269907893
        0.5204932000         1.3378393285         1.9341749203        -0.0059838592
        0.5254930000         1.3454963091         1.9392786752         0.1934781135
        0.5304096000         1.3378393285         1.9341749203        -0.0059838592
        0.5354337000         1.3378393285         1.9341749203        -0.0059838592
        0.5404307000         1.3378393285         1.9341749203        -0.0059838592
        0.5454196000         1.3327346748         1.9265192879        -0.1389585076
        0.5504269000         1.3429439823         1.9392786752         0.1269907893
        0.5554321000         1.3352870017         1.9341749203        -0.0724711834
        0.5605061000         1.3327346748         1.9265192879        -0.1389585076
        0.5654273000         1.3429439823         1.9418305527         0.1269907893
        0.5704074000         1.3378393285         1.9341749203        -0.0059838592
        0.5754124000         1.3378393285         1.9341749203        -0.0059838592
        0.5804263000         1.3378393285         1.9341749203        -0.0059838592
        0.5854181000         1.3301823480         1.9265192879        -0.2054458319
        0.5904199000         1.3429439823         1.9367267978         0.1269907893
        0.5954285000         1.3327346748         1.9290711654        -0.1389585076
        0.6004096000         1.3378393285         1.9341749203        -0.0059838592
        0.6054181000         1.3352870017         1.9316230429        -0.0724711834
        0.6104084000         1.3301823480         1.9265192879        -0.2054458319
        0.6157007000         1.3378393285         1.9341749203        -0.0059838592
        0.6204226000         1.3352870017         1.9341749203        -0.0724711834
        0.6254342000         1.3378393285         1.9316230429        -0.0059838592
        0.6304184000         1.3454963091         1.9367267978         0.1934781135
        0.6354231000         1.3327346748         1.9341749203        -0.1389585076
        0.6404330000         1.3327346748         1.9290711654        -0.1389585076
        0.6454370000         1.3352870017         1.9316230429        -0.0724711834
        0.6504238000         1.3454963091         1.9341749203         0.1934781135
        0.6554127000         1.3352870017         1.9341749203        -0.0724711834
        0.6604190000         1.3429439823         1.9392786752         0.1269907893
        0.6654242000         1.3301823480         1.9290711654        -0.2054458319
        0.6704147000         1.3378393285         1.9316230429        -0.0059838592
        0.6754742000         1.3378393285         1.9316230429        -0.0059838592
        0.6804573000         1.3378393285         1.9341749203        -0.0059838592
        0.6854124000         1.3378393285         1.9341749203        -0.0059838592
        0.6904165000         1.3301823480         1.9265192879        -0.2054458319
        0.6954237000         1.3378393285         1.9316230429        -0.0059838592
        0.7004154000         1.3327346748         1.9265192879        -0.1389585076
        0.7054093000         1.3429439823         1.9367267978         0.1269907893
        0.7104260000         1.3327346748         1.9265192879        -0.1389585076
        0.7154038000         1.3378393285         1.9316230429        -0.0059838592
        0.7204374000         1.3480486360         1.9265192879         0.2599654377
        0.7254252000         1.3352870017         1.9265192879        -0.0724711834
        0.7304358000         1.3378393285         1.9316230429        -0.0059838592
        0.7354192000         1.3403916554         1.9392786752         0.0605034650
        0.7403983000         1.3378393285         1.9341749203        -0.0059838592
        0.7454174000         1.3327346748         1.9290711654        -0.1389585076
        0.7504265000         1.3429439823         1.9392786752         0.1269907893
        0.7554108000         1.3378393285         1.9316230429        -0.0059838592
        0.7604208000         1.3352870017         1.9316230429        -0.0724711834
        0.7654217000         1.3378393285         1.9341749203        -0.0059838592
        0.7704331000         1.3378393285         1.9341749203        -0.0059838592
        0.7754015000         1.3454963091         1.9367267978         0.1934781135
        0.7804179000         1.3352870017         1.9341749203        -0.0724711834
        0.7854148000         1.3352870017         1.9341749203        -0.0724711834
        0.7905303000         1.3378393285         1.9316230429        -0.0059838592
        0.7953950000         1.3378393285         1.9341749203        -0.0059838592
        0.8003753000         1.3429439823         1.9392786752         0.1269907893
        0.8053903000         1.3327346748         1.9265192879        -0.1389585076
        0.8103970000         1.3327346748         1.9316230429        -0.1389585076
        0.8153866000         1.3327346748         1.9265192879        -0.1389585076
        0.8203920000         1.3352870017         1.9392786752        -0.0724711834
        0.8254083000         1.3378393285         1.9341749203        -0.0059838592
        0.8304168000         1.3378393285         1.9341749203        -0.0059838592
        0.8354154000         1.3378393285         1.9341749203        -0.0059838592
        0.8404322000         1.3378393285         1.9341749203        -0.0059838592
        0.8454138000         1.3454963091         1.9392786752         0.1934781135
        0.8503843000         1.3327346748         1.9290711654        -0.1389585076
        0.8553737000         1.3403916554         1.9341749203         0.0605034650
        0.8603928000         1.3352870017         1.9290711654        -0.0724711834
        0.8654116000         1.3378393285         1.9341749203        -0.0059838592
        0.8703766000         1.3378393285         1.9316230429        -0.0059838592
        0.8754184000         1.3378393285         1.9316230429        -0.0059838592
        0.8803981000         1.3378393285         1.9316230429        -0.0059838592
        0.8854389000         1.3378393285         1.9341749203        -0.0059838592
        0.8904410000         1.3378393285         1.9341749203        -0.0059838592
        0.8954248000         1.3352870017         1.9316230429        -0.0724711834
        0.9004269000         1.3378393285         1.9341749203        -0.0059838592
        0.9054144000         1.3429439823         1.9367267978         0.1269907893
        0.9103953000         1.3352870017         1.9341749203        -0.0724711834
        0.9154503000         1.3378393285         1.9341749203        -0.0059838592
        0.9204132000         1.3582579434         1.9392786752         0.5259147346
        0.9254202000         1.3352870017         1.9341749203        -0.0724711834
        0.9304290000         1.3301823480         1.9239674105        -0.2054458319
        0.9354191000         1.3327346748         1.9290711654        -0.1389585076
        0.9404279000         1.3454963091         1.9392786752         0.1934781135
        0.9454626000         1.3403916554         1.9316230429         0.0605034650
        0.9504130000         1.3378393285         1.9265192879        -0.0059838592
        0.9554300000         1.3403916554         1.9341749203         0.0605034650
        0.9604067000         1.3454963091         1.9392786752         0.1934781135
        0.9654217000         1.3327346748         1.9265192879        -0.1389585076
        0.9704269000         1.3378393285         1.9341749203        -0.0059838592
        0.9754731000         1.3454963091         1.9367267978         0.1934781135
        0.9804344000         1.3429439823         1.9392786752         0.1269907893
        0.9854378000         1.3327346748         1.9290711654        -0.1389585076
        0.9904175000         1.3429439823         1.9392786752         0.1269907893
        0.9954234000         1.3378393285         1.9341749203        -0.0059838592
        1.0004051000         1.3352870017         1.9316230429        -0.0724711834
        1.0054276000         1.3454963091         1.9392786752         0.1934781135
        1.0104521000         1.3378393285         1.9316230429        -0.0059838592
        1.0154590000         1.3327346748         1.9265192879        -0.1389585076
        1.0204606000         1.3378393285         1.9341749203        -0.0059838592
        1.0254479000         1.3403916554         1.9341749203         0.0605034650
        1.0304449000         1.3352870017         1.9341749203        -0.0724711834
        1.0355022000         1.3429439823         1.9367267978         0.1269907893
        1.0404193000         1.3429439823         1.9418305527         0.1269907893
        1.0454288000         1.3327346748         1.9316230429        -0.1389585076
        1.0503967000         1.3378393285         1.9316230429        -0.0059838592
        1.0554346000         1.3429439823         1.9316230429         0.1269907893
        1.0604444000         1.3378393285         1.9316230429        -0.0059838592
        1.0654222000         1.3454963091         1.9392786752         0.1934781135
        1.0704253000         1.3327346748         1.9265192879        -0.1389585076
        1.0754137000         1.3352870017         1.9316230429        -0.0724711834
        1.0804224000         1.3378393285         1.9341749203        -0.0059838592
        1.0854047000         1.3301823480         1.9239674105        -0.2054458319
        1.0904150000         1.3403916554         1.9341749203         0.0605034650
        1.0953949000         1.3378393285         1.9367267978        -0.0059838592
        1.1004016000         1.3352870017         1.9341749203        -0.0724711834
        1.1053924000         1.3378393285         1.9341749203        -0.0059838592
        1.1104452000         1.3454963091         1.9316230429         0.1934781135
        1.1154027000         1.3327346748         1.9265192879        -0.1389585076
        1.1204421000         1.3429439823         1.9392786752         0.1269907893
        1.1254543000         1.3352870017         1.9316230429        -0.0724711834
        1.1305216000         1.3378393285         1.9341749203        -0.0059838592
        1.1355602000         1.3378393285         1.9341749203        -0.0059838592
        1.1404580000         1.3327346748         1.9239674105        -0.1389585076
        1.1454521000         1.3378393285         1.9341749203        -0.0059838592
        1.1504389000         1.3378393285         1.9341749203        -0.0059838592
        1.1554317000         1.3454963091         1.9367267978         0.1934781135
        1.1604507000         1.3352870017         1.9316230429        -0.0724711834
        1.1654655000         1.3352870017         1.9316230429        -0.0724711834
        1.1704292000         1.3378393285         1.9341749203        -0.0059838592
        1.1753998000         1.3352870017         1.9341749203        -0.0724711834
        1.1803852000         1.3352870017         1.9341749203        -0.0724711834
        1.1854145000         1.3352870017         1.9341749203        -0.0724711834
        1.1903894000         1.3327346748         1.9290711654        -0.1389585076
        1.1954205000         1.3454963091         1.9367267978         0.1934781135
        1.2004243000         1.3327346748         1.9290711654        -0.1389585076
        1.2054160000         1.3378393285         1.9265192879        -0.0059838592
        1.2104152000         1.3352870017         1.9341749203        -0.0724711834
        1.2154227000         1.3454963091         1.9392786752         0.1934781135
        1.2204308000         1.3378393285         1.9316230429        -0.0059838592
        1.2254173000         1.3378393285         1.9341749203        -0.0059838592
        1.2304045000         1.3301823480         1.9265192879        -0.2054458319
        1.2353860000         1.3403916554         1.9316230429         0.0605034650
        1.2404076000         1.3301823480         1.9316230429        -0.2054458319
        1.2453981000         1.3429439823         1.9392786752         0.1269907893
        1.2504852000         1.3378393285         1.9341749203        -0.0059838592
        1.2554194000         1.3378393285         1.9341749203        -0.0059838592
        1.2604317000         1.3378393285         1.9367267978        -0.0059838592
        1.2654138000         1.3429439823         1.9392786752         0.1269907893
        1.2703938000         1.3327346748         1.9265192879        -0.1389585076
        1.2753764000         1.3378393285         1.9316230429        -0.0059838592
        1.2804324000         1.3378393285         1.9341749203        -0.0059838592
        1.2853925000         1.3327346748         1.9290711654        -0.1389585076
        1.2904074000         1.3378393285         1.9341749203        -0.0059838592
        1.2953883000         1.3378393285         1.9341749203        -0.0059838592
        1.3004000000         1.3429439823         1.9418305527         0.1269907893
        1.3053878000         1.3454963091         1.9392786752         0.1934781135
        1.3103898000         1.3403916554         1.9316230429         0.0605034650
        1.3154262000         1.3633625971         1.9392786752         0.6588893831
        1.3204338000         1.3378393285         1.9316230429        -0.0059838592
        1.3254158000         1.3378393285         1.9316230429        -0.0059838592
        1.3304492000         1.3327346748         1.9265192879        -0.1389585076
        1.3355205000         1.3378393285         1.9316230429        -0.0059838592
        1.3404260000         1.3429439823         1.9392786752         0.1269907893
        1.3454322000         1.3352870017         1.9316230429        -0.0724711834
        1.3504195000         1.3352870017         1.9316230429        -0.0724711834
        1.3554258000         1.3352870017         1.9316230429        -0.0724711834
        1.3604153000         1.3429439823         1.9392786752         0.1269907893
        1.3654342000         1.3327346748         1.9265192879        -0.1389585076
        1.3704349000         1.3454963091         1.9392786752         0.1934781135
        1.3754284000         1.3327346748         1.9290711654        -0.1389585076
        1.3804184000         1.3582579434         1.9316230429         0.5259147346
        1.3853708000         1.3352870017         1.9392786752        -0.0724711834
        1.3904019000         1.3378393285         1.9316230429        -0.0059838592
        1.3954129000         1.3454963091         1.9367267978         0.1934781135
        1.4004255000         1.3327346748         1.9265192879        -0.1389585076
        1.4054079000         1.3378393285         1.9316230429        -0.0059838592
        1.4104188000         1.3352870017         1.9316230429        -0.0724711834
        1.4154307000         1.3378393285         1.9341749203        -0.0059838592
        1.4204167000         1.3454963091         1.9392786752         0.1934781135
        1.4254402000         1.3327346748         1.9290711654        -0.1389585076
        1.4304324000         1.3429439823         1.9392786752         0.1269907893
        1.4354077000         1.3378393285         1.9316230429        -0.0059838592
        1.4404170000         1.3378393285         1.9341749203        -0.0059838592
        1.4454027000         1.3378393285         1.9316230429        -0.0059838592
        1.4504155000         1.3327346748         1.9265192879        -0.1389585076
        1.4554246000         1.3480486360         1.9367267978         0.2599654377
        1.4604690000         1.3327346748         1.9290711654        -0.1389585076
        1.4654329000         1.3301823480         1.9290711654        -0.2054458319
        1.4704187000         1.3454963091         1.9418305527         0.1934781135
        1.4754017000         1.3327346748         1.9265192879        -0.1389585076
        1.4804152000         1.3352870017         1.9392786752        -0.0724711834
        1.4854189000         1.3378393285         1.9341749203        -0.0059838592
        1.4904809000         1.3454963091         1.9392786752         0.1934781135
        1.4954206000         1.3301823480         1.9265192879        -0.2054458319
        1.5004328000         1.3352870017         1.9316230429        -0.0724711834
        1.5054390000         1.3378393285         1.9341749203        -0.0059838592
        1.5104224000         1.3454963091         1.9392786752         0.1934781135
        1.5154906000         1.3327346748         1.9265192879        -0.1389585076
        1.5204282000         1.3454963091         1.9367267978         0.1934781135
        1.5254212000         1.3301823480         1.9265192879        -0.2054458319
        1.5304279000         1.3403916554         1.9341749203         0.0605034650
        1.5354057000         1.3327346748         1.9265192879        -0.1389585076
        1.5404236000         1.3454963091         1.9367267978         0.1934781135
        1.5456029000         1.3378393285         1.9341749203        -0.0059838592
        1.5504333000         1.3429439823         1.9367267978         0.1269907893
        1.5554169000         1.3378393285         1.9367267978        -0.0059838592
        1.5604273000         1.3352870017         1.9316230429        -0.0724711834
        1.5654106000         1.3429439823         1.9392786752         0.1269907893
        1.5704331000         1.3378393285         1.9316230429        -0.0059838592
        1.5755147000         1.3378393285         1.9341749203        -0.0059838592
        1.5804182000         1.3378393285         1.9341749203        -0.0059838592
        1.5854262000         1.3378393285         1.9316230429        -0.0059838592
        1.5910014000         1.3378393285         1.9341749203        -0.0059838592
        1.5954118000         1.3582579434         1.9316230429         0.5259147346
        1.6004256000         1.3429439823         1.9392786752         0.1269907893
        1.6054328000         1.3327346748         1.9265192879        -0.1389585076
        1.6104194000         1.3378393285         1.9239674105        -0.0059838592
        1.6154035000         1.3378393285         1.9316230429        -0.0059838592
        1.6203823000         1.3454963091         1.9392786752         0.1934781135
        1.6254911000         1.3378393285         1.9316230429        -0.0059838592
        1.6304038000         1.3454963091         1.9367267978         0.1934781135
        1.6355017000         1.3327346748         1.9290711654        -0.1389585076
        1.6405002000         1.3403916554         1.9341749203         0.0605034650
        1.6454019000         1.3429439823         1.9367267978         0.1269907893
        1.6504002000         1.3454963091         1.9392786752         0.1934781135
        1.6554942000         1.3301823480         1.9290711654        -0.2054458319
        1.6604228000         1.3327346748         1.9265192879        -0.1389585076
        1.6654089000         1.3378393285         1.9341749203        -0.0059838592
        1.6704006000         1.3378393285         1.9341749203        -0.0059838592
        1.6753999000         1.3429439823         1.9392786752         0.1269907893
        1.6804078000         1.3378393285         1.9316230429        -0.0059838592
        1.6853987000         1.3352870017         1.9341749203        -0.0724711834
        1.6904047000         1.3378393285         1.9341749203        -0.0059838592
        1.6954142000         1.3378393285         1.9316230429        -0.0059838592
        1.7003930000         1.3378393285         1.9239674105        -0.0059838592
        1.7056429000         1.3301823480         1.9265192879        -0.2054458319
        1.7105208000         1.3301823480         1.9239674105        -0.2054458319
        1.7155052000         1.3506009628         1.9392786752         0.3264527620
        1.7204066000         1.3378393285         1.9316230429        -0.0059838592
        1.7254065000         1.3327346748         1.9265192879        -0.1389585076
        1.7303773000         1.3582579434         1.9316230429         0.5259147346
        1.7354966000         1.3429439823         1.9367267978         0.1269907893
        1.7404188000         1.3301823480         1.9316230429        -0.2054458319
        1.7453965000         1.3301823480         1.9265192879        -0.2054458319
        1.7503770000         1.3378393285         1.9316230429        -0.0059838592
        1.7553894000         1.3327346748         1.9316230429        -0.1389585076
        1.7603772000         1.3327346748         1.9265192879        -0.1389585076
        1.7654165000         1.3378393285         1.9316230429        -0.0059838592
        1.7704158000         1.3429439823         1.9367267978         0.1269907893
        1.7754026000         1.3327346748         1.9341749203        -0.1389585076
        1.7803861000         1.3378393285         1.9341749203        -0.0059838592
        1.7853972000         1.3378393285         1.9290711654        -0.0059838592
        1.7903763000         1.3403916554         1.9239674105         0.0605034650
        1.7959289000         1.3378393285         1.9392786752        -0.0059838592
        1.8003937000         1.3327346748         1.9265192879        -0.1389585076
        1.8054930000         1.3378393285         1.9316230429        -0.0059838592
        1.8103881000         1.3378393285         1.9316230429        -0.0059838592
        1.8154050000         1.3531532897         1.9316230429         0.3929400862
        1.8204103000         1.3327346748         1.9265192879        -0.1389585076
        1.8254398000         1.3429439823         1.9367267978         0.1269907893
        1.8304264000         1.3378393285         1.9341749203        -0.0059838592
        1.8354133000         1.3378393285         1.9316230429        -0.0059838592
        1.8404166000         1.3454963091         1.9418305527         0.1934781135
        1.8454025000         1.3378393285         1.9316230429        -0.0059838592
        1.8504135000         1.3378393285         1.9341749203        -0.0059838592
        1.8554125000         1.3403916554         1.9341749203         0.0605034650
        1.8604195000         1.3327346748         1.9265192879        -0.1389585076
        1.8654126000         1.3378393285         1.9341749203        -0.0059838592
        1.8704262000         1.3352870017         1.9341749203        -0.0724711834
        1.8754244000         1.3378393285         1.9341749203        -0.0059838592
        1.8804389000         1.3403916554         1.9392786752         0.0605034650
        1.8854225000         1.3378393285         1.9265192879        -0.0059838592
        1.8904294000         1.3454963091         1.9341749203         0.1934781135
        1.8954157000         1.3429439823         1.9316230429         0.1269907893
        1.9003957000         1.3378393285         1.9316230429        -0.0059838592
        1.9054482000         1.3301823480         1.9290711654        -0.2054458319
        1.9104531000         1.3454963091         1.9418305527         0.1934781135
        1.9154225000         1.3327346748         1.9290711654        -0.1389585076
        1.9204644000         1.3429439823         1.9367267978         0.1269907893
        1.9255218000         1.3327346748         1.9265192879        -0.1389585076
        1.9304182000         1.3429439823         1.9367267978         0.1269907893
        1.9354296000         1.3327346748         1.9316230429        -0.1389585076
        1.9404246000         1.3352870017         1.9341749203        -0.0724711834
        1.9454361000         1.3378393285         1.9265192879        -0.0059838592
        1.9504521000         1.3403916554         1.9341749203         0.0605034650
        1.9554139000         1.3454963091         1.9392786752         0.1934781135
        1.9604158000         1.3378393285         1.9316230429        -0.0059838592
        1.9654734000         1.3454963091         1.9392786752         0.1934781135
        1.9704145000         1.3301823480         1.9265192879        -0.2054458319
        1.9754206000         1.3429439823         1.9367267978         0.1269907893
        1.9804160000         1.3378393285         1.9316230429        -0.0059838592
        1.9854251000         1.3378393285         1.9265192879        -0.0059838592
        1.9904176000         1.3378393285         1.9290711654        -0.0059838592
        1.9954847000         1.3454963091         1.9367267978         0.1934781135
        2.0007014000         1.3327346748         1.9265192879        -0.1389585076
        2.0054978000         1.3403916554         1.9316230429         0.0605034650
        2.0104390000         1.3352870017         1.9290711654        -0.0724711834
        2.0154009000         1.3429439823         1.9392786752         0.1269907893
        2.0204923000         1.3327346748         1.9265192879        -0.1389585076
        2.0253884000         1.3429439823         1.9392786752         0.1269907893
        2.0303982000         1.3429439823         1.9265192879         0.1269907893
        2.0353772000         1.3403916554         1.9341749203         0.0605034650
        2.0404179000         1.3454963091         1.9367267978         0.1934781135
        2.0453963000         1.3301823480         1.9265192879        -0.2054458319
        2.0504119000         1.3352870017         1.9316230429        -0.0724711834
        2.0553879000         1.3454963091         1.9392786752         0.1934781135
        2.0604297000         1.3429439823         1.9392786752         0.1269907893
        2.0655030000         1.3378393285         1.9290711654        -0.0059838592
        2.0705181000         1.3378393285         1.9341749203        -0.0059838592
        2.0754300000         1.3378393285         1.9341749203        -0.0059838592
        2.0804133000         1.3429439823         1.9341749203         0.1269907893
        2.0854248000         1.3378393285         1.9418305527        -0.0059838592
        2.0905351000         1.3378393285         1.9265192879        -0.0059838592
        2.0954232000         1.3327346748         1.9265192879        -0.1389585076
        2.1004263000         1.3378393285         1.9341749203        -0.0059838592
        2.1054036000         1.3429439823         1.9367267978         0.1269907893
        2.1105179000         1.3557056165         1.9316230429         0.4594274104
        2.1154276000         1.3429439823         1.9341749203         0.1269907893
        2.1204064000         1.3352870017         1.9341749203        -0.0724711834
        2.1254146000         1.3378393285         1.9316230429        -0.0059838592
        2.1304225000         1.3378393285         1.9316230429        -0.0059838592
        2.1354042000         1.3327346748         1.9265192879        -0.1389585076
        2.1404214000         1.3378393285         1.9316230429        -0.0059838592
        2.1454265000         1.3352870017         1.9316230429        -0.0724711834
        2.1504046000         1.3327346748         1.9265192879        -0.1389585076
        2.1554164000         1.3378393285         1.9341749203        -0.0059838592
        2.1604424000         1.3454963091         1.9341749203         0.1934781135
        2.1655338000         1.3378393285         1.9392786752        -0.0059838592
        2.1704481000         1.3429439823         1.9367267978         0.1269907893
        2.1754391000         1.3480486360         1.9341749203         0.2599654377
        2.1804012000         1.3352870017         1.9316230429        -0.0724711834
        2.1855199000         1.3352870017         1.9341749203        -0.0724711834
        2.1904014000         1.3403916554         1.9316230429         0.0605034650
        2.1954177000         1.3429439823         1.9392786752         0.1269907893
        2.2004185000         1.3352870017         1.9316230429        -0.0724711834
        2.2054274000         1.3327346748         1.9290711654        -0.1389585076
        2.2104749000         1.3301823480         1.9265192879        -0.2054458319
        2.2154239000         1.3429439823         1.9367267978         0.1269907893
        2.2204256000         1.3301823480         1.9265192879        -0.2054458319
        2.2254134000         1.3378393285         1.9316230429        -0.0059838592
        2.2307745000         1.3378393285         1.9316230429        -0.0059838592
        2.2355821000         1.3378393285         1.9341749203        -0.0059838592
        2.2404241000         1.3454963091         1.9392786752         0.1934781135
        2.2454119000         1.3454963091         1.9265192879         0.1934781135
        2.2504223000         1.3429439823         1.9316230429         0.1269907893
        2.2554157000         1.3454963091         1.9392786752         0.1934781135
        2.2604482000         1.3301823480         1.9265192879        -0.2054458319
        2.2655319000         1.3454963091         1.9367267978         0.1934781135
        2.2704313000         1.3352870017         1.9316230429        -0.0724711834
        2.2754378000         1.3454963091         1.9367267978         0.1934781135
        2.2807100000         1.3378393285         1.9341749203        -0.0059838592
        2.2854906000         1.3378393285         1.9341749203        -0.0059838592
        2.2904165000         1.3378393285         1.9341749203        -0.0059838592
        2.2954837000         1.3429439823         1.9367267978         0.1269907893
        2.3003908000         1.3301823480         1.9290711654        -0.2054458319
        2.3053965000         1.3403916554         1.9316230429         0.0605034650
        2.3103893000         1.3378393285         1.9341749203        -0.0059838592
        2.3153917000         1.3454963091         1.9392786752         0.1934781135
        2.3205118000         1.3454963091         1.9341749203         0.1934781135
        2.3253906000         1.3403916554         1.9341749203         0.0605034650
        2.3303902000         1.3454963091         1.9392786752         0.1934781135
        2.3355085000         1.3378393285         1.9316230429        -0.0059838592
        2.3404187000         1.3429439823         1.9367267978         0.1269907893
        2.3454235000         1.3327346748         1.9265192879        -0.1389585076
        2.3504190000         1.3378393285         1.9316230429        -0.0059838592
        2.3554223000         1.3378393285         1.9341749203        -0.0059838592
        2.3604341000         1.3378393285         1.9341749203        -0.0059838592
        2.3655110000         1.3403916554         1.9341749203         0.0605034650
        2.3704184000         1.3327346748         1.9265192879        -0.1389585076
        2.3756297000         1.3454963091         1.9367267978         0.1934781135
        2.3805115000         1.3378393285         1.9290711654        -0.0059838592
        2.3854202000         1.3531532897         1.9392786752         0.3929400862
        2.3904193000         1.3250776943         1.9290711654        -0.3384204803
        2.3955079000         1.3429439823         1.9367267978         0.1269907893
        2.4004170000         1.3378393285         1.9341749203        -0.0059838592
        2.4054226000         1.3403916554         1.9341749203         0.0605034650
        2.4104118000         1.3429439823         1.9418305527         0.1269907893
        2.4154877000         1.3429439823         1.9341749203         0.1269907893
        2.4205732000         1.3378393285         1.9341749203        -0.0059838592
        2.4254805000         1.3378393285         1.9265192879        -0.0059838592
        2.4303725000         1.3327346748         1.9265192879        -0.1389585076
        2.4354780000         1.3352870017         1.9341749203        -0.0724711834
        2.4403917000         1.3352870017         1.9341749203        -0.0724711834
        2.4453960000         1.3301823480         1.9265192879        -0.2054458319
        2.4504854000         1.3454963091         1.9392786752         0.1934781135
        2.4554106000         1.3378393285         1.9341749203        -0.0059838592
        2.4604206000         1.3403916554         1.9341749203         0.0605034650
        2.4654113000         1.3378393285         1.9316230429        -0.0059838592
        2.4703930000         1.3378393285         1.9316230429        -0.0059838592
        2.4754213000         1.3378393285         1.9341749203        -0.0059838592
        2.4803795000         1.3301823480         1.9290711654        -0.2054458319
        2.4854160000         1.3454963091         1.9392786752         0.1934781135
        2.4904187000         1.3352870017         1.9316230429        -0.0724711834
        2.4955348000         1.3454963091         1.9367267978         0.1934781135
        2.5004514000         1.3352870017         1.9316230429        -0.0724711834
        2.5054464000         1.3378393285         1.9341749203        -0.0059838592
        2.5106120000         1.3327346748         1.9239674105        -0.1389585076
        2.5154139000         1.3378393285         1.9316230429        -0.0059838592
        2.5204893000         1.3301823480         1.9265192879        -0.2054458319
        2.5254837000         1.3378393285         1.9367267978        -0.0059838592
        2.5303968000         1.3327346748         1.9265192879        -0.1389585076
        2.5354028000         1.3429439823         1.9367267978         0.1269907893
        2.5404202000         1.3378393285         1.9341749203        -0.0059838592
        2.5454307000         1.3301823480         1.9265192879        -0.2054458319
        2.5504258000         1.3429439823         1.9392786752         0.1269907893
        2.5554103000         1.3378393285         1.9316230429        -0.0059838592
        2.5604945000         1.3378393285         1.9316230429        -0.0059838592
        2.5655176000         1.3378393285         1.9265192879        -0.0059838592
        2.5704155000         1.3327346748         1.9265192879        -0.1389585076
        2.5755061000         1.3454963091         1.9367267978         0.1934781135
        2.5805056000         1.3378393285         1.9316230429        -0.0059838592
        2.5854172000         1.3378393285         1.9316230429        -0.0059838592
        2.5905185000         1.3429439823         1.9316230429         0.1269907893
        2.5954264000         1.3429439823         1.9392786752         0.1269907893
        2.6004292000         1.3378393285         1.9316230429        -0.0059838592
        2.6054229000         1.3327346748         1.9265192879        -0.1389585076
        2.6104081000         1.3429439823         1.9392786752         0.1269907893
        2.6153995000         1.3378393285         1.9316230429        -0.0059838592
        2.6204288000         1.3378393285         1.9341749203        -0.0059838592
        2.6254821000         1.3378393285         1.9316230429        -0.0059838592
        2.6304411000         1.3454963091         1.9392786752         0.1934781135
        2.6353967000         1.3378393285         1.9341749203        -0.0059838592
        2.6404134000         1.3378393285         1.9316230429        -0.0059838592
        2.6454222000         1.3429439823         1.9392786752         0.1269907893
        2.6504096000         1.3327346748         1.9341749203        -0.1389585076
        2.6554143000         1.3352870017         1.9316230429        -0.0724711834
        2.6604529000         1.3327346748         1.9265192879        -0.1389585076
        2.6653926000         1.3378393285         1.9316230429        -0.0059838592
        2.6704178000         1.3327346748         1.9290711654        -0.1389585076
        2.6755151000         1.3378393285         1.9239674105        -0.0059838592
        2.6804249000         1.3378393285         1.9392786752        -0.0059838592
        2.6853955000         1.3327346748         1.9290711654        -0.1389585076
        2.6905241000         1.3429439823         1.9392786752         0.1269907893
        2.6955054000         1.3378393285         1.9265192879        -0.0059838592
        2.7004438000         1.3378393285         1.9316230429        -0.0059838592
        2.7054444000         1.3327346748         1.9265192879        -0.1389585076
        2.7104448000         1.3429439823         1.9316230429         0.1269907893
        2.7154843000         1.3378393285         1.9316230429        -0.0059838592
        2.7204065000         1.3378393285         1.9341749203        -0.0059838592
        2.7254113000         1.3301823480         1.9341749203        -0.2054458319
        2.7303904000         1.3378393285         1.9316230429        -0.0059838592
        2.7354012000         1.3429439823         1.9367267978         0.1269907893
        2.7404771000         1.3557056165         1.9367267978         0.4594274104
        2.7454748000         1.3429439823         1.9392786752         0.1269907893
        2.7504776000         1.3327346748         1.9265192879        -0.1389585076
        2.7554210000         1.3352870017         1.9316230429        -0.0724711834
        2.7603928000         1.3378393285         1.9316230429        -0.0059838592
        2.7655487000         1.3454963091         1.9341749203         0.1934781135
        2.7704140000         1.3454963091         1.9367267978         0.1934781135
        2.7754034000         1.3301823480         1.9316230429        -0.2054458319
        2.7804107000         1.3454963091         1.9367267978         0.1934781135
        2.7854121000         1.3378393285         1.9341749203        -0.0059838592
        2.7904948000         1.3429439823         1.9367267978         0.1269907893
        2.7954741000         1.3378393285         1.9341749203        -0.0059838592
        2.8004262000         1.3378393285         1.9341749203        -0.0059838592
        2.8055129000         1.3429439823         1.9392786752         0.1269907893
        2.8104070000         1.3403916554         1.9316230429         0.0605034650
        2.8155028000         1.3378393285         1.9316230429        -0.0059838592
        2.8203973000         1.3378393285         1.9341749203        -0.0059838592
        2.8254095000         1.3327346748         1.9265192879        -0.1389585076
        2.8304200000         1.3429439823         1.9392786752         0.1269907893
        2.8354067000         1.3378393285         1.9316230429        -0.0059838592
        2.8404133000         1.3327346748         1.9290711654        -0.1389585076
        2.8454216000         1.3352870017         1.9316230429        -0.0724711834
        2.8505017000         1.3429439823         1.9392786752         0.1269907893
        2.8554143000         1.3429439823         1.9367267978         0.1269907893
        2.8604172000         1.3327346748         1.9290711654        -0.1389585076
        2.8654396000         1.3301823480         1.9290711654        -0.2054458319
        2.8704180000         1.3429439823         1.9392786752         0.1269907893
        2.8755081000         1.3378393285         1.9341749203        -0.0059838592
        2.8805041000         1.3378393285         1.9341749203        -0.0059838592
        2.8855068000         1.3378393285         1.9341749203        -0.0059838592
        2.8904843000         1.3378393285         1.9341749203        -0.0059838592
        2.8955052000         1.3480486360         1.9316230429         0.2599654377
        2.9004178000         1.3378393285         1.9316230429        -0.0059838592
        2.9055032000         1.3403916554         1.9341749203         0.0605034650
        2.9105017000         1.3301823480         1.9265192879        -0.2054458319
        2.9154128000         1.3378393285         1.9316230429        -0.0059838592
        2.9205026000         1.3378393285         1.9341749203        -0.0059838592
        2.9254603000         1.3378393285         1.9265192879        -0.0059838592
        2.9305003000         1.3454963091         1.9392786752         0.1934781135
        2.9355013000         1.3378393285         1.9316230429        -0.0059838592
        2.9405009000         1.3454963091         1.9392786752         0.1934781135
        2.9454151000         1.3429439823         1.9341749203         0.1269907893
        2.9504147000         1.3454963091         1.9392786752         0.1934781135
        2.9554184000         1.3378393285         1.9341749203        -0.0059838592
        2.9604741000         1.3327346748         1.9265192879        -0.1389585076
        2.9655060000         1.3429439823         1.9341749203         0.1269907893
        2.9704114000         1.3352870017         1.9341749203        -0.0724711834
        2.9754173000         1.3429439823         1.9418305527         0.1269907893
        2.9804112000         1.3429439823         1.9392786752         0.1269907893
        2.9854159000         1.3378393285         1.9341749203        -0.0059838592
        2.9904854000         1.3378393285         1.9316230429        -0.0059838592
        2.9954808000         1.3352870017         1.9316230429        -0.0724711834
        3.0004195000         1.3378393285         1.9341749203        -0.0059838592
        3.0055259000         1.3352870017         1.9341749203        -0.0724711834
        3.0105332000         1.3352870017         1.9367267978        -0.0724711834
        3.0155357000         1.3301823480         1.9316230429        -0.2054458319
        3.0204448000         1.3301823480         1.9290711654        -0.2054458319
        3.0255358000         1.3454963091         1.9392786752         0.1934781135
        3.0305305000         1.3327346748         1.9265192879        -0.1389585076
        3.0355056000         1.3557056165         1.9239674105         0.4594274104
        3.0404892000         1.3378393285         1.9341749203        -0.0059838592
        3.0454814000         1.3378393285         1.9341749203        -0.0059838592
        3.0504733000         1.3327346748         1.9265192879        -0.1389585076
        3.0555156000         1.3301823480         1.9290711654        -0.2054458319
        3.0604813000         1.3378393285         1.9341749203        -0.0059838592
        3.0654760000         1.3327346748         1.9265192879        -0.1389585076
        3.0704776000         1.3429439823         1.9367267978         0.1269907893
        3.0753907000         1.3429439823         1.9367267978         0.1269907893
        3.0804724000         1.3327346748         1.9341749203        -0.1389585076
        3.0853872000         1.3327346748         1.9316230429        -0.1389585076
        3.0904735000         1.3352870017         1.9316230429        -0.0724711834
        3.0954723000         1.3454963091         1.9392786752         0.1934781135
        3.1004826000         1.3378393285         1.9290711654        -0.0059838592
        3.1054734000         1.3301823480         1.9290711654        -0.2054458319
        3.1104818000         1.3301823480         1.9265192879        -0.2054458319
        3.1154771000         1.3378393285         1.9316230429        -0.0059838592
        3.1204761000         1.3454963091         1.9392786752         0.1934781135
        3.1253809000         1.3378393285         1.9341749203        -0.0059838592
        3.1304793000         1.3429439823         1.9392786752         0.1269907893
        3.1354734000         1.3378393285         1.9341749203        -0.0059838592
        3.1404722000         1.3352870017         1.9341749203        -0.0724711834
        3.1453932000         1.3429439823         1.9392786752         0.1269907893
        3.1504949000         1.3301823480         1.9290711654        -0.2054458319
        3.1553826000         1.3378393285         1.9316230429        -0.0059838592
        3.1604027000         1.3378393285         1.9341749203        -0.0059838592
        3.1654741000         1.3327346748         1.9265192879        -0.1389585076
        3.1704715000         1.3327346748         1.9265192879        -0.1389585076
        3.1754741000         1.3403916554         1.9316230429         0.0605034650
        3.1804771000         1.3378393285         1.9316230429        -0.0059838592
        3.1853892000         1.3429439823         1.9367267978         0.1269907893
        3.1904870000         1.3429439823         1.9367267978         0.1269907893
        3.1953759000         1.3378393285         1.9341749203        -0.0059838592
        3.2004725000         1.3378393285         1.9341749203        -0.0059838592
        3.2054676000         1.3378393285         1.9341749203        -0.0059838592
        3.2103788000         1.3531532897         1.9265192879         0.3929400862
        3.2153760000         1.3378393285         1.9341749203        -0.0059838592
        3.2204727000         1.3454963091         1.9392786752         0.1934781135
        3.2253935000         1.3454963091         1.9392786752         0.1934781135
        3.2303877000         1.3352870017         1.9341749203        -0.0724711834
        3.2353813000         1.3352870017         1.9341749203        -0.0724711834
        3.2403861000         1.3403916554         1.9316230429         0.0605034650
        3.2454776000         1.3378393285         1.9341749203        -0.0059838592
        3.2505063000         1.3378393285         1.9316230429        -0.0059838592
        3.2554936000         1.3301823480         1.9290711654        -0.2054458319
        3.2604963000         1.3429439823         1.9341749203         0.1269907893
        3.2655412000         1.3454963091         1.9392786752         0.1934781135
        3.2704117000         1.3429439823         1.9367267978         0.1269907893
        3.2755027000         1.3352870017         1.9341749203        -0.0724711834
        3.2804226000         1.3250776943         1.9316230429        -0.3384204803
        3.2855080000         1.3403916554         1.9316230429         0.0605034650
        3.2904898000         1.3454963091         1.9392786752         0.1934781135
        3.2954685000         1.3327346748         1.9290711654        -0.1389585076
        3.3004961000         1.3378393285         1.9341749203        -0.0059838592
        3.3054747000         1.3378393285         1.9341749203        -0.0059838592
        3.3104154000         1.3378393285         1.9316230429        -0.0059838592
        3.3155176000         1.3403916554         1.9392786752         0.0605034650
        3.3205188000         1.3378393285         1.9316230429        -0.0059838592
        3.3254937000         1.3378393285         1.9341749203        -0.0059838592
        3.3304933000         1.3327346748         1.9265192879        -0.1389585076
        3.3354939000         1.3429439823         1.9367267978         0.1269907893
        3.3404204000         1.3429439823         1.9367267978         0.1269907893
        3.3455281000         1.3327346748         1.9341749203        -0.1389585076
        3.3505310000         1.3301823480         1.9265192879        -0.2054458319
        3.3554950000         1.3352870017         1.9341749203        -0.0724711834
        3.3604993000         1.3352870017         1.9316230429        -0.0724711834
        3.3654995000         1.3378393285         1.9316230429        -0.0059838592
        3.3704196000         1.3454963091         1.9392786752         0.1934781135
        3.3755405000         1.3352870017         1.9316230429        -0.0724711834
        3.3804427000         1.3429439823         1.9367267978         0.1269907893
        3.3854734000         1.3429439823         1.9392786752         0.1269907893
        3.3905176000         1.3327346748         1.9239674105        -0.1389585076
        3.3954941000         1.3506009628         1.9392786752         0.3264527620
        3.4004152000         1.3352870017         1.9316230429        -0.0724711834
        3.4054889000         1.3378393285         1.9341749203        -0.0059838592
        3.4104920000         1.3378393285         1.9341749203        -0.0059838592
        3.4154723000         1.3378393285         1.9316230429        -0.0059838592
        3.4205282000         1.3378393285         1.9316230429        -0.0059838592
        3.4254786000         1.3378393285         1.9341749203        -0.0059838592
        3.4304735000         1.3378393285         1.9341749203        -0.0059838592
        3.4354720000         1.3429439823         1.9392786752         0.1269907893
        3.4403873000         1.3378393285         1.9316230429        -0.0059838592
        3.4454738000         1.3352870017         1.9316230429        -0.0724711834
        3.4504773000         1.3378393285         1.9341749203        -0.0059838592
        3.4554784000         1.3352870017         1.9265192879        -0.0724711834
        3.4604722000         1.3378393285         1.9341749203        -0.0059838592
        3.4654816000         1.3557056165         1.9367267978         0.4594274104
        3.4704827000         1.3327346748         1.9265192879        -0.1389585076
        3.4754660000         1.3454963091         1.9367267978         0.1934781135
        3.4804704000         1.3378393285         1.9341749203        -0.0059838592
        3.4854691000         1.3378393285         1.9341749203        -0.0059838592
        3.4904651000         1.3429439823         1.9392786752         0.1269907893
        3.4954715000         1.3327346748         1.9265192879        -0.1389585076
        3.5004672000         1.3378393285         1.9316230429        -0.0059838592
        3.5054926000         1.3429439823         1.9418305527         0.1269907893
        3.5104661000         1.3327346748         1.9341749203        -0.1389585076
        3.5153946000         1.3352870017         1.9316230429        -0.0724711834
        3.5204809000         1.3429439823         1.9392786752         0.1269907893
        3.5254704000         1.3454963091         1.9367267978         0.1934781135
        3.5304648000         1.3403916554         1.9341749203         0.0605034650
        3.5354654000         1.3557056165         1.9341749203         0.4594274104
        3.5404644000         1.3352870017         1.9341749203        -0.0724711834
        3.5454652000         1.3301823480         1.9290711654        -0.2054458319
        3.5504832000         1.3327346748         1.9290711654        -0.1389585076
        3.5554736000         1.3327346748         1.9239674105        -0.1389585076
        3.5604899000         1.3327346748         1.9265192879        -0.1389585076
        3.5654914000         1.3327346748         1.9265192879        -0.1389585076
        3.5704732000         1.3378393285         1.9316230429        -0.0059838592
        3.5754718000         1.3352870017         1.9341749203        -0.0724711834
        3.5804760000         1.3378393285         1.9316230429        -0.0059838592
        3.5854769000         1.3454963091         1.9341749203         0.1934781135
        3.5904763000         1.3403916554         1.9290711654         0.0605034650
        3.5954656000         1.3327346748         1.9265192879        -0.1389585076
        3.6004621000         1.3378393285         1.9316230429        -0.0059838592
        3.6054655000         1.3506009628         1.9265192879         0.3264527620
        3.6104721000         1.3429439823         1.9418305527         0.1269907893
        3.6154661000         1.3378393285         1.9341749203        -0.0059838592
        3.6204790000         1.3403916554         1.9316230429         0.0605034650
        3.6254745000         1.3352870017         1.9316230429        -0.0724711834
        3.6304666000         1.3378393285         1.9341749203        -0.0059838592
        3.6353803000         1.3378393285         1.9341749203        -0.0059838592
        3.6404718000         1.3378393285         1.9341749203        -0.0059838592
        3.6454697000         1.3327346748         1.9290711654        -0.1389585076
        3.6504695000         1.3352870017         1.9341749203        -0.0724711834
        3.6554735000         1.3429439823         1.9392786752         0.1269907893
        3.6604796000         1.3378393285         1.9316230429        -0.0059838592
        3.6654701000         1.3378393285         1.9341749203        -0.0059838592
        3.6704973000         1.3378393285         1.9316230429        -0.0059838592
        3.6754750000         1.3454963091         1.9367267978         0.1934781135
        3.6804772000         1.3378393285         1.9316230429        -0.0059838592
        3.6854759000         1.3378393285         1.9341749203        -0.0059838592
        3.6905471000         1.3429439823         1.9392786752         0.1269907893
        3.6954754000         1.3378393285         1.9316230429        -0.0059838592
        3.7004649000         1.3378393285         1.9316230429        -0.0059838592
        3.7054641000         1.3378393285         1.9316230429        -0.0059838592
        3.7103773000         1.3403916554         1.9316230429         0.0605034650
        3.7154639000         1.3429439823         1.9341749203         0.1269907893
        3.7204689000         1.3327346748         1.9239674105        -0.1389585076
        3.7254792000         1.3454963091         1.9367267978         0.1934781135
        3.7304855000         1.3378393285         1.9341749203        -0.0059838592
        3.7354965000         1.3352870017         1.9316230429        -0.0724711834
        3.7404654000         1.3301823480         1.9265192879        -0.2054458319
        3.7453891000         1.3378393285         1.9341749203        -0.0059838592
        3.7504684000         1.3327346748         1.9265192879        -0.1389585076
        3.7554699000         1.3378393285         1.9316230429        -0.0059838592
        3.7604750000         1.3403916554         1.9265192879         0.0605034650
        3.7654792000         1.3429439823         1.9367267978         0.1269907893
        3.7704625000         1.3378393285         1.9316230429        -0.0059838592
        3.7753822000         1.3378393285         1.9341749203        -0.0059838592
        3.7804655000         1.3378393285         1.9265192879        -0.0059838592
        3.7854699000         1.3454963091         1.9367267978         0.1934781135
        3.7906307000         1.3454963091         1.9367267978         0.1934781135
        3.7954763000         1.3378393285         1.9341749203        -0.0059838592
        3.8004733000         1.3454963091         1.9392786752         0.1934781135
        3.8054652000         1.3378393285         1.9341749203        -0.0059838592
        3.8104797000         1.3378393285         1.9316230429        -0.0059838592
        3.8154636000         1.3378393285         1.9341749203        -0.0059838592
        3.8204672000         1.3403916554         1.9392786752         0.0605034650
        3.8254638000         1.3327346748         1.9265192879        -0.1389585076
        3.8304649000         1.3429439823         1.9392786752         0.1269907893
        3.8354662000         1.3378393285         1.9341749203        -0.0059838592
        3.8404671000         1.3454963091         1.9367267978         0.1934781135
        3.8454655000         1.3429439823         1.9392786752         0.1269907893
        3.8504651000         1.3378393285         1.9341749203        -0.0059838592
        3.8554733000         1.3378393285         1.9392786752        -0.0059838592
        3.8604598000         1.3327346748         1.9265192879        -0.1389585076
        3.8654730000         1.3352870017         1.9341749203        -0.0724711834
        3.8704740000         1.3429439823         1.9392786752         0.1269907893
        3.8754643000         1.3429439823         1.9392786752         0.1269907893
        3.8804609000         1.3301823480         1.9265192879        -0.2054458319
        3.8854672000         1.3429439823         1.9392786752         0.1269907893
        3.8904612000         1.3352870017         1.9316230429        -0.0724711834
        3.8954640000         1.3352870017         1.9341749203        -0.0724711834
        3.9004672000         1.3429439823         1.9418305527         0.1269907893
        3.9054742000         1.3378393285         1.9290711654        -0.0059838592
        3.9104643000         1.3327346748         1.9290711654        -0.1389585076
        3.9153741000         1.3301823480         1.9239674105        -0.2054458319
        3.9204628000         1.3454963091         1.9367267978         0.1934781135
        3.9254630000         1.3480486360         1.9367267978         0.2599654377
        3.9304605000         1.3582579434         1.9316230429         0.5259147346
        3.9354607000         1.3429439823         1.9392786752         0.1269907893
        3.9404586000         1.3378393285         1.9341749203        -0.0059838592
        3.9454650000         1.3378393285         1.9316230429        -0.0059838592
        3.9504531000         1.3454963091         1.9392786752         0.1934781135
        3.9554622000         1.3352870017         1.9341749203        -0.0724711834
        3.9606953000         1.3403916554         1.9392786752         0.0605034650
        3.9654675000         1.3378393285         1.9341749203        -0.0059838592
        3.9704721000         1.3301823480         1.9290711654        -0.2054458319
        3.9754696000         1.3378393285         1.9341749203        -0.0059838592
        3.9804626000         1.3429439823         1.9367267978         0.1269907893
        3.9854645000         1.3327346748         1.9290711654        -0.1389585076
        3.9904595000         1.3403916554         1.9418305527         0.0605034650
        3.9954585000         1.3531532897         1.9341749203         0.3929400862
        4.0004608000         1.3327346748         1.9265192879        -0.1389585076
        4.0054613000         1.3352870017         1.9341749203        -0.0724711834
        4.0104673000         1.3301823480         1.9290711654        -0.2054458319
        4.0154593000         1.3454963091         1.9392786752         0.1934781135
        4.0204702000         1.3327346748         1.9265192879        -0.1389585076
        4.0254651000         1.3378393285         1.9341749203        -0.0059838592
        4.0304649000         1.3352870017         1.9316230429        -0.0724711834
        4.0354642000         1.3327346748         1.9265192879        -0.1389585076
        4.0404811000         1.3352870017         1.9341749203        -0.0724711834
        4.0454587000         1.3403916554         1.9341749203         0.0605034650
        4.0504533000         1.3378393285         1.9316230429        -0.0059838592
        4.0554668000         1.3378393285         1.9316230429        -0.0059838592
        4.0604750000         1.3454963091         1.9367267978         0.1934781135
        4.0654587000         1.3301823480         1.9265192879        -0.2054458319
        4.0704641000         1.3557056165         1.9367267978         0.4594274104
        4.0754562000         1.3429439823         1.9392786752         0.1269907893
        4.0804635000         1.3378393285         1.9341749203        -0.0059838592
        4.0853751000         1.3378393285         1.9316230429        -0.0059838592
        4.0904555000         1.3378393285         1.9341749203        -0.0059838592
        4.0954566000         1.3352870017         1.9316230429        -0.0724711834
        4.1004620000         1.3454963091         1.9392786752         0.1934781135
        4.1054556000         1.3378393285         1.9367267978        -0.0059838592
        4.1104645000         1.3378393285         1.9316230429        -0.0059838592
        4.1154615000         1.3429439823         1.9392786752         0.1269907893
        4.1204599000         1.3378393285         1.9316230429        -0.0059838592
        4.1254589000         1.3378393285         1.9316230429        -0.0059838592
        4.1304608000         1.3327346748         1.9265192879        -0.1389585076
        4.1354564000         1.3378393285         1.9316230429        -0.0059838592
        4.1404593000         1.3480486360         1.9392786752         0.2599654377
        4.1455007000         1.3378393285         1.9341749203        -0.0059838592
        4.1508583000         1.3327346748         1.9265192879        -0.1389585076
        4.1554805000         1.3378393285         1.9341749203        -0.0059838592
        4.1604670000         1.3378393285         1.9316230429        -0.0059838592
        4.1654600000         1.3429439823         1.9367267978         0.1269907893
        4.1704569000         1.3429439823         1.9392786752         0.1269907893
        4.1754691000         1.3378393285         1.9316230429        -0.0059838592
        4.1804660000         1.3327346748         1.9265192879        -0.1389585076
        4.1854612000         1.3327346748         1.9290711654        -0.1389585076
        4.1904581000         1.3352870017         1.9316230429        -0.0724711834
        4.1954636000         1.3403916554         1.9341749203         0.0605034650
        4.2004562000         1.3403916554         1.9316230429         0.0605034650
        4.2054549000         1.3429439823         1.9392786752         0.1269907893
        4.2104497000         1.3378393285         1.9265192879        -0.0059838592
        4.2154546000         1.3352870017         1.9392786752        -0.0724711834
        4.2204544000         1.3378393285         1.9341749203        -0.0059838592
        4.2254697000         1.3378393285         1.9290711654        -0.0059838592
        4.2304609000         1.3429439823         1.9367267978         0.1269907893
        4.2354570000         1.3378393285         1.9341749203        -0.0059838592
        4.2404533000         1.3403916554         1.9316230429         0.0605034650
        4.2454709000         1.3429439823         1.9392786752         0.1269907893
        4.2504562000         1.3327346748         1.9265192879        -0.1389585076
        4.2555520000         1.3429439823         1.9367267978         0.1269907893
        4.2604600000         1.3378393285         1.9341749203        -0.0059838592
        4.2654666000         1.3429439823         1.9341749203         0.1269907893
        4.2705195000         1.3454963091         1.9392786752         0.1934781135
        4.2758221000         1.3378393285         1.9341749203        -0.0059838592
        4.2804627000         1.3327346748         1.9265192879        -0.1389585076
        4.2854594000         1.3327346748         1.9290711654        -0.1389585076
        4.2904647000         1.3429439823         1.9367267978         0.1269907893
        4.2954564000         1.3454963091         1.9392786752         0.1934781135
        4.3004606000         1.3352870017         1.9341749203        -0.0724711834
        4.3054559000         1.3378393285         1.9316230429        -0.0059838592
        4.3104569000         1.3352870017         1.9341749203        -0.0724711834
        4.3154589000         1.3454963091         1.9367267978         0.1934781135
        4.3204594000         1.3327346748         1.9341749203        -0.1389585076
        4.3254601000         1.3429439823         1.9316230429         0.1269907893
        4.3304664000         1.3403916554         1.9341749203         0.0605034650
        4.3354595000         1.3429439823         1.9392786752         0.1269907893
        4.3404564000         1.3378393285         1.9341749203        -0.0059838592
        4.3454603000         1.3327346748         1.9290711654        -0.1389585076
        4.3505838000         1.3327346748         1.9265192879        -0.1389585076
        4.3555096000         1.3429439823         1.9341749203         0.1269907893
        4.3604650000         1.3352870017         1.9341749203        -0.0724711834
        4.3654535000         1.3327346748         1.9290711654        -0.1389585076
        4.3705732000         1.3454963091         1.9367267978         0.1934781135
        4.3754847000         1.3352870017         1.9316230429        -0.0724711834
        4.3804669000         1.3429439823         1.9392786752         0.1269907893
        4.3854593000         1.3301823480         1.9265192879        -0.2054458319
        4.3905297000         1.3454963091         1.9392786752         0.1934781135
        4.3954705000         1.3352870017         1.9341749203        -0.0724711834
        4.4004647000         1.3454963091         1.9392786752         0.1934781135
        4.4054663000         1.3378393285         1.9341749203        -0.0059838592
        4.4104606000         1.3301823480         1.9265192879        -0.2054458319
        4.4154611000         1.3378393285         1.9341749203        -0.0059838592
        4.4204527000         1.3378393285         1.9316230429        -0.0059838592
        4.4254552000         1.3429439823         1.9341749203         0.1269907893
        4.4305481000         1.3301823480         1.9316230429        -0.2054458319
        4.4354609000         1.3378393285         1.9341749203        -0.0059838592
        4.4404587000         1.3454963091         1.9367267978         0.1934781135
        4.4454515000         1.3327346748         1.9316230429        -0.1389585076
        4.4504695000         1.3327346748         1.9265192879        -0.1389585076
        4.4554585000         1.3378393285         1.9239674105        -0.0059838592
        4.4604472000         1.3378393285         1.9316230429        -0.0059838592
        4.4654574000         1.3378393285         1.9341749203        -0.0059838592
        4.4705843000         1.3352870017         1.9290711654        -0.0724711834
        4.4754493000         1.3378393285         1.9316230429        -0.0059838592
        4.4804589000         1.3378393285         1.9341749203        -0.0059838592
        4.4854626000         1.3378393285         1.9316230429        -0.0059838592
        4.4904481000         1.3454963091         1.9392786752         0.1934781135
        4.4954538000         1.3352870017         1.9341749203        -0.0724711834
        4.5004790000         1.3301823480         1.9265192879        -0.2054458319
        4.5054497000         1.3327346748         1.9290711654        -0.1389585076
        4.5104417000         1.3378393285         1.9392786752        -0.0059838592
        4.5154540000         1.3378393285         1.9341749203        -0.0059838592
        4.5204531000         1.3301823480         1.9265192879        -0.2054458319
        4.5254574000         1.3378393285         1.9265192879        -0.0059838592
        4.5304553000         1.3454963091         1.9341749203         0.1934781135
        4.5354553000         1.3403916554         1.9341749203         0.0605034650
        4.5404801000         1.3378393285         1.9316230429        -0.0059838592
        4.5454436000         1.3378393285         1.9341749203        -0.0059838592
        4.5504595000         1.3429439823         1.9392786752         0.1269907893
        4.5554525000         1.3378393285         1.9316230429        -0.0059838592
        4.5606285000         1.3352870017         1.9290711654        -0.0724711834
        4.5654399000         1.3378393285         1.9316230429        -0.0059838592
        4.5704549000         1.3378393285         1.9316230429        -0.0059838592
        4.5754605000         1.3531532897         1.9316230429         0.3929400862
        4.5804782000         1.3378393285         1.9316230429        -0.0059838592
        4.5854809000         1.3378393285         1.9341749203        -0.0059838592
        4.5904697000         1.3378393285         1.9341749203        -0.0059838592
        4.5954604000         1.3378393285         1.9316230429        -0.0059838592
        4.6004383000         1.3378393285         1.9341749203        -0.0059838592
        4.6054528000         1.3352870017         1.9341749203        -0.0724711834
        4.6104519000         1.3429439823         1.9392786752         0.1269907893
        4.6154592000         1.3429439823         1.9392786752         0.1269907893
        4.6204555000         1.3403916554         1.9341749203         0.0605034650
        4.6254588000         1.3378393285         1.9341749203        -0.0059838592
        4.6304566000         1.3327346748         1.9265192879        -0.1389585076
        4.6354697000         1.3557056165         1.9341749203         0.4594274104
        4.6404500000         1.3378393285         1.9316230429        -0.0059838592
        4.6454490000         1.3429439823         1.9367267978         0.1269907893
        4.6504582000         1.3378393285         1.9341749203        -0.0059838592
        4.6554614000         1.3378393285         1.9341749203        -0.0059838592
        4.6604505000         1.3429439823         1.9367267978         0.1269907893
        4.6654514000         1.3378393285         1.9341749203        -0.0059838592
        4.6704537000         1.3301823480         1.9265192879        -0.2054458319
        4.6754880000         1.3454963091         1.9367267978         0.1934781135
        4.6804523000         1.3480486360         1.9290711654         0.2599654377
        4.6854489000         1.3429439823         1.9367267978         0.1269907893
        4.6904619000         1.3378393285         1.9316230429        -0.0059838592
        4.6954542000         1.3403916554         1.9392786752         0.0605034650
        4.7004518000         1.3378393285         1.9392786752        -0.0059838592
        4.7054489000         1.3301823480         1.9290711654        -0.2054458319
        4.7104907000         1.3378393285         1.9316230429        -0.0059838592
        4.7154635000         1.3403916554         1.9341749203         0.0605034650
        4.7204515000         1.3454963091         1.9367267978         0.1934781135
        4.7254496000         1.3378393285         1.9316230429        -0.0059838592
        4.7304516000         1.3327346748         1.9265192879        -0.1389585076
        4.7354499000         1.3378393285         1.9341749203        -0.0059838592
        4.7404591000         1.3378393285         1.9341749203        -0.0059838592
        4.7454498000         1.3454963091         1.9392786752         0.1934781135
        4.7504658000         1.3352870017         1.9290711654        -0.0724711834
        4.7554861000         1.3352870017         1.9341749203        -0.0724711834
        4.7604936000         1.3429439823         1.9367267978         0.1269907893
        4.7654646000         1.3378393285         1.9341749203        -0.0059838592
        4.7704721000         1.3327346748         1.9265192879        -0.1389585076
        4.7754586000         1.3378393285         1.9341749203        -0.0059838592
        4.7804883000         1.3301823480         1.9239674105        -0.2054458319
        4.7854623000         1.3276300211         1.9265192879        -0.2719331561
        4.7904621000         1.3301823480         1.9265192879        -0.2054458319
        4.7954490000         1.3429439823         1.9392786752         0.1269907893
        4.8004489000         1.3327346748         1.9341749203        -0.1389585076
        4.8054496000         1.3352870017         1.9265192879        -0.0724711834
        4.8104645000         1.3378393285         1.9341749203        -0.0059838592
        4.8154769000         1.3403916554         1.9341749203         0.0605034650
        4.8204692000         1.3378393285         1.9316230429        -0.0059838592
        4.8254475000         1.3378393285         1.9341749203        -0.0059838592
        4.8304486000         1.3659149240         1.9392786752         0.7253767073
        4.8354542000         1.3378393285         1.9341749203        -0.0059838592
        4.8404472000         1.3429439823         1.9367267978         0.1269907893
        4.8454531000         1.3327346748         1.9265192879        -0.1389585076
        4.8505938000         1.3352870017         1.9316230429        -0.0724711834
        4.8554553000         1.3352870017         1.9316230429        -0.0724711834
        4.8604486000         1.3454963091         1.9392786752         0.1934781135
        4.8654524000         1.3378393285         1.9341749203        -0.0059838592
        4.8704730000         1.3327346748         1.9316230429        -0.1389585076
        4.8754659000         1.3378393285         1.9316230429        -0.0059838592
        4.8804623000         1.3480486360         1.9265192879         0.2599654377
        4.8854560000         1.3301823480         1.9265192879        -0.2054458319
        4.8904701000         1.3454963091         1.9341749203         0.1934781135
        4.8954660000         1.3429439823         1.9341749203         0.1269907893
        4.9005103000         1.3352870017         1.9316230429        -0.0724711834
        4.9054456000         1.3378393285         1.9341749203        -0.0059838592
        4.9104557000         1.3454963091         1.9392786752         0.1934781135
        4.9154509000         1.3403916554         1.9341749203         0.0605034650
        4.9204502000         1.3454963091         1.9316230429         0.1934781135
        4.9254826000         1.3378393285         1.9341749203        -0.0059838592
        4.9304545000         1.3378393285         1.9290711654        -0.0059838592
        4.9354524000         1.3378393285         1.9341749203        -0.0059838592
        4.9404570000         1.3429439823         1.9392786752         0.1269907893
        4.9454455000         1.3378393285         1.9341749203        -0.0059838592
        4.9504556000         1.3378393285         1.9341749203        -0.0059838592
        4.9554519000         1.3429439823         1.9392786752         0.1269907893
        4.9604589000         1.3352870017         1.9265192879        -0.0724711834
        4.9654488000         1.3608102703         1.9367267978         0.5924020589
        4.9704542000         1.3378393285         1.9341749203        -0.0059838592
        4.9754458000         1.3378393285         1.9341749203        -0.0059838592
        4.9804596000         1.3378393285         1.9316230429        -0.0059838592
        4.9854645000         1.3378393285         1.9341749203        -0.0059838592
        4.9904663000         1.3327346748         1.9265192879        -0.1389585076
        4.9954367000         1.3378393285         1.9341749203        -0.0059838592
        5.0005317000         1.3454963091         1.9367267978         0.1934781135
