% Potentiometer Recording  5.0 s
% Vg_offset=1.395394V  K_gimbal=26.049690
% Fs=200 Hz  samples=1001

Time[s]              Vg[V]                Pot[V]               Omega[rad/s]        
        0.0009970000         1.3914381925         2.8120207662        -0.1030553526
        0.0053961000         1.4041998268         2.8247801535         0.2293812686
        0.0104296000         1.3888858657         2.8120207662        -0.1695426768
        0.0154027000         1.3965428462         2.8222282761         0.0299192959
        0.0203937000         1.4016475000         2.8273320310         0.1628939444
        0.0253964000         1.3914381925         2.8171245211        -0.1030553526
        0.0304872000         1.3965428462         2.8196763986         0.0299192959
        0.0354186000         1.3914381925         2.8145726437        -0.1030553526
        0.0404181000         1.4016475000         2.8273320310         0.1628939444
        0.0454147000         1.3965428462         2.8196763986         0.0299192959
        0.0503893000         1.3965428462         2.8196763986         0.0299192959
        0.0553911000         1.3965428462         2.8196763986         0.0299192959
        0.0604185000         1.3939905194         2.8196763986        -0.0365680283
        0.0653948000         1.3965428462         2.8196763986         0.0299192959
        0.0703958000         1.3965428462         2.8222282761         0.0299192959
        0.0753795000         1.3888858657         2.8120207662        -0.1695426768
        0.0804450000         1.3939905194         2.8196763986        -0.0365680283
        0.0854099000         1.3939905194         2.8196763986        -0.0365680283
        0.0904101000         1.3965428462         2.8222282761         0.0299192959
        0.0953877000         1.3965428462         2.8196763986         0.0299192959
        0.1004658000         1.4016475000         2.8247801535         0.1628939444
        0.1054027000         1.3888858657         2.8145726437        -0.1695426768
        0.1104206000         1.3965428462         2.8222282761         0.0299192959
        0.1154310000         1.3939905194         2.8273320310        -0.0365680283
        0.1204157000         1.4041998268         2.8273320310         0.2293812686
        0.1253968000         1.3939905194         2.8196763986        -0.0365680283
        0.1303998000         1.3965428462         2.8120207662         0.0299192959
        0.1354056000         1.3939905194         2.8196763986        -0.0365680283
        0.1403882000         1.3965428462         2.8196763986         0.0299192959
        0.1454406000         1.3965428462         2.8196763986         0.0299192959
        0.1505174000         1.3965428462         2.8171245211         0.0299192959
        0.1554442000         1.4041998268         2.8273320310         0.2293812686
        0.1604491000         1.3965428462         2.8196763986         0.0299192959
        0.1654626000         1.3888858657         2.8145726437        -0.1695426768
        0.1704444000         1.3939905194         2.8145726437        -0.0365680283
        0.1754432000         1.3939905194         2.8196763986        -0.0365680283
        0.1804188000         1.3965428462         2.8171245211         0.0299192959
        0.1854032000         1.3914381925         2.8145726437        -0.1030553526
        0.1904334000         1.4016475000         2.8247801535         0.1628939444
        0.1954800000         1.3965428462         2.8196763986         0.0299192959
        0.2004276000         1.3939905194         2.8196763986        -0.0365680283
        0.2054014000         1.4016475000         2.8196763986         0.1628939444
        0.2103901000         1.4016475000         2.8247801535         0.1628939444
        0.2153780000         1.4016475000         2.8273320310         0.1628939444
        0.2203880000         1.3939905194         2.8171245211        -0.0365680283
        0.2254252000         1.3965428462         2.8196763986         0.0299192959
        0.2303958000         1.3939905194         2.8196763986        -0.0365680283
        0.2353928000         1.3939905194         2.8196763986        -0.0365680283
        0.2403892000         1.3965428462         2.8196763986         0.0299192959
        0.2455277000         1.3965428462         2.8222282761         0.0299192959
        0.2504481000         1.4016475000         2.8273320310         0.1628939444
        0.2554455000         1.3888858657         2.8145726437        -0.1695426768
        0.2604332000         1.3965428462         2.8196763986         0.0299192959
        0.2654156000         1.4016475000         2.8273320310         0.1628939444
        0.2704890000         1.3914381925         2.8145726437        -0.1030553526
        0.2754290000         1.4016475000         2.8273320310         0.1628939444
        0.2804098000         1.3939905194         2.8222282761        -0.0365680283
        0.2854184000         1.3965428462         2.8222282761         0.0299192959
        0.2904042000         1.3888858657         2.8145726437        -0.1695426768
        0.2954147000         1.4041998268         2.8273320310         0.2293812686
        0.3004932000         1.3965428462         2.8222282761         0.0299192959
        0.3054931000         1.4016475000         2.8247801535         0.1628939444
        0.3104196000         1.3914381925         2.8145726437        -0.1030553526
        0.3154230000         1.3965428462         2.8222282761         0.0299192959
        0.3203875000         1.3990951731         2.8196763986         0.0964066201
        0.3254145000         1.3939905194         2.8222282761        -0.0365680283
        0.3303931000         1.3939905194         2.8222282761        -0.0365680283
        0.3354074000         1.3888858657         2.8120207662        -0.1695426768
        0.3403860000         1.4041998268         2.8273320310         0.2293812686
        0.3454277000         1.3888858657         2.8145726437        -0.1695426768
        0.3504070000         1.4016475000         2.8273320310         0.1628939444
        0.3554133000         1.3965428462         2.8196763986         0.0299192959
        0.3605171000         1.3888858657         2.8120207662        -0.1695426768
        0.3655196000         1.3965428462         2.8196763986         0.0299192959
        0.3704245000         1.3914381925         2.8145726437        -0.1030553526
        0.3754299000         1.3965428462         2.8120207662         0.0299192959
        0.3804110000         1.3939905194         2.8196763986        -0.0365680283
        0.3854271000         1.3888858657         2.8196763986        -0.1695426768
        0.3904032000         1.3939905194         2.8222282761        -0.0365680283
        0.3954183000         1.3939905194         2.8196763986        -0.0365680283
        0.4003977000         1.4016475000         2.8273320310         0.1628939444
        0.4054296000         1.3888858657         2.8145726437        -0.1695426768
        0.4104118000         1.3965428462         2.8145726437         0.0299192959
        0.4154268000         1.3965428462         2.8196763986         0.0299192959
        0.4204334000         1.4016475000         2.8273320310         0.1628939444
        0.4253942000         1.4016475000         2.8273320310         0.1628939444
        0.4303953000         1.3965428462         2.8222282761         0.0299192959
        0.4353796000         1.3965428462         2.8247801535         0.0299192959
        0.4403958000         1.3939905194         2.8171245211        -0.0365680283
        0.4454013000         1.3888858657         2.8120207662        -0.1695426768
        0.4504518000         1.3888858657         2.8120207662        -0.1695426768
        0.4554152000         1.3965428462         2.8196763986         0.0299192959
        0.4603926000         1.3914381925         2.8171245211        -0.1030553526
        0.4654024000         1.3914381925         2.8145726437        -0.1030553526
        0.4703931000         1.3914381925         2.8145726437        -0.1030553526
        0.4753751000         1.3965428462         2.8196763986         0.0299192959
        0.4803895000         1.3939905194         2.8222282761        -0.0365680283
        0.4853890000         1.3965428462         2.8120207662         0.0299192959
        0.4903766000         1.3914381925         2.8145726437        -0.1030553526
        0.4953854000         1.3965428462         2.8222282761         0.0299192959
        0.5003927000         1.3939905194         2.8222282761        -0.0365680283
        0.5053853000         1.3914381925         2.8120207662        -0.1030553526
        0.5104146000         1.4016475000         2.8247801535         0.1628939444
        0.5153919000         1.3914381925         2.8145726437        -0.1030553526
        0.5203766000         1.3965428462         2.8196763986         0.0299192959
        0.5254123000         1.3888858657         2.8171245211        -0.1695426768
        0.5303985000         1.3965428462         2.8222282761         0.0299192959
        0.5353858000         1.3914381925         2.8145726437        -0.1030553526
        0.5403909000         1.4016475000         2.8273320310         0.1628939444
        0.5454007000         1.3914381925         2.8120207662        -0.1030553526
        0.5504167000         1.3965428462         2.8120207662         0.0299192959
        0.5554221000         1.3965428462         2.8196763986         0.0299192959
        0.5604218000         1.3965428462         2.8196763986         0.0299192959
        0.5653919000         1.3888858657         2.8196763986        -0.1695426768
        0.5704165000         1.3965428462         2.8196763986         0.0299192959
        0.5754527000         1.3965428462         2.8222282761         0.0299192959
        0.5804121000         1.3888858657         2.8145726437        -0.1695426768
        0.5854319000         1.3965428462         2.8196763986         0.0299192959
        0.5904254000         1.3965428462         2.8222282761         0.0299192959
        0.5955030000         1.3965428462         2.8196763986         0.0299192959
        0.6004991000         1.4041998268         2.8273320310         0.2293812686
        0.6054650000         1.3888858657         2.8145726437        -0.1695426768
        0.6104595000         1.4016475000         2.8273320310         0.1628939444
        0.6154461000         1.3914381925         2.8120207662        -0.1030553526
        0.6204381000         1.3939905194         2.8196763986        -0.0365680283
        0.6254352000         1.4016475000         2.8273320310         0.1628939444
        0.6304303000         1.3965428462         2.8196763986         0.0299192959
        0.6354255000         1.4016475000         2.8273320310         0.1628939444
        0.6404267000         1.3965428462         2.8196763986         0.0299192959
        0.6454419000         1.3939905194         2.8196763986        -0.0365680283
        0.6504507000         1.4016475000         2.8273320310         0.1628939444
        0.6554297000         1.3888858657         2.8145726437        -0.1695426768
        0.6604366000         1.3990951731         2.8273320310         0.0964066201
        0.6654283000         1.3965428462         2.8196763986         0.0299192959
        0.6704355000         1.3914381925         2.8120207662        -0.1030553526
        0.6754383000         1.3965428462         2.8196763986         0.0299192959
        0.6804321000         1.3965428462         2.8145726437         0.0299192959
        0.6854476000         1.4016475000         2.8273320310         0.1628939444
        0.6904085000         1.3888858657         2.8145726437        -0.1695426768
        0.6954115000         1.3965428462         2.8196763986         0.0299192959
        0.7004176000         1.4041998268         2.8247801535         0.2293812686
        0.7054018000         1.3914381925         2.8145726437        -0.1030553526
        0.7103864000         1.4016475000         2.8273320310         0.1628939444
        0.7153967000         1.3965428462         2.8222282761         0.0299192959
        0.7204081000         1.3888858657         2.8145726437        -0.1695426768
        0.7253830000         1.4016475000         2.8273320310         0.1628939444
        0.7304047000         1.3965428462         2.8196763986         0.0299192959
        0.7354076000         1.3888858657         2.8196763986        -0.1695426768
        0.7403944000         1.3939905194         2.8196763986        -0.0365680283
        0.7454132000         1.3914381925         2.8145726437        -0.1030553526
        0.7504288000         1.4016475000         2.8298839084         0.1628939444
        0.7554298000         1.3965428462         2.8196763986         0.0299192959
        0.7603980000         1.3939905194         2.8171245211        -0.0365680283
        0.7654024000         1.3965428462         2.8222282761         0.0299192959
        0.7704420000         1.4016475000         2.8247801535         0.1628939444
        0.7754012000         1.3965428462         2.8196763986         0.0299192959
        0.7803857000         1.3939905194         2.8222282761        -0.0365680283
        0.7854163000         1.4016475000         2.8247801535         0.1628939444
        0.7904156000         1.3939905194         2.8196763986        -0.0365680283
        0.7954403000         1.3965428462         2.8196763986         0.0299192959
        0.8004511000         1.4016475000         2.8273320310         0.1628939444
        0.8054359000         1.3914381925         2.8145726437        -0.1030553526
        0.8104244000         1.4016475000         2.8273320310         0.1628939444
        0.8154002000         1.4016475000         2.8273320310         0.1628939444
        0.8204017000         1.3914381925         2.8120207662        -0.1030553526
        0.8253960000         1.3965428462         2.8222282761         0.0299192959
        0.8303908000         1.3939905194         2.8222282761        -0.0365680283
        0.8354044000         1.3965428462         2.8196763986         0.0299192959
        0.8403912000         1.3965428462         2.8196763986         0.0299192959
        0.8453975000         1.4016475000         2.8273320310         0.1628939444
        0.8503977000         1.3914381925         2.8120207662        -0.1030553526
        0.8554701000         1.3939905194         2.8196763986        -0.0365680283
        0.8603877000         1.3965428462         2.8222282761         0.0299192959
        0.8654108000         1.3965428462         2.8222282761         0.0299192959
        0.8703877000         1.3965428462         2.8196763986         0.0299192959
        0.8753885000         1.3888858657         2.8145726437        -0.1695426768
        0.8803763000         1.4041998268         2.8273320310         0.2293812686
        0.8853856000         1.3965428462         2.8120207662         0.0299192959
        0.8903764000         1.4041998268         2.8247801535         0.2293812686
        0.8953804000         1.3939905194         2.8222282761        -0.0365680283
        0.9003871000         1.3965428462         2.8196763986         0.0299192959
        0.9053998000         1.3965428462         2.8171245211         0.0299192959
        0.9103760000         1.4041998268         2.8247801535         0.2293812686
        0.9153907000         1.3914381925         2.8120207662        -0.1030553526
        0.9203984000         1.3965428462         2.8196763986         0.0299192959
        0.9254117000         1.4016475000         2.8247801535         0.1628939444
        0.9304170000         1.3914381925         2.8120207662        -0.1030553526
        0.9355055000         1.3965428462         2.8196763986         0.0299192959
        0.9404123000         1.3939905194         2.8196763986        -0.0365680283
        0.9454006000         1.3965428462         2.8196763986         0.0299192959
        0.9504037000         1.3939905194         2.8196763986        -0.0365680283
        0.9553977000         1.3939905194         2.8196763986        -0.0365680283
        0.9603891000         1.4016475000         2.8247801535         0.1628939444
        0.9654069000         1.3965428462         2.8120207662         0.0299192959
        0.9704049000         1.3939905194         2.8222282761        -0.0365680283
        0.9753977000         1.3914381925         2.8145726437        -0.1030553526
        0.9804034000         1.4016475000         2.8247801535         0.1628939444
        0.9854032000         1.3888858657         2.8171245211        -0.1695426768
        0.9904037000         1.3965428462         2.8273320310         0.0299192959
        0.9953840000         1.3965428462         2.8196763986         0.0299192959
        1.0004233000         1.4016475000         2.8196763986         0.1628939444
        1.0054186000         1.3888858657         2.8222282761        -0.1695426768
        1.0104274000         1.3939905194         2.8222282761        -0.0365680283
        1.0154321000         1.3965428462         2.8171245211         0.0299192959
        1.0204847000         1.3914381925         2.8145726437        -0.1030553526
        1.0254116000         1.3939905194         2.8196763986        -0.0365680283
        1.0304457000         1.3990951731         2.8196763986         0.0964066201
        1.0354292000         1.4041998268         2.8247801535         0.2293812686
        1.0404168000         1.3965428462         2.8222282761         0.0299192959
        1.0454215000         1.3939905194         2.8196763986        -0.0365680283
        1.0504316000         1.3965428462         2.8222282761         0.0299192959
        1.0554158000         1.3888858657         2.8145726437        -0.1695426768
        1.0604204000         1.4016475000         2.8247801535         0.1628939444
        1.0654047000         1.3965428462         2.8196763986         0.0299192959
        1.0704104000         1.3965428462         2.8222282761         0.0299192959
        1.0754256000         1.3965428462         2.8298839084         0.0299192959
        1.0804094000         1.3939905194         2.8196763986        -0.0365680283
        1.0854152000         1.4016475000         2.8273320310         0.1628939444
        1.0904006000         1.3939905194         2.8222282761        -0.0365680283
        1.0954314000         1.3914381925         2.8145726437        -0.1030553526
        1.1004208000         1.4016475000         2.8273320310         0.1628939444
        1.1054304000         1.3914381925         2.8145726437        -0.1030553526
        1.1104531000         1.4016475000         2.8273320310         0.1628939444
        1.1154219000         1.3965428462         2.8222282761         0.0299192959
        1.1204174000         1.3965428462         2.8222282761         0.0299192959
        1.1254091000         1.3888858657         2.8222282761        -0.1695426768
        1.1304332000         1.4041998268         2.8247801535         0.2293812686
        1.1354275000         1.3965428462         2.8222282761         0.0299192959
        1.1403884000         1.3888858657         2.8145726437        -0.1695426768
        1.1454127000         1.3965428462         2.8222282761         0.0299192959
        1.1505016000         1.3965428462         2.8196763986         0.0299192959
        1.1554476000         1.3965428462         2.8196763986         0.0299192959
        1.1604139000         1.3990951731         2.8247801535         0.0964066201
        1.1654255000         1.3888858657         2.8145726437        -0.1695426768
        1.1704031000         1.4016475000         2.8247801535         0.1628939444
        1.1754260000         1.3965428462         2.8196763986         0.0299192959
        1.1804256000         1.3965428462         2.8222282761         0.0299192959
        1.1854155000         1.3939905194         2.8196763986        -0.0365680283
        1.1904314000         1.4016475000         2.8273320310         0.1628939444
        1.1954542000         1.3965428462         2.8196763986         0.0299192959
        1.2003882000         1.3965428462         2.8196763986         0.0299192959
        1.2054145000         1.3965428462         2.8196763986         0.0299192959
        1.2105005000         1.3939905194         2.8222282761        -0.0365680283
        1.2154138000         1.3914381925         2.8171245211        -0.1030553526
        1.2203895000         1.4016475000         2.8273320310         0.1628939444
        1.2253977000         1.3939905194         2.8222282761        -0.0365680283
        1.2303847000         1.3888858657         2.8196763986        -0.1695426768
        1.2353904000         1.4016475000         2.8273320310         0.1628939444
        1.2403981000         1.3939905194         2.8196763986        -0.0365680283
        1.2453908000         1.3939905194         2.8247801535        -0.0365680283
        1.2504264000         1.3965428462         2.8145726437         0.0299192959
        1.2554130000         1.3965428462         2.8196763986         0.0299192959
        1.2604158000         1.3965428462         2.8222282761         0.0299192959
        1.2654027000         1.3914381925         2.8145726437        -0.1030553526
        1.2703766000         1.4041998268         2.8247801535         0.2293812686
        1.2753968000         1.3939905194         2.8196763986        -0.0365680283
        1.2803982000         1.4016475000         2.8273320310         0.1628939444
        1.2853901000         1.3888858657         2.8145726437        -0.1695426768
        1.2903918000         1.3965428462         2.8222282761         0.0299192959
        1.2954007000         1.4016475000         2.8273320310         0.1628939444
        1.3003905000         1.3888858657         2.8145726437        -0.1695426768
        1.3053955000         1.3965428462         2.8222282761         0.0299192959
        1.3104012000         1.4016475000         2.8247801535         0.1628939444
        1.3153978000         1.3888858657         2.8222282761        -0.1695426768
        1.3204015000         1.3863335388         2.8120207662        -0.2360300010
        1.3254013000         1.4016475000         2.8273320310         0.1628939444
        1.3303882000         1.4016475000         2.8273320310         0.1628939444
        1.3354048000         1.3888858657         2.8145726437        -0.1695426768
        1.3403994000         1.4016475000         2.8273320310         0.1628939444
        1.3453930000         1.3965428462         2.8196763986         0.0299192959
        1.3503963000         1.3939905194         2.8196763986        -0.0365680283
        1.3555456000         1.3990951731         2.8273320310         0.0964066201
        1.3604120000         1.3965428462         2.8196763986         0.0299192959
        1.3654259000         1.4016475000         2.8273320310         0.1628939444
        1.3704335000         1.3888858657         2.8145726437        -0.1695426768
        1.3754196000         1.3939905194         2.8222282761        -0.0365680283
        1.3803998000         1.3965428462         2.8196763986         0.0299192959
        1.3854293000         1.3914381925         2.8145726437        -0.1030553526
        1.3904208000         1.4016475000         2.8273320310         0.1628939444
        1.3954183000         1.3888858657         2.8120207662        -0.1695426768
        1.4004337000         1.4041998268         2.8273320310         0.2293812686
        1.4054124000         1.3965428462         2.8171245211         0.0299192959
        1.4104414000         1.4016475000         2.8247801535         0.1628939444
        1.4154127000         1.3939905194         2.8196763986        -0.0365680283
        1.4204148000         1.3965428462         2.8196763986         0.0299192959
        1.4254233000         1.3965428462         2.8196763986         0.0299192959
        1.4304108000         1.3888858657         2.8145726437        -0.1695426768
        1.4354093000         1.3965428462         2.8196763986         0.0299192959
        1.4404055000         1.4041998268         2.8247801535         0.2293812686
        1.4454106000         1.3914381925         2.8145726437        -0.1030553526
        1.4503992000         1.4016475000         2.8273320310         0.1628939444
        1.4553968000         1.3939905194         2.8222282761        -0.0365680283
        1.4604219000         1.3914381925         2.8145726437        -0.1030553526
        1.4653952000         1.4041998268         2.8247801535         0.2293812686
        1.4704044000         1.3965428462         2.8196763986         0.0299192959
        1.4753864000         1.3965428462         2.8222282761         0.0299192959
        1.4803980000         1.4016475000         2.8273320310         0.1628939444
        1.4854028000         1.3939905194         2.8196763986        -0.0365680283
        1.4903927000         1.3939905194         2.8196763986        -0.0365680283
        1.4953958000         1.4016475000         2.8247801535         0.1628939444
        1.5003848000         1.3888858657         2.8145726437        -0.1695426768
        1.5053880000         1.3939905194         2.8171245211        -0.0365680283
        1.5103961000         1.4016475000         2.8273320310         0.1628939444
        1.5154041000         1.3965428462         2.8222282761         0.0299192959
        1.5203943000         1.3888858657         2.8222282761        -0.1695426768
        1.5254081000         1.3965428462         2.8196763986         0.0299192959
        1.5304113000         1.4016475000         2.8247801535         0.1628939444
        1.5353990000         1.3939905194         2.8222282761        -0.0365680283
        1.5404219000         1.3914381925         2.8145726437        -0.1030553526
        1.5454302000         1.3965428462         2.8247801535         0.0299192959
        1.5504155000         1.3888858657         2.8120207662        -0.1695426768
        1.5553747000         1.4016475000         2.8273320310         0.1628939444
        1.5603832000         1.3965428462         2.8120207662         0.0299192959
        1.5653959000         1.4016475000         2.8273320310         0.1628939444
        1.5703844000         1.3939905194         2.8196763986        -0.0365680283
        1.5753905000         1.3939905194         2.8222282761        -0.0365680283
        1.5803734000         1.3965428462         2.8196763986         0.0299192959
        1.5854144000         1.3965428462         2.8222282761         0.0299192959
        1.5903834000         1.3939905194         2.8222282761        -0.0365680283
        1.5953951000         1.3914381925         2.8145726437        -0.1030553526
        1.6003847000         1.4016475000         2.8196763986         0.1628939444
        1.6054094000         1.3939905194         2.8196763986        -0.0365680283
        1.6103771000         1.4016475000         2.8273320310         0.1628939444
        1.6154119000         1.4041998268         2.8247801535         0.2293812686
        1.6204213000         1.3888858657         2.8171245211        -0.1695426768
        1.6253975000         1.3965428462         2.8273320310         0.0299192959
        1.6303788000         1.3888858657         2.8120207662        -0.1695426768
        1.6353968000         1.3939905194         2.8222282761        -0.0365680283
        1.6404010000         1.3939905194         2.8196763986        -0.0365680283
        1.6453803000         1.3888858657         2.8145726437        -0.1695426768
        1.6504374000         1.4016475000         2.8273320310         0.1628939444
        1.6554045000         1.4016475000         2.8273320310         0.1628939444
        1.6603917000         1.3914381925         2.8120207662        -0.1030553526
        1.6653920000         1.3965428462         2.8247801535         0.0299192959
        1.6704003000         1.3965428462         2.8196763986         0.0299192959
        1.6753847000         1.3965428462         2.8196763986         0.0299192959
        1.6803948000         1.4016475000         2.8273320310         0.1628939444
        1.6854669000         1.3888858657         2.8145726437        -0.1695426768
        1.6903840000         1.3965428462         2.8222282761         0.0299192959
        1.6953920000         1.4016475000         2.8247801535         0.1628939444
        1.7003788000         1.3888858657         2.8145726437        -0.1695426768
        1.7054670000         1.4016475000         2.8247801535         0.1628939444
        1.7104087000         1.4016475000         2.8273320310         0.1628939444
        1.7154290000         1.3965428462         2.8196763986         0.0299192959
        1.7204123000         1.3914381925         2.8120207662        -0.1030553526
        1.7253999000         1.4016475000         2.8273320310         0.1628939444
        1.7303770000         1.3965428462         2.8196763986         0.0299192959
        1.7353959000         1.3965428462         2.8222282761         0.0299192959
        1.7403986000         1.3965428462         2.8196763986         0.0299192959
        1.7453989000         1.3888858657         2.8145726437        -0.1695426768
        1.7504187000         1.3888858657         2.8145726437        -0.1695426768
        1.7553919000         1.3965428462         2.8196763986         0.0299192959
        1.7603889000         1.4016475000         2.8247801535         0.1628939444
        1.7653869000         1.3888858657         2.8120207662        -0.1695426768
        1.7703949000         1.3990951731         2.8273320310         0.0964066201
        1.7753878000         1.3939905194         2.8196763986        -0.0365680283
        1.7803884000         1.3863335388         2.8120207662        -0.2360300010
        1.7854303000         1.3965428462         2.8196763986         0.0299192959
        1.7903850000         1.3965428462         2.8196763986         0.0299192959
        1.7953977000         1.3888858657         2.8145726437        -0.1695426768
        1.8003996000         1.3965428462         2.8196763986         0.0299192959
        1.8054972000         1.3965428462         2.8196763986         0.0299192959
        1.8104263000         1.3914381925         2.8145726437        -0.1030553526
        1.8154292000         1.3965428462         2.8196763986         0.0299192959
        1.8204152000         1.3965428462         2.8222282761         0.0299192959
        1.8254229000         1.3939905194         2.8196763986        -0.0365680283
        1.8304053000         1.3965428462         2.8196763986         0.0299192959
        1.8353870000         1.3914381925         2.8145726437        -0.1030553526
        1.8404201000         1.3888858657         2.8120207662        -0.1695426768
        1.8454284000         1.3888858657         2.8145726437        -0.1695426768
        1.8503890000         1.3965428462         2.8222282761         0.0299192959
        1.8553964000         1.3965428462         2.8196763986         0.0299192959
        1.8604167000         1.3965428462         2.8222282761         0.0299192959
        1.8653930000         1.3965428462         2.8196763986         0.0299192959
        1.8703753000         1.3914381925         2.8145726437        -0.1030553526
        1.8754026000         1.3965428462         2.8222282761         0.0299192959
        1.8803860000         1.3888858657         2.8145726437        -0.1695426768
        1.8853959000         1.3888858657         2.8222282761        -0.1695426768
        1.8904093000         1.4016475000         2.8247801535         0.1628939444
        1.8953959000         1.3965428462         2.8196763986         0.0299192959
        1.9003822000         1.3914381925         2.8120207662        -0.1030553526
        1.9054363000         1.3965428462         2.8196763986         0.0299192959
        1.9104230000         1.3965428462         2.8196763986         0.0299192959
        1.9154617000         1.4016475000         2.8273320310         0.1628939444
        1.9204346000         1.3914381925         2.8171245211        -0.1030553526
        1.9254421000         1.3888858657         2.8145726437        -0.1695426768
        1.9304453000         1.4016475000         2.8273320310         0.1628939444
        1.9354386000         1.3888858657         2.8120207662        -0.1695426768
        1.9404161000         1.3939905194         2.8196763986        -0.0365680283
        1.9454209000         1.4016475000         2.8273320310         0.1628939444
        1.9504111000         1.3888858657         2.8120207662        -0.1695426768
        1.9553806000         1.3965428462         2.8171245211         0.0299192959
        1.9604340000         1.4016475000         2.8273320310         0.1628939444
        1.9654137000         1.3965428462         2.8196763986         0.0299192959
        1.9703887000         1.4016475000         2.8247801535         0.1628939444
        1.9753843000         1.3965428462         2.8196763986         0.0299192959
        1.9803851000         1.3939905194         2.8222282761        -0.0365680283
        1.9853970000         1.3965428462         2.8196763986         0.0299192959
        1.9903848000         1.3914381925         2.8145726437        -0.1030553526
        1.9953922000         1.4041998268         2.8298839084         0.2293812686
        2.0003947000         1.3888858657         2.8171245211        -0.1695426768
        2.0054579000         1.4016475000         2.8273320310         0.1628939444
        2.0104167000         1.3888858657         2.8145726437        -0.1695426768
        2.0154016000         1.3939905194         2.8222282761        -0.0365680283
        2.0203848000         1.3965428462         2.8171245211         0.0299192959
        2.0253917000         1.4016475000         2.8273320310         0.1628939444
        2.0303835000         1.3990951731         2.8273320310         0.0964066201
        2.0353852000         1.3965428462         2.8222282761         0.0299192959
        2.0403973000         1.3965428462         2.8171245211         0.0299192959
        2.0453825000         1.3888858657         2.8120207662        -0.1695426768
        2.0503835000         1.3990951731         2.8273320310         0.0964066201
        2.0562545000         1.3888858657         2.8145726437        -0.1695426768
        2.0604070000         1.4016475000         2.8247801535         0.1628939444
        2.0653833000         1.3939905194         2.8171245211        -0.0365680283
        2.0703953000         1.4016475000         2.8196763986         0.1628939444
        2.0753838000         1.4016475000         2.8273320310         0.1628939444
        2.0804133000         1.3965428462         2.8222282761         0.0299192959
        2.0854010000         1.3939905194         2.8273320310        -0.0365680283
        2.0904064000         1.3888858657         2.8145726437        -0.1695426768
        2.0954198000         1.4016475000         2.8196763986         0.1628939444
        2.1003998000         1.3965428462         2.8171245211         0.0299192959
        2.1053817000         1.3888858657         2.8120207662        -0.1695426768
        2.1103905000         1.4016475000         2.8273320310         0.1628939444
        2.1154249000         1.3888858657         2.8145726437        -0.1695426768
        2.1204179000         1.3939905194         2.8196763986        -0.0365680283
        2.1254187000         1.3965428462         2.8196763986         0.0299192959
        2.1304006000         1.4016475000         2.8196763986         0.1628939444
        2.1353830000         1.4016475000         2.8247801535         0.1628939444
        2.1403667000         1.3965428462         2.8196763986         0.0299192959
        2.1453985000         1.4016475000         2.8273320310         0.1628939444
        2.1503842000         1.3965428462         2.8196763986         0.0299192959
        2.1554074000         1.3888858657         2.8145726437        -0.1695426768
        2.1605986000         1.4016475000         2.8247801535         0.1628939444
        2.1654164000         1.3888858657         2.8145726437        -0.1695426768
        2.1704258000         1.4016475000         2.8247801535         0.1628939444
        2.1754353000         1.3888858657         2.8145726437        -0.1695426768
        2.1804172000         1.3914381925         2.8171245211        -0.1030553526
        2.1854276000         1.4041998268         2.8273320310         0.2293812686
        2.1904079000         1.3965428462         2.8196763986         0.0299192959
        2.1954591000         1.4016475000         2.8247801535         0.1628939444
        2.2004263000         1.3965428462         2.8196763986         0.0299192959
        2.2054359000         1.3965428462         2.8196763986         0.0299192959
        2.2104189000         1.3888858657         2.8145726437        -0.1695426768
        2.2153980000         1.4016475000         2.8273320310         0.1628939444
        2.2203855000         1.3965428462         2.8196763986         0.0299192959
        2.2253874000         1.3939905194         2.8196763986        -0.0365680283
        2.2303960000         1.3965428462         2.8222282761         0.0299192959
        2.2353876000         1.3914381925         2.8120207662        -0.1030553526
        2.2404205000         1.4016475000         2.8298839084         0.1628939444
        2.2454159000         1.3888858657         2.8145726437        -0.1695426768
        2.2504079000         1.4016475000         2.8273320310         0.1628939444
        2.2553967000         1.3914381925         2.8196763986        -0.1030553526
        2.2607547000         1.3965428462         2.8196763986         0.0299192959
        2.2654430000         1.3965428462         2.8196763986         0.0299192959
        2.2704693000         1.3965428462         2.8196763986         0.0299192959
        2.2754636000         1.4016475000         2.8273320310         0.1628939444
        2.2804512000         1.4016475000         2.8273320310         0.1628939444
        2.2854364000         1.3965428462         2.8171245211         0.0299192959
        2.2904070000         1.4016475000         2.8247801535         0.1628939444
        2.2954336000         1.4016475000         2.8247801535         0.1628939444
        2.3004195000         1.3888858657         2.8145726437        -0.1695426768
        2.3055831000         1.4016475000         2.8273320310         0.1628939444
        2.3103984000         1.3965428462         2.8171245211         0.0299192959
        2.3154476000         1.3965428462         2.8196763986         0.0299192959
        2.3204313000         1.3888858657         2.8145726437        -0.1695426768
        2.3254175000         1.4016475000         2.8273320310         0.1628939444
        2.3304267000         1.3939905194         2.8222282761        -0.0365680283
        2.3353867000         1.3863335388         2.8120207662        -0.2360300010
        2.3403883000         1.4041998268         2.8247801535         0.2293812686
        2.3454089000         1.3914381925         2.8145726437        -0.1030553526
        2.3503861000         1.3965428462         2.8196763986         0.0299192959
        2.3554600000         1.3965428462         2.8222282761         0.0299192959
        2.3604181000         1.3965428462         2.8196763986         0.0299192959
        2.3653886000         1.3939905194         2.8273320310        -0.0365680283
        2.3705265000         1.4016475000         2.8247801535         0.1628939444
        2.3754250000         1.3888858657         2.8145726437        -0.1695426768
        2.3804337000         1.3888858657         2.8222282761        -0.1695426768
        2.3854177000         1.3939905194         2.8196763986        -0.0365680283
        2.3904065000         1.3888858657         2.8171245211        -0.1695426768
        2.3954228000         1.4016475000         2.8273320310         0.1628939444
        2.4004254000         1.4016475000         2.8273320310         0.1628939444
        2.4054083000         1.4016475000         2.8273320310         0.1628939444
        2.4104109000         1.3914381925         2.8120207662        -0.1030553526
        2.4153955000         1.3939905194         2.8196763986        -0.0365680283
        2.4204010000         1.3939905194         2.8196763986        -0.0365680283
        2.4254193000         1.4016475000         2.8222282761         0.1628939444
        2.4303959000         1.3863335388         2.8145726437        -0.2360300010
        2.4354076000         1.3965428462         2.8196763986         0.0299192959
        2.4404262000         1.3888858657         2.8222282761        -0.1695426768
        2.4454508000         1.3939905194         2.8196763986        -0.0365680283
        2.4504346000         1.3939905194         2.8222282761        -0.0365680283
        2.4554726000         1.4016475000         2.8247801535         0.1628939444
        2.4605475000         1.4016475000         2.8247801535         0.1628939444
        2.4657741000         1.3965428462         2.8196763986         0.0299192959
        2.4704447000         1.3939905194         2.8222282761        -0.0365680283
        2.4754263000         1.3965428462         2.8196763986         0.0299192959
        2.4803887000         1.3888858657         2.8145726437        -0.1695426768
        2.4854207000         1.4016475000         2.8247801535         0.1628939444
        2.4903835000         1.3965428462         2.8196763986         0.0299192959
        2.4954104000         1.3965428462         2.8196763986         0.0299192959
        2.5004300000         1.3939905194         2.8196763986        -0.0365680283
        2.5054259000         1.3990951731         2.8196763986         0.0964066201
        2.5103884000         1.4041998268         2.8247801535         0.2293812686
        2.5154283000         1.3914381925         2.8145726437        -0.1030553526
        2.5204867000         1.4016475000         2.8273320310         0.1628939444
        2.5254155000         1.3939905194         2.8171245211        -0.0365680283
        2.5304325000         1.3965428462         2.8171245211         0.0299192959
        2.5354040000         1.3914381925         2.8120207662        -0.1030553526
        2.5404213000         1.4016475000         2.8273320310         0.1628939444
        2.5454319000         1.3939905194         2.8120207662        -0.0365680283
        2.5504987000         1.3965428462         2.8196763986         0.0299192959
        2.5554148000         1.3914381925         2.8145726437        -0.1030553526
        2.5604045000         1.3939905194         2.8196763986        -0.0365680283
        2.5654149000         1.3965428462         2.8171245211         0.0299192959
        2.5704180000         1.3965428462         2.8196763986         0.0299192959
        2.5754389000         1.3965428462         2.8222282761         0.0299192959
        2.5805101000         1.4016475000         2.8222282761         0.1628939444
        2.5854389000         1.3965428462         2.8196763986         0.0299192959
        2.5903988000         1.3914381925         2.8145726437        -0.1030553526
        2.5954155000         1.4016475000         2.8273320310         0.1628939444
        2.6004201000         1.3965428462         2.8222282761         0.0299192959
        2.6054247000         1.3939905194         2.8196763986        -0.0365680283
        2.6104092000         1.3914381925         2.8145726437        -0.1030553526
        2.6154196000         1.4041998268         2.8247801535         0.2293812686
        2.6204316000         1.3888858657         2.8145726437        -0.1695426768
        2.6254142000         1.4016475000         2.8273320310         0.1628939444
        2.6304274000         1.3914381925         2.8145726437        -0.1030553526
        2.6354221000         1.3965428462         2.8196763986         0.0299192959
        2.6404060000         1.3965428462         2.8196763986         0.0299192959
        2.6454375000         1.3939905194         2.8196763986        -0.0365680283
        2.6504336000         1.4041998268         2.8273320310         0.2293812686
        2.6554136000         1.3965428462         2.8196763986         0.0299192959
        2.6604410000         1.3939905194         2.8196763986        -0.0365680283
        2.6654136000         1.3939905194         2.8247801535        -0.0365680283
        2.6703806000         1.3965428462         2.8222282761         0.0299192959
        2.6754540000         1.3914381925         2.8145726437        -0.1030553526
        2.6804367000         1.4016475000         2.8247801535         0.1628939444
        2.6854199000         1.4016475000         2.8247801535         0.1628939444
        2.6904042000         1.3888858657         2.8145726437        -0.1695426768
        2.6954140000         1.3965428462         2.8171245211         0.0299192959
        2.7004263000         1.4016475000         2.8273320310         0.1628939444
        2.7054686000         1.3965428462         2.8222282761         0.0299192959
        2.7104451000         1.3888858657         2.8171245211        -0.1695426768
        2.7154202000         1.4016475000         2.8247801535         0.1628939444
        2.7204313000         1.3965428462         2.8171245211         0.0299192959
        2.7254222000         1.3939905194         2.8222282761        -0.0365680283
        2.7304255000         1.3965428462         2.8222282761         0.0299192959
        2.7354144000         1.4016475000         2.8222282761         0.1628939444
        2.7404364000         1.3914381925         2.8145726437        -0.1030553526
        2.7453990000         1.4016475000         2.8273320310         0.1628939444
        2.7504043000         1.3939905194         2.8196763986        -0.0365680283
        2.7553863000         1.3965428462         2.8247801535         0.0299192959
        2.7604329000         1.3888858657         2.8145726437        -0.1695426768
        2.7654860000         1.3939905194         2.8196763986        -0.0365680283
        2.7704390000         1.3888858657         2.8120207662        -0.1695426768
        2.7754200000         1.3939905194         2.8273320310        -0.0365680283
        2.7805139000         1.3965428462         2.8222282761         0.0299192959
        2.7854147000         1.3990951731         2.8222282761         0.0964066201
        2.7904258000         1.3990951731         2.8247801535         0.0964066201
        2.7954211000         1.3939905194         2.8196763986        -0.0365680283
        2.8004393000         1.3990951731         2.8196763986         0.0964066201
        2.8054307000         1.3990951731         2.8196763986         0.0964066201
        2.8104189000         1.3939905194         2.8196763986        -0.0365680283
        2.8154193000         1.3888858657         2.8145726437        -0.1695426768
        2.8205086000         1.3965428462         2.8222282761         0.0299192959
        2.8254129000         1.3939905194         2.8196763986        -0.0365680283
        2.8304337000         1.4016475000         2.8196763986         0.1628939444
        2.8353997000         1.3939905194         2.8196763986        -0.0365680283
        2.8404184000         1.3965428462         2.8196763986         0.0299192959
        2.8454239000         1.3965428462         2.8171245211         0.0299192959
        2.8504137000         1.3888858657         2.8145726437        -0.1695426768
        2.8554229000         1.4016475000         2.8273320310         0.1628939444
        2.8604281000         1.3888858657         2.8120207662        -0.1695426768
        2.8654068000         1.3939905194         2.8196763986        -0.0365680283
        2.8704282000         1.3965428462         2.8196763986         0.0299192959
        2.8754308000         1.3990951731         2.8196763986         0.0964066201
        2.8804346000         1.4016475000         2.8273320310         0.1628939444
        2.8854226000         1.3914381925         2.8145726437        -0.1030553526
        2.8904383000         1.4016475000         2.8273320310         0.1628939444
        2.8954381000         1.3863335388         2.8222282761        -0.2360300010
        2.9004170000         1.3914381925         2.8145726437        -0.1030553526
        2.9054048000         1.3939905194         2.8196763986        -0.0365680283
        2.9104166000         1.3965428462         2.8196763986         0.0299192959
        2.9154473000         1.4016475000         2.8273320310         0.1628939444
        2.9204109000         1.3939905194         2.8196763986        -0.0365680283
        2.9254173000         1.4041998268         2.8273320310         0.2293812686
        2.9304168000         1.3888858657         2.8145726437        -0.1695426768
        2.9354260000         1.3965428462         2.8222282761         0.0299192959
        2.9404392000         1.4016475000         2.8273320310         0.1628939444
        2.9454595000         1.3914381925         2.8145726437        -0.1030553526
        2.9504322000         1.3965428462         2.8196763986         0.0299192959
        2.9554151000         1.3965428462         2.8196763986         0.0299192959
        2.9604257000         1.3965428462         2.8222282761         0.0299192959
        2.9654032000         1.3888858657         2.8145726437        -0.1695426768
        2.9704153000         1.3965428462         2.8196763986         0.0299192959
        2.9754703000         1.4016475000         2.8196763986         0.1628939444
        2.9803986000         1.3965428462         2.8222282761         0.0299192959
        2.9854145000         1.3888858657         2.8145726437        -0.1695426768
        2.9903990000         1.3965428462         2.8196763986         0.0299192959
        2.9954136000         1.3965428462         2.8196763986         0.0299192959
        3.0004810000         1.3965428462         2.8196763986         0.0299192959
        3.0054324000         1.3965428462         2.8222282761         0.0299192959
        3.0104809000         1.3939905194         2.8196763986        -0.0365680283
        3.0154824000         1.4016475000         2.8196763986         0.1628939444
        3.0204509000         1.3939905194         2.8222282761        -0.0365680283
        3.0254081000         1.4041998268         2.8247801535         0.2293812686
        3.0304229000         1.4016475000         2.8273320310         0.1628939444
        3.0354122000         1.3965428462         2.8196763986         0.0299192959
        3.0404114000         1.4016475000         2.8273320310         0.1628939444
        3.0454252000         1.3965428462         2.8120207662         0.0299192959
        3.0504083000         1.3965428462         2.8222282761         0.0299192959
        3.0553892000         1.3939905194         2.8273320310        -0.0365680283
        3.0604022000         1.3888858657         2.8145726437        -0.1695426768
        3.0654017000         1.3939905194         2.8171245211        -0.0365680283
        3.0704132000         1.4016475000         2.8247801535         0.1628939444
        3.0753943000         1.3914381925         2.8145726437        -0.1030553526
        3.0804110000         1.3965428462         2.8196763986         0.0299192959
        3.0854233000         1.3863335388         2.8145726437        -0.2360300010
        3.0904185000         1.3939905194         2.8171245211        -0.0365680283
        3.0954126000         1.3888858657         2.8145726437        -0.1695426768
        3.1003963000         1.3965428462         2.8196763986         0.0299192959
        3.1054054000         1.3914381925         2.8120207662        -0.1030553526
        3.1104053000         1.3965428462         2.8196763986         0.0299192959
        3.1154054000         1.3965428462         2.8196763986         0.0299192959
        3.1204152000         1.3914381925         2.8120207662        -0.1030553526
        3.1253991000         1.4016475000         2.8273320310         0.1628939444
        3.1304168000         1.3939905194         2.8247801535        -0.0365680283
        3.1353968000         1.3888858657         2.8145726437        -0.1695426768
        3.1404044000         1.3965428462         2.8196763986         0.0299192959
        3.1454643000         1.3888858657         2.8145726437        -0.1695426768
        3.1503981000         1.3914381925         2.8196763986        -0.1030553526
        3.1553905000         1.3965428462         2.8222282761         0.0299192959
        3.1603994000         1.3888858657         2.8145726437        -0.1695426768
        3.1653802000         1.4016475000         2.8247801535         0.1628939444
        3.1704127000         1.3965428462         2.8196763986         0.0299192959
        3.1754233000         1.3888858657         2.8120207662        -0.1695426768
        3.1804076000         1.3939905194         2.8273320310        -0.0365680283
        3.1854563000         1.3965428462         2.8222282761         0.0299192959
        3.1904463000         1.3939905194         2.8145726437        -0.0365680283
        3.1954343000         1.3939905194         2.8196763986        -0.0365680283
        3.2004109000         1.3939905194         2.8222282761        -0.0365680283
        3.2054000000         1.3914381925         2.8196763986        -0.1030553526
        3.2104074000         1.4016475000         2.8247801535         0.1628939444
        3.2154221000         1.3965428462         2.8196763986         0.0299192959
        3.2204454000         1.3888858657         2.8145726437        -0.1695426768
        3.2254113000         1.4016475000         2.8273320310         0.1628939444
        3.2304241000         1.4016475000         2.8273320310         0.1628939444
        3.2354218000         1.3939905194         2.8222282761        -0.0365680283
        3.2403985000         1.3965428462         2.8222282761         0.0299192959
        3.2454162000         1.4016475000         2.8273320310         0.1628939444
        3.2504286000         1.3939905194         2.8196763986        -0.0365680283
        3.2554340000         1.3965428462         2.8222282761         0.0299192959
        3.2604156000         1.3888858657         2.8145726437        -0.1695426768
        3.2654499000         1.3888858657         2.8145726437        -0.1695426768
        3.2704898000         1.4041998268         2.8273320310         0.2293812686
        3.2754922000         1.3965428462         2.8222282761         0.0299192959
        3.2804019000         1.4016475000         2.8247801535         0.1628939444
        3.2853929000         1.3914381925         2.8120207662        -0.1030553526
        3.2903708000         1.4016475000         2.8247801535         0.1628939444
        3.2953779000         1.3965428462         2.8196763986         0.0299192959
        3.3003885000         1.3965428462         2.8196763986         0.0299192959
        3.3053934000         1.3939905194         2.8196763986        -0.0365680283
        3.3103842000         1.3965428462         2.8196763986         0.0299192959
        3.3154161000         1.4016475000         2.8273320310         0.1628939444
        3.3204019000         1.3888858657         2.8145726437        -0.1695426768
        3.3254385000         1.3914381925         2.8120207662        -0.1030553526
        3.3303973000         1.3965428462         2.8196763986         0.0299192959
        3.3354195000         1.3939905194         2.8196763986        -0.0365680283
        3.3404177000         1.3888858657         2.8196763986        -0.1695426768
        3.3454180000         1.3914381925         2.8145726437        -0.1030553526
        3.3504040000         1.3965428462         2.8120207662         0.0299192959
        3.3554122000         1.4016475000         2.8273320310         0.1628939444
        3.3604255000         1.3939905194         2.8196763986        -0.0365680283
        3.3653830000         1.3914381925         2.8145726437        -0.1030553526
        3.3704484000         1.3965428462         2.8196763986         0.0299192959
        3.3754005000         1.3914381925         2.8145726437        -0.1030553526
        3.3803745000         1.3888858657         2.8145726437        -0.1695426768
        3.3853940000         1.4016475000         2.8247801535         0.1628939444
        3.3903749000         1.3965428462         2.8196763986         0.0299192959
        3.3954065000         1.4016475000         2.8273320310         0.1628939444
        3.4003904000         1.3965428462         2.8222282761         0.0299192959
        3.4053982000         1.3965428462         2.8222282761         0.0299192959
        3.4104073000         1.4016475000         2.8273320310         0.1628939444
        3.4153873000         1.3888858657         2.8120207662        -0.1695426768
        3.4203904000         1.4016475000         2.8273320310         0.1628939444
        3.4253832000         1.3965428462         2.8222282761         0.0299192959
        3.4304331000         1.3939905194         2.8196763986        -0.0365680283
        3.4353782000         1.3965428462         2.8196763986         0.0299192959
        3.4404155000         1.4016475000         2.8273320310         0.1628939444
        3.4453929000         1.3965428462         2.8196763986         0.0299192959
        3.4504318000         1.3914381925         2.8171245211        -0.1030553526
        3.4554060000         1.3965428462         2.8222282761         0.0299192959
        3.4603969000         1.3965428462         2.8196763986         0.0299192959
        3.4654037000         1.3914381925         2.8120207662        -0.1030553526
        3.4704019000         1.3965428462         2.8222282761         0.0299192959
        3.4753893000         1.3939905194         2.8196763986        -0.0365680283
        3.4803979000         1.3863335388         2.8145726437        -0.2360300010
        3.4854324000         1.4016475000         2.8273320310         0.1628939444
        3.4903979000         1.3965428462         2.8196763986         0.0299192959
        3.4954432000         1.3965428462         2.8196763986         0.0299192959
        3.5004374000         1.3965428462         2.8222282761         0.0299192959
        3.5054221000         1.3939905194         2.8196763986        -0.0365680283
        3.5104866000         1.3965428462         2.8196763986         0.0299192959
        3.5154157000         1.4016475000         2.8196763986         0.1628939444
        3.5203971000         1.3914381925         2.8171245211        -0.1030553526
        3.5253842000         1.4016475000         2.8273320310         0.1628939444
        3.5304113000         1.3939905194         2.8196763986        -0.0365680283
        3.5354000000         1.3914381925         2.8120207662        -0.1030553526
        3.5403796000         1.4041998268         2.8196763986         0.2293812686
        3.5453895000         1.3888858657         2.8196763986        -0.1695426768
        3.5504008000         1.4016475000         2.8247801535         0.1628939444
        3.5553843000         1.3888858657         2.8196763986        -0.1695426768
        3.5603829000         1.4016475000         2.8273320310         0.1628939444
        3.5653994000         1.3965428462         2.8196763986         0.0299192959
        3.5704083000         1.3914381925         2.8145726437        -0.1030553526
        3.5753900000         1.3965428462         2.8196763986         0.0299192959
        3.5803956000         1.3965428462         2.8196763986         0.0299192959
        3.5853874000         1.3888858657         2.8145726437        -0.1695426768
        3.5903951000         1.4016475000         2.8247801535         0.1628939444
        3.5953757000         1.3965428462         2.8222282761         0.0299192959
        3.6003893000         1.3939905194         2.8196763986        -0.0365680283
        3.6053873000         1.3939905194         2.8196763986        -0.0365680283
        3.6103800000         1.3888858657         2.8120207662        -0.1695426768
        3.6153870000         1.4016475000         2.8247801535         0.1628939444
        3.6204016000         1.3914381925         2.8145726437        -0.1030553526
        3.6254029000         1.3939905194         2.8222282761        -0.0365680283
        3.6303958000         1.3939905194         2.8196763986        -0.0365680283
        3.6353995000         1.3939905194         2.8196763986        -0.0365680283
        3.6403785000         1.4016475000         2.8273320310         0.1628939444
        3.6453890000         1.3888858657         2.8145726437        -0.1695426768
        3.6503813000         1.3965428462         2.8222282761         0.0299192959
        3.6554063000         1.3939905194         2.8222282761        -0.0365680283
        3.6604483000         1.3939905194         2.8196763986        -0.0365680283
        3.6655347000         1.3965428462         2.8196763986         0.0299192959
        3.6704251000         1.4041998268         2.8273320310         0.2293812686
        3.6753957000         1.4016475000         2.8247801535         0.1628939444
        3.6804008000         1.3888858657         2.8145726437        -0.1695426768
        3.6853878000         1.3965428462         2.8196763986         0.0299192959
        3.6903964000         1.3965428462         2.8222282761         0.0299192959
        3.6954046000         1.3965428462         2.8145726437         0.0299192959
        3.7003829000         1.3965428462         2.8196763986         0.0299192959
        3.7053805000         1.3965428462         2.8222282761         0.0299192959
        3.7104037000         1.3965428462         2.8196763986         0.0299192959
        3.7153923000         1.4016475000         2.8273320310         0.1628939444
        3.7203991000         1.3914381925         2.8145726437        -0.1030553526
        3.7253789000         1.3965428462         2.8196763986         0.0299192959
        3.7304547000         1.3965428462         2.8298839084         0.0299192959
        3.7353940000         1.3939905194         2.8171245211        -0.0365680283
        3.7403768000         1.3888858657         2.8145726437        -0.1695426768
        3.7453942000         1.3990951731         2.8247801535         0.0964066201
        3.7503956000         1.3888858657         2.8120207662        -0.1695426768
        3.7554058000         1.4016475000         2.8273320310         0.1628939444
        3.7603908000         1.3939905194         2.8196763986        -0.0365680283
        3.7653954000         1.3939905194         2.8222282761        -0.0365680283
        3.7704069000         1.3965428462         2.8222282761         0.0299192959
        3.7754117000         1.3990951731         2.8196763986         0.0964066201
        3.7803981000         1.3888858657         2.8145726437        -0.1695426768
        3.7853838000         1.3965428462         2.8196763986         0.0299192959
        3.7903906000         1.3965428462         2.8196763986         0.0299192959
        3.7954042000         1.3965428462         2.8196763986         0.0299192959
        3.8003803000         1.3965428462         2.8247801535         0.0299192959
        3.8053899000         1.3888858657         2.8120207662        -0.1695426768
        3.8104023000         1.3990951731         2.8273320310         0.0964066201
        3.8153874000         1.3965428462         2.8196763986         0.0299192959
        3.8203970000         1.4041998268         2.8196763986         0.2293812686
        3.8253999000         1.3888858657         2.8145726437        -0.1695426768
        3.8304087000         1.3965428462         2.8196763986         0.0299192959
        3.8353971000         1.3965428462         2.8196763986         0.0299192959
        3.8403810000         1.3965428462         2.8196763986         0.0299192959
        3.8453917000         1.4016475000         2.8273320310         0.1628939444
        3.8503915000         1.3888858657         2.8120207662        -0.1695426768
        3.8554334000         1.3965428462         2.8273320310         0.0299192959
        3.8604139000         1.3965428462         2.8222282761         0.0299192959
        3.8654331000         1.3965428462         2.8222282761         0.0299192959
        3.8704101000         1.3939905194         2.8196763986        -0.0365680283
        3.8754183000         1.3888858657         2.8145726437        -0.1695426768
        3.8803986000         1.4016475000         2.8273320310         0.1628939444
        3.8854066000         1.3965428462         2.8222282761         0.0299192959
        3.8904003000         1.3965428462         2.8196763986         0.0299192959
        3.8954032000         1.3939905194         2.8196763986        -0.0365680283
        3.9004285000         1.3914381925         2.8145726437        -0.1030553526
        3.9054275000         1.3965428462         2.8196763986         0.0299192959
        3.9104048000         1.3888858657         2.8145726437        -0.1695426768
        3.9153894000         1.3939905194         2.8196763986        -0.0365680283
        3.9203929000         1.3914381925         2.8145726437        -0.1030553526
        3.9253793000         1.3965428462         2.8222282761         0.0299192959
        3.9303902000         1.3939905194         2.8196763986        -0.0365680283
        3.9353911000         1.3939905194         2.8222282761        -0.0365680283
        3.9403813000         1.4016475000         2.8247801535         0.1628939444
        3.9453848000         1.3888858657         2.8120207662        -0.1695426768
        3.9504028000         1.3965428462         2.8196763986         0.0299192959
        3.9553787000         1.3888858657         2.8145726437        -0.1695426768
        3.9603901000         1.4016475000         2.8247801535         0.1628939444
        3.9654026000         1.3888858657         2.8145726437        -0.1695426768
        3.9703814000         1.3939905194         2.8196763986        -0.0365680283
        3.9753893000         1.3939905194         2.8196763986        -0.0365680283
        3.9803704000         1.3888858657         2.8145726437        -0.1695426768
        3.9853775000         1.4016475000         2.8273320310         0.1628939444
        3.9903896000         1.3888858657         2.8145726437        -0.1695426768
        3.9953955000         1.3965428462         2.8196763986         0.0299192959
        4.0004612000         1.4016475000         2.8247801535         0.1628939444
        4.0054237000         1.3965428462         2.8222282761         0.0299192959
        4.0104229000         1.3914381925         2.8145726437        -0.1030553526
        4.0153917000         1.4041998268         2.8247801535         0.2293812686
        4.0203979000         1.4041998268         2.8273320310         0.2293812686
        4.0254022000         1.4016475000         2.8273320310         0.1628939444
        4.0304316000         1.3888858657         2.8120207662        -0.1695426768
        4.0353966000         1.3888858657         2.8171245211        -0.1695426768
        4.0404174000         1.4041998268         2.8196763986         0.2293812686
        4.0453894000         1.3888858657         2.8120207662        -0.1695426768
        4.0503879000         1.3914381925         2.8145726437        -0.1030553526
        4.0553803000         1.3965428462         2.8196763986         0.0299192959
        4.0604615000         1.3939905194         2.8273320310        -0.0365680283
        4.0653947000         1.3990951731         2.8273320310         0.0964066201
        4.0703991000         1.4041998268         2.8222282761         0.2293812686
        4.0753892000         1.3965428462         2.8196763986         0.0299192959
        4.0803994000         1.4016475000         2.8273320310         0.1628939444
        4.0854074000         1.3965428462         2.8196763986         0.0299192959
        4.0903920000         1.3939905194         2.8196763986        -0.0365680283
        4.0954009000         1.3965428462         2.8222282761         0.0299192959
        4.1004142000         1.4016475000         2.8298839084         0.1628939444
        4.1053989000         1.4016475000         2.8273320310         0.1628939444
        4.1103983000         1.3939905194         2.8196763986        -0.0365680283
        4.1153837000         1.3914381925         2.8145726437        -0.1030553526
        4.1203876000         1.3965428462         2.8196763986         0.0299192959
        4.1254040000         1.4041998268         2.8247801535         0.2293812686
        4.1303812000         1.3888858657         2.8145726437        -0.1695426768
        4.1353881000         1.4016475000         2.8273320310         0.1628939444
        4.1403770000         1.3914381925         2.8145726437        -0.1030553526
        4.1453752000         1.3939905194         2.8196763986        -0.0365680283
        4.1503773000         1.4016475000         2.8273320310         0.1628939444
        4.1553744000         1.3914381925         2.8145726437        -0.1030553526
        4.1604039000         1.3914381925         2.8196763986        -0.1030553526
        4.1653975000         1.4016475000         2.8273320310         0.1628939444
        4.1703986000         1.3965428462         2.8196763986         0.0299192959
        4.1754031000         1.3965428462         2.8171245211         0.0299192959
        4.1803977000         1.4016475000         2.8273320310         0.1628939444
        4.1855341000         1.3939905194         2.8196763986        -0.0365680283
        4.1903910000         1.3939905194         2.8196763986        -0.0365680283
        4.1954240000         1.4016475000         2.8273320310         0.1628939444
        4.2003872000         1.3888858657         2.8145726437        -0.1695426768
        4.2053793000         1.3939905194         2.8222282761        -0.0365680283
        4.2103933000         1.4016475000         2.8273320310         0.1628939444
        4.2154063000         1.3888858657         2.8171245211        -0.1695426768
        4.2203921000         1.3965428462         2.8196763986         0.0299192959
        4.2253939000         1.3914381925         2.8145726437        -0.1030553526
        4.2304054000         1.3965428462         2.8196763986         0.0299192959
        4.2353915000         1.3888858657         2.8145726437        -0.1695426768
        4.2404682000         1.3965428462         2.8273320310         0.0299192959
        4.2454072000         1.3965428462         2.8196763986         0.0299192959
        4.2503887000         1.3965428462         2.8196763986         0.0299192959
        4.2553960000         1.3939905194         2.8196763986        -0.0365680283
        4.2604100000         1.3965428462         2.8196763986         0.0299192959
        4.2653915000         1.3965428462         2.8222282761         0.0299192959
        4.2704032000         1.3965428462         2.8196763986         0.0299192959
        4.2754116000         1.4016475000         2.8273320310         0.1628939444
        4.2803920000         1.4016475000         2.8273320310         0.1628939444
        4.2853773000         1.3939905194         2.8196763986        -0.0365680283
        4.2903922000         1.3939905194         2.8196763986        -0.0365680283
        4.2953897000         1.3965428462         2.8196763986         0.0299192959
        4.3004004000         1.4016475000         2.8247801535         0.1628939444
        4.3054162000         1.3965428462         2.8222282761         0.0299192959
        4.3105965000         1.3965428462         2.8222282761         0.0299192959
        4.3154056000         1.3965428462         2.8196763986         0.0299192959
        4.3203918000         1.3965428462         2.8145726437         0.0299192959
        4.3254009000         1.4016475000         2.8247801535         0.1628939444
        4.3303785000         1.3965428462         2.8222282761         0.0299192959
        4.3353953000         1.3965428462         2.8222282761         0.0299192959
        4.3404013000         1.3939905194         2.8222282761        -0.0365680283
        4.3454068000         1.3965428462         2.8222282761         0.0299192959
        4.3503916000         1.3888858657         2.8145726437        -0.1695426768
        4.3554287000         1.3939905194         2.8196763986        -0.0365680283
        4.3604012000         1.3965428462         2.8222282761         0.0299192959
        4.3654183000         1.3888858657         2.8120207662        -0.1695426768
        4.3704258000         1.3939905194         2.8222282761        -0.0365680283
        4.3753903000         1.3965428462         2.8196763986         0.0299192959
        4.3804155000         1.3888858657         2.8145726437        -0.1695426768
        4.3854021000         1.3965428462         2.8196763986         0.0299192959
        4.3903871000         1.3965428462         2.8196763986         0.0299192959
        4.3954494000         1.3965428462         2.8196763986         0.0299192959
        4.4004493000         1.3939905194         2.8222282761        -0.0365680283
        4.4054619000         1.4016475000         2.8273320310         0.1628939444
        4.4105328000         1.3914381925         2.8171245211        -0.1030553526
        4.4156598000         1.3965428462         2.8196763986         0.0299192959
        4.4204792000         1.3939905194         2.8196763986        -0.0365680283
        4.4254315000         1.3914381925         2.8145726437        -0.1030553526
        4.4305650000         1.3888858657         2.8145726437        -0.1695426768
        4.4354454000         1.3939905194         2.8222282761        -0.0365680283
        4.4404220000         1.3965428462         2.8196763986         0.0299192959
        4.4454086000         1.3888858657         2.8145726437        -0.1695426768
        4.4503928000         1.3965428462         2.8196763986         0.0299192959
        4.4553898000         1.4016475000         2.8273320310         0.1628939444
        4.4604049000         1.3965428462         2.8196763986         0.0299192959
        4.4653968000         1.3914381925         2.8145726437        -0.1030553526
        4.4703989000         1.3990951731         2.8273320310         0.0964066201
        4.4753902000         1.3965428462         2.8222282761         0.0299192959
        4.4803887000         1.3939905194         2.8222282761        -0.0365680283
        4.4854041000         1.3888858657         2.8145726437        -0.1695426768
        4.4903856000         1.3939905194         2.8196763986        -0.0365680283
        4.4954242000         1.3939905194         2.8196763986        -0.0365680283
        4.5004000000         1.3965428462         2.8196763986         0.0299192959
        4.5054840000         1.3939905194         2.8196763986        -0.0365680283
        4.5104226000         1.3965428462         2.8196763986         0.0299192959
        4.5153989000         1.4016475000         2.8247801535         0.1628939444
        4.5204386000         1.3965428462         2.8222282761         0.0299192959
        4.5254270000         1.3888858657         2.8196763986        -0.1695426768
        4.5304055000         1.3965428462         2.8145726437         0.0299192959
        4.5354154000         1.3965428462         2.8247801535         0.0299192959
        4.5404724000         1.3939905194         2.8222282761        -0.0365680283
        4.5454153000         1.3965428462         2.8196763986         0.0299192959
        4.5504204000         1.3939905194         2.8273320310        -0.0365680283
        4.5554252000         1.3965428462         2.8222282761         0.0299192959
        4.5604141000         1.3888858657         2.8145726437        -0.1695426768
        4.5654169000         1.3965428462         2.8196763986         0.0299192959
        4.5704322000         1.4016475000         2.8273320310         0.1628939444
        4.5754088000         1.3888858657         2.8196763986        -0.1695426768
        4.5803933000         1.3990951731         2.8273320310         0.0964066201
        4.5854026000         1.3965428462         2.8145726437         0.0299192959
        4.5904218000         1.3914381925         2.8222282761        -0.1030553526
        4.5954245000         1.3965428462         2.8273320310         0.0299192959
        4.6004075000         1.3965428462         2.8145726437         0.0299192959
        4.6054193000         1.3939905194         2.8222282761        -0.0365680283
        4.6104178000         1.3965428462         2.8273320310         0.0299192959
        4.6156907000         1.3888858657         2.8145726437        -0.1695426768
        4.6204179000         1.3939905194         2.8145726437        -0.0365680283
        4.6254250000         1.3939905194         2.8196763986        -0.0365680283
        4.6304069000         1.4016475000         2.8273320310         0.1628939444
        4.6354193000         1.3888858657         2.8120207662        -0.1695426768
        4.6404352000         1.4016475000         2.8247801535         0.1628939444
        4.6454590000         1.3939905194         2.8145726437        -0.0365680283
        4.6505335000         1.4016475000         2.8247801535         0.1628939444
        4.6554489000         1.3939905194         2.8196763986        -0.0365680283
        4.6604722000         1.4016475000         2.8196763986         0.1628939444
        4.6654688000         1.3888858657         2.8145726437        -0.1695426768
        4.6704514000         1.4041998268         2.8273320310         0.2293812686
        4.6754339000         1.4041998268         2.8273320310         0.2293812686
        4.6803979000         1.3939905194         2.8273320310        -0.0365680283
        4.6854047000         1.3888858657         2.8145726437        -0.1695426768
        4.6903909000         1.4016475000         2.8273320310         0.1628939444
        4.6953915000         1.3965428462         2.8196763986         0.0299192959
        4.7003988000         1.3888858657         2.8145726437        -0.1695426768
        4.7054095000         1.4016475000         2.8273320310         0.1628939444
        4.7104186000         1.3888858657         2.8145726437        -0.1695426768
        4.7153816000         1.3965428462         2.8196763986         0.0299192959
        4.7203887000         1.3965428462         2.8145726437         0.0299192959
        4.7253974000         1.3965428462         2.8222282761         0.0299192959
        4.7303987000         1.4016475000         2.8247801535         0.1628939444
        4.7353869000         1.3965428462         2.8196763986         0.0299192959
        4.7403772000         1.3914381925         2.8145726437        -0.1030553526
        4.7453824000         1.4016475000         2.8247801535         0.1628939444
        4.7503929000         1.3914381925         2.8145726437        -0.1030553526
        4.7554050000         1.4016475000         2.8273320310         0.1628939444
        4.7604040000         1.3888858657         2.8145726437        -0.1695426768
        4.7653989000         1.4041998268         2.8247801535         0.2293812686
        4.7704011000         1.3965428462         2.8222282761         0.0299192959
        4.7753910000         1.3965428462         2.8196763986         0.0299192959
        4.7803893000         1.3888858657         2.8145726437        -0.1695426768
        4.7853801000         1.3965428462         2.8196763986         0.0299192959
        4.7903841000         1.3965428462         2.8196763986         0.0299192959
        4.7953965000         1.3939905194         2.8222282761        -0.0365680283
        4.8004079000         1.3990951731         2.8273320310         0.0964066201
        4.8053914000         1.4016475000         2.8273320310         0.1628939444
        4.8104015000         1.4016475000         2.8273320310         0.1628939444
        4.8154029000         1.4067521537         2.8298839084         0.2958685928
        4.8203827000         1.3888858657         2.8145726437        -0.1695426768
        4.8254626000         1.3939905194         2.8171245211        -0.0365680283
        4.8303830000         1.3965428462         2.8196763986         0.0299192959
        4.8353948000         1.3965428462         2.8196763986         0.0299192959
        4.8403957000         1.3965428462         2.8196763986         0.0299192959
        4.8454915000         1.4016475000         2.8247801535         0.1628939444
        4.8504128000         1.3914381925         2.8145726437        -0.1030553526
        4.8554245000         1.4016475000         2.8273320310         0.1628939444
        4.8603898000         1.3965428462         2.8196763986         0.0299192959
        4.8654304000         1.4041998268         2.8247801535         0.2293812686
        4.8704350000         1.3965428462         2.8196763986         0.0299192959
        4.8754345000         1.3914381925         2.8120207662        -0.1030553526
        4.8804223000         1.3965428462         2.8222282761         0.0299192959
        4.8854239000         1.3914381925         2.8120207662        -0.1030553526
        4.8904445000         1.3965428462         2.8222282761         0.0299192959
        4.8954428000         1.3939905194         2.8171245211        -0.0365680283
        4.9004340000         1.3965428462         2.8196763986         0.0299192959
        4.9054077000         1.3990951731         2.8273320310         0.0964066201
        4.9104211000         1.3888858657         2.8145726437        -0.1695426768
        4.9154018000         1.4016475000         2.8196763986         0.1628939444
        4.9204161000         1.3914381925         2.8196763986        -0.1030553526
        4.9254569000         1.3965428462         2.8196763986         0.0299192959
        4.9304611000         1.3888858657         2.8145726437        -0.1695426768
        4.9354215000         1.3965428462         2.8196763986         0.0299192959
        4.9404004000         1.3914381925         2.8196763986        -0.1030553526
        4.9454146000         1.3888858657         2.8145726437        -0.1695426768
        4.9503870000         1.3965428462         2.8196763986         0.0299192959
        4.9553995000         1.3990951731         2.8273320310         0.0964066201
        4.9604127000         1.3914381925         2.8145726437        -0.1030553526
        4.9654636000         1.3888858657         2.8145726437        -0.1695426768
        4.9704404000         1.4016475000         2.8273320310         0.1628939444
        4.9754586000         1.3965428462         2.8196763986         0.0299192959
        4.9805623000         1.3939905194         2.8196763986        -0.0365680283
        4.9854329000         1.3965428462         2.8196763986         0.0299192959
        4.9904205000         1.4016475000         2.8247801535         0.1628939444
        4.9954260000         1.4016475000         2.8273320310         0.1628939444
        5.0003975000         1.3914381925         2.8145726437        -0.1030553526
