% Potentiometer Recording  5.0 s
% Vg_offset=1.395394V  K_gimbal=26.049690
% Fs=200 Hz  samples=1001

Time[s]              Vg[V]                Pot[V]               Omega[rad/s]        
        0.0010276000         1.3888858657         2.5593848978        -0.1695426768
        0.0054306000         1.3939905194         2.5644886527        -0.0365680283
        0.0103946000         1.4016475000         2.5695924076         0.1628939444
        0.0154269000         1.3965428462         2.5619367752         0.0299192959
        0.0203893000         1.3965428462         2.5670405302         0.0299192959
        0.0253921000         1.3914381925         2.5568330203        -0.1030553526
        0.0304700000         1.4016475000         2.5670405302         0.1628939444
        0.0354739000         1.3888858657         2.5568330203        -0.1695426768
        0.0404334000         1.3965428462         2.5644886527         0.0299192959
        0.0454348000         1.3914381925         2.5568330203        -0.1030553526
        0.0503996000         1.3965428462         2.5644886527         0.0299192959
        0.0554088000         1.3965428462         2.5619367752         0.0299192959
        0.0604088000         1.3888858657         2.5568330203        -0.1695426768
        0.0653929000         1.4016475000         2.5670405302         0.1628939444
        0.0704062000         1.3965428462         2.5644886527         0.0299192959
        0.0762779000         1.4016475000         2.5695924076         0.1628939444
        0.0805206000         1.3965428462         2.5619367752         0.0299192959
        0.0855172000         1.3888858657         2.5542811429        -0.1695426768
        0.0903929000         1.4016475000         2.5695924076         0.1628939444
        0.0954400000         1.4016475000         2.5670405302         0.1628939444
        0.1004673000         1.3888858657         2.5593848978        -0.1695426768
        0.1054351000         1.3965428462         2.5619367752         0.0299192959
        0.1104260000         1.3965428462         2.5619367752         0.0299192959
        0.1154273000         1.3888858657         2.5568330203        -0.1695426768
        0.1204296000         1.4016475000         2.5670405302         0.1628939444
        0.1254219000         1.3939905194         2.5619367752        -0.0365680283
        0.1304290000         1.3914381925         2.5593848978        -0.1030553526
        0.1354072000         1.3965428462         2.5619367752         0.0299192959
        0.1403955000         1.3965428462         2.5644886527         0.0299192959
        0.1454009000         1.3888858657         2.5568330203        -0.1695426768
        0.1504413000         1.3939905194         2.5619367752        -0.0365680283
        0.1554012000         1.4016475000         2.5670405302         0.1628939444
        0.1604115000         1.3888858657         2.5568330203        -0.1695426768
        0.1654119000         1.3939905194         2.5619367752        -0.0365680283
        0.1704340000         1.4016475000         2.5695924076         0.1628939444
        0.1754152000         1.3914381925         2.5568330203        -0.1030553526
        0.1804554000         1.3965428462         2.5619367752         0.0299192959
        0.1854225000         1.4016475000         2.5670405302         0.1628939444
        0.1904320000         1.3939905194         2.5644886527        -0.0365680283
        0.1953878000         1.4016475000         2.5670405302         0.1628939444
        0.2003754000         1.3965428462         2.5619367752         0.0299192959
        0.2053861000         1.4041998268         2.5619367752         0.2293812686
        0.2103864000         1.3965428462         2.5619367752         0.0299192959
        0.2153770000         1.3863335388         2.5593848978        -0.2360300010
        0.2203806000         1.4041998268         2.5670405302         0.2293812686
        0.2254001000         1.3965428462         2.5644886527         0.0299192959
        0.2303746000         1.3965428462         2.5644886527         0.0299192959
        0.2353888000         1.4016475000         2.5670405302         0.1628939444
        0.2403964000         1.3965428462         2.5568330203         0.0299192959
        0.2454129000         1.4016475000         2.5670405302         0.1628939444
        0.2504176000         1.3914381925         2.5568330203        -0.1030553526
        0.2554230000         1.4016475000         2.5644886527         0.1628939444
        0.2605835000         1.4016475000         2.5670405302         0.1628939444
        0.2654603000         1.3914381925         2.5568330203        -0.1030553526
        0.2705146000         1.3939905194         2.5644886527        -0.0365680283
        0.2754520000         1.3965428462         2.5619367752         0.0299192959
        0.2804459000         1.4016475000         2.5670405302         0.1628939444
        0.2854554000         1.3888858657         2.5568330203        -0.1695426768
        0.2905082000         1.3914381925         2.5568330203        -0.1030553526
        0.2954981000         1.3965428462         2.5695924076         0.0299192959
        0.3004873000         1.3914381925         2.5568330203        -0.1030553526
        0.3054106000         1.4016475000         2.5695924076         0.1628939444
        0.3103908000         1.3965428462         2.5644886527         0.0299192959
        0.3153937000         1.3888858657         2.5568330203        -0.1695426768
        0.3203903000         1.4016475000         2.5695924076         0.1628939444
        0.3253933000         1.3965428462         2.5644886527         0.0299192959
        0.3304033000         1.3888858657         2.5568330203        -0.1695426768
        0.3353818000         1.4016475000         2.5695924076         0.1628939444
        0.3403917000         1.3939905194         2.5619367752        -0.0365680283
        0.3453777000         1.3965428462         2.5619367752         0.0299192959
        0.3503895000         1.4016475000         2.5670405302         0.1628939444
        0.3553955000         1.3965428462         2.5619367752         0.0299192959
        0.3603848000         1.4016475000         2.5695924076         0.1628939444
        0.3654167000         1.3888858657         2.5568330203        -0.1695426768
        0.3704004000         1.4016475000         2.5695924076         0.1628939444
        0.3754065000         1.3914381925         2.5568330203        -0.1030553526
        0.3803909000         1.3990951731         2.5670405302         0.0964066201
        0.3853972000         1.3965428462         2.5644886527         0.0299192959
        0.3904102000         1.3965428462         2.5644886527         0.0299192959
        0.3953855000         1.3914381925         2.5568330203        -0.1030553526
        0.4003911000         1.3965428462         2.5619367752         0.0299192959
        0.4053882000         1.3939905194         2.5619367752        -0.0365680283
        0.4103916000         1.3939905194         2.5542811429        -0.0365680283
        0.4154492000         1.4016475000         2.5695924076         0.1628939444
        0.4203801000         1.4016475000         2.5695924076         0.1628939444
        0.4254161000         1.3965428462         2.5644886527         0.0299192959
        0.4304089000         1.3888858657         2.5568330203        -0.1695426768
        0.4354334000         1.3965428462         2.5619367752         0.0299192959
        0.4404156000         1.3939905194         2.5593848978        -0.0365680283
        0.4453800000         1.3965428462         2.5619367752         0.0299192959
        0.4504147000         1.4041998268         2.5670405302         0.2293812686
        0.4553980000         1.3888858657         2.5568330203        -0.1695426768
        0.4603995000         1.3965428462         2.5644886527         0.0299192959
        0.4653918000         1.3939905194         2.5619367752        -0.0365680283
        0.4703976000         1.3965428462         2.5619367752         0.0299192959
        0.4753778000         1.3888858657         2.5593848978        -0.1695426768
        0.4803851000         1.3990951731         2.5670405302         0.0964066201
        0.4853921000         1.3888858657         2.5568330203        -0.1695426768
        0.4904005000         1.4016475000         2.5670405302         0.1628939444
        0.4953885000         1.3965428462         2.5644886527         0.0299192959
        0.5003961000         1.3965428462         2.5644886527         0.0299192959
        0.5053787000         1.4016475000         2.5670405302         0.1628939444
        0.5103966000         1.3914381925         2.5568330203        -0.1030553526
        0.5154008000         1.4016475000         2.5721442851         0.1628939444
        0.5204058000         1.3914381925         2.5568330203        -0.1030553526
        0.5253876000         1.4016475000         2.5670405302         0.1628939444
        0.5303973000         1.3965428462         2.5568330203         0.0299192959
        0.5353890000         1.3965428462         2.5619367752         0.0299192959
        0.5403862000         1.3888858657         2.5644886527        -0.1695426768
        0.5454012000         1.4016475000         2.5670405302         0.1628939444
        0.5503808000         1.3914381925         2.5593848978        -0.1030553526
        0.5554000000         1.3939905194         2.5644886527        -0.0365680283
        0.5603962000         1.3965428462         2.5644886527         0.0299192959
        0.5654426000         1.3965428462         2.5619367752         0.0299192959
        0.5704198000         1.4016475000         2.5670405302         0.1628939444
        0.5754716000         1.3965428462         2.5619367752         0.0299192959
        0.5804105000         1.3965428462         2.5619367752         0.0299192959
        0.5854135000         1.3965428462         2.5619367752         0.0299192959
        0.5904049000         1.3965428462         2.5644886527         0.0299192959
        0.5954195000         1.4016475000         2.5695924076         0.1628939444
        0.6004660000         1.3939905194         2.5670405302        -0.0365680283
        0.6053958000         1.3965428462         2.5695924076         0.0299192959
        0.6104162000         1.3965428462         2.5619367752         0.0299192959
        0.6153959000         1.3939905194         2.5619367752        -0.0365680283
        0.6203869000         1.3965428462         2.5644886527         0.0299192959
        0.6253868000         1.3965428462         2.5619367752         0.0299192959
        0.6303969000         1.3888858657         2.5568330203        -0.1695426768
        0.6354255000         1.3888858657         2.5593848978        -0.1695426768
        0.6403928000         1.3965428462         2.5619367752         0.0299192959
        0.6453957000         1.3914381925         2.5568330203        -0.1030553526
        0.6503905000         1.4016475000         2.5670405302         0.1628939444
        0.6554816000         1.3914381925         2.5542811429        -0.1030553526
        0.6604138000         1.3965428462         2.5619367752         0.0299192959
        0.6654013000         1.4016475000         2.5644886527         0.1628939444
        0.6703893000         1.4016475000         2.5670405302         0.1628939444
        0.6753963000         1.3914381925         2.5568330203        -0.1030553526
        0.6803875000         1.3965428462         2.5644886527         0.0299192959
        0.6853965000         1.3888858657         2.5568330203        -0.1695426768
        0.6903882000         1.3939905194         2.5619367752        -0.0365680283
        0.6953901000         1.3914381925         2.5542811429        -0.1030553526
        0.7003977000         1.3939905194         2.5619367752        -0.0365680283
        0.7054060000         1.4016475000         2.5670405302         0.1628939444
        0.7103871000         1.3965428462         2.5619367752         0.0299192959
        0.7153961000         1.4016475000         2.5695924076         0.1628939444
        0.7204026000         1.3965428462         2.5568330203         0.0299192959
        0.7253945000         1.3965428462         2.5644886527         0.0299192959
        0.7304236000         1.3939905194         2.5619367752        -0.0365680283
        0.7354048000         1.3914381925         2.5644886527        -0.1030553526
        0.7403919000         1.3965428462         2.5644886527         0.0299192959
        0.7453773000         1.3914381925         2.5568330203        -0.1030553526
        0.7504812000         1.3965428462         2.5619367752         0.0299192959
        0.7553917000         1.3990951731         2.5619367752         0.0964066201
        0.7604263000         1.3965428462         2.5619367752         0.0299192959
        0.7654136000         1.3965428462         2.5619367752         0.0299192959
        0.7704218000         1.3888858657         2.5568330203        -0.1695426768
        0.7754291000         1.3939905194         2.5644886527        -0.0365680283
        0.7804373000         1.3939905194         2.5644886527        -0.0365680283
        0.7854237000         1.3939905194         2.5670405302        -0.0365680283
        0.7904049000         1.3965428462         2.5619367752         0.0299192959
        0.7954409000         1.3939905194         2.5644886527        -0.0365680283
        0.8004349000         1.3965428462         2.5619367752         0.0299192959
        0.8054167000         1.3965428462         2.5619367752         0.0299192959
        0.8104075000         1.4041998268         2.5644886527         0.2293812686
        0.8154010000         1.3965428462         2.5670405302         0.0299192959
        0.8203880000         1.3965428462         2.5619367752         0.0299192959
        0.8253905000         1.3888858657         2.5568330203        -0.1695426768
        0.8304996000         1.3965428462         2.5619367752         0.0299192959
        0.8355018000         1.3965428462         2.5644886527         0.0299192959
        0.8404831000         1.4016475000         2.5670405302         0.1628939444
        0.8454248000         1.3888858657         2.5568330203        -0.1695426768
        0.8504311000         1.3939905194         2.5644886527        -0.0365680283
        0.8554159000         1.3990951731         2.5695924076         0.0964066201
        0.8605117000         1.3863335388         2.5568330203        -0.2360300010
        0.8654288000         1.4016475000         2.5670405302         0.1628939444
        0.8704840000         1.3914381925         2.5568330203        -0.1030553526
        0.8754285000         1.3965428462         2.5619367752         0.0299192959
        0.8804302000         1.3965428462         2.5619367752         0.0299192959
        0.8854162000         1.3888858657         2.5542811429        -0.1695426768
        0.8904270000         1.4016475000         2.5695924076         0.1628939444
        0.8954299000         1.3965428462         2.5619367752         0.0299192959
        0.9004294000         1.3990951731         2.5670405302         0.0964066201
        0.9054447000         1.3965428462         2.5568330203         0.0299192959
        0.9103935000         1.3965428462         2.5644886527         0.0299192959
        0.9153909000         1.3888858657         2.5568330203        -0.1695426768
        0.9203775000         1.3965428462         2.5619367752         0.0299192959
        0.9253900000         1.3965428462         2.5644886527         0.0299192959
        0.9304568000         1.3939905194         2.5644886527        -0.0365680283
        0.9354345000         1.3939905194         2.5619367752        -0.0365680283
        0.9404236000         1.3888858657         2.5568330203        -0.1695426768
        0.9454225000         1.4041998268         2.5695924076         0.2293812686
        0.9504238000         1.3939905194         2.5619367752        -0.0365680283
        0.9554639000         1.4016475000         2.5695924076         0.1628939444
        0.9604117000         1.3939905194         2.5619367752        -0.0365680283
        0.9654322000         1.3939905194         2.5644886527        -0.0365680283
        0.9704170000         1.3863335388         2.5568330203        -0.2360300010
        0.9754248000         1.3939905194         2.5619367752        -0.0365680283
        0.9803879000         1.3888858657         2.5568330203        -0.1695426768
        0.9854790000         1.4016475000         2.5695924076         0.1628939444
        0.9904035000         1.3914381925         2.5619367752        -0.1030553526
        0.9954201000         1.3939905194         2.5619367752        -0.0365680283
        1.0004196000         1.3888858657         2.5644886527        -0.1695426768
        1.0054523000         1.3965428462         2.5644886527         0.0299192959
        1.0104302000         1.3965428462         2.5619367752         0.0299192959
        1.0155758000         1.3888858657         2.5568330203        -0.1695426768
        1.0204168000         1.4016475000         2.5695924076         0.1628939444
        1.0254377000         1.3965428462         2.5619367752         0.0299192959
        1.0304989000         1.3939905194         2.5644886527        -0.0365680283
        1.0354107000         1.3939905194         2.5619367752        -0.0365680283
        1.0404174000         1.4016475000         2.5695924076         0.1628939444
        1.0454011000         1.3965428462         2.5619367752         0.0299192959
        1.0504071000         1.3965428462         2.5593848978         0.0299192959
        1.0553878000         1.3888858657         2.5568330203        -0.1695426768
        1.0604033000         1.4016475000         2.5670405302         0.1628939444
        1.0654137000         1.3965428462         2.5619367752         0.0299192959
        1.0704283000         1.3965428462         2.5619367752         0.0299192959
        1.0753987000         1.4041998268         2.5695924076         0.2293812686
        1.0804179000         1.3888858657         2.5542811429        -0.1695426768
        1.0854000000         1.4016475000         2.5695924076         0.1628939444
        1.0904025000         1.3965428462         2.5568330203         0.0299192959
        1.0953871000         1.4016475000         2.5644886527         0.1628939444
        1.1004020000         1.4016475000         2.5670405302         0.1628939444
        1.1053821000         1.3939905194         2.5619367752        -0.0365680283
        1.1104277000         1.3888858657         2.5619367752        -0.1695426768
        1.1154026000         1.3888858657         2.5568330203        -0.1695426768
        1.1204297000         1.3888858657         2.5619367752        -0.1695426768
        1.1254116000         1.3914381925         2.5568330203        -0.1030553526
        1.1304389000         1.4016475000         2.5695924076         0.1628939444
        1.1353872000         1.3939905194         2.5644886527        -0.0365680283
        1.1403956000         1.3965428462         2.5644886527         0.0299192959
        1.1453877000         1.3965428462         2.5619367752         0.0299192959
        1.1503923000         1.4016475000         2.5670405302         0.1628939444
        1.1553864000         1.3939905194         2.5619367752        -0.0365680283
        1.1603986000         1.3914381925         2.5568330203        -0.1030553526
        1.1653838000         1.3939905194         2.5644886527        -0.0365680283
        1.1703955000         1.3939905194         2.5619367752        -0.0365680283
        1.1754767000         1.3965428462         2.5619367752         0.0299192959
        1.1804069000         1.3888858657         2.5568330203        -0.1695426768
        1.1854014000         1.3990951731         2.5670405302         0.0964066201
        1.1904015000         1.3965428462         2.5619367752         0.0299192959
        1.1953895000         1.4016475000         2.5670405302         0.1628939444
        1.2003917000         1.3888858657         2.5568330203        -0.1695426768
        1.2053997000         1.4016475000         2.5695924076         0.1628939444
        1.2103900000         1.3965428462         2.5619367752         0.0299192959
        1.2153949000         1.4016475000         2.5644886527         0.1628939444
        1.2204023000         1.3965428462         2.5619367752         0.0299192959
        1.2253816000         1.3863335388         2.5568330203        -0.2360300010
        1.2304015000         1.3965428462         2.5619367752         0.0299192959
        1.2354053000         1.4016475000         2.5670405302         0.1628939444
        1.2403858000         1.3888858657         2.5568330203        -0.1695426768
        1.2453970000         1.3939905194         2.5619367752        -0.0365680283
        1.2503886000         1.4041998268         2.5619367752         0.2293812686
        1.2553890000         1.3914381925         2.5568330203        -0.1030553526
        1.2603965000         1.4016475000         2.5670405302         0.1628939444
        1.2654101000         1.3965428462         2.5568330203         0.0299192959
        1.2704198000         1.4016475000         2.5695924076         0.1628939444
        1.2753969000         1.3965428462         2.5619367752         0.0299192959
        1.2803895000         1.3965428462         2.5568330203         0.0299192959
        1.2853945000         1.3939905194         2.5644886527        -0.0365680283
        1.2904082000         1.3965428462         2.5644886527         0.0299192959
        1.2954396000         1.3965428462         2.5619367752         0.0299192959
        1.3003977000         1.3914381925         2.5568330203        -0.1030553526
        1.3053780000         1.3965428462         2.5644886527         0.0299192959
        1.3104083000         1.4016475000         2.5695924076         0.1628939444
        1.3153990000         1.3939905194         2.5619367752        -0.0365680283
        1.3203787000         1.3888858657         2.5568330203        -0.1695426768
        1.3254160000         1.4041998268         2.5670405302         0.2293812686
        1.3303952000         1.3914381925         2.5568330203        -0.1030553526
        1.3353881000         1.3939905194         2.5619367752        -0.0365680283
        1.3403884000         1.3914381925         2.5568330203        -0.1030553526
        1.3453979000         1.3990951731         2.5695924076         0.0964066201
        1.3503929000         1.3888858657         2.5593848978        -0.1695426768
        1.3553943000         1.4016475000         2.5695924076         0.1628939444
        1.3604390000         1.3888858657         2.5568330203        -0.1695426768
        1.3654575000         1.4016475000         2.5670405302         0.1628939444
        1.3705873000         1.3965428462         2.5619367752         0.0299192959
        1.3754450000         1.3965428462         2.5619367752         0.0299192959
        1.3804945000         1.3965428462         2.5619367752         0.0299192959
        1.3854430000         1.3863335388         2.5568330203        -0.2360300010
        1.3904338000         1.3965428462         2.5695924076         0.0299192959
        1.3954363000         1.3939905194         2.5619367752        -0.0365680283
        1.4003897000         1.3965428462         2.5619367752         0.0299192959
        1.4053764000         1.4016475000         2.5670405302         0.1628939444
        1.4103865000         1.3914381925         2.5568330203        -0.1030553526
        1.4153930000         1.4016475000         2.5695924076         0.1628939444
        1.4208225000         1.3939905194         2.5593848978        -0.0365680283
        1.4253864000         1.3965428462         2.5619367752         0.0299192959
        1.4303945000         1.3965428462         2.5644886527         0.0299192959
        1.4353762000         1.4016475000         2.5670405302         0.1628939444
        1.4403856000         1.3888858657         2.5568330203        -0.1695426768
        1.4453934000         1.4041998268         2.5695924076         0.2293812686
        1.4503805000         1.3939905194         2.5619367752        -0.0365680283
        1.4553867000         1.3965428462         2.5644886527         0.0299192959
        1.4603978000         1.3965428462         2.5619367752         0.0299192959
        1.4654050000         1.3965428462         2.5619367752         0.0299192959
        1.4703914000         1.4016475000         2.5695924076         0.1628939444
        1.4754222000         1.4016475000         2.5670405302         0.1628939444
        1.4804015000         1.3914381925         2.5568330203        -0.1030553526
        1.4854866000         1.3888858657         2.5568330203        -0.1695426768
        1.4903936000         1.3888858657         2.5568330203        -0.1695426768
        1.4953840000         1.4016475000         2.5670405302         0.1628939444
        1.5003978000         1.3914381925         2.5568330203        -0.1030553526
        1.5055211000         1.3965428462         2.5644886527         0.0299192959
        1.5104123000         1.3939905194         2.5644886527        -0.0365680283
        1.5154218000         1.3965428462         2.5619367752         0.0299192959
        1.5203999000         1.4016475000         2.5644886527         0.1628939444
        1.5256940000         1.4016475000         2.5721442851         0.1628939444
        1.5303939000         1.3939905194         2.5644886527        -0.0365680283
        1.5353993000         1.3914381925         2.5542811429        -0.1030553526
        1.5403922000         1.4016475000         2.5670405302         0.1628939444
        1.5453938000         1.3965428462         2.5644886527         0.0299192959
        1.5503791000         1.3914381925         2.5619367752        -0.1030553526
        1.5553830000         1.3914381925         2.5542811429        -0.1030553526
        1.5603906000         1.3965428462         2.5619367752         0.0299192959
        1.5654264000         1.4016475000         2.5695924076         0.1628939444
        1.5703919000         1.3863335388         2.5568330203        -0.2360300010
        1.5753942000         1.3965428462         2.5619367752         0.0299192959
        1.5803874000         1.3939905194         2.5619367752        -0.0365680283
        1.5853860000         1.3888858657         2.5568330203        -0.1695426768
        1.5904000000         1.3965428462         2.5644886527         0.0299192959
        1.5953890000         1.3965428462         2.5619367752         0.0299192959
        1.6003969000         1.3965428462         2.5644886527         0.0299192959
        1.6053755000         1.4041998268         2.5644886527         0.2293812686
        1.6103801000         1.3914381925         2.5568330203        -0.1030553526
        1.6153695000         1.4041998268         2.5670405302         0.2293812686
        1.6203757000         1.3965428462         2.5644886527         0.0299192959
        1.6253839000         1.3888858657         2.5542811429        -0.1695426768
        1.6303957000         1.3965428462         2.5644886527         0.0299192959
        1.6354115000         1.3863335388         2.5568330203        -0.2360300010
        1.6404687000         1.3965428462         2.5619367752         0.0299192959
        1.6454263000         1.3914381925         2.5568330203        -0.1030553526
        1.6505188000         1.4016475000         2.5670405302         0.1628939444
        1.6556412000         1.3939905194         2.5619367752        -0.0365680283
        1.6603898000         1.4016475000         2.5670405302         0.1628939444
        1.6653849000         1.3965428462         2.5619367752         0.0299192959
        1.6703897000         1.3965428462         2.5644886527         0.0299192959
        1.6754064000         1.3965428462         2.5644886527         0.0299192959
        1.6804068000         1.3990951731         2.5619367752         0.0964066201
        1.6854131000         1.3939905194         2.5644886527        -0.0365680283
        1.6903922000         1.3888858657         2.5542811429        -0.1695426768
        1.6953796000         1.3965428462         2.5644886527         0.0299192959
        1.7003863000         1.3965428462         2.5644886527         0.0299192959
        1.7054033000         1.3965428462         2.5619367752         0.0299192959
        1.7103831000         1.4016475000         2.5670405302         0.1628939444
        1.7153921000         1.3888858657         2.5568330203        -0.1695426768
        1.7203993000         1.4016475000         2.5695924076         0.1628939444
        1.7253851000         1.3965428462         2.5644886527         0.0299192959
        1.7303865000         1.4041998268         2.5695924076         0.2293812686
        1.7354225000         1.4041998268         2.5695924076         0.2293812686
        1.7403883000         1.3965428462         2.5619367752         0.0299192959
        1.7453994000         1.3965428462         2.5670405302         0.0299192959
        1.7504091000         1.3939905194         2.5644886527        -0.0365680283
        1.7553894000         1.3965428462         2.5619367752         0.0299192959
        1.7603992000         1.3939905194         2.5644886527        -0.0365680283
        1.7654233000         1.3965428462         2.5619367752         0.0299192959
        1.7704393000         1.3888858657         2.5619367752        -0.1695426768
        1.7754223000         1.3939905194         2.5644886527        -0.0365680283
        1.7804047000         1.3939905194         2.5619367752        -0.0365680283
        1.7854139000         1.4016475000         2.5695924076         0.1628939444
        1.7903982000         1.3914381925         2.5568330203        -0.1030553526
        1.7954107000         1.3888858657         2.5568330203        -0.1695426768
        1.8003932000         1.3965428462         2.5619367752         0.0299192959
        1.8054698000         1.3888858657         2.5568330203        -0.1695426768
        1.8104099000         1.3888858657         2.5568330203        -0.1695426768
        1.8154924000         1.4016475000         2.5670405302         0.1628939444
        1.8205155000         1.4016475000         2.5695924076         0.1628939444
        1.8254154000         1.3888858657         2.5568330203        -0.1695426768
        1.8304212000         1.3939905194         2.5593848978        -0.0365680283
        1.8354247000         1.4016475000         2.5695924076         0.1628939444
        1.8404105000         1.3888858657         2.5644886527        -0.1695426768
        1.8454221000         1.3939905194         2.5619367752        -0.0365680283
        1.8503857000         1.4016475000         2.5695924076         0.1628939444
        1.8554267000         1.3939905194         2.5644886527        -0.0365680283
        1.8603951000         1.3888858657         2.5593848978        -0.1695426768
        1.8654276000         1.3965428462         2.5619367752         0.0299192959
        1.8704119000         1.3965428462         2.5670405302         0.0299192959
        1.8754215000         1.3914381925         2.5568330203        -0.1030553526
        1.8804144000         1.3965428462         2.5644886527         0.0299192959
        1.8854388000         1.3888858657         2.5568330203        -0.1695426768
        1.8904049000         1.4016475000         2.5695924076         0.1628939444
        1.8954140000         1.3965428462         2.5619367752         0.0299192959
        1.9004250000         1.3939905194         2.5619367752        -0.0365680283
        1.9054247000         1.3888858657         2.5568330203        -0.1695426768
        1.9104524000         1.3965428462         2.5619367752         0.0299192959
        1.9154541000         1.4016475000         2.5695924076         0.1628939444
        1.9203997000         1.3888858657         2.5542811429        -0.1695426768
        1.9254084000         1.4041998268         2.5670405302         0.2293812686
        1.9304329000         1.3965428462         2.5619367752         0.0299192959
        1.9354244000         1.3888858657         2.5542811429        -0.1695426768
        1.9404679000         1.3939905194         2.5619367752        -0.0365680283
        1.9455490000         1.4016475000         2.5670405302         0.1628939444
        1.9505105000         1.4016475000         2.5670405302         0.1628939444
        1.9554451000         1.3939905194         2.5568330203        -0.0365680283
        1.9604262000         1.3939905194         2.5619367752        -0.0365680283
        1.9654526000         1.3939905194         2.5619367752        -0.0365680283
        1.9704726000         1.3914381925         2.5568330203        -0.1030553526
        1.9753968000         1.3990951731         2.5644886527         0.0964066201
        1.9804000000         1.4016475000         2.5670405302         0.1628939444
        1.9853895000         1.3888858657         2.5568330203        -0.1695426768
        1.9903954000         1.3965428462         2.5619367752         0.0299192959
        1.9954051000         1.4016475000         2.5695924076         0.1628939444
        2.0003926000         1.3914381925         2.5568330203        -0.1030553526
        2.0053966000         1.3965428462         2.5644886527         0.0299192959
        2.0103777000         1.3965428462         2.5619367752         0.0299192959
        2.0153930000         1.3888858657         2.5568330203        -0.1695426768
        2.0203960000         1.3965428462         2.5619367752         0.0299192959
        2.0253914000         1.3965428462         2.5644886527         0.0299192959
        2.0303904000         1.3914381925         2.5568330203        -0.1030553526
        2.0358402000         1.4016475000         2.5695924076         0.1628939444
        2.0403830000         1.3888858657         2.5568330203        -0.1695426768
        2.0453917000         1.3914381925         2.5542811429        -0.1030553526
        2.0503833000         1.3939905194         2.5695924076        -0.0365680283
        2.0553907000         1.3965428462         2.5644886527         0.0299192959
        2.0603947000         1.4016475000         2.5695924076         0.1628939444
        2.0653901000         1.3888858657         2.5568330203        -0.1695426768
        2.0704181000         1.3965428462         2.5593848978         0.0299192959
        2.0754019000         1.4016475000         2.5670405302         0.1628939444
        2.0804068000         1.3863335388         2.5568330203        -0.2360300010
        2.0854258000         1.4016475000         2.5695924076         0.1628939444
        2.0904253000         1.3914381925         2.5568330203        -0.1030553526
        2.0954109000         1.3965428462         2.5644886527         0.0299192959
        2.1004176000         1.3965428462         2.5619367752         0.0299192959
        2.1054274000         1.3939905194         2.5644886527        -0.0365680283
        2.1104294000         1.3965428462         2.5619367752         0.0299192959
        2.1154209000         1.3888858657         2.5542811429        -0.1695426768
        2.1204310000         1.4016475000         2.5670405302         0.1628939444
        2.1255329000         1.3965428462         2.5619367752         0.0299192959
        2.1305278000         1.3939905194         2.5619367752        -0.0365680283
        2.1354246000         1.3888858657         2.5593848978        -0.1695426768
        2.1403905000         1.4016475000         2.5695924076         0.1628939444
        2.1453982000         1.3965428462         2.5644886527         0.0299192959
        2.1503787000         1.3965428462         2.5619367752         0.0299192959
        2.1555055000         1.3914381925         2.5593848978        -0.1030553526
        2.1603999000         1.3939905194         2.5619367752        -0.0365680283
        2.1654029000         1.3939905194         2.5542811429        -0.0365680283
        2.1703902000         1.4016475000         2.5670405302         0.1628939444
        2.1753980000         1.4041998268         2.5695924076         0.2293812686
        2.1803794000         1.3914381925         2.5568330203        -0.1030553526
        2.1853871000         1.3939905194         2.5593848978        -0.0365680283
        2.1903996000         1.4041998268         2.5695924076         0.2293812686
        2.1953868000         1.3888858657         2.5568330203        -0.1695426768
        2.2003937000         1.3939905194         2.5593848978        -0.0365680283
        2.2053966000         1.4016475000         2.5670405302         0.1628939444
        2.2103877000         1.3939905194         2.5568330203        -0.0365680283
        2.2153880000         1.3965428462         2.5619367752         0.0299192959
        2.2205470000         1.3888858657         2.5568330203        -0.1695426768
        2.2254072000         1.3965428462         2.5593848978         0.0299192959
        2.2303945000         1.3965428462         2.5619367752         0.0299192959
        2.2354267000         1.3965428462         2.5619367752         0.0299192959
        2.2405610000         1.3965428462         2.5619367752         0.0299192959
        2.2456111000         1.3914381925         2.5542811429        -0.1030553526
        2.2504347000         1.3965428462         2.5619367752         0.0299192959
        2.2554759000         1.3888858657         2.5568330203        -0.1695426768
        2.2603987000         1.3888858657         2.5568330203        -0.1695426768
        2.2654049000         1.3939905194         2.5619367752        -0.0365680283
        2.2703954000         1.3939905194         2.5644886527        -0.0365680283
        2.2754013000         1.3965428462         2.5644886527         0.0299192959
        2.2804114000         1.3965428462         2.5619367752         0.0299192959
        2.2854158000         1.4016475000         2.5644886527         0.1628939444
        2.2904181000         1.3939905194         2.5619367752        -0.0365680283
        2.2954062000         1.3965428462         2.5644886527         0.0299192959
        2.3003891000         1.4016475000         2.5695924076         0.1628939444
        2.3054170000         1.4016475000         2.5670405302         0.1628939444
        2.3104281000         1.3965428462         2.5619367752         0.0299192959
        2.3153855000         1.4016475000         2.5695924076         0.1628939444
        2.3204038000         1.3939905194         2.5644886527        -0.0365680283
        2.3254332000         1.3965428462         2.5619367752         0.0299192959
        2.3304217000         1.3965428462         2.5670405302         0.0299192959
        2.3354015000         1.3965428462         2.5619367752         0.0299192959
        2.3403892000         1.3965428462         2.5644886527         0.0299192959
        2.3453923000         1.3888858657         2.5568330203        -0.1695426768
        2.3504011000         1.3965428462         2.5644886527         0.0299192959
        2.3553843000         1.3888858657         2.5568330203        -0.1695426768
        2.3603931000         1.3965428462         2.5619367752         0.0299192959
        2.3653965000         1.4016475000         2.5695924076         0.1628939444
        2.3703815000         1.3888858657         2.5568330203        -0.1695426768
        2.3753909000         1.3939905194         2.5644886527        -0.0365680283
        2.3804023000         1.4016475000         2.5695924076         0.1628939444
        2.3853893000         1.3914381925         2.5568330203        -0.1030553526
        2.3903928000         1.3965428462         2.5619367752         0.0299192959
        2.3954021000         1.3939905194         2.5619367752        -0.0365680283
        2.4003923000         1.3990951731         2.5670405302         0.0964066201
        2.4054181000         1.4016475000         2.5644886527         0.1628939444
        2.4104021000         1.4016475000         2.5695924076         0.1628939444
        2.4153852000         1.3914381925         2.5568330203        -0.1030553526
        2.4203928000         1.3939905194         2.5619367752        -0.0365680283
        2.4254084000         1.3965428462         2.5695924076         0.0299192959
        2.4303833000         1.3888858657         2.5568330203        -0.1695426768
        2.4354019000         1.3939905194         2.5619367752        -0.0365680283
        2.4403763000         1.3965428462         2.5644886527         0.0299192959
        2.4453907000         1.3965428462         2.5619367752         0.0299192959
        2.4503771000         1.3965428462         2.5619367752         0.0299192959
        2.4554127000         1.3939905194         2.5619367752        -0.0365680283
        2.4603884000         1.4016475000         2.5670405302         0.1628939444
        2.4654017000         1.3914381925         2.5568330203        -0.1030553526
        2.4703877000         1.3965428462         2.5644886527         0.0299192959
        2.4753961000         1.3965428462         2.5619367752         0.0299192959
        2.4803735000         1.3888858657         2.5568330203        -0.1695426768
        2.4854113000         1.3965428462         2.5619367752         0.0299192959
        2.4903962000         1.3888858657         2.5568330203        -0.1695426768
        2.4954015000         1.4016475000         2.5670405302         0.1628939444
        2.5004175000         1.3965428462         2.5644886527         0.0299192959
        2.5053939000         1.3888858657         2.5568330203        -0.1695426768
        2.5104424000         1.4016475000         2.5695924076         0.1628939444
        2.5154163000         1.3939905194         2.5619367752        -0.0365680283
        2.5205234000         1.3939905194         2.5619367752        -0.0365680283
        2.5254568000         1.3965428462         2.5619367752         0.0299192959
        2.5304628000         1.3965428462         2.5619367752         0.0299192959
        2.5354183000         1.4016475000         2.5670405302         0.1628939444
        2.5405887000         1.3888858657         2.5568330203        -0.1695426768
        2.5454156000         1.4016475000         2.5670405302         0.1628939444
        2.5504033000         1.3965428462         2.5644886527         0.0299192959
        2.5553906000         1.4041998268         2.5644886527         0.2293812686
        2.5603879000         1.3965428462         2.5619367752         0.0299192959
        2.5653811000         1.3914381925         2.5568330203        -0.1030553526
        2.5703812000         1.4016475000         2.5695924076         0.1628939444
        2.5754255000         1.3965428462         2.5644886527         0.0299192959
        2.5803941000         1.4016475000         2.5670405302         0.1628939444
        2.5853869000         1.3965428462         2.5644886527         0.0299192959
        2.5903969000         1.3965428462         2.5644886527         0.0299192959
        2.5953770000         1.4016475000         2.5695924076         0.1628939444
        2.6003896000         1.3888858657         2.5568330203        -0.1695426768
        2.6053896000         1.4016475000         2.5670405302         0.1628939444
        2.6104052000         1.3914381925         2.5568330203        -0.1030553526
        2.6153837000         1.3965428462         2.5619367752         0.0299192959
        2.6204271000         1.3965428462         2.5619367752         0.0299192959
        2.6254122000         1.3914381925         2.5568330203        -0.1030553526
        2.6304227000         1.4041998268         2.5695924076         0.2293812686
        2.6354405000         1.3914381925         2.5568330203        -0.1030553526
        2.6403838000         1.4016475000         2.5670405302         0.1628939444
        2.6454117000         1.3965428462         2.5644886527         0.0299192959
        2.6503994000         1.3965428462         2.5619367752         0.0299192959
        2.6553848000         1.3914381925         2.5568330203        -0.1030553526
        2.6604056000         1.3965428462         2.5644886527         0.0299192959
        2.6653951000         1.3888858657         2.5568330203        -0.1695426768
        2.6704100000         1.3939905194         2.5619367752        -0.0365680283
        2.6755201000         1.3888858657         2.5568330203        -0.1695426768
        2.6804072000         1.3965428462         2.5644886527         0.0299192959
        2.6853870000         1.3939905194         2.5619367752        -0.0365680283
        2.6903989000         1.3965428462         2.5619367752         0.0299192959
        2.6954212000         1.3965428462         2.5644886527         0.0299192959
        2.7003854000         1.3939905194         2.5619367752        -0.0365680283
        2.7053924000         1.3888858657         2.5542811429        -0.1695426768
        2.7104023000         1.3965428462         2.5670405302         0.0299192959
        2.7153871000         1.3965428462         2.5644886527         0.0299192959
        2.7203935000         1.3965428462         2.5644886527         0.0299192959
        2.7253755000         1.4016475000         2.5695924076         0.1628939444
        2.7304015000         1.3914381925         2.5568330203        -0.1030553526
        2.7354165000         1.3914381925         2.5568330203        -0.1030553526
        2.7404525000         1.3914381925         2.5593848978        -0.1030553526
        2.7453936000         1.3888858657         2.5568330203        -0.1695426768
        2.7503928000         1.3939905194         2.5619367752        -0.0365680283
        2.7553874000         1.3914381925         2.5568330203        -0.1030553526
        2.7606016000         1.3939905194         2.5644886527        -0.0365680283
        2.7654198000         1.4016475000         2.5721442851         0.1628939444
        2.7704343000         1.3965428462         2.5644886527         0.0299192959
        2.7754513000         1.3965428462         2.5619367752         0.0299192959
        2.7804257000         1.3939905194         2.5619367752        -0.0365680283
        2.7855048000         1.3888858657         2.5568330203        -0.1695426768
        2.7904129000         1.4016475000         2.5695924076         0.1628939444
        2.7954302000         1.3965428462         2.5619367752         0.0299192959
        2.8004133000         1.3965428462         2.5619367752         0.0299192959
        2.8053962000         1.3939905194         2.5644886527        -0.0365680283
        2.8103948000         1.3965428462         2.5644886527         0.0299192959
        2.8153884000         1.3914381925         2.5568330203        -0.1030553526
        2.8203939000         1.3965428462         2.5619367752         0.0299192959
        2.8253806000         1.3939905194         2.5619367752        -0.0365680283
        2.8303888000         1.3888858657         2.5568330203        -0.1695426768
        2.8354174000         1.3939905194         2.5644886527        -0.0365680283
        2.8403736000         1.3965428462         2.5619367752         0.0299192959
        2.8453928000         1.3939905194         2.5644886527        -0.0365680283
        2.8503900000         1.3939905194         2.5619367752        -0.0365680283
        2.8554101000         1.3939905194         2.5644886527        -0.0365680283
        2.8603913000         1.4016475000         2.5695924076         0.1628939444
        2.8654044000         1.4016475000         2.5644886527         0.1628939444
        2.8704064000         1.3888858657         2.5568330203        -0.1695426768
        2.8753874000         1.4016475000         2.5670405302         0.1628939444
        2.8804317000         1.3939905194         2.5644886527        -0.0365680283
        2.8854112000         1.3965428462         2.5619367752         0.0299192959
        2.8903932000         1.3914381925         2.5568330203        -0.1030553526
        2.8954048000         1.4016475000         2.5695924076         0.1628939444
        2.9003819000         1.3939905194         2.5619367752        -0.0365680283
        2.9053968000         1.3939905194         2.5619367752        -0.0365680283
        2.9103836000         1.4016475000         2.5695924076         0.1628939444
        2.9154160000         1.3939905194         2.5619367752        -0.0365680283
        2.9203931000         1.3965428462         2.5619367752         0.0299192959
        2.9254083000         1.3965428462         2.5619367752         0.0299192959
        2.9304301000         1.3939905194         2.5619367752        -0.0365680283
        2.9353977000         1.3939905194         2.5619367752        -0.0365680283
        2.9403962000         1.4016475000         2.5695924076         0.1628939444
        2.9454152000         1.3888858657         2.5568330203        -0.1695426768
        2.9503923000         1.4016475000         2.5695924076         0.1628939444
        2.9553990000         1.3914381925         2.5568330203        -0.1030553526
        2.9603847000         1.3965428462         2.5644886527         0.0299192959
        2.9653969000         1.3965428462         2.5619367752         0.0299192959
        2.9704113000         1.3939905194         2.5619367752        -0.0365680283
        2.9754099000         1.3939905194         2.5619367752        -0.0365680283
        2.9803988000         1.3888858657         2.5568330203        -0.1695426768
        2.9853875000         1.4041998268         2.5644886527         0.2293812686
        2.9903933000         1.3939905194         2.5619367752        -0.0365680283
        2.9954012000         1.3990951731         2.5619367752         0.0964066201
        3.0004066000         1.3939905194         2.5619367752        -0.0365680283
        3.0054149000         1.3914381925         2.5542811429        -0.1030553526
        3.0104006000         1.4016475000         2.5670405302         0.1628939444
        3.0153812000         1.3965428462         2.5619367752         0.0299192959
        3.0203972000         1.4041998268         2.5670405302         0.2293812686
        3.0253987000         1.3914381925         2.5568330203        -0.1030553526
        3.0304105000         1.3965428462         2.5619367752         0.0299192959
        3.0354765000         1.3939905194         2.5619367752        -0.0365680283
        3.0404059000         1.3939905194         2.5619367752        -0.0365680283
        3.0454048000         1.4041998268         2.5670405302         0.2293812686
        3.0503991000         1.3888858657         2.5568330203        -0.1695426768
        3.0553997000         1.3990951731         2.5619367752         0.0964066201
        3.0603881000         1.3965428462         2.5619367752         0.0299192959
        3.0653879000         1.4016475000         2.5695924076         0.1628939444
        3.0703770000         1.3888858657         2.5568330203        -0.1695426768
        3.0753867000         1.3965428462         2.5619367752         0.0299192959
        3.0804473000         1.3888858657         2.5568330203        -0.1695426768
        3.0854050000         1.3965428462         2.5619367752         0.0299192959
        3.0903913000         1.3939905194         2.5644886527        -0.0365680283
        3.0954031000         1.3939905194         2.5619367752        -0.0365680283
        3.1003984000         1.3939905194         2.5619367752        -0.0365680283
        3.1053957000         1.4016475000         2.5670405302         0.1628939444
        3.1104014000         1.3939905194         2.5619367752        -0.0365680283
        3.1154381000         1.3965428462         2.5619367752         0.0299192959
        3.1204374000         1.3990951731         2.5695924076         0.0964066201
        3.1254301000         1.3965428462         2.5644886527         0.0299192959
        3.1304297000         1.3914381925         2.5568330203        -0.1030553526
        3.1354161000         1.3990951731         2.5695924076         0.0964066201
        3.1404230000         1.3965428462         2.5619367752         0.0299192959
        3.1453885000         1.3965428462         2.5619367752         0.0299192959
        3.1504494000         1.4016475000         2.5670405302         0.1628939444
        3.1554040000         1.3965428462         2.5619367752         0.0299192959
        3.1603975000         1.3965428462         2.5619367752         0.0299192959
        3.1653984000         1.4016475000         2.5670405302         0.1628939444
        3.1703957000         1.3939905194         2.5619367752        -0.0365680283
        3.1755859000         1.3965428462         2.5644886527         0.0299192959
        3.1804319000         1.3888858657         2.5542811429        -0.1695426768
        3.1854004000         1.3965428462         2.5644886527         0.0299192959
        3.1903811000         1.3965428462         2.5619367752         0.0299192959
        3.1953934000         1.4016475000         2.5670405302         0.1628939444
        3.2003762000         1.3914381925         2.5542811429        -0.1030553526
        3.2053869000         1.3965428462         2.5644886527         0.0299192959
        3.2103969000         1.3939905194         2.5619367752        -0.0365680283
        3.2153885000         1.3965428462         2.5644886527         0.0299192959
        3.2204207000         1.3888858657         2.5593848978        -0.1695426768
        3.2253959000         1.3888858657         2.5568330203        -0.1695426768
        3.2303857000         1.4016475000         2.5695924076         0.1628939444
        3.2353874000         1.3965428462         2.5619367752         0.0299192959
        3.2403922000         1.3965428462         2.5568330203         0.0299192959
        3.2454186000         1.3939905194         2.5619367752        -0.0365680283
        3.2504184000         1.3939905194         2.5644886527        -0.0365680283
        3.2554909000         1.3939905194         2.5619367752        -0.0365680283
        3.2604163000         1.4041998268         2.5670405302         0.2293812686
        3.2654216000         1.3914381925         2.5568330203        -0.1030553526
        3.2703975000         1.4016475000         2.5695924076         0.1628939444
        3.2754163000         1.3939905194         2.5619367752        -0.0365680283
        3.2803889000         1.3965428462         2.5619367752         0.0299192959
        3.2854017000         1.3888858657         2.5568330203        -0.1695426768
        3.2903826000         1.4016475000         2.5670405302         0.1628939444
        3.2953956000         1.3965428462         2.5619367752         0.0299192959
        3.3003813000         1.3965428462         2.5644886527         0.0299192959
        3.3054105000         1.3888858657         2.5568330203        -0.1695426768
        3.3103920000         1.3965428462         2.5619367752         0.0299192959
        3.3154215000         1.4016475000         2.5670405302         0.1628939444
        3.3203877000         1.3965428462         2.5619367752         0.0299192959
        3.3254234000         1.3965428462         2.5644886527         0.0299192959
        3.3305248000         1.4016475000         2.5670405302         0.1628939444
        3.3355490000         1.3965428462         2.5644886527         0.0299192959
        3.3404315000         1.3965428462         2.5619367752         0.0299192959
        3.3454086000         1.3939905194         2.5619367752        -0.0365680283
        3.3503921000         1.3888858657         2.5568330203        -0.1695426768
        3.3553968000         1.3965428462         2.5619367752         0.0299192959
        3.3603893000         1.3965428462         2.5644886527         0.0299192959
        3.3654193000         1.4016475000         2.5670405302         0.1628939444
        3.3703991000         1.3939905194         2.5644886527        -0.0365680283
        3.3754229000         1.3965428462         2.5619367752         0.0299192959
        3.3803980000         1.3888858657         2.5568330203        -0.1695426768
        3.3853836000         1.3888858657         2.5568330203        -0.1695426768
        3.3904439000         1.3914381925         2.5593848978        -0.1030553526
        3.3953966000         1.3965428462         2.5593848978         0.0299192959
        3.4004911000         1.3939905194         2.5593848978        -0.0365680283
        3.4054053000         1.4016475000         2.5670405302         0.1628939444
        3.4104252000         1.4016475000         2.5670405302         0.1628939444
        3.4153992000         1.3888858657         2.5568330203        -0.1695426768
        3.4203824000         1.3939905194         2.5644886527        -0.0365680283
        3.4254005000         1.3939905194         2.5619367752        -0.0365680283
        3.4303993000         1.3965428462         2.5619367752         0.0299192959
        3.4353965000         1.3939905194         2.5644886527        -0.0365680283
        3.4403969000         1.3939905194         2.5644886527        -0.0365680283
        3.4454058000         1.3965428462         2.5619367752         0.0299192959
        3.4503890000         1.4016475000         2.5695924076         0.1628939444
        3.4554002000         1.3914381925         2.5568330203        -0.1030553526
        3.4603993000         1.4016475000         2.5670405302         0.1628939444
        3.4653891000         1.3939905194         2.5619367752        -0.0365680283
        3.4703955000         1.3965428462         2.5644886527         0.0299192959
        3.4753885000         1.4016475000         2.5695924076         0.1628939444
        3.4803861000         1.3914381925         2.5568330203        -0.1030553526
        3.4854012000         1.3990951731         2.5670405302         0.0964066201
        3.4904031000         1.3914381925         2.5593848978        -0.1030553526
        3.4953937000         1.4016475000         2.5670405302         0.1628939444
        3.5003746000         1.3939905194         2.5644886527        -0.0365680283
        3.5053880000         1.3965428462         2.5644886527         0.0299192959
        3.5103914000         1.3888858657         2.5619367752        -0.1695426768
        3.5154076000         1.4041998268         2.5670405302         0.2293812686
        3.5204084000         1.3939905194         2.5619367752        -0.0365680283
        3.5254225000         1.4041998268         2.5670405302         0.2293812686
        3.5304310000         1.3965428462         2.5568330203         0.0299192959
        3.5353865000         1.3965428462         2.5644886527         0.0299192959
        3.5403980000         1.3965428462         2.5644886527         0.0299192959
        3.5453857000         1.3914381925         2.5542811429        -0.1030553526
        3.5503936000         1.3965428462         2.5619367752         0.0299192959
        3.5553967000         1.3888858657         2.5593848978        -0.1695426768
        3.5603994000         1.3965428462         2.5619367752         0.0299192959
        3.5653870000         1.3888858657         2.5593848978        -0.1695426768
        3.5704168000         1.3914381925         2.5593848978        -0.1030553526
        3.5754037000         1.4016475000         2.5670405302         0.1628939444
        3.5803875000         1.3888858657         2.5568330203        -0.1695426768
        3.5854469000         1.4041998268         2.5670405302         0.2293812686
        3.5904025000         1.3939905194         2.5619367752        -0.0365680283
        3.5954556000         1.3965428462         2.5644886527         0.0299192959
        3.6004031000         1.3965428462         2.5619367752         0.0299192959
        3.6054920000         1.3965428462         2.5644886527         0.0299192959
        3.6104241000         1.3965428462         2.5670405302         0.0299192959
        3.6153997000         1.3888858657         2.5568330203        -0.1695426768
        3.6204133000         1.3888858657         2.5619367752        -0.1695426768
        3.6256512000         1.3965428462         2.5619367752         0.0299192959
        3.6304437000         1.3888858657         2.5568330203        -0.1695426768
        3.6354107000         1.4041998268         2.5670405302         0.2293812686
        3.6405205000         1.3914381925         2.5568330203        -0.1030553526
        3.6454097000         1.4016475000         2.5670405302         0.1628939444
        3.6503876000         1.3914381925         2.5568330203        -0.1030553526
        3.6555210000         1.3939905194         2.5619367752        -0.0365680283
        3.6604016000         1.3914381925         2.5542811429        -0.1030553526
        3.6653833000         1.3939905194         2.5644886527        -0.0365680283
        3.6703931000         1.3939905194         2.5619367752        -0.0365680283
        3.6754064000         1.3888858657         2.5593848978        -0.1695426768
        3.6803944000         1.3863335388         2.5568330203        -0.2360300010
        3.6853958000         1.4016475000         2.5695924076         0.1628939444
        3.6904038000         1.3965428462         2.5619367752         0.0299192959
        3.6953853000         1.3914381925         2.5568330203        -0.1030553526
        3.7004020000         1.4016475000         2.5695924076         0.1628939444
        3.7053831000         1.3965428462         2.5644886527         0.0299192959
        3.7103942000         1.3990951731         2.5644886527         0.0964066201
        3.7153976000         1.3939905194         2.5619367752        -0.0365680283
        3.7204142000         1.3939905194         2.5619367752        -0.0365680283
        3.7254244000         1.4016475000         2.5619367752         0.1628939444
        3.7303981000         1.4016475000         2.5670405302         0.1628939444
        3.7353870000         1.4016475000         2.5695924076         0.1628939444
        3.7403974000         1.3863335388         2.5568330203        -0.2360300010
        3.7454141000         1.3965428462         2.5593848978         0.0299192959
        3.7504344000         1.3939905194         2.5619367752        -0.0365680283
        3.7554202000         1.3965428462         2.5619367752         0.0299192959
        3.7604381000         1.3914381925         2.5542811429        -0.1030553526
        3.7654134000         1.3965428462         2.5619367752         0.0299192959
        3.7704156000         1.3965428462         2.5644886527         0.0299192959
        3.7754154000         1.4016475000         2.5670405302         0.1628939444
        3.7804295000         1.4016475000         2.5670405302         0.1628939444
        3.7854289000         1.4016475000         2.5695924076         0.1628939444
        3.7903989000         1.3965428462         2.5619367752         0.0299192959
        3.7953928000         1.3888858657         2.5568330203        -0.1695426768
        3.8004019000         1.3965428462         2.5670405302         0.0299192959
        3.8054149000         1.3965428462         2.5644886527         0.0299192959
        3.8105127000         1.3939905194         2.5644886527        -0.0365680283
        3.8154223000         1.3939905194         2.5619367752        -0.0365680283
        3.8204264000         1.4016475000         2.5670405302         0.1628939444
        3.8254177000         1.3965428462         2.5644886527         0.0299192959
        3.8304045000         1.3888858657         2.5568330203        -0.1695426768
        3.8354272000         1.4016475000         2.5670405302         0.1628939444
        3.8404265000         1.3888858657         2.5568330203        -0.1695426768
        3.8454067000         1.3965428462         2.5593848978         0.0299192959
        3.8504092000         1.3965428462         2.5644886527         0.0299192959
        3.8554234000         1.3939905194         2.5619367752        -0.0365680283
        3.8604340000         1.3939905194         2.5619367752        -0.0365680283
        3.8654421000         1.3990951731         2.5619367752         0.0964066201
        3.8704415000         1.3939905194         2.5619367752        -0.0365680283
        3.8755244000         1.4041998268         2.5670405302         0.2293812686
        3.8804230000         1.3939905194         2.5644886527        -0.0365680283
        3.8854015000         1.4016475000         2.5695924076         0.1628939444
        3.8904087000         1.3888858657         2.5568330203        -0.1695426768
        3.8954522000         1.4016475000         2.5695924076         0.1628939444
        3.9004535000         1.3939905194         2.5644886527        -0.0365680283
        3.9054344000         1.4016475000         2.5695924076         0.1628939444
        3.9104657000         1.3965428462         2.5695924076         0.0299192959
        3.9154342000         1.3965428462         2.5644886527         0.0299192959
        3.9204058000         1.3965428462         2.5644886527         0.0299192959
        3.9254061000         1.4041998268         2.5670405302         0.2293812686
        3.9303980000         1.3888858657         2.5568330203        -0.1695426768
        3.9354217000         1.3965428462         2.5619367752         0.0299192959
        3.9404166000         1.3965428462         2.5619367752         0.0299192959
        3.9453980000         1.4016475000         2.5670405302         0.1628939444
        3.9503854000         1.3965428462         2.5619367752         0.0299192959
        3.9553880000         1.3965428462         2.5593848978         0.0299192959
        3.9604068000         1.4016475000         2.5695924076         0.1628939444
        3.9653870000         1.3965428462         2.5644886527         0.0299192959
        3.9703969000         1.3965428462         2.5644886527         0.0299192959
        3.9753976000         1.3965428462         2.5644886527         0.0299192959
        3.9808725000         1.3965428462         2.5619367752         0.0299192959
        3.9853926000         1.4016475000         2.5695924076         0.1628939444
        3.9904007000         1.3888858657         2.5568330203        -0.1695426768
        3.9953932000         1.3965428462         2.5619367752         0.0299192959
        4.0004004000         1.3939905194         2.5644886527        -0.0365680283
        4.0054248000         1.3965428462         2.5619367752         0.0299192959
        4.0104278000         1.3888858657         2.5644886527        -0.1695426768
        4.0155836000         1.3939905194         2.5644886527        -0.0365680283
        4.0204136000         1.3965428462         2.5593848978         0.0299192959
        4.0254614000         1.3939905194         2.5619367752        -0.0365680283
        4.0304145000         1.4016475000         2.5695924076         0.1628939444
        4.0354328000         1.3888858657         2.5568330203        -0.1695426768
        4.0403934000         1.3939905194         2.5619367752        -0.0365680283
        4.0453992000         1.3965428462         2.5644886527         0.0299192959
        4.0504067000         1.3965428462         2.5644886527         0.0299192959
        4.0553998000         1.3888858657         2.5568330203        -0.1695426768
        4.0604087000         1.4016475000         2.5619367752         0.1628939444
        4.0653869000         1.3990951731         2.5670405302         0.0964066201
        4.0703945000         1.3888858657         2.5568330203        -0.1695426768
        4.0753765000         1.4016475000         2.5695924076         0.1628939444
        4.0804058000         1.3965428462         2.5619367752         0.0299192959
        4.0856339000         1.3990951731         2.5695924076         0.0964066201
        4.0904695000         1.3888858657         2.5568330203        -0.1695426768
        4.0954383000         1.4016475000         2.5695924076         0.1628939444
        4.1004262000         1.3965428462         2.5619367752         0.0299192959
        4.1054166000         1.3914381925         2.5568330203        -0.1030553526
        4.1104362000         1.3939905194         2.5619367752        -0.0365680283
        4.1154199000         1.3888858657         2.5542811429        -0.1695426768
        4.1204278000         1.4041998268         2.5695924076         0.2293812686
        4.1254145000         1.3939905194         2.5593848978        -0.0365680283
        4.1304248000         1.3965428462         2.5644886527         0.0299192959
        4.1354480000         1.4041998268         2.5695924076         0.2293812686
        4.1404472000         1.3888858657         2.5593848978        -0.1695426768
        4.1454035000         1.3990951731         2.5695924076         0.0964066201
        4.1504133000         1.3965428462         2.5644886527         0.0299192959
        4.1554134000         1.3965428462         2.5619367752         0.0299192959
        4.1604080000         1.4041998268         2.5670405302         0.2293812686
        4.1654614000         1.4016475000         2.5619367752         0.1628939444
        4.1704236000         1.3939905194         2.5619367752        -0.0365680283
        4.1755526000         1.3914381925         2.5568330203        -0.1030553526
        4.1804317000         1.3965428462         2.5619367752         0.0299192959
        4.1855882000         1.3939905194         2.5619367752        -0.0365680283
        4.1904032000         1.3990951731         2.5670405302         0.0964066201
        4.1953917000         1.3965428462         2.5619367752         0.0299192959
        4.2003928000         1.3965428462         2.5619367752         0.0299192959
        4.2053989000         1.3965428462         2.5619367752         0.0299192959
        4.2103850000         1.3914381925         2.5568330203        -0.1030553526
        4.2153918000         1.3939905194         2.5644886527        -0.0365680283
        4.2203764000         1.3939905194         2.5619367752        -0.0365680283
        4.2253848000         1.3965428462         2.5619367752         0.0299192959
        4.2303963000         1.4016475000         2.5670405302         0.1628939444
        4.2354494000         1.3965428462         2.5619367752         0.0299192959
        4.2404101000         1.3914381925         2.5568330203        -0.1030553526
        4.2455128000         1.4016475000         2.5695924076         0.1628939444
        4.2504099000         1.3965428462         2.5619367752         0.0299192959
        4.2554180000         1.3965428462         2.5644886527         0.0299192959
        4.2603962000         1.4041998268         2.5695924076         0.2293812686
        4.2654035000         1.3888858657         2.5593848978        -0.1695426768
        4.2703869000         1.3939905194         2.5695924076        -0.0365680283
        4.2753983000         1.3888858657         2.5568330203        -0.1695426768
        4.2803907000         1.4016475000         2.5670405302         0.1628939444
        4.2854154000         1.4016475000         2.5670405302         0.1628939444
        4.2904036000         1.3914381925         2.5619367752        -0.1030553526
        4.2953988000         1.3965428462         2.5619367752         0.0299192959
        4.3003963000         1.3965428462         2.5619367752         0.0299192959
        4.3053977000         1.3914381925         2.5568330203        -0.1030553526
        4.3103919000         1.4016475000         2.5695924076         0.1628939444
        4.3153957000         1.4016475000         2.5670405302         0.1628939444
        4.3204005000         1.3939905194         2.5593848978        -0.0365680283
        4.3254112000         1.3888858657         2.5568330203        -0.1695426768
        4.3303894000         1.3939905194         2.5644886527        -0.0365680283
        4.3353779000         1.4016475000         2.5695924076         0.1628939444
        4.3403928000         1.3888858657         2.5568330203        -0.1695426768
        4.3453971000         1.4016475000         2.5695924076         0.1628939444
        4.3503920000         1.3888858657         2.5568330203        -0.1695426768
        4.3553854000         1.4016475000         2.5695924076         0.1628939444
        4.3604736000         1.3914381925         2.5568330203        -0.1030553526
        4.3654122000         1.3965428462         2.5644886527         0.0299192959
        4.3704187000         1.3965428462         2.5619367752         0.0299192959
        4.3753972000         1.3939905194         2.5619367752        -0.0365680283
        4.3804437000         1.4016475000         2.5695924076         0.1628939444
        4.3853861000         1.3888858657         2.5568330203        -0.1695426768
        4.3906510000         1.4041998268         2.5670405302         0.2293812686
        4.3953849000         1.3939905194         2.5619367752        -0.0365680283
        4.4003867000         1.3965428462         2.5619367752         0.0299192959
        4.4053991000         1.3965428462         2.5619367752         0.0299192959
        4.4103862000         1.3914381925         2.5542811429        -0.1030553526
        4.4154258000         1.3965428462         2.5619367752         0.0299192959
        4.4204227000         1.3939905194         2.5593848978        -0.0365680283
        4.4254065000         1.3939905194         2.5619367752        -0.0365680283
        4.4304232000         1.4041998268         2.5695924076         0.2293812686
        4.4354722000         1.3863335388         2.5568330203        -0.2360300010
        4.4404083000         1.3939905194         2.5644886527        -0.0365680283
        4.4454023000         1.3965428462         2.5619367752         0.0299192959
        4.4504046000         1.4041998268         2.5670405302         0.2293812686
        4.4553880000         1.3965428462         2.5619367752         0.0299192959
        4.4603962000         1.3965428462         2.5644886527         0.0299192959
        4.4654035000         1.3888858657         2.5568330203        -0.1695426768
        4.4703884000         1.4016475000         2.5670405302         0.1628939444
        4.4753949000         1.3965428462         2.5542811429         0.0299192959
        4.4803855000         1.4016475000         2.5695924076         0.1628939444
        4.4854202000         1.4016475000         2.5695924076         0.1628939444
        4.4903992000         1.3914381925         2.5568330203        -0.1030553526
        4.4953921000         1.4016475000         2.5695924076         0.1628939444
        4.5004064000         1.4016475000         2.5695924076         0.1628939444
        4.5054757000         1.3888858657         2.5568330203        -0.1695426768
        4.5103834000         1.3965428462         2.5644886527         0.0299192959
        4.5154868000         1.3965428462         2.5644886527         0.0299192959
        4.5204022000         1.3965428462         2.5670405302         0.0299192959
        4.5254021000         1.3965428462         2.5619367752         0.0299192959
        4.5303872000         1.3888858657         2.5568330203        -0.1695426768
        4.5354272000         1.4016475000         2.5670405302         0.1628939444
        4.5403811000         1.3965428462         2.5619367752         0.0299192959
        4.5453950000         1.3939905194         2.5619367752        -0.0365680283
        4.5504056000         1.3888858657         2.5593848978        -0.1695426768
        4.5553859000         1.3965428462         2.5619367752         0.0299192959
        4.5604246000         1.3888858657         2.5568330203        -0.1695426768
        4.5654266000         1.4016475000         2.5670405302         0.1628939444
        4.5704069000         1.3888858657         2.5568330203        -0.1695426768
        4.5753931000         1.3965428462         2.5619367752         0.0299192959
        4.5804065000         1.3965428462         2.5619367752         0.0299192959
        4.5853864000         1.3888858657         2.5568330203        -0.1695426768
        4.5904015000         1.4016475000         2.5695924076         0.1628939444
        4.5956226000         1.3965428462         2.5619367752         0.0299192959
        4.6003883000         1.3939905194         2.5644886527        -0.0365680283
        4.6053999000         1.3965428462         2.5619367752         0.0299192959
        4.6104098000         1.3965428462         2.5644886527         0.0299192959
        4.6154406000         1.4041998268         2.5644886527         0.2293812686
        4.6203963000         1.3939905194         2.5619367752        -0.0365680283
        4.6254130000         1.3888858657         2.5568330203        -0.1695426768
        4.6304123000         1.4016475000         2.5695924076         0.1628939444
        4.6354219000         1.3888858657         2.5568330203        -0.1695426768
        4.6404407000         1.4041998268         2.5644886527         0.2293812686
        4.6454141000         1.4016475000         2.5695924076         0.1628939444
        4.6505010000         1.3888858657         2.5568330203        -0.1695426768
        4.6554274000         1.4016475000         2.5670405302         0.1628939444
        4.6604896000         1.4016475000         2.5670405302         0.1628939444
        4.6654187000         1.3888858657         2.5568330203        -0.1695426768
        4.6704592000         1.3965428462         2.5619367752         0.0299192959
        4.6754491000         1.3939905194         2.5644886527        -0.0365680283
        4.6805503000         1.3888858657         2.5568330203        -0.1695426768
        4.6857781000         1.3965428462         2.5619367752         0.0299192959
        4.6905876000         1.3965428462         2.5619367752         0.0299192959
        4.6954057000         1.3965428462         2.5644886527         0.0299192959
        4.7003846000         1.3914381925         2.5568330203        -0.1030553526
        4.7053885000         1.4041998268         2.5695924076         0.2293812686
        4.7103927000         1.3888858657         2.5568330203        -0.1695426768
        4.7153858000         1.3965428462         2.5644886527         0.0299192959
        4.7203875000         1.3965428462         2.5619367752         0.0299192959
        4.7254013000         1.3965428462         2.5619367752         0.0299192959
        4.7303829000         1.4016475000         2.5695924076         0.1628939444
        4.7353894000         1.3888858657         2.5568330203        -0.1695426768
        4.7403929000         1.4016475000         2.5670405302         0.1628939444
        4.7453869000         1.3965428462         2.5644886527         0.0299192959
        4.7503940000         1.3965428462         2.5619367752         0.0299192959
        4.7554726000         1.4016475000         2.5670405302         0.1628939444
        4.7603900000         1.3888858657         2.5593848978        -0.1695426768
        4.7654043000         1.3990951731         2.5695924076         0.0964066201
        4.7703781000         1.3965428462         2.5619367752         0.0299192959
        4.7754455000         1.4016475000         2.5695924076         0.1628939444
        4.7804555000         1.3888858657         2.5568330203        -0.1695426768
        4.7854108000         1.3965428462         2.5619367752         0.0299192959
        4.7903934000         1.4016475000         2.5670405302         0.1628939444
        4.7954078000         1.3914381925         2.5593848978        -0.1030553526
        4.8003839000         1.3965428462         2.5619367752         0.0299192959
        4.8053924000         1.3939905194         2.5644886527        -0.0365680283
        4.8103981000         1.3965428462         2.5619367752         0.0299192959
        4.8153858000         1.3939905194         2.5619367752        -0.0365680283
        4.8203965000         1.3888858657         2.5568330203        -0.1695426768
        4.8253983000         1.3965428462         2.5619367752         0.0299192959
        4.8303880000         1.3965428462         2.5619367752         0.0299192959
        4.8353964000         1.3888858657         2.5542811429        -0.1695426768
        4.8404048000         1.3863335388         2.5568330203        -0.2360300010
        4.8453850000         1.4016475000         2.5670405302         0.1628939444
        4.8503978000         1.3939905194         2.5644886527        -0.0365680283
        4.8553977000         1.3888858657         2.5568330203        -0.1695426768
        4.8603870000         1.4041998268         2.5644886527         0.2293812686
        4.8653892000         1.3888858657         2.5568330203        -0.1695426768
        4.8703876000         1.4016475000         2.5695924076         0.1628939444
        4.8754108000         1.3965428462         2.5619367752         0.0299192959
        4.8804296000         1.3888858657         2.5568330203        -0.1695426768
        4.8854458000         1.3965428462         2.5619367752         0.0299192959
        4.8903954000         1.3965428462         2.5619367752         0.0299192959
        4.8953960000         1.3939905194         2.5619367752        -0.0365680283
        4.9003838000         1.4041998268         2.5670405302         0.2293812686
        4.9053849000         1.3888858657         2.5568330203        -0.1695426768
        4.9103996000         1.4016475000         2.5695924076         0.1628939444
        4.9153851000         1.3965428462         2.5644886527         0.0299192959
        4.9203867000         1.3888858657         2.5568330203        -0.1695426768
        4.9253962000         1.3990951731         2.5619367752         0.0964066201
        4.9304202000         1.3939905194         2.5644886527        -0.0365680283
        4.9353903000         1.4016475000         2.5670405302         0.1628939444
        4.9403830000         1.4041998268         2.5695924076         0.2293812686
        4.9454101000         1.3965428462         2.5619367752         0.0299192959
        4.9504785000         1.3965428462         2.5619367752         0.0299192959
        4.9554305000         1.3965428462         2.5619367752         0.0299192959
        4.9604154000         1.3965428462         2.5619367752         0.0299192959
        4.9654193000         1.3990951731         2.5695924076         0.0964066201
        4.9704017000         1.3965428462         2.5695924076         0.0299192959
        4.9754152000         1.3965428462         2.5619367752         0.0299192959
        4.9804040000         1.3965428462         2.5619367752         0.0299192959
        4.9854364000         1.3939905194         2.5619367752        -0.0365680283
        4.9904611000         1.3965428462         2.5619367752         0.0299192959
        4.9954183000         1.3965428462         2.5644886527         0.0299192959
        5.0005104000         1.3888858657         2.5593848978        -0.1695426768
